[0.003s][info][gc] Using G1
[0.340s][info][gc] GC(0) Pause Young (Concurrent Start) (G1 Humongous Allocation) 241M->3M(513M) 3.344ms
[0.340s][info][gc] GC(1) Concurrent Undo Cycle
[0.341s][info][gc] GC(1) Concurrent Undo Cycle 0.986ms
[0.426s][info][gc] GC(2) Pause Young (Normal) (G1 Evacuation Pause) 215M->2M(513M) 2.877ms
[1.698s][info][gc] GC(3) Pause Young (Concurrent Start) (Metadata GC Threshold) 312M->15M(513M) 10.832ms
[1.698s][info][gc] GC(4) Concurrent Mark Cycle
[1.731s][info][gc] GC(4) Pause Remark 16M->16M(512M) 3.200ms
[1.731s][info][gc] GC(4) Pause Cleanup 16M->16M(512M) 0.092ms
[1.733s][info][gc] GC(4) Concurrent Mark Cycle 34.831ms
[2.124s][info][gc] GC(5) Pause Young (Prepare Mixed) (G1 Evacuation Pause) 69M->33M(512M) 51.008ms
[2.175s][info][gc] GC(6) Pause Young (Mixed) (G1 Evacuation Pause) 50M->41M(512M) 19.768ms
[2.258s][info][gc] GC(7) Pause Young (Normal) (G1 Evacuation Pause) 62M->51M(512M) 28.051ms
[2.330s][info][gc] GC(8) Pause Young (Normal) (G1 Evacuation Pause) 79M->65M(1000M) 29.767ms
[2.444s][info][gc] GC(9) Pause Young (Normal) (G1 Evacuation Pause) 117M->91M(1000M) 46.966ms
[2.599s][info][gc] GC(10) Pause Young (Normal) (G1 Evacuation Pause) 134M->113M(1000M) 31.089ms
[2.793s][info][gc] GC(11) Pause Young (Normal) (G1 Evacuation Pause) 156M->137M(1000M) 42.055ms
[3.380s][info][gc] GC(12) Pause Young (Normal) (G1 Evacuation Pause) 180M->153M(1372M) 36.679ms
[3.434s][info][gc] GC(13) Pause Young (Concurrent Start) (Metadata GC Threshold) 156M->154M(1372M) 8.777ms
[3.434s][info][gc] GC(14) Concurrent Mark Cycle
[3.821s][info][gc] GC(14) Pause Remark 174M->170M(570M) 30.368ms
[4.051s][info][gc] GC(14) Pause Cleanup 185M->185M(570M) 0.544ms
[4.053s][info][gc] GC(14) Concurrent Mark Cycle 619.242ms
[4.323s][info][gc] GC(15) Pause Young (Prepare Mixed) (G1 Evacuation Pause) 263M->162M(570M) 40.967ms
[6.341s][info][gc] GC(16) Pause Young (Mixed) (G1 Evacuation Pause) 480M->214M(570M) 98.089ms
[6.546s][info][gc] GC(17) Pause Young (Normal) (G1 Evacuation Pause) 335M->253M(570M) 82.159ms
[6.731s][info][gc] GC(18) Pause Young (Concurrent Start) (Metadata GC Threshold) 267M->258M(570M) 41.703ms
[6.731s][info][gc] GC(19) Concurrent Mark Cycle
[7.034s][info][gc] GC(19) Pause Remark 259M->253M(570M) 10.436ms
[7.248s][info][gc] GC(19) Pause Cleanup 255M->255M(570M) 0.730ms
[7.256s][info][gc] GC(19) Concurrent Mark Cycle 524.271ms
[9.347s][info][gc] GC(20) Pause Young (Prepare Mixed) (G1 Evacuation Pause) 419M->280M(570M) 57.358ms
[10.178s][info][gc] GC(21) Pause Young (Mixed) (G1 Evacuation Pause) 438M->278M(570M) 28.794ms
[11.025s][info][gc] GC(22) Pause Young (Mixed) (G1 Evacuation Pause) 462M->237M(570M) 61.430ms
[11.985s][info][gc] GC(23) Pause Young (Concurrent Start) (G1 Humongous Allocation) 458M->254M(885M) 42.813ms
[11.986s][info][gc] GC(24) Concurrent Undo Cycle
[11.994s][info][gc] GC(24) Concurrent Undo Cycle 7.504ms
[13.660s][info][gc] GC(25) Pause Young (Concurrent Start) (Metadata GC Threshold) 537M->267M(885M) 73.006ms
[13.660s][info][gc] GC(26) Concurrent Mark Cycle
[14.197s][info][gc] GC(26) Pause Remark 412M->411M(885M) 22.871ms
[14.420s][info][gc] GC(26) Pause Cleanup 434M->434M(885M) 0.398ms
[14.425s][info][gc] GC(26) Concurrent Mark Cycle 764.965ms
[17.447s][info][gc] GC(27) Pause Young (Prepare Mixed) (G1 Evacuation Pause) 542M->273M(885M) 48.685ms
[30.892s][info][gc] GC(28) Pause Young (Mixed) (G1 Evacuation Pause) 728M->295M(885M) 66.136ms
[33.739s][info][gc] GC(29) Pause Young (Concurrent Start) (G1 Evacuation Pause) 687M->306M(885M) 81.195ms
[33.739s][info][gc] GC(30) Concurrent Mark Cycle
[34.739s][info][gc] GC(30) Pause Remark 357M->348M(885M) 49.368ms
[35.271s][info][gc] GC(30) Pause Cleanup 402M->402M(885M) 5.443ms
[35.277s][info][gc] GC(30) Concurrent Mark Cycle 1537.657ms
[38.377s][info][gc] GC(31) Pause Young (Prepare Mixed) (G1 Evacuation Pause) 762M->313M(885M) 43.612ms
[42.367s][info][gc] GC(32) Pause Young (Mixed) (G1 Evacuation Pause) 786M->328M(885M) 47.863ms
[50.724s][info][gc] GC(33) Pause Young (Concurrent Start) (G1 Evacuation Pause) 785M->338M(885M) 46.032ms
[50.724s][info][gc] GC(34) Concurrent Mark Cycle
[51.073s][info][gc] GC(34) Pause Remark 340M->340M(885M) 44.010ms
[51.273s][info][gc] GC(34) Pause Cleanup 341M->341M(885M) 0.326ms
[51.275s][info][gc] GC(34) Concurrent Mark Cycle 551.401ms
[55.590s][info][gc] GC(35) Pause Young (Prepare Mixed) (G1 Evacuation Pause) 803M->342M(885M) 32.186ms
