2026-09-24T03:13:19.8952065Z Current runner version: '2.337.0'
2026-09-24T03:13:19.8971528Z ##[group]Runner Image Provisioner
2026-09-24T03:13:19.8972168Z Hosted Compute Agent
2026-09-24T03:13:19.8972520Z Version: 20260828.587
2026-09-24T03:13:19.8972913Z Commit: abac92662cab4cc7352de4f9f9d2e2419aad9c29
2026-09-24T03:13:19.8973382Z Build Date: 2026-08-28T16:44:25Z
2026-09-24T03:13:19.8973783Z Worker ID: {1ff60831-8449-4eeb-be8a-8636bb43b4e6}
2026-09-24T03:13:19.8974232Z Azure Region: centralus
2026-09-24T03:13:19.8974605Z ##[endgroup]
2026-09-24T03:13:19.8975417Z ##[group]Operating System
2026-09-24T03:13:19.8975829Z Ubuntu
2026-09-24T03:13:19.8976145Z 24.04.5
2026-09-24T03:13:19.8976474Z LTS
2026-09-24T03:13:19.8976795Z ##[endgroup]
2026-09-24T03:13:19.8977152Z ##[group]Runner Image
2026-09-24T03:13:19.8977529Z Image: ubuntu-24.04
2026-09-24T03:13:19.8977864Z Version: 20260907.300.1
2026-09-24T03:13:19.8978799Z Included Software: https://github.com/actions/runner-images/blob/ubuntu24/20260907.300/images/ubuntu/Ubuntu2404-Readme.md
2026-09-24T03:13:19.8979671Z Image Release: https://github.com/actions/runner-images/releases/tag/ubuntu24%2F20260907.300
2026-09-24T03:13:19.8980242Z ##[endgroup]
2026-09-24T03:13:19.8980903Z ##[group]GITHUB_TOKEN Permissions
2026-09-24T03:13:19.8982096Z Contents: read
2026-09-24T03:13:19.8982436Z Metadata: read
2026-09-24T03:13:19.8982861Z ##[endgroup]
2026-09-24T03:13:19.8984149Z Secret source: Actions
2026-09-24T03:13:19.8984653Z Cache mode: write
2026-09-24T03:13:19.8985127Z Prepare workflow directory
2026-09-24T03:13:19.9186344Z Prepare all required actions
2026-09-24T03:13:19.9218625Z Getting action download info
2026-09-24T03:13:20.1700677Z Download action repository 'actions/checkout@v4' (SHA:11d5960a326750d5838078e36cf38b85af677262)
2026-09-24T03:13:20.2876382Z Download action repository 'dtolnay/rust-toolchain@stable' (SHA:6bed0761d98439e5a578e2877258200ad565ba87)
2026-09-24T03:13:20.4524128Z Download action repository 'Swatinem/rust-cache@v2' (SHA:6323deb102c322ba6fcbdcafc7e3dddab59af2b6)
2026-09-24T03:13:20.9166722Z Download action repository 'actions/setup-java@v4' (SHA:cf277c60eb25467037889841efdb72551f06f6c3)
2026-09-24T03:13:21.4858000Z Download action repository 'actions/upload-artifact@v4' (SHA:ea165f8d65b6e75b540449e92b4886f43607fa02)
2026-09-24T03:13:22.0596787Z Complete job name: world-bench
2026-09-24T03:13:22.1884784Z ##[group]Run actions/checkout@v4
2026-09-24T03:13:22.1885385Z with:
2026-09-24T03:13:22.1885523Z   repository: PLANETA9091/c-crussty
2026-09-24T03:13:22.1887387Z   token: ***
2026-09-24T03:13:22.1887573Z   ssh-strict: true
2026-09-24T03:13:22.1887777Z   ssh-user: git
2026-09-24T03:13:22.1887988Z   persist-credentials: true
2026-09-24T03:13:22.1888330Z   clean: true
2026-09-24T03:13:22.1888532Z   sparse-checkout-cone-mode: true
2026-09-24T03:13:22.1888750Z   fetch-depth: 1
2026-09-24T03:13:22.1888939Z   fetch-tags: false
2026-09-24T03:13:22.1889137Z   show-progress: true
2026-09-24T03:13:22.1889336Z   lfs: false
2026-09-24T03:13:22.1889509Z   submodules: false
2026-09-24T03:13:22.1889706Z   set-safe-directory: true
2026-09-24T03:13:22.1889920Z   allow-unsafe-pr-checkout: false
2026-09-24T03:13:22.1890314Z ##[endgroup]
2026-09-24T03:13:22.2598005Z Syncing repository: PLANETA9091/c-crussty
2026-09-24T03:13:22.2599299Z ##[group]Getting Git version info
2026-09-24T03:13:22.2599827Z Working directory is '/home/runner/work/c-crussty/c-crussty'
2026-09-24T03:13:22.2600296Z [command]/usr/bin/git version
2026-09-24T03:13:22.2671871Z git version 2.55.0
2026-09-24T03:13:22.2684293Z ##[endgroup]
2026-09-24T03:13:22.2697140Z Temporarily overriding HOME='/home/runner/work/_temp/e630aa6e-db16-4406-8122-ae409794a851' before making global git config changes
2026-09-24T03:13:22.2697794Z Adding repository directory to the temporary git global config as a safe directory
2026-09-24T03:13:22.2701107Z [command]/usr/bin/git config --global --add safe.directory /home/runner/work/c-crussty/c-crussty
2026-09-24T03:13:22.2790130Z Deleting the contents of '/home/runner/work/c-crussty/c-crussty'
2026-09-24T03:13:22.2809195Z ##[group]Initializing the repository
2026-09-24T03:13:22.2809598Z [command]/usr/bin/git init /home/runner/work/c-crussty/c-crussty
2026-09-24T03:13:22.3892699Z hint: Using 'master' as the name for the initial branch. This default branch name
2026-09-24T03:13:22.3893681Z hint: will change to "main" in Git 3.0. To configure the initial branch name
2026-09-24T03:13:22.3893962Z hint: to use in all of your new repositories, which will suppress this warning,
2026-09-24T03:13:22.3894176Z hint: call:
2026-09-24T03:13:22.3894322Z hint:
2026-09-24T03:13:22.3894571Z hint: 	git config --global init.defaultBranch <name>
2026-09-24T03:13:22.3894837Z hint:
2026-09-24T03:13:22.3895090Z hint: Names commonly chosen instead of 'master' are 'main', 'trunk' and
2026-09-24T03:13:22.3895493Z hint: 'development'. The just-created branch can be renamed via this command:
2026-09-24T03:13:22.3895782Z hint:
2026-09-24T03:13:22.3895899Z hint: 	git branch -m <name>
2026-09-24T03:13:22.3896027Z hint:
2026-09-24T03:13:22.3896200Z hint: Disable this message with "git config set advice.defaultBranchName false"
2026-09-24T03:13:22.3896517Z Initialized empty Git repository in /home/runner/work/c-crussty/c-crussty/.git/
2026-09-24T03:13:22.3904602Z [command]/usr/bin/git remote add origin https://github.com/PLANETA9091/c-crussty
2026-09-24T03:13:22.4603028Z ##[endgroup]
2026-09-24T03:13:22.4603444Z ##[group]Disabling automatic garbage collection
2026-09-24T03:13:22.4606942Z [command]/usr/bin/git config --local gc.auto 0
2026-09-24T03:13:22.5273535Z ##[endgroup]
2026-09-24T03:13:22.5273853Z ##[group]Setting up auth
2026-09-24T03:13:22.5281603Z [command]/usr/bin/git config --local --name-only --get-regexp core\.sshCommand
2026-09-24T03:13:22.5315849Z [command]/usr/bin/git submodule foreach --recursive sh -c "git config --local --name-only --get-regexp 'core\.sshCommand' && git config --local --unset-all 'core.sshCommand' || :"
2026-09-24T03:13:22.5618366Z [command]/usr/bin/git config --local --name-only --get-regexp http\.https\:\/\/github\.com\/\.extraheader
2026-09-24T03:13:22.5647981Z [command]/usr/bin/git submodule foreach --recursive sh -c "git config --local --name-only --get-regexp 'http\.https\:\/\/github\.com\/\.extraheader' && git config --local --unset-all 'http.https://github.com/.extraheader' || :"
2026-09-24T03:13:22.5827112Z [command]/usr/bin/git config --local --name-only --get-regexp ^includeIf\.gitdir:
2026-09-24T03:13:22.5855540Z [command]/usr/bin/git submodule foreach --recursive git config --local --show-origin --name-only --get-regexp remote.origin.url
2026-09-24T03:13:22.6026515Z [command]/usr/bin/git config --local http.https://github.com/.extraheader AUTHORIZATION: basic ***
2026-09-24T03:13:22.6180328Z ##[endgroup]
2026-09-24T03:13:22.6180763Z ##[group]Fetching the repository
2026-09-24T03:13:22.6186880Z [command]/usr/bin/git -c protocol.version=2 fetch --no-tags --prune --no-recurse-submodules --depth=1 origin +6db49fbf3b9ad0504411ef71a5d74bcf9b435bc1:refs/remotes/origin/round-440-anchor-1
2026-09-24T03:13:31.0660793Z From https://github.com/PLANETA9091/c-crussty
2026-09-24T03:13:31.0661436Z  * [new ref]         6db49fbf3b9ad0504411ef71a5d74bcf9b435bc1 -> origin/round-440-anchor-1
2026-09-24T03:13:31.0663829Z ##[endgroup]
2026-09-24T03:13:31.0664175Z ##[group]Determining the checkout info
2026-09-24T03:13:31.0666128Z ##[endgroup]
2026-09-24T03:13:31.0671904Z [command]/usr/bin/git sparse-checkout disable
2026-09-24T03:13:31.0722470Z [command]/usr/bin/git config --local --unset-all extensions.worktreeConfig
2026-09-24T03:13:31.0748015Z ##[group]Checking out the ref
2026-09-24T03:13:31.0751900Z [command]/usr/bin/git checkout --progress --force -B round-440-anchor-1 refs/remotes/origin/round-440-anchor-1
2026-09-24T03:13:31.5656417Z Switched to a new branch 'round-440-anchor-1'
2026-09-24T03:13:31.5660622Z branch 'round-440-anchor-1' set up to track 'origin/round-440-anchor-1'.
2026-09-24T03:13:31.5689430Z ##[endgroup]
2026-09-24T03:13:31.5723407Z [command]/usr/bin/git log -1 --format=%H
2026-09-24T03:13:31.5746315Z 6db49fbf3b9ad0504411ef71a5d74bcf9b435bc1
2026-09-24T03:13:31.5928811Z ##[group]Run set -euo pipefail
2026-09-24T03:13:31.5929053Z [36;1mset -euo pipefail[0m
2026-09-24T03:13:31.5929200Z [36;1mIDX=$(python3 -c '[0m
2026-09-24T03:13:31.5929333Z [36;1mimport time[0m
2026-09-24T03:13:31.5929456Z [36;1mt=time.time(); x=1[0m
2026-09-24T03:13:31.5929593Z [36;1mfor _ in range(6000000):[0m
2026-09-24T03:13:31.5929757Z [36;1m    x=(x*1103515245+12345)&0x7fffffff[0m
2026-09-24T03:13:31.5929936Z [36;1mprint(f"{6000000/(time.time()-t):.0f}")')[0m
2026-09-24T03:13:31.5930137Z [36;1mecho "runner_cpu_index=$IDX band=[6000000,9500000]"[0m
2026-09-24T03:13:31.5930360Z [36;1mif [ "$IDX" -lt "6000000" ] || [ "$IDX" -gt "9500000" ]; then[0m
2026-09-24T03:13:31.5930706Z [36;1m  echo "::notice::runner_cpu_index=$IDX OUTSIDE band — fast-fail pre-download (pairing discard, not a bench failure)"[0m
2026-09-24T03:13:31.5930993Z [36;1m  exit 1[0m
2026-09-24T03:13:31.5931109Z [36;1mfi[0m
2026-09-24T03:13:31.5962503Z shell: /usr/bin/bash -e {0}
2026-09-24T03:13:31.5962717Z ##[endgroup]
2026-09-24T03:13:32.1419471Z runner_cpu_index=11392823 band=[6000000,9500000]
2026-09-24T03:13:32.1435105Z ##[notice]runner_cpu_index=11392823 OUTSIDE band — fast-fail pre-download (pairing discard, not a bench failure)
2026-09-24T03:13:32.1443795Z ##[error]Process completed with exit code 1.
2026-09-24T03:13:32.1518320Z ##[group]Run actions/upload-artifact@v4
2026-09-24T03:13:32.1518488Z with:
2026-09-24T03:13:32.1518615Z   name: world3-bench
2026-09-24T03:13:32.1519511Z   path: world3-run/BOTTLENECKS_3.md
world3-run/cpu-collapsed.txt
world3-run/wall-collapsed.txt
world3-run/alloc-collapsed.txt
world3-run/cpu-flamegraph.html
world3-run/server-stdout.log
world3-run/gc.log
world3-run/remset.log
world3-run/refine.log
world3-run/recon.jfr
world3-run/ap.log
world3-run/run-env.txt
world3-run/pclip-materialize.log
world3-run/chunk-parse-diag.txt
world3-run/entity-recon.txt
world3-run/patched-kernel.jar
world3-run/spark-report/

2026-09-24T03:13:32.1520440Z   if-no-files-found: warn
2026-09-24T03:13:32.1520580Z   compression-level: 6
2026-09-24T03:13:32.1520705Z   overwrite: false
2026-09-24T03:13:32.1520831Z   include-hidden-files: false
2026-09-24T03:13:32.1520972Z ##[endgroup]
2026-09-24T03:13:32.2588348Z (node:2047) [DEP0040] DeprecationWarning: The `punycode` module is deprecated. Please use a userland alternative instead.
2026-09-24T03:13:32.2589031Z (Use `node --trace-deprecation ...` to show where the warning was created)
2026-09-24T03:13:32.2658285Z Multiple search paths detected. Calculating the least common ancestor of all paths
2026-09-24T03:13:32.2663055Z The least common ancestor is /home/runner/work/c-crussty/c-crussty/world3-run. This will be the root directory of the artifact
2026-09-24T03:13:32.2669088Z ##[warning]No files were found with the provided path: world3-run/BOTTLENECKS_3.md
world3-run/cpu-collapsed.txt
world3-run/wall-collapsed.txt
world3-run/alloc-collapsed.txt
world3-run/cpu-flamegraph.html
world3-run/server-stdout.log
world3-run/gc.log
world3-run/remset.log
world3-run/refine.log
world3-run/recon.jfr
world3-run/ap.log
world3-run/run-env.txt
world3-run/pclip-materialize.log
world3-run/chunk-parse-diag.txt
world3-run/entity-recon.txt
world3-run/patched-kernel.jar
world3-run/spark-report/. No artifacts will be uploaded.
2026-09-24T03:13:32.2845845Z Post job cleanup.
2026-09-24T03:13:32.3417105Z [command]/usr/bin/git version
2026-09-24T03:13:32.3450117Z git version 2.55.0
2026-09-24T03:13:32.3476295Z Temporarily overriding HOME='/home/runner/work/_temp/cefb627d-4935-4316-950a-cef2eaac2c4f' before making global git config changes
2026-09-24T03:13:32.3476720Z Adding repository directory to the temporary git global config as a safe directory
2026-09-24T03:13:32.3480199Z [command]/usr/bin/git config --global --add safe.directory /home/runner/work/c-crussty/c-crussty
2026-09-24T03:13:32.3513125Z [command]/usr/bin/git config --local --name-only --get-regexp core\.sshCommand
2026-09-24T03:13:32.3540932Z [command]/usr/bin/git submodule foreach --recursive sh -c "git config --local --name-only --get-regexp 'core\.sshCommand' && git config --local --unset-all 'core.sshCommand' || :"
2026-09-24T03:13:32.3746122Z [command]/usr/bin/git config --local --name-only --get-regexp http\.https\:\/\/github\.com\/\.extraheader
2026-09-24T03:13:32.3772627Z http.https://github.com/.extraheader
2026-09-24T03:13:32.3781571Z [command]/usr/bin/git config --local --unset-all http.https://github.com/.extraheader
2026-09-24T03:13:32.3808951Z [command]/usr/bin/git submodule foreach --recursive sh -c "git config --local --name-only --get-regexp 'http\.https\:\/\/github\.com\/\.extraheader' && git config --local --unset-all 'http.https://github.com/.extraheader' || :"
2026-09-24T03:13:32.4023011Z [command]/usr/bin/git config --local --name-only --get-regexp ^includeIf\.gitdir:
2026-09-24T03:13:32.4055422Z [command]/usr/bin/git submodule foreach --recursive git config --local --show-origin --name-only --get-regexp remote.origin.url
2026-09-24T03:13:32.4357690Z Cleaning up orphan processes
2026-09-24T03:13:32.4554222Z ##[warning]Node.js 20 is deprecated. The following actions target Node.js 20 but are being forced to run on Node.js 24: actions/checkout@v4, actions/upload-artifact@v4. For more information see: https://github.blog/changelog/2025-09-19-deprecation-of-node-20-on-github-actions-runners/
