2026-09-24T22:16:27.5958085Z Current runner version: '2.337.0'
2026-09-24T22:16:27.5976700Z ##[group]Runner Image Provisioner
2026-09-24T22:16:27.5977308Z Hosted Compute Agent
2026-09-24T22:16:27.5977653Z Version: 20260828.587
2026-09-24T22:16:27.5978016Z Commit: abac92662cab4cc7352de4f9f9d2e2419aad9c29
2026-09-24T22:16:27.5978528Z Build Date: 2026-08-28T16:44:25Z
2026-09-24T22:16:27.5978936Z Worker ID: {7af81254-4b13-4bcf-91d7-1cc2be45beb8}
2026-09-24T22:16:27.5979424Z Azure Region: westus2
2026-09-24T22:16:27.5979765Z ##[endgroup]
2026-09-24T22:16:27.5980505Z ##[group]Operating System
2026-09-24T22:16:27.5980943Z Ubuntu
2026-09-24T22:16:27.5981258Z 24.04.5
2026-09-24T22:16:27.5981833Z LTS
2026-09-24T22:16:27.5982152Z ##[endgroup]
2026-09-24T22:16:27.5982476Z ##[group]Runner Image
2026-09-24T22:16:27.5982887Z Image: ubuntu-24.04
2026-09-24T22:16:27.5983224Z Version: 20260920.314.1
2026-09-24T22:16:27.5984008Z Included Software: https://github.com/actions/runner-images/blob/ubuntu24/20260920.314/images/ubuntu/Ubuntu2404-Readme.md
2026-09-24T22:16:27.5984870Z Image Release: https://github.com/actions/runner-images/releases/tag/ubuntu24%2F20260920.314
2026-09-24T22:16:27.5985483Z ##[endgroup]
2026-09-24T22:16:27.5986142Z ##[group]GITHUB_TOKEN Permissions
2026-09-24T22:16:27.5987429Z Contents: read
2026-09-24T22:16:27.5987797Z Metadata: read
2026-09-24T22:16:27.5988198Z ##[endgroup]
2026-09-24T22:16:27.5989532Z Secret source: Actions
2026-09-24T22:16:27.5990045Z Cache mode: write
2026-09-24T22:16:27.5990515Z Prepare workflow directory
2026-09-24T22:16:27.6601646Z Prepare all required actions
2026-09-24T22:16:27.6634137Z Getting action download info
2026-09-24T22:16:28.0286756Z Download action repository 'actions/checkout@v4' (SHA:11d5960a326750d5838078e36cf38b85af677262)
2026-09-24T22:16:28.2971038Z Download action repository 'dtolnay/rust-toolchain@stable' (SHA:6bed0761d98439e5a578e2877258200ad565ba87)
2026-09-24T22:16:28.4635512Z Download action repository 'Swatinem/rust-cache@v2' (SHA:6323deb102c322ba6fcbdcafc7e3dddab59af2b6)
2026-09-24T22:16:28.7105406Z Download action repository 'actions/setup-java@v4' (SHA:cf277c60eb25467037889841efdb72551f06f6c3)
2026-09-24T22:16:29.0815441Z Download action repository 'actions/upload-artifact@v4' (SHA:ea165f8d65b6e75b540449e92b4886f43607fa02)
2026-09-24T22:16:29.6164354Z Complete job name: world-bench
2026-09-24T22:16:29.7504788Z ##[group]Run actions/checkout@v4
2026-09-24T22:16:29.7505553Z with:
2026-09-24T22:16:29.7506059Z   repository: PLANETA9091/c-crussty
2026-09-24T22:16:29.7510711Z   token: ***
2026-09-24T22:16:29.7511194Z   ssh-strict: true
2026-09-24T22:16:29.7511811Z   ssh-user: git
2026-09-24T22:16:29.7512320Z   persist-credentials: true
2026-09-24T22:16:29.7512865Z   clean: true
2026-09-24T22:16:29.7513382Z   sparse-checkout-cone-mode: true
2026-09-24T22:16:29.7513969Z   fetch-depth: 1
2026-09-24T22:16:29.7514466Z   fetch-tags: false
2026-09-24T22:16:29.7514970Z   show-progress: true
2026-09-24T22:16:29.7515502Z   lfs: false
2026-09-24T22:16:29.7516006Z   submodules: false
2026-09-24T22:16:29.7516552Z   set-safe-directory: true
2026-09-24T22:16:29.7517142Z   allow-unsafe-pr-checkout: false
2026-09-24T22:16:29.7517813Z ##[endgroup]
2026-09-24T22:16:29.8206678Z Syncing repository: PLANETA9091/c-crussty
2026-09-24T22:16:29.8208827Z ##[group]Getting Git version info
2026-09-24T22:16:29.8209698Z Working directory is '/home/runner/work/c-crussty/c-crussty'
2026-09-24T22:16:29.8210814Z [command]/usr/bin/git version
2026-09-24T22:16:29.8867514Z git version 2.55.0
2026-09-24T22:16:29.8882413Z ##[endgroup]
2026-09-24T22:16:29.8894815Z Temporarily overriding HOME='/home/runner/work/_temp/c5c86450-6ea6-40c2-9974-a0646761fd4c' before making global git config changes
2026-09-24T22:16:29.8897273Z Adding repository directory to the temporary git global config as a safe directory
2026-09-24T22:16:29.8899334Z [command]/usr/bin/git config --global --add safe.directory /home/runner/work/c-crussty/c-crussty
2026-09-24T22:16:29.9012747Z Deleting the contents of '/home/runner/work/c-crussty/c-crussty'
2026-09-24T22:16:29.9016245Z ##[group]Initializing the repository
2026-09-24T22:16:29.9019798Z [command]/usr/bin/git init /home/runner/work/c-crussty/c-crussty
2026-09-24T22:16:29.9119919Z hint: Using 'master' as the name for the initial branch. This default branch name
2026-09-24T22:16:29.9121236Z hint: will change to "main" in Git 3.0. To configure the initial branch name
2026-09-24T22:16:29.9122523Z hint: to use in all of your new repositories, which will suppress this warning,
2026-09-24T22:16:29.9123415Z hint: call:
2026-09-24T22:16:29.9124168Z hint:
2026-09-24T22:16:29.9124841Z hint: 	git config --global init.defaultBranch <name>
2026-09-24T22:16:29.9125604Z hint:
2026-09-24T22:16:29.9126372Z hint: Names commonly chosen instead of 'master' are 'main', 'trunk' and
2026-09-24T22:16:29.9127982Z hint: 'development'. The just-created branch can be renamed via this command:
2026-09-24T22:16:29.9128971Z hint:
2026-09-24T22:16:29.9129666Z hint: 	git branch -m <name>
2026-09-24T22:16:29.9130612Z hint:
2026-09-24T22:16:29.9132050Z hint: Disable this message with "git config set advice.defaultBranchName false"
2026-09-24T22:16:29.9134063Z Initialized empty Git repository in /home/runner/work/c-crussty/c-crussty/.git/
2026-09-24T22:16:29.9138926Z [command]/usr/bin/git remote add origin https://github.com/PLANETA9091/c-crussty
2026-09-24T22:16:29.9186104Z ##[endgroup]
2026-09-24T22:16:29.9187513Z ##[group]Disabling automatic garbage collection
2026-09-24T22:16:29.9188761Z [command]/usr/bin/git config --local gc.auto 0
2026-09-24T22:16:29.9219210Z ##[endgroup]
2026-09-24T22:16:29.9220504Z ##[group]Setting up auth
2026-09-24T22:16:29.9224490Z [command]/usr/bin/git config --local --name-only --get-regexp core\.sshCommand
2026-09-24T22:16:29.9253873Z [command]/usr/bin/git submodule foreach --recursive sh -c "git config --local --name-only --get-regexp 'core\.sshCommand' && git config --local --unset-all 'core.sshCommand' || :"
2026-09-24T22:16:30.0214668Z [command]/usr/bin/git config --local --name-only --get-regexp http\.https\:\/\/github\.com\/\.extraheader
2026-09-24T22:16:30.0248347Z [command]/usr/bin/git submodule foreach --recursive sh -c "git config --local --name-only --get-regexp 'http\.https\:\/\/github\.com\/\.extraheader' && git config --local --unset-all 'http.https://github.com/.extraheader' || :"
2026-09-24T22:16:30.0434014Z [command]/usr/bin/git config --local --name-only --get-regexp ^includeIf\.gitdir:
2026-09-24T22:16:30.0464957Z [command]/usr/bin/git submodule foreach --recursive git config --local --show-origin --name-only --get-regexp remote.origin.url
2026-09-24T22:16:30.0646789Z [command]/usr/bin/git config --local http.https://github.com/.extraheader AUTHORIZATION: basic ***
2026-09-24T22:16:30.0682099Z ##[endgroup]
2026-09-24T22:16:30.0683057Z ##[group]Fetching the repository
2026-09-24T22:16:30.0688976Z [command]/usr/bin/git -c protocol.version=2 fetch --no-tags --prune --no-recurse-submodules --depth=1 origin +d02a29777eda74eb9e9d48430ee382baa59147e3:refs/remotes/origin/round-450-anchor-42
2026-09-24T22:16:42.4255272Z From https://github.com/PLANETA9091/c-crussty
2026-09-24T22:16:42.4256384Z  * [new ref]         d02a29777eda74eb9e9d48430ee382baa59147e3 -> origin/round-450-anchor-42
2026-09-24T22:16:42.4258957Z ##[endgroup]
2026-09-24T22:16:42.4267211Z ##[group]Determining the checkout info
2026-09-24T22:16:42.4268568Z ##[endgroup]
2026-09-24T22:16:42.4269042Z [command]/usr/bin/git sparse-checkout disable
2026-09-24T22:16:42.4517085Z [command]/usr/bin/git config --local --unset-all extensions.worktreeConfig
2026-09-24T22:16:42.4613249Z ##[group]Checking out the ref
2026-09-24T22:16:42.4613989Z [command]/usr/bin/git checkout --progress --force -B round-450-anchor-42 refs/remotes/origin/round-450-anchor-42
2026-09-24T22:16:43.4238826Z Switched to a new branch 'round-450-anchor-42'
2026-09-24T22:16:43.4253213Z branch 'round-450-anchor-42' set up to track 'origin/round-450-anchor-42'.
2026-09-24T22:16:43.4292390Z ##[endgroup]
2026-09-24T22:16:43.5139268Z [command]/usr/bin/git log -1 --format=%H
2026-09-24T22:16:43.5168722Z d02a29777eda74eb9e9d48430ee382baa59147e3
2026-09-24T22:16:43.5939821Z ##[group]Run set -euo pipefail
2026-09-24T22:16:43.5940103Z [36;1mset -euo pipefail[0m
2026-09-24T22:16:43.5940253Z [36;1mIDX=$(python3 -c '[0m
2026-09-24T22:16:43.5940394Z [36;1mimport time[0m
2026-09-24T22:16:43.5940528Z [36;1mt=time.time(); x=1[0m
2026-09-24T22:16:43.5940675Z [36;1mfor _ in range(6000000):[0m
2026-09-24T22:16:43.5940847Z [36;1m    x=(x*1103515245+12345)&0x7fffffff[0m
2026-09-24T22:16:43.5941039Z [36;1mprint(f"{6000000/(time.time()-t):.0f}")')[0m
2026-09-24T22:16:43.5941243Z [36;1mecho "runner_cpu_index=$IDX band=[6000000,9500000]"[0m
2026-09-24T22:16:43.5941677Z [36;1mif [ "$IDX" -lt "6000000" ] || [ "$IDX" -gt "9500000" ]; then[0m
2026-09-24T22:16:43.5942035Z [36;1m  echo "::notice::runner_cpu_index=$IDX OUTSIDE band — fast-fail pre-download (pairing discard, not a bench failure)"[0m
2026-09-24T22:16:43.5942329Z [36;1m  exit 1[0m
2026-09-24T22:16:43.5942459Z [36;1mfi[0m
2026-09-24T22:16:43.7217469Z shell: /usr/bin/bash -e {0}
2026-09-24T22:16:43.7217783Z ##[endgroup]
2026-09-24T22:16:44.3481766Z runner_cpu_index=10517162 band=[6000000,9500000]
2026-09-24T22:16:44.3496526Z ##[notice]runner_cpu_index=10517162 OUTSIDE band — fast-fail pre-download (pairing discard, not a bench failure)
2026-09-24T22:16:44.3504573Z ##[error]Process completed with exit code 1.
2026-09-24T22:16:44.3828088Z ##[group]Run actions/upload-artifact@v4
2026-09-24T22:16:44.3828282Z with:
2026-09-24T22:16:44.3828402Z   name: world3-bench
2026-09-24T22:16:44.3829266Z   path: world3-run/BOTTLENECKS_3.md
world3-run/cpu-collapsed.txt
world3-run/wall-collapsed.txt
world3-run/alloc-collapsed.txt
world3-run/cpu-flamegraph.html
world3-run/server-stdout.log
world3-run/gc.log
world3-run/remset.log
world3-run/refine.log
world3-run/recon.jfr
world3-run/ap.log
world3-run/run-env.txt
world3-run/pclip-materialize.log
world3-run/chunk-parse-diag.txt
world3-run/entity-recon.txt
world3-run/patched-kernel.jar
world3-run/spark-report/

2026-09-24T22:16:44.3830180Z   if-no-files-found: warn
2026-09-24T22:16:44.3830320Z   compression-level: 6
2026-09-24T22:16:44.3830449Z   overwrite: false
2026-09-24T22:16:44.3830577Z   include-hidden-files: false
2026-09-24T22:16:44.3830720Z ##[endgroup]
2026-09-24T22:16:44.4929726Z (node:2035) [DEP0040] DeprecationWarning: The `punycode` module is deprecated. Please use a userland alternative instead.
2026-09-24T22:16:44.4930495Z (Use `node --trace-deprecation ...` to show where the warning was created)
2026-09-24T22:16:44.4972789Z Multiple search paths detected. Calculating the least common ancestor of all paths
2026-09-24T22:16:44.4976131Z The least common ancestor is /home/runner/work/c-crussty/c-crussty/world3-run. This will be the root directory of the artifact
2026-09-24T22:16:44.4983023Z ##[warning]No files were found with the provided path: world3-run/BOTTLENECKS_3.md
world3-run/cpu-collapsed.txt
world3-run/wall-collapsed.txt
world3-run/alloc-collapsed.txt
world3-run/cpu-flamegraph.html
world3-run/server-stdout.log
world3-run/gc.log
world3-run/remset.log
world3-run/refine.log
world3-run/recon.jfr
world3-run/ap.log
world3-run/run-env.txt
world3-run/pclip-materialize.log
world3-run/chunk-parse-diag.txt
world3-run/entity-recon.txt
world3-run/patched-kernel.jar
world3-run/spark-report/. No artifacts will be uploaded.
2026-09-24T22:16:44.5378975Z Post job cleanup.
2026-09-24T22:16:44.5924340Z [command]/usr/bin/git version
2026-09-24T22:16:44.5956943Z git version 2.55.0
2026-09-24T22:16:44.5981500Z Temporarily overriding HOME='/home/runner/work/_temp/d9d8d77c-f38c-4aea-8344-e48c64f2678f' before making global git config changes
2026-09-24T22:16:44.5982253Z Adding repository directory to the temporary git global config as a safe directory
2026-09-24T22:16:44.5984726Z [command]/usr/bin/git config --global --add safe.directory /home/runner/work/c-crussty/c-crussty
2026-09-24T22:16:44.6019654Z [command]/usr/bin/git config --local --name-only --get-regexp core\.sshCommand
2026-09-24T22:16:44.6048503Z [command]/usr/bin/git submodule foreach --recursive sh -c "git config --local --name-only --get-regexp 'core\.sshCommand' && git config --local --unset-all 'core.sshCommand' || :"
2026-09-24T22:16:44.6294280Z [command]/usr/bin/git config --local --name-only --get-regexp http\.https\:\/\/github\.com\/\.extraheader
2026-09-24T22:16:44.6317632Z http.https://github.com/.extraheader
2026-09-24T22:16:44.6327744Z [command]/usr/bin/git config --local --unset-all http.https://github.com/.extraheader
2026-09-24T22:16:44.6362437Z [command]/usr/bin/git submodule foreach --recursive sh -c "git config --local --name-only --get-regexp 'http\.https\:\/\/github\.com\/\.extraheader' && git config --local --unset-all 'http.https://github.com/.extraheader' || :"
2026-09-24T22:16:44.6581145Z [command]/usr/bin/git config --local --name-only --get-regexp ^includeIf\.gitdir:
2026-09-24T22:16:44.6610340Z [command]/usr/bin/git submodule foreach --recursive git config --local --show-origin --name-only --get-regexp remote.origin.url
2026-09-24T22:16:44.6911764Z Cleaning up orphan processes
2026-09-24T22:16:44.7113084Z ##[warning]Node.js 20 is deprecated. The following actions target Node.js 20 but are being forced to run on Node.js 24: actions/checkout@v4, actions/upload-artifact@v4. For more information see: https://github.blog/changelog/2025-09-19-deprecation-of-node-20-on-github-actions-runners/
