[0.004s][info][gc] Using G1
[0.332s][info][gc] GC(0) Pause Young (Concurrent Start) (G1 Humongous Allocation) 242M->3M(513M) 3.536ms
[0.332s][info][gc] GC(1) Concurrent Undo Cycle
[0.332s][info][gc] GC(1) Concurrent Undo Cycle 0.096ms
[0.419s][info][gc] GC(2) Pause Young (Normal) (G1 Evacuation Pause) 215M->2M(513M) 2.861ms
[1.718s][info][gc] GC(3) Pause Young (Concurrent Start) (Metadata GC Threshold) 313M->15M(513M) 10.716ms
[1.718s][info][gc] GC(4) Concurrent Mark Cycle
[1.733s][info][gc] GC(4) Pause Remark 16M->16M(512M) 4.494ms
[1.737s][info][gc] GC(4) Pause Cleanup 16M->16M(512M) 0.106ms
[1.738s][info][gc] GC(4) Concurrent Mark Cycle 19.923ms
[2.107s][info][gc] GC(5) Pause Young (Prepare Mixed) (G1 Evacuation Pause) 64M->30M(512M) 44.396ms
[2.148s][info][gc] GC(6) Pause Young (Mixed) (G1 Evacuation Pause) 47M->39M(512M) 16.404ms
[2.226s][info][gc] GC(7) Pause Young (Normal) (G1 Evacuation Pause) 65M->51M(512M) 12.639ms
[2.277s][info][gc] GC(8) Pause Young (Normal) (GCLocker Initiated GC) 80M->66M(512M) 22.595ms
[2.349s][info][gc] GC(9) Pause Young (Normal) (G1 Evacuation Pause) 105M->86M(1070M) 20.709ms
[2.499s][info][gc] GC(10) Pause Young (Normal) (G1 Evacuation Pause) 134M->110M(1070M) 46.929ms
[2.654s][info][gc] GC(11) Pause Young (Normal) (G1 Evacuation Pause) 156M->134M(1070M) 35.632ms
[3.120s][info][gc] GC(12) Pause Young (Normal) (G1 Evacuation Pause) 180M->153M(1070M) 47.968ms
[3.229s][info][gc] GC(13) Pause Young (Concurrent Start) (Metadata GC Threshold) 160M->155M(1318M) 7.073ms
[3.229s][info][gc] GC(14) Concurrent Mark Cycle
[3.437s][info][gc] GC(14) Pause Remark 160M->155M(524M) 5.096ms
[3.555s][info][gc] GC(14) Pause Cleanup 163M->163M(524M) 0.178ms
[3.557s][info][gc] GC(14) Concurrent Mark Cycle 327.410ms
[4.046s][info][gc] GC(15) Pause Young (Prepare Mixed) (G1 Evacuation Pause) 271M->163M(524M) 19.663ms
[6.067s][info][gc] GC(16) Pause Young (Mixed) (G1 Evacuation Pause) 433M->199M(524M) 55.719ms
[6.327s][info][gc] GC(17) Pause Young (Normal) (G1 Evacuation Pause) 350M->252M(524M) 85.634ms
[6.412s][info][gc] GC(18) Pause Young (Concurrent Start) (Metadata GC Threshold) 274M->260M(524M) 31.193ms
[6.412s][info][gc] GC(19) Concurrent Mark Cycle
[6.701s][info][gc] GC(19) Pause Remark 261M->227M(524M) 31.314ms
[6.842s][info][gc] GC(19) Pause Cleanup 228M->228M(524M) 0.265ms
[6.844s][info][gc] GC(19) Concurrent Mark Cycle 432.827ms
[8.935s][info][gc] GC(20) Pause Young (Prepare Mixed) (G1 Evacuation Pause) 385M->251M(524M) 35.066ms
[9.934s][info][gc] GC(21) Pause Young (Mixed) (G1 Evacuation Pause) 415M->237M(524M) 32.787ms
[10.546s][info][gc] GC(22) Pause Young (Concurrent Start) (G1 Humongous Allocation) 332M->244M(524M) 18.994ms
[10.546s][info][gc] GC(23) Concurrent Mark Cycle
[11.015s][info][gc] GC(23) Pause Remark 321M->321M(537M) 13.636ms
[11.168s][info][gc] GC(23) Pause Cleanup 329M->329M(537M) 0.284ms
[11.169s][info][gc] GC(23) Concurrent Mark Cycle 623.280ms
[11.353s][info][gc] GC(24) Pause Young (Prepare Mixed) (G1 Evacuation Pause) 434M->246M(537M) 21.241ms
[12.603s][info][gc] GC(25) Pause Young (Mixed) (G1 Evacuation Pause) 464M->292M(537M) 87.001ms
[13.204s][info][gc] GC(26) Pause Young (Concurrent Start) (G1 Humongous Allocation) 393M->320M(840M) 82.499ms
[13.204s][info][gc] GC(27) Concurrent Undo Cycle
[13.208s][info][gc] GC(27) Concurrent Undo Cycle 3.447ms
[14.608s][info][gc] GC(28) Pause Young (Normal) (G1 Evacuation Pause) 543M->332M(840M) 67.765ms
[29.927s][info][gc] GC(29) Pause Young (Normal) (G1 Evacuation Pause) 667M->351M(840M) 59.932ms
[32.148s][info][gc] GC(30) Pause Young (Concurrent Start) (G1 Evacuation Pause) 708M->371M(840M) 42.245ms
[32.148s][info][gc] GC(31) Concurrent Mark Cycle
[32.938s][info][gc] GC(31) Pause Remark 441M->405M(840M) 22.187ms
[33.259s][info][gc] GC(31) Pause Cleanup 437M->437M(840M) 0.493ms
[33.266s][info][gc] GC(31) Concurrent Mark Cycle 1118.087ms
[35.225s][info][gc] GC(32) Pause Young (Prepare Mixed) (G1 Evacuation Pause) 688M->347M(840M) 67.751ms
[38.658s][info][gc] GC(33) Pause Young (Mixed) (G1 Evacuation Pause) 740M->315M(840M) 36.465ms
[41.759s][info][gc] GC(34) Pause Young (Concurrent Start) (G1 Evacuation Pause) 741M->335M(840M) 37.757ms
[41.759s][info][gc] GC(35) Concurrent Mark Cycle
[42.663s][info][gc] GC(35) Pause Remark 396M->396M(840M) 35.048ms
[43.033s][info][gc] GC(35) Pause Cleanup 470M->470M(840M) 0.325ms
[43.035s][info][gc] GC(35) Concurrent Mark Cycle 1275.999ms
[44.455s][info][gc] GC(36) Pause Young (Prepare Mixed) (G1 Evacuation Pause) 753M->347M(840M) 36.883ms
[52.538s][info][gc] GC(37) Pause Young (Mixed) (G1 Evacuation Pause) 765M->344M(840M) 29.920ms
[53.142s][info][gc] GC(38) Pause Young (Concurrent Start) (G1 Evacuation Pause) 775M->346M(840M) 20.343ms
[53.142s][info][gc] GC(39) Concurrent Mark Cycle
[53.455s][info][gc] GC(39) Concurrent Mark Cycle 312.182ms
