[Chunky] World changed to world.

[Chunky] Center changed to 0, 0.

[Chunky] Radius changed to 512.

[Chunky] Shape changed to square.

[Chunky] Pattern changed to spiral.

[Chunky] Quiet interval set to 5 seconds.

[Chunky] Current selection
World: world
Shape: square
Center: 0, 0
Radius: 512

[Chunky] Current selection
World: world
Shape: square
Center: 0, 0
Radius: 512

[Chunky] Task started in world for the square region centered at 0, 0 with radius 512.

[Chunky] Task started in world for the square region centered at 0, 0 with radius 512.

[Chunky] Cancelled tasks cannot be continued. If you are sure you want to cancel, type '/chunky confirm'.

Unmarked all force loaded chunks in minecraft:overworld
Stopping the server
