GEN	0	NA	NA	NA	§6Server tick times §e(§7avg§e/§7min§e/§7max§e)§6 from last 5s§7,§6 10s§7,§6 1m§e: §6◴ §a12.7§7/§a0.1§7/§c726.2§e, §a6.2§7/§a0.1§7/§c726.2§e, §a3.9§7/§a0.1§7/§c726.2  	§6TPS from last 5s, 1m, 5m, 15m: §e17.2§r, §a19.3§r, §a19.3§r, §a19.3  
GEN	10	2	0.05	0.3	§6Server tick times §e(§7avg§e/§7min§e/§7max§e)§6 from last 5s§7,§6 10s§7,§6 1m§e: §6◴ §a9.4§7/§a0.1§7/§c706.2§e, §a6.3§7/§a0.1§7/§c706.2§e, §a4.3§7/§a0.1§7/§c726.2  	§6TPS from last 5s, 1m, 5m, 15m: §a18.2§r, §a19.2§r, §a19.2§r, §a19.2  
GEN	20	89	2.39	5.0	§6Server tick times §e(§7avg§e/§7min§e/§7max§e)§6 from last 5s§7,§6 10s§7,§6 1m§e: §6◴ §a1.5§7/§a0.1§7/§e47.8, §a1.5§7/§a0.1§7/§e47.8, §a3.5§7/§a0.1§7/§c726.2  	§6TPS from last 5s, 1m, 5m, 15m: §a20.0§r, §a19.4§r, §a19.4§r, §a19.4  
GEN	30	232	6.23	8.1	§6Server tick times §e(§7avg§e/§7min§e/§7max§e)§6 from last 5s§7,§6 10s§7,§6 1m§e: §6◴ §a2.2§7/§a0.1§7/§e48.6, §a3.1§7/§a0.0§7/§c296.7§e, §a3.4§7/§a0.0§7/§c726.2  	§6TPS from last 5s, 1m, 5m, 15m: §a20.1§r, §a19.5§r, §a19.5§r, §a19.5  
GEN	40	326	8.76	11.7	§6Server tick times §e(§7avg§e/§7min§e/§7max§e)§6 from last 5s§7,§6 10s§7,§6 1m§e: §6◴ §a1.3§7/§a0.1§7/§a23.3§e, §a1.3§7/§a0.1§7/§a23.3§e, §a3.1§7/§a0.0§7/§c726.2  	§6TPS from last 5s, 1m, 5m, 15m: §a20.0§r, §a19.6§r, §a19.6§r, §a19.6  
GEN	50	426	11.45	12.3	§6Server tick times §e(§7avg§e/§7min§e/§7max§e)§6 from last 5s§7,§6 10s§7,§6 1m§e: §6◴ §a8.8§7/§a0.1§7/§c655.4§e, §a25.0§7/§a0.1§7/§c2699.6§e, §a6.1§7/§a0.0§7/§c2699.6  	§6TPS from last 5s, 1m, 5m, 15m: §a18.4§r, §a18.7§r, §a18.8§r, §a18.8  
GEN	60	532	14.30	11.1	§6Server tick times §e(§7avg§e/§7min§e/§7max§e)§6 from last 5s§7,§6 10s§7,§6 1m§e: §6◴ §a8.6§7/§a0.1§7/§c543.0§e, §a13.7§7/§a0.0§7/§c655.4§e, §a7.8§7/§a0.0§7/§c2699.6  	§6TPS from last 5s, 1m, 5m, 15m: §a19.0§r, §a18.5§r, §a18.8§r, §a18.8  
GEN	70	637	17.12	9.2	§6Server tick times §e(§7avg§e/§7min§e/§7max§e)§6 from last 5s§7,§6 10s§7,§6 1m§e: §6◴ §a0.7§7/§a0.1§7/§a11.5§e, §a5.1§7/§a0.0§7/§c500.7§e, §a7.0§7/§a0.0§7/§c2699.6  	§6TPS from last 5s, 1m, 5m, 15m: §a20.0§r, §a18.8§r, §a18.9§r, §a18.9  
GEN	80	742	19.94	10.2	§6Server tick times §e(§7avg§e/§7min§e/§7max§e)§6 from last 5s§7,§6 10s§7,§6 1m§e: §6◴ §a11.6§7/§a0.0§7/§c647.8§e, §a6.2§7/§a0.0§7/§c647.8§e, §a7.8§7/§a0.0§7/§c2699.6  	§6TPS from last 5s, 1m, 5m, 15m: §a18.6§r, §a18.6§r, §a18.9§r, §a18.9  
GEN	90	850	22.84	10.2	§6Server tick times §e(§7avg§e/§7min§e/§7max§e)§6 from last 5s§7,§6 10s§7,§6 1m§e: §6◴ §a12.2§7/§a0.0§7/§c529.3§e, §a11.0§7/§a0.0§7/§c610.1§e, §a9.2§7/§a0.0§7/§c2699.6  	§6TPS from last 5s, 1m, 5m, 15m: §a19.0§r, §a18.5§r, §a18.9§r, §a18.9  
GEN	100	970	26.07	11.0	§6Server tick times §e(§7avg§e/§7min§e/§7max§e)§6 from last 5s§7,§6 10s§7,§6 1m§e: §6◴ §a11.8§7/§a0.0§7/§c340.9§e, §a14.3§7/§a0.0§7/§c529.3§e, §a11.1§7/§a0.0§7/§c2699.6  	§6TPS from last 5s, 1m, 5m, 15m: §a19.8§r, §a18.4§r, §a19.0§r, §a19.0  
GEN	110	1076	28.92	10.8	§6Server tick times §e(§7avg§e/§7min§e/§7max§e)§6 from last 5s§7,§6 10s§7,§6 1m§e: §6◴ §a13.2§7/§a0.1§7/§c633.7§e, §a11.4§7/§a0.0§7/§c633.7§e, §a9.1§7/§a0.0§7/§c647.8  	§6TPS from last 5s, 1m, 5m, 15m: §a18.6§r, §a19.2§r, §a19.0§r, §a19.0  
GEN	120	1190	31.98	11.1	§6Server tick times §e(§7avg§e/§7min§e/§7max§e)§6 from last 5s§7,§6 10s§7,§6 1m§e: §6◴ §a7.3§7/§a0.0§7/§c247.2§e, §a7.6§7/§a0.0§7/§c247.2§e, §a8.4§7/§a0.0§7/§c647.8  	§6TPS from last 5s, 1m, 5m, 15m: §a20.0§r, §a19.4§r, §a19.1§r, §a19.1  
GEN	130	1307	35.12	11.1	§6Server tick times §e(§7avg§e/§7min§e/§7max§e)§6 from last 5s§7,§6 10s§7,§6 1m§e: §6◴ §a11.5§7/§a0.0§7/§c305.1§e, §a13.1§7/§a0.0§7/§c599.5§e, §a9.7§7/§a0.0§7/§c647.8  	§6TPS from last 5s, 1m, 5m, 15m: §a19.8§r, §a19.3§r, §a19.1§r, §a19.1  
GEN	140	1416	38.05	11.1	§6Server tick times §e(§7avg§e/§7min§e/§7max§e)§6 from last 5s§7,§6 10s§7,§6 1m§e: §6◴ §a9.3§7/§a0.0§7/§c236.8§e, §a8.5§7/§a0.0§7/§c276.8§e, §a10.1§7/§a0.0§7/§c633.7  	§6TPS from last 5s, 1m, 5m, 15m: §a20.0§r, §a19.4§r, §a19.1§r, §a19.1  
GEN	150	1517	40.77	10.7	§6Server tick times §e(§7avg§e/§7min§e/§7max§e)§6 from last 5s§7,§6 10s§7,§6 1m§e: §6◴ §a9.4§7/§a0.0§7/§c464.1§e, §a15.8§7/§a0.0§7/§c777.3§e, §a10.9§7/§a0.0§7/§c777.3  	§6TPS from last 5s, 1m, 5m, 15m: §a19.2§r, §a19.3§r, §a19.1§r, §a19.1  
GEN	160	1624	43.64	10.4	§6Server tick times §e(§7avg§e/§7min§e/§7max§e)§6 from last 5s§7,§6 10s§7,§6 1m§e: §6◴ §a18.5§7/§a0.0§7/§c558.6§e, §a13.4§7/§a0.0§7/§c558.6§e, §a11.0§7/§a0.0§7/§c777.3  	§6TPS from last 5s, 1m, 5m, 15m: §a18.4§r, §a19.2§r, §a19.1§r, §a19.1  
GEN	170	1731	46.52	10.4	§6Server tick times §e(§7avg§e/§7min§e/§7max§e)§6 from last 5s§7,§6 10s§7,§6 1m§e: §6◴ §a17.7§7/§a0.0§7/§c652.2§e, §a9.8§7/§a0.0§7/§c652.2§e, §a10.8§7/§a0.0§7/§c777.3  	§6TPS from last 5s, 1m, 5m, 15m: §a18.1§r, §a19.2§r, §a19.1§r, §a19.1  
GEN	180	1786	48.00	10.4	§6Server tick times §e(§7avg§e/§7min§e/§7max§e)§6 from last 5s§7,§6 10s§7,§6 1m§e: §6◴ §a5.0§7/§a0.1§7/§c349.1§e, §a11.5§7/§a0.0§7/§c746.3§e, §a11.4§7/§a0.0§7/§c777.3  	§6TPS from last 5s, 1m, 5m, 15m: §a19.6§r, §a18.9§r, §a19.0§r, §a19.0  
GEN	190	1891	50.82	10.5	§6Server tick times §e(§7avg§e/§7min§e/§7max§e)§6 from last 5s§7,§6 10s§7,§6 1m§e: §6◴ §a11.2§7/§a0.0§7/§c309.1§e, §a17.5§7/§a0.0§7/§c672.7§e, §a12.0§7/§a0.0§7/§c777.3  	§6TPS from last 5s, 1m, 5m, 15m: §a19.8§r, §a18.8§r, §a19.0§r, §a19.0  
GEN	200	1994	53.59	10.4	§6Server tick times §e(§7avg§e/§7min§e/§7max§e)§6 from last 5s§7,§6 10s§7,§6 1m§e: §6◴ §a16.9§7/§a0.0§7/§c581.8§e, §a12.7§7/§a0.0§7/§c581.8§e, §a12.9§7/§a0.0§7/§c777.3  	§6TPS from last 5s, 1m, 5m, 15m: §a18.8§r, §a18.6§r, §a19.0§r, §a19.0  
GEN	210	2105	56.57	10.4	§6Server tick times §e(§7avg§e/§7min§e/§7max§e)§6 from last 5s§7,§6 10s§7,§6 1m§e: §6◴ §a16.5§7/§a0.0§7/§c496.7§e, §a16.6§7/§a0.0§7/§c496.7§e, §a13.6§7/§a0.0§7/§c746.3  	§6TPS from last 5s, 1m, 5m, 15m: §a18.4§r, §a18.6§r, §a19.0§r, §a19.0  
GEN	220	2222	59.72	10.6	§6Server tick times §e(§7avg§e/§7min§e/§7max§e)§6 from last 5s§7,§6 10s§7,§6 1m§e: §6◴ §a14.9§7/§a0.0§7/§c313.4§e, §a15.7§7/§a0.0§7/§c353.2§e, §a14.0§7/§a0.0§7/§c746.3  	§6TPS from last 5s, 1m, 5m, 15m: §a19.4§r, §a18.8§r, §a19.0§r, §a19.0  
GEN	230	2331	62.64	10.8	§6Server tick times §e(§7avg§e/§7min§e/§7max§e)§6 from last 5s§7,§6 10s§7,§6 1m§e: §6◴ §a8.0§7/§a0.0§7/§c218.0§e, §a11.9§7/§a0.0§7/§c515.6§e, §a14.1§7/§a0.0§7/§c746.3  	§6TPS from last 5s, 1m, 5m, 15m: §a20.0§r, §a18.8§r, §a19.0§r, §a19.0  
GEN	240	2455	65.98	11.4	§6Server tick times §e(§7avg§e/§7min§e/§7max§e)§6 from last 5s§7,§6 10s§7,§6 1m§e: §6◴ §a2.7§7/§a0.1§7/§c156.1§e, §a7.0§7/§a0.0§7/§c266.9§e, §a13.2§7/§a0.0§7/§c672.7  	§6TPS from last 5s, 1m, 5m, 15m: §a19.9§r, §a19.1§r, §a19.0§r, §a19.0  
GEN	250	2563	68.88	11.1	§6Server tick times §e(§7avg§e/§7min§e/§7max§e)§6 from last 5s§7,§6 10s§7,§6 1m§e: §6◴ §a1.9§7/§a0.1§7/§c89.3§e, §a1.6§7/§a0.1§7/§c89.3§e, §a10.5§7/§a0.0§7/§c581.8  	§6TPS from last 5s, 1m, 5m, 15m: §a20.0§r, §a19.4§r, §a19.1§r, §a19.1  
GEN	260	2681	72.05	11.4	§6Server tick times §e(§7avg§e/§7min§e/§7max§e)§6 from last 5s§7,§6 10s§7,§6 1m§e: §6◴ §a3.4§7/§a0.1§7/§c233.6§e, §a2.8§7/§a0.1§7/§c233.6§e, §a9.0§7/§a0.0§7/§c515.6  	§6TPS from last 5s, 1m, 5m, 15m: §a20.0§r, §a19.6§r, §a19.1§r, §a19.1  
GEN	270	2799	75.22	11.3	§6Server tick times §e(§7avg§e/§7min§e/§7max§e)§6 from last 5s§7,§6 10s§7,§6 1m§e: §6◴ §a4.7§7/§a0.1§7/§c216.8§e, §a8.8§7/§a0.0§7/§c329.1§e, §a7.8§7/§a0.0§7/§c515.6  	§6TPS from last 5s, 1m, 5m, 15m: §a20.0§r, §a19.8§r, §a19.1§r, §a19.1  
GEN	280	2902	77.99	10.9	§6Server tick times §e(§7avg§e/§7min§e/§7max§e)§6 from last 5s§7,§6 10s§7,§6 1m§e: §6◴ §a10.1§7/§a0.1§7/§c276.1§e, §a11.9§7/§a0.1§7/§c430.2§e, §a7.2§7/§a0.0§7/§c515.6  	§6TPS from last 5s, 1m, 5m, 15m: §a19.8§r, §a19.8§r, §a19.2§r, §a19.2  
GEN	290	3012	80.95	11.0	§6Server tick times §e(§7avg§e/§7min§e/§7max§e)§6 from last 5s§7,§6 10s§7,§6 1m§e: §6◴ §a11.1§7/§a0.1§7/§c620.9§e, §a8.6§7/§a0.1§7/§c620.9§e, §a6.9§7/§a0.0§7/§c620.9  	§6TPS from last 5s, 1m, 5m, 15m: §a18.3§r, §a19.8§r, §a19.1§r, §a19.2  
GEN	300	3123	83.93	10.7	§6Server tick times §e(§7avg§e/§7min§e/§7max§e)§6 from last 5s§7,§6 10s§7,§6 1m§e: §6◴ §a24.9§7/§a0.1§7/§c603.1§e, §a16.2§7/§a0.1§7/§c603.1§e, §a8.0§7/§a0.0§7/§c620.9  	§6TPS from last 5s, 1m, 5m, 15m: §e16.6§r, §a19.4§r, §a19.0§r, §a19.1  
GEN	310	3239	87.05	11.2	§6Server tick times §e(§7avg§e/§7min§e/§7max§e)§6 from last 5s§7,§6 10s§7,§6 1m§e: §6◴ §a8.3§7/§a0.1§7/§c676.5§e, §a8.0§7/§a0.1§7/§c676.5§e, §a9.3§7/§a0.0§7/§c676.5  	§6TPS from last 5s, 1m, 5m, 15m: §a18.4§r, §a19.1§r, §a19.1§r, §a19.1  
GEN	320	3341	89.79	10.5	§6Server tick times §e(§7avg§e/§7min§e/§7max§e)§6 from last 5s§7,§6 10s§7,§6 1m§e: §6◴ §a13.1§7/§a0.1§7/§c608.5§e, §a9.0§7/§a0.1§7/§c608.5§e, §a10.3§7/§a0.0§7/§c676.5  	§6TPS from last 5s, 1m, 5m, 15m: §a18.4§r, §a19.0§r, §a19.0§r, §a19.1  
GEN	330	3462	93.04	11.3	§6Server tick times §e(§7avg§e/§7min§e/§7max§e)§6 from last 5s§7,§6 10s§7,§6 1m§e: §6◴ §a10.9§7/§a0.1§7/§c739.9§e, §a14.1§7/§a0.1§7/§c739.9§e, §a10.7§7/§a0.1§7/§c739.9  	§6TPS from last 5s, 1m, 5m, 15m: §a18.2§r, §a18.8§r, §a19.0§r, §a19.1  
GEN	340	3516	94.49	11.0	§6Server tick times §e(§7avg§e/§7min§e/§7max§e)§6 from last 5s§7,§6 10s§7,§6 1m§e: §6◴ §a9.6§7/§a0.1§7/§c612.0§e, §a10.2§7/§a0.1§7/§c729.2§e, §a10.6§7/§a0.1§7/§c739.9  	§6TPS from last 5s, 1m, 5m, 15m: §a18.6§r, §a18.6§r, §a19.0§r, §a19.1  
GEN	350	3635	97.69	11.1	§6Server tick times §e(§7avg§e/§7min§e/§7max§e)§6 from last 5s§7,§6 10s§7,§6 1m§e: §6◴ §a9.1§7/§a0.1§7/§c454.3§e, §a11.0§7/§a0.1§7/§c757.4§e, §a10.8§7/§a0.1§7/§c757.4  	§6TPS from last 5s, 1m, 5m, 15m: §a19.2§r, §a18.5§r, §a19.1§r, §a19.0  
CATCHUP	360	3721	100.00	0	§6Server tick times §e(§7avg§e/§7min§e/§7max§e)§6 from last 5s§7,§6 10s§7,§6 1m§e: §6◴ §a0.4§7/§a0.1§7/§a3.6§e, §a0.4§7/§a0.1§7/§a3.6§e, §a8.5§7/§a0.1§7/§c757.4  	§6TPS from last 5s, 1m, 5m, 15m: §a20.0§r, §a18.9§r, §a19.1§r, §a19.1  
CATCHUP	370	3721	100.00	0	§6Server tick times §e(§7avg§e/§7min§e/§7max§e)§6 from last 5s§7,§6 10s§7,§6 1m§e: §6◴ §a0.2§7/§a0.1§7/§a0.6§e, §a0.2§7/§a0.1§7/§a0.6§e, §a6.8§7/§a0.1§7/§c757.4  	§6TPS from last 5s, 1m, 5m, 15m: §a20.0§r, §a19.2§r, §a19.2§r, §a19.1  
CATCHUP	380	3721	100.00	0	§6Server tick times §e(§7avg§e/§7min§e/§7max§e)§6 from last 5s§7,§6 10s§7,§6 1m§e: §6◴ §a0.2§7/§a0.1§7/§a0.5§e, §a0.2§7/§a0.1§7/§a1.3§e, §a6.1§7/§a0.1§7/§c757.4  	§6TPS from last 5s, 1m, 5m, 15m: §a20.0§r, §a19.2§r, §a19.2§r, §a19.1  
CATCHUP	390	3721	100.00	0	§6Server tick times §e(§7avg§e/§7min§e/§7max§e)§6 from last 5s§7,§6 10s§7,§6 1m§e: §6◴ §a0.3§7/§a0.1§7/§a0.6§e, §a0.2§7/§a0.1§7/§a0.6§e, §a3.6§7/§a0.1§7/§c757.4  	§6TPS from last 5s, 1m, 5m, 15m: §a20.0§r, §a19.5§r, §a19.2§r, §a19.1  
