[0.003s][info][gc] Using G1
[0.303s][info][gc] GC(0) Pause Young (Concurrent Start) (G1 Humongous Allocation) 241M->3M(513M) 3.572ms
[0.303s][info][gc] GC(1) Concurrent Undo Cycle
[0.303s][info][gc] GC(1) Concurrent Undo Cycle 0.470ms
[0.398s][info][gc] GC(2) Pause Young (Normal) (G1 Evacuation Pause) 215M->2M(513M) 3.296ms
[1.674s][info][gc] GC(3) Pause Young (Concurrent Start) (Metadata GC Threshold) 313M->15M(513M) 11.189ms
[1.674s][info][gc] GC(4) Concurrent Mark Cycle
[1.690s][info][gc] GC(4) Pause Remark 17M->17M(512M) 4.489ms
[1.691s][info][gc] GC(4) Pause Cleanup 17M->17M(512M) 0.085ms
[1.693s][info][gc] GC(4) Concurrent Mark Cycle 19.178ms
[2.097s][info][gc] GC(5) Pause Young (Prepare Mixed) (G1 Evacuation Pause) 66M->32M(512M) 21.903ms
[2.154s][info][gc] GC(6) Pause Young (Mixed) (G1 Evacuation Pause) 49M->41M(512M) 15.174ms
[2.198s][info][gc] GC(7) Pause Young (Normal) (G1 Evacuation Pause) 68M->54M(512M) 12.612ms
[2.277s][info][gc] GC(8) Pause Young (Normal) (G1 Evacuation Pause) 90M->68M(868M) 14.540ms
[2.355s][info][gc] GC(9) Pause Young (Normal) (G1 Evacuation Pause) 106M->86M(868M) 17.661ms
[2.463s][info][gc] GC(10) Pause Young (Normal) (G1 Evacuation Pause) 123M->104M(868M) 21.959ms
[2.581s][info][gc] GC(11) Pause Young (Normal) (G1 Evacuation Pause) 141M->125M(868M) 30.217ms
[2.775s][info][gc] GC(12) Pause Young (Normal) (G1 Evacuation Pause) 161M->146M(1160M) 26.758ms
[3.238s][info][gc] GC(13) Pause Young (Concurrent Start) (Metadata GC Threshold) 171M->150M(1160M) 19.542ms
[3.238s][info][gc] GC(14) Concurrent Mark Cycle
[3.489s][info][gc] GC(14) Pause Remark 159M->159M(534M) 5.193ms
[3.596s][info][gc] GC(14) Pause Cleanup 164M->164M(534M) 0.201ms
[3.598s][info][gc] GC(14) Concurrent Mark Cycle 360.386ms
[4.096s][info][gc] GC(15) Pause Young (Prepare Mixed) (G1 Evacuation Pause) 256M->160M(534M) 18.443ms
[5.895s][info][gc] GC(16) Pause Young (Mixed) (G1 Evacuation Pause) 382M->190M(534M) 46.919ms
[6.335s][info][gc] GC(17) Pause Young (Normal) (G1 Evacuation Pause) 297M->222M(534M) 74.582ms
[6.566s][info][gc] GC(18) Pause Young (Concurrent Start) (Metadata GC Threshold) 348M->263M(534M) 65.657ms
[6.566s][info][gc] GC(19) Concurrent Mark Cycle
[6.853s][info][gc] GC(19) Pause Remark 264M->239M(534M) 9.421ms
[7.043s][info][gc] GC(19) Pause Cleanup 240M->240M(534M) 0.227ms
[7.044s][info][gc] GC(19) Concurrent Mark Cycle 477.908ms
[9.073s][info][gc] GC(20) Pause Young (Prepare Mixed) (G1 Evacuation Pause) 391M->263M(534M) 42.319ms
[10.068s][info][gc] GC(21) Pause Young (Mixed) (G1 Evacuation Pause) 435M->238M(534M) 35.557ms
[10.708s][info][gc] GC(22) Pause Young (Concurrent Start) (G1 Humongous Allocation) 331M->244M(534M) 17.028ms
[10.708s][info][gc] GC(23) Concurrent Mark Cycle
[11.073s][info][gc] GC(23) Pause Remark 298M->298M(534M) 13.290ms
[11.282s][info][gc] GC(23) Pause Cleanup 323M->323M(534M) 0.278ms
[11.288s][info][gc] GC(23) Concurrent Mark Cycle 579.744ms
[11.544s][info][gc] GC(24) Pause Young (Prepare Mixed) (G1 Evacuation Pause) 450M->248M(534M) 41.339ms
[12.801s][info][gc] GC(25) Pause Young (Mixed) (G1 Evacuation Pause) 471M->306M(546M) 103.359ms
[13.282s][info][gc] GC(26) Pause Young (Concurrent Start) (G1 Humongous Allocation) 385M->321M(607M) 49.272ms
[13.282s][info][gc] GC(27) Concurrent Mark Cycle
[13.890s][info][gc] GC(27) Pause Remark 372M->371M(620M) 14.023ms
[14.073s][info][gc] GC(27) Pause Cleanup 381M->381M(620M) 0.329ms
[14.075s][info][gc] GC(27) Concurrent Mark Cycle 792.550ms
[14.832s][info][gc] GC(28) Pause Young (Prepare Mixed) (G1 Evacuation Pause) 526M->331M(620M) 53.724ms
[27.119s][info][gc] GC(29) Pause Young (Mixed) (G1 Evacuation Pause) 538M->332M(620M) 24.348ms
[32.750s][info][gc] GC(30) Pause Young (Concurrent Start) (G1 Evacuation Pause) 549M->350M(620M) 62.027ms
[32.750s][info][gc] GC(31) Concurrent Mark Cycle
[33.431s][info][gc] GC(31) Pause Remark 391M->349M(620M) 42.859ms
[33.747s][info][gc] GC(31) Pause Cleanup 385M->385M(620M) 0.357ms
[33.754s][info][gc] GC(31) Concurrent Mark Cycle 1003.951ms
[34.381s][info][gc] GC(32) Pause Young (Prepare Mixed) (G1 Evacuation Pause) 513M->322M(620M) 39.263ms
[36.142s][info][gc] GC(33) Pause Young (Mixed) (G1 Evacuation Pause) 551M->286M(620M) 47.290ms
[38.589s][info][gc] GC(34) Pause Young (Concurrent Start) (G1 Evacuation Pause) 559M->296M(620M) 25.258ms
[38.589s][info][gc] GC(35) Concurrent Mark Cycle
[39.471s][info][gc] GC(35) Pause Remark 337M->337M(620M) 39.646ms
[40.066s][info][gc] GC(35) Pause Cleanup 374M->374M(620M) 0.266ms
[40.068s][info][gc] GC(35) Concurrent Mark Cycle 1479.852ms
[41.388s][info][gc] GC(36) Pause Young (Prepare Mixed) (G1 Evacuation Pause) 561M->304M(620M) 20.156ms
[43.639s][info][gc] GC(37) Pause Young (Mixed) (G1 Evacuation Pause) 562M->310M(620M) 61.563ms
[46.056s][info][gc] GC(38) Pause Young (Concurrent Start) (G1 Evacuation Pause) 556M->319M(620M) 53.703ms
[46.056s][info][gc] GC(39) Concurrent Mark Cycle
[46.641s][info][gc] GC(39) Pause Remark 383M->383M(640M) 45.150ms
[46.986s][info][gc] GC(39) Pause Cleanup 454M->454M(640M) 0.397ms
[46.988s][info][gc] GC(39) Concurrent Mark Cycle 932.003ms
[47.679s][info][gc] GC(40) Pause Young (Prepare Mixed) (G1 Evacuation Pause) 563M->325M(640M) 23.579ms
[52.695s][info][gc] GC(41) Pause Young (Mixed) (G1 Evacuation Pause) 591M->328M(640M) 21.147ms
[56.198s][info][gc] GC(42) Pause Young (Concurrent Start) (G1 Evacuation Pause) 584M->332M(640M) 19.043ms
[56.198s][info][gc] GC(43) Concurrent Mark Cycle
[56.834s][info][gc] GC(44) Pause Young (Normal) (G1 Evacuation Pause) 590M->332M(640M) 38.185ms
[57.092s][info][gc] GC(43) Pause Remark 486M->486M(812M) 21.335ms
[57.335s][info][gc] GC(43) Pause Cleanup 568M->568M(812M) 0.326ms
[57.343s][info][gc] GC(43) Concurrent Mark Cycle 1144.570ms
[57.366s][info][gc] GC(45) Pause Young (Prepare Mixed) (G1 Evacuation Pause) 580M->329M(812M) 14.456ms
