[2026-09-19T06:02:53.281+0000][0.058s][debug][gc,remset] Card Set container configuration: InlinePtr #cards 4 size 8 Array Of Cards #cards 64 size 144 Howl #buckets 8 coarsen threshold 14745 Howl Bitmap #cards 2048 size 272 coarsen threshold 1843 Card regions per heap region 1 cards per card region 16384
[2026-09-19T06:02:54.697+0000][1.474s][debug][gc,remset] GC(0) Visited cards 896 Total dirty 16384 (5.47%) Total old 1703936 (0.05%)
[2026-09-19T06:02:54.701+0000][1.478s][debug][gc,remset] GC(0) Coarsening (recent): Inline->AoC 0 (0) AoC->Howl 0 (0) Howl->Full 0 (0) Inline->AoC 0 (0) AoC->BitMap 0 (0) BitMap->Full 0 (0) 
[2026-09-19T06:02:54.701+0000][1.478s][debug][gc,remset] GC(0) Coarsening (all): Inline->AoC 0 (0) AoC->Howl 0 (0) Howl->Full 0 (0) Inline->AoC 0 (0) AoC->BitMap 0 (0) BitMap->Full 0 (0) 
[2026-09-19T06:02:55.852+0000][2.629s][debug][gc,remset] GC(1) Visited cards 896 Total dirty 16384 (5.47%) Total old 1589248 (0.06%)
[2026-09-19T06:02:55.860+0000][2.636s][debug][gc,remset] GC(1) Coarsening (recent): Inline->AoC 0 (0) AoC->Howl 0 (0) Howl->Full 0 (0) Inline->AoC 0 (0) AoC->BitMap 0 (0) BitMap->Full 0 (0) 
[2026-09-19T06:02:55.860+0000][2.636s][debug][gc,remset] GC(1) Coarsening (all): Inline->AoC 0 (0) AoC->Howl 0 (0) Howl->Full 0 (0) Inline->AoC 0 (0) AoC->BitMap 0 (0) BitMap->Full 0 (0) 
[2026-09-19T06:02:56.201+0000][2.978s][debug][gc,remset] GC(3) Visited cards 768 Total dirty 16384 (4.69%) Total old 835584 (0.09%)
[2026-09-19T06:02:56.252+0000][3.029s][debug][gc,remset] GC(3) Coarsening (recent): Inline->AoC 2 (0) AoC->Howl 2 (0) Howl->Full 0 (0) Inline->AoC 2 (0) AoC->BitMap 2 (0) BitMap->Full 0 (0) 
[2026-09-19T06:02:56.252+0000][3.029s][debug][gc,remset] GC(3) Coarsening (all): Inline->AoC 2 (0) AoC->Howl 2 (0) Howl->Full 0 (0) Inline->AoC 2 (0) AoC->BitMap 2 (0) BitMap->Full 0 (0) 
[2026-09-19T06:02:57.010+0000][3.787s][debug][gc,remset] GC(4) Visited cards 132096 Total dirty 147456 (89.58%) Total old 966656 (13.67%)
[2026-09-19T06:02:57.052+0000][3.829s][debug][gc,remset] GC(4) Coarsening (recent): Inline->AoC 0 (0) AoC->Howl 0 (0) Howl->Full 0 (0) Inline->AoC 0 (0) AoC->BitMap 0 (0) BitMap->Full 0 (0) 
[2026-09-19T06:02:57.052+0000][3.829s][debug][gc,remset] GC(4) Coarsening (all): Inline->AoC 2 (0) AoC->Howl 2 (0) Howl->Full 0 (0) Inline->AoC 2 (0) AoC->BitMap 2 (0) BitMap->Full 0 (0) 
[2026-09-19T06:02:57.064+0000][3.841s][debug][gc,remset] GC(5) Visited cards 148096 Total dirty 245760 (60.26%) Total old 425984 (34.77%)
[2026-09-19T06:02:57.081+0000][3.857s][debug][gc,remset] GC(5) Coarsening (recent): Inline->AoC 0 (0) AoC->Howl 0 (0) Howl->Full 0 (0) Inline->AoC 0 (0) AoC->BitMap 0 (0) BitMap->Full 0 (0) 
[2026-09-19T06:02:57.081+0000][3.857s][debug][gc,remset] GC(5) Coarsening (all): Inline->AoC 2 (0) AoC->Howl 2 (0) Howl->Full 0 (0) Inline->AoC 2 (0) AoC->BitMap 2 (0) BitMap->Full 0 (0) 
[2026-09-19T06:02:57.846+0000][4.623s][debug][gc,remset] GC(7) Visited cards 16896 Total dirty 147456 (11.46%) Total old 1146880 (1.47%)
[2026-09-19T06:02:57.859+0000][4.636s][debug][gc,remset] GC(7) Coarsening (recent): Inline->AoC 40 (0) AoC->Howl 27 (0) Howl->Full 1 (0) Inline->AoC 126 (0) AoC->BitMap 101 (0) BitMap->Full 9 (0) 
[2026-09-19T06:02:57.859+0000][4.636s][debug][gc,remset] GC(7) Coarsening (all): Inline->AoC 42 (0) AoC->Howl 29 (0) Howl->Full 1 (0) Inline->AoC 128 (0) AoC->BitMap 103 (0) BitMap->Full 9 (0) 
[2026-09-19T06:02:58.983+0000][5.760s][debug][gc,remset] GC(8) Visited cards 17408 Total dirty 163840 (10.62%) Total old 1130496 (1.54%)
[2026-09-19T06:02:59.008+0000][5.785s][debug][gc,remset] GC(8) Coarsening (recent): Inline->AoC 0 (0) AoC->Howl 0 (0) Howl->Full 0 (0) Inline->AoC 0 (0) AoC->BitMap 0 (0) BitMap->Full 0 (0) 
[2026-09-19T06:02:59.008+0000][5.785s][debug][gc,remset] GC(8) Coarsening (all): Inline->AoC 42 (0) AoC->Howl 29 (0) Howl->Full 1 (0) Inline->AoC 128 (0) AoC->BitMap 103 (0) BitMap->Full 9 (0) 
[2026-09-19T06:02:59.038+0000][5.814s][debug][gc,remset] GC(9) Visited cards 29952 Total dirty 196608 (15.23%) Total old 524288 (5.71%)
[2026-09-19T06:02:59.051+0000][5.828s][debug][gc,remset] GC(9) Coarsening (recent): Inline->AoC 0 (0) AoC->Howl 0 (0) Howl->Full 0 (0) Inline->AoC 0 (0) AoC->BitMap 0 (0) BitMap->Full 0 (0) 
[2026-09-19T06:02:59.051+0000][5.828s][debug][gc,remset] GC(9) Coarsening (all): Inline->AoC 42 (0) AoC->Howl 29 (0) Howl->Full 1 (0) Inline->AoC 128 (0) AoC->BitMap 103 (0) BitMap->Full 9 (0) 
[2026-09-19T06:02:59.311+0000][6.088s][debug][gc,remset] GC(11) Visited cards 39808 Total dirty 229376 (17.35%) Total old 1228800 (3.24%)
[2026-09-19T06:02:59.337+0000][6.113s][debug][gc,remset] GC(11) Coarsening (recent): Inline->AoC 163 (0) AoC->Howl 117 (0) Howl->Full 2 (0) Inline->AoC 437 (0) AoC->BitMap 363 (0) BitMap->Full 29 (0) 
[2026-09-19T06:02:59.337+0000][6.113s][debug][gc,remset] GC(11) Coarsening (all): Inline->AoC 205 (0) AoC->Howl 146 (0) Howl->Full 3 (0) Inline->AoC 565 (0) AoC->BitMap 466 (0) BitMap->Full 38 (0) 
[2026-09-19T06:03:00.866+0000][7.643s][debug][gc,remset] GC(12) Visited cards 82048 Total dirty 294912 (27.82%) Total old 1310720 (6.26%)
[2026-09-19T06:03:00.897+0000][7.674s][debug][gc,remset] GC(12) Coarsening (recent): Inline->AoC 0 (0) AoC->Howl 0 (0) Howl->Full 0 (0) Inline->AoC 0 (0) AoC->BitMap 0 (0) BitMap->Full 0 (0) 
[2026-09-19T06:03:00.897+0000][7.674s][debug][gc,remset] GC(12) Coarsening (all): Inline->AoC 205 (0) AoC->Howl 146 (0) Howl->Full 3 (0) Inline->AoC 565 (0) AoC->BitMap 466 (0) BitMap->Full 38 (0) 
[2026-09-19T06:03:02.616+0000][9.392s][debug][gc,remset] GC(13) Visited cards 85504 Total dirty 327680 (26.09%) Total old 4243456 (2.01%)
[2026-09-19T06:03:02.707+0000][9.484s][debug][gc,remset] GC(13) Coarsening (recent): Inline->AoC 0 (0) AoC->Howl 0 (0) Howl->Full 0 (0) Inline->AoC 0 (0) AoC->BitMap 0 (0) BitMap->Full 0 (0) 
[2026-09-19T06:03:02.707+0000][9.484s][debug][gc,remset] GC(13) Coarsening (all): Inline->AoC 205 (0) AoC->Howl 146 (0) Howl->Full 3 (0) Inline->AoC 565 (0) AoC->BitMap 466 (0) BitMap->Full 38 (0) 
[2026-09-19T06:03:02.738+0000][9.515s][debug][gc,remset] GC(14) Visited cards 82944 Total dirty 327680 (25.31%) Total old 1146880 (7.23%)
[2026-09-19T06:03:02.801+0000][9.578s][debug][gc,remset] GC(14) Coarsening (recent): Inline->AoC 0 (0) AoC->Howl 0 (0) Howl->Full 0 (0) Inline->AoC 0 (0) AoC->BitMap 0 (0) BitMap->Full 0 (0) 
[2026-09-19T06:03:02.801+0000][9.578s][debug][gc,remset] GC(14) Coarsening (all): Inline->AoC 205 (0) AoC->Howl 146 (0) Howl->Full 3 (0) Inline->AoC 565 (0) AoC->BitMap 466 (0) BitMap->Full 38 (0) 
[2026-09-19T06:03:04.028+0000][10.805s][debug][gc,remset] GC(16) Visited cards 57088 Total dirty 524288 (10.89%) Total old 2146304 (2.66%)
[2026-09-19T06:03:04.040+0000][10.817s][debug][gc,remset] GC(16) Coarsening (recent): Inline->AoC 431 (0) AoC->Howl 263 (0) Howl->Full 8 (0) Inline->AoC 1248 (0) AoC->BitMap 884 (0) BitMap->Full 85 (0) 
[2026-09-19T06:03:04.040+0000][10.817s][debug][gc,remset] GC(16) Coarsening (all): Inline->AoC 636 (0) AoC->Howl 409 (0) Howl->Full 11 (0) Inline->AoC 1813 (0) AoC->BitMap 1350 (0) BitMap->Full 123 (0) 
[2026-09-19T06:03:10.996+0000][17.773s][debug][gc,remset] GC(17) Visited cards 182400 Total dirty 606208 (30.09%) Total old 7438336 (2.45%)
[2026-09-19T06:03:11.063+0000][17.840s][debug][gc,remset] GC(17) Coarsening (recent): Inline->AoC 0 (0) AoC->Howl 0 (0) Howl->Full 0 (0) Inline->AoC 0 (0) AoC->BitMap 0 (0) BitMap->Full 0 (0) 
[2026-09-19T06:03:11.063+0000][17.840s][debug][gc,remset] GC(17) Coarsening (all): Inline->AoC 636 (0) AoC->Howl 409 (0) Howl->Full 11 (0) Inline->AoC 1813 (0) AoC->BitMap 1350 (0) BitMap->Full 123 (0) 
[2026-09-19T06:03:11.122+0000][17.899s][debug][gc,remset] GC(18) Visited cards 172672 Total dirty 606208 (28.48%) Total old 1589248 (10.87%)
[2026-09-19T06:03:11.166+0000][17.943s][debug][gc,remset] GC(18) Coarsening (recent): Inline->AoC 0 (0) AoC->Howl 0 (0) Howl->Full 0 (0) Inline->AoC 0 (0) AoC->BitMap 0 (0) BitMap->Full 0 (0) 
[2026-09-19T06:03:11.166+0000][17.943s][debug][gc,remset] GC(18) Coarsening (all): Inline->AoC 636 (0) AoC->Howl 409 (0) Howl->Full 11 (0) Inline->AoC 1813 (0) AoC->BitMap 1350 (0) BitMap->Full 123 (0) 
[2026-09-19T06:03:12.267+0000][19.044s][debug][gc,remset] GC(19) Visited cards 91520 Total dirty 704512 (12.99%) Total old 3784704 (2.42%)
[2026-09-19T06:03:12.302+0000][19.078s][debug][gc,remset] GC(19) Coarsening (recent): Inline->AoC 0 (0) AoC->Howl 0 (0) Howl->Full 0 (0) Inline->AoC 0 (0) AoC->BitMap 0 (0) BitMap->Full 0 (0) 
[2026-09-19T06:03:12.302+0000][19.078s][debug][gc,remset] GC(19) Coarsening (all): Inline->AoC 636 (0) AoC->Howl 409 (0) Howl->Full 11 (0) Inline->AoC 1813 (0) AoC->BitMap 1350 (0) BitMap->Full 123 (0) 
[2026-09-19T06:03:12.670+0000][19.447s][debug][gc,remset] GC(21) Visited cards 115712 Total dirty 819200 (14.12%) Total old 2342912 (4.94%)
[2026-09-19T06:03:12.707+0000][19.483s][debug][gc,remset] GC(21) Coarsening (recent): Inline->AoC 0 (0) AoC->Howl 0 (0) Howl->Full 0 (0) Inline->AoC 0 (0) AoC->BitMap 0 (0) BitMap->Full 0 (0) 
[2026-09-19T06:03:12.707+0000][19.483s][debug][gc,remset] GC(21) Coarsening (all): Inline->AoC 636 (0) AoC->Howl 409 (0) Howl->Full 11 (0) Inline->AoC 1813 (0) AoC->BitMap 1350 (0) BitMap->Full 123 (0) 
[2026-09-19T06:03:14.004+0000][20.781s][debug][gc,remset] GC(22) Visited cards 112256 Total dirty 917504 (12.23%) Total old 3981312 (2.82%)
[2026-09-19T06:03:14.031+0000][20.808s][debug][gc,remset] GC(22) Coarsening (recent): Inline->AoC 918 (0) AoC->Howl 454 (0) Howl->Full 6 (0) Inline->AoC 2433 (0) AoC->BitMap 1585 (0) BitMap->Full 63 (0) 
[2026-09-19T06:03:14.031+0000][20.808s][debug][gc,remset] GC(22) Coarsening (all): Inline->AoC 1554 (0) AoC->Howl 863 (0) Howl->Full 17 (0) Inline->AoC 4246 (0) AoC->BitMap 2935 (0) BitMap->Full 186 (0) 
[2026-09-19T06:03:17.156+0000][23.933s][debug][gc,remset] GC(23) Visited cards 188672 Total dirty 1015808 (18.57%) Total old 8945664 (2.11%)
[2026-09-19T06:03:17.221+0000][23.998s][debug][gc,remset] GC(23) Coarsening (recent): Inline->AoC 0 (0) AoC->Howl 0 (0) Howl->Full 0 (0) Inline->AoC 0 (0) AoC->BitMap 0 (0) BitMap->Full 0 (0) 
[2026-09-19T06:03:17.221+0000][23.998s][debug][gc,remset] GC(23) Coarsening (all): Inline->AoC 1554 (0) AoC->Howl 863 (0) Howl->Full 17 (0) Inline->AoC 4246 (0) AoC->BitMap 2935 (0) BitMap->Full 186 (0) 
[2026-09-19T06:03:17.516+0000][24.292s][debug][gc,remset] GC(24) Visited cards 157440 Total dirty 966656 (16.29%) Total old 2932736 (5.37%)
[2026-09-19T06:03:17.586+0000][24.363s][debug][gc,remset] GC(24) Coarsening (recent): Inline->AoC 0 (0) AoC->Howl 0 (0) Howl->Full 0 (0) Inline->AoC 0 (0) AoC->BitMap 0 (0) BitMap->Full 0 (0) 
[2026-09-19T06:03:17.586+0000][24.363s][debug][gc,remset] GC(24) Coarsening (all): Inline->AoC 1554 (0) AoC->Howl 863 (0) Howl->Full 17 (0) Inline->AoC 4246 (0) AoC->BitMap 2935 (0) BitMap->Full 186 (0) 
[2026-09-19T06:03:19.456+0000][26.233s][debug][gc,remset] GC(26) Visited cards 155904 Total dirty 1294336 (12.05%) Total old 6225920 (2.50%)
[2026-09-19T06:03:19.481+0000][26.258s][debug][gc,remset] GC(26) Coarsening (recent): Inline->AoC 1351 (0) AoC->Howl 659 (0) Howl->Full 6 (0) Inline->AoC 3600 (0) AoC->BitMap 2375 (0) BitMap->Full 63 (0) 
[2026-09-19T06:03:19.481+0000][26.258s][debug][gc,remset] GC(26) Coarsening (all): Inline->AoC 2905 (0) AoC->Howl 1522 (0) Howl->Full 23 (0) Inline->AoC 7846 (0) AoC->BitMap 5310 (0) BitMap->Full 249 (0) 
[2026-09-19T06:03:22.840+0000][29.617s][debug][gc,remset] GC(27) Visited cards 269440 Total dirty 1441792 (18.69%) Total old 11763712 (2.29%)
[2026-09-19T06:03:22.911+0000][29.688s][debug][gc,remset] GC(27) Coarsening (recent): Inline->AoC 0 (0) AoC->Howl 0 (0) Howl->Full 0 (0) Inline->AoC 0 (0) AoC->BitMap 0 (0) BitMap->Full 0 (0) 
[2026-09-19T06:03:22.911+0000][29.688s][debug][gc,remset] GC(27) Coarsening (all): Inline->AoC 2905 (0) AoC->Howl 1522 (0) Howl->Full 23 (0) Inline->AoC 7846 (0) AoC->BitMap 5310 (0) BitMap->Full 249 (0) 
[2026-09-19T06:03:22.917+0000][29.694s][debug][gc,remset] GC(28) Visited cards 153472 Total dirty 1261568 (12.17%) Total old 2605056 (5.89%)
[2026-09-19T06:03:22.973+0000][29.750s][debug][gc,remset] GC(28) Coarsening (recent): Inline->AoC 0 (0) AoC->Howl 0 (0) Howl->Full 0 (0) Inline->AoC 0 (0) AoC->BitMap 0 (0) BitMap->Full 0 (0) 
[2026-09-19T06:03:22.973+0000][29.750s][debug][gc,remset] GC(28) Coarsening (all): Inline->AoC 2905 (0) AoC->Howl 1522 (0) Howl->Full 23 (0) Inline->AoC 7846 (0) AoC->BitMap 5310 (0) BitMap->Full 249 (0) 
[2026-09-19T06:03:26.629+0000][33.406s][debug][gc,remset] GC(30) Visited cards 219520 Total dirty 1654784 (13.27%) Total old 11173888 (1.96%)
[2026-09-19T06:03:26.751+0000][33.527s][debug][gc,remset] GC(30) Coarsening (recent): Inline->AoC 1773 (0) AoC->Howl 879 (0) Howl->Full 6 (0) Inline->AoC 5026 (0) AoC->BitMap 3368 (0) BitMap->Full 68 (0) 
[2026-09-19T06:03:26.751+0000][33.527s][debug][gc,remset] GC(30) Coarsening (all): Inline->AoC 4678 (0) AoC->Howl 2401 (0) Howl->Full 29 (0) Inline->AoC 12872 (0) AoC->BitMap 8678 (0) BitMap->Full 317 (0) 
[2026-09-19T06:03:29.693+0000][36.469s][debug][gc,remset] GC(31) Visited cards 233216 Total dirty 1851392 (12.60%) Total old 11436032 (2.04%)
[2026-09-19T06:03:29.858+0000][36.635s][debug][gc,remset] GC(31) Coarsening (recent): Inline->AoC 0 (0) AoC->Howl 0 (0) Howl->Full 0 (0) Inline->AoC 0 (0) AoC->BitMap 0 (0) BitMap->Full 0 (0) 
[2026-09-19T06:03:29.858+0000][36.635s][debug][gc,remset] GC(31) Coarsening (all): Inline->AoC 4678 (0) AoC->Howl 2401 (0) Howl->Full 29 (0) Inline->AoC 12872 (0) AoC->BitMap 8678 (0) BitMap->Full 317 (0) 
[2026-09-19T06:03:32.016+0000][38.792s][debug][gc,remset] GC(32) Visited cards 269824 Total dirty 2162688 (12.48%) Total old 10403840 (2.59%)
[2026-09-19T06:03:32.157+0000][38.934s][debug][gc,remset] GC(32) Coarsening (recent): Inline->AoC 0 (0) AoC->Howl 0 (0) Howl->Full 0 (0) Inline->AoC 0 (0) AoC->BitMap 0 (0) BitMap->Full 0 (0) 
[2026-09-19T06:03:32.157+0000][38.934s][debug][gc,remset] GC(32) Coarsening (all): Inline->AoC 4678 (0) AoC->Howl 2401 (0) Howl->Full 29 (0) Inline->AoC 12872 (0) AoC->BitMap 8678 (0) BitMap->Full 317 (0) 
[2026-09-19T06:03:37.892+0000][44.669s][debug][gc,remset] GC(33) Visited cards 1345280 Total dirty 2637824 (51.00%) Total old 9601024 (14.01%)
[2026-09-19T06:03:38.029+0000][44.806s][debug][gc,remset] GC(33) Coarsening (recent): Inline->AoC 0 (0) AoC->Howl 0 (0) Howl->Full 0 (0) Inline->AoC 0 (0) AoC->BitMap 0 (0) BitMap->Full 0 (0) 
[2026-09-19T06:03:38.029+0000][44.806s][debug][gc,remset] GC(33) Coarsening (all): Inline->AoC 4678 (0) AoC->Howl 2401 (0) Howl->Full 29 (0) Inline->AoC 12872 (0) AoC->BitMap 8678 (0) BitMap->Full 317 (0) 
[2026-09-19T06:03:38.565+0000][45.342s][debug][gc,remset] GC(35) Visited cards 1569536 Total dirty 3014656 (52.06%) Total old 5439488 (28.85%)
[2026-09-19T06:03:38.640+0000][45.417s][debug][gc,remset] GC(35) Coarsening (recent): Inline->AoC 0 (0) AoC->Howl 0 (0) Howl->Full 0 (0) Inline->AoC 0 (0) AoC->BitMap 0 (0) BitMap->Full 0 (0) 
[2026-09-19T06:03:38.640+0000][45.417s][debug][gc,remset] GC(35) Coarsening (all): Inline->AoC 4678 (0) AoC->Howl 2401 (0) Howl->Full 29 (0) Inline->AoC 12872 (0) AoC->BitMap 8678 (0) BitMap->Full 317 (0) 
[2026-09-19T06:03:44.105+0000][50.881s][debug][gc,remset] GC(36) Visited cards 1481344 Total dirty 3342336 (44.32%) Total old 8929280 (16.59%)
[2026-09-19T06:03:44.168+0000][50.945s][debug][gc,remset] GC(36) Coarsening (recent): Inline->AoC 4015 (0) AoC->Howl 1867 (0) Howl->Full 6 (0) Inline->AoC 10294 (0) AoC->BitMap 6270 (0) BitMap->Full 81 (0) 
[2026-09-19T06:03:44.168+0000][50.945s][debug][gc,remset] GC(36) Coarsening (all): Inline->AoC 8693 (0) AoC->Howl 4268 (0) Howl->Full 35 (0) Inline->AoC 23166 (0) AoC->BitMap 14948 (0) BitMap->Full 398 (0) 
[2026-09-19T06:03:47.199+0000][53.976s][debug][gc,remset] GC(37) Visited cards 1598720 Total dirty 3342336 (47.83%) Total old 10649600 (15.01%)
[2026-09-19T06:03:47.300+0000][54.077s][debug][gc,remset] GC(37) Coarsening (recent): Inline->AoC 0 (0) AoC->Howl 0 (0) Howl->Full 0 (0) Inline->AoC 0 (0) AoC->BitMap 0 (0) BitMap->Full 0 (0) 
[2026-09-19T06:03:47.300+0000][54.077s][debug][gc,remset] GC(37) Coarsening (all): Inline->AoC 8693 (0) AoC->Howl 4268 (0) Howl->Full 35 (0) Inline->AoC 23166 (0) AoC->BitMap 14948 (0) BitMap->Full 398 (0) 
[2026-09-19T06:03:48.789+0000][55.566s][debug][gc,remset] GC(38) Visited cards 1366400 Total dirty 3473408 (39.34%) Total old 7897088 (17.30%)
[2026-09-19T06:03:48.877+0000][55.654s][debug][gc,remset] GC(38) Coarsening (recent): Inline->AoC 2070 (0) AoC->Howl 508 (0) Howl->Full 0 (0) Inline->AoC 2011 (0) AoC->BitMap 411 (0) BitMap->Full 0 (0) 
[2026-09-19T06:03:48.877+0000][55.654s][debug][gc,remset] GC(38) Coarsening (all): Inline->AoC 10763 (0) AoC->Howl 4776 (0) Howl->Full 35 (0) Inline->AoC 25177 (0) AoC->BitMap 15359 (0) BitMap->Full 398 (0) 
[2026-09-19T06:03:51.349+0000][58.125s][debug][gc,remset] GC(40) Visited cards 1485696 Total dirty 3751936 (39.60%) Total old 9355264 (15.88%)
[2026-09-19T06:03:51.436+0000][58.213s][debug][gc,remset] GC(40) Coarsening (recent): Inline->AoC 4361 (0) AoC->Howl 980 (0) Howl->Full 0 (0) Inline->AoC 4999 (0) AoC->BitMap 751 (0) BitMap->Full 0 (0) 
[2026-09-19T06:03:51.436+0000][58.213s][debug][gc,remset] GC(40) Coarsening (all): Inline->AoC 15124 (0) AoC->Howl 5756 (0) Howl->Full 35 (0) Inline->AoC 30176 (0) AoC->BitMap 16110 (0) BitMap->Full 398 (0) 
[2026-09-19T06:03:53.003+0000][59.779s][debug][gc,remset] GC(41) Visited cards 1464320 Total dirty 3702784 (39.55%) Total old 8224768 (17.80%)
[2026-09-19T06:03:53.104+0000][59.881s][debug][gc,remset] GC(41) Coarsening (recent): Inline->AoC 6177 (0) AoC->Howl 2786 (0) Howl->Full 6 (0) Inline->AoC 15160 (0) AoC->BitMap 8343 (1) BitMap->Full 79 (0) 
[2026-09-19T06:03:53.104+0000][59.881s][debug][gc,remset] GC(41) Coarsening (all): Inline->AoC 21301 (0) AoC->Howl 8542 (0) Howl->Full 41 (0) Inline->AoC 45336 (0) AoC->BitMap 24453 (1) BitMap->Full 477 (0) 
[2026-09-19T06:03:54.978+0000][61.755s][debug][gc,remset] GC(42) Visited cards 1547264 Total dirty 3932160 (39.35%) Total old 10403840 (14.87%)
[2026-09-19T06:03:55.067+0000][61.844s][debug][gc,remset] GC(42) Coarsening (recent): Inline->AoC 5853 (1) AoC->Howl 1596 (1) Howl->Full 0 (0) Inline->AoC 7944 (8) AoC->BitMap 1542 (13) BitMap->Full 0 (0) 
[2026-09-19T06:03:55.067+0000][61.844s][debug][gc,remset] GC(42) Coarsening (all): Inline->AoC 27154 (1) AoC->Howl 10138 (1) Howl->Full 41 (0) Inline->AoC 53280 (8) AoC->BitMap 25995 (14) BitMap->Full 477 (0) 
[2026-09-19T06:03:56.492+0000][63.269s][debug][gc,remset] GC(43) Visited cards 1812224 Total dirty 4046848 (44.78%) Total old 10731520 (16.89%)
[2026-09-19T06:03:56.606+0000][63.383s][debug][gc,remset] GC(43) Coarsening (recent): Inline->AoC 4414 (0) AoC->Howl 1059 (0) Howl->Full 0 (0) Inline->AoC 5453 (0) AoC->BitMap 739 (0) BitMap->Full 0 (0) 
[2026-09-19T06:03:56.606+0000][63.383s][debug][gc,remset] GC(43) Coarsening (all): Inline->AoC 31568 (1) AoC->Howl 11197 (1) Howl->Full 41 (0) Inline->AoC 58733 (8) AoC->BitMap 26734 (14) BitMap->Full 477 (0) 
[2026-09-19T06:03:58.047+0000][64.824s][debug][gc,remset] GC(44) Visited cards 1797120 Total dirty 3981312 (45.14%) Total old 10469376 (17.17%)
[2026-09-19T06:03:58.140+0000][64.917s][debug][gc,remset] GC(44) Coarsening (recent): Inline->AoC 5035 (0) AoC->Howl 1348 (1) Howl->Full 0 (0) Inline->AoC 6995 (0) AoC->BitMap 879 (0) BitMap->Full 0 (0) 
[2026-09-19T06:03:58.140+0000][64.917s][debug][gc,remset] GC(44) Coarsening (all): Inline->AoC 36603 (1) AoC->Howl 12545 (2) Howl->Full 41 (0) Inline->AoC 65728 (8) AoC->BitMap 27613 (14) BitMap->Full 477 (0) 
[2026-09-19T06:03:59.937+0000][66.714s][debug][gc,remset] GC(46) Visited cards 1935744 Total dirty 4096000 (47.26%) Total old 10338304 (18.72%)
[2026-09-19T06:04:00.048+0000][66.825s][debug][gc,remset] GC(46) Coarsening (recent): Inline->AoC 5976 (3) AoC->Howl 1963 (4) Howl->Full 0 (0) Inline->AoC 10268 (2) AoC->BitMap 1410 (0) BitMap->Full 0 (0) 
[2026-09-19T06:04:00.048+0000][66.825s][debug][gc,remset] GC(46) Coarsening (all): Inline->AoC 42579 (4) AoC->Howl 14508 (6) Howl->Full 41 (0) Inline->AoC 75996 (10) AoC->BitMap 29023 (14) BitMap->Full 477 (0) 
[2026-09-19T06:04:02.082+0000][68.859s][debug][gc,remset] GC(47) Visited cards 2172544 Total dirty 4292608 (50.61%) Total old 11190272 (19.41%)
[2026-09-19T06:04:02.181+0000][68.958s][debug][gc,remset] GC(47) Coarsening (recent): Inline->AoC 10939 (2) AoC->Howl 4513 (3) Howl->Full 6 (0) Inline->AoC 25858 (1) AoC->BitMap 10665 (1) BitMap->Full 73 (0) 
[2026-09-19T06:04:02.181+0000][68.958s][debug][gc,remset] GC(47) Coarsening (all): Inline->AoC 53518 (6) AoC->Howl 19021 (9) Howl->Full 47 (0) Inline->AoC 101854 (11) AoC->BitMap 39688 (15) BitMap->Full 550 (0) 
[2026-09-19T06:04:03.733+0000][70.510s][debug][gc,remset] GC(48) Visited cards 2193408 Total dirty 4374528 (50.14%) Total old 10797056 (20.31%)
[2026-09-19T06:04:03.851+0000][70.628s][debug][gc,remset] GC(48) Coarsening (recent): Inline->AoC 7294 (0) AoC->Howl 2497 (4) Howl->Full 0 (0) Inline->AoC 13260 (1) AoC->BitMap 3269 (2) BitMap->Full 4 (0) 
[2026-09-19T06:04:03.851+0000][70.628s][debug][gc,remset] GC(48) Coarsening (all): Inline->AoC 60812 (6) AoC->Howl 21518 (13) Howl->Full 47 (0) Inline->AoC 115114 (12) AoC->BitMap 42957 (17) BitMap->Full 554 (0) 
[2026-09-19T06:04:05.256+0000][72.032s][debug][gc,remset] GC(49) Visited cards 2430848 Total dirty 4653056 (52.24%) Total old 11223040 (21.66%)
[2026-09-19T06:04:05.384+0000][72.161s][debug][gc,remset] GC(49) Coarsening (recent): Inline->AoC 6279 (0) AoC->Howl 2497 (2) Howl->Full 0 (0) Inline->AoC 13519 (0) AoC->BitMap 1894 (1) BitMap->Full 0 (0) 
[2026-09-19T06:04:05.384+0000][72.161s][debug][gc,remset] GC(49) Coarsening (all): Inline->AoC 67091 (6) AoC->Howl 24015 (15) Howl->Full 47 (0) Inline->AoC 128633 (12) AoC->BitMap 44851 (18) BitMap->Full 554 (0) 
[2026-09-19T06:04:06.860+0000][73.637s][debug][gc,remset] GC(50) Visited cards 2337792 Total dirty 4653056 (50.24%) Total old 10960896 (21.33%)
[2026-09-19T06:04:06.958+0000][73.735s][debug][gc,remset] GC(50) Coarsening (recent): Inline->AoC 6375 (0) AoC->Howl 2569 (1) Howl->Full 0 (0) Inline->AoC 14106 (2) AoC->BitMap 2170 (2) BitMap->Full 0 (0) 
[2026-09-19T06:04:06.958+0000][73.735s][debug][gc,remset] GC(50) Coarsening (all): Inline->AoC 73466 (6) AoC->Howl 26584 (16) Howl->Full 47 (0) Inline->AoC 142739 (14) AoC->BitMap 47021 (20) BitMap->Full 554 (0) 
[2026-09-19T06:04:09.026+0000][75.803s][debug][gc,remset] GC(52) Visited cards 2384768 Total dirty 4685824 (50.89%) Total old 11091968 (21.50%)
[2026-09-19T06:04:09.145+0000][75.922s][debug][gc,remset] GC(52) Coarsening (recent): Inline->AoC 6716 (0) AoC->Howl 2844 (0) Howl->Full 0 (0) Inline->AoC 15615 (0) AoC->BitMap 2911 (0) BitMap->Full 0 (0) 
[2026-09-19T06:04:09.145+0000][75.922s][debug][gc,remset] GC(52) Coarsening (all): Inline->AoC 80182 (6) AoC->Howl 29428 (16) Howl->Full 47 (0) Inline->AoC 158354 (14) AoC->BitMap 49932 (20) BitMap->Full 554 (0) 
[2026-09-19T06:04:11.006+0000][77.782s][debug][gc,remset] GC(53) Visited cards 2448128 Total dirty 4833280 (50.65%) Total old 11091968 (22.07%)
[2026-09-19T06:04:11.129+0000][77.906s][debug][gc,remset] GC(53) Coarsening (recent): Inline->AoC 11310 (0) AoC->Howl 5249 (2) Howl->Full 6 (0) Inline->AoC 30786 (0) AoC->BitMap 11920 (3) BitMap->Full 64 (0) 
[2026-09-19T06:04:11.129+0000][77.906s][debug][gc,remset] GC(53) Coarsening (all): Inline->AoC 91492 (6) AoC->Howl 34677 (18) Howl->Full 53 (0) Inline->AoC 189140 (14) AoC->BitMap 61852 (23) BitMap->Full 618 (0) 
[2026-09-19T06:04:13.001+0000][79.778s][debug][gc,remset] GC(54) Visited cards 2520192 Total dirty 4964352 (50.77%) Total old 11796480 (21.36%)
[2026-09-19T06:04:13.120+0000][79.897s][debug][gc,remset] GC(54) Coarsening (recent): Inline->AoC 9979 (0) AoC->Howl 3998 (0) Howl->Full 0 (0) Inline->AoC 21655 (1) AoC->BitMap 6657 (1) BitMap->Full 12 (0) 
[2026-09-19T06:04:13.120+0000][79.897s][debug][gc,remset] GC(54) Coarsening (all): Inline->AoC 101471 (6) AoC->Howl 38675 (18) Howl->Full 53 (0) Inline->AoC 210795 (15) AoC->BitMap 68509 (24) BitMap->Full 630 (0) 
[2026-09-19T06:04:14.691+0000][81.468s][debug][gc,remset] GC(55) Visited cards 2687360 Total dirty 5013504 (53.60%) Total old 12009472 (22.38%)
[2026-09-19T06:04:14.821+0000][81.598s][debug][gc,remset] GC(55) Coarsening (recent): Inline->AoC 8205 (0) AoC->Howl 3291 (0) Howl->Full 0 (0) Inline->AoC 17984 (0) AoC->BitMap 3571 (0) BitMap->Full 0 (0) 
[2026-09-19T06:04:14.821+0000][81.598s][debug][gc,remset] GC(55) Coarsening (all): Inline->AoC 109676 (6) AoC->Howl 41966 (18) Howl->Full 53 (0) Inline->AoC 228779 (15) AoC->BitMap 72080 (24) BitMap->Full 630 (0) 
[2026-09-19T06:04:16.411+0000][83.188s][debug][gc,remset] GC(56) Visited cards 2713472 Total dirty 5029888 (53.95%) Total old 11927552 (22.75%)
[2026-09-19T06:04:16.530+0000][83.306s][debug][gc,remset] GC(56) Coarsening (recent): Inline->AoC 8151 (0) AoC->Howl 3391 (7) Howl->Full 0 (0) Inline->AoC 18443 (4) AoC->BitMap 3147 (4) BitMap->Full 0 (0) 
[2026-09-19T06:04:16.530+0000][83.306s][debug][gc,remset] GC(56) Coarsening (all): Inline->AoC 117827 (6) AoC->Howl 45357 (25) Howl->Full 53 (0) Inline->AoC 247222 (19) AoC->BitMap 75227 (28) BitMap->Full 630 (0) 
[2026-09-19T06:04:18.905+0000][85.681s][debug][gc,remset] GC(58) Visited cards 2826496 Total dirty 5210112 (54.25%) Total old 13254656 (21.32%)
[2026-09-19T06:04:19.030+0000][85.807s][debug][gc,remset] GC(58) Coarsening (recent): Inline->AoC 9878 (0) AoC->Howl 4218 (1) Howl->Full 0 (0) Inline->AoC 23465 (0) AoC->BitMap 4023 (0) BitMap->Full 0 (0) 
[2026-09-19T06:04:19.030+0000][85.807s][debug][gc,remset] GC(58) Coarsening (all): Inline->AoC 127705 (6) AoC->Howl 49575 (26) Howl->Full 53 (0) Inline->AoC 270687 (19) AoC->BitMap 79250 (28) BitMap->Full 630 (0) 
[2026-09-19T06:04:21.387+0000][88.163s][debug][gc,remset] GC(59) Visited cards 2926592 Total dirty 5341184 (54.79%) Total old 13205504 (22.16%)
[2026-09-19T06:04:21.533+0000][88.310s][debug][gc,remset] GC(59) Coarsening (recent): Inline->AoC 14755 (0) AoC->Howl 6750 (5) Howl->Full 6 (0) Inline->AoC 39842 (1) AoC->BitMap 15671 (0) BitMap->Full 66 (0) 
[2026-09-19T06:04:21.533+0000][88.310s][debug][gc,remset] GC(59) Coarsening (all): Inline->AoC 142460 (6) AoC->Howl 56325 (31) Howl->Full 59 (0) Inline->AoC 310529 (20) AoC->BitMap 94921 (28) BitMap->Full 696 (0) 
[2026-09-19T06:04:23.633+0000][90.410s][debug][gc,remset] GC(60) Visited cards 3041024 Total dirty 5406720 (56.25%) Total old 13615104 (22.34%)
[2026-09-19T06:04:23.771+0000][90.548s][debug][gc,remset] GC(60) Coarsening (recent): Inline->AoC 11071 (7) AoC->Howl 4188 (10) Howl->Full 0 (0) Inline->AoC 23265 (11) AoC->BitMap 6031 (33) BitMap->Full 6 (0) 
[2026-09-19T06:04:23.771+0000][90.548s][debug][gc,remset] GC(60) Coarsening (all): Inline->AoC 153531 (13) AoC->Howl 60513 (41) Howl->Full 59 (0) Inline->AoC 333794 (31) AoC->BitMap 100952 (61) BitMap->Full 702 (0) 
[2026-09-19T06:04:25.325+0000][92.102s][debug][gc,remset] GC(61) Visited cards 3259264 Total dirty 5472256 (59.56%) Total old 12681216 (25.70%)
[2026-09-19T06:04:25.464+0000][92.241s][debug][gc,remset] GC(61) Coarsening (recent): Inline->AoC 8644 (1) AoC->Howl 3489 (2) Howl->Full 0 (0) Inline->AoC 19439 (3) AoC->BitMap 3650 (1) BitMap->Full 0 (0) 
[2026-09-19T06:04:25.464+0000][92.241s][debug][gc,remset] GC(61) Coarsening (all): Inline->AoC 162175 (14) AoC->Howl 64002 (43) Howl->Full 59 (0) Inline->AoC 353233 (34) AoC->BitMap 104602 (62) BitMap->Full 702 (0) 
[2026-09-19T06:04:27.147+0000][93.924s][debug][gc,remset] GC(62) Visited cards 3339136 Total dirty 5537792 (60.30%) Total old 13598720 (24.55%)
[2026-09-19T06:04:27.280+0000][94.057s][debug][gc,remset] GC(62) Coarsening (recent): Inline->AoC 10418 (0) AoC->Howl 4120 (1) Howl->Full 0 (0) Inline->AoC 22845 (0) AoC->BitMap 3811 (0) BitMap->Full 0 (0) 
[2026-09-19T06:04:27.280+0000][94.057s][debug][gc,remset] GC(62) Coarsening (all): Inline->AoC 172593 (14) AoC->Howl 68122 (44) Howl->Full 59 (0) Inline->AoC 376078 (34) AoC->BitMap 108413 (62) BitMap->Full 702 (0) 
[2026-09-19T06:04:29.696+0000][96.473s][debug][gc,remset] GC(64) Visited cards 3402496 Total dirty 5685248 (59.85%) Total old 13615104 (24.99%)
[2026-09-19T06:04:29.837+0000][96.613s][debug][gc,remset] GC(64) Coarsening (recent): Inline->AoC 10282 (0) AoC->Howl 3999 (1) Howl->Full 0 (0) Inline->AoC 22475 (0) AoC->BitMap 4426 (1) BitMap->Full 0 (0) 
[2026-09-19T06:04:29.837+0000][96.613s][debug][gc,remset] GC(64) Coarsening (all): Inline->AoC 182875 (14) AoC->Howl 72121 (45) Howl->Full 59 (0) Inline->AoC 398553 (34) AoC->BitMap 112839 (63) BitMap->Full 702 (0) 
[2026-09-19T06:04:32.207+0000][98.984s][debug][gc,remset] GC(65) Visited cards 3406336 Total dirty 5849088 (58.24%) Total old 13582336 (25.08%)
[2026-09-19T06:04:32.358+0000][99.134s][debug][gc,remset] GC(65) Coarsening (recent): Inline->AoC 15807 (0) AoC->Howl 7183 (0) Howl->Full 6 (0) Inline->AoC 43045 (0) AoC->BitMap 16890 (3) BitMap->Full 66 (0) 
[2026-09-19T06:04:32.358+0000][99.134s][debug][gc,remset] GC(65) Coarsening (all): Inline->AoC 198682 (14) AoC->Howl 79304 (45) Howl->Full 65 (0) Inline->AoC 441598 (34) AoC->BitMap 129729 (66) BitMap->Full 768 (0) 
[2026-09-19T06:04:34.485+0000][101.262s][debug][gc,remset] GC(66) Visited cards 3443968 Total dirty 6029312 (57.12%) Total old 14336000 (24.02%)
[2026-09-19T06:04:34.623+0000][101.400s][debug][gc,remset] GC(66) Coarsening (recent): Inline->AoC 12219 (2) AoC->Howl 4866 (17) Howl->Full 0 (0) Inline->AoC 27103 (10) AoC->BitMap 6896 (20) BitMap->Full 6 (0) 
[2026-09-19T06:04:34.623+0000][101.400s][debug][gc,remset] GC(66) Coarsening (all): Inline->AoC 210901 (16) AoC->Howl 84170 (62) Howl->Full 65 (0) Inline->AoC 468701 (44) AoC->BitMap 136625 (86) BitMap->Full 774 (0) 
[2026-09-19T06:04:36.412+0000][103.189s][debug][gc,remset] GC(67) Visited cards 3615872 Total dirty 6094848 (59.33%) Total old 14532608 (24.88%)
[2026-09-19T06:04:36.545+0000][103.321s][debug][gc,remset] GC(67) Coarsening (recent): Inline->AoC 10985 (1) AoC->Howl 4588 (3) Howl->Full 0 (0) Inline->AoC 25850 (2) AoC->BitMap 4612 (0) BitMap->Full 0 (0) 
[2026-09-19T06:04:36.545+0000][103.321s][debug][gc,remset] GC(67) Coarsening (all): Inline->AoC 221886 (17) AoC->Howl 88758 (65) Howl->Full 65 (0) Inline->AoC 494551 (46) AoC->BitMap 141237 (86) BitMap->Full 774 (0) 
[2026-09-19T06:04:38.407+0000][105.184s][debug][gc,remset] GC(68) Visited cards 3503360 Total dirty 6127616 (57.17%) Total old 14581760 (24.03%)
[2026-09-19T06:04:38.533+0000][105.310s][debug][gc,remset] GC(68) Coarsening (recent): Inline->AoC 10230 (0) AoC->Howl 4313 (0) Howl->Full 0 (0) Inline->AoC 24368 (0) AoC->BitMap 4897 (2) BitMap->Full 0 (0) 
[2026-09-19T06:04:38.533+0000][105.310s][debug][gc,remset] GC(68) Coarsening (all): Inline->AoC 232116 (17) AoC->Howl 93071 (65) Howl->Full 65 (0) Inline->AoC 518919 (46) AoC->BitMap 146134 (88) BitMap->Full 774 (0) 
[2026-09-19T06:04:40.935+0000][107.712s][debug][gc,remset] GC(70) Visited cards 3532032 Total dirty 6160384 (57.33%) Total old 14598144 (24.20%)
[2026-09-19T06:04:41.047+0000][107.824s][debug][gc,remset] GC(70) Coarsening (recent): Inline->AoC 11236 (0) AoC->Howl 4706 (1) Howl->Full 0 (0) Inline->AoC 26969 (1) AoC->BitMap 4868 (0) BitMap->Full 0 (0) 
[2026-09-19T06:04:41.047+0000][107.824s][debug][gc,remset] GC(70) Coarsening (all): Inline->AoC 243352 (17) AoC->Howl 97777 (66) Howl->Full 65 (0) Inline->AoC 545888 (47) AoC->BitMap 151002 (88) BitMap->Full 774 (0) 
[2026-09-19T06:04:43.610+0000][110.386s][debug][gc,remset] GC(71) Visited cards 3548800 Total dirty 6160384 (57.61%) Total old 14565376 (24.36%)
[2026-09-19T06:04:43.743+0000][110.520s][debug][gc,remset] GC(71) Coarsening (recent): Inline->AoC 14754 (0) AoC->Howl 6763 (2) Howl->Full 6 (0) Inline->AoC 40404 (2) AoC->BitMap 13464 (5) BitMap->Full 59 (0) 
[2026-09-19T06:04:43.743+0000][110.520s][debug][gc,remset] GC(71) Coarsening (all): Inline->AoC 258106 (17) AoC->Howl 104540 (68) Howl->Full 71 (0) Inline->AoC 586292 (49) AoC->BitMap 164466 (93) BitMap->Full 833 (0) 
[2026-09-19T06:04:46.457+0000][113.234s][debug][gc,remset] GC(72) Visited cards 3564800 Total dirty 6193152 (57.56%) Total old 15220736 (23.42%)
[2026-09-19T06:04:46.587+0000][113.364s][debug][gc,remset] GC(72) Coarsening (recent): Inline->AoC 13189 (2) AoC->Howl 5728 (10) Howl->Full 0 (0) Inline->AoC 33772 (8) AoC->BitMap 11620 (17) BitMap->Full 13 (0) 
[2026-09-19T06:04:46.587+0000][113.364s][debug][gc,remset] GC(72) Coarsening (all): Inline->AoC 271295 (19) AoC->Howl 110268 (78) Howl->Full 71 (0) Inline->AoC 620064 (57) AoC->BitMap 176086 (110) BitMap->Full 846 (0) 
[2026-09-19T06:04:49.412+0000][116.189s][debug][gc,remset] GC(73) Visited cards 3593600 Total dirty 6209536 (57.87%) Total old 17317888 (20.75%)
[2026-09-19T06:04:49.540+0000][116.316s][debug][gc,remset] GC(73) Coarsening (recent): Inline->AoC 14925 (3) AoC->Howl 6476 (8) Howl->Full 0 (0) Inline->AoC 37178 (9) AoC->BitMap 5956 (19) BitMap->Full 1 (0) 
[2026-09-19T06:04:49.540+0000][116.316s][debug][gc,remset] GC(73) Coarsening (all): Inline->AoC 286220 (22) AoC->Howl 116744 (86) Howl->Full 71 (0) Inline->AoC 657242 (66) AoC->BitMap 182042 (129) BitMap->Full 847 (0) 
[2026-09-19T06:04:51.922+0000][118.699s][debug][gc,remset] GC(74) Visited cards 3896192 Total dirty 6324224 (61.61%) Total old 15597568 (24.98%)
[2026-09-19T06:04:52.091+0000][118.868s][debug][gc,remset] GC(74) Coarsening (recent): Inline->AoC 11889 (0) AoC->Howl 5022 (0) Howl->Full 0 (0) Inline->AoC 28901 (0) AoC->BitMap 4882 (0) BitMap->Full 0 (0) 
[2026-09-19T06:04:52.091+0000][118.868s][debug][gc,remset] GC(74) Coarsening (all): Inline->AoC 298109 (22) AoC->Howl 121766 (86) Howl->Full 71 (0) Inline->AoC 686143 (66) AoC->BitMap 186924 (129) BitMap->Full 847 (0) 
[2026-09-19T06:04:55.002+0000][121.779s][debug][gc,remset] GC(75) Visited cards 3606528 Total dirty 6111232 (59.01%) Total old 18104320 (19.92%)
[2026-09-19T06:04:55.132+0000][121.909s][debug][gc,remset] GC(75) Coarsening (recent): Inline->AoC 15745 (0) AoC->Howl 6783 (1) Howl->Full 0 (0) Inline->AoC 38894 (1) AoC->BitMap 5871 (0) BitMap->Full 0 (0) 
[2026-09-19T06:04:55.132+0000][121.909s][debug][gc,remset] GC(75) Coarsening (all): Inline->AoC 313854 (22) AoC->Howl 128549 (87) Howl->Full 71 (0) Inline->AoC 725037 (67) AoC->BitMap 192795 (129) BitMap->Full 847 (0) 
[2026-09-19T06:04:58.563+0000][125.339s][debug][gc,remset] GC(77) Visited cards 3628032 Total dirty 6144000 (59.05%) Total old 17743872 (20.45%)
[2026-09-19T06:04:58.694+0000][125.471s][debug][gc,remset] GC(77) Coarsening (recent): Inline->AoC 14368 (0) AoC->Howl 6267 (1) Howl->Full 0 (0) Inline->AoC 35878 (0) AoC->BitMap 5760 (1) BitMap->Full 0 (0) 
[2026-09-19T06:04:58.694+0000][125.471s][debug][gc,remset] GC(77) Coarsening (all): Inline->AoC 328222 (22) AoC->Howl 134816 (88) Howl->Full 71 (0) Inline->AoC 760915 (67) AoC->BitMap 198555 (130) BitMap->Full 847 (0) 
[2026-09-19T06:05:02.600+0000][129.377s][debug][gc,remset] GC(78) Visited cards 3647744 Total dirty 6160384 (59.21%) Total old 18857984 (19.34%)
[2026-09-19T06:05:02.751+0000][129.527s][debug][gc,remset] GC(78) Coarsening (recent): Inline->AoC 23877 (0) AoC->Howl 10034 (1) Howl->Full 6 (0) Inline->AoC 59937 (0) AoC->BitMap 21607 (0) BitMap->Full 72 (0) 
[2026-09-19T06:05:02.751+0000][129.527s][debug][gc,remset] GC(78) Coarsening (all): Inline->AoC 352099 (22) AoC->Howl 144850 (89) Howl->Full 77 (0) Inline->AoC 820852 (67) AoC->BitMap 220162 (130) BitMap->Full 919 (0) 
[2026-09-19T06:05:05.550+0000][132.327s][debug][gc,remset] GC(79) Visited cards 3668096 Total dirty 6144000 (59.70%) Total old 17711104 (20.71%)
[2026-09-19T06:05:05.690+0000][132.467s][debug][gc,remset] GC(79) Coarsening (recent): Inline->AoC 14007 (2) AoC->Howl 5864 (10) Howl->Full 0 (0) Inline->AoC 33630 (8) AoC->BitMap 5709 (23) BitMap->Full 1 (0) 
[2026-09-19T06:05:05.690+0000][132.467s][debug][gc,remset] GC(79) Coarsening (all): Inline->AoC 366106 (24) AoC->Howl 150714 (99) Howl->Full 77 (0) Inline->AoC 854482 (75) AoC->BitMap 225871 (153) BitMap->Full 920 (0) 
[2026-09-19T06:05:07.928+0000][134.705s][debug][gc,remset] GC(80) Visited cards 3810944 Total dirty 6258688 (60.89%) Total old 15466496 (24.64%)
[2026-09-19T06:05:08.070+0000][134.847s][debug][gc,remset] GC(80) Visited cards 65024 Total dirty 2654208 (2.45%) Total old 15974400 (0.41%)
[2026-09-19T06:05:08.075+0000][134.852s][debug][gc,remset] GC(80) Coarsening (recent): Inline->AoC 11728 (0) AoC->Howl 4921 (0) Howl->Full 0 (0) Inline->AoC 28248 (0) AoC->BitMap 5041 (0) BitMap->Full 0 (0) 
[2026-09-19T06:05:08.075+0000][134.852s][debug][gc,remset] GC(80) Coarsening (all): Inline->AoC 377834 (24) AoC->Howl 155635 (99) Howl->Full 77 (0) Inline->AoC 882730 (75) AoC->BitMap 230912 (153) BitMap->Full 920 (0) 
[2026-09-19T06:05:10.943+0000][137.719s][debug][gc,remset] GC(81) Visited cards 3685888 Total dirty 6176768 (59.67%) Total old 18808832 (19.60%)
[2026-09-19T06:05:11.070+0000][137.847s][debug][gc,remset] GC(81) Coarsening (recent): Inline->AoC 18420 (0) AoC->Howl 7492 (4) Howl->Full 0 (0) Inline->AoC 42419 (2) AoC->BitMap 5823 (0) BitMap->Full 0 (0) 
[2026-09-19T06:05:11.070+0000][137.847s][debug][gc,remset] GC(81) Coarsening (all): Inline->AoC 396254 (24) AoC->Howl 163127 (103) Howl->Full 77 (0) Inline->AoC 925149 (77) AoC->BitMap 236735 (153) BitMap->Full 920 (0) 
[2026-09-19T06:05:15.026+0000][141.802s][debug][gc,remset] GC(83) Visited cards 3704960 Total dirty 6225920 (59.51%) Total old 18808832 (19.70%)
[2026-09-19T06:05:15.162+0000][141.939s][debug][gc,remset] GC(83) Coarsening (recent): Inline->AoC 19702 (3) AoC->Howl 8053 (4) Howl->Full 0 (0) Inline->AoC 45991 (6) AoC->BitMap 7265 (1) BitMap->Full 0 (0) 
[2026-09-19T06:05:15.162+0000][141.939s][debug][gc,remset] GC(83) Coarsening (all): Inline->AoC 415956 (27) AoC->Howl 171180 (107) Howl->Full 77 (0) Inline->AoC 971140 (83) AoC->BitMap 244000 (154) BitMap->Full 920 (0) 
[2026-09-19T06:05:18.571+0000][145.348s][debug][gc,remset] GC(84) Visited cards 3715712 Total dirty 6209536 (59.84%) Total old 18808832 (19.76%)
[2026-09-19T06:05:18.713+0000][145.490s][debug][gc,remset] GC(84) Coarsening (recent): Inline->AoC 23002 (5) AoC->Howl 9631 (14) Howl->Full 6 (0) Inline->AoC 57752 (12) AoC->BitMap 20503 (29) BitMap->Full 69 (0) 
[2026-09-19T06:05:18.713+0000][145.490s][debug][gc,remset] GC(84) Coarsening (all): Inline->AoC 438958 (32) AoC->Howl 180811 (121) Howl->Full 83 (0) Inline->AoC 1028892 (95) AoC->BitMap 264503 (183) BitMap->Full 989 (0) 
[2026-09-19T06:05:21.638+0000][148.415s][debug][gc,remset] GC(85) Visited cards 3727616 Total dirty 6176768 (60.35%) Total old 18808832 (19.82%)
[2026-09-19T06:05:21.771+0000][148.548s][debug][gc,remset] GC(85) Coarsening (recent): Inline->AoC 18402 (4) AoC->Howl 7542 (19) Howl->Full 0 (0) Inline->AoC 42739 (13) AoC->BitMap 6407 (74) BitMap->Full 2 (0) 
[2026-09-19T06:05:21.771+0000][148.548s][debug][gc,remset] GC(85) Coarsening (all): Inline->AoC 457360 (36) AoC->Howl 188353 (140) Howl->Full 83 (0) Inline->AoC 1071631 (108) AoC->BitMap 270910 (257) BitMap->Full 991 (0) 
[2026-09-19T06:05:24.319+0000][151.095s][debug][gc,remset] GC(86) Visited cards 3854080 Total dirty 6340608 (60.78%) Total old 17432576 (22.11%)
[2026-09-19T06:05:24.459+0000][151.236s][debug][gc,remset] GC(86) Visited cards 27136 Total dirty 1097728 (2.47%) Total old 17940480 (0.15%)
[2026-09-19T06:05:24.462+0000][151.239s][debug][gc,remset] GC(86) Coarsening (recent): Inline->AoC 15592 (0) AoC->Howl 6382 (1) Howl->Full 0 (0) Inline->AoC 36268 (0) AoC->BitMap 5440 (0) BitMap->Full 0 (0) 
[2026-09-19T06:05:24.462+0000][151.239s][debug][gc,remset] GC(86) Coarsening (all): Inline->AoC 472952 (36) AoC->Howl 194735 (141) Howl->Full 83 (0) Inline->AoC 1107899 (108) AoC->BitMap 276350 (257) BitMap->Full 991 (0) 
[2026-09-19T06:05:27.260+0000][154.037s][debug][gc,remset] GC(87) Visited cards 3745408 Total dirty 6160384 (60.80%) Total old 18808832 (19.91%)
[2026-09-19T06:05:27.392+0000][154.169s][debug][gc,remset] GC(87) Coarsening (recent): Inline->AoC 18740 (0) AoC->Howl 7346 (0) Howl->Full 0 (0) Inline->AoC 41819 (1) AoC->BitMap 5778 (2) BitMap->Full 0 (0) 
[2026-09-19T06:05:27.392+0000][154.169s][debug][gc,remset] GC(87) Coarsening (all): Inline->AoC 491692 (36) AoC->Howl 202081 (141) Howl->Full 83 (0) Inline->AoC 1149718 (109) AoC->BitMap 282128 (259) BitMap->Full 991 (0) 
[2026-09-19T06:05:31.006+0000][157.783s][debug][gc,remset] GC(89) Visited cards 3756800 Total dirty 6275072 (59.87%) Total old 18808832 (19.97%)
[2026-09-19T06:05:31.139+0000][157.916s][debug][gc,remset] GC(89) Coarsening (recent): Inline->AoC 17548 (0) AoC->Howl 7168 (1) Howl->Full 0 (0) Inline->AoC 40730 (0) AoC->BitMap 6345 (2) BitMap->Full 0 (0) 
[2026-09-19T06:05:31.139+0000][157.916s][debug][gc,remset] GC(89) Coarsening (all): Inline->AoC 509240 (36) AoC->Howl 209249 (142) Howl->Full 83 (0) Inline->AoC 1190448 (109) AoC->BitMap 288473 (261) BitMap->Full 991 (0) 
[2026-09-19T06:05:34.598+0000][161.375s][debug][gc,remset] GC(90) Visited cards 3771264 Total dirty 6209536 (60.73%) Total old 18808832 (20.05%)
[2026-09-19T06:05:34.744+0000][161.521s][debug][gc,remset] GC(90) Coarsening (recent): Inline->AoC 26084 (2) AoC->Howl 10853 (10) Howl->Full 6 (0) Inline->AoC 64748 (2) AoC->BitMap 22296 (5) BitMap->Full 72 (0) 
[2026-09-19T06:05:34.744+0000][161.521s][debug][gc,remset] GC(90) Coarsening (all): Inline->AoC 535324 (38) AoC->Howl 220102 (152) Howl->Full 89 (0) Inline->AoC 1255196 (111) AoC->BitMap 310769 (266) BitMap->Full 1063 (0) 
[2026-09-19T06:05:37.614+0000][164.391s][debug][gc,remset] GC(91) Visited cards 3772160 Total dirty 6209536 (60.75%) Total old 18792448 (20.07%)
[2026-09-19T06:05:37.756+0000][164.533s][debug][gc,remset] GC(91) Coarsening (recent): Inline->AoC 18526 (0) AoC->Howl 7334 (7) Howl->Full 0 (0) Inline->AoC 41391 (9) AoC->BitMap 6740 (29) BitMap->Full 1 (0) 
[2026-09-19T06:05:37.756+0000][164.533s][debug][gc,remset] GC(91) Coarsening (all): Inline->AoC 553850 (38) AoC->Howl 227436 (159) Howl->Full 89 (0) Inline->AoC 1296587 (120) AoC->BitMap 317509 (295) BitMap->Full 1064 (0) 
[2026-09-19T06:05:40.194+0000][166.971s][debug][gc,remset] GC(92) Visited cards 3826560 Total dirty 6258688 (61.14%) Total old 17367040 (22.03%)
[2026-09-19T06:05:40.342+0000][167.118s][debug][gc,remset] GC(92) Coarsening (recent): Inline->AoC 14163 (0) AoC->Howl 5699 (0) Howl->Full 0 (0) Inline->AoC 32533 (1) AoC->BitMap 5749 (0) BitMap->Full 0 (0) 
[2026-09-19T06:05:40.342+0000][167.118s][debug][gc,remset] GC(92) Coarsening (all): Inline->AoC 568013 (38) AoC->Howl 233135 (159) Howl->Full 89 (0) Inline->AoC 1329120 (121) AoC->BitMap 323258 (295) BitMap->Full 1064 (0) 
[2026-09-19T06:05:43.149+0000][169.926s][debug][gc,remset] GC(93) Visited cards 3999872 Total dirty 6291456 (63.58%) Total old 18825216 (21.25%)
[2026-09-19T06:05:43.299+0000][170.075s][debug][gc,remset] GC(93) Coarsening (recent): Inline->AoC 17630 (0) AoC->Howl 6961 (1) Howl->Full 0 (0) Inline->AoC 39578 (0) AoC->BitMap 5781 (0) BitMap->Full 0 (0) 
[2026-09-19T06:05:43.299+0000][170.075s][debug][gc,remset] GC(93) Coarsening (all): Inline->AoC 585643 (38) AoC->Howl 240096 (160) Howl->Full 89 (0) Inline->AoC 1368698 (121) AoC->BitMap 329039 (295) BitMap->Full 1064 (0) 
[2026-09-19T06:05:46.448+0000][173.225s][debug][gc,remset] GC(94) Visited cards 3781888 Total dirty 6258688 (60.43%) Total old 18743296 (20.18%)
[2026-09-19T06:05:46.581+0000][173.357s][debug][gc,remset] GC(94) Coarsening (recent): Inline->AoC 19675 (0) AoC->Howl 7517 (3) Howl->Full 0 (0) Inline->AoC 42553 (2) AoC->BitMap 5995 (0) BitMap->Full 0 (0) 
[2026-09-19T06:05:46.581+0000][173.357s][debug][gc,remset] GC(94) Coarsening (all): Inline->AoC 605318 (38) AoC->Howl 247613 (163) Howl->Full 89 (0) Inline->AoC 1411251 (123) AoC->BitMap 335034 (295) BitMap->Full 1064 (0) 
[2026-09-19T06:05:50.810+0000][177.587s][debug][gc,remset] GC(96) Visited cards 3806976 Total dirty 6275072 (60.67%) Total old 18743296 (20.31%)
[2026-09-19T06:05:50.956+0000][177.733s][debug][gc,remset] GC(96) Coarsening (recent): Inline->AoC 20184 (0) AoC->Howl 8066 (0) Howl->Full 6 (0) Inline->AoC 47423 (1) AoC->BitMap 9748 (0) BitMap->Full 55 (0) 
[2026-09-19T06:05:50.956+0000][177.733s][debug][gc,remset] GC(96) Coarsening (all): Inline->AoC 625502 (38) AoC->Howl 255679 (163) Howl->Full 95 (0) Inline->AoC 1458674 (124) AoC->BitMap 344782 (295) BitMap->Full 1119 (0) 
[2026-09-19T06:05:54.370+0000][181.147s][debug][gc,remset] GC(97) Visited cards 3798016 Total dirty 6307840 (60.21%) Total old 18694144 (20.32%)
[2026-09-19T06:05:54.508+0000][181.284s][debug][gc,remset] GC(97) Coarsening (recent): Inline->AoC 23341 (2) AoC->Howl 9138 (9) Howl->Full 0 (0) Inline->AoC 54525 (8) AoC->BitMap 18399 (39) BitMap->Full 16 (0) 
[2026-09-19T06:05:54.508+0000][181.284s][debug][gc,remset] GC(97) Coarsening (all): Inline->AoC 648843 (40) AoC->Howl 264817 (172) Howl->Full 95 (0) Inline->AoC 1513199 (132) AoC->BitMap 363181 (334) BitMap->Full 1135 (0) 
[2026-09-19T06:05:57.349+0000][184.126s][debug][gc,remset] GC(98) Visited cards 4092800 Total dirty 6373376 (64.22%) Total old 18808832 (21.76%)
[2026-09-19T06:05:57.504+0000][184.281s][debug][gc,remset] GC(98) Coarsening (recent): Inline->AoC 17823 (0) AoC->Howl 6903 (0) Howl->Full 0 (0) Inline->AoC 39925 (0) AoC->BitMap 5728 (0) BitMap->Full 0 (0) 
[2026-09-19T06:05:57.504+0000][184.281s][debug][gc,remset] GC(98) Coarsening (all): Inline->AoC 666666 (40) AoC->Howl 271720 (172) Howl->Full 95 (0) Inline->AoC 1553124 (132) AoC->BitMap 368909 (334) BitMap->Full 1135 (0) 
[2026-09-19T06:06:00.513+0000][187.290s][debug][gc,remset] GC(99) Visited cards 3812736 Total dirty 6340608 (60.13%) Total old 18694144 (20.40%)
[2026-09-19T06:06:00.653+0000][187.430s][debug][gc,remset] GC(99) Coarsening (recent): Inline->AoC 18365 (0) AoC->Howl 6810 (4) Howl->Full 0 (0) Inline->AoC 39342 (0) AoC->BitMap 5400 (1) BitMap->Full 0 (0) 
[2026-09-19T06:06:00.653+0000][187.430s][debug][gc,remset] GC(99) Coarsening (all): Inline->AoC 685031 (40) AoC->Howl 278530 (176) Howl->Full 95 (0) Inline->AoC 1592466 (132) AoC->BitMap 374309 (335) BitMap->Full 1135 (0) 
[2026-09-19T06:06:04.339+0000][191.115s][debug][gc,remset] GC(101) Visited cards 3826944 Total dirty 6406144 (59.74%) Total old 18661376 (20.51%)
[2026-09-19T06:06:04.475+0000][191.252s][debug][gc,remset] GC(101) Coarsening (recent): Inline->AoC 18737 (0) AoC->Howl 6913 (2) Howl->Full 0 (0) Inline->AoC 39729 (3) AoC->BitMap 6030 (1) BitMap->Full 0 (0) 
[2026-09-19T06:06:04.475+0000][191.252s][debug][gc,remset] GC(101) Coarsening (all): Inline->AoC 703768 (40) AoC->Howl 285443 (178) Howl->Full 95 (0) Inline->AoC 1632195 (135) AoC->BitMap 380339 (336) BitMap->Full 1135 (0) 
[2026-09-19T06:06:07.903+0000][194.680s][debug][gc,remset] GC(102) Visited cards 3841792 Total dirty 6406144 (59.97%) Total old 18628608 (20.62%)
[2026-09-19T06:06:08.045+0000][194.822s][debug][gc,remset] GC(102) Coarsening (recent): Inline->AoC 24221 (0) AoC->Howl 9398 (2) Howl->Full 6 (0) Inline->AoC 56859 (1) AoC->BitMap 20811 (1) BitMap->Full 70 (0) 
[2026-09-19T06:06:08.045+0000][194.822s][debug][gc,remset] GC(102) Coarsening (all): Inline->AoC 727989 (40) AoC->Howl 294841 (180) Howl->Full 101 (0) Inline->AoC 1689054 (136) AoC->BitMap 401150 (337) BitMap->Full 1205 (0) 
[2026-09-19T06:06:11.027+0000][197.803s][debug][gc,remset] GC(103) Visited cards 3856128 Total dirty 6455296 (59.74%) Total old 18595840 (20.74%)
[2026-09-19T06:06:11.164+0000][197.941s][debug][gc,remset] GC(103) Coarsening (recent): Inline->AoC 18819 (1) AoC->Howl 6686 (5) Howl->Full 0 (0) Inline->AoC 38778 (9) AoC->BitMap 6863 (22) BitMap->Full 1 (0) 
[2026-09-19T06:06:11.164+0000][197.941s][debug][gc,remset] GC(103) Coarsening (all): Inline->AoC 746808 (41) AoC->Howl 301527 (185) Howl->Full 101 (0) Inline->AoC 1727832 (145) AoC->BitMap 408013 (359) BitMap->Full 1206 (0) 
[2026-09-19T06:06:13.976+0000][200.752s][debug][gc,remset] GC(104) Visited cards 4063104 Total dirty 6406144 (63.43%) Total old 18710528 (21.72%)
[2026-09-19T06:06:14.131+0000][200.907s][debug][gc,remset] GC(104) Coarsening (recent): Inline->AoC 17587 (0) AoC->Howl 6492 (0) Howl->Full 0 (0) Inline->AoC 37460 (0) AoC->BitMap 6016 (0) BitMap->Full 0 (0) 
[2026-09-19T06:06:14.131+0000][200.907s][debug][gc,remset] GC(104) Coarsening (all): Inline->AoC 764395 (41) AoC->Howl 308019 (185) Howl->Full 101 (0) Inline->AoC 1765292 (145) AoC->BitMap 414029 (359) BitMap->Full 1206 (0) 
[2026-09-19T06:06:16.878+0000][203.655s][debug][gc,remset] GC(105) Visited cards 3869696 Total dirty 6504448 (59.49%) Total old 18595840 (20.81%)
[2026-09-19T06:06:17.012+0000][203.788s][debug][gc,remset] GC(105) Coarsening (recent): Inline->AoC 19436 (1) AoC->Howl 6855 (0) Howl->Full 0 (0) Inline->AoC 39505 (0) AoC->BitMap 5385 (0) BitMap->Full 0 (0) 
[2026-09-19T06:06:17.012+0000][203.788s][debug][gc,remset] GC(105) Coarsening (all): Inline->AoC 783831 (42) AoC->Howl 314874 (185) Howl->Full 101 (0) Inline->AoC 1804797 (145) AoC->BitMap 419414 (359) BitMap->Full 1206 (0) 
[2026-09-19T06:06:20.714+0000][207.491s][debug][gc,remset] GC(107) Visited cards 3884928 Total dirty 6537216 (59.43%) Total old 18563072 (20.93%)
[2026-09-19T06:06:20.866+0000][207.643s][debug][gc,remset] GC(107) Coarsening (recent): Inline->AoC 20901 (1) AoC->Howl 7623 (7) Howl->Full 4 (0) Inline->AoC 45316 (7) AoC->BitMap 8225 (7) BitMap->Full 34 (0) 
[2026-09-19T06:06:20.866+0000][207.643s][debug][gc,remset] GC(107) Coarsening (all): Inline->AoC 804732 (43) AoC->Howl 322497 (192) Howl->Full 105 (0) Inline->AoC 1850113 (152) AoC->BitMap 427639 (366) BitMap->Full 1240 (0) 
[2026-09-19T06:06:24.375+0000][211.152s][debug][gc,remset] GC(108) Visited cards 3894784 Total dirty 6553600 (59.43%) Total old 18546688 (21.00%)
[2026-09-19T06:06:24.507+0000][211.284s][debug][gc,remset] GC(108) Coarsening (recent): Inline->AoC 25149 (2) AoC->Howl 9061 (15) Howl->Full 2 (0) Inline->AoC 54294 (13) AoC->BitMap 19530 (50) BitMap->Full 37 (0) 
[2026-09-19T06:06:24.507+0000][211.284s][debug][gc,remset] GC(108) Coarsening (all): Inline->AoC 829881 (45) AoC->Howl 331558 (207) Howl->Full 107 (0) Inline->AoC 1904407 (165) AoC->BitMap 447169 (416) BitMap->Full 1277 (0) 
[2026-09-19T06:06:27.415+0000][214.192s][debug][gc,remset] GC(109) Visited cards 3967744 Total dirty 6471680 (61.31%) Total old 18644992 (21.28%)
[2026-09-19T06:06:27.565+0000][214.342s][debug][gc,remset] GC(109) Coarsening (recent): Inline->AoC 19290 (1) AoC->Howl 6825 (3) Howl->Full 0 (0) Inline->AoC 39198 (0) AoC->BitMap 5424 (1) BitMap->Full 0 (0) 
[2026-09-19T06:06:27.565+0000][214.342s][debug][gc,remset] GC(109) Coarsening (all): Inline->AoC 849171 (46) AoC->Howl 338383 (210) Howl->Full 107 (0) Inline->AoC 1943605 (165) AoC->BitMap 452593 (417) BitMap->Full 1277 (0) 
[2026-09-19T06:06:30.285+0000][217.062s][debug][gc,remset] GC(110) Visited cards 3915520 Total dirty 6569984 (59.60%) Total old 18530304 (21.13%)
[2026-09-19T06:06:30.420+0000][217.196s][debug][gc,remset] GC(110) Coarsening (recent): Inline->AoC 18691 (0) AoC->Howl 6644 (5) Howl->Full 0 (0) Inline->AoC 38315 (3) AoC->BitMap 5719 (0) BitMap->Full 0 (0) 
[2026-09-19T06:06:30.420+0000][217.196s][debug][gc,remset] GC(110) Coarsening (all): Inline->AoC 867862 (46) AoC->Howl 345027 (215) Howl->Full 107 (0) Inline->AoC 1981920 (168) AoC->BitMap 458312 (417) BitMap->Full 1277 (0) 
[2026-09-19T06:06:33.953+0000][220.730s][debug][gc,remset] GC(112) Visited cards 3927040 Total dirty 6586368 (59.62%) Total old 18497536 (21.23%)
[2026-09-19T06:06:34.089+0000][220.866s][debug][gc,remset] GC(112) Coarsening (recent): Inline->AoC 20001 (0) AoC->Howl 6793 (0) Howl->Full 0 (0) Inline->AoC 39046 (1) AoC->BitMap 4982 (2) BitMap->Full 0 (0) 
[2026-09-19T06:06:34.089+0000][220.866s][debug][gc,remset] GC(112) Coarsening (all): Inline->AoC 887863 (46) AoC->Howl 351820 (215) Howl->Full 107 (0) Inline->AoC 2020966 (169) AoC->BitMap 463294 (419) BitMap->Full 1277 (0) 
[2026-09-19T06:06:37.750+0000][224.527s][debug][gc,remset] GC(113) Visited cards 3950592 Total dirty 6602752 (59.83%) Total old 18464768 (21.40%)
[2026-09-19T06:06:37.895+0000][224.671s][debug][gc,remset] GC(113) Coarsening (recent): Inline->AoC 28668 (0) AoC->Howl 10278 (3) Howl->Full 6 (0) Inline->AoC 62510 (1) AoC->BitMap 22307 (2) BitMap->Full 71 (0) 
[2026-09-19T06:06:37.895+0000][224.671s][debug][gc,remset] GC(113) Coarsening (all): Inline->AoC 916531 (46) AoC->Howl 362098 (218) Howl->Full 113 (0) Inline->AoC 2083476 (170) AoC->BitMap 485601 (421) BitMap->Full 1348 (0) 
[2026-09-19T06:06:40.855+0000][227.632s][debug][gc,remset] GC(114) Visited cards 3962368 Total dirty 6635520 (59.71%) Total old 18432000 (21.50%)
[2026-09-19T06:06:40.990+0000][227.767s][debug][gc,remset] GC(114) Coarsening (recent): Inline->AoC 20517 (0) AoC->Howl 6968 (2) Howl->Full 0 (0) Inline->AoC 40326 (2) AoC->BitMap 5634 (4) BitMap->Full 0 (0) 
[2026-09-19T06:06:40.990+0000][227.767s][debug][gc,remset] GC(114) Coarsening (all): Inline->AoC 937048 (46) AoC->Howl 369066 (220) Howl->Full 113 (0) Inline->AoC 2123802 (172) AoC->BitMap 491235 (425) BitMap->Full 1348 (0) 
[2026-09-19T06:06:43.732+0000][230.508s][debug][gc,remset] GC(115) Visited cards 4230912 Total dirty 6684672 (63.29%) Total old 18546688 (22.81%)
[2026-09-19T06:06:43.882+0000][230.659s][debug][gc,remset] GC(115) Coarsening (recent): Inline->AoC 19748 (0) AoC->Howl 6520 (0) Howl->Full 0 (0) Inline->AoC 37425 (0) AoC->BitMap 4787 (0) BitMap->Full 0 (0) 
[2026-09-19T06:06:43.882+0000][230.659s][debug][gc,remset] GC(115) Coarsening (all): Inline->AoC 956796 (46) AoC->Howl 375586 (220) Howl->Full 113 (0) Inline->AoC 2161227 (172) AoC->BitMap 496022 (425) BitMap->Full 1348 (0) 
[2026-09-19T06:06:46.783+0000][233.559s][debug][gc,remset] GC(116) Visited cards 3982848 Total dirty 6635520 (60.02%) Total old 18432000 (21.61%)
[2026-09-19T06:06:46.913+0000][233.689s][debug][gc,remset] GC(116) Coarsening (recent): Inline->AoC 20677 (0) AoC->Howl 6803 (2) Howl->Full 0 (0) Inline->AoC 39691 (0) AoC->BitMap 5159 (0) BitMap->Full 0 (0) 
[2026-09-19T06:06:46.913+0000][233.689s][debug][gc,remset] GC(116) Coarsening (all): Inline->AoC 977473 (46) AoC->Howl 382389 (222) Howl->Full 113 (0) Inline->AoC 2200918 (172) AoC->BitMap 501181 (425) BitMap->Full 1348 (0) 
[2026-09-19T06:06:50.730+0000][237.507s][debug][gc,remset] GC(118) Visited cards 4010880 Total dirty 6684672 (60.00%) Total old 18382848 (21.82%)
[2026-09-19T06:06:50.883+0000][237.660s][debug][gc,remset] GC(118) Coarsening (recent): Inline->AoC 23823 (1) AoC->Howl 7882 (3) Howl->Full 0 (0) Inline->AoC 46266 (4) AoC->BitMap 6078 (3) BitMap->Full 0 (0) 
[2026-09-19T06:06:50.883+0000][237.660s][debug][gc,remset] GC(118) Coarsening (all): Inline->AoC 1001296 (47) AoC->Howl 390271 (225) Howl->Full 113 (0) Inline->AoC 2247184 (176) AoC->BitMap 507259 (428) BitMap->Full 1348 (0) 
[2026-09-19T06:06:54.377+0000][241.154s][debug][gc,remset] GC(119) Visited cards 4004096 Total dirty 6684672 (59.90%) Total old 18366464 (21.80%)
[2026-09-19T06:06:54.510+0000][241.287s][debug][gc,remset] GC(119) Coarsening (recent): Inline->AoC 28401 (5) AoC->Howl 9157 (23) Howl->Full 6 (0) Inline->AoC 55103 (17) AoC->BitMap 19908 (102) BitMap->Full 68 (0) 
[2026-09-19T06:06:54.510+0000][241.287s][debug][gc,remset] GC(119) Coarsening (all): Inline->AoC 1029697 (52) AoC->Howl 399428 (248) Howl->Full 119 (0) Inline->AoC 2302287 (193) AoC->BitMap 527167 (530) BitMap->Full 1416 (0) 
[2026-09-19T06:06:57.262+0000][244.039s][debug][gc,remset] GC(120) Visited cards 4065536 Total dirty 6602752 (61.57%) Total old 18513920 (21.96%)
[2026-09-19T06:06:57.411+0000][244.188s][debug][gc,remset] GC(120) Coarsening (recent): Inline->AoC 19660 (1) AoC->Howl 6513 (0) Howl->Full 0 (0) Inline->AoC 37822 (0) AoC->BitMap 4743 (2) BitMap->Full 0 (0) 
[2026-09-19T06:06:57.411+0000][244.188s][debug][gc,remset] GC(120) Coarsening (all): Inline->AoC 1049357 (53) AoC->Howl 405941 (248) Howl->Full 119 (0) Inline->AoC 2340109 (193) AoC->BitMap 531910 (532) BitMap->Full 1416 (0) 
[2026-09-19T06:07:00.186+0000][246.963s][debug][gc,remset] GC(121) Visited cards 4031232 Total dirty 6701056 (60.16%) Total old 18366464 (21.95%)
[2026-09-19T06:07:00.325+0000][247.102s][debug][gc,remset] GC(121) Coarsening (recent): Inline->AoC 20783 (0) AoC->Howl 6712 (0) Howl->Full 0 (0) Inline->AoC 38842 (1) AoC->BitMap 4667 (1) BitMap->Full 0 (0) 
[2026-09-19T06:07:00.325+0000][247.102s][debug][gc,remset] GC(121) Coarsening (all): Inline->AoC 1070140 (53) AoC->Howl 412653 (248) Howl->Full 119 (0) Inline->AoC 2378951 (194) AoC->BitMap 536577 (533) BitMap->Full 1416 (0) 
[2026-09-19T06:07:03.990+0000][250.766s][debug][gc,remset] GC(123) Visited cards 4038400 Total dirty 6733824 (59.97%) Total old 18333696 (22.03%)
[2026-09-19T06:07:04.124+0000][250.901s][debug][gc,remset] GC(123) Coarsening (recent): Inline->AoC 20792 (0) AoC->Howl 6877 (0) Howl->Full 0 (0) Inline->AoC 40194 (0) AoC->BitMap 4879 (1) BitMap->Full 0 (0) 
[2026-09-19T06:07:04.124+0000][250.901s][debug][gc,remset] GC(123) Coarsening (all): Inline->AoC 1090932 (53) AoC->Howl 419530 (248) Howl->Full 119 (0) Inline->AoC 2419145 (194) AoC->BitMap 541456 (534) BitMap->Full 1416 (0) 
[2026-09-19T06:07:07.626+0000][254.403s][debug][gc,remset] GC(124) Visited cards 4057216 Total dirty 6766592 (59.96%) Total old 18300928 (22.17%)
[2026-09-19T06:07:07.775+0000][254.552s][debug][gc,remset] GC(124) Coarsening (recent): Inline->AoC 29543 (0) AoC->Howl 9742 (5) Howl->Full 6 (0) Inline->AoC 59645 (2) AoC->BitMap 19941 (2) BitMap->Full 67 (0) 
[2026-09-19T06:07:07.775+0000][254.552s][debug][gc,remset] GC(124) Coarsening (all): Inline->AoC 1120475 (53) AoC->Howl 429272 (253) Howl->Full 125 (0) Inline->AoC 2478790 (196) AoC->BitMap 561397 (536) BitMap->Full 1483 (0) 
[2026-09-19T06:07:10.518+0000][257.295s][debug][gc,remset] GC(125) Visited cards 4052480 Total dirty 6799360 (59.60%) Total old 18284544 (22.16%)
[2026-09-19T06:07:10.652+0000][257.429s][debug][gc,remset] GC(125) Coarsening (recent): Inline->AoC 20624 (1) AoC->Howl 6476 (5) Howl->Full 0 (0) Inline->AoC 37540 (7) AoC->BitMap 6027 (28) BitMap->Full 1 (0) 
[2026-09-19T06:07:10.652+0000][257.429s][debug][gc,remset] GC(125) Coarsening (all): Inline->AoC 1141099 (54) AoC->Howl 435748 (258) Howl->Full 125 (0) Inline->AoC 2516330 (203) AoC->BitMap 567424 (564) BitMap->Full 1484 (0) 
[2026-09-19T06:07:13.488+0000][260.264s][debug][gc,remset] GC(126) Visited cards 4216960 Total dirty 6815744 (61.87%) Total old 18399232 (22.92%)
[2026-09-19T06:07:13.634+0000][260.411s][debug][gc,remset] GC(126) Coarsening (recent): Inline->AoC 19618 (1) AoC->Howl 6539 (0) Howl->Full 0 (0) Inline->AoC 38332 (0) AoC->BitMap 4819 (1) BitMap->Full 0 (0) 
[2026-09-19T06:07:13.634+0000][260.411s][debug][gc,remset] GC(126) Coarsening (all): Inline->AoC 1160717 (55) AoC->Howl 442287 (258) Howl->Full 125 (0) Inline->AoC 2554662 (203) AoC->BitMap 572243 (565) BitMap->Full 1484 (0) 
[2026-09-19T06:07:16.824+0000][263.601s][debug][gc,remset] GC(127) Visited cards 4071040 Total dirty 6832128 (59.59%) Total old 18268160 (22.28%)
[2026-09-19T06:07:16.951+0000][263.728s][debug][gc,remset] GC(127) Coarsening (recent): Inline->AoC 20559 (1) AoC->Howl 6908 (1) Howl->Full 0 (0) Inline->AoC 40682 (0) AoC->BitMap 4919 (1) BitMap->Full 0 (0) 
[2026-09-19T06:07:16.951+0000][263.728s][debug][gc,remset] GC(127) Coarsening (all): Inline->AoC 1181276 (56) AoC->Howl 449195 (259) Howl->Full 125 (0) Inline->AoC 2595344 (203) AoC->BitMap 577162 (566) BitMap->Full 1484 (0) 
[2026-09-19T06:07:20.540+0000][267.316s][debug][gc,remset] GC(129) Visited cards 4089728 Total dirty 6782976 (60.29%) Total old 18235392 (22.43%)
[2026-09-19T06:07:20.669+0000][267.446s][debug][gc,remset] GC(129) Coarsening (recent): Inline->AoC 20601 (0) AoC->Howl 6535 (0) Howl->Full 0 (0) Inline->AoC 38729 (0) AoC->BitMap 4472 (0) BitMap->Full 0 (0) 
[2026-09-19T06:07:20.669+0000][267.446s][debug][gc,remset] GC(129) Coarsening (all): Inline->AoC 1201877 (56) AoC->Howl 455730 (259) Howl->Full 125 (0) Inline->AoC 2634073 (203) AoC->BitMap 581634 (566) BitMap->Full 1484 (0) 
[2026-09-19T06:07:24.237+0000][271.014s][debug][gc,remset] GC(130) Visited cards 4107392 Total dirty 6782976 (60.55%) Total old 18235392 (22.52%)
[2026-09-19T06:07:24.383+0000][271.160s][debug][gc,remset] GC(130) Coarsening (recent): Inline->AoC 31177 (0) AoC->Howl 10218 (1) Howl->Full 6 (0) Inline->AoC 62707 (0) AoC->BitMap 20437 (0) BitMap->Full 67 (0) 
[2026-09-19T06:07:24.383+0000][271.160s][debug][gc,remset] GC(130) Coarsening (all): Inline->AoC 1233054 (56) AoC->Howl 465948 (260) Howl->Full 131 (0) Inline->AoC 2696780 (203) AoC->BitMap 602071 (566) BitMap->Full 1551 (0) 
[2026-09-19T06:07:27.504+0000][274.281s][debug][gc,remset] GC(131) Visited cards 4104832 Total dirty 6832128 (60.08%) Total old 18186240 (22.57%)
[2026-09-19T06:07:27.636+0000][274.413s][debug][gc,remset] GC(131) Coarsening (recent): Inline->AoC 21539 (1) AoC->Howl 6890 (4) Howl->Full 0 (0) Inline->AoC 40289 (3) AoC->BitMap 5835 (4) BitMap->Full 1 (0) 
[2026-09-19T06:07:27.636+0000][274.413s][debug][gc,remset] GC(131) Coarsening (all): Inline->AoC 1254593 (57) AoC->Howl 472838 (264) Howl->Full 131 (0) Inline->AoC 2737069 (206) AoC->BitMap 607906 (570) BitMap->Full 1552 (0) 
[2026-09-19T06:07:30.431+0000][277.208s][debug][gc,remset] GC(132) Visited cards 4170752 Total dirty 6717440 (62.09%) Total old 18350080 (22.73%)
[2026-09-19T06:07:30.579+0000][277.356s][debug][gc,remset] GC(132) Coarsening (recent): Inline->AoC 20262 (1) AoC->Howl 6527 (4) Howl->Full 0 (0) Inline->AoC 38718 (2) AoC->BitMap 4667 (1) BitMap->Full 0 (0) 
[2026-09-19T06:07:30.579+0000][277.356s][debug][gc,remset] GC(132) Coarsening (all): Inline->AoC 1274855 (58) AoC->Howl 479365 (268) Howl->Full 131 (0) Inline->AoC 2775787 (208) AoC->BitMap 612573 (571) BitMap->Full 1552 (0) 
[2026-09-19T06:07:34.304+0000][281.081s][debug][gc,remset] GC(133) Visited cards 4125056 Total dirty 6815744 (60.52%) Total old 18219008 (22.64%)
[2026-09-19T06:07:34.440+0000][281.217s][debug][gc,remset] GC(133) Coarsening (recent): Inline->AoC 20814 (0) AoC->Howl 6707 (4) Howl->Full 0 (0) Inline->AoC 39674 (1) AoC->BitMap 4527 (1) BitMap->Full 0 (0) 
[2026-09-19T06:07:34.440+0000][281.217s][debug][gc,remset] GC(133) Coarsening (all): Inline->AoC 1295669 (58) AoC->Howl 486072 (272) Howl->Full 131 (0) Inline->AoC 2815461 (209) AoC->BitMap 617100 (572) BitMap->Full 1552 (0) 
[2026-09-19T06:07:38.361+0000][285.138s][debug][gc,remset] GC(135) Visited cards 4174720 Total dirty 6848512 (60.96%) Total old 18169856 (22.98%)
[2026-09-19T06:07:38.495+0000][285.272s][debug][gc,remset] GC(135) Coarsening (recent): Inline->AoC 22321 (1) AoC->Howl 7042 (4) Howl->Full 0 (0) Inline->AoC 41335 (1) AoC->BitMap 4712 (3) BitMap->Full 0 (0) 
[2026-09-19T06:07:38.495+0000][285.272s][debug][gc,remset] GC(135) Coarsening (all): Inline->AoC 1317990 (59) AoC->Howl 493114 (276) Howl->Full 131 (0) Inline->AoC 2856796 (210) AoC->BitMap 621812 (575) BitMap->Full 1552 (0) 
[2026-09-19T06:07:42.191+0000][288.968s][debug][gc,remset] GC(136) Visited cards 4188928 Total dirty 6881280 (60.87%) Total old 18137088 (23.10%)
[2026-09-19T06:07:42.327+0000][289.103s][debug][gc,remset] GC(136) Coarsening (recent): Inline->AoC 33588 (0) AoC->Howl 11310 (0) Howl->Full 6 (0) Inline->AoC 69113 (0) AoC->BitMap 22463 (0) BitMap->Full 68 (0) 
[2026-09-19T06:07:42.327+0000][289.103s][debug][gc,remset] GC(136) Coarsening (all): Inline->AoC 1351578 (59) AoC->Howl 504424 (276) Howl->Full 137 (0) Inline->AoC 2925909 (210) AoC->BitMap 644275 (575) BitMap->Full 1620 (0) 
[2026-09-19T06:07:45.108+0000][291.885s][debug][gc,remset] GC(137) Visited cards 4335360 Total dirty 6832128 (63.46%) Total old 18251776 (23.75%)
[2026-09-19T06:07:45.256+0000][292.033s][debug][gc,remset] GC(137) Coarsening (recent): Inline->AoC 20507 (0) AoC->Howl 6354 (0) Howl->Full 0 (0) Inline->AoC 37563 (0) AoC->BitMap 4278 (2) BitMap->Full 0 (0) 
[2026-09-19T06:07:45.256+0000][292.033s][debug][gc,remset] GC(137) Coarsening (all): Inline->AoC 1372085 (59) AoC->Howl 510778 (276) Howl->Full 137 (0) Inline->AoC 2963472 (210) AoC->BitMap 648553 (577) BitMap->Full 1620 (0) 
[2026-09-19T06:07:48.068+0000][294.845s][debug][gc,remset] GC(138) Visited cards 4167680 Total dirty 6897664 (60.42%) Total old 18120704 (23.00%)
[2026-09-19T06:07:48.200+0000][294.977s][debug][gc,remset] GC(138) Coarsening (recent): Inline->AoC 19480 (0) AoC->Howl 6106 (0) Howl->Full 0 (0) Inline->AoC 36175 (0) AoC->BitMap 4667 (1) BitMap->Full 0 (0) 
[2026-09-19T06:07:48.200+0000][294.977s][debug][gc,remset] GC(138) Coarsening (all): Inline->AoC 1391565 (59) AoC->Howl 516884 (276) Howl->Full 137 (0) Inline->AoC 2999647 (210) AoC->BitMap 653220 (578) BitMap->Full 1620 (0) 
[2026-09-19T06:07:52.457+0000][299.234s][debug][gc,remset] GC(140) Visited cards 4234112 Total dirty 6930432 (61.09%) Total old 18087936 (23.41%)
[2026-09-19T06:07:52.595+0000][299.372s][debug][gc,remset] GC(140) Coarsening (recent): Inline->AoC 25766 (0) AoC->Howl 8461 (1) Howl->Full 6 (0) Inline->AoC 51067 (0) AoC->BitMap 8157 (1) BitMap->Full 55 (0) 
[2026-09-19T06:07:52.595+0000][299.372s][debug][gc,remset] GC(140) Coarsening (all): Inline->AoC 1417331 (59) AoC->Howl 525345 (277) Howl->Full 143 (0) Inline->AoC 3050714 (210) AoC->BitMap 661377 (579) BitMap->Full 1675 (0) 
[2026-09-19T06:07:56.199+0000][302.976s][debug][gc,remset] GC(141) Visited cards 4220672 Total dirty 7012352 (60.19%) Total old 18071552 (23.36%)
[2026-09-19T06:07:56.334+0000][303.111s][debug][gc,remset] GC(141) Coarsening (recent): Inline->AoC 30010 (1) AoC->Howl 9229 (3) Howl->Full 0 (0) Inline->AoC 55976 (3) AoC->BitMap 18215 (1) BitMap->Full 13 (0) 
[2026-09-19T06:07:56.334+0000][303.111s][debug][gc,remset] GC(141) Coarsening (all): Inline->AoC 1447341 (60) AoC->Howl 534574 (280) Howl->Full 143 (0) Inline->AoC 3106690 (213) AoC->BitMap 679592 (580) BitMap->Full 1688 (0) 
[2026-09-19T06:07:59.278+0000][306.055s][debug][gc,remset] GC(142) Visited cards 4323712 Total dirty 6881280 (62.83%) Total old 18219008 (23.73%)
[2026-09-19T06:07:59.426+0000][306.203s][debug][gc,remset] GC(142) Coarsening (recent): Inline->AoC 21200 (1) AoC->Howl 6548 (3) Howl->Full 0 (0) Inline->AoC 38878 (1) AoC->BitMap 4525 (2) BitMap->Full 0 (0) 
[2026-09-19T06:07:59.426+0000][306.203s][debug][gc,remset] GC(142) Coarsening (all): Inline->AoC 1468541 (61) AoC->Howl 541122 (283) Howl->Full 143 (0) Inline->AoC 3145568 (214) AoC->BitMap 684117 (582) BitMap->Full 1688 (0) 
[2026-09-19T06:08:02.548+0000][309.324s][debug][gc,remset] GC(143) Visited cards 4259968 Total dirty 7045120 (60.47%) Total old 18071552 (23.57%)
[2026-09-19T06:08:02.681+0000][309.458s][debug][gc,remset] GC(143) Coarsening (recent): Inline->AoC 22303 (1) AoC->Howl 7101 (4) Howl->Full 0 (0) Inline->AoC 42705 (1) AoC->BitMap 4659 (0) BitMap->Full 0 (0) 
[2026-09-19T06:08:02.681+0000][309.458s][debug][gc,remset] GC(143) Coarsening (all): Inline->AoC 1490844 (62) AoC->Howl 548223 (287) Howl->Full 143 (0) Inline->AoC 3188273 (215) AoC->BitMap 688776 (582) BitMap->Full 1688 (0) 
[2026-09-19T06:08:06.397+0000][313.173s][debug][gc,remset] GC(145) Visited cards 4270848 Total dirty 7045120 (60.62%) Total old 18038784 (23.68%)
[2026-09-19T06:08:06.527+0000][313.303s][debug][gc,remset] GC(145) Coarsening (recent): Inline->AoC 21499 (1) AoC->Howl 6440 (1) Howl->Full 0 (0) Inline->AoC 38279 (0) AoC->BitMap 4045 (0) BitMap->Full 0 (0) 
[2026-09-19T06:08:06.527+0000][313.303s][debug][gc,remset] GC(145) Coarsening (all): Inline->AoC 1512343 (63) AoC->Howl 554663 (288) Howl->Full 143 (0) Inline->AoC 3226552 (215) AoC->BitMap 692821 (582) BitMap->Full 1688 (0) 
[2026-09-19T06:08:10.273+0000][317.049s][debug][gc,remset] GC(146) Visited cards 4276352 Total dirty 7077888 (60.42%) Total old 18006016 (23.75%)
[2026-09-19T06:08:10.403+0000][317.180s][debug][gc,remset] GC(146) Coarsening (recent): Inline->AoC 35079 (0) AoC->Howl 11327 (0) Howl->Full 6 (0) Inline->AoC 69540 (0) AoC->BitMap 21699 (1) BitMap->Full 68 (0) 
[2026-09-19T06:08:10.403+0000][317.180s][debug][gc,remset] GC(146) Coarsening (all): Inline->AoC 1547422 (63) AoC->Howl 565990 (288) Howl->Full 149 (0) Inline->AoC 3296092 (215) AoC->BitMap 714520 (583) BitMap->Full 1756 (0) 
[2026-09-19T06:08:13.807+0000][320.584s][debug][gc,remset] GC(147) Visited cards 4380928 Total dirty 6930432 (63.21%) Total old 18169856 (24.11%)
[2026-09-19T06:08:13.958+0000][320.735s][debug][gc,remset] GC(147) Coarsening (recent): Inline->AoC 21542 (0) AoC->Howl 6363 (0) Howl->Full 0 (0) Inline->AoC 38174 (1) AoC->BitMap 4461 (0) BitMap->Full 0 (0) 
[2026-09-19T06:08:13.958+0000][320.735s][debug][gc,remset] GC(147) Coarsening (all): Inline->AoC 1568964 (63) AoC->Howl 572353 (288) Howl->Full 149 (0) Inline->AoC 3334266 (216) AoC->BitMap 718981 (583) BitMap->Full 1756 (0) 
[2026-09-19T06:08:16.822+0000][323.599s][debug][gc,remset] GC(148) Visited cards 4244736 Total dirty 7110656 (59.70%) Total old 17989632 (23.60%)
[2026-09-19T06:08:16.950+0000][323.727s][debug][gc,remset] GC(148) Coarsening (recent): Inline->AoC 22374 (1) AoC->Howl 6783 (5) Howl->Full 0 (0) Inline->AoC 40638 (0) AoC->BitMap 4121 (1) BitMap->Full 0 (0) 
[2026-09-19T06:08:16.950+0000][323.727s][debug][gc,remset] GC(148) Coarsening (all): Inline->AoC 1591338 (64) AoC->Howl 579136 (293) Howl->Full 149 (0) Inline->AoC 3374904 (216) AoC->BitMap 723102 (584) BitMap->Full 1756 (0) 
[2026-09-19T06:08:20.752+0000][327.529s][debug][gc,remset] GC(150) Visited cards 4266880 Total dirty 7094272 (60.15%) Total old 17989632 (23.72%)
[2026-09-19T06:08:20.885+0000][327.662s][debug][gc,remset] GC(150) Coarsening (recent): Inline->AoC 21684 (0) AoC->Howl 6465 (6) Howl->Full 0 (0) Inline->AoC 38720 (2) AoC->BitMap 4110 (4) BitMap->Full 0 (0) 
[2026-09-19T06:08:20.885+0000][327.662s][debug][gc,remset] GC(150) Coarsening (all): Inline->AoC 1613022 (64) AoC->Howl 585601 (299) Howl->Full 149 (0) Inline->AoC 3413624 (218) AoC->BitMap 727212 (588) BitMap->Full 1756 (0) 
[2026-09-19T06:08:24.825+0000][331.602s][debug][gc,remset] GC(151) Visited cards 4270848 Total dirty 7110656 (60.06%) Total old 17973248 (23.76%)
[2026-09-19T06:08:24.955+0000][331.731s][debug][gc,remset] GC(151) Coarsening (recent): Inline->AoC 36258 (0) AoC->Howl 11499 (0) Howl->Full 6 (0) Inline->AoC 70580 (0) AoC->BitMap 22364 (0) BitMap->Full 68 (0) 
[2026-09-19T06:08:24.955+0000][331.731s][debug][gc,remset] GC(151) Coarsening (all): Inline->AoC 1649280 (64) AoC->Howl 597100 (299) Howl->Full 155 (0) Inline->AoC 3484204 (218) AoC->BitMap 749576 (588) BitMap->Full 1824 (0) 
[2026-09-19T06:08:27.933+0000][334.710s][debug][gc,remset] GC(152) Visited cards 4460160 Total dirty 6995968 (63.75%) Total old 18137088 (24.59%)
[2026-09-19T06:08:28.088+0000][334.865s][debug][gc,remset] GC(152) Coarsening (recent): Inline->AoC 21722 (1) AoC->Howl 6261 (2) Howl->Full 0 (0) Inline->AoC 37574 (1) AoC->BitMap 3928 (0) BitMap->Full 0 (0) 
[2026-09-19T06:08:28.088+0000][334.865s][debug][gc,remset] GC(152) Coarsening (all): Inline->AoC 1671002 (65) AoC->Howl 603361 (301) Howl->Full 155 (0) Inline->AoC 3521778 (219) AoC->BitMap 753504 (588) BitMap->Full 1824 (0) 
[2026-09-19T06:08:31.108+0000][337.884s][debug][gc,remset] GC(153) Visited cards 4297984 Total dirty 7143424 (60.17%) Total old 17973248 (23.91%)
[2026-09-19T06:08:31.241+0000][338.017s][debug][gc,remset] GC(153) Coarsening (recent): Inline->AoC 22627 (2) AoC->Howl 6605 (3) Howl->Full 0 (0) Inline->AoC 39599 (0) AoC->BitMap 3968 (0) BitMap->Full 0 (0) 
[2026-09-19T06:08:31.241+0000][338.017s][debug][gc,remset] GC(153) Coarsening (all): Inline->AoC 1693629 (67) AoC->Howl 609966 (304) Howl->Full 155 (0) Inline->AoC 3561377 (219) AoC->BitMap 757472 (588) BitMap->Full 1824 (0) 
[2026-09-19T06:08:34.974+0000][341.751s][debug][gc,remset] GC(155) Visited cards 4256384 Total dirty 7143424 (59.58%) Total old 17940480 (23.73%)
[2026-09-19T06:08:35.111+0000][341.887s][debug][gc,remset] GC(155) Coarsening (recent): Inline->AoC 22509 (0) AoC->Howl 6591 (0) Howl->Full 0 (0) Inline->AoC 39831 (0) AoC->BitMap 4150 (0) BitMap->Full 0 (0) 
[2026-09-19T06:08:35.111+0000][341.887s][debug][gc,remset] GC(155) Coarsening (all): Inline->AoC 1716138 (67) AoC->Howl 616557 (304) Howl->Full 155 (0) Inline->AoC 3601208 (219) AoC->BitMap 761622 (588) BitMap->Full 1824 (0) 
[2026-09-19T06:08:38.908+0000][345.685s][debug][gc,remset] GC(156) Visited cards 4258688 Total dirty 7110656 (59.89%) Total old 17907712 (23.78%)
[2026-09-19T06:08:39.048+0000][345.824s][debug][gc,remset] GC(156) Coarsening (recent): Inline->AoC 34938 (0) AoC->Howl 10607 (2) Howl->Full 6 (0) Inline->AoC 65941 (2) AoC->BitMap 20707 (1) BitMap->Full 67 (0) 
[2026-09-19T06:08:39.048+0000][345.824s][debug][gc,remset] GC(156) Coarsening (all): Inline->AoC 1751076 (67) AoC->Howl 627164 (306) Howl->Full 161 (0) Inline->AoC 3667149 (221) AoC->BitMap 782329 (589) BitMap->Full 1891 (0) 
[2026-09-19T06:08:42.133+0000][348.910s][debug][gc,remset] GC(157) Visited cards 4253696 Total dirty 7127040 (59.68%) Total old 17874944 (23.80%)
[2026-09-19T06:08:42.271+0000][349.048s][debug][gc,remset] GC(157) Coarsening (recent): Inline->AoC 25500 (0) AoC->Howl 7094 (4) Howl->Full 0 (0) Inline->AoC 42115 (2) AoC->BitMap 4965 (0) BitMap->Full 1 (0) 
[2026-09-19T06:08:42.271+0000][349.048s][debug][gc,remset] GC(157) Coarsening (all): Inline->AoC 1776576 (67) AoC->Howl 634258 (310) Howl->Full 161 (0) Inline->AoC 3709264 (223) AoC->BitMap 787294 (589) BitMap->Full 1892 (0) 
[2026-09-19T06:08:45.280+0000][352.057s][debug][gc,remset] GC(158) Visited cards 4416640 Total dirty 7045120 (62.69%) Total old 18038784 (24.48%)
[2026-09-19T06:08:45.439+0000][352.216s][debug][gc,remset] GC(158) Coarsening (recent): Inline->AoC 22400 (0) AoC->Howl 6655 (0) Howl->Full 0 (0) Inline->AoC 40314 (0) AoC->BitMap 4271 (0) BitMap->Full 0 (0) 
[2026-09-19T06:08:45.439+0000][352.216s][debug][gc,remset] GC(158) Coarsening (all): Inline->AoC 1798976 (67) AoC->Howl 640913 (310) Howl->Full 161 (0) Inline->AoC 3749578 (223) AoC->BitMap 791565 (589) BitMap->Full 1892 (0) 
[2026-09-19T06:08:48.441+0000][355.218s][debug][gc,remset] GC(159) Visited cards 4229120 Total dirty 7176192 (58.93%) Total old 17874944 (23.66%)
[2026-09-19T06:08:48.575+0000][355.351s][debug][gc,remset] GC(159) Coarsening (recent): Inline->AoC 22413 (0) AoC->Howl 6355 (2) Howl->Full 0 (0) Inline->AoC 38223 (1) AoC->BitMap 3927 (0) BitMap->Full 0 (0) 
[2026-09-19T06:08:48.575+0000][355.351s][debug][gc,remset] GC(159) Coarsening (all): Inline->AoC 1821389 (67) AoC->Howl 647268 (312) Howl->Full 161 (0) Inline->AoC 3787801 (224) AoC->BitMap 795492 (589) BitMap->Full 1892 (0) 
[2026-09-19T06:08:52.472+0000][359.249s][debug][gc,remset] GC(161) Visited cards 4249984 Total dirty 7127040 (59.63%) Total old 17842176 (23.82%)
[2026-09-19T06:08:52.607+0000][359.384s][debug][gc,remset] GC(161) Coarsening (recent): Inline->AoC 22802 (0) AoC->Howl 6382 (2) Howl->Full 0 (0) Inline->AoC 38308 (0) AoC->BitMap 3918 (0) BitMap->Full 0 (0) 
[2026-09-19T06:08:52.607+0000][359.384s][debug][gc,remset] GC(161) Coarsening (all): Inline->AoC 1844191 (67) AoC->Howl 653650 (314) Howl->Full 161 (0) Inline->AoC 3826109 (224) AoC->BitMap 799410 (589) BitMap->Full 1892 (0) 
[2026-09-19T06:08:56.336+0000][363.113s][debug][gc,remset] GC(162) Visited cards 4253568 Total dirty 7176192 (59.27%) Total old 17776640 (23.93%)
[2026-09-19T06:08:56.473+0000][363.250s][debug][gc,remset] GC(162) Coarsening (recent): Inline->AoC 42972 (0) AoC->Howl 12291 (0) Howl->Full 6 (0) Inline->AoC 74709 (0) AoC->BitMap 22550 (1) BitMap->Full 67 (0) 
[2026-09-19T06:08:56.473+0000][363.250s][debug][gc,remset] GC(162) Coarsening (all): Inline->AoC 1887163 (67) AoC->Howl 665941 (314) Howl->Full 167 (0) Inline->AoC 3900818 (224) AoC->BitMap 821960 (590) BitMap->Full 1959 (0) 
[2026-09-19T06:09:00.010+0000][366.786s][debug][gc,remset] GC(163) Visited cards 4365056 Total dirty 7012352 (62.25%) Total old 18104320 (24.11%)
[2026-09-19T06:09:00.172+0000][366.949s][debug][gc,remset] GC(163) Coarsening (recent): Inline->AoC 22876 (1) AoC->Howl 6168 (1) Howl->Full 0 (0) Inline->AoC 37322 (0) AoC->BitMap 3475 (1) BitMap->Full 0 (0) 
[2026-09-19T06:09:00.172+0000][366.949s][debug][gc,remset] GC(163) Coarsening (all): Inline->AoC 1910039 (68) AoC->Howl 672109 (315) Howl->Full 167 (0) Inline->AoC 3938140 (224) AoC->BitMap 825435 (591) BitMap->Full 1959 (0) 
[2026-09-19T06:09:03.331+0000][370.107s][debug][gc,remset] GC(164) Visited cards 4237056 Total dirty 7192576 (58.91%) Total old 17858560 (23.73%)
[2026-09-19T06:09:03.459+0000][370.236s][debug][gc,remset] GC(164) Coarsening (recent): Inline->AoC 25006 (0) AoC->Howl 6986 (1) Howl->Full 0 (0) Inline->AoC 42571 (0) AoC->BitMap 3835 (0) BitMap->Full 0 (0) 
[2026-09-19T06:09:03.459+0000][370.236s][debug][gc,remset] GC(164) Coarsening (all): Inline->AoC 1935045 (68) AoC->Howl 679095 (316) Howl->Full 167 (0) Inline->AoC 3980711 (224) AoC->BitMap 829270 (591) BitMap->Full 1959 (0) 
[2026-09-19T06:09:07.627+0000][374.404s][debug][gc,remset] GC(166) Visited cards 4251776 Total dirty 7208960 (58.98%) Total old 17825792 (23.85%)
[2026-09-19T06:09:07.771+0000][374.548s][debug][gc,remset] GC(166) Coarsening (recent): Inline->AoC 27761 (0) AoC->Howl 7612 (0) Howl->Full 6 (0) Inline->AoC 46947 (0) AoC->BitMap 5076 (0) BitMap->Full 50 (0) 
[2026-09-19T06:09:07.771+0000][374.548s][debug][gc,remset] GC(166) Coarsening (all): Inline->AoC 1962806 (68) AoC->Howl 686707 (316) Howl->Full 173 (0) Inline->AoC 4027658 (224) AoC->BitMap 834346 (591) BitMap->Full 2009 (0) 
[2026-09-19T06:09:11.562+0000][378.339s][debug][gc,remset] GC(167) Visited cards 4262528 Total dirty 7208960 (59.13%) Total old 17825792 (23.91%)
[2026-09-19T06:09:11.696+0000][378.473s][debug][gc,remset] GC(167) Coarsening (recent): Inline->AoC 43015 (0) AoC->Howl 11946 (1) Howl->Full 0 (0) Inline->AoC 71845 (0) AoC->BitMap 21164 (0) BitMap->Full 17 (0) 
[2026-09-19T06:09:11.696+0000][378.473s][debug][gc,remset] GC(167) Coarsening (all): Inline->AoC 2005821 (68) AoC->Howl 698653 (317) Howl->Full 173 (0) Inline->AoC 4099503 (224) AoC->BitMap 855510 (591) BitMap->Full 2026 (0) 
[2026-09-19T06:09:14.768+0000][381.545s][debug][gc,remset] GC(168) Visited cards 4478208 Total dirty 7061504 (63.42%) Total old 18120704 (24.71%)
[2026-09-19T06:09:14.928+0000][381.705s][debug][gc,remset] GC(168) Coarsening (recent): Inline->AoC 23259 (0) AoC->Howl 6569 (0) Howl->Full 0 (0) Inline->AoC 40420 (0) AoC->BitMap 3652 (1) BitMap->Full 0 (0) 
[2026-09-19T06:09:14.928+0000][381.705s][debug][gc,remset] GC(168) Coarsening (all): Inline->AoC 2029080 (68) AoC->Howl 705222 (317) Howl->Full 173 (0) Inline->AoC 4139923 (224) AoC->BitMap 859162 (592) BitMap->Full 2026 (0) 
[2026-09-19T06:09:18.142+0000][384.919s][debug][gc,remset] GC(169) Visited cards 4262400 Total dirty 7192576 (59.26%) Total old 17874944 (23.85%)
[2026-09-19T06:09:18.276+0000][385.053s][debug][gc,remset] GC(169) Coarsening (recent): Inline->AoC 23635 (0) AoC->Howl 6038 (3) Howl->Full 0 (0) Inline->AoC 36975 (0) AoC->BitMap 3128 (1) BitMap->Full 0 (0) 
[2026-09-19T06:09:18.276+0000][385.053s][debug][gc,remset] GC(169) Coarsening (all): Inline->AoC 2052715 (68) AoC->Howl 711260 (320) Howl->Full 173 (0) Inline->AoC 4176898 (224) AoC->BitMap 862290 (593) BitMap->Full 2026 (0) 
[2026-09-19T06:09:22.541+0000][389.317s][debug][gc,remset] GC(171) Visited cards 4266240 Total dirty 7225344 (59.05%) Total old 17825792 (23.93%)
[2026-09-19T06:09:22.679+0000][389.456s][debug][gc,remset] GC(171) Coarsening (recent): Inline->AoC 32946 (0) AoC->Howl 9381 (1) Howl->Full 6 (0) Inline->AoC 58702 (0) AoC->BitMap 8734 (7) BitMap->Full 55 (0) 
[2026-09-19T06:09:22.679+0000][389.456s][debug][gc,remset] GC(171) Coarsening (all): Inline->AoC 2085661 (68) AoC->Howl 720641 (321) Howl->Full 179 (0) Inline->AoC 4235600 (224) AoC->BitMap 871024 (600) BitMap->Full 2081 (0) 
[2026-09-19T06:09:26.713+0000][393.490s][debug][gc,remset] GC(172) Visited cards 4282624 Total dirty 7274496 (58.87%) Total old 17793024 (24.07%)
[2026-09-19T06:09:26.839+0000][393.616s][debug][gc,remset] GC(172) Coarsening (recent): Inline->AoC 41882 (1) AoC->Howl 10901 (2) Howl->Full 0 (0) Inline->AoC 63857 (0) AoC->BitMap 17835 (0) BitMap->Full 12 (0) 
[2026-09-19T06:09:26.839+0000][393.616s][debug][gc,remset] GC(172) Coarsening (all): Inline->AoC 2127543 (69) AoC->Howl 731542 (323) Howl->Full 179 (0) Inline->AoC 4299457 (224) AoC->BitMap 888859 (600) BitMap->Full 2093 (0) 
[2026-09-19T06:09:30.193+0000][396.969s][debug][gc,remset] GC(173) Visited cards 4513536 Total dirty 7028736 (64.22%) Total old 18137088 (24.89%)
[2026-09-19T06:09:30.358+0000][397.134s][debug][gc,remset] GC(173) Coarsening (recent): Inline->AoC 25090 (0) AoC->Howl 6839 (0) Howl->Full 0 (0) Inline->AoC 42115 (0) AoC->BitMap 3334 (0) BitMap->Full 0 (0) 
[2026-09-19T06:09:30.358+0000][397.134s][debug][gc,remset] GC(173) Coarsening (all): Inline->AoC 2152633 (69) AoC->Howl 738381 (323) Howl->Full 179 (0) Inline->AoC 4341572 (224) AoC->BitMap 892193 (600) BitMap->Full 2093 (0) 
[2026-09-19T06:09:33.704+0000][400.481s][debug][gc,remset] GC(174) Visited cards 4303872 Total dirty 7176192 (59.97%) Total old 17907712 (24.03%)
[2026-09-19T06:09:33.835+0000][400.612s][debug][gc,remset] GC(174) Coarsening (recent): Inline->AoC 25998 (0) AoC->Howl 7030 (0) Howl->Full 0 (0) Inline->AoC 42970 (0) AoC->BitMap 3250 (0) BitMap->Full 0 (0) 
[2026-09-19T06:09:33.835+0000][400.612s][debug][gc,remset] GC(174) Coarsening (all): Inline->AoC 2178631 (69) AoC->Howl 745411 (323) Howl->Full 179 (0) Inline->AoC 4384542 (224) AoC->BitMap 895443 (600) BitMap->Full 2093 (0) 
[2026-09-19T06:09:38.052+0000][404.829s][debug][gc,remset] GC(176) Visited cards 4300800 Total dirty 7176192 (59.93%) Total old 17858560 (24.08%)
[2026-09-19T06:09:38.200+0000][404.977s][debug][gc,remset] GC(176) Coarsening (recent): Inline->AoC 30883 (1) AoC->Howl 8488 (2) Howl->Full 6 (0) Inline->AoC 52878 (1) AoC->BitMap 5096 (1) BitMap->Full 46 (0) 
[2026-09-19T06:09:38.200+0000][404.977s][debug][gc,remset] GC(176) Coarsening (all): Inline->AoC 2209514 (70) AoC->Howl 753899 (325) Howl->Full 185 (0) Inline->AoC 4437420 (225) AoC->BitMap 900539 (601) BitMap->Full 2139 (0) 
[2026-09-19T06:09:42.273+0000][409.050s][debug][gc,remset] GC(177) Visited cards 4303360 Total dirty 7208960 (59.69%) Total old 17825792 (24.14%)
[2026-09-19T06:09:42.401+0000][409.178s][debug][gc,remset] GC(177) Coarsening (recent): Inline->AoC 45509 (3) AoC->Howl 12150 (6) Howl->Full 0 (0) Inline->AoC 71927 (6) AoC->BitMap 21144 (19) BitMap->Full 22 (0) 
[2026-09-19T06:09:42.402+0000][409.178s][debug][gc,remset] GC(177) Coarsening (all): Inline->AoC 2255023 (73) AoC->Howl 766049 (331) Howl->Full 185 (0) Inline->AoC 4509347 (231) AoC->BitMap 921683 (620) BitMap->Full 2161 (0) 
[2026-09-19T06:09:45.828+0000][412.605s][debug][gc,remset] GC(178) Visited cards 4509824 Total dirty 7061504 (63.86%) Total old 18137088 (24.87%)
[2026-09-19T06:09:45.994+0000][412.770s][debug][gc,remset] GC(178) Coarsening (recent): Inline->AoC 25047 (0) AoC->Howl 6648 (3) Howl->Full 0 (0) Inline->AoC 40776 (1) AoC->BitMap 3249 (1) BitMap->Full 0 (0) 
[2026-09-19T06:09:45.994+0000][412.770s][debug][gc,remset] GC(178) Coarsening (all): Inline->AoC 2280070 (73) AoC->Howl 772697 (334) Howl->Full 185 (0) Inline->AoC 4550123 (232) AoC->BitMap 924932 (621) BitMap->Full 2161 (0) 
[2026-09-19T06:09:49.178+0000][415.955s][debug][gc,remset] GC(179) Visited cards 4318208 Total dirty 7143424 (60.45%) Total old 16580608 (26.04%)
[2026-09-19T06:09:49.360+0000][416.137s][debug][gc,remset] GC(179) Coarsening (recent): Inline->AoC 21032 (0) AoC->Howl 5765 (0) Howl->Full 0 (0) Inline->AoC 35765 (0) AoC->BitMap 3381 (0) BitMap->Full 0 (0) 
[2026-09-19T06:09:49.360+0000][416.137s][debug][gc,remset] GC(179) Coarsening (all): Inline->AoC 2301102 (73) AoC->Howl 778462 (334) Howl->Full 185 (0) Inline->AoC 4585888 (232) AoC->BitMap 928313 (621) BitMap->Full 2161 (0) 
[2026-09-19T06:09:54.449+0000][421.225s][debug][gc,remset] GC(181) Visited cards 4387712 Total dirty 7307264 (60.05%) Total old 18022400 (24.35%)
[2026-09-19T06:09:54.595+0000][421.372s][debug][gc,remset] GC(181) Coarsening (recent): Inline->AoC 32849 (1) AoC->Howl 9182 (2) Howl->Full 6 (0) Inline->AoC 57490 (2) AoC->BitMap 8526 (1) BitMap->Full 55 (0) 
[2026-09-19T06:09:54.595+0000][421.372s][debug][gc,remset] GC(181) Coarsening (all): Inline->AoC 2333951 (74) AoC->Howl 787644 (336) Howl->Full 191 (0) Inline->AoC 4643378 (234) AoC->BitMap 936839 (622) BitMap->Full 2216 (0) 
[2026-09-19T06:09:58.899+0000][425.676s][debug][gc,remset] GC(182) Visited cards 4303488 Total dirty 7438336 (57.86%) Total old 18399232 (23.39%)
[2026-09-19T06:09:59.015+0000][425.791s][debug][gc,remset] GC(182) Coarsening (recent): Inline->AoC 44106 (4) AoC->Howl 11243 (20) Howl->Full 0 (0) Inline->AoC 65252 (11) AoC->BitMap 18792 (42) BitMap->Full 12 (0) 
[2026-09-19T06:09:59.015+0000][425.791s][debug][gc,remset] GC(182) Coarsening (all): Inline->AoC 2378057 (78) AoC->Howl 798887 (356) Howl->Full 191 (0) Inline->AoC 4708630 (245) AoC->BitMap 955631 (664) BitMap->Full 2228 (0) 
[2026-09-19T06:10:02.584+0000][429.361s][debug][gc,remset] GC(183) Visited cards 4626176 Total dirty 7143424 (64.76%) Total old 18759680 (24.66%)
[2026-09-19T06:10:02.753+0000][429.529s][debug][gc,remset] GC(183) Coarsening (recent): Inline->AoC 25487 (1) AoC->Howl 6681 (1) Howl->Full 0 (0) Inline->AoC 41054 (1) AoC->BitMap 3337 (0) BitMap->Full 0 (0) 
[2026-09-19T06:10:02.753+0000][429.529s][debug][gc,remset] GC(183) Coarsening (all): Inline->AoC 2403544 (79) AoC->Howl 805568 (357) Howl->Full 191 (0) Inline->AoC 4749684 (246) AoC->BitMap 958968 (664) BitMap->Full 2228 (0) 
[2026-09-19T06:10:06.411+0000][433.188s][debug][gc,remset] GC(184) Visited cards 4346880 Total dirty 7323648 (59.35%) Total old 18513920 (23.48%)
[2026-09-19T06:10:06.536+0000][433.312s][debug][gc,remset] GC(184) Coarsening (recent): Inline->AoC 26991 (1) AoC->Howl 7005 (4) Howl->Full 0 (0) Inline->AoC 43249 (2) AoC->BitMap 3488 (1) BitMap->Full 0 (0) 
[2026-09-19T06:10:06.536+0000][433.313s][debug][gc,remset] GC(184) Coarsening (all): Inline->AoC 2430535 (80) AoC->Howl 812573 (361) Howl->Full 191 (0) Inline->AoC 4792933 (248) AoC->BitMap 962456 (665) BitMap->Full 2228 (0) 
[2026-09-19T06:10:11.245+0000][438.021s][debug][gc,remset] GC(186) Visited cards 4374016 Total dirty 7323648 (59.72%) Total old 18284544 (23.92%)
[2026-09-19T06:10:11.380+0000][438.157s][debug][gc,remset] GC(186) Coarsening (recent): Inline->AoC 38038 (1) AoC->Howl 10559 (0) Howl->Full 6 (0) Inline->AoC 66824 (0) AoC->BitMap 10849 (0) BitMap->Full 56 (0) 
[2026-09-19T06:10:11.380+0000][438.157s][debug][gc,remset] GC(186) Coarsening (all): Inline->AoC 2468573 (81) AoC->Howl 823132 (361) Howl->Full 197 (0) Inline->AoC 4859757 (248) AoC->BitMap 973305 (665) BitMap->Full 2284 (0) 
[2026-09-19T06:10:16.059+0000][442.835s][debug][gc,remset] GC(187) Visited cards 4389760 Total dirty 7323648 (59.94%) Total old 18743296 (23.42%)
[2026-09-19T06:10:16.193+0000][442.970s][debug][gc,remset] GC(187) Coarsening (recent): Inline->AoC 45668 (0) AoC->Howl 11281 (2) Howl->Full 0 (0) Inline->AoC 65690 (0) AoC->BitMap 16212 (9) BitMap->Full 11 (0) 
[2026-09-19T06:10:16.193+0000][442.970s][debug][gc,remset] GC(187) Coarsening (all): Inline->AoC 2514241 (81) AoC->Howl 834413 (363) Howl->Full 197 (0) Inline->AoC 4925447 (248) AoC->BitMap 989517 (674) BitMap->Full 2295 (0) 
[2026-09-19T06:10:19.875+0000][446.652s][debug][gc,remset] GC(188) Visited cards 4692736 Total dirty 7192576 (65.24%) Total old 19021824 (24.67%)
[2026-09-19T06:10:20.035+0000][446.812s][debug][gc,remset] GC(188) Visited cards 682496 Total dirty 5701632 (11.97%) Total old 19644416 (3.47%)
[2026-09-19T06:10:20.047+0000][446.824s][debug][gc,remset] GC(188) Coarsening (recent): Inline->AoC 27197 (0) AoC->Howl 6976 (0) Howl->Full 0 (0) Inline->AoC 43591 (0) AoC->BitMap 3487 (0) BitMap->Full 0 (0) 
[2026-09-19T06:10:20.047+0000][446.824s][debug][gc,remset] GC(188) Coarsening (all): Inline->AoC 2541438 (81) AoC->Howl 841389 (363) Howl->Full 197 (0) Inline->AoC 4969038 (248) AoC->BitMap 993004 (674) BitMap->Full 2295 (0) 
[2026-09-19T06:10:23.786+0000][450.562s][debug][gc,remset] GC(189) Visited cards 4407040 Total dirty 7208960 (61.13%) Total old 18857984 (23.37%)
[2026-09-19T06:10:23.928+0000][450.705s][debug][gc,remset] GC(189) Coarsening (recent): Inline->AoC 29169 (0) AoC->Howl 7633 (2) Howl->Full 0 (0) Inline->AoC 47173 (2) AoC->BitMap 3637 (0) BitMap->Full 0 (0) 
[2026-09-19T06:10:23.928+0000][450.705s][debug][gc,remset] GC(189) Coarsening (all): Inline->AoC 2570607 (81) AoC->Howl 849022 (365) Howl->Full 197 (0) Inline->AoC 5016211 (250) AoC->BitMap 996641 (674) BitMap->Full 2295 (0) 
[2026-09-19T06:10:29.126+0000][455.902s][debug][gc,remset] GC(191) Visited cards 4683392 Total dirty 7323648 (63.95%) Total old 18825216 (24.88%)
[2026-09-19T06:10:29.268+0000][456.045s][debug][gc,remset] GC(191) Coarsening (recent): Inline->AoC 32480 (0) AoC->Howl 7393 (0) Howl->Full 6 (0) Inline->AoC 43209 (0) AoC->BitMap 22320 (0) BitMap->Full 67 (0) 
[2026-09-19T06:10:29.268+0000][456.045s][debug][gc,remset] GC(191) Coarsening (all): Inline->AoC 2603087 (81) AoC->Howl 856415 (365) Howl->Full 203 (0) Inline->AoC 5059420 (250) AoC->BitMap 1018961 (674) BitMap->Full 2362 (0) 
[2026-09-19T06:10:33.442+0000][460.219s][debug][gc,remset] GC(192) Visited cards 4867584 Total dirty 7323648 (66.46%) Total old 18792448 (25.90%)
[2026-09-19T06:10:33.571+0000][460.348s][debug][gc,remset] GC(192) Coarsening (recent): Inline->AoC 2198 (3) AoC->Howl 661 (46) Howl->Full 0 (0) Inline->AoC 3995 (26) AoC->BitMap 2638 (76) BitMap->Full 0 (0) 
[2026-09-19T06:10:33.571+0000][460.348s][debug][gc,remset] GC(192) Coarsening (all): Inline->AoC 2605285 (84) AoC->Howl 857076 (411) Howl->Full 203 (0) Inline->AoC 5063415 (276) AoC->BitMap 1021599 (750) BitMap->Full 2362 (0) 
[2026-09-19T06:10:37.669+0000][464.445s][debug][gc,remset] GC(193) Visited cards 5245824 Total dirty 7192576 (72.93%) Total old 19054592 (27.53%)
[2026-09-19T06:10:37.842+0000][464.618s][debug][gc,remset] GC(193) Visited cards 423296 Total dirty 4653056 (9.10%) Total old 19660800 (2.15%)
[2026-09-19T06:10:37.849+0000][464.626s][debug][gc,remset] GC(193) Coarsening (recent): Inline->AoC 1626 (0) AoC->Howl 553 (0) Howl->Full 0 (0) Inline->AoC 3836 (0) AoC->BitMap 2611 (0) BitMap->Full 0 (0) 
[2026-09-19T06:10:37.849+0000][464.626s][debug][gc,remset] GC(193) Coarsening (all): Inline->AoC 2606911 (84) AoC->Howl 857629 (411) Howl->Full 203 (0) Inline->AoC 5067251 (276) AoC->BitMap 1024210 (750) BitMap->Full 2362 (0) 
[2026-09-19T06:10:42.019+0000][468.796s][debug][gc,remset] GC(194) Visited cards 5297408 Total dirty 7274496 (72.82%) Total old 18841600 (28.12%)
[2026-09-19T06:10:42.162+0000][468.939s][debug][gc,remset] GC(194) Coarsening (recent): Inline->AoC 1826 (0) AoC->Howl 601 (0) Howl->Full 0 (0) Inline->AoC 3967 (0) AoC->BitMap 2675 (0) BitMap->Full 0 (0) 
[2026-09-19T06:10:42.162+0000][468.939s][debug][gc,remset] GC(194) Coarsening (all): Inline->AoC 2608737 (84) AoC->Howl 858230 (411) Howl->Full 203 (0) Inline->AoC 5071218 (276) AoC->BitMap 1026885 (750) BitMap->Full 2362 (0) 
[2026-09-19T06:10:46.616+0000][473.393s][debug][gc,remset] GC(196) Visited cards 5531520 Total dirty 7323648 (75.53%) Total old 18841600 (29.36%)
[2026-09-19T06:10:46.777+0000][473.554s][debug][gc,remset] GC(196) Coarsening (recent): Inline->AoC 24353 (0) AoC->Howl 6259 (0) Howl->Full 6 (0) Inline->AoC 38107 (0) AoC->BitMap 20911 (0) BitMap->Full 65 (0) 
[2026-09-19T06:10:46.777+0000][473.554s][debug][gc,remset] GC(196) Coarsening (all): Inline->AoC 2633090 (84) AoC->Howl 864489 (411) Howl->Full 209 (0) Inline->AoC 5109325 (276) AoC->BitMap 1047796 (750) BitMap->Full 2427 (0) 
[2026-09-19T06:10:47.177+0000][473.953s][debug][gc,remset] GC(197) Visited cards 5527552 Total dirty 7274496 (75.99%) Total old 9011200 (61.34%)
[2026-09-19T06:10:47.329+0000][474.106s][debug][gc,remset] GC(197) Coarsening (recent): Inline->AoC 3148 (5) AoC->Howl 1022 (62) Howl->Full 0 (0) Inline->AoC 5834 (53) AoC->BitMap 3720 (295) BitMap->Full 0 (0) 
[2026-09-19T06:10:47.329+0000][474.106s][debug][gc,remset] GC(197) Coarsening (all): Inline->AoC 2636238 (89) AoC->Howl 865511 (473) Howl->Full 209 (0) Inline->AoC 5115159 (329) AoC->BitMap 1051516 (1045) BitMap->Full 2427 (0) 
