[0.003s][info][gc] Using G1
[0.343s][info][gc] GC(0) Pause Young (Concurrent Start) (G1 Humongous Allocation) 241M->3M(513M) 4.377ms
[0.343s][info][gc] GC(1) Concurrent Undo Cycle
[0.343s][info][gc] GC(1) Concurrent Undo Cycle 0.122ms
[0.433s][info][gc] GC(2) Pause Young (Normal) (G1 Evacuation Pause) 215M->2M(513M) 2.881ms
[1.734s][info][gc] GC(3) Pause Young (Concurrent Start) (Metadata GC Threshold) 312M->15M(513M) 11.443ms
[1.734s][info][gc] GC(4) Concurrent Mark Cycle
[1.744s][info][gc] GC(4) Pause Remark 16M->16M(512M) 4.079ms
[1.749s][info][gc] GC(4) Pause Cleanup 16M->16M(512M) 0.099ms
[1.751s][info][gc] GC(4) Concurrent Mark Cycle 16.644ms
[2.131s][info][gc] GC(5) Pause Young (Prepare Mixed) (G1 Evacuation Pause) 66M->32M(512M) 46.815ms
[2.179s][info][gc] GC(6) Pause Young (Mixed) (G1 Evacuation Pause) 49M->41M(512M) 17.365ms
[2.247s][info][gc] GC(7) Pause Young (Normal) (G1 Evacuation Pause) 68M->54M(512M) 13.008ms
[2.327s][info][gc] GC(8) Pause Young (Normal) (G1 Evacuation Pause) 90M->68M(512M) 32.705ms
[2.386s][info][gc] GC(9) Pause Young (Normal) (G1 Evacuation Pause) 102M->84M(1055M) 18.192ms
[2.576s][info][gc] GC(10) Pause Young (Normal) (G1 Evacuation Pause) 131M->108M(1055M) 33.739ms
[2.692s][info][gc] GC(11) Pause Young (Normal) (G1 Evacuation Pause) 153M->133M(1055M) 35.218ms
[3.270s][info][gc] GC(12) Pause Young (Normal) (G1 Evacuation Pause) 178M->149M(1055M) 24.602ms
[3.300s][info][gc] GC(13) Pause Young (Concurrent Start) (Metadata GC Threshold) 151M->150M(1055M) 6.704ms
[3.300s][info][gc] GC(14) Concurrent Mark Cycle
[3.656s][info][gc] GC(14) Pause Remark 167M->167M(564M) 5.187ms
[3.832s][info][gc] GC(14) Pause Cleanup 178M->178M(564M) 0.226ms
[3.833s][info][gc] GC(14) Concurrent Mark Cycle 533.356ms
[4.168s][info][gc] GC(15) Pause Young (Prepare Mixed) (G1 Evacuation Pause) 265M->162M(564M) 15.996ms
[6.382s][info][gc] GC(16) Pause Young (Mixed) (G1 Evacuation Pause) 468M->216M(959M) 64.285ms
[6.621s][info][gc] GC(17) Pause Young (Normal) (G1 Evacuation Pause) 346M->260M(959M) 83.866ms
[6.753s][info][gc] GC(18) Pause Young (Concurrent Start) (Metadata GC Threshold) 271M->263M(959M) 16.612ms
[6.753s][info][gc] GC(19) Concurrent Mark Cycle
[7.037s][info][gc] GC(19) Pause Remark 264M->226M(757M) 9.450ms
[7.179s][info][gc] GC(19) Pause Cleanup 227M->227M(757M) 0.349ms
[7.181s][info][gc] GC(19) Concurrent Mark Cycle 428.390ms
[9.855s][info][gc] GC(20) Pause Young (Prepare Mixed) (G1 Evacuation Pause) 441M->255M(757M) 34.762ms
[10.973s][info][gc] GC(21) Pause Young (Mixed) (G1 Evacuation Pause) 467M->263M(757M) 35.607ms
[12.385s][info][gc] GC(22) Pause Young (Mixed) (G1 Evacuation Pause) 583M->272M(757M) 43.512ms
[13.424s][info][gc] GC(23) Pause Young (Concurrent Start) (Metadata GC Threshold) 507M->285M(757M) 70.865ms
[13.424s][info][gc] GC(24) Concurrent Mark Cycle
[13.968s][info][gc] GC(24) Pause Remark 316M->315M(757M) 18.527ms
[14.219s][info][gc] GC(24) Pause Cleanup 320M->320M(757M) 0.403ms
[14.220s][info][gc] GC(24) Concurrent Mark Cycle 796.307ms
[17.672s][info][gc] GC(25) Pause Young (Prepare Mixed) (G1 Evacuation Pause) 595M->293M(757M) 42.455ms
[31.282s][info][gc] GC(26) Pause Young (Mixed) (G1 Evacuation Pause) 646M->302M(757M) 41.427ms
[33.538s][info][gc] GC(27) Pause Young (Concurrent Start) (G1 Evacuation Pause) 657M->323M(757M) 74.666ms
[33.538s][info][gc] GC(28) Concurrent Mark Cycle
[34.077s][info][gc] GC(28) Pause Remark 369M->333M(757M) 26.294ms
[34.254s][info][gc] GC(28) Pause Cleanup 346M->346M(757M) 0.285ms
[34.256s][info][gc] GC(28) Concurrent Mark Cycle 718.040ms
[37.070s][info][gc] GC(29) Pause Young (Prepare Mixed) (G1 Evacuation Pause) 627M->299M(757M) 41.289ms
[40.392s][info][gc] GC(30) Pause Young (Mixed) (G1 Evacuation Pause) 672M->305M(757M) 33.745ms
[43.719s][info][gc] GC(31) Pause Young (Concurrent Start) (G1 Evacuation Pause) 680M->322M(757M) 61.490ms
[43.719s][info][gc] GC(32) Concurrent Mark Cycle
[44.390s][info][gc] GC(32) Pause Remark 399M->399M(757M) 40.500ms
[44.736s][info][gc] GC(32) Pause Cleanup 410M->410M(757M) 0.254ms
[44.738s][info][gc] GC(32) Concurrent Mark Cycle 1018.522ms
[46.200s][info][gc] GC(33) Pause Young (Prepare Mixed) (G1 Evacuation Pause) 674M->332M(757M) 37.947ms
[52.883s][info][gc] GC(34) Pause Young (Mixed) (G1 Evacuation Pause) 689M->331M(757M) 26.326ms
[53.383s][info][gc] GC(35) Pause Young (Concurrent Start) (G1 Evacuation Pause) 701M->331M(757M) 14.030ms
[53.383s][info][gc] GC(36) Concurrent Mark Cycle
[53.784s][info][gc] GC(36) Concurrent Mark Cycle 400.919ms
