[2026-09-22T11:54:36.279+0000][0.036s][info][gc,init] CardTable entry size: 512
[2026-09-22T11:54:36.279+0000][0.036s][info][gc     ] Using Parallel
[2026-09-22T11:54:36.292+0000][0.049s][info][gc,init] Version: 21.0.12.1+1-LTS (release)
[2026-09-22T11:54:36.292+0000][0.049s][info][gc,init] CPUs: 4 total, 4 available
[2026-09-22T11:54:36.292+0000][0.049s][info][gc,init] Memory: 15989M
[2026-09-22T11:54:36.292+0000][0.049s][info][gc,init] Large Page Support: Disabled
[2026-09-22T11:54:36.292+0000][0.049s][info][gc,init] NUMA Support: Disabled
[2026-09-22T11:54:36.292+0000][0.049s][info][gc,init] Compressed Oops: Enabled (Zero based)
[2026-09-22T11:54:36.292+0000][0.049s][info][gc,init] Alignments: Space 512K, Generation 512K, Heap 2M
[2026-09-22T11:54:36.292+0000][0.049s][info][gc,init] Heap Min Capacity: 4G
[2026-09-22T11:54:36.292+0000][0.049s][info][gc,init] Heap Initial Capacity: 4G
[2026-09-22T11:54:36.292+0000][0.049s][info][gc,init] Heap Max Capacity: 10G
[2026-09-22T11:54:36.292+0000][0.049s][info][gc,init] Pre-touch: Disabled
[2026-09-22T11:54:36.292+0000][0.049s][info][gc,init] Parallel Workers: 4
[2026-09-22T11:54:36.301+0000][0.058s][info][gc,metaspace] CDS archive(s) mapped at: [0x00007f8d50000000-0x00007f8d50c9c000-0x00007f8d50c9c000), size 13221888, SharedBaseAddress: 0x00007f8d50000000, ArchiveRelocationMode: 1.
[2026-09-22T11:54:36.301+0000][0.058s][info][gc,metaspace] Compressed class space mapped at: 0x00007f8d51000000-0x00007f8d91000000, reserved size: 1073741824
[2026-09-22T11:54:36.301+0000][0.058s][info][gc,metaspace] Narrow klass base: 0x00007f8d50000000, Narrow klass shift: 0, Narrow klass range: 0x100000000
[2026-09-22T11:54:39.161+0000][2.918s][info][gc,start    ] GC(0) Pause Young (Metadata GC Threshold)
[2026-09-22T11:54:39.167+0000][2.924s][info][gc,heap     ] GC(0) PSYoungGen: 919414K(1223168K)->12667K(1223168K) Eden: 919414K(1048576K)->0K(1048576K) From: 0K(174592K)->12667K(174592K)
[2026-09-22T11:54:39.167+0000][2.924s][info][gc,heap     ] GC(0) ParOldGen: 1073K(2796544K)->1145K(2796544K)
[2026-09-22T11:54:39.167+0000][2.924s][info][gc,metaspace] GC(0) Metaspace: 21085K(21504K)->21085K(21504K) NonClass: 18711K(18944K)->18711K(18944K) Class: 2374K(2560K)->2374K(2560K)
[2026-09-22T11:54:39.167+0000][2.924s][info][gc          ] GC(0) Pause Young (Metadata GC Threshold) 898M->13M(3925M) 6.102ms
[2026-09-22T11:54:39.167+0000][2.924s][info][gc,cpu      ] GC(0) User=0.02s Sys=0.00s Real=0.00s
[2026-09-22T11:54:39.167+0000][2.924s][info][gc,start    ] GC(1) Pause Full (Metadata GC Threshold)
[2026-09-22T11:54:39.167+0000][2.924s][info][gc,phases,start] GC(1) Marking Phase
[2026-09-22T11:54:39.174+0000][2.931s][info][gc,phases      ] GC(1) Marking Phase 7.306ms
[2026-09-22T11:54:39.174+0000][2.931s][info][gc,phases,start] GC(1) Summary Phase
[2026-09-22T11:54:39.174+0000][2.931s][info][gc,phases      ] GC(1) Summary Phase 0.008ms
[2026-09-22T11:54:39.174+0000][2.931s][info][gc,phases,start] GC(1) Adjust Roots
[2026-09-22T11:54:39.177+0000][2.934s][info][gc,phases      ] GC(1) Adjust Roots 2.811ms
[2026-09-22T11:54:39.177+0000][2.934s][info][gc,phases,start] GC(1) Compaction Phase
[2026-09-22T11:54:39.184+0000][2.941s][info][gc,phases      ] GC(1) Compaction Phase 6.615ms
[2026-09-22T11:54:39.184+0000][2.941s][info][gc,phases,start] GC(1) Post Compact
[2026-09-22T11:54:39.185+0000][2.942s][info][gc,phases      ] GC(1) Post Compact 1.289ms
[2026-09-22T11:54:39.185+0000][2.942s][info][gc,heap        ] GC(1) PSYoungGen: 12667K(1223168K)->0K(1223168K) Eden: 0K(1048576K)->0K(1048576K) From: 12667K(174592K)->0K(174592K)
[2026-09-22T11:54:39.185+0000][2.942s][info][gc,heap        ] GC(1) ParOldGen: 1145K(2796544K)->13573K(2796544K)
[2026-09-22T11:54:39.185+0000][2.942s][info][gc,metaspace   ] GC(1) Metaspace: 21085K(21504K)->21085K(21504K) NonClass: 18711K(18944K)->18711K(18944K) Class: 2374K(2560K)->2374K(2560K)
[2026-09-22T11:54:39.185+0000][2.942s][info][gc             ] GC(1) Pause Full (Metadata GC Threshold) 13M->13M(3925M) 18.167ms
[2026-09-22T11:54:39.185+0000][2.942s][info][gc,cpu         ] GC(1) User=0.04s Sys=0.00s Real=0.02s
[2026-09-22T11:54:40.386+0000][4.143s][info][gc,start       ] GC(2) Pause Young (Metadata GC Threshold)
[2026-09-22T11:54:40.408+0000][4.166s][info][gc,heap        ] GC(2) PSYoungGen: 458895K(1223168K)->51033K(1223168K) Eden: 458895K(1048576K)->0K(1048576K) From: 0K(174592K)->51033K(174592K)
[2026-09-22T11:54:40.409+0000][4.166s][info][gc,heap        ] GC(2) ParOldGen: 13573K(2796544K)->13581K(2796544K)
[2026-09-22T11:54:40.409+0000][4.166s][info][gc,metaspace   ] GC(2) Metaspace: 35398K(35840K)->35398K(35840K) NonClass: 31303K(31552K)->31303K(31552K) Class: 4095K(4288K)->4095K(4288K)
[2026-09-22T11:54:40.409+0000][4.166s][info][gc             ] GC(2) Pause Young (Metadata GC Threshold) 461M->63M(3925M) 22.771ms
[2026-09-22T11:54:40.409+0000][4.166s][info][gc,cpu         ] GC(2) User=0.07s Sys=0.01s Real=0.02s
[2026-09-22T11:54:40.409+0000][4.166s][info][gc,start       ] GC(3) Pause Full (Metadata GC Threshold)
[2026-09-22T11:54:40.409+0000][4.166s][info][gc,phases,start] GC(3) Marking Phase
[2026-09-22T11:54:40.431+0000][4.188s][info][gc,phases      ] GC(3) Marking Phase 22.255ms
[2026-09-22T11:54:40.431+0000][4.188s][info][gc,phases,start] GC(3) Summary Phase
[2026-09-22T11:54:40.431+0000][4.188s][info][gc,phases      ] GC(3) Summary Phase 0.034ms
[2026-09-22T11:54:40.431+0000][4.188s][info][gc,phases,start] GC(3) Adjust Roots
[2026-09-22T11:54:40.434+0000][4.191s][info][gc,phases      ] GC(3) Adjust Roots 3.360ms
[2026-09-22T11:54:40.434+0000][4.191s][info][gc,phases,start] GC(3) Compaction Phase
[2026-09-22T11:54:40.470+0000][4.227s][info][gc,phases      ] GC(3) Compaction Phase 35.777ms
[2026-09-22T11:54:40.470+0000][4.227s][info][gc,phases,start] GC(3) Post Compact
[2026-09-22T11:54:40.471+0000][4.228s][info][gc,phases      ] GC(3) Post Compact 0.918ms
[2026-09-22T11:54:40.471+0000][4.228s][info][gc,heap        ] GC(3) PSYoungGen: 51033K(1223168K)->0K(1223168K) Eden: 0K(1048576K)->0K(1048576K) From: 51033K(174592K)->0K(174592K)
[2026-09-22T11:54:40.471+0000][4.228s][info][gc,heap        ] GC(3) ParOldGen: 13581K(2796544K)->64235K(2796544K)
[2026-09-22T11:54:40.471+0000][4.228s][info][gc,metaspace   ] GC(3) Metaspace: 35398K(35840K)->35398K(35840K) NonClass: 31303K(31552K)->31303K(31552K) Class: 4095K(4288K)->4095K(4288K)
[2026-09-22T11:54:40.471+0000][4.228s][info][gc             ] GC(3) Pause Full (Metadata GC Threshold) 63M->62M(3925M) 62.479ms
[2026-09-22T11:54:40.471+0000][4.228s][info][gc,cpu         ] GC(3) User=0.21s Sys=0.01s Real=0.07s
[2026-09-22T11:54:42.298+0000][6.055s][info][gc,start       ] GC(4) Pause Young (Metadata GC Threshold)
[2026-09-22T11:54:42.326+0000][6.083s][info][gc,heap        ] GC(4) PSYoungGen: 401759K(1223168K)->43003K(1223168K) Eden: 401759K(1048576K)->0K(1048576K) From: 0K(174592K)->43003K(174592K)
[2026-09-22T11:54:42.326+0000][6.083s][info][gc,heap        ] GC(4) ParOldGen: 64235K(2796544K)->64251K(2796544K)
[2026-09-22T11:54:42.326+0000][6.083s][info][gc,metaspace   ] GC(4) Metaspace: 59178K(59776K)->59178K(59776K) NonClass: 50573K(50880K)->50573K(50880K) Class: 8605K(8896K)->8605K(8896K)
[2026-09-22T11:54:42.326+0000][6.083s][info][gc             ] GC(4) Pause Young (Metadata GC Threshold) 455M->104M(3925M) 27.254ms
[2026-09-22T11:54:42.326+0000][6.083s][info][gc,cpu         ] GC(4) User=0.10s Sys=0.01s Real=0.03s
[2026-09-22T11:54:42.326+0000][6.083s][info][gc,start       ] GC(5) Pause Full (Metadata GC Threshold)
[2026-09-22T11:54:42.326+0000][6.083s][info][gc,phases,start] GC(5) Marking Phase
[2026-09-22T11:54:42.365+0000][6.122s][info][gc,phases      ] GC(5) Marking Phase 39.481ms
[2026-09-22T11:54:42.365+0000][6.122s][info][gc,phases,start] GC(5) Summary Phase
[2026-09-22T11:54:42.365+0000][6.122s][info][gc,phases      ] GC(5) Summary Phase 0.007ms
[2026-09-22T11:54:42.365+0000][6.122s][info][gc,phases,start] GC(5) Adjust Roots
[2026-09-22T11:54:42.371+0000][6.128s][info][gc,phases      ] GC(5) Adjust Roots 6.179ms
[2026-09-22T11:54:42.371+0000][6.128s][info][gc,phases,start] GC(5) Compaction Phase
[2026-09-22T11:54:42.440+0000][6.197s][info][gc,phases      ] GC(5) Compaction Phase 68.365ms
[2026-09-22T11:54:42.440+0000][6.197s][info][gc,phases,start] GC(5) Post Compact
[2026-09-22T11:54:42.441+0000][6.198s][info][gc,phases      ] GC(5) Post Compact 1.127ms
[2026-09-22T11:54:42.441+0000][6.198s][info][gc,heap        ] GC(5) PSYoungGen: 43003K(1223168K)->0K(1223168K) Eden: 0K(1048576K)->0K(1048576K) From: 43003K(174592K)->0K(174592K)
[2026-09-22T11:54:42.441+0000][6.198s][info][gc,heap        ] GC(5) ParOldGen: 64251K(2796544K)->103049K(2796544K)
[2026-09-22T11:54:42.441+0000][6.198s][info][gc,metaspace   ] GC(5) Metaspace: 59178K(59776K)->59178K(59776K) NonClass: 50573K(50880K)->50573K(50880K) Class: 8605K(8896K)->8605K(8896K)
[2026-09-22T11:54:42.441+0000][6.198s][info][gc             ] GC(5) Pause Full (Metadata GC Threshold) 104M->100M(3925M) 115.309ms
[2026-09-22T11:54:42.441+0000][6.198s][info][gc,cpu         ] GC(5) User=0.42s Sys=0.00s Real=0.12s
[2026-09-22T11:54:45.568+0000][9.325s][info][gc,start       ] GC(6) Pause Young (Metadata GC Threshold)
[2026-09-22T11:54:45.663+0000][9.420s][info][gc,heap        ] GC(6) PSYoungGen: 771585K(1223168K)->174591K(1223168K) Eden: 771585K(1048576K)->0K(1048576K) From: 0K(174592K)->174591K(174592K)
[2026-09-22T11:54:45.663+0000][9.420s][info][gc,heap        ] GC(6) ParOldGen: 103049K(2796544K)->105481K(2796544K)
[2026-09-22T11:54:45.663+0000][9.420s][info][gc,metaspace   ] GC(6) Metaspace: 98817K(99648K)->98817K(99648K) NonClass: 84862K(85312K)->84862K(85312K) Class: 13955K(14336K)->13955K(14336K)
[2026-09-22T11:54:45.663+0000][9.420s][info][gc             ] GC(6) Pause Young (Metadata GC Threshold) 854M->273M(3925M) 94.825ms
[2026-09-22T11:54:45.663+0000][9.420s][info][gc,cpu         ] GC(6) User=0.35s Sys=0.03s Real=0.10s
[2026-09-22T11:54:45.663+0000][9.420s][info][gc,start       ] GC(7) Pause Full (Metadata GC Threshold)
[2026-09-22T11:54:45.663+0000][9.420s][info][gc,phases,start] GC(7) Marking Phase
[2026-09-22T11:54:45.772+0000][9.529s][info][gc,phases      ] GC(7) Marking Phase 108.533ms
[2026-09-22T11:54:45.772+0000][9.529s][info][gc,phases,start] GC(7) Summary Phase
[2026-09-22T11:54:45.772+0000][9.529s][info][gc,phases      ] GC(7) Summary Phase 0.028ms
[2026-09-22T11:54:45.772+0000][9.529s][info][gc,phases,start] GC(7) Adjust Roots
[2026-09-22T11:54:45.782+0000][9.539s][info][gc,phases      ] GC(7) Adjust Roots 9.727ms
[2026-09-22T11:54:45.782+0000][9.539s][info][gc,phases,start] GC(7) Compaction Phase
[2026-09-22T11:54:46.047+0000][9.804s][info][gc,phases      ] GC(7) Compaction Phase 264.990ms
[2026-09-22T11:54:46.047+0000][9.804s][info][gc,phases,start] GC(7) Post Compact
[2026-09-22T11:54:46.048+0000][9.805s][info][gc,phases      ] GC(7) Post Compact 1.686ms
[2026-09-22T11:54:46.048+0000][9.805s][info][gc,heap        ] GC(7) PSYoungGen: 174591K(1223168K)->0K(1223168K) Eden: 0K(1048576K)->0K(1048576K) From: 174591K(174592K)->0K(174592K)
[2026-09-22T11:54:46.048+0000][9.805s][info][gc,heap        ] GC(7) ParOldGen: 105481K(2796544K)->278452K(2796544K)
[2026-09-22T11:54:46.048+0000][9.805s][info][gc,metaspace   ] GC(7) Metaspace: 98817K(99648K)->98817K(99648K) NonClass: 84862K(85312K)->84862K(85312K) Class: 13955K(14336K)->13955K(14336K)
[2026-09-22T11:54:46.048+0000][9.805s][info][gc             ] GC(7) Pause Full (Metadata GC Threshold) 273M->271M(3925M) 385.134ms
[2026-09-22T11:54:46.048+0000][9.805s][info][gc,cpu         ] GC(7) User=1.44s Sys=0.01s Real=0.38s
[2026-09-22T11:54:49.634+0000][13.391s][info][gc,start       ] GC(8) Pause Young (Allocation Failure)
[2026-09-22T11:54:49.661+0000][13.418s][info][gc,heap        ] GC(8) PSYoungGen: 1048576K(1223168K)->43911K(1223168K) Eden: 1048576K(1048576K)->0K(1048576K) From: 0K(174592K)->43911K(174592K)
[2026-09-22T11:54:49.661+0000][13.418s][info][gc,heap        ] GC(8) ParOldGen: 278452K(2796544K)->278468K(2796544K)
[2026-09-22T11:54:49.661+0000][13.418s][info][gc,metaspace   ] GC(8) Metaspace: 119965K(121024K)->119965K(121024K) NonClass: 102724K(103360K)->102724K(103360K) Class: 17241K(17664K)->17241K(17664K)
[2026-09-22T11:54:49.661+0000][13.418s][info][gc             ] GC(8) Pause Young (Allocation Failure) 1295M->314M(3925M) 26.464ms
[2026-09-22T11:54:49.661+0000][13.418s][info][gc,cpu         ] GC(8) User=0.10s Sys=0.00s Real=0.03s
[2026-09-22T11:54:55.940+0000][19.698s][info][gc,start       ] GC(9) Pause Young (Allocation Failure)
[2026-09-22T11:54:55.996+0000][19.753s][info][gc,heap        ] GC(9) PSYoungGen: 1092487K(1223168K)->118364K(2240000K) Eden: 1048576K(1048576K)->0K(2081792K) From: 43911K(174592K)->118364K(158208K)
[2026-09-22T11:54:55.996+0000][19.753s][info][gc,heap        ] GC(9) ParOldGen: 278468K(2796544K)->278500K(2796544K)
[2026-09-22T11:54:55.996+0000][19.753s][info][gc,metaspace   ] GC(9) Metaspace: 149938K(151168K)->149938K(151168K) NonClass: 125547K(126272K)->125547K(126272K) Class: 24390K(24896K)->24390K(24896K)
[2026-09-22T11:54:55.996+0000][19.753s][info][gc             ] GC(9) Pause Young (Allocation Failure) 1338M->387M(4918M) 55.502ms
[2026-09-22T11:54:55.996+0000][19.753s][info][gc,cpu         ] GC(9) User=0.17s Sys=0.02s Real=0.05s
[2026-09-22T11:54:57.118+0000][20.875s][info][gc,start       ] GC(10) Pause Young (CodeCache GC Threshold)
[2026-09-22T11:54:57.174+0000][20.931s][info][gc,heap        ] GC(10) PSYoungGen: 511975K(2240000K)->148529K(2255360K) Eden: 393611K(2081792K)->0K(2081792K) From: 118364K(158208K)->148529K(173568K)
[2026-09-22T11:54:57.174+0000][20.931s][info][gc,heap        ] GC(10) ParOldGen: 278500K(2796544K)->278516K(2796544K)
[2026-09-22T11:54:57.174+0000][20.931s][info][gc,metaspace   ] GC(10) Metaspace: 150763K(152000K)->150763K(152000K) NonClass: 126258K(126976K)->126258K(126976K) Class: 24504K(25024K)->24504K(25024K)
[2026-09-22T11:54:57.174+0000][20.931s][info][gc             ] GC(10) Pause Young (CodeCache GC Threshold) 771M->417M(4933M) 56.476ms
[2026-09-22T11:54:57.174+0000][20.932s][info][gc,cpu         ] GC(10) User=0.18s Sys=0.04s Real=0.06s
[2026-09-22T11:54:57.174+0000][20.932s][info][gc,start       ] GC(11) Pause Full (CodeCache GC Threshold)
[2026-09-22T11:54:57.174+0000][20.932s][info][gc,phases,start] GC(11) Marking Phase
[2026-09-22T11:54:57.349+0000][21.106s][info][gc,phases      ] GC(11) Marking Phase 174.136ms
[2026-09-22T11:54:57.349+0000][21.106s][info][gc,phases,start] GC(11) Summary Phase
[2026-09-22T11:54:57.349+0000][21.106s][info][gc,phases      ] GC(11) Summary Phase 0.028ms
[2026-09-22T11:54:57.349+0000][21.106s][info][gc,phases,start] GC(11) Adjust Roots
[2026-09-22T11:54:57.370+0000][21.127s][info][gc,phases      ] GC(11) Adjust Roots 21.417ms
[2026-09-22T11:54:57.370+0000][21.127s][info][gc,phases,start] GC(11) Compaction Phase
[2026-09-22T11:54:57.720+0000][21.477s][info][gc,phases      ] GC(11) Compaction Phase 350.059ms
[2026-09-22T11:54:57.720+0000][21.477s][info][gc,phases,start] GC(11) Post Compact
[2026-09-22T11:54:57.727+0000][21.484s][info][gc,phases      ] GC(11) Post Compact 6.272ms
[2026-09-22T11:54:57.727+0000][21.484s][info][gc,heap        ] GC(11) PSYoungGen: 148529K(2255360K)->0K(2255360K) Eden: 0K(2081792K)->0K(2081792K) From: 148529K(173568K)->0K(173568K)
[2026-09-22T11:54:57.727+0000][21.484s][info][gc,heap        ] GC(11) ParOldGen: 278516K(2796544K)->387511K(2796544K)
[2026-09-22T11:54:57.727+0000][21.484s][info][gc,metaspace   ] GC(11) Metaspace: 150763K(152000K)->150699K(152000K) NonClass: 126258K(126976K)->126210K(126976K) Class: 24504K(25024K)->24488K(25024K)
[2026-09-22T11:54:57.727+0000][21.484s][info][gc             ] GC(11) Pause Full (CodeCache GC Threshold) 417M->378M(4933M) 552.107ms
[2026-09-22T11:54:57.727+0000][21.484s][info][gc,cpu         ] GC(11) User=1.98s Sys=0.01s Real=0.55s
[2026-09-22T11:55:02.259+0000][26.016s][info][gc,start       ] GC(12) Pause Young (Allocation Failure)
[2026-09-22T11:55:02.349+0000][26.106s][info][gc,heap        ] GC(12) PSYoungGen: 2081792K(2255360K)->196591K(2220032K) Eden: 2081792K(2081792K)->0K(2023424K) From: 0K(173568K)->196591K(196608K)
[2026-09-22T11:55:02.349+0000][26.106s][info][gc,heap        ] GC(12) ParOldGen: 387511K(2796544K)->474119K(2796544K)
[2026-09-22T11:55:02.349+0000][26.106s][info][gc,metaspace   ] GC(12) Metaspace: 152731K(154112K)->152731K(154112K) NonClass: 127924K(128704K)->127924K(128704K) Class: 24807K(25408K)->24807K(25408K)
[2026-09-22T11:55:02.349+0000][26.106s][info][gc             ] GC(12) Pause Young (Allocation Failure) 2411M->654M(4899M) 90.083ms
[2026-09-22T11:55:02.349+0000][26.106s][info][gc,cpu         ] GC(12) User=0.30s Sys=0.05s Real=0.09s
[2026-09-22T11:55:06.514+0000][30.271s][info][gc,start       ] GC(13) Pause Young (Allocation Failure)
[2026-09-22T11:55:06.591+0000][30.348s][info][gc,heap        ] GC(13) PSYoungGen: 2220015K(2220032K)->270327K(2293760K) Eden: 2023424K(2023424K)->0K(2023424K) From: 196591K(196608K)->270327K(270336K)
[2026-09-22T11:55:06.591+0000][30.348s][info][gc,heap        ] GC(13) ParOldGen: 474119K(2796544K)->549788K(2796544K)
[2026-09-22T11:55:06.591+0000][30.348s][info][gc,metaspace   ] GC(13) Metaspace: 153389K(154816K)->153389K(154816K) NonClass: 128480K(129280K)->128480K(129280K) Class: 24909K(25536K)->24909K(25536K)
[2026-09-22T11:55:06.591+0000][30.348s][info][gc             ] GC(13) Pause Young (Allocation Failure) 2630M->800M(4971M) 77.410ms
[2026-09-22T11:55:06.591+0000][30.348s][info][gc,cpu         ] GC(13) User=0.27s Sys=0.04s Real=0.08s
[2026-09-22T11:55:10.133+0000][33.890s][info][gc,start       ] GC(14) Pause Young (Allocation Failure)
[2026-09-22T11:55:10.298+0000][34.055s][info][gc,heap        ] GC(14) PSYoungGen: 2293751K(2293760K)->348128K(2842624K) Eden: 2023424K(2023424K)->0K(2494464K) From: 270327K(270336K)->348128K(348160K)
[2026-09-22T11:55:10.298+0000][34.055s][info][gc,heap        ] GC(14) ParOldGen: 549788K(2796544K)->803578K(2796544K)
[2026-09-22T11:55:10.298+0000][34.055s][info][gc,metaspace   ] GC(14) Metaspace: 154100K(155520K)->154100K(155520K) NonClass: 129105K(129920K)->129105K(129920K) Class: 24994K(25600K)->24994K(25600K)
[2026-09-22T11:55:10.298+0000][34.055s][info][gc             ] GC(14) Pause Young (Allocation Failure) 2776M->1124M(5507M) 164.990ms
[2026-09-22T11:55:10.298+0000][34.055s][info][gc,cpu         ] GC(14) User=0.53s Sys=0.12s Real=0.16s
[2026-09-22T11:55:14.799+0000][38.556s][info][gc,start       ] GC(15) Pause Young (Allocation Failure)
[2026-09-22T11:55:14.991+0000][38.748s][info][gc,heap        ] GC(15) PSYoungGen: 2842592K(2842624K)->328884K(2823680K) Eden: 2494464K(2494464K)->0K(2494464K) From: 348128K(348160K)->328884K(329216K)
[2026-09-22T11:55:14.991+0000][38.748s][info][gc,heap        ] GC(15) ParOldGen: 803578K(2796544K)->1169406K(2796544K)
[2026-09-22T11:55:14.991+0000][38.748s][info][gc,metaspace   ] GC(15) Metaspace: 154673K(156160K)->154673K(156160K) NonClass: 129619K(130496K)->129619K(130496K) Class: 25054K(25664K)->25054K(25664K)
[2026-09-22T11:55:14.991+0000][38.748s][info][gc             ] GC(15) Pause Young (Allocation Failure) 3560M->1463M(5488M) 191.930ms
[2026-09-22T11:55:14.991+0000][38.748s][info][gc,cpu         ] GC(15) User=0.66s Sys=0.11s Real=0.20s
[2026-09-22T11:55:19.617+0000][43.374s][info][gc,start       ] GC(16) Pause Young (Allocation Failure)
[2026-09-22T11:55:19.833+0000][43.590s][info][gc,heap        ] GC(16) PSYoungGen: 2823348K(2823680K)->391977K(2892288K) Eden: 2494464K(2494464K)->0K(2369536K) From: 328884K(329216K)->391977K(522752K)
[2026-09-22T11:55:19.833+0000][43.590s][info][gc,heap        ] GC(16) ParOldGen: 1169406K(2796544K)->1511097K(2796544K)
[2026-09-22T11:55:19.833+0000][43.590s][info][gc,metaspace   ] GC(16) Metaspace: 155363K(156864K)->155363K(156864K) NonClass: 130275K(131136K)->130275K(131136K) Class: 25087K(25728K)->25087K(25728K)
[2026-09-22T11:55:19.833+0000][43.590s][info][gc             ] GC(16) Pause Young (Allocation Failure) 3899M->1858M(5555M) 215.803ms
[2026-09-22T11:55:19.833+0000][43.590s][info][gc,cpu         ] GC(16) User=0.75s Sys=0.10s Real=0.22s
[2026-09-22T11:55:24.654+0000][48.411s][info][gc,start       ] GC(17) Pause Young (Allocation Failure)
[2026-09-22T11:55:24.881+0000][48.638s][info][gc,heap        ] GC(17) PSYoungGen: 2761513K(2892288K)->392848K(2762752K) Eden: 2369536K(2369536K)->0K(2369536K) From: 391977K(522752K)->392848K(393216K)
[2026-09-22T11:55:24.881+0000][48.639s][info][gc,heap        ] GC(17) ParOldGen: 1511097K(2796544K)->1919562K(2796544K)
[2026-09-22T11:55:24.881+0000][48.639s][info][gc,metaspace   ] GC(17) Metaspace: 156614K(158080K)->156614K(158080K) NonClass: 131471K(132288K)->131471K(132288K) Class: 25143K(25792K)->25143K(25792K)
[2026-09-22T11:55:24.882+0000][48.639s][info][gc             ] GC(17) Pause Young (Allocation Failure) 4172M->2258M(5429M) 227.584ms
[2026-09-22T11:55:24.882+0000][48.639s][info][gc,cpu         ] GC(17) User=0.81s Sys=0.10s Real=0.23s
[2026-09-22T11:55:26.447+0000][50.204s][info][gc,start       ] GC(18) Pause Young (CodeCache GC Threshold)
[2026-09-22T11:55:26.605+0000][50.362s][info][gc,heap        ] GC(18) PSYoungGen: 1026997K(2762752K)->130251K(2919936K) Eden: 634149K(2369536K)->0K(2326528K) From: 392848K(393216K)->130251K(593408K)
[2026-09-22T11:55:26.605+0000][50.362s][info][gc,heap        ] GC(18) ParOldGen: 1919562K(2796544K)->2326140K(2796544K)
[2026-09-22T11:55:26.605+0000][50.362s][info][gc,metaspace   ] GC(18) Metaspace: 160670K(162176K)->160670K(162176K) NonClass: 134738K(135616K)->134738K(135616K) Class: 25932K(26560K)->25932K(26560K)
[2026-09-22T11:55:26.605+0000][50.362s][info][gc             ] GC(18) Pause Young (CodeCache GC Threshold) 2877M->2398M(5582M) 157.472ms
[2026-09-22T11:55:26.605+0000][50.362s][info][gc,cpu         ] GC(18) User=0.52s Sys=0.10s Real=0.16s
[2026-09-22T11:55:26.605+0000][50.362s][info][gc,start       ] GC(19) Pause Full (CodeCache GC Threshold)
[2026-09-22T11:55:26.605+0000][50.362s][info][gc,phases,start] GC(19) Marking Phase
[2026-09-22T11:55:26.988+0000][50.746s][info][gc,phases      ] GC(19) Marking Phase 383.813ms
[2026-09-22T11:55:26.989+0000][50.746s][info][gc,phases,start] GC(19) Summary Phase
[2026-09-22T11:55:26.989+0000][50.746s][info][gc,phases      ] GC(19) Summary Phase 0.103ms
[2026-09-22T11:55:26.989+0000][50.746s][info][gc,phases,start] GC(19) Adjust Roots
[2026-09-22T11:55:27.008+0000][50.765s][info][gc,phases      ] GC(19) Adjust Roots 19.331ms
[2026-09-22T11:55:27.008+0000][50.765s][info][gc,phases,start] GC(19) Compaction Phase
[2026-09-22T11:55:27.408+0000][51.165s][info][gc,phases      ] GC(19) Compaction Phase 400.225ms
[2026-09-22T11:55:27.408+0000][51.165s][info][gc,phases,start] GC(19) Post Compact
[2026-09-22T11:55:27.430+0000][51.187s][info][gc,phases      ] GC(19) Post Compact 21.479ms
[2026-09-22T11:55:27.430+0000][51.187s][info][gc,heap        ] GC(19) PSYoungGen: 130251K(2919936K)->0K(2919936K) Eden: 0K(2326528K)->0K(2326528K) From: 130251K(593408K)->0K(593408K)
[2026-09-22T11:55:27.430+0000][51.187s][info][gc,heap        ] GC(19) ParOldGen: 2326140K(2796544K)->1407729K(2796544K)
[2026-09-22T11:55:27.430+0000][51.187s][info][gc,metaspace   ] GC(19) Metaspace: 160670K(162176K)->160615K(162176K) NonClass: 134738K(135616K)->134697K(135616K) Class: 25932K(26560K)->25918K(26560K)
[2026-09-22T11:55:27.430+0000][51.187s][info][gc             ] GC(19) Pause Full (CodeCache GC Threshold) 2398M->1374M(5582M) 825.157ms
[2026-09-22T11:55:27.430+0000][51.187s][info][gc,cpu         ] GC(19) User=2.97s Sys=0.05s Real=0.83s
[2026-09-22T11:55:37.168+0000][60.925s][info][gc,start       ] GC(20) Pause Young (CodeCache GC Threshold)
[2026-09-22T11:55:37.273+0000][61.030s][info][gc,heap        ] GC(20) PSYoungGen: 2023737K(2919936K)->292949K(2901504K) Eden: 2023737K(2326528K)->0K(2326528K) From: 0K(593408K)->292949K(574976K)
[2026-09-22T11:55:37.273+0000][61.030s][info][gc,heap        ] GC(20) ParOldGen: 1407729K(2796544K)->1407737K(2796544K)
[2026-09-22T11:55:37.273+0000][61.030s][info][gc,metaspace   ] GC(20) Metaspace: 165835K(167552K)->165835K(167552K) NonClass: 139463K(140480K)->139463K(140480K) Class: 26371K(27072K)->26371K(27072K)
[2026-09-22T11:55:37.273+0000][61.030s][info][gc             ] GC(20) Pause Young (CodeCache GC Threshold) 3351M->1660M(5564M) 104.466ms
[2026-09-22T11:55:37.273+0000][61.030s][info][gc,cpu         ] GC(20) User=0.41s Sys=0.00s Real=0.11s
[2026-09-22T11:55:37.273+0000][61.030s][info][gc,start       ] GC(21) Pause Full (CodeCache GC Threshold)
[2026-09-22T11:55:37.273+0000][61.030s][info][gc,phases,start] GC(21) Marking Phase
[2026-09-22T11:55:37.767+0000][61.524s][info][gc,phases      ] GC(21) Marking Phase 494.524ms
[2026-09-22T11:55:37.767+0000][61.524s][info][gc,phases,start] GC(21) Summary Phase
[2026-09-22T11:55:37.767+0000][61.524s][info][gc,phases      ] GC(21) Summary Phase 0.034ms
[2026-09-22T11:55:37.767+0000][61.524s][info][gc,phases,start] GC(21) Adjust Roots
[2026-09-22T11:55:37.792+0000][61.549s][info][gc,phases      ] GC(21) Adjust Roots 24.735ms
[2026-09-22T11:55:37.792+0000][61.549s][info][gc,phases,start] GC(21) Compaction Phase
[2026-09-22T11:55:38.432+0000][62.189s][info][gc,phases      ] GC(21) Compaction Phase 639.804ms
[2026-09-22T11:55:38.432+0000][62.189s][info][gc,phases,start] GC(21) Post Compact
[2026-09-22T11:55:38.443+0000][62.200s][info][gc,phases      ] GC(21) Post Compact 11.296ms
[2026-09-22T11:55:38.443+0000][62.200s][info][gc,heap        ] GC(21) PSYoungGen: 292949K(2901504K)->0K(2901504K) Eden: 0K(2326528K)->0K(2326528K) From: 292949K(574976K)->0K(574976K)
[2026-09-22T11:55:38.443+0000][62.200s][info][gc,heap        ] GC(21) ParOldGen: 1407737K(2796544K)->1683048K(2796544K)
[2026-09-22T11:55:38.443+0000][62.200s][info][gc,metaspace   ] GC(21) Metaspace: 165835K(167552K)->165794K(167552K) NonClass: 139463K(140480K)->139433K(140480K) Class: 26371K(27072K)->26361K(27072K)
[2026-09-22T11:55:38.443+0000][62.200s][info][gc             ] GC(21) Pause Full (CodeCache GC Threshold) 1660M->1643M(5564M) 1170.601ms
[2026-09-22T11:55:38.443+0000][62.200s][info][gc,cpu         ] GC(21) User=4.32s Sys=0.05s Real=1.17s
[2026-09-22T11:55:44.098+0000][67.855s][info][gc,start       ] GC(22) Pause Young (Allocation Failure)
[2026-09-22T11:55:44.183+0000][67.940s][info][gc,heap        ] GC(22) PSYoungGen: 2326528K(2901504K)->215768K(2848256K) Eden: 2326528K(2326528K)->0K(2354176K) From: 0K(574976K)->215768K(494080K)
[2026-09-22T11:55:44.183+0000][67.940s][info][gc,heap        ] GC(22) ParOldGen: 1683048K(2796544K)->1683056K(2796544K)
[2026-09-22T11:55:44.183+0000][67.940s][info][gc,metaspace   ] GC(22) Metaspace: 165856K(167552K)->165856K(167552K) NonClass: 139488K(140480K)->139488K(140480K) Class: 26368K(27072K)->26368K(27072K)
[2026-09-22T11:55:44.183+0000][67.940s][info][gc             ] GC(22) Pause Young (Allocation Failure) 3915M->1854M(5512M) 85.685ms
[2026-09-22T11:55:44.183+0000][67.940s][info][gc,cpu         ] GC(22) User=0.34s Sys=0.01s Real=0.09s
[2026-09-22T11:55:48.457+0000][72.214s][info][gc,start       ] GC(23) Pause Young (Allocation Failure)
[2026-09-22T11:55:48.592+0000][72.349s][info][gc,heap        ] GC(23) PSYoungGen: 2569944K(2848256K)->182576K(2888704K) Eden: 2354176K(2354176K)->0K(2354176K) From: 215768K(494080K)->182576K(534528K)
[2026-09-22T11:55:48.592+0000][72.349s][info][gc,heap        ] GC(23) ParOldGen: 1683056K(2796544K)->1885396K(2796544K)
[2026-09-22T11:55:48.592+0000][72.349s][info][gc,metaspace   ] GC(23) Metaspace: 165881K(167552K)->165881K(167552K) NonClass: 139510K(140480K)->139510K(140480K) Class: 26371K(27072K)->26371K(27072K)
[2026-09-22T11:55:48.592+0000][72.349s][info][gc             ] GC(23) Pause Young (Allocation Failure) 4153M->2019M(5552M) 135.091ms
[2026-09-22T11:55:48.592+0000][72.349s][info][gc,cpu         ] GC(23) User=0.53s Sys=0.00s Real=0.14s
[2026-09-22T11:55:52.149+0000][75.906s][info][gc,start       ] GC(24) Pause Young (Allocation Failure)
[2026-09-22T11:55:52.280+0000][76.037s][info][gc,heap        ] GC(24) PSYoungGen: 2536752K(2888704K)->154064K(2908672K) Eden: 2354176K(2354176K)->0K(2448384K) From: 182576K(534528K)->154064K(460288K)
[2026-09-22T11:55:52.280+0000][76.037s][info][gc,heap        ] GC(24) ParOldGen: 1885396K(2796544K)->2051667K(2796544K)
[2026-09-22T11:55:52.280+0000][76.037s][info][gc,metaspace   ] GC(24) Metaspace: 165901K(167552K)->165901K(167552K) NonClass: 139522K(140480K)->139522K(140480K) Class: 26378K(27072K)->26378K(27072K)
[2026-09-22T11:55:52.280+0000][76.037s][info][gc             ] GC(24) Pause Young (Allocation Failure) 4318M->2154M(5571M) 130.875ms
[2026-09-22T11:55:52.280+0000][76.037s][info][gc,cpu         ] GC(24) User=0.52s Sys=0.00s Real=0.13s
[2026-09-22T11:55:55.541+0000][79.298s][info][gc,start       ] GC(25) Pause Young (GCLocker Initiated GC)
[2026-09-22T11:55:55.666+0000][79.423s][info][gc,heap        ] GC(25) PSYoungGen: 2602448K(2908672K)->150816K(2599424K) Eden: 2448384K(2448384K)->0K(2448384K) From: 154064K(460288K)->150816K(151040K)
[2026-09-22T11:55:55.666+0000][79.423s][info][gc,heap        ] GC(25) ParOldGen: 2051669K(2796544K)->2187015K(2796544K)
[2026-09-22T11:55:55.666+0000][79.423s][info][gc,metaspace   ] GC(25) Metaspace: 165951K(167680K)->165951K(167680K) NonClass: 139546K(140544K)->139546K(140544K) Class: 26405K(27136K)->26405K(27136K)
[2026-09-22T11:55:55.666+0000][79.423s][info][gc             ] GC(25) Pause Young (GCLocker Initiated GC) 4545M->2283M(5269M) 124.533ms
[2026-09-22T11:55:55.666+0000][79.423s][info][gc,cpu         ] GC(25) User=0.49s Sys=0.00s Real=0.12s
[2026-09-22T11:55:58.904+0000][82.661s][info][gc,start       ] GC(26) Pause Young (Allocation Failure)
[2026-09-22T11:55:59.026+0000][82.783s][info][gc,heap        ] GC(26) PSYoungGen: 2599200K(2599424K)->143216K(2942976K) Eden: 2448384K(2448384K)->0K(2464256K) From: 150816K(151040K)->143216K(478720K)
[2026-09-22T11:55:59.026+0000][82.783s][info][gc,heap        ] GC(26) ParOldGen: 2187016K(2796544K)->2317057K(2796544K)
[2026-09-22T11:55:59.026+0000][82.783s][info][gc,metaspace   ] GC(26) Metaspace: 166063K(167744K)->166063K(167744K) NonClass: 139644K(140608K)->139644K(140608K) Class: 26419K(27136K)->26419K(27136K)
[2026-09-22T11:55:59.026+0000][82.783s][info][gc             ] GC(26) Pause Young (Allocation Failure) 4674M->2402M(5605M) 122.304ms
[2026-09-22T11:55:59.026+0000][82.783s][info][gc,cpu         ] GC(26) User=0.49s Sys=0.00s Real=0.12s
[2026-09-22T11:56:02.021+0000][85.778s][info][gc,start       ] GC(27) Pause Young (Allocation Failure)
[2026-09-22T11:56:02.150+0000][85.907s][info][gc,heap        ] GC(27) PSYoungGen: 2607472K(2942976K)->129760K(2927104K) Eden: 2464256K(2464256K)->0K(2464256K) From: 143216K(478720K)->129760K(462848K)
[2026-09-22T11:56:02.150+0000][85.907s][info][gc,heap        ] GC(27) ParOldGen: 2317057K(2796544K)->2437395K(2796544K)
[2026-09-22T11:56:02.150+0000][85.907s][info][gc,metaspace   ] GC(27) Metaspace: 166227K(167936K)->166227K(167936K) NonClass: 139806K(140800K)->139806K(140800K) Class: 26421K(27136K)->26421K(27136K)
[2026-09-22T11:56:02.150+0000][85.907s][info][gc             ] GC(27) Pause Young (Allocation Failure) 4809M->2506M(5589M) 129.059ms
[2026-09-22T11:56:02.150+0000][85.907s][info][gc,cpu         ] GC(27) User=0.47s Sys=0.04s Real=0.13s
[2026-09-22T11:56:05.255+0000][89.012s][info][gc,start       ] GC(28) Pause Young (Allocation Failure)
[2026-09-22T11:56:05.423+0000][89.180s][info][gc,heap        ] GC(28) PSYoungGen: 2594016K(2927104K)->118224K(3014656K) Eden: 2464256K(2464256K)->0K(2565120K) From: 129760K(462848K)->118224K(449536K)
[2026-09-22T11:56:05.423+0000][89.180s][info][gc,heap        ] GC(28) ParOldGen: 2437395K(2796544K)->2542557K(2796544K)
[2026-09-22T11:56:05.423+0000][89.180s][info][gc,metaspace   ] GC(28) Metaspace: 166320K(168000K)->166320K(168000K) NonClass: 139887K(140864K)->139887K(140864K) Class: 26433K(27136K)->26433K(27136K)
[2026-09-22T11:56:05.423+0000][89.180s][info][gc             ] GC(28) Pause Young (Allocation Failure) 4913M->2598M(5675M) 167.882ms
[2026-09-22T11:56:05.423+0000][89.180s][info][gc,cpu         ] GC(28) User=0.61s Sys=0.02s Real=0.17s
[2026-09-22T11:56:08.462+0000][92.220s][info][gc,start       ] GC(29) Pause Young (Allocation Failure)
[2026-09-22T11:56:08.599+0000][92.356s][info][gc,heap        ] GC(29) PSYoungGen: 2683344K(3014656K)->122576K(3002880K) Eden: 2565120K(2565120K)->0K(2565120K) From: 118224K(449536K)->122576K(437760K)
[2026-09-22T11:56:08.599+0000][92.356s][info][gc,heap        ] GC(29) ParOldGen: 2542557K(2796544K)->2634426K(2796544K)
[2026-09-22T11:56:08.599+0000][92.356s][info][gc,metaspace   ] GC(29) Metaspace: 166376K(168064K)->166376K(168064K) NonClass: 139937K(140928K)->139937K(140928K) Class: 26438K(27136K)->26438K(27136K)
[2026-09-22T11:56:08.599+0000][92.356s][info][gc             ] GC(29) Pause Young (Allocation Failure) 5103M->2692M(5663M) 136.363ms
[2026-09-22T11:56:08.599+0000][92.356s][info][gc,cpu         ] GC(29) User=0.49s Sys=0.03s Real=0.13s
[2026-09-22T11:56:11.506+0000][95.263s][info][gc,start       ] GC(30) Pause Young (Allocation Failure)
[2026-09-22T11:56:11.648+0000][95.405s][info][gc,heap        ] GC(30) PSYoungGen: 2687696K(3002880K)->125152K(3042816K) Eden: 2565120K(2565120K)->0K(2621952K) From: 122576K(437760K)->125152K(420864K)
[2026-09-22T11:56:11.648+0000][95.405s][info][gc,heap        ] GC(30) ParOldGen: 2634426K(2796544K)->2728460K(2796544K)
[2026-09-22T11:56:11.648+0000][95.405s][info][gc,metaspace   ] GC(30) Metaspace: 166468K(168128K)->166468K(168128K) NonClass: 140028K(140992K)->140028K(140992K) Class: 26439K(27136K)->26439K(27136K)
[2026-09-22T11:56:11.648+0000][95.405s][info][gc             ] GC(30) Pause Young (Allocation Failure) 5197M->2786M(5702M) 142.337ms
[2026-09-22T11:56:11.648+0000][95.405s][info][gc,cpu         ] GC(30) User=0.53s Sys=0.02s Real=0.14s
[2026-09-22T11:56:14.021+0000][97.778s][info][gc,start       ] GC(31) Pause Young (CodeCache GC Threshold)
[2026-09-22T11:56:14.156+0000][97.913s][info][gc,heap        ] GC(31) PSYoungGen: 2286359K(3042816K)->96336K(3031552K) Eden: 2161207K(2621952K)->0K(2621952K) From: 125152K(420864K)->96336K(409600K)
[2026-09-22T11:56:14.156+0000][97.913s][info][gc,heap        ] GC(31) ParOldGen: 2728460K(2796544K)->2824785K(2825216K)
[2026-09-22T11:56:14.156+0000][97.913s][info][gc,metaspace   ] GC(31) Metaspace: 166496K(168128K)->166496K(168128K) NonClass: 140057K(140992K)->140057K(140992K) Class: 26439K(27136K)->26439K(27136K)
[2026-09-22T11:56:14.156+0000][97.913s][info][gc             ] GC(31) Pause Young (CodeCache GC Threshold) 4897M->2852M(5719M) 135.396ms
[2026-09-22T11:56:14.156+0000][97.913s][info][gc,cpu         ] GC(31) User=0.49s Sys=0.04s Real=0.13s
[2026-09-22T11:56:14.156+0000][97.913s][info][gc,start       ] GC(32) Pause Full (CodeCache GC Threshold)
[2026-09-22T11:56:14.156+0000][97.913s][info][gc,phases,start] GC(32) Marking Phase
[2026-09-22T11:56:15.070+0000][98.827s][info][gc,phases      ] GC(32) Marking Phase 913.633ms
[2026-09-22T11:56:15.070+0000][98.827s][info][gc,phases,start] GC(32) Summary Phase
[2026-09-22T11:56:15.070+0000][98.827s][info][gc,phases      ] GC(32) Summary Phase 0.027ms
[2026-09-22T11:56:15.070+0000][98.827s][info][gc,phases,start] GC(32) Adjust Roots
[2026-09-22T11:56:15.101+0000][98.858s][info][gc,phases      ] GC(32) Adjust Roots 31.618ms
[2026-09-22T11:56:15.101+0000][98.858s][info][gc,phases,start] GC(32) Compaction Phase
[2026-09-22T11:56:16.862+0000][100.619s][info][gc,phases      ] GC(32) Compaction Phase 1760.970ms
[2026-09-22T11:56:16.862+0000][100.620s][info][gc,phases,start] GC(32) Post Compact
[2026-09-22T11:56:16.871+0000][100.628s][info][gc,phases      ] GC(32) Post Compact 8.786ms
[2026-09-22T11:56:16.871+0000][100.628s][info][gc,heap        ] GC(32) PSYoungGen: 96336K(3031552K)->18891K(3031552K) Eden: 0K(2621952K)->0K(2621952K) From: 96336K(409600K)->18891K(409600K)
[2026-09-22T11:56:16.871+0000][100.628s][info][gc,heap        ] GC(32) ParOldGen: 2824785K(2825216K)->2825019K(2825216K)
[2026-09-22T11:56:16.871+0000][100.628s][info][gc,metaspace   ] GC(32) Metaspace: 166496K(168128K)->166483K(168128K) NonClass: 140057K(140992K)->140046K(140992K) Class: 26439K(27136K)->26436K(27136K)
[2026-09-22T11:56:16.871+0000][100.628s][info][gc             ] GC(32) Pause Full (CodeCache GC Threshold) 2852M->2777M(5719M) 2715.238ms
[2026-09-22T11:56:16.871+0000][100.628s][info][gc,cpu         ] GC(32) User=10.14s Sys=0.09s Real=2.72s
[2026-09-22T11:56:20.001+0000][103.758s][info][gc,start       ] GC(33) Pause Young (Allocation Failure)
[2026-09-22T11:56:20.296+0000][104.053s][info][gc,heap        ] GC(33) PSYoungGen: 2640843K(3031552K)->124208K(3048960K) Eden: 2621952K(2621952K)->0K(2649088K) From: 18891K(409600K)->124208K(399872K)
[2026-09-22T11:56:20.296+0000][104.053s][info][gc,heap        ] GC(33) ParOldGen: 2825019K(2825216K)->2828803K(2829312K)
[2026-09-22T11:56:20.296+0000][104.053s][info][gc,metaspace   ] GC(33) Metaspace: 166518K(168192K)->166518K(168192K) NonClass: 140073K(141056K)->140073K(141056K) Class: 26444K(27136K)->26444K(27136K)
[2026-09-22T11:56:20.296+0000][104.053s][info][gc             ] GC(33) Pause Young (Allocation Failure) 5337M->2883M(5740M) 294.828ms
[2026-09-22T11:56:20.296+0000][104.053s][info][gc,cpu         ] GC(33) User=1.17s Sys=0.01s Real=0.29s
[2026-09-22T11:56:23.525+0000][107.282s][info][gc,start       ] GC(34) Pause Young (Allocation Failure)
[2026-09-22T11:56:23.658+0000][107.415s][info][gc,heap        ] GC(34) PSYoungGen: 2773296K(3048960K)->42288K(3033088K) Eden: 2649088K(2649088K)->0K(2649088K) From: 124208K(399872K)->42288K(384000K)
[2026-09-22T11:56:23.658+0000][107.415s][info][gc,heap        ] GC(34) ParOldGen: 2828803K(2829312K)->2920805K(2920960K)
[2026-09-22T11:56:23.658+0000][107.415s][info][gc,metaspace   ] GC(34) Metaspace: 166524K(168192K)->166524K(168192K) NonClass: 140078K(141056K)->140078K(141056K) Class: 26445K(27136K)->26445K(27136K)
[2026-09-22T11:56:23.658+0000][107.415s][info][gc             ] GC(34) Pause Young (Allocation Failure) 5470M->2893M(5814M) 132.547ms
[2026-09-22T11:56:23.658+0000][107.415s][info][gc,cpu         ] GC(34) User=0.45s Sys=0.06s Real=0.13s
[2026-09-22T11:56:26.884+0000][110.641s][info][gc,start       ] GC(35) Pause Young (Allocation Failure)
[2026-09-22T11:56:26.978+0000][110.735s][info][gc,heap        ] GC(35) PSYoungGen: 2691376K(3033088K)->40672K(3097600K) Eden: 2649088K(2649088K)->0K(2715136K) From: 42288K(384000K)->40672K(382464K)
[2026-09-22T11:56:26.978+0000][110.735s][info][gc,heap        ] GC(35) ParOldGen: 2920805K(2920960K)->2929354K(2929664K)
[2026-09-22T11:56:26.978+0000][110.735s][info][gc,metaspace   ] GC(35) Metaspace: 166525K(168192K)->166525K(168192K) NonClass: 140080K(141056K)->140080K(141056K) Class: 26445K(27136K)->26445K(27136K)
[2026-09-22T11:56:26.978+0000][110.735s][info][gc             ] GC(35) Pause Young (Allocation Failure) 5480M->2900M(5886M) 93.683ms
[2026-09-22T11:56:26.978+0000][110.735s][info][gc,cpu         ] GC(35) User=0.35s Sys=0.01s Real=0.09s
[2026-09-22T11:56:30.155+0000][113.912s][info][gc,start       ] GC(36) Pause Young (GCLocker Initiated GC)
[2026-09-22T11:56:30.240+0000][113.997s][info][gc,heap        ] GC(36) PSYoungGen: 2755808K(3097600K)->38992K(3093504K) Eden: 2715136K(2715136K)->0K(2715136K) From: 40672K(382464K)->38992K(378368K)
[2026-09-22T11:56:30.240+0000][113.997s][info][gc,heap        ] GC(36) ParOldGen: 2929370K(2929664K)->2937975K(2938368K)
[2026-09-22T11:56:30.240+0000][113.997s][info][gc,metaspace   ] GC(36) Metaspace: 166529K(168192K)->166529K(168192K) NonClass: 140084K(141056K)->140084K(141056K) Class: 26445K(27136K)->26445K(27136K)
[2026-09-22T11:56:30.240+0000][113.997s][info][gc             ] GC(36) Pause Young (GCLocker Initiated GC) 5551M->2907M(5890M) 85.434ms
[2026-09-22T11:56:30.240+0000][113.997s][info][gc,cpu         ] GC(36) User=0.33s Sys=0.01s Real=0.09s
[2026-09-22T11:56:33.471+0000][117.228s][info][gc,start       ] GC(37) Pause Young (Allocation Failure)
[2026-09-22T11:56:33.557+0000][117.315s][info][gc,heap        ] GC(37) PSYoungGen: 2754128K(3093504K)->37744K(3107840K) Eden: 2715136K(2715136K)->0K(2737152K) From: 38992K(378368K)->37744K(370688K)
[2026-09-22T11:56:33.558+0000][117.315s][info][gc,heap        ] GC(37) ParOldGen: 2937977K(2938368K)->2946090K(2946560K)
[2026-09-22T11:56:33.558+0000][117.315s][info][gc,metaspace   ] GC(37) Metaspace: 166530K(168192K)->166530K(168192K) NonClass: 140085K(141056K)->140085K(141056K) Class: 26445K(27136K)->26445K(27136K)
[2026-09-22T11:56:33.558+0000][117.315s][info][gc             ] GC(37) Pause Young (Allocation Failure) 5558M->2913M(5912M) 86.562ms
[2026-09-22T11:56:33.558+0000][117.315s][info][gc,cpu         ] GC(37) User=0.33s Sys=0.01s Real=0.08s
[2026-09-22T11:56:36.687+0000][120.444s][info][gc,start       ] GC(38) Pause Young (Allocation Failure)
[2026-09-22T11:56:36.776+0000][120.533s][info][gc,heap        ] GC(38) PSYoungGen: 2774896K(3107840K)->39328K(3100672K) Eden: 2737152K(2737152K)->0K(2737152K) From: 37744K(370688K)->39328K(363520K)
[2026-09-22T11:56:36.776+0000][120.533s][info][gc,heap        ] GC(38) ParOldGen: 2946090K(2946560K)->2953635K(2953728K)
[2026-09-22T11:56:36.776+0000][120.533s][info][gc,metaspace   ] GC(38) Metaspace: 166540K(168192K)->166540K(168192K) NonClass: 140088K(141056K)->140088K(141056K) Class: 26451K(27136K)->26451K(27136K)
[2026-09-22T11:56:36.776+0000][120.533s][info][gc             ] GC(38) Pause Young (Allocation Failure) 5586M->2922M(5912M) 89.011ms
[2026-09-22T11:56:36.776+0000][120.533s][info][gc,cpu         ] GC(38) User=0.34s Sys=0.01s Real=0.09s
[2026-09-22T11:56:40.071+0000][123.828s][info][gc,start       ] GC(39) Pause Young (GCLocker Initiated GC)
[2026-09-22T11:56:40.156+0000][123.913s][info][gc,heap        ] GC(39) PSYoungGen: 2776480K(3100672K)->39008K(3091456K) Eden: 2737152K(2737152K)->0K(2760704K) From: 39328K(363520K)->39008K(330752K)
[2026-09-22T11:56:40.156+0000][123.913s][info][gc,heap        ] GC(39) ParOldGen: 2953635K(2953728K)->2960740K(2960896K)
[2026-09-22T11:56:40.156+0000][123.913s][info][gc,metaspace   ] GC(39) Metaspace: 166545K(168192K)->166545K(168192K) NonClass: 140093K(141056K)->140093K(141056K) Class: 26451K(27136K)->26451K(27136K)
[2026-09-22T11:56:40.156+0000][123.913s][info][gc             ] GC(39) Pause Young (GCLocker Initiated GC) 5595M->2929M(5910M) 84.468ms
[2026-09-22T11:56:40.156+0000][123.913s][info][gc,cpu         ] GC(39) User=0.33s Sys=0.01s Real=0.08s
[2026-09-22T11:56:43.562+0000][127.319s][info][gc,start       ] GC(40) Pause Young (Allocation Failure)
[2026-09-22T11:56:43.647+0000][127.404s][info][gc,heap        ] GC(40) PSYoungGen: 2799712K(3091456K)->38416K(3102720K) Eden: 2760704K(2760704K)->0K(2760704K) From: 39008K(330752K)->38416K(342016K)
[2026-09-22T11:56:43.647+0000][127.404s][info][gc,heap        ] GC(40) ParOldGen: 2960745K(2960896K)->2967830K(2968064K)
[2026-09-22T11:56:43.647+0000][127.404s][info][gc,metaspace   ] GC(40) Metaspace: 166545K(168192K)->166545K(168192K) NonClass: 140093K(141056K)->140093K(141056K) Class: 26451K(27136K)->26451K(27136K)
[2026-09-22T11:56:43.647+0000][127.404s][info][gc             ] GC(40) Pause Young (Allocation Failure) 5625M->2935M(5928M) 85.360ms
[2026-09-22T11:56:43.647+0000][127.404s][info][gc,cpu         ] GC(40) User=0.33s Sys=0.01s Real=0.08s
[2026-09-22T11:56:47.192+0000][130.949s][info][gc,start       ] GC(41) Pause Young (Allocation Failure)
[2026-09-22T11:56:47.280+0000][131.037s][info][gc,heap        ] GC(41) PSYoungGen: 2799120K(3102720K)->39005K(3128320K) Eden: 2760704K(2760704K)->0K(2823168K) From: 38416K(342016K)->39005K(305152K)
[2026-09-22T11:56:47.280+0000][131.037s][info][gc,heap        ] GC(41) ParOldGen: 2967830K(2968064K)->2974175K(2974208K)
[2026-09-22T11:56:47.280+0000][131.037s][info][gc,metaspace   ] GC(41) Metaspace: 166555K(168256K)->166555K(168256K) NonClass: 140102K(141120K)->140102K(141120K) Class: 26453K(27136K)->26453K(27136K)
[2026-09-22T11:56:47.280+0000][131.037s][info][gc             ] GC(41) Pause Young (Allocation Failure) 5631M->2942M(5959M) 87.987ms
[2026-09-22T11:56:47.280+0000][131.037s][info][gc,cpu         ] GC(41) User=0.34s Sys=0.00s Real=0.09s
[2026-09-22T11:56:50.776+0000][134.533s][info][gc,start       ] GC(42) Pause Young (Allocation Failure)
[2026-09-22T11:56:50.869+0000][134.626s][info][gc,heap        ] GC(42) PSYoungGen: 2862173K(3128320K)->37344K(3140096K) Eden: 2823168K(2823168K)->0K(2823168K) From: 39005K(305152K)->37344K(316928K)
[2026-09-22T11:56:50.869+0000][134.626s][info][gc,heap        ] GC(42) ParOldGen: 2974175K(2974208K)->2981463K(2981888K)
[2026-09-22T11:56:50.869+0000][134.626s][info][gc,metaspace   ] GC(42) Metaspace: 166561K(168256K)->166561K(168256K) NonClass: 140108K(141120K)->140108K(141120K) Class: 26453K(27136K)->26453K(27136K)
[2026-09-22T11:56:50.869+0000][134.626s][info][gc             ] GC(42) Pause Young (Allocation Failure) 5699M->2948M(5978M) 92.994ms
[2026-09-22T11:56:50.869+0000][134.626s][info][gc,cpu         ] GC(42) User=0.33s Sys=0.02s Real=0.10s
[2026-09-22T11:56:54.223+0000][137.980s][info][gc,start       ] GC(43) Pause Young (GCLocker Initiated GC)
[2026-09-22T11:56:54.309+0000][138.066s][info][gc,heap        ] GC(43) PSYoungGen: 2860512K(3140096K)->37808K(3150848K) Eden: 2823168K(2823168K)->0K(2872832K) From: 37344K(316928K)->37808K(278016K)
[2026-09-22T11:56:54.309+0000][138.066s][info][gc,heap        ] GC(43) ParOldGen: 2981463K(2981888K)->2988724K(2989056K)
[2026-09-22T11:56:54.309+0000][138.066s][info][gc,metaspace   ] GC(43) Metaspace: 166563K(168256K)->166563K(168256K) NonClass: 140109K(141120K)->140109K(141120K) Class: 26453K(27136K)->26453K(27136K)
[2026-09-22T11:56:54.309+0000][138.066s][info][gc             ] GC(43) Pause Young (GCLocker Initiated GC) 5705M->2955M(5996M) 86.165ms
[2026-09-22T11:56:54.309+0000][138.066s][info][gc,cpu         ] GC(43) User=0.33s Sys=0.01s Real=0.09s
[2026-09-22T11:56:57.640+0000][141.397s][info][gc,start       ] GC(44) Pause Young (Allocation Failure)
[2026-09-22T11:56:57.731+0000][141.488s][info][gc,heap        ] GC(44) PSYoungGen: 2910640K(3150848K)->40240K(3163648K) Eden: 2872832K(2872832K)->0K(2872832K) From: 37808K(278016K)->40240K(290816K)
[2026-09-22T11:56:57.731+0000][141.488s][info][gc,heap        ] GC(44) ParOldGen: 2988726K(2989056K)->2995971K(2996224K)
[2026-09-22T11:56:57.731+0000][141.488s][info][gc,metaspace   ] GC(44) Metaspace: 166568K(168320K)->166568K(168320K) NonClass: 140112K(141120K)->140112K(141120K) Class: 26456K(27200K)->26456K(27200K)
[2026-09-22T11:56:57.731+0000][141.488s][info][gc             ] GC(44) Pause Young (Allocation Failure) 5761M->2965M(6015M) 90.725ms
[2026-09-22T11:56:57.731+0000][141.488s][info][gc,cpu         ] GC(44) User=0.34s Sys=0.01s Real=0.09s
[2026-09-22T11:57:01.285+0000][145.042s][info][gc,start       ] GC(45) Pause Young (GCLocker Initiated GC)
[2026-09-22T11:57:01.370+0000][145.127s][info][gc,heap        ] GC(45) PSYoungGen: 2913072K(3163648K)->37632K(3177472K) Eden: 2872832K(2872832K)->0K(2926080K) From: 40240K(290816K)->37632K(251392K)
[2026-09-22T11:57:01.370+0000][145.127s][info][gc,heap        ] GC(45) ParOldGen: 2995971K(2996224K)->3004548K(3004928K)
[2026-09-22T11:57:01.370+0000][145.127s][info][gc,metaspace   ] GC(45) Metaspace: 166597K(168320K)->166597K(168320K) NonClass: 140135K(141120K)->140135K(141120K) Class: 26461K(27200K)->26461K(27200K)
[2026-09-22T11:57:01.370+0000][145.127s][info][gc             ] GC(45) Pause Young (GCLocker Initiated GC) 5770M->2970M(6037M) 84.968ms
[2026-09-22T11:57:01.370+0000][145.127s][info][gc,cpu         ] GC(45) User=0.34s Sys=0.01s Real=0.09s
[2026-09-22T11:57:04.809+0000][148.566s][info][gc,start       ] GC(46) Pause Young (Allocation Failure)
[2026-09-22T11:57:04.892+0000][148.649s][info][gc,heap        ] GC(46) PSYoungGen: 2963712K(3177472K)->37712K(3190272K) Eden: 2926080K(2926080K)->0K(2926080K) From: 37632K(251392K)->37712K(264192K)
[2026-09-22T11:57:04.892+0000][148.649s][info][gc,heap        ] GC(46) ParOldGen: 3004551K(3004928K)->3012068K(3012096K)
[2026-09-22T11:57:04.892+0000][148.649s][info][gc,metaspace   ] GC(46) Metaspace: 166600K(168320K)->166600K(168320K) NonClass: 140135K(141120K)->140135K(141120K) Class: 26464K(27200K)->26464K(27200K)
[2026-09-22T11:57:04.892+0000][148.649s][info][gc             ] GC(46) Pause Young (Allocation Failure) 5828M->2978M(6057M) 82.687ms
[2026-09-22T11:57:04.892+0000][148.649s][info][gc,cpu         ] GC(46) User=0.32s Sys=0.00s Real=0.08s
[2026-09-22T11:57:08.504+0000][152.261s][info][gc,start       ] GC(47) Pause Young (Allocation Failure)
[2026-09-22T11:57:08.587+0000][152.344s][info][gc,heap        ] GC(47) PSYoungGen: 2963792K(3190272K)->36352K(3206144K) Eden: 2926080K(2926080K)->0K(2979328K) From: 37712K(264192K)->36352K(226816K)
[2026-09-22T11:57:08.587+0000][152.344s][info][gc,heap        ] GC(47) ParOldGen: 3012068K(3012096K)->3018393K(3018752K)
[2026-09-22T11:57:08.587+0000][152.344s][info][gc,metaspace   ] GC(47) Metaspace: 166600K(168320K)->166600K(168320K) NonClass: 140136K(141120K)->140136K(141120K) Class: 26464K(27200K)->26464K(27200K)
[2026-09-22T11:57:08.587+0000][152.344s][info][gc             ] GC(47) Pause Young (Allocation Failure) 5835M->2983M(6079M) 83.449ms
[2026-09-22T11:57:08.587+0000][152.344s][info][gc,cpu         ] GC(47) User=0.32s Sys=0.01s Real=0.08s
[2026-09-22T11:57:12.255+0000][156.012s][info][gc,start       ] GC(48) Pause Young (Allocation Failure)
[2026-09-22T11:57:12.345+0000][156.102s][info][gc,heap        ] GC(48) PSYoungGen: 3015680K(3206144K)->36240K(3218432K) Eden: 2979328K(2979328K)->0K(2979328K) From: 36352K(226816K)->36240K(239104K)
[2026-09-22T11:57:12.345+0000][156.102s][info][gc,heap        ] GC(48) ParOldGen: 3018393K(3018752K)->3024633K(3024896K)
[2026-09-22T11:57:12.345+0000][156.102s][info][gc,metaspace   ] GC(48) Metaspace: 166615K(168320K)->166615K(168320K) NonClass: 140150K(141120K)->140150K(141120K) Class: 26464K(27200K)->26464K(27200K)
[2026-09-22T11:57:12.345+0000][156.102s][info][gc             ] GC(48) Pause Young (Allocation Failure) 5892M->2989M(6097M) 89.983ms
[2026-09-22T11:57:12.345+0000][156.102s][info][gc,cpu         ] GC(48) User=0.34s Sys=0.00s Real=0.09s
[2026-09-22T11:57:15.848+0000][159.605s][info][gc,start       ] GC(49) Pause Young (Allocation Failure)
[2026-09-22T11:57:15.932+0000][159.689s][info][gc,heap        ] GC(49) PSYoungGen: 3015568K(3218432K)->36944K(3233280K) Eden: 2979328K(2979328K)->0K(3028992K) From: 36240K(239104K)->36944K(204288K)
[2026-09-22T11:57:15.932+0000][159.689s][info][gc,heap        ] GC(49) ParOldGen: 3024633K(3024896K)->3031482K(3031552K)
[2026-09-22T11:57:15.932+0000][159.689s][info][gc,metaspace   ] GC(49) Metaspace: 166638K(168320K)->166638K(168320K) NonClass: 140173K(141120K)->140173K(141120K) Class: 26464K(27200K)->26464K(27200K)
[2026-09-22T11:57:15.932+0000][159.689s][info][gc             ] GC(49) Pause Young (Allocation Failure) 5898M->2996M(6118M) 83.685ms
[2026-09-22T11:57:15.932+0000][159.689s][info][gc,cpu         ] GC(49) User=0.32s Sys=0.01s Real=0.09s
[2026-09-22T11:57:19.605+0000][163.362s][info][gc,start       ] GC(50) Pause Young (Allocation Failure)
[2026-09-22T11:57:19.689+0000][163.446s][info][gc,heap        ] GC(50) PSYoungGen: 3065936K(3233280K)->37232K(3244544K) Eden: 3028992K(3028992K)->0K(3028992K) From: 36944K(204288K)->37232K(215552K)
[2026-09-22T11:57:19.689+0000][163.446s][info][gc,heap        ] GC(50) ParOldGen: 3031482K(3031552K)->3037651K(3037696K)
[2026-09-22T11:57:19.689+0000][163.446s][info][gc,metaspace   ] GC(50) Metaspace: 166708K(168384K)->166708K(168384K) NonClass: 140235K(141184K)->140235K(141184K) Class: 26472K(27200K)->26472K(27200K)
[2026-09-22T11:57:19.689+0000][163.446s][info][gc             ] GC(50) Pause Young (Allocation Failure) 5954M->3002M(6135M) 83.959ms
[2026-09-22T11:57:19.689+0000][163.446s][info][gc,cpu         ] GC(50) User=0.32s Sys=0.00s Real=0.08s
[2026-09-22T11:57:23.424+0000][167.181s][info][gc,start       ] GC(51) Pause Young (Allocation Failure)
[2026-09-22T11:57:23.509+0000][167.266s][info][gc,heap        ] GC(51) PSYoungGen: 3066224K(3244544K)->34768K(3257856K) Eden: 3028992K(3028992K)->0K(3075072K) From: 37232K(215552K)->34768K(182784K)
[2026-09-22T11:57:23.509+0000][167.266s][info][gc,heap        ] GC(51) ParOldGen: 3037651K(3037696K)->3045528K(3045888K)
[2026-09-22T11:57:23.509+0000][167.266s][info][gc,metaspace   ] GC(51) Metaspace: 166722K(168448K)->166722K(168448K) NonClass: 140249K(141248K)->140249K(141248K) Class: 26472K(27200K)->26472K(27200K)
[2026-09-22T11:57:23.509+0000][167.266s][info][gc             ] GC(51) Pause Young (Allocation Failure) 5960M->3008M(6156M) 84.659ms
[2026-09-22T11:57:23.509+0000][167.266s][info][gc,cpu         ] GC(51) User=0.33s Sys=0.00s Real=0.08s
[2026-09-22T11:57:27.515+0000][171.272s][info][gc,start       ] GC(52) Pause Young (Allocation Failure)
[2026-09-22T11:57:27.600+0000][171.357s][info][gc,heap        ] GC(52) PSYoungGen: 3109840K(3257856K)->38400K(3268608K) Eden: 3075072K(3075072K)->0K(3075072K) From: 34768K(182784K)->38400K(193536K)
[2026-09-22T11:57:27.600+0000][171.357s][info][gc,heap        ] GC(52) ParOldGen: 3045528K(3045888K)->3052389K(3052544K)
[2026-09-22T11:57:27.600+0000][171.357s][info][gc,metaspace   ] GC(52) Metaspace: 166811K(168512K)->166811K(168512K) NonClass: 140324K(141312K)->140324K(141312K) Class: 26486K(27200K)->26486K(27200K)
[2026-09-22T11:57:27.600+0000][171.357s][info][gc             ] GC(52) Pause Young (Allocation Failure) 6011M->3018M(6173M) 84.698ms
[2026-09-22T11:57:27.600+0000][171.357s][info][gc,cpu         ] GC(52) User=0.33s Sys=0.00s Real=0.09s
[2026-09-22T11:57:31.461+0000][175.218s][info][gc,start       ] GC(53) Pause Young (Allocation Failure)
[2026-09-22T11:57:31.547+0000][175.304s][info][gc,heap        ] GC(53) PSYoungGen: 3113472K(3268608K)->39792K(3280896K) Eden: 3075072K(3075072K)->0K(3118592K) From: 38400K(193536K)->39792K(162304K)
[2026-09-22T11:57:31.547+0000][175.304s][info][gc,heap        ] GC(53) ParOldGen: 3052389K(3052544K)->3060782K(3061248K)
[2026-09-22T11:57:31.547+0000][175.304s][info][gc,metaspace   ] GC(53) Metaspace: 166828K(168512K)->166828K(168512K) NonClass: 140340K(141312K)->140340K(141312K) Class: 26487K(27200K)->26487K(27200K)
[2026-09-22T11:57:31.547+0000][175.304s][info][gc             ] GC(53) Pause Young (Allocation Failure) 6021M->3027M(6193M) 85.477ms
[2026-09-22T11:57:31.547+0000][175.304s][info][gc,cpu         ] GC(53) User=0.33s Sys=0.00s Real=0.08s
[2026-09-22T11:57:35.728+0000][179.485s][info][gc,start       ] GC(54) Pause Young (Allocation Failure)
[2026-09-22T11:57:35.816+0000][179.573s][info][gc,heap        ] GC(54) PSYoungGen: 3158384K(3280896K)->45616K(3291136K) Eden: 3118592K(3118592K)->0K(3118592K) From: 39792K(162304K)->45616K(172544K)
[2026-09-22T11:57:35.816+0000][179.573s][info][gc,heap        ] GC(54) ParOldGen: 3060782K(3061248K)->3072552K(3073024K)
[2026-09-22T11:57:35.816+0000][179.573s][info][gc,metaspace   ] GC(54) Metaspace: 166899K(168640K)->166899K(168640K) NonClass: 140396K(141376K)->140396K(141376K) Class: 26503K(27264K)->26503K(27264K)
[2026-09-22T11:57:35.816+0000][179.573s][info][gc             ] GC(54) Pause Young (Allocation Failure) 6073M->3045M(6215M) 88.281ms
[2026-09-22T11:57:35.816+0000][179.573s][info][gc,cpu         ] GC(54) User=0.33s Sys=0.01s Real=0.09s
[2026-09-22T11:57:39.718+0000][183.475s][info][gc,start       ] GC(55) Pause Young (Allocation Failure)
[2026-09-22T11:57:39.809+0000][183.566s][info][gc,heap        ] GC(55) PSYoungGen: 3164208K(3291136K)->39952K(3303936K) Eden: 3118592K(3118592K)->0K(3160064K) From: 45616K(172544K)->39952K(143872K)
[2026-09-22T11:57:39.809+0000][183.566s][info][gc,heap        ] GC(55) ParOldGen: 3072552K(3073024K)->3090130K(3090432K)
[2026-09-22T11:57:39.809+0000][183.566s][info][gc,metaspace   ] GC(55) Metaspace: 167063K(168896K)->167063K(168896K) NonClass: 140546K(141568K)->140546K(141568K) Class: 26517K(27328K)->26517K(27328K)
[2026-09-22T11:57:39.809+0000][183.566s][info][gc             ] GC(55) Pause Young (Allocation Failure) 6090M->3056M(6244M) 90.515ms
[2026-09-22T11:57:39.809+0000][183.566s][info][gc,cpu         ] GC(55) User=0.35s Sys=0.01s Real=0.09s
[2026-09-22T11:57:43.777+0000][187.534s][info][gc,start       ] GC(56) Pause Young (Allocation Failure)
[2026-09-22T11:57:43.863+0000][187.620s][info][gc,heap        ] GC(56) PSYoungGen: 3200016K(3303936K)->37344K(3313152K) Eden: 3160064K(3160064K)->0K(3160064K) From: 39952K(143872K)->37344K(153088K)
[2026-09-22T11:57:43.863+0000][187.620s][info][gc,heap        ] GC(56) ParOldGen: 3090130K(3090432K)->3102484K(3102720K)
[2026-09-22T11:57:43.863+0000][187.620s][info][gc,metaspace   ] GC(56) Metaspace: 167073K(168896K)->167073K(168896K) NonClass: 140555K(141568K)->140555K(141568K) Class: 26517K(27328K)->26517K(27328K)
[2026-09-22T11:57:43.863+0000][187.620s][info][gc             ] GC(56) Pause Young (Allocation Failure) 6142M->3066M(6265M) 86.227ms
[2026-09-22T11:57:43.863+0000][187.620s][info][gc,cpu         ] GC(56) User=0.33s Sys=0.01s Real=0.09s
[2026-09-22T11:57:47.778+0000][191.535s][info][gc,start       ] GC(57) Pause Young (Allocation Failure)
[2026-09-22T11:57:47.864+0000][191.621s][info][gc,heap        ] GC(57) PSYoungGen: 3197408K(3313152K)->39504K(3324928K) Eden: 3160064K(3160064K)->0K(3196416K) From: 37344K(153088K)->39504K(128512K)
[2026-09-22T11:57:47.864+0000][191.621s][info][gc,heap        ] GC(57) ParOldGen: 3102484K(3102720K)->3111939K(3112448K)
[2026-09-22T11:57:47.864+0000][191.621s][info][gc,metaspace   ] GC(57) Metaspace: 167096K(168896K)->167096K(168896K) NonClass: 140578K(141568K)->140578K(141568K) Class: 26517K(27328K)->26517K(27328K)
[2026-09-22T11:57:47.864+0000][191.621s][info][gc             ] GC(57) Pause Young (Allocation Failure) 6152M->3077M(6286M) 85.799ms
[2026-09-22T11:57:47.864+0000][191.621s][info][gc,cpu         ] GC(57) User=0.33s Sys=0.01s Real=0.09s
[2026-09-22T11:57:52.080+0000][195.837s][info][gc,start       ] GC(58) Pause Young (GCLocker Initiated GC)
[2026-09-22T11:57:52.171+0000][195.928s][info][gc,heap        ] GC(58) PSYoungGen: 3235920K(3324928K)->36672K(3233280K) Eden: 3196416K(3196416K)->0K(3196416K) From: 39504K(128512K)->36672K(36864K)
[2026-09-22T11:57:52.171+0000][195.928s][info][gc,heap        ] GC(58) ParOldGen: 3111939K(3112448K)->3122478K(3122688K)
[2026-09-22T11:57:52.171+0000][195.928s][info][gc,metaspace   ] GC(58) Metaspace: 167104K(168896K)->167104K(168896K) NonClass: 140587K(141568K)->140587K(141568K) Class: 26517K(27328K)->26517K(27328K)
[2026-09-22T11:57:52.171+0000][195.928s][info][gc             ] GC(58) Pause Young (GCLocker Initiated GC) 6199M->3085M(6207M) 91.612ms
[2026-09-22T11:57:52.171+0000][195.928s][info][gc,cpu         ] GC(58) User=0.34s Sys=0.01s Real=0.09s
[2026-09-22T11:57:56.551+0000][200.308s][info][gc,start       ] GC(59) Pause Young (Allocation Failure)
[2026-09-22T11:57:56.637+0000][200.394s][info][gc,heap        ] GC(59) PSYoungGen: 3233088K(3233280K)->37136K(3334144K) Eden: 3196416K(3196416K)->0K(3203072K) From: 36672K(36864K)->37136K(131072K)
[2026-09-22T11:57:56.637+0000][200.395s][info][gc,heap        ] GC(59) ParOldGen: 3122481K(3122688K)->3132300K(3132416K)
[2026-09-22T11:57:56.637+0000][200.395s][info][gc,metaspace   ] GC(59) Metaspace: 167149K(168960K)->167149K(168960K) NonClass: 140630K(141632K)->140630K(141632K) Class: 26518K(27328K)->26518K(27328K)
[2026-09-22T11:57:56.638+0000][200.395s][info][gc             ] GC(59) Pause Young (Allocation Failure) 6206M->3095M(6315M) 86.399ms
[2026-09-22T11:57:56.638+0000][200.395s][info][gc,cpu         ] GC(59) User=0.34s Sys=0.00s Real=0.08s
[2026-09-22T11:58:00.713+0000][204.470s][info][gc,start       ] GC(60) Pause Young (Allocation Failure)
[2026-09-22T11:58:00.801+0000][204.558s][info][gc,heap        ] GC(60) PSYoungGen: 3240208K(3334144K)->38144K(3327488K) Eden: 3203072K(3203072K)->0K(3203072K) From: 37136K(131072K)->38144K(124416K)
[2026-09-22T11:58:00.801+0000][204.558s][info][gc,heap        ] GC(60) ParOldGen: 3132300K(3132416K)->3142767K(3143168K)
[2026-09-22T11:58:00.801+0000][204.558s][info][gc,metaspace   ] GC(60) Metaspace: 167155K(168960K)->167155K(168960K) NonClass: 140636K(141632K)->140636K(141632K) Class: 26519K(27328K)->26519K(27328K)
[2026-09-22T11:58:00.801+0000][204.558s][info][gc             ] GC(60) Pause Young (Allocation Failure) 6223M->3106M(6319M) 88.535ms
[2026-09-22T11:58:00.801+0000][204.558s][info][gc,cpu         ] GC(60) User=0.34s Sys=0.01s Real=0.09s
[2026-09-22T11:58:05.020+0000][208.777s][info][gc,start       ] GC(61) Pause Young (Allocation Failure)
[2026-09-22T11:58:05.127+0000][208.884s][info][gc,heap        ] GC(61) PSYoungGen: 3241216K(3327488K)->38513K(3362816K) Eden: 3203072K(3203072K)->0K(3245056K) From: 38144K(124416K)->38513K(117760K)
[2026-09-22T11:58:05.127+0000][208.884s][info][gc,heap        ] GC(61) ParOldGen: 3142767K(3143168K)->3152941K(3153408K)
[2026-09-22T11:58:05.127+0000][208.884s][info][gc,metaspace   ] GC(61) Metaspace: 167184K(168960K)->167184K(168960K) NonClass: 140664K(141632K)->140664K(141632K) Class: 26519K(27328K)->26519K(27328K)
[2026-09-22T11:58:05.127+0000][208.884s][info][gc             ] GC(61) Pause Young (Allocation Failure) 6234M->3116M(6363M) 106.924ms
[2026-09-22T11:58:05.127+0000][208.884s][info][gc,cpu         ] GC(61) User=0.37s Sys=0.04s Real=0.10s
[2026-09-22T11:58:09.368+0000][213.125s][info][gc,start       ] GC(62) Pause Young (Allocation Failure)
[2026-09-22T11:58:09.457+0000][213.214s][info][gc,heap        ] GC(62) PSYoungGen: 3283569K(3362816K)->36688K(3357184K) Eden: 3245056K(3245056K)->0K(3245056K) From: 38513K(117760K)->36688K(112128K)
[2026-09-22T11:58:09.457+0000][213.214s][info][gc,heap        ] GC(62) ParOldGen: 3152941K(3153408K)->3164281K(3164672K)
[2026-09-22T11:58:09.457+0000][213.214s][info][gc,metaspace   ] GC(62) Metaspace: 167195K(168960K)->167195K(168960K) NonClass: 140675K(141632K)->140675K(141632K) Class: 26520K(27328K)->26520K(27328K)
[2026-09-22T11:58:09.457+0000][213.214s][info][gc             ] GC(62) Pause Young (Allocation Failure) 6285M->3125M(6369M) 88.202ms
[2026-09-22T11:58:09.457+0000][213.214s][info][gc,cpu         ] GC(62) User=0.34s Sys=0.01s Real=0.09s
[2026-09-22T11:58:13.542+0000][217.299s][info][gc,start       ] GC(63) Pause Young (Allocation Failure)
[2026-09-22T11:58:13.627+0000][217.384s][info][gc,heap        ] GC(63) PSYoungGen: 3281744K(3357184K)->36560K(3376128K) Eden: 3245056K(3245056K)->0K(3269632K) From: 36688K(112128K)->36560K(106496K)
[2026-09-22T11:58:13.627+0000][217.385s][info][gc,heap        ] GC(63) ParOldGen: 3164281K(3164672K)->3173403K(3173888K)
[2026-09-22T11:58:13.627+0000][217.385s][info][gc,metaspace   ] GC(63) Metaspace: 167204K(168960K)->167204K(168960K) NonClass: 140684K(141632K)->140684K(141632K) Class: 26520K(27328K)->26520K(27328K)
[2026-09-22T11:58:13.628+0000][217.385s][info][gc             ] GC(63) Pause Young (Allocation Failure) 6294M->3134M(6396M) 85.293ms
[2026-09-22T11:58:13.628+0000][217.385s][info][gc,cpu         ] GC(63) User=0.33s Sys=0.01s Real=0.08s
[2026-09-22T11:58:18.004+0000][221.761s][info][gc,start       ] GC(64) Pause Young (Allocation Failure)
[2026-09-22T11:58:18.090+0000][221.847s][info][gc,heap        ] GC(64) PSYoungGen: 3306192K(3376128K)->35232K(3371520K) Eden: 3269632K(3269632K)->0K(3269632K) From: 36560K(106496K)->35232K(101888K)
[2026-09-22T11:58:18.090+0000][221.847s][info][gc,heap        ] GC(64) ParOldGen: 3173403K(3173888K)->3181305K(3181568K)
[2026-09-22T11:58:18.090+0000][221.847s][info][gc,metaspace   ] GC(64) Metaspace: 167222K(169024K)->167222K(169024K) NonClass: 140702K(141696K)->140702K(141696K) Class: 26520K(27328K)->26520K(27328K)
[2026-09-22T11:58:18.090+0000][221.847s][info][gc             ] GC(64) Pause Young (Allocation Failure) 6327M->3141M(6399M) 85.537ms
[2026-09-22T11:58:18.090+0000][221.847s][info][gc,cpu         ] GC(64) User=0.33s Sys=0.01s Real=0.09s
[2026-09-22T11:58:22.488+0000][226.245s][info][gc,start       ] GC(65) Pause Young (GCLocker Initiated GC)
[2026-09-22T11:58:22.575+0000][226.332s][info][gc,heap        ] GC(65) PSYoungGen: 3304864K(3371520K)->35344K(3375616K) Eden: 3269632K(3269632K)->0K(3286528K) From: 35232K(101888K)->35344K(89088K)
[2026-09-22T11:58:22.575+0000][226.332s][info][gc,heap        ] GC(65) ParOldGen: 3181305K(3181568K)->3190631K(3190784K)
[2026-09-22T11:58:22.575+0000][226.332s][info][gc,metaspace   ] GC(65) Metaspace: 167262K(169024K)->167262K(169024K) NonClass: 140740K(141696K)->140740K(141696K) Class: 26521K(27328K)->26521K(27328K)
[2026-09-22T11:58:22.575+0000][226.332s][info][gc             ] GC(65) Pause Young (GCLocker Initiated GC) 6334M->3150M(6412M) 86.378ms
[2026-09-22T11:58:22.575+0000][226.332s][info][gc,cpu         ] GC(65) User=0.33s Sys=0.01s Real=0.09s
[2026-09-22T11:58:27.514+0000][231.272s][info][gc,start       ] GC(66) Pause Young (Allocation Failure)
[2026-09-22T11:58:27.623+0000][231.380s][info][gc,heap        ] GC(66) PSYoungGen: 3321872K(3375616K)->36688K(3379712K) Eden: 3286528K(3286528K)->0K(3286528K) From: 35344K(89088K)->36688K(93184K)
[2026-09-22T11:58:27.623+0000][231.380s][info][gc,heap        ] GC(66) ParOldGen: 3190634K(3190784K)->3198192K(3198464K)
[2026-09-22T11:58:27.623+0000][231.380s][info][gc,metaspace   ] GC(66) Metaspace: 167286K(169088K)->167286K(169088K) NonClass: 140765K(141760K)->140765K(141760K) Class: 26521K(27328K)->26521K(27328K)
[2026-09-22T11:58:27.623+0000][231.380s][info][gc             ] GC(66) Pause Young (Allocation Failure) 6359M->3159M(6424M) 108.698ms
[2026-09-22T11:58:27.623+0000][231.380s][info][gc,cpu         ] GC(66) User=0.37s Sys=0.04s Real=0.11s
[2026-09-22T11:58:32.898+0000][236.655s][info][gc,start       ] GC(67) Pause Young (GCLocker Initiated GC)
[2026-09-22T11:58:32.996+0000][236.753s][info][gc,heap        ] GC(67) PSYoungGen: 3323216K(3379712K)->40881K(3391488K) Eden: 3286528K(3286528K)->0K(3312640K) From: 36688K(93184K)->40881K(78848K)
[2026-09-22T11:58:32.996+0000][236.753s][info][gc,heap        ] GC(67) ParOldGen: 3198192K(3198464K)->3208654K(3208704K)
[2026-09-22T11:58:32.996+0000][236.753s][info][gc,metaspace   ] GC(67) Metaspace: 167301K(169152K)->167301K(169152K) NonClass: 140780K(141824K)->140780K(141824K) Class: 26521K(27328K)->26521K(27328K)
[2026-09-22T11:58:32.996+0000][236.753s][info][gc             ] GC(67) Pause Young (GCLocker Initiated GC) 6368M->3173M(6445M) 98.102ms
[2026-09-22T11:58:32.996+0000][236.753s][info][gc,cpu         ] GC(67) User=0.35s Sys=0.02s Real=0.10s
[2026-09-22T11:58:40.528+0000][244.285s][info][gc,start       ] GC(68) Pause Young (GCLocker Initiated GC)
[2026-09-22T11:58:40.621+0000][244.378s][info][gc,heap        ] GC(68) PSYoungGen: 3353521K(3391488K)->44064K(3357184K) Eden: 3312640K(3312640K)->0K(3312640K) From: 40881K(78848K)->44064K(44544K)
[2026-09-22T11:58:40.621+0000][244.378s][info][gc,heap        ] GC(68) ParOldGen: 3208656K(3208704K)->3222859K(3223040K)
[2026-09-22T11:58:40.621+0000][244.378s][info][gc,metaspace   ] GC(68) Metaspace: 167344K(169152K)->167344K(169152K) NonClass: 140822K(141824K)->140822K(141824K) Class: 26521K(27328K)->26521K(27328K)
[2026-09-22T11:58:40.621+0000][244.378s][info][gc             ] GC(68) Pause Young (GCLocker Initiated GC) 6408M->3190M(6426M) 93.339ms
[2026-09-22T11:58:40.621+0000][244.378s][info][gc,cpu         ] GC(68) User=0.36s Sys=0.00s Real=0.10s
[2026-09-22T11:58:58.947+0000][262.704s][info][gc,start       ] GC(69) Pause Young (GCLocker Initiated GC)
[2026-09-22T11:58:59.040+0000][262.797s][info][gc,heap        ] GC(69) PSYoungGen: 3356704K(3357184K)->40688K(3386368K) Eden: 3312640K(3312640K)->0K(3312640K) From: 44064K(44544K)->40688K(73728K)
[2026-09-22T11:58:59.040+0000][262.797s][info][gc,heap        ] GC(69) ParOldGen: 3222862K(3223040K)->3240557K(3240960K)
[2026-09-22T11:58:59.040+0000][262.797s][info][gc,metaspace   ] GC(69) Metaspace: 167399K(169216K)->167399K(169216K) NonClass: 140867K(141888K)->140867K(141888K) Class: 26531K(27328K)->26531K(27328K)
[2026-09-22T11:58:59.040+0000][262.797s][info][gc             ] GC(69) Pause Young (GCLocker Initiated GC) 6425M->3204M(6472M) 92.176ms
[2026-09-22T11:58:59.040+0000][262.797s][info][gc,cpu         ] GC(69) User=0.35s Sys=0.02s Real=0.10s
[2026-09-22T12:02:34.141+0000][477.898s][info][gc,start       ] GC(70) Pause Young (GCLocker Initiated GC)
[2026-09-22T12:02:34.235+0000][477.992s][info][gc,heap        ] GC(70) PSYoungGen: 2951586K(3386368K)->48794K(3361792K) Eden: 2910897K(3312640K)->0K(3312640K) From: 40688K(73728K)->48794K(49152K)
[2026-09-22T12:02:34.235+0000][477.992s][info][gc,heap        ] GC(70) ParOldGen: 3240557K(3240960K)->3254519K(3254784K)
[2026-09-22T12:02:34.235+0000][477.992s][info][gc,metaspace   ] GC(70) Metaspace: 170382K(172096K)->170382K(172096K) NonClass: 143500K(144448K)->143500K(144448K) Class: 26882K(27648K)->26882K(27648K)
[2026-09-22T12:02:34.235+0000][477.992s][info][gc             ] GC(70) Pause Young (GCLocker Initiated GC) 6047M->3225M(6461M) 93.766ms
[2026-09-22T12:02:34.235+0000][477.992s][info][gc,cpu         ] GC(70) User=0.35s Sys=0.02s Real=0.09s
[2026-09-22T12:02:40.009+0000][483.766s][info][gc,start       ] GC(71) Pause Young (Allocation Failure)
[2026-09-22T12:02:40.086+0000][483.843s][info][gc,heap        ] GC(71) PSYoungGen: 3361434K(3361792K)->12736K(3387392K) Eden: 3312640K(3312640K)->0K(3311104K) From: 48794K(49152K)->12736K(76288K)
[2026-09-22T12:02:40.086+0000][483.843s][info][gc,heap        ] GC(71) ParOldGen: 3254521K(3254784K)->3293665K(3293696K)
[2026-09-22T12:02:40.086+0000][483.843s][info][gc,metaspace   ] GC(71) Metaspace: 170667K(172416K)->170667K(172416K) NonClass: 143763K(144768K)->143763K(144768K) Class: 26904K(27648K)->26904K(27648K)
[2026-09-22T12:02:40.086+0000][483.843s][info][gc             ] GC(71) Pause Young (Allocation Failure) 6460M->3228M(6524M) 76.972ms
[2026-09-22T12:02:40.086+0000][483.843s][info][gc,cpu         ] GC(71) User=0.28s Sys=0.02s Real=0.08s
[2026-09-22T12:02:45.757+0000][489.514s][info][gc,start       ] GC(72) Pause Young (Allocation Failure)
[2026-09-22T12:02:45.795+0000][489.552s][info][gc,heap        ] GC(72) PSYoungGen: 3323840K(3387392K)->15104K(3388928K) Eden: 3311104K(3311104K)->0K(3311104K) From: 12736K(76288K)->15104K(77824K)
[2026-09-22T12:02:45.795+0000][489.552s][info][gc,heap        ] GC(72) ParOldGen: 3293665K(3293696K)->3296937K(3297280K)
[2026-09-22T12:02:45.795+0000][489.552s][info][gc,metaspace   ] GC(72) Metaspace: 170734K(172544K)->170734K(172544K) NonClass: 143821K(144832K)->143821K(144832K) Class: 26912K(27712K)->26912K(27712K)
[2026-09-22T12:02:45.795+0000][489.552s][info][gc             ] GC(72) Pause Young (Allocation Failure) 6462M->3234M(6529M) 38.583ms
[2026-09-22T12:02:45.795+0000][489.552s][info][gc,cpu         ] GC(72) User=0.15s Sys=0.00s Real=0.04s
