[0.003s][info][gc] Using G1
[0.377s][info][gc] GC(0) Pause Young (Concurrent Start) (G1 Humongous Allocation) 241M->3M(513M) 3.711ms
[0.377s][info][gc] GC(1) Concurrent Undo Cycle
[0.378s][info][gc] GC(1) Concurrent Undo Cycle 0.358ms
[0.489s][info][gc] GC(2) Pause Young (Normal) (G1 Evacuation Pause) 215M->2M(513M) 3.191ms
[1.839s][info][gc] GC(3) Pause Young (Concurrent Start) (Metadata GC Threshold) 314M->15M(513M) 11.200ms
[1.839s][info][gc] GC(4) Concurrent Mark Cycle
[1.858s][info][gc] GC(4) Pause Remark 17M->17M(512M) 2.767ms
[1.859s][info][gc] GC(4) Pause Cleanup 17M->17M(512M) 0.090ms
[1.861s][info][gc] GC(4) Concurrent Mark Cycle 21.506ms
[2.228s][info][gc] GC(5) Pause Young (Prepare Mixed) (G1 Evacuation Pause) 66M->32M(512M) 22.425ms
[2.293s][info][gc] GC(6) Pause Young (Mixed) (G1 Evacuation Pause) 49M->41M(512M) 40.536ms
[2.352s][info][gc] GC(7) Pause Young (Normal) (GCLocker Initiated GC) 67M->54M(512M) 20.110ms
[2.424s][info][gc] GC(8) Pause Young (Normal) (G1 Evacuation Pause) 87M->70M(1072M) 15.606ms
[2.530s][info][gc] GC(9) Pause Young (Normal) (G1 Evacuation Pause) 119M->94M(1072M) 20.999ms
[2.649s][info][gc] GC(10) Pause Young (Normal) (G1 Evacuation Pause) 140M->119M(1072M) 29.423ms
[2.862s][info][gc] GC(11) Pause Young (Normal) (G1 Evacuation Pause) 164M->143M(1072M) 37.240ms
[3.365s][info][gc] GC(12) Pause Young (Concurrent Start) (Metadata GC Threshold) 178M->154M(1288M) 20.404ms
[3.365s][info][gc] GC(13) Concurrent Mark Cycle
[3.645s][info][gc] GC(13) Pause Remark 166M->161M(540M) 5.724ms
[3.740s][info][gc] GC(13) Pause Cleanup 163M->163M(540M) 0.158ms
[3.744s][info][gc] GC(13) Concurrent Mark Cycle 378.933ms
[4.134s][info][gc] GC(14) Pause Young (Prepare Mixed) (G1 Evacuation Pause) 220M->157M(540M) 16.666ms
[4.440s][info][gc] GC(15) Pause Young (Mixed) (G1 Evacuation Pause) 257M->167M(540M) 17.751ms
[5.745s][info][gc] GC(16) Pause Young (Normal) (G1 Evacuation Pause) 316M->190M(540M) 34.121ms
[6.448s][info][gc] GC(17) Pause Young (Normal) (G1 Evacuation Pause) 382M->251M(540M) 87.571ms
[6.652s][info][gc] GC(18) Pause Young (Concurrent Start) (Metadata GC Threshold) 302M->265M(540M) 37.279ms
[6.652s][info][gc] GC(19) Concurrent Mark Cycle
[6.915s][info][gc] GC(19) Pause Remark 266M->243M(540M) 9.330ms
[7.100s][info][gc] GC(19) Pause Cleanup 243M->243M(540M) 0.264ms
[7.101s][info][gc] GC(19) Concurrent Mark Cycle 449.869ms
[9.336s][info][gc] GC(20) Pause Young (Prepare Mixed) (G1 Evacuation Pause) 416M->270M(540M) 39.131ms
[10.307s][info][gc] GC(21) Pause Young (Mixed) (G1 Evacuation Pause) 441M->238M(540M) 59.716ms
[10.850s][info][gc] GC(22) Pause Young (Concurrent Start) (G1 Humongous Allocation) 309M->244M(661M) 16.396ms
[10.850s][info][gc] GC(23) Concurrent Undo Cycle
[10.851s][info][gc] GC(23) Concurrent Undo Cycle 0.386ms
[10.871s][info][gc] GC(24) Pause Young (Concurrent Start) (G1 Humongous Allocation) 246M->244M(661M) 19.676ms
[10.871s][info][gc] GC(25) Concurrent Mark Cycle
[11.309s][info][gc] GC(25) Pause Remark 302M->302M(661M) 13.001ms
[11.505s][info][gc] GC(25) Pause Cleanup 319M->319M(661M) 0.330ms
[11.509s][info][gc] GC(25) Concurrent Mark Cycle 637.914ms
[12.857s][info][gc] GC(26) Pause Young (Prepare Mixed) (G1 Evacuation Pause) 588M->268M(661M) 49.648ms
[14.829s][info][gc] GC(27) Pause Young (Mixed) (G1 Evacuation Pause) 598M->272M(661M) 77.016ms
[29.345s][info][gc] GC(28) Pause Young (Concurrent Start) (G1 Evacuation Pause) 589M->288M(661M) 41.169ms
[29.345s][info][gc] GC(29) Concurrent Mark Cycle
[29.917s][info][gc] GC(29) Pause Remark 322M->285M(661M) 19.714ms
[30.236s][info][gc] GC(29) Pause Cleanup 310M->310M(661M) 0.272ms
[30.238s][info][gc] GC(29) Concurrent Mark Cycle 892.288ms
[32.339s][info][gc] GC(30) Pause Young (Prepare Mixed) (G1 Evacuation Pause) 555M->264M(661M) 70.608ms
[34.851s][info][gc] GC(31) Pause Young (Mixed) (G1 Evacuation Pause) 593M->275M(661M) 38.216ms
[38.309s][info][gc] GC(32) Pause Young (Concurrent Start) (G1 Evacuation Pause) 594M->285M(661M) 55.184ms
[38.309s][info][gc] GC(33) Concurrent Mark Cycle
[39.112s][info][gc] GC(33) Pause Remark 356M->356M(661M) 61.185ms
[39.514s][info][gc] GC(33) Pause Cleanup 390M->390M(661M) 0.242ms
[39.516s][info][gc] GC(33) Concurrent Mark Cycle 1207.432ms
[41.893s][info][gc] GC(34) Pause Young (Prepare Mixed) (G1 Evacuation Pause) 599M->297M(661M) 50.173ms
[43.935s][info][gc] GC(35) Pause Young (Mixed) (G1 Evacuation Pause) 604M->308M(661M) 31.914ms
[45.510s][info][gc] GC(36) Pause Young (Concurrent Start) (G1 Evacuation Pause) 598M->316M(661M) 50.832ms
[45.510s][info][gc] GC(37) Concurrent Mark Cycle
[46.234s][info][gc] GC(37) Pause Remark 388M->388M(661M) 23.104ms
[46.625s][info][gc] GC(37) Pause Cleanup 439M->439M(661M) 0.258ms
[46.629s][info][gc] GC(37) Concurrent Mark Cycle 1118.904ms
[55.239s][info][gc] GC(38) Pause Young (Prepare Mixed) (G1 Evacuation Pause) 601M->326M(661M) 26.300ms
[55.837s][info][gc] GC(39) Pause Young (Mixed) (G1 Evacuation Pause) 607M->323M(661M) 19.645ms
[56.262s][info][gc] GC(40) Pause Young (Concurrent Start) (G1 Evacuation Pause) 608M->323M(661M) 17.280ms
[56.262s][info][gc] GC(41) Concurrent Mark Cycle
[56.743s][info][gc] GC(41) Concurrent Mark Cycle 480.375ms
