[2026-09-22T08:48:01.338+0000][0.014s][info][gc,init] CardTable entry size: 512
[2026-09-22T08:48:01.338+0000][0.014s][info][gc     ] Using Parallel
[2026-09-22T08:48:01.349+0000][0.025s][info][gc,init] Version: 21.0.12.1+1-LTS (release)
[2026-09-22T08:48:01.349+0000][0.025s][info][gc,init] CPUs: 4 total, 4 available
[2026-09-22T08:48:01.349+0000][0.025s][info][gc,init] Memory: 15989M
[2026-09-22T08:48:01.349+0000][0.025s][info][gc,init] Large Page Support: Disabled
[2026-09-22T08:48:01.349+0000][0.025s][info][gc,init] NUMA Support: Disabled
[2026-09-22T08:48:01.349+0000][0.025s][info][gc,init] Compressed Oops: Enabled (Zero based)
[2026-09-22T08:48:01.349+0000][0.025s][info][gc,init] Alignments: Space 512K, Generation 512K, Heap 2M
[2026-09-22T08:48:01.349+0000][0.025s][info][gc,init] Heap Min Capacity: 4G
[2026-09-22T08:48:01.349+0000][0.025s][info][gc,init] Heap Initial Capacity: 4G
[2026-09-22T08:48:01.349+0000][0.025s][info][gc,init] Heap Max Capacity: 10G
[2026-09-22T08:48:01.349+0000][0.025s][info][gc,init] Pre-touch: Disabled
[2026-09-22T08:48:01.349+0000][0.025s][info][gc,init] Parallel Workers: 4
[2026-09-22T08:48:01.358+0000][0.034s][info][gc,metaspace] CDS archive(s) mapped at: [0x00007ff38d000000-0x00007ff38dc9c000-0x00007ff38dc9c000), size 13221888, SharedBaseAddress: 0x00007ff38d000000, ArchiveRelocationMode: 1.
[2026-09-22T08:48:01.358+0000][0.034s][info][gc,metaspace] Compressed class space mapped at: 0x00007ff38e000000-0x00007ff3ce000000, reserved size: 1073741824
[2026-09-22T08:48:01.358+0000][0.034s][info][gc,metaspace] Narrow klass base: 0x00007ff38d000000, Narrow klass shift: 0, Narrow klass range: 0x100000000
[2026-09-22T08:48:03.735+0000][2.411s][info][gc,start    ] GC(0) Pause Young (Metadata GC Threshold)
[2026-09-22T08:48:03.742+0000][2.417s][info][gc,heap     ] GC(0) PSYoungGen: 919414K(1223168K)->12727K(1223168K) Eden: 919414K(1048576K)->0K(1048576K) From: 0K(174592K)->12727K(174592K)
[2026-09-22T08:48:03.742+0000][2.417s][info][gc,heap     ] GC(0) ParOldGen: 1073K(2796544K)->1145K(2796544K)
[2026-09-22T08:48:03.742+0000][2.417s][info][gc,metaspace] GC(0) Metaspace: 21074K(21504K)->21074K(21504K) NonClass: 18700K(18944K)->18700K(18944K) Class: 2374K(2560K)->2374K(2560K)
[2026-09-22T08:48:03.742+0000][2.417s][info][gc          ] GC(0) Pause Young (Metadata GC Threshold) 898M->13M(3925M) 6.457ms
[2026-09-22T08:48:03.742+0000][2.417s][info][gc,cpu      ] GC(0) User=0.01s Sys=0.01s Real=0.00s
[2026-09-22T08:48:03.742+0000][2.418s][info][gc,start    ] GC(1) Pause Full (Metadata GC Threshold)
[2026-09-22T08:48:03.742+0000][2.418s][info][gc,phases,start] GC(1) Marking Phase
[2026-09-22T08:48:03.749+0000][2.425s][info][gc,phases      ] GC(1) Marking Phase 7.052ms
[2026-09-22T08:48:03.749+0000][2.425s][info][gc,phases,start] GC(1) Summary Phase
[2026-09-22T08:48:03.749+0000][2.425s][info][gc,phases      ] GC(1) Summary Phase 0.010ms
[2026-09-22T08:48:03.749+0000][2.425s][info][gc,phases,start] GC(1) Adjust Roots
[2026-09-22T08:48:03.751+0000][2.427s][info][gc,phases      ] GC(1) Adjust Roots 2.745ms
[2026-09-22T08:48:03.752+0000][2.427s][info][gc,phases,start] GC(1) Compaction Phase
[2026-09-22T08:48:03.758+0000][2.434s][info][gc,phases      ] GC(1) Compaction Phase 6.562ms
[2026-09-22T08:48:03.758+0000][2.434s][info][gc,phases,start] GC(1) Post Compact
[2026-09-22T08:48:03.759+0000][2.435s][info][gc,phases      ] GC(1) Post Compact 1.228ms
[2026-09-22T08:48:03.759+0000][2.435s][info][gc,heap        ] GC(1) PSYoungGen: 12727K(1223168K)->0K(1223168K) Eden: 0K(1048576K)->0K(1048576K) From: 12727K(174592K)->0K(174592K)
[2026-09-22T08:48:03.759+0000][2.435s][info][gc,heap        ] GC(1) ParOldGen: 1145K(2796544K)->13576K(2796544K)
[2026-09-22T08:48:03.759+0000][2.435s][info][gc,metaspace   ] GC(1) Metaspace: 21074K(21504K)->21074K(21504K) NonClass: 18700K(18944K)->18700K(18944K) Class: 2374K(2560K)->2374K(2560K)
[2026-09-22T08:48:03.759+0000][2.435s][info][gc             ] GC(1) Pause Full (Metadata GC Threshold) 13M->13M(3925M) 17.712ms
[2026-09-22T08:48:03.759+0000][2.435s][info][gc,cpu         ] GC(1) User=0.05s Sys=0.01s Real=0.02s
[2026-09-22T08:48:05.346+0000][4.021s][info][gc,start       ] GC(2) Pause Young (Metadata GC Threshold)
[2026-09-22T08:48:05.370+0000][4.046s][info][gc,heap        ] GC(2) PSYoungGen: 437936K(1223168K)->51033K(1223168K) Eden: 437936K(1048576K)->0K(1048576K) From: 0K(174592K)->51033K(174592K)
[2026-09-22T08:48:05.370+0000][4.046s][info][gc,heap        ] GC(2) ParOldGen: 13576K(2796544K)->13584K(2796544K)
[2026-09-22T08:48:05.370+0000][4.046s][info][gc,metaspace   ] GC(2) Metaspace: 35377K(35840K)->35377K(35840K) NonClass: 31273K(31552K)->31273K(31552K) Class: 4103K(4288K)->4103K(4288K)
[2026-09-22T08:48:05.370+0000][4.046s][info][gc             ] GC(2) Pause Young (Metadata GC Threshold) 440M->63M(3925M) 24.870ms
[2026-09-22T08:48:05.370+0000][4.046s][info][gc,cpu         ] GC(2) User=0.08s Sys=0.02s Real=0.02s
[2026-09-22T08:48:05.370+0000][4.046s][info][gc,start       ] GC(3) Pause Full (Metadata GC Threshold)
[2026-09-22T08:48:05.370+0000][4.046s][info][gc,phases,start] GC(3) Marking Phase
[2026-09-22T08:48:05.394+0000][4.070s][info][gc,phases      ] GC(3) Marking Phase 23.219ms
[2026-09-22T08:48:05.394+0000][4.070s][info][gc,phases,start] GC(3) Summary Phase
[2026-09-22T08:48:05.394+0000][4.070s][info][gc,phases      ] GC(3) Summary Phase 0.019ms
[2026-09-22T08:48:05.394+0000][4.070s][info][gc,phases,start] GC(3) Adjust Roots
[2026-09-22T08:48:05.397+0000][4.073s][info][gc,phases      ] GC(3) Adjust Roots 3.501ms
[2026-09-22T08:48:05.397+0000][4.073s][info][gc,phases,start] GC(3) Compaction Phase
[2026-09-22T08:48:05.434+0000][4.109s][info][gc,phases      ] GC(3) Compaction Phase 36.313ms
[2026-09-22T08:48:05.434+0000][4.110s][info][gc,phases,start] GC(3) Post Compact
[2026-09-22T08:48:05.435+0000][4.110s][info][gc,phases      ] GC(3) Post Compact 0.968ms
[2026-09-22T08:48:05.435+0000][4.110s][info][gc,heap        ] GC(3) PSYoungGen: 51033K(1223168K)->0K(1223168K) Eden: 0K(1048576K)->0K(1048576K) From: 51033K(174592K)->0K(174592K)
[2026-09-22T08:48:05.435+0000][4.110s][info][gc,heap        ] GC(3) ParOldGen: 13584K(2796544K)->64242K(2796544K)
[2026-09-22T08:48:05.435+0000][4.110s][info][gc,metaspace   ] GC(3) Metaspace: 35377K(35840K)->35368K(35840K) NonClass: 31273K(31552K)->31267K(31552K) Class: 4103K(4288K)->4101K(4288K)
[2026-09-22T08:48:05.435+0000][4.111s][info][gc             ] GC(3) Pause Full (Metadata GC Threshold) 63M->62M(3925M) 64.161ms
[2026-09-22T08:48:05.435+0000][4.111s][info][gc,cpu         ] GC(3) User=0.21s Sys=0.00s Real=0.06s
[2026-09-22T08:48:07.386+0000][6.062s][info][gc,start       ] GC(4) Pause Young (Metadata GC Threshold)
[2026-09-22T08:48:07.414+0000][6.090s][info][gc,heap        ] GC(4) PSYoungGen: 380739K(1223168K)->42961K(1223168K) Eden: 380739K(1048576K)->0K(1048576K) From: 0K(174592K)->42961K(174592K)
[2026-09-22T08:48:07.414+0000][6.090s][info][gc,heap        ] GC(4) ParOldGen: 64242K(2796544K)->64258K(2796544K)
[2026-09-22T08:48:07.414+0000][6.090s][info][gc,metaspace   ] GC(4) Metaspace: 59172K(59776K)->59172K(59776K) NonClass: 50559K(50880K)->50559K(50880K) Class: 8612K(8896K)->8612K(8896K)
[2026-09-22T08:48:07.414+0000][6.090s][info][gc             ] GC(4) Pause Young (Metadata GC Threshold) 434M->104M(3925M) 28.119ms
[2026-09-22T08:48:07.414+0000][6.090s][info][gc,cpu         ] GC(4) User=0.09s Sys=0.02s Real=0.02s
[2026-09-22T08:48:07.414+0000][6.090s][info][gc,start       ] GC(5) Pause Full (Metadata GC Threshold)
[2026-09-22T08:48:07.414+0000][6.090s][info][gc,phases,start] GC(5) Marking Phase
[2026-09-22T08:48:07.466+0000][6.142s][info][gc,phases      ] GC(5) Marking Phase 52.089ms
[2026-09-22T08:48:07.466+0000][6.142s][info][gc,phases,start] GC(5) Summary Phase
[2026-09-22T08:48:07.466+0000][6.142s][info][gc,phases      ] GC(5) Summary Phase 0.008ms
[2026-09-22T08:48:07.466+0000][6.142s][info][gc,phases,start] GC(5) Adjust Roots
[2026-09-22T08:48:07.473+0000][6.149s][info][gc,phases      ] GC(5) Adjust Roots 6.484ms
[2026-09-22T08:48:07.473+0000][6.149s][info][gc,phases,start] GC(5) Compaction Phase
[2026-09-22T08:48:07.569+0000][6.245s][info][gc,phases      ] GC(5) Compaction Phase 96.648ms
[2026-09-22T08:48:07.569+0000][6.245s][info][gc,phases,start] GC(5) Post Compact
[2026-09-22T08:48:07.571+0000][6.247s][info][gc,phases      ] GC(5) Post Compact 1.338ms
[2026-09-22T08:48:07.571+0000][6.247s][info][gc,heap        ] GC(5) PSYoungGen: 42961K(1223168K)->0K(1223168K) Eden: 0K(1048576K)->0K(1048576K) From: 42961K(174592K)->0K(174592K)
[2026-09-22T08:48:07.571+0000][6.247s][info][gc,heap        ] GC(5) ParOldGen: 64258K(2796544K)->103025K(2796544K)
[2026-09-22T08:48:07.571+0000][6.247s][info][gc,metaspace   ] GC(5) Metaspace: 59172K(59776K)->59172K(59776K) NonClass: 50559K(50880K)->50559K(50880K) Class: 8612K(8896K)->8612K(8896K)
[2026-09-22T08:48:07.571+0000][6.247s][info][gc             ] GC(5) Pause Full (Metadata GC Threshold) 104M->100M(3925M) 156.721ms
[2026-09-22T08:48:07.571+0000][6.247s][info][gc,cpu         ] GC(5) User=0.59s Sys=0.01s Real=0.16s
[2026-09-22T08:48:10.692+0000][9.368s][info][gc,start       ] GC(6) Pause Young (Metadata GC Threshold)
[2026-09-22T08:48:10.789+0000][9.465s][info][gc,heap        ] GC(6) PSYoungGen: 755404K(1223168K)->174564K(1223168K) Eden: 755404K(1048576K)->0K(1048576K) From: 0K(174592K)->174564K(174592K)
[2026-09-22T08:48:10.789+0000][9.465s][info][gc,heap        ] GC(6) ParOldGen: 103025K(2796544K)->105537K(2796544K)
[2026-09-22T08:48:10.789+0000][9.465s][info][gc,metaspace   ] GC(6) Metaspace: 98840K(99648K)->98840K(99648K) NonClass: 84864K(85312K)->84864K(85312K) Class: 13976K(14336K)->13976K(14336K)
[2026-09-22T08:48:10.789+0000][9.465s][info][gc             ] GC(6) Pause Young (Metadata GC Threshold) 838M->273M(3925M) 96.730ms
[2026-09-22T08:48:10.789+0000][9.465s][info][gc,cpu         ] GC(6) User=0.34s Sys=0.04s Real=0.10s
[2026-09-22T08:48:10.789+0000][9.465s][info][gc,start       ] GC(7) Pause Full (Metadata GC Threshold)
[2026-09-22T08:48:10.789+0000][9.465s][info][gc,phases,start] GC(7) Marking Phase
[2026-09-22T08:48:10.900+0000][9.575s][info][gc,phases      ] GC(7) Marking Phase 110.657ms
[2026-09-22T08:48:10.900+0000][9.575s][info][gc,phases,start] GC(7) Summary Phase
[2026-09-22T08:48:10.900+0000][9.575s][info][gc,phases      ] GC(7) Summary Phase 0.026ms
[2026-09-22T08:48:10.900+0000][9.575s][info][gc,phases,start] GC(7) Adjust Roots
[2026-09-22T08:48:10.909+0000][9.585s][info][gc,phases      ] GC(7) Adjust Roots 9.761ms
[2026-09-22T08:48:10.909+0000][9.585s][info][gc,phases,start] GC(7) Compaction Phase
[2026-09-22T08:48:11.176+0000][9.852s][info][gc,phases      ] GC(7) Compaction Phase 266.889ms
[2026-09-22T08:48:11.176+0000][9.852s][info][gc,phases,start] GC(7) Post Compact
[2026-09-22T08:48:11.178+0000][9.854s][info][gc,phases      ] GC(7) Post Compact 1.775ms
[2026-09-22T08:48:11.178+0000][9.854s][info][gc,heap        ] GC(7) PSYoungGen: 174564K(1223168K)->0K(1223168K) Eden: 0K(1048576K)->0K(1048576K) From: 174564K(174592K)->0K(174592K)
[2026-09-22T08:48:11.178+0000][9.854s][info][gc,heap        ] GC(7) ParOldGen: 105537K(2796544K)->278487K(2796544K)
[2026-09-22T08:48:11.178+0000][9.854s][info][gc,metaspace   ] GC(7) Metaspace: 98840K(99648K)->98840K(99648K) NonClass: 84864K(85312K)->84864K(85312K) Class: 13976K(14336K)->13976K(14336K)
[2026-09-22T08:48:11.178+0000][9.854s][info][gc             ] GC(7) Pause Full (Metadata GC Threshold) 273M->271M(3925M) 389.262ms
[2026-09-22T08:48:11.178+0000][9.854s][info][gc,cpu         ] GC(7) User=1.45s Sys=0.01s Real=0.39s
[2026-09-22T08:48:14.562+0000][13.238s][info][gc,start       ] GC(8) Pause Young (Allocation Failure)
[2026-09-22T08:48:14.590+0000][13.265s][info][gc,heap        ] GC(8) PSYoungGen: 1048576K(1223168K)->45638K(1223168K) Eden: 1048576K(1048576K)->0K(1048576K) From: 0K(174592K)->45638K(174592K)
[2026-09-22T08:48:14.590+0000][13.265s][info][gc,heap        ] GC(8) ParOldGen: 278487K(2796544K)->278503K(2796544K)
[2026-09-22T08:48:14.590+0000][13.265s][info][gc,metaspace   ] GC(8) Metaspace: 119842K(120832K)->119842K(120832K) NonClass: 102592K(103168K)->102592K(103168K) Class: 17250K(17664K)->17250K(17664K)
[2026-09-22T08:48:14.590+0000][13.265s][info][gc             ] GC(8) Pause Young (Allocation Failure) 1295M->316M(3925M) 27.166ms
[2026-09-22T08:48:14.590+0000][13.265s][info][gc,cpu         ] GC(8) User=0.10s Sys=0.00s Real=0.03s
[2026-09-22T08:48:20.811+0000][19.486s][info][gc,start       ] GC(9) Pause Young (Allocation Failure)
[2026-09-22T08:48:20.869+0000][19.544s][info][gc,heap        ] GC(9) PSYoungGen: 1094214K(1223168K)->129172K(2233856K) Eden: 1048576K(1048576K)->0K(2076160K) From: 45638K(174592K)->129172K(157696K)
[2026-09-22T08:48:20.869+0000][19.544s][info][gc,heap        ] GC(9) ParOldGen: 278503K(2796544K)->278551K(2796544K)
[2026-09-22T08:48:20.869+0000][19.544s][info][gc,metaspace   ] GC(9) Metaspace: 149724K(151040K)->149724K(151040K) NonClass: 125334K(126080K)->125334K(126080K) Class: 24390K(24960K)->24390K(24960K)
[2026-09-22T08:48:20.869+0000][19.544s][info][gc             ] GC(9) Pause Young (Allocation Failure) 1340M->398M(4912M) 57.960ms
[2026-09-22T08:48:20.869+0000][19.544s][info][gc,cpu         ] GC(9) User=0.19s Sys=0.04s Real=0.06s
[2026-09-22T08:48:21.902+0000][20.578s][info][gc,start       ] GC(10) Pause Young (CodeCache GC Threshold)
[2026-09-22T08:48:21.969+0000][20.645s][info][gc,heap        ] GC(10) PSYoungGen: 434256K(2233856K)->146699K(2254848K) Eden: 305084K(2076160K)->0K(2076160K) From: 129172K(157696K)->146699K(178688K)
[2026-09-22T08:48:21.969+0000][20.645s][info][gc,heap        ] GC(10) ParOldGen: 278551K(2796544K)->278567K(2796544K)
[2026-09-22T08:48:21.969+0000][20.645s][info][gc,metaspace   ] GC(10) Metaspace: 150377K(151680K)->150377K(151680K) NonClass: 125889K(126656K)->125889K(126656K) Class: 24487K(25024K)->24487K(25024K)
[2026-09-22T08:48:21.969+0000][20.645s][info][gc             ] GC(10) Pause Young (CodeCache GC Threshold) 696M->415M(4933M) 66.888ms
[2026-09-22T08:48:21.969+0000][20.645s][info][gc,cpu         ] GC(10) User=0.18s Sys=0.05s Real=0.07s
[2026-09-22T08:48:21.969+0000][20.645s][info][gc,start       ] GC(11) Pause Full (CodeCache GC Threshold)
[2026-09-22T08:48:21.969+0000][20.645s][info][gc,phases,start] GC(11) Marking Phase
[2026-09-22T08:48:22.142+0000][20.818s][info][gc,phases      ] GC(11) Marking Phase 172.561ms
[2026-09-22T08:48:22.142+0000][20.818s][info][gc,phases,start] GC(11) Summary Phase
[2026-09-22T08:48:22.142+0000][20.818s][info][gc,phases      ] GC(11) Summary Phase 0.029ms
[2026-09-22T08:48:22.142+0000][20.818s][info][gc,phases,start] GC(11) Adjust Roots
[2026-09-22T08:48:22.163+0000][20.839s][info][gc,phases      ] GC(11) Adjust Roots 21.051ms
[2026-09-22T08:48:22.163+0000][20.839s][info][gc,phases,start] GC(11) Compaction Phase
[2026-09-22T08:48:22.507+0000][21.183s][info][gc,phases      ] GC(11) Compaction Phase 343.616ms
[2026-09-22T08:48:22.507+0000][21.183s][info][gc,phases,start] GC(11) Post Compact
[2026-09-22T08:48:22.513+0000][21.189s][info][gc,phases      ] GC(11) Post Compact 6.003ms
[2026-09-22T08:48:22.513+0000][21.189s][info][gc,heap        ] GC(11) PSYoungGen: 146699K(2254848K)->0K(2254848K) Eden: 0K(2076160K)->0K(2076160K) From: 146699K(178688K)->0K(178688K)
[2026-09-22T08:48:22.513+0000][21.189s][info][gc,heap        ] GC(11) ParOldGen: 278567K(2796544K)->385396K(2796544K)
[2026-09-22T08:48:22.513+0000][21.189s][info][gc,metaspace   ] GC(11) Metaspace: 150377K(151680K)->150313K(151680K) NonClass: 125889K(126656K)->125841K(126656K) Class: 24487K(25024K)->24471K(25024K)
[2026-09-22T08:48:22.513+0000][21.189s][info][gc             ] GC(11) Pause Full (CodeCache GC Threshold) 415M->376M(4933M) 543.444ms
[2026-09-22T08:48:22.513+0000][21.189s][info][gc,cpu         ] GC(11) User=1.95s Sys=0.01s Real=0.54s
[2026-09-22T08:48:26.788+0000][25.464s][info][gc,start       ] GC(12) Pause Young (Allocation Failure)
[2026-09-22T08:48:26.884+0000][25.560s][info][gc,heap        ] GC(12) PSYoungGen: 2076160K(2254848K)->200191K(2221568K) Eden: 2076160K(2076160K)->0K(2021376K) From: 0K(178688K)->200191K(200192K)
[2026-09-22T08:48:26.884+0000][25.560s][info][gc,heap        ] GC(12) ParOldGen: 385396K(2796544K)->476100K(2796544K)
[2026-09-22T08:48:26.884+0000][25.560s][info][gc,metaspace   ] GC(12) Metaspace: 152577K(153984K)->152577K(153984K) NonClass: 127769K(128576K)->127769K(128576K) Class: 24808K(25408K)->24808K(25408K)
[2026-09-22T08:48:26.884+0000][25.560s][info][gc             ] GC(12) Pause Young (Allocation Failure) 2403M->660M(4900M) 96.543ms
[2026-09-22T08:48:26.884+0000][25.560s][info][gc,cpu         ] GC(12) User=0.33s Sys=0.05s Real=0.09s
[2026-09-22T08:48:31.144+0000][29.820s][info][gc,start       ] GC(13) Pause Young (Allocation Failure)
[2026-09-22T08:48:31.225+0000][29.901s][info][gc,heap        ] GC(13) PSYoungGen: 2221567K(2221568K)->275959K(2297344K) Eden: 2021376K(2021376K)->0K(2021376K) From: 200191K(200192K)->275959K(275968K)
[2026-09-22T08:48:31.225+0000][29.901s][info][gc,heap        ] GC(13) ParOldGen: 476100K(2796544K)->547837K(2796544K)
[2026-09-22T08:48:31.225+0000][29.901s][info][gc,metaspace   ] GC(13) Metaspace: 153275K(154752K)->153275K(154752K) NonClass: 128357K(129216K)->128357K(129216K) Class: 24918K(25536K)->24918K(25536K)
[2026-09-22T08:48:31.225+0000][29.901s][info][gc             ] GC(13) Pause Young (Allocation Failure) 2634M->804M(4974M) 80.506ms
[2026-09-22T08:48:31.225+0000][29.901s][info][gc,cpu         ] GC(13) User=0.31s Sys=0.01s Real=0.08s
[2026-09-22T08:48:34.779+0000][33.455s][info][gc,start       ] GC(14) Pause Young (Allocation Failure)
[2026-09-22T08:48:34.945+0000][33.621s][info][gc,heap        ] GC(14) PSYoungGen: 2297335K(2297344K)->353248K(2835456K) Eden: 2021376K(2021376K)->0K(2482176K) From: 275959K(275968K)->353248K(353280K)
[2026-09-22T08:48:34.946+0000][33.621s][info][gc,heap        ] GC(14) ParOldGen: 547837K(2796544K)->803330K(2796544K)
[2026-09-22T08:48:34.946+0000][33.621s][info][gc,metaspace   ] GC(14) Metaspace: 153933K(155328K)->153933K(155328K) NonClass: 128937K(129728K)->128937K(129728K) Class: 24995K(25600K)->24995K(25600K)
[2026-09-22T08:48:34.946+0000][33.621s][info][gc             ] GC(14) Pause Young (Allocation Failure) 2778M->1129M(5500M) 166.101ms
[2026-09-22T08:48:34.946+0000][33.621s][info][gc,cpu         ] GC(14) User=0.53s Sys=0.13s Real=0.17s
[2026-09-22T08:48:39.299+0000][37.975s][info][gc,start       ] GC(15) Pause Young (Allocation Failure)
[2026-09-22T08:48:39.497+0000][38.172s][info][gc,heap        ] GC(15) PSYoungGen: 2835424K(2835456K)->337769K(2820096K) Eden: 2482176K(2482176K)->0K(2482176K) From: 353248K(353280K)->337769K(337920K)
[2026-09-22T08:48:39.497+0000][38.172s][info][gc,heap        ] GC(15) ParOldGen: 803330K(2796544K)->1175917K(2796544K)
[2026-09-22T08:48:39.497+0000][38.172s][info][gc,metaspace   ] GC(15) Metaspace: 154479K(155968K)->154479K(155968K) NonClass: 129427K(130304K)->129427K(130304K) Class: 25051K(25664K)->25051K(25664K)
[2026-09-22T08:48:39.497+0000][38.172s][info][gc             ] GC(15) Pause Young (Allocation Failure) 3553M->1478M(5485M) 197.916ms
[2026-09-22T08:48:39.497+0000][38.172s][info][gc,cpu         ] GC(15) User=0.61s Sys=0.14s Real=0.20s
[2026-09-22T08:48:44.018+0000][42.694s][info][gc,start       ] GC(16) Pause Young (Allocation Failure)
[2026-09-22T08:48:44.269+0000][42.945s][info][gc,heap        ] GC(16) PSYoungGen: 2819945K(2820096K)->390053K(2888704K) Eden: 2482176K(2482176K)->0K(2357248K) From: 337769K(337920K)->390053K(531456K)
[2026-09-22T08:48:44.269+0000][42.945s][info][gc,heap        ] GC(16) ParOldGen: 1175917K(2796544K)->1526517K(2796544K)
[2026-09-22T08:48:44.269+0000][42.945s][info][gc,metaspace   ] GC(16) Metaspace: 154744K(156224K)->154744K(156224K) NonClass: 129674K(130496K)->129674K(130496K) Class: 25070K(25728K)->25070K(25728K)
[2026-09-22T08:48:44.269+0000][42.945s][info][gc             ] GC(16) Pause Young (Allocation Failure) 3902M->1871M(5552M) 251.063ms
[2026-09-22T08:48:44.269+0000][42.945s][info][gc,cpu         ] GC(16) User=0.72s Sys=0.19s Real=0.25s
[2026-09-22T08:48:48.061+0000][46.736s][info][gc,start       ] GC(17) Pause Young (Allocation Failure)
[2026-09-22T08:48:48.301+0000][46.977s][info][gc,heap        ] GC(17) PSYoungGen: 2747301K(2888704K)->348352K(2705920K) Eden: 2357248K(2357248K)->0K(2357248K) From: 390053K(531456K)->348352K(348672K)
[2026-09-22T08:48:48.301+0000][46.977s][info][gc,heap        ] GC(17) ParOldGen: 1526517K(2796544K)->1933062K(2796544K)
[2026-09-22T08:48:48.301+0000][46.977s][info][gc,metaspace   ] GC(17) Metaspace: 155353K(156800K)->155353K(156800K) NonClass: 130261K(131072K)->130261K(131072K) Class: 25091K(25728K)->25091K(25728K)
[2026-09-22T08:48:48.301+0000][46.977s][info][gc             ] GC(17) Pause Young (Allocation Failure) 4173M->2227M(5373M) 240.561ms
[2026-09-22T08:48:48.301+0000][46.977s][info][gc,cpu         ] GC(17) User=0.76s Sys=0.14s Real=0.24s
[2026-09-22T08:48:50.700+0000][49.376s][info][gc,start       ] GC(18) Pause Young (CodeCache GC Threshold)
[2026-09-22T08:48:50.872+0000][49.548s][info][gc,heap        ] GC(18) PSYoungGen: 1093040K(2705920K)->141879K(2932736K) Eden: 744688K(2357248K)->0K(2351104K) From: 348352K(348672K)->141879K(581632K)
[2026-09-22T08:48:50.872+0000][49.548s][info][gc,heap        ] GC(18) ParOldGen: 1933062K(2796544K)->2294657K(2796544K)
[2026-09-22T08:48:50.872+0000][49.548s][info][gc,metaspace   ] GC(18) Metaspace: 161567K(163200K)->161567K(163200K) NonClass: 135417K(136384K)->135417K(136384K) Class: 26149K(26816K)->26149K(26816K)
[2026-09-22T08:48:50.872+0000][49.548s][info][gc             ] GC(18) Pause Young (CodeCache GC Threshold) 2955M->2379M(5595M) 171.630ms
[2026-09-22T08:48:50.872+0000][49.548s][info][gc,cpu         ] GC(18) User=0.48s Sys=0.15s Real=0.17s
[2026-09-22T08:48:50.872+0000][49.548s][info][gc,start       ] GC(19) Pause Full (CodeCache GC Threshold)
[2026-09-22T08:48:50.872+0000][49.548s][info][gc,phases,start] GC(19) Marking Phase
[2026-09-22T08:48:51.293+0000][49.969s][info][gc,phases      ] GC(19) Marking Phase 420.619ms
[2026-09-22T08:48:51.293+0000][49.969s][info][gc,phases,start] GC(19) Summary Phase
[2026-09-22T08:48:51.293+0000][49.969s][info][gc,phases      ] GC(19) Summary Phase 0.102ms
[2026-09-22T08:48:51.293+0000][49.969s][info][gc,phases,start] GC(19) Adjust Roots
[2026-09-22T08:48:51.312+0000][49.988s][info][gc,phases      ] GC(19) Adjust Roots 19.209ms
[2026-09-22T08:48:51.312+0000][49.988s][info][gc,phases,start] GC(19) Compaction Phase
[2026-09-22T08:48:51.724+0000][50.399s][info][gc,phases      ] GC(19) Compaction Phase 411.484ms
[2026-09-22T08:48:51.724+0000][50.400s][info][gc,phases,start] GC(19) Post Compact
[2026-09-22T08:48:51.760+0000][50.436s][info][gc,phases      ] GC(19) Post Compact 36.676ms
[2026-09-22T08:48:51.760+0000][50.436s][info][gc,heap        ] GC(19) PSYoungGen: 141879K(2932736K)->0K(2932736K) Eden: 0K(2351104K)->0K(2351104K) From: 141879K(581632K)->0K(581632K)
[2026-09-22T08:48:51.760+0000][50.436s][info][gc,heap        ] GC(19) ParOldGen: 2294657K(2796544K)->1410994K(2796544K)
[2026-09-22T08:48:51.760+0000][50.436s][info][gc,metaspace   ] GC(19) Metaspace: 161567K(163200K)->161510K(163200K) NonClass: 135417K(136384K)->135375K(136384K) Class: 26149K(26816K)->26135K(26816K)
[2026-09-22T08:48:51.760+0000][50.436s][info][gc             ] GC(19) Pause Full (CodeCache GC Threshold) 2379M->1377M(5595M) 888.270ms
[2026-09-22T08:48:51.760+0000][50.436s][info][gc,cpu         ] GC(19) User=3.04s Sys=0.10s Real=0.89s
[2026-09-22T08:48:57.605+0000][56.281s][info][gc,start       ] GC(20) Pause Young (Allocation Failure)
[2026-09-22T08:48:57.671+0000][56.347s][info][gc,heap        ] GC(20) PSYoungGen: 2351104K(2932736K)->179235K(2530816K) Eden: 2351104K(2351104K)->0K(2351104K) From: 0K(581632K)->179235K(179712K)
[2026-09-22T08:48:57.671+0000][56.347s][info][gc,heap        ] GC(20) ParOldGen: 1410994K(2796544K)->1411002K(2796544K)
[2026-09-22T08:48:57.671+0000][56.347s][info][gc,metaspace   ] GC(20) Metaspace: 164390K(166016K)->164390K(166016K) NonClass: 138080K(139008K)->138080K(139008K) Class: 26309K(27008K)->26309K(27008K)
[2026-09-22T08:48:57.671+0000][56.347s][info][gc             ] GC(20) Pause Young (Allocation Failure) 3673M->1552M(5202M) 65.879ms
[2026-09-22T08:48:57.671+0000][56.347s][info][gc,cpu         ] GC(20) User=0.26s Sys=0.00s Real=0.06s
[2026-09-22T08:49:00.308+0000][58.983s][info][gc,start       ] GC(21) Pause Young (Allocation Failure)
[2026-09-22T08:49:00.383+0000][59.059s][info][gc,heap        ] GC(21) PSYoungGen: 2530339K(2530816K)->37760K(2887680K) Eden: 2351104K(2351104K)->0K(2352128K) From: 179235K(179712K)->37760K(535552K)
[2026-09-22T08:49:00.383+0000][59.059s][info][gc,heap        ] GC(21) ParOldGen: 1411002K(2796544K)->1591858K(2796544K)
[2026-09-22T08:49:00.383+0000][59.059s][info][gc,metaspace   ] GC(21) Metaspace: 164404K(166016K)->164404K(166016K) NonClass: 138092K(139008K)->138092K(139008K) Class: 26312K(27008K)->26312K(27008K)
[2026-09-22T08:49:00.383+0000][59.059s][info][gc             ] GC(21) Pause Young (Allocation Failure) 3848M->1591M(5551M) 75.452ms
[2026-09-22T08:49:00.383+0000][59.059s][info][gc,cpu         ] GC(21) User=0.29s Sys=0.00s Real=0.07s
