[2026-09-22T14:35:04.089+0000][0.007s][info][gc,init] CardTable entry size: 512
[2026-09-22T14:35:04.089+0000][0.008s][info][gc     ] Using Parallel
[2026-09-22T14:35:04.099+0000][0.018s][info][gc,init] Version: 21.0.12.1+1-LTS (release)
[2026-09-22T14:35:04.099+0000][0.018s][info][gc,init] CPUs: 4 total, 4 available
[2026-09-22T14:35:04.099+0000][0.018s][info][gc,init] Memory: 15989M
[2026-09-22T14:35:04.099+0000][0.018s][info][gc,init] Large Page Support: Disabled
[2026-09-22T14:35:04.099+0000][0.018s][info][gc,init] NUMA Support: Disabled
[2026-09-22T14:35:04.099+0000][0.018s][info][gc,init] Compressed Oops: Enabled (Zero based)
[2026-09-22T14:35:04.099+0000][0.018s][info][gc,init] Alignments: Space 512K, Generation 512K, Heap 2M
[2026-09-22T14:35:04.099+0000][0.018s][info][gc,init] Heap Min Capacity: 4G
[2026-09-22T14:35:04.099+0000][0.018s][info][gc,init] Heap Initial Capacity: 4G
[2026-09-22T14:35:04.099+0000][0.018s][info][gc,init] Heap Max Capacity: 10G
[2026-09-22T14:35:04.099+0000][0.018s][info][gc,init] Pre-touch: Disabled
[2026-09-22T14:35:04.099+0000][0.018s][info][gc,init] Parallel Workers: 4
[2026-09-22T14:35:04.108+0000][0.027s][info][gc,metaspace] CDS archive(s) mapped at: [0x00007f21ff000000-0x00007f21ffc9c000-0x00007f21ffc9c000), size 13221888, SharedBaseAddress: 0x00007f21ff000000, ArchiveRelocationMode: 1.
[2026-09-22T14:35:04.108+0000][0.027s][info][gc,metaspace] Compressed class space mapped at: 0x00007f2200000000-0x00007f2240000000, reserved size: 1073741824
[2026-09-22T14:35:04.108+0000][0.027s][info][gc,metaspace] Narrow klass base: 0x00007f21ff000000, Narrow klass shift: 0, Narrow klass range: 0x100000000
[2026-09-22T14:35:06.328+0000][2.247s][info][gc,start    ] GC(0) Pause Young (Metadata GC Threshold)
[2026-09-22T14:35:06.334+0000][2.253s][info][gc,heap     ] GC(0) PSYoungGen: 919414K(1223168K)->12663K(1223168K) Eden: 919414K(1048576K)->0K(1048576K) From: 0K(174592K)->12663K(174592K)
[2026-09-22T14:35:06.335+0000][2.253s][info][gc,heap     ] GC(0) ParOldGen: 1073K(2796544K)->1145K(2796544K)
[2026-09-22T14:35:06.335+0000][2.253s][info][gc,metaspace] GC(0) Metaspace: 21078K(21504K)->21078K(21504K) NonClass: 18704K(18944K)->18704K(18944K) Class: 2374K(2560K)->2374K(2560K)
[2026-09-22T14:35:06.335+0000][2.253s][info][gc          ] GC(0) Pause Young (Metadata GC Threshold) 898M->13M(3925M) 6.255ms
[2026-09-22T14:35:06.335+0000][2.253s][info][gc,cpu      ] GC(0) User=0.02s Sys=0.00s Real=0.00s
[2026-09-22T14:35:06.335+0000][2.253s][info][gc,start    ] GC(1) Pause Full (Metadata GC Threshold)
[2026-09-22T14:35:06.335+0000][2.253s][info][gc,phases,start] GC(1) Marking Phase
[2026-09-22T14:35:06.342+0000][2.261s][info][gc,phases      ] GC(1) Marking Phase 7.478ms
[2026-09-22T14:35:06.342+0000][2.261s][info][gc,phases,start] GC(1) Summary Phase
[2026-09-22T14:35:06.342+0000][2.261s][info][gc,phases      ] GC(1) Summary Phase 0.008ms
[2026-09-22T14:35:06.342+0000][2.261s][info][gc,phases,start] GC(1) Adjust Roots
[2026-09-22T14:35:06.345+0000][2.263s][info][gc,phases      ] GC(1) Adjust Roots 2.700ms
[2026-09-22T14:35:06.345+0000][2.263s][info][gc,phases,start] GC(1) Compaction Phase
[2026-09-22T14:35:06.353+0000][2.271s][info][gc,phases      ] GC(1) Compaction Phase 7.807ms
[2026-09-22T14:35:06.353+0000][2.271s][info][gc,phases,start] GC(1) Post Compact
[2026-09-22T14:35:06.354+0000][2.272s][info][gc,phases      ] GC(1) Post Compact 1.209ms
[2026-09-22T14:35:06.354+0000][2.272s][info][gc,heap        ] GC(1) PSYoungGen: 12663K(1223168K)->0K(1223168K) Eden: 0K(1048576K)->0K(1048576K) From: 12663K(174592K)->0K(174592K)
[2026-09-22T14:35:06.354+0000][2.272s][info][gc,heap        ] GC(1) ParOldGen: 1145K(2796544K)->13576K(2796544K)
[2026-09-22T14:35:06.354+0000][2.272s][info][gc,metaspace   ] GC(1) Metaspace: 21078K(21504K)->21078K(21504K) NonClass: 18704K(18944K)->18704K(18944K) Class: 2374K(2560K)->2374K(2560K)
[2026-09-22T14:35:06.354+0000][2.272s][info][gc             ] GC(1) Pause Full (Metadata GC Threshold) 13M->13M(3925M) 19.312ms
[2026-09-22T14:35:06.354+0000][2.272s][info][gc,cpu         ] GC(1) User=0.04s Sys=0.00s Real=0.02s
[2026-09-22T14:35:07.520+0000][3.438s][info][gc,start       ] GC(2) Pause Young (Metadata GC Threshold)
[2026-09-22T14:35:07.542+0000][3.460s][info][gc,heap        ] GC(2) PSYoungGen: 463094K(1223168K)->51017K(1223168K) Eden: 463094K(1048576K)->0K(1048576K) From: 0K(174592K)->51017K(174592K)
[2026-09-22T14:35:07.542+0000][3.460s][info][gc,heap        ] GC(2) ParOldGen: 13576K(2796544K)->13584K(2796544K)
[2026-09-22T14:35:07.542+0000][3.460s][info][gc,metaspace   ] GC(2) Metaspace: 35384K(35840K)->35384K(35840K) NonClass: 31291K(31552K)->31291K(31552K) Class: 4093K(4288K)->4093K(4288K)
[2026-09-22T14:35:07.542+0000][3.460s][info][gc             ] GC(2) Pause Young (Metadata GC Threshold) 465M->63M(3925M) 22.404ms
[2026-09-22T14:35:07.542+0000][3.460s][info][gc,cpu         ] GC(2) User=0.09s Sys=0.00s Real=0.02s
[2026-09-22T14:35:07.542+0000][3.460s][info][gc,start       ] GC(3) Pause Full (Metadata GC Threshold)
[2026-09-22T14:35:07.542+0000][3.460s][info][gc,phases,start] GC(3) Marking Phase
[2026-09-22T14:35:07.566+0000][3.485s][info][gc,phases      ] GC(3) Marking Phase 24.234ms
[2026-09-22T14:35:07.566+0000][3.485s][info][gc,phases,start] GC(3) Summary Phase
[2026-09-22T14:35:07.566+0000][3.485s][info][gc,phases      ] GC(3) Summary Phase 0.018ms
[2026-09-22T14:35:07.566+0000][3.485s][info][gc,phases,start] GC(3) Adjust Roots
[2026-09-22T14:35:07.570+0000][3.488s][info][gc,phases      ] GC(3) Adjust Roots 3.361ms
[2026-09-22T14:35:07.570+0000][3.488s][info][gc,phases,start] GC(3) Compaction Phase
[2026-09-22T14:35:07.607+0000][3.526s][info][gc,phases      ] GC(3) Compaction Phase 37.403ms
[2026-09-22T14:35:07.607+0000][3.526s][info][gc,phases,start] GC(3) Post Compact
[2026-09-22T14:35:07.608+0000][3.527s][info][gc,phases      ] GC(3) Post Compact 1.011ms
[2026-09-22T14:35:07.608+0000][3.527s][info][gc,heap        ] GC(3) PSYoungGen: 51017K(1223168K)->0K(1223168K) Eden: 0K(1048576K)->0K(1048576K) From: 51017K(174592K)->0K(174592K)
[2026-09-22T14:35:07.608+0000][3.527s][info][gc,heap        ] GC(3) ParOldGen: 13584K(2796544K)->64228K(2796544K)
[2026-09-22T14:35:07.608+0000][3.527s][info][gc,metaspace   ] GC(3) Metaspace: 35384K(35840K)->35382K(35840K) NonClass: 31291K(31552K)->31289K(31552K) Class: 4093K(4288K)->4093K(4288K)
[2026-09-22T14:35:07.608+0000][3.527s][info][gc             ] GC(3) Pause Full (Metadata GC Threshold) 63M->62M(3925M) 66.170ms
[2026-09-22T14:35:07.608+0000][3.527s][info][gc,cpu         ] GC(3) User=0.21s Sys=0.01s Real=0.07s
[2026-09-22T14:35:09.505+0000][5.423s][info][gc,start       ] GC(4) Pause Young (Metadata GC Threshold)
[2026-09-22T14:35:09.533+0000][5.451s][info][gc,heap        ] GC(4) PSYoungGen: 380741K(1223168K)->42945K(1223168K) Eden: 380741K(1048576K)->0K(1048576K) From: 0K(174592K)->42945K(174592K)
[2026-09-22T14:35:09.533+0000][5.451s][info][gc,heap        ] GC(4) ParOldGen: 64228K(2796544K)->64244K(2796544K)
[2026-09-22T14:35:09.533+0000][5.451s][info][gc,metaspace   ] GC(4) Metaspace: 59090K(59776K)->59090K(59776K) NonClass: 50517K(50880K)->50517K(50880K) Class: 8572K(8896K)->8572K(8896K)
[2026-09-22T14:35:09.533+0000][5.451s][info][gc             ] GC(4) Pause Young (Metadata GC Threshold) 434M->104M(3925M) 28.171ms
[2026-09-22T14:35:09.533+0000][5.451s][info][gc,cpu         ] GC(4) User=0.11s Sys=0.01s Real=0.03s
[2026-09-22T14:35:09.533+0000][5.451s][info][gc,start       ] GC(5) Pause Full (Metadata GC Threshold)
[2026-09-22T14:35:09.533+0000][5.451s][info][gc,phases,start] GC(5) Marking Phase
[2026-09-22T14:35:09.584+0000][5.503s][info][gc,phases      ] GC(5) Marking Phase 51.394ms
[2026-09-22T14:35:09.584+0000][5.503s][info][gc,phases,start] GC(5) Summary Phase
[2026-09-22T14:35:09.584+0000][5.503s][info][gc,phases      ] GC(5) Summary Phase 0.007ms
[2026-09-22T14:35:09.584+0000][5.503s][info][gc,phases,start] GC(5) Adjust Roots
[2026-09-22T14:35:09.591+0000][5.509s][info][gc,phases      ] GC(5) Adjust Roots 6.150ms
[2026-09-22T14:35:09.591+0000][5.509s][info][gc,phases,start] GC(5) Compaction Phase
[2026-09-22T14:35:09.667+0000][5.586s][info][gc,phases      ] GC(5) Compaction Phase 76.787ms
[2026-09-22T14:35:09.667+0000][5.586s][info][gc,phases,start] GC(5) Post Compact
[2026-09-22T14:35:09.669+0000][5.587s][info][gc,phases      ] GC(5) Post Compact 1.121ms
[2026-09-22T14:35:09.669+0000][5.587s][info][gc,heap        ] GC(5) PSYoungGen: 42945K(1223168K)->0K(1223168K) Eden: 0K(1048576K)->0K(1048576K) From: 42945K(174592K)->0K(174592K)
[2026-09-22T14:35:09.669+0000][5.587s][info][gc,heap        ] GC(5) ParOldGen: 64244K(2796544K)->103045K(2796544K)
[2026-09-22T14:35:09.669+0000][5.587s][info][gc,metaspace   ] GC(5) Metaspace: 59090K(59776K)->59090K(59776K) NonClass: 50517K(50880K)->50517K(50880K) Class: 8572K(8896K)->8572K(8896K)
[2026-09-22T14:35:09.669+0000][5.587s][info][gc             ] GC(5) Pause Full (Metadata GC Threshold) 104M->100M(3925M) 135.603ms
[2026-09-22T14:35:09.669+0000][5.587s][info][gc,cpu         ] GC(5) User=0.50s Sys=0.00s Real=0.14s
[2026-09-22T14:35:12.646+0000][8.564s][info][gc,start       ] GC(6) Pause Young (Metadata GC Threshold)
[2026-09-22T14:35:12.748+0000][8.667s][info][gc,heap        ] GC(6) PSYoungGen: 814975K(1223168K)->174576K(1223168K) Eden: 814975K(1048576K)->0K(1048576K) From: 0K(174592K)->174576K(174592K)
[2026-09-22T14:35:12.748+0000][8.667s][info][gc,heap        ] GC(6) ParOldGen: 103045K(2796544K)->105469K(2796544K)
[2026-09-22T14:35:12.748+0000][8.667s][info][gc,metaspace   ] GC(6) Metaspace: 98770K(99648K)->98770K(99648K) NonClass: 84819K(85312K)->84819K(85312K) Class: 13950K(14336K)->13950K(14336K)
[2026-09-22T14:35:12.748+0000][8.667s][info][gc             ] GC(6) Pause Young (Metadata GC Threshold) 896M->273M(3925M) 102.518ms
[2026-09-22T14:35:12.748+0000][8.667s][info][gc,cpu         ] GC(6) User=0.37s Sys=0.04s Real=0.11s
[2026-09-22T14:35:12.749+0000][8.667s][info][gc,start       ] GC(7) Pause Full (Metadata GC Threshold)
[2026-09-22T14:35:12.749+0000][8.667s][info][gc,phases,start] GC(7) Marking Phase
[2026-09-22T14:35:12.858+0000][8.777s][info][gc,phases      ] GC(7) Marking Phase 109.975ms
[2026-09-22T14:35:12.859+0000][8.777s][info][gc,phases,start] GC(7) Summary Phase
[2026-09-22T14:35:12.859+0000][8.777s][info][gc,phases      ] GC(7) Summary Phase 0.029ms
[2026-09-22T14:35:12.859+0000][8.777s][info][gc,phases,start] GC(7) Adjust Roots
[2026-09-22T14:35:12.867+0000][8.786s][info][gc,phases      ] GC(7) Adjust Roots 8.792ms
[2026-09-22T14:35:12.867+0000][8.786s][info][gc,phases,start] GC(7) Compaction Phase
[2026-09-22T14:35:13.144+0000][9.063s][info][gc,phases      ] GC(7) Compaction Phase 276.657ms
[2026-09-22T14:35:13.144+0000][9.063s][info][gc,phases,start] GC(7) Post Compact
[2026-09-22T14:35:13.146+0000][9.064s][info][gc,phases      ] GC(7) Post Compact 1.650ms
[2026-09-22T14:35:13.146+0000][9.064s][info][gc,heap        ] GC(7) PSYoungGen: 174576K(1223168K)->0K(1223168K) Eden: 0K(1048576K)->0K(1048576K) From: 174576K(174592K)->0K(174592K)
[2026-09-22T14:35:13.146+0000][9.064s][info][gc,heap        ] GC(7) ParOldGen: 105469K(2796544K)->278451K(2796544K)
[2026-09-22T14:35:13.146+0000][9.064s][info][gc,metaspace   ] GC(7) Metaspace: 98770K(99648K)->98770K(99648K) NonClass: 84819K(85312K)->84819K(85312K) Class: 13950K(14336K)->13950K(14336K)
[2026-09-22T14:35:13.146+0000][9.064s][info][gc             ] GC(7) Pause Full (Metadata GC Threshold) 273M->271M(3925M) 397.248ms
[2026-09-22T14:35:13.146+0000][9.064s][info][gc,cpu         ] GC(7) User=1.50s Sys=0.01s Real=0.39s
[2026-09-22T14:35:16.328+0000][12.246s][info][gc,start       ] GC(8) Pause Young (Allocation Failure)
[2026-09-22T14:35:16.353+0000][12.272s][info][gc,heap        ] GC(8) PSYoungGen: 1048576K(1223168K)->43686K(1223168K) Eden: 1048576K(1048576K)->0K(1048576K) From: 0K(174592K)->43686K(174592K)
[2026-09-22T14:35:16.353+0000][12.272s][info][gc,heap        ] GC(8) ParOldGen: 278451K(2796544K)->278467K(2796544K)
[2026-09-22T14:35:16.353+0000][12.272s][info][gc,metaspace   ] GC(8) Metaspace: 119182K(120256K)->119182K(120256K) NonClass: 102028K(102656K)->102028K(102656K) Class: 17153K(17600K)->17153K(17600K)
[2026-09-22T14:35:16.354+0000][12.272s][info][gc             ] GC(8) Pause Young (Allocation Failure) 1295M->314M(3925M) 25.761ms
[2026-09-22T14:35:16.354+0000][12.272s][info][gc,cpu         ] GC(8) User=0.10s Sys=0.00s Real=0.02s
[2026-09-22T14:35:22.010+0000][17.928s][info][gc,start       ] GC(9) Pause Young (Allocation Failure)
[2026-09-22T14:35:22.070+0000][17.989s][info][gc,heap        ] GC(9) PSYoungGen: 1092262K(1223168K)->122794K(2237440K) Eden: 1048576K(1048576K)->0K(2079232K) From: 43686K(174592K)->122794K(158208K)
[2026-09-22T14:35:22.070+0000][17.989s][info][gc,heap        ] GC(9) ParOldGen: 278467K(2796544K)->278475K(2796544K)
[2026-09-22T14:35:22.070+0000][17.989s][info][gc,metaspace   ] GC(9) Metaspace: 149388K(150656K)->149388K(150656K) NonClass: 125030K(125760K)->125030K(125760K) Class: 24358K(24896K)->24358K(24896K)
[2026-09-22T14:35:22.070+0000][17.989s][info][gc             ] GC(9) Pause Young (Allocation Failure) 1338M->391M(4916M) 60.401ms
[2026-09-22T14:35:22.070+0000][17.989s][info][gc,cpu         ] GC(9) User=0.21s Sys=0.02s Real=0.06s
[2026-09-22T14:35:23.621+0000][19.540s][info][gc,start       ] GC(10) Pause Young (CodeCache GC Threshold)
[2026-09-22T14:35:23.679+0000][19.598s][info][gc,heap        ] GC(10) PSYoungGen: 596222K(2237440K)->151842K(2255360K) Eden: 473428K(2079232K)->0K(2079232K) From: 122794K(158208K)->151842K(176128K)
[2026-09-22T14:35:23.679+0000][19.598s][info][gc,heap        ] GC(10) ParOldGen: 278475K(2796544K)->278528K(2796544K)
[2026-09-22T14:35:23.679+0000][19.598s][info][gc,metaspace   ] GC(10) Metaspace: 150759K(152000K)->150759K(152000K) NonClass: 126265K(126976K)->126265K(126976K) Class: 24493K(25024K)->24493K(25024K)
[2026-09-22T14:35:23.679+0000][19.598s][info][gc             ] GC(10) Pause Young (CodeCache GC Threshold) 854M->420M(4933M) 58.201ms
[2026-09-22T14:35:23.679+0000][19.598s][info][gc,cpu         ] GC(10) User=0.17s Sys=0.05s Real=0.06s
[2026-09-22T14:35:23.679+0000][19.598s][info][gc,start       ] GC(11) Pause Full (CodeCache GC Threshold)
[2026-09-22T14:35:23.679+0000][19.598s][info][gc,phases,start] GC(11) Marking Phase
[2026-09-22T14:35:23.852+0000][19.771s][info][gc,phases      ] GC(11) Marking Phase 172.686ms
[2026-09-22T14:35:23.852+0000][19.771s][info][gc,phases,start] GC(11) Summary Phase
[2026-09-22T14:35:23.852+0000][19.771s][info][gc,phases      ] GC(11) Summary Phase 0.032ms
[2026-09-22T14:35:23.852+0000][19.771s][info][gc,phases,start] GC(11) Adjust Roots
[2026-09-22T14:35:23.873+0000][19.792s][info][gc,phases      ] GC(11) Adjust Roots 20.966ms
[2026-09-22T14:35:23.873+0000][19.792s][info][gc,phases,start] GC(11) Compaction Phase
[2026-09-22T14:35:24.228+0000][20.146s][info][gc,phases      ] GC(11) Compaction Phase 354.438ms
[2026-09-22T14:35:24.228+0000][20.146s][info][gc,phases,start] GC(11) Post Compact
[2026-09-22T14:35:24.234+0000][20.152s][info][gc,phases      ] GC(11) Post Compact 5.924ms
[2026-09-22T14:35:24.234+0000][20.152s][info][gc,heap        ] GC(11) PSYoungGen: 151842K(2255360K)->0K(2255360K) Eden: 0K(2079232K)->0K(2079232K) From: 151842K(176128K)->0K(176128K)
[2026-09-22T14:35:24.234+0000][20.152s][info][gc,heap        ] GC(11) ParOldGen: 278528K(2796544K)->390736K(2796544K)
[2026-09-22T14:35:24.234+0000][20.152s][info][gc,metaspace   ] GC(11) Metaspace: 150759K(152000K)->150695K(152000K) NonClass: 126265K(126976K)->126217K(126976K) Class: 24493K(25024K)->24478K(25024K)
[2026-09-22T14:35:24.234+0000][20.152s][info][gc             ] GC(11) Pause Full (CodeCache GC Threshold) 420M->381M(4933M) 554.230ms
[2026-09-22T14:35:24.234+0000][20.152s][info][gc,cpu         ] GC(11) User=1.99s Sys=0.01s Real=0.55s
[2026-09-22T14:35:28.466+0000][24.384s][info][gc,start       ] GC(12) Pause Young (Allocation Failure)
[2026-09-22T14:35:28.558+0000][24.476s][info][gc,heap        ] GC(12) PSYoungGen: 2079232K(2255360K)->200167K(2225152K) Eden: 2079232K(2079232K)->0K(2024960K) From: 0K(176128K)->200167K(200192K)
[2026-09-22T14:35:28.558+0000][24.476s][info][gc,heap        ] GC(12) ParOldGen: 390736K(2796544K)->471912K(2796544K)
[2026-09-22T14:35:28.558+0000][24.476s][info][gc,metaspace   ] GC(12) Metaspace: 152785K(154112K)->152785K(154112K) NonClass: 127980K(128768K)->127980K(128768K) Class: 24804K(25344K)->24804K(25344K)
[2026-09-22T14:35:28.558+0000][24.476s][info][gc             ] GC(12) Pause Young (Allocation Failure) 2412M->656M(4904M) 92.214ms
[2026-09-22T14:35:28.558+0000][24.476s][info][gc,cpu         ] GC(12) User=0.30s Sys=0.07s Real=0.10s
[2026-09-22T14:35:33.001+0000][28.920s][info][gc,start       ] GC(13) Pause Young (Allocation Failure)
[2026-09-22T14:35:33.080+0000][28.999s][info][gc,heap        ] GC(13) PSYoungGen: 2225127K(2225152K)->272356K(2297344K) Eden: 2024960K(2024960K)->0K(2024960K) From: 200167K(200192K)->272356K(272384K)
[2026-09-22T14:35:33.080+0000][28.999s][info][gc,heap        ] GC(13) ParOldGen: 471912K(2796544K)->546911K(2796544K)
[2026-09-22T14:35:33.080+0000][28.999s][info][gc,metaspace   ] GC(13) Metaspace: 153464K(154944K)->153464K(154944K) NonClass: 128552K(129408K)->128552K(129408K) Class: 24912K(25536K)->24912K(25536K)
[2026-09-22T14:35:33.080+0000][28.999s][info][gc             ] GC(13) Pause Young (Allocation Failure) 2633M->800M(4974M) 78.929ms
[2026-09-22T14:35:33.080+0000][28.999s][info][gc,cpu         ] GC(13) User=0.28s Sys=0.03s Real=0.08s
[2026-09-22T14:35:36.694+0000][32.612s][info][gc,start       ] GC(14) Pause Young (Allocation Failure)
[2026-09-22T14:35:36.870+0000][32.788s][info][gc,heap        ] GC(14) PSYoungGen: 2297316K(2297344K)->350692K(2830848K) Eden: 2024960K(2024960K)->0K(2480128K) From: 272356K(272384K)->350692K(350720K)
[2026-09-22T14:35:36.870+0000][32.788s][info][gc,heap        ] GC(14) ParOldGen: 546911K(2796544K)->813473K(2796544K)
[2026-09-22T14:35:36.870+0000][32.789s][info][gc,metaspace   ] GC(14) Metaspace: 154124K(155584K)->154124K(155584K) NonClass: 129135K(129984K)->129135K(129984K) Class: 24988K(25600K)->24988K(25600K)
[2026-09-22T14:35:36.870+0000][32.789s][info][gc             ] GC(14) Pause Young (Allocation Failure) 2777M->1136M(5495M) 176.327ms
[2026-09-22T14:35:36.870+0000][32.789s][info][gc,cpu         ] GC(14) User=0.56s Sys=0.14s Real=0.18s
[2026-09-22T14:35:41.341+0000][37.259s][info][gc,start       ] GC(15) Pause Young (Allocation Failure)
[2026-09-22T14:35:41.532+0000][37.450s][info][gc,heap        ] GC(15) PSYoungGen: 2830820K(2830848K)->331281K(2811904K) Eden: 2480128K(2480128K)->0K(2480128K) From: 350692K(350720K)->331281K(331776K)
[2026-09-22T14:35:41.532+0000][37.450s][info][gc,heap        ] GC(15) ParOldGen: 813473K(2796544K)->1182366K(2796544K)
[2026-09-22T14:35:41.532+0000][37.450s][info][gc,metaspace   ] GC(15) Metaspace: 154668K(156096K)->154668K(156096K) NonClass: 129627K(130432K)->129627K(130432K) Class: 25040K(25664K)->25040K(25664K)
[2026-09-22T14:35:41.532+0000][37.450s][info][gc             ] GC(15) Pause Young (Allocation Failure) 3558M->1478M(5477M) 190.680ms
[2026-09-22T14:35:41.532+0000][37.450s][info][gc,cpu         ] GC(15) User=0.61s Sys=0.15s Real=0.19s
[2026-09-22T14:35:46.268+0000][42.187s][info][gc,start       ] GC(16) Pause Young (Allocation Failure)
[2026-09-22T14:35:46.481+0000][42.400s][info][gc,heap        ] GC(16) PSYoungGen: 2811409K(2811904K)->370221K(2904576K) Eden: 2480128K(2480128K)->0K(2374656K) From: 331281K(331776K)->370221K(529920K)
[2026-09-22T14:35:46.481+0000][42.400s][info][gc,heap        ] GC(16) ParOldGen: 1182366K(2796544K)->1526763K(2796544K)
[2026-09-22T14:35:46.481+0000][42.400s][info][gc,metaspace   ] GC(16) Metaspace: 155816K(157312K)->155816K(157312K) NonClass: 130718K(131584K)->130718K(131584K) Class: 25097K(25728K)->25097K(25728K)
[2026-09-22T14:35:46.481+0000][42.400s][info][gc             ] GC(16) Pause Young (Allocation Failure) 3900M->1852M(5567M) 213.131ms
[2026-09-22T14:35:46.481+0000][42.400s][info][gc,cpu         ] GC(16) User=0.75s Sys=0.09s Real=0.21s
[2026-09-22T14:35:51.774+0000][47.692s][info][gc,start       ] GC(17) Pause Young (Allocation Failure)
[2026-09-22T14:35:51.990+0000][47.909s][info][gc,heap        ] GC(17) PSYoungGen: 2744877K(2904576K)->384592K(2759680K) Eden: 2374656K(2374656K)->0K(2374656K) From: 370221K(529920K)->384592K(385024K)
[2026-09-22T14:35:51.990+0000][47.909s][info][gc,heap        ] GC(17) ParOldGen: 1526763K(2796544K)->1912335K(2796544K)
[2026-09-22T14:35:51.990+0000][47.909s][info][gc,metaspace   ] GC(17) Metaspace: 156760K(158272K)->156760K(158272K) NonClass: 131609K(132480K)->131609K(132480K) Class: 25150K(25792K)->25150K(25792K)
[2026-09-22T14:35:51.990+0000][47.909s][info][gc             ] GC(17) Pause Young (Allocation Failure) 4171M->2243M(5426M) 216.243ms
[2026-09-22T14:35:51.990+0000][47.909s][info][gc,cpu         ] GC(17) User=0.76s Sys=0.10s Real=0.22s
[2026-09-22T14:35:53.390+0000][49.308s][info][gc,start       ] GC(18) Pause Young (CodeCache GC Threshold)
[2026-09-22T14:35:53.543+0000][49.462s][info][gc,heap        ] GC(18) PSYoungGen: 1008450K(2759680K)->73095K(2914816K) Eden: 623858K(2374656K)->0K(2326528K) From: 384592K(385024K)->73095K(588288K)
[2026-09-22T14:35:53.543+0000][49.462s][info][gc,heap        ] GC(18) ParOldGen: 1912335K(2796544K)->2311374K(2796544K)
[2026-09-22T14:35:53.543+0000][49.462s][info][gc,metaspace   ] GC(18) Metaspace: 160382K(161856K)->160382K(161856K) NonClass: 134506K(135360K)->134506K(135360K) Class: 25876K(26496K)->25876K(26496K)
[2026-09-22T14:35:53.543+0000][49.462s][info][gc             ] GC(18) Pause Young (CodeCache GC Threshold) 2852M->2328M(5577M) 153.629ms
[2026-09-22T14:35:53.544+0000][49.462s][info][gc,cpu         ] GC(18) User=0.46s Sys=0.13s Real=0.15s
[2026-09-22T14:35:53.544+0000][49.462s][info][gc,start       ] GC(19) Pause Full (CodeCache GC Threshold)
[2026-09-22T14:35:53.544+0000][49.462s][info][gc,phases,start] GC(19) Marking Phase
[2026-09-22T14:35:53.936+0000][49.855s][info][gc,phases      ] GC(19) Marking Phase 392.476ms
[2026-09-22T14:35:53.936+0000][49.855s][info][gc,phases,start] GC(19) Summary Phase
[2026-09-22T14:35:53.936+0000][49.855s][info][gc,phases      ] GC(19) Summary Phase 0.092ms
[2026-09-22T14:35:53.936+0000][49.855s][info][gc,phases,start] GC(19) Adjust Roots
[2026-09-22T14:35:53.955+0000][49.873s][info][gc,phases      ] GC(19) Adjust Roots 18.774ms
[2026-09-22T14:35:53.955+0000][49.873s][info][gc,phases,start] GC(19) Compaction Phase
[2026-09-22T14:35:54.357+0000][50.275s][info][gc,phases      ] GC(19) Compaction Phase 401.606ms
[2026-09-22T14:35:54.357+0000][50.275s][info][gc,phases,start] GC(19) Post Compact
[2026-09-22T14:35:54.387+0000][50.305s][info][gc,phases      ] GC(19) Post Compact 30.104ms
[2026-09-22T14:35:54.387+0000][50.305s][info][gc,heap        ] GC(19) PSYoungGen: 73095K(2914816K)->0K(2914816K) Eden: 0K(2326528K)->0K(2326528K) From: 73095K(588288K)->0K(588288K)
[2026-09-22T14:35:54.387+0000][50.305s][info][gc,heap        ] GC(19) ParOldGen: 2311374K(2796544K)->1346138K(2796544K)
[2026-09-22T14:35:54.387+0000][50.305s][info][gc,metaspace   ] GC(19) Metaspace: 160382K(161856K)->160382K(161856K) NonClass: 134506K(135360K)->134506K(135360K) Class: 25876K(26496K)->25876K(26496K)
[2026-09-22T14:35:54.387+0000][50.305s][info][gc             ] GC(19) Pause Full (CodeCache GC Threshold) 2328M->1314M(5577M) 843.231ms
[2026-09-22T14:35:54.387+0000][50.305s][info][gc,cpu         ] GC(19) User=3.02s Sys=0.07s Real=0.84s
[2026-09-22T14:36:04.736+0000][60.655s][info][gc,start       ] GC(20) Pause Young (CodeCache GC Threshold)
[2026-09-22T14:36:04.853+0000][60.771s][info][gc,heap        ] GC(20) PSYoungGen: 1845426K(2914816K)->327634K(2906624K) Eden: 1845426K(2326528K)->0K(2326528K) From: 0K(588288K)->327634K(580096K)
[2026-09-22T14:36:04.853+0000][60.771s][info][gc,heap        ] GC(20) ParOldGen: 1346138K(2796544K)->1346146K(2796544K)
[2026-09-22T14:36:04.853+0000][60.771s][info][gc,metaspace   ] GC(20) Metaspace: 165535K(167232K)->165535K(167232K) NonClass: 139163K(140160K)->139163K(140160K) Class: 26371K(27072K)->26371K(27072K)
[2026-09-22T14:36:04.853+0000][60.771s][info][gc             ] GC(20) Pause Young (CodeCache GC Threshold) 3116M->1634M(5569M) 116.589ms
[2026-09-22T14:36:04.853+0000][60.771s][info][gc,cpu         ] GC(20) User=0.45s Sys=0.01s Real=0.12s
[2026-09-22T14:36:04.853+0000][60.771s][info][gc,start       ] GC(21) Pause Full (CodeCache GC Threshold)
[2026-09-22T14:36:04.853+0000][60.771s][info][gc,phases,start] GC(21) Marking Phase
[2026-09-22T14:36:05.353+0000][61.272s][info][gc,phases      ] GC(21) Marking Phase 500.289ms
[2026-09-22T14:36:05.353+0000][61.272s][info][gc,phases,start] GC(21) Summary Phase
[2026-09-22T14:36:05.353+0000][61.272s][info][gc,phases      ] GC(21) Summary Phase 0.039ms
[2026-09-22T14:36:05.353+0000][61.272s][info][gc,phases,start] GC(21) Adjust Roots
[2026-09-22T14:36:05.377+0000][61.295s][info][gc,phases      ] GC(21) Adjust Roots 23.630ms
[2026-09-22T14:36:05.377+0000][61.295s][info][gc,phases,start] GC(21) Compaction Phase
[2026-09-22T14:36:05.947+0000][61.866s][info][gc,phases      ] GC(21) Compaction Phase 570.400ms
[2026-09-22T14:36:05.947+0000][61.866s][info][gc,phases,start] GC(21) Post Compact
[2026-09-22T14:36:05.958+0000][61.876s][info][gc,phases      ] GC(21) Post Compact 10.264ms
[2026-09-22T14:36:05.958+0000][61.876s][info][gc,heap        ] GC(21) PSYoungGen: 327634K(2906624K)->0K(2906624K) Eden: 0K(2326528K)->0K(2326528K) From: 327634K(580096K)->0K(580096K)
[2026-09-22T14:36:05.958+0000][61.876s][info][gc,heap        ] GC(21) ParOldGen: 1346146K(2796544K)->1655320K(2796544K)
[2026-09-22T14:36:05.958+0000][61.876s][info][gc,metaspace   ] GC(21) Metaspace: 165535K(167232K)->165424K(167232K) NonClass: 139163K(140160K)->139081K(140160K) Class: 26371K(27072K)->26342K(27072K)
[2026-09-22T14:36:05.958+0000][61.876s][info][gc             ] GC(21) Pause Full (CodeCache GC Threshold) 1634M->1616M(5569M) 1104.813ms
[2026-09-22T14:36:05.958+0000][61.876s][info][gc,cpu         ] GC(21) User=4.05s Sys=0.03s Real=1.11s
[2026-09-22T14:36:12.105+0000][68.023s][info][gc,start       ] GC(22) Pause Young (Allocation Failure)
[2026-09-22T14:36:12.199+0000][68.117s][info][gc,heap        ] GC(22) PSYoungGen: 2326528K(2906624K)->229392K(2849792K) Eden: 2326528K(2326528K)->0K(2330112K) From: 0K(580096K)->229392K(519680K)
[2026-09-22T14:36:12.199+0000][68.117s][info][gc,heap        ] GC(22) ParOldGen: 1655320K(2796544K)->1655320K(2796544K)
[2026-09-22T14:36:12.199+0000][68.117s][info][gc,metaspace   ] GC(22) Metaspace: 165713K(167488K)->165713K(167488K) NonClass: 139352K(140416K)->139352K(140416K) Class: 26361K(27072K)->26361K(27072K)
[2026-09-22T14:36:12.199+0000][68.117s][info][gc             ] GC(22) Pause Young (Allocation Failure) 3888M->1840M(5514M) 94.247ms
[2026-09-22T14:36:12.199+0000][68.117s][info][gc,cpu         ] GC(22) User=0.37s Sys=0.01s Real=0.10s
[2026-09-22T14:36:16.080+0000][71.998s][info][gc,start       ] GC(23) Pause Young (Allocation Failure)
[2026-09-22T14:36:16.219+0000][72.137s][info][gc,heap        ] GC(23) PSYoungGen: 2559504K(2849792K)->165584K(2880000K) Eden: 2330112K(2330112K)->0K(2330112K) From: 229392K(519680K)->165584K(549888K)
[2026-09-22T14:36:16.219+0000][72.137s][info][gc,heap        ] GC(23) ParOldGen: 1655320K(2796544K)->1869763K(2796544K)
[2026-09-22T14:36:16.219+0000][72.138s][info][gc,metaspace   ] GC(23) Metaspace: 165736K(167488K)->165736K(167488K) NonClass: 139367K(140416K)->139367K(140416K) Class: 26369K(27072K)->26369K(27072K)
[2026-09-22T14:36:16.219+0000][72.138s][info][gc             ] GC(23) Pause Young (Allocation Failure) 4116M->1987M(5543M) 139.192ms
[2026-09-22T14:36:16.219+0000][72.138s][info][gc,cpu         ] GC(23) User=0.54s Sys=0.00s Real=0.14s
[2026-09-22T14:36:19.536+0000][75.455s][info][gc,start       ] GC(24) Pause Young (Allocation Failure)
[2026-09-22T14:36:19.662+0000][75.580s][info][gc,heap        ] GC(24) PSYoungGen: 2495696K(2880000K)->147728K(2899456K) Eden: 2330112K(2330112K)->0K(2416640K) From: 165584K(549888K)->147728K(482816K)
[2026-09-22T14:36:19.662+0000][75.580s][info][gc,heap        ] GC(24) ParOldGen: 1869763K(2796544K)->2017337K(2796544K)
[2026-09-22T14:36:19.662+0000][75.580s][info][gc,metaspace   ] GC(24) Metaspace: 165801K(167616K)->165801K(167616K) NonClass: 139400K(140480K)->139400K(140480K) Class: 26401K(27136K)->26401K(27136K)
[2026-09-22T14:36:19.662+0000][75.580s][info][gc             ] GC(24) Pause Young (Allocation Failure) 4263M->2114M(5562M) 125.412ms
[2026-09-22T14:36:19.662+0000][75.580s][info][gc,cpu         ] GC(24) User=0.49s Sys=0.01s Real=0.13s
[2026-09-22T14:36:22.724+0000][78.642s][info][gc,start       ] GC(25) Pause Young (GCLocker Initiated GC)
[2026-09-22T14:36:22.854+0000][78.772s][info][gc,heap        ] GC(25) PSYoungGen: 2564368K(2899456K)->143200K(2560000K) Eden: 2416640K(2416640K)->0K(2416640K) From: 147728K(482816K)->143200K(143360K)
[2026-09-22T14:36:22.854+0000][78.772s][info][gc,heap        ] GC(25) ParOldGen: 2017338K(2796544K)->2143520K(2796544K)
[2026-09-22T14:36:22.854+0000][78.772s][info][gc,metaspace   ] GC(25) Metaspace: 165833K(167616K)->165833K(167616K) NonClass: 139418K(140480K)->139418K(140480K) Class: 26415K(27136K)->26415K(27136K)
[2026-09-22T14:36:22.854+0000][78.772s][info][gc             ] GC(25) Pause Young (GCLocker Initiated GC) 4474M->2233M(5231M) 130.060ms
[2026-09-22T14:36:22.854+0000][78.772s][info][gc,cpu         ] GC(25) User=0.50s Sys=0.00s Real=0.13s
[2026-09-22T14:36:25.854+0000][81.773s][info][gc,start       ] GC(26) Pause Young (Allocation Failure)
[2026-09-22T14:36:25.996+0000][81.914s][info][gc,heap        ] GC(26) PSYoungGen: 2559840K(2560000K)->136592K(2925568K) Eden: 2416640K(2416640K)->0K(2433024K) From: 143200K(143360K)->136592K(492544K)
[2026-09-22T14:36:25.996+0000][81.914s][info][gc,heap        ] GC(26) ParOldGen: 2143522K(2796544K)->2263004K(2796544K)
[2026-09-22T14:36:25.996+0000][81.914s][info][gc,metaspace   ] GC(26) Metaspace: 165874K(167616K)->165874K(167616K) NonClass: 139453K(140480K)->139453K(140480K) Class: 26420K(27136K)->26420K(27136K)
[2026-09-22T14:36:25.996+0000][81.914s][info][gc             ] GC(26) Pause Young (Allocation Failure) 4593M->2343M(5588M) 141.535ms
[2026-09-22T14:36:25.996+0000][81.914s][info][gc,cpu         ] GC(26) User=0.52s Sys=0.03s Real=0.14s
[2026-09-22T14:36:28.892+0000][84.810s][info][gc,start       ] GC(27) Pause Young (Allocation Failure)
[2026-09-22T14:36:29.024+0000][84.943s][info][gc,heap        ] GC(27) PSYoungGen: 2569616K(2925568K)->125216K(2909184K) Eden: 2433024K(2433024K)->0K(2433024K) From: 136592K(492544K)->125216K(476160K)
[2026-09-22T14:36:29.024+0000][84.943s][info][gc,heap        ] GC(27) ParOldGen: 2263004K(2796544K)->2373430K(2796544K)
[2026-09-22T14:36:29.024+0000][84.943s][info][gc,metaspace   ] GC(27) Metaspace: 165983K(167680K)->165983K(167680K) NonClass: 139562K(140544K)->139562K(140544K) Class: 26420K(27136K)->26420K(27136K)
[2026-09-22T14:36:29.024+0000][84.943s][info][gc             ] GC(27) Pause Young (Allocation Failure) 4719M->2440M(5572M) 132.388ms
[2026-09-22T14:36:29.024+0000][84.943s][info][gc,cpu         ] GC(27) User=0.52s Sys=0.01s Real=0.13s
[2026-09-22T14:36:32.084+0000][88.003s][info][gc,start       ] GC(28) Pause Young (Allocation Failure)
[2026-09-22T14:36:32.243+0000][88.162s][info][gc,heap        ] GC(28) PSYoungGen: 2558240K(2909184K)->128048K(3002880K) Eden: 2433024K(2433024K)->0K(2542080K) From: 125216K(476160K)->128048K(460800K)
[2026-09-22T14:36:32.243+0000][88.162s][info][gc,heap        ] GC(28) ParOldGen: 2373430K(2796544K)->2469715K(2796544K)
[2026-09-22T14:36:32.243+0000][88.162s][info][gc,metaspace   ] GC(28) Metaspace: 166227K(167936K)->166227K(167936K) NonClass: 139748K(140736K)->139748K(140736K) Class: 26479K(27200K)->26479K(27200K)
[2026-09-22T14:36:32.243+0000][88.162s][info][gc             ] GC(28) Pause Young (Allocation Failure) 4816M->2536M(5663M) 159.000ms
[2026-09-22T14:36:32.243+0000][88.162s][info][gc,cpu         ] GC(28) User=0.53s Sys=0.07s Real=0.16s
[2026-09-22T14:36:32.597+0000][88.516s][info][gc,start       ] GC(29) Pause Young (GCLocker Initiated GC)
[2026-09-22T14:36:32.705+0000][88.623s][info][gc,heap        ] GC(29) PSYoungGen: 402001K(3002880K)->26976K(2987520K) Eden: 273953K(2542080K)->0K(2542080K) From: 128048K(460800K)->26976K(445440K)
[2026-09-22T14:36:32.705+0000][88.623s][info][gc,heap        ] GC(29) ParOldGen: 2469715K(2796544K)->2585629K(2796544K)
[2026-09-22T14:36:32.705+0000][88.623s][info][gc,metaspace   ] GC(29) Metaspace: 166242K(167936K)->166242K(167936K) NonClass: 139763K(140736K)->139763K(140736K) Class: 26479K(27200K)->26479K(27200K)
[2026-09-22T14:36:32.705+0000][88.623s][info][gc             ] GC(29) Pause Young (GCLocker Initiated GC) 2804M->2551M(5648M) 107.606ms
[2026-09-22T14:36:32.705+0000][88.623s][info][gc,cpu         ] GC(29) User=0.34s Sys=0.07s Real=0.11s
[2026-09-22T14:36:35.476+0000][91.395s][info][gc,start       ] GC(30) Pause Young (Allocation Failure)
[2026-09-22T14:36:35.584+0000][91.503s][info][gc,heap        ] GC(30) PSYoungGen: 2569056K(2987520K)->116848K(3022336K) Eden: 2542080K(2542080K)->0K(2575872K) From: 26976K(445440K)->116848K(446464K)
[2026-09-22T14:36:35.584+0000][91.503s][info][gc,heap        ] GC(30) ParOldGen: 2585629K(2796544K)->2600590K(2796544K)
[2026-09-22T14:36:35.584+0000][91.503s][info][gc,metaspace   ] GC(30) Metaspace: 166277K(167936K)->166277K(167936K) NonClass: 139797K(140736K)->139797K(140736K) Class: 26480K(27200K)->26480K(27200K)
[2026-09-22T14:36:35.584+0000][91.503s][info][gc             ] GC(30) Pause Young (Allocation Failure) 5033M->2653M(5682M) 108.038ms
[2026-09-22T14:36:35.584+0000][91.503s][info][gc,cpu         ] GC(30) User=0.41s Sys=0.01s Real=0.11s
[2026-09-22T14:36:38.605+0000][94.524s][info][gc,start       ] GC(31) Pause Young (Allocation Failure)
[2026-09-22T14:36:38.756+0000][94.675s][info][gc,heap        ] GC(31) PSYoungGen: 2692720K(3022336K)->119392K(3003904K) Eden: 2575872K(2575872K)->0K(2575872K) From: 116848K(446464K)->119392K(428032K)
[2026-09-22T14:36:38.756+0000][94.675s][info][gc,heap        ] GC(31) ParOldGen: 2600590K(2796544K)->2683603K(2796544K)
[2026-09-22T14:36:38.756+0000][94.675s][info][gc,metaspace   ] GC(31) Metaspace: 166361K(168064K)->166361K(168064K) NonClass: 139880K(140864K)->139880K(140864K) Class: 26480K(27200K)->26480K(27200K)
[2026-09-22T14:36:38.756+0000][94.675s][info][gc             ] GC(31) Pause Young (Allocation Failure) 5169M->2737M(5664M) 150.837ms
[2026-09-22T14:36:38.756+0000][94.675s][info][gc,cpu         ] GC(31) User=0.55s Sys=0.02s Real=0.15s
[2026-09-22T14:36:41.548+0000][97.467s][info][gc,start       ] GC(32) Pause Young (Allocation Failure)
[2026-09-22T14:36:41.699+0000][97.617s][info][gc,heap        ] GC(32) PSYoungGen: 2695264K(3003904K)->117504K(3046912K) Eden: 2575872K(2575872K)->0K(2637824K) From: 119392K(428032K)->117504K(409088K)
[2026-09-22T14:36:41.699+0000][97.617s][info][gc,heap        ] GC(32) ParOldGen: 2683603K(2796544K)->2768292K(2796544K)
[2026-09-22T14:36:41.699+0000][97.617s][info][gc,metaspace   ] GC(32) Metaspace: 166405K(168064K)->166405K(168064K) NonClass: 139924K(140864K)->139924K(140864K) Class: 26480K(27200K)->26480K(27200K)
[2026-09-22T14:36:41.699+0000][97.617s][info][gc             ] GC(32) Pause Young (Allocation Failure) 5252M->2818M(5706M) 150.530ms
[2026-09-22T14:36:41.699+0000][97.617s][info][gc,cpu         ] GC(32) User=0.56s Sys=0.02s Real=0.15s
[2026-09-22T14:36:44.599+0000][100.517s][info][gc,start       ] GC(33) Pause Young (Allocation Failure)
[2026-09-22T14:36:44.761+0000][100.679s][info][gc,heap        ] GC(33) PSYoungGen: 2755328K(3046912K)->118240K(3029504K) Eden: 2637824K(2637824K)->0K(2637824K) From: 117504K(409088K)->118240K(391680K)
[2026-09-22T14:36:44.761+0000][100.679s][info][gc,heap        ] GC(33) ParOldGen: 2768292K(2796544K)->2848766K(2848768K)
[2026-09-22T14:36:44.761+0000][100.679s][info][gc,metaspace   ] GC(33) Metaspace: 166450K(168128K)->166450K(168128K) NonClass: 139967K(140928K)->139967K(140928K) Class: 26482K(27200K)->26482K(27200K)
[2026-09-22T14:36:44.761+0000][100.679s][info][gc             ] GC(33) Pause Young (Allocation Failure) 5394M->2897M(5740M) 161.880ms
[2026-09-22T14:36:44.761+0000][100.679s][info][gc,cpu         ] GC(33) User=0.57s Sys=0.05s Real=0.16s
[2026-09-22T14:36:47.675+0000][103.594s][info][gc,start       ] GC(34) Pause Young (Allocation Failure)
[2026-09-22T14:36:47.825+0000][103.743s][info][gc,heap        ] GC(34) PSYoungGen: 2756064K(3029504K)->101056K(3082752K) Eden: 2637824K(2637824K)->0K(2707968K) From: 118240K(391680K)->101056K(374784K)
[2026-09-22T14:36:47.825+0000][103.743s][info][gc,heap        ] GC(34) ParOldGen: 2848766K(2848768K)->2927824K(2928128K)
[2026-09-22T14:36:47.825+0000][103.743s][info][gc,metaspace   ] GC(34) Metaspace: 166525K(168192K)->166525K(168192K) NonClass: 140027K(140992K)->140027K(140992K) Class: 26497K(27200K)->26497K(27200K)
[2026-09-22T14:36:47.825+0000][103.743s][info][gc             ] GC(34) Pause Young (Allocation Failure) 5473M->2957M(5870M) 149.343ms
[2026-09-22T14:36:47.825+0000][103.743s][info][gc,cpu         ] GC(34) User=0.53s Sys=0.06s Real=0.15s
[2026-09-22T14:36:50.953+0000][106.871s][info][gc,start       ] GC(35) Pause Young (Allocation Failure)
[2026-09-22T14:36:51.080+0000][106.998s][info][gc,heap        ] GC(35) PSYoungGen: 2809024K(3082752K)->44928K(3068928K) Eden: 2707968K(2707968K)->0K(2707968K) From: 101056K(374784K)->44928K(360960K)
[2026-09-22T14:36:51.080+0000][106.998s][info][gc,heap        ] GC(35) ParOldGen: 2927824K(2928128K)->2988196K(2988544K)
[2026-09-22T14:36:51.080+0000][106.998s][info][gc,metaspace   ] GC(35) Metaspace: 166573K(168192K)->166573K(168192K) NonClass: 140072K(140992K)->140072K(140992K) Class: 26501K(27200K)->26501K(27200K)
[2026-09-22T14:36:51.080+0000][106.998s][info][gc             ] GC(35) Pause Young (Allocation Failure) 5602M->2962M(5915M) 126.743ms
[2026-09-22T14:36:51.080+0000][106.998s][info][gc,cpu         ] GC(35) User=0.47s Sys=0.03s Real=0.13s
[2026-09-22T14:36:54.207+0000][110.126s][info][gc,start       ] GC(36) Pause Young (Allocation Failure)
[2026-09-22T14:36:54.320+0000][110.238s][info][gc,heap        ] GC(36) PSYoungGen: 2752896K(3068928K)->44272K(3122176K) Eden: 2707968K(2707968K)->0K(2765312K) From: 44928K(360960K)->44272K(356864K)
[2026-09-22T14:36:54.320+0000][110.238s][info][gc,heap        ] GC(36) ParOldGen: 2988196K(2988544K)->2994401K(2994688K)
[2026-09-22T14:36:54.320+0000][110.238s][info][gc,metaspace   ] GC(36) Metaspace: 166620K(168256K)->166620K(168256K) NonClass: 140119K(141056K)->140119K(141056K) Class: 26501K(27200K)->26501K(27200K)
[2026-09-22T14:36:54.320+0000][110.238s][info][gc             ] GC(36) Pause Young (Allocation Failure) 5606M->2967M(5973M) 112.513ms
[2026-09-22T14:36:54.320+0000][110.238s][info][gc,cpu         ] GC(36) User=0.42s Sys=0.00s Real=0.12s
[2026-09-22T14:36:57.509+0000][113.427s][info][gc,start       ] GC(37) Pause Young (Allocation Failure)
[2026-09-22T14:36:57.608+0000][113.527s][info][gc,heap        ] GC(37) PSYoungGen: 2809584K(3122176K)->44368K(3116032K) Eden: 2765312K(2765312K)->0K(2765312K) From: 44272K(356864K)->44368K(350720K)
[2026-09-22T14:36:57.608+0000][113.527s][info][gc,heap        ] GC(37) ParOldGen: 2994401K(2994688K)->2999878K(3000320K)
[2026-09-22T14:36:57.608+0000][113.527s][info][gc,metaspace   ] GC(37) Metaspace: 166634K(168256K)->166634K(168256K) NonClass: 140132K(141056K)->140132K(141056K) Class: 26501K(27200K)->26501K(27200K)
[2026-09-22T14:36:57.608+0000][113.527s][info][gc             ] GC(37) Pause Young (Allocation Failure) 5667M->2972M(5973M) 99.864ms
[2026-09-22T14:36:57.608+0000][113.527s][info][gc,cpu         ] GC(37) User=0.39s Sys=0.01s Real=0.10s
[2026-09-22T14:37:00.792+0000][116.710s][info][gc,start       ] GC(38) Pause Young (Allocation Failure)
[2026-09-22T14:37:00.897+0000][116.816s][info][gc,heap        ] GC(38) PSYoungGen: 2809680K(3116032K)->43296K(3134976K) Eden: 2765312K(2765312K)->0K(2796544K) From: 44368K(350720K)->43296K(338432K)
[2026-09-22T14:37:00.897+0000][116.816s][info][gc,heap        ] GC(38) ParOldGen: 2999878K(3000320K)->3004810K(3004928K)
[2026-09-22T14:37:00.897+0000][116.816s][info][gc,metaspace   ] GC(38) Metaspace: 166651K(168320K)->166651K(168320K) NonClass: 140150K(141120K)->140150K(141120K) Class: 26501K(27200K)->26501K(27200K)
[2026-09-22T14:37:00.897+0000][116.816s][info][gc             ] GC(38) Pause Young (Allocation Failure) 5673M->2976M(5996M) 105.604ms
[2026-09-22T14:37:00.897+0000][116.816s][info][gc,cpu         ] GC(38) User=0.42s Sys=0.00s Real=0.10s
[2026-09-22T14:37:04.045+0000][119.963s][info][gc,start       ] GC(39) Pause Young (Allocation Failure)
[2026-09-22T14:37:04.148+0000][120.066s][info][gc,heap        ] GC(39) PSYoungGen: 2839840K(3134976K)->42416K(3129856K) Eden: 2796544K(2796544K)->0K(2796544K) From: 43296K(338432K)->42416K(333312K)
[2026-09-22T14:37:04.148+0000][120.066s][info][gc,heap        ] GC(39) ParOldGen: 3004810K(3004928K)->3010563K(3011072K)
[2026-09-22T14:37:04.148+0000][120.066s][info][gc,metaspace   ] GC(39) Metaspace: 166764K(168448K)->166764K(168448K) NonClass: 140252K(141248K)->140252K(141248K) Class: 26512K(27200K)->26512K(27200K)
[2026-09-22T14:37:04.148+0000][120.066s][info][gc             ] GC(39) Pause Young (Allocation Failure) 5707M->2981M(5997M) 102.955ms
[2026-09-22T14:37:04.148+0000][120.066s][info][gc,cpu         ] GC(39) User=0.39s Sys=0.01s Real=0.11s
[2026-09-22T14:37:07.348+0000][123.266s][info][gc,start       ] GC(40) Pause Young (Allocation Failure)
[2026-09-22T14:37:07.448+0000][123.367s][info][gc,heap        ] GC(40) PSYoungGen: 2838960K(3129856K)->43584K(3149824K) Eden: 2796544K(2796544K)->0K(2834944K) From: 42416K(333312K)->43584K(314880K)
[2026-09-22T14:37:07.448+0000][123.367s][info][gc,heap        ] GC(40) ParOldGen: 3010563K(3011072K)->3015172K(3015680K)
[2026-09-22T14:37:07.448+0000][123.367s][info][gc,metaspace   ] GC(40) Metaspace: 166813K(168512K)->166813K(168512K) NonClass: 140300K(141312K)->140300K(141312K) Class: 26512K(27200K)->26512K(27200K)
[2026-09-22T14:37:07.448+0000][123.367s][info][gc             ] GC(40) Pause Young (Allocation Failure) 5712M->2987M(6021M) 100.265ms
[2026-09-22T14:37:07.448+0000][123.367s][info][gc,cpu         ] GC(40) User=0.40s Sys=0.00s Real=0.10s
[2026-09-22T14:37:10.945+0000][126.863s][info][gc,start       ] GC(41) Pause Young (Allocation Failure)
[2026-09-22T14:37:11.050+0000][126.969s][info][gc,heap        ] GC(41) PSYoungGen: 2878528K(3149824K)->41808K(3146240K) Eden: 2834944K(2834944K)->0K(2834944K) From: 43584K(314880K)->41808K(311296K)
[2026-09-22T14:37:11.050+0000][126.969s][info][gc,heap        ] GC(41) ParOldGen: 3015172K(3015680K)->3019948K(3020288K)
[2026-09-22T14:37:11.050+0000][126.969s][info][gc,metaspace   ] GC(41) Metaspace: 166838K(168512K)->166838K(168512K) NonClass: 140324K(141312K)->140324K(141312K) Class: 26513K(27200K)->26513K(27200K)
[2026-09-22T14:37:11.050+0000][126.969s][info][gc             ] GC(41) Pause Young (Allocation Failure) 5755M->2989M(6022M) 105.301ms
[2026-09-22T14:37:11.050+0000][126.969s][info][gc,cpu         ] GC(41) User=0.40s Sys=0.01s Real=0.11s
[2026-09-22T14:37:14.356+0000][130.275s][info][gc,start       ] GC(42) Pause Young (Allocation Failure)
[2026-09-22T14:37:14.462+0000][130.381s][info][gc,heap        ] GC(42) PSYoungGen: 2876752K(3146240K)->42784K(3171328K) Eden: 2834944K(2834944K)->0K(2881024K) From: 41808K(311296K)->42784K(290304K)
[2026-09-22T14:37:14.462+0000][130.381s][info][gc,heap        ] GC(42) ParOldGen: 3019948K(3020288K)->3024204K(3024384K)
[2026-09-22T14:37:14.462+0000][130.381s][info][gc,metaspace   ] GC(42) Metaspace: 166860K(168512K)->166860K(168512K) NonClass: 140346K(141312K)->140346K(141312K) Class: 26513K(27200K)->26513K(27200K)
[2026-09-22T14:37:14.462+0000][130.381s][info][gc             ] GC(42) Pause Young (Allocation Failure) 5758M->2995M(6050M) 105.972ms
[2026-09-22T14:37:14.462+0000][130.381s][info][gc,cpu         ] GC(42) User=0.40s Sys=0.00s Real=0.11s
[2026-09-22T14:37:17.767+0000][133.685s][info][gc,start       ] GC(43) Pause Young (Allocation Failure)
[2026-09-22T14:37:17.868+0000][133.786s][info][gc,heap        ] GC(43) PSYoungGen: 2923808K(3171328K)->42064K(3168768K) Eden: 2881024K(2881024K)->0K(2881024K) From: 42784K(290304K)->42064K(287744K)
[2026-09-22T14:37:17.868+0000][133.786s][info][gc,heap        ] GC(43) ParOldGen: 3024204K(3024384K)->3028925K(3028992K)
[2026-09-22T14:37:17.868+0000][133.786s][info][gc,metaspace   ] GC(43) Metaspace: 166893K(168640K)->166893K(168640K) NonClass: 140374K(141376K)->140374K(141376K) Class: 26519K(27264K)->26519K(27264K)
[2026-09-22T14:37:17.868+0000][133.786s][info][gc             ] GC(43) Pause Young (Allocation Failure) 5808M->2999M(6052M) 101.009ms
[2026-09-22T14:37:17.868+0000][133.786s][info][gc,cpu         ] GC(43) User=0.39s Sys=0.01s Real=0.11s
[2026-09-22T14:37:21.272+0000][137.191s][info][gc,start       ] GC(44) Pause Young (GCLocker Initiated GC)
[2026-09-22T14:37:21.371+0000][137.290s][info][gc,heap        ] GC(44) PSYoungGen: 2923088K(3168768K)->41520K(3168768K) Eden: 2881024K(2881024K)->0K(2916864K) From: 42064K(287744K)->41520K(251904K)
[2026-09-22T14:37:21.371+0000][137.290s][info][gc,heap        ] GC(44) ParOldGen: 3028926K(3028992K)->3032925K(3033088K)
[2026-09-22T14:37:21.371+0000][137.290s][info][gc,metaspace   ] GC(44) Metaspace: 166912K(168640K)->166912K(168640K) NonClass: 140392K(141376K)->140392K(141376K) Class: 26519K(27264K)->26519K(27264K)
[2026-09-22T14:37:21.371+0000][137.290s][info][gc             ] GC(44) Pause Young (GCLocker Initiated GC) 5812M->3002M(6056M) 98.943ms
[2026-09-22T14:37:21.371+0000][137.290s][info][gc,cpu         ] GC(44) User=0.39s Sys=0.00s Real=0.10s
[2026-09-22T14:37:24.708+0000][140.627s][info][gc,start       ] GC(45) Pause Young (Allocation Failure)
[2026-09-22T14:37:24.807+0000][140.726s][info][gc,heap        ] GC(45) PSYoungGen: 2958384K(3168768K)->42848K(3180544K) Eden: 2916864K(2916864K)->0K(2916864K) From: 41520K(251904K)->42848K(263680K)
[2026-09-22T14:37:24.807+0000][140.726s][info][gc,heap        ] GC(45) ParOldGen: 3032927K(3033088K)->3037408K(3037696K)
[2026-09-22T14:37:24.807+0000][140.726s][info][gc,metaspace   ] GC(45) Metaspace: 166926K(168640K)->166926K(168640K) NonClass: 140404K(141376K)->140404K(141376K) Class: 26521K(27264K)->26521K(27264K)
[2026-09-22T14:37:24.807+0000][140.726s][info][gc             ] GC(45) Pause Young (Allocation Failure) 5850M->3008M(6072M) 99.324ms
[2026-09-22T14:37:24.807+0000][140.726s][info][gc,cpu         ] GC(45) User=0.40s Sys=0.00s Real=0.09s
[2026-09-22T14:37:28.187+0000][144.105s][info][gc,start       ] GC(46) Pause Young (Allocation Failure)
[2026-09-22T14:37:28.288+0000][144.207s][info][gc,heap        ] GC(46) PSYoungGen: 2959712K(3180544K)->41760K(3208192K) Eden: 2916864K(2916864K)->0K(2979840K) From: 42848K(263680K)->41760K(228352K)
[2026-09-22T14:37:28.288+0000][144.207s][info][gc,heap        ] GC(46) ParOldGen: 3037408K(3037696K)->3041692K(3041792K)
[2026-09-22T14:37:28.288+0000][144.207s][info][gc,metaspace   ] GC(46) Metaspace: 166950K(168640K)->166950K(168640K) NonClass: 140427K(141376K)->140427K(141376K) Class: 26522K(27264K)->26522K(27264K)
[2026-09-22T14:37:28.288+0000][144.207s][info][gc             ] GC(46) Pause Young (Allocation Failure) 5856M->3011M(6103M) 101.486ms
[2026-09-22T14:37:28.288+0000][144.207s][info][gc,cpu         ] GC(46) User=0.39s Sys=0.00s Real=0.11s
[2026-09-22T14:37:31.890+0000][147.808s][info][gc,start       ] GC(47) Pause Young (GCLocker Initiated GC)
[2026-09-22T14:37:31.988+0000][147.907s][info][gc,heap        ] GC(47) PSYoungGen: 3021600K(3208192K)->41664K(3021824K) Eden: 2979840K(2979840K)->0K(2979840K) From: 41760K(228352K)->41664K(41984K)
[2026-09-22T14:37:31.988+0000][147.907s][info][gc,heap        ] GC(47) ParOldGen: 3041692K(3041792K)->3045685K(3045888K)
[2026-09-22T14:37:31.988+0000][147.907s][info][gc,metaspace   ] GC(47) Metaspace: 166955K(168704K)->166955K(168704K) NonClass: 140432K(141440K)->140432K(141440K) Class: 26523K(27264K)->26523K(27264K)
[2026-09-22T14:37:31.988+0000][147.907s][info][gc             ] GC(47) Pause Young (GCLocker Initiated GC) 5921M->3014M(5925M) 98.295ms
[2026-09-22T14:37:31.988+0000][147.907s][info][gc,cpu         ] GC(47) User=0.39s Sys=0.00s Real=0.10s
[2026-09-22T14:37:35.411+0000][151.329s][info][gc,start       ] GC(48) Pause Young (Allocation Failure)
[2026-09-22T14:37:35.509+0000][151.428s][info][gc,heap        ] GC(48) PSYoungGen: 3021504K(3021824K)->41648K(3218944K) Eden: 2979840K(2979840K)->0K(2991104K) From: 41664K(41984K)->41648K(227840K)
[2026-09-22T14:37:35.509+0000][151.428s][info][gc,heap        ] GC(48) ParOldGen: 3045688K(3045888K)->3050069K(3050496K)
[2026-09-22T14:37:35.509+0000][151.428s][info][gc,metaspace   ] GC(48) Metaspace: 166965K(168704K)->166965K(168704K) NonClass: 140442K(141440K)->140442K(141440K) Class: 26523K(27264K)->26523K(27264K)
[2026-09-22T14:37:35.509+0000][151.428s][info][gc             ] GC(48) Pause Young (Allocation Failure) 5924M->3019M(6122M) 98.456ms
[2026-09-22T14:37:35.509+0000][151.428s][info][gc,cpu         ] GC(48) User=0.39s Sys=0.01s Real=0.10s
[2026-09-22T14:37:38.926+0000][154.844s][info][gc,start       ] GC(49) Pause Young (GCLocker Initiated GC)
[2026-09-22T14:37:39.024+0000][154.943s][info][gc,heap        ] GC(49) PSYoungGen: 3032752K(3218944K)->40288K(3207680K) Eden: 2991104K(2991104K)->0K(2991104K) From: 41648K(227840K)->40288K(216576K)
[2026-09-22T14:37:39.024+0000][154.943s][info][gc,heap        ] GC(49) ParOldGen: 3050069K(3050496K)->3054646K(3055104K)
[2026-09-22T14:37:39.024+0000][154.943s][info][gc,metaspace   ] GC(49) Metaspace: 166972K(168704K)->166972K(168704K) NonClass: 140448K(141440K)->140448K(141440K) Class: 26523K(27264K)->26523K(27264K)
[2026-09-22T14:37:39.024+0000][154.943s][info][gc             ] GC(49) Pause Young (GCLocker Initiated GC) 5940M->3022M(6116M) 98.514ms
[2026-09-22T14:37:39.024+0000][154.943s][info][gc,cpu         ] GC(49) User=0.39s Sys=0.01s Real=0.10s
[2026-09-22T14:37:42.360+0000][158.278s][info][gc,start       ] GC(50) Pause Young (Allocation Failure)
[2026-09-22T14:37:42.459+0000][158.378s][info][gc,heap        ] GC(50) PSYoungGen: 3031392K(3207680K)->43136K(3246592K) Eden: 2991104K(2991104K)->0K(3072000K) From: 40288K(216576K)->43136K(174592K)
[2026-09-22T14:37:42.459+0000][158.378s][info][gc,heap        ] GC(50) ParOldGen: 3057437K(3058176K)->3060904K(3061248K)
[2026-09-22T14:37:42.459+0000][158.378s][info][gc,metaspace   ] GC(50) Metaspace: 166980K(168704K)->166980K(168704K) NonClass: 140456K(141440K)->140456K(141440K) Class: 26523K(27264K)->26523K(27264K)
[2026-09-22T14:37:42.459+0000][158.378s][info][gc             ] GC(50) Pause Young (Allocation Failure) 5946M->3031M(6160M) 99.537ms
[2026-09-22T14:37:42.459+0000][158.378s][info][gc,cpu         ] GC(50) User=0.39s Sys=0.00s Real=0.10s
[2026-09-22T14:37:45.868+0000][161.787s][info][gc,start       ] GC(51) Pause Young (Allocation Failure)
[2026-09-22T14:37:45.969+0000][161.887s][info][gc,heap        ] GC(51) PSYoungGen: 3115136K(3246592K)->42896K(3267584K) Eden: 3072000K(3072000K)->0K(3072000K) From: 43136K(174592K)->42896K(195584K)
[2026-09-22T14:37:45.969+0000][161.887s][info][gc,heap        ] GC(51) ParOldGen: 3060904K(3061248K)->3065357K(3065856K)
[2026-09-22T14:37:45.969+0000][161.887s][info][gc,metaspace   ] GC(51) Metaspace: 166999K(168704K)->166999K(168704K) NonClass: 140474K(141440K)->140474K(141440K) Class: 26524K(27264K)->26524K(27264K)
[2026-09-22T14:37:45.969+0000][161.887s][info][gc             ] GC(51) Pause Young (Allocation Failure) 6031M->3035M(6185M) 100.570ms
[2026-09-22T14:37:45.969+0000][161.887s][info][gc,cpu         ] GC(51) User=0.40s Sys=0.00s Real=0.10s
[2026-09-22T14:37:49.660+0000][165.578s][info][gc,start       ] GC(52) Pause Young (Allocation Failure)
[2026-09-22T14:37:49.760+0000][165.678s][info][gc,heap        ] GC(52) PSYoungGen: 3114896K(3267584K)->40896K(3270656K) Eden: 3072000K(3072000K)->0K(3113984K) From: 42896K(195584K)->40896K(156672K)
[2026-09-22T14:37:49.760+0000][165.678s][info][gc,heap        ] GC(52) ParOldGen: 3065357K(3065856K)->3069626K(3069952K)
[2026-09-22T14:37:49.760+0000][165.678s][info][gc,metaspace   ] GC(52) Metaspace: 167041K(168768K)->167041K(168768K) NonClass: 140507K(141504K)->140507K(141504K) Class: 26533K(27264K)->26533K(27264K)
[2026-09-22T14:37:49.760+0000][165.678s][info][gc             ] GC(52) Pause Young (Allocation Failure) 6035M->3037M(6192M) 100.153ms
[2026-09-22T14:37:49.760+0000][165.678s][info][gc,cpu         ] GC(52) User=0.40s Sys=0.01s Real=0.10s
[2026-09-22T14:37:53.351+0000][169.270s][info][gc,start       ] GC(53) Pause Young (GCLocker Initiated GC)
[2026-09-22T14:37:53.449+0000][169.368s][info][gc,heap        ] GC(53) PSYoungGen: 3154880K(3270656K)->41088K(3155456K) Eden: 3113984K(3113984K)->0K(3113984K) From: 40896K(156672K)->41088K(41472K)
[2026-09-22T14:37:53.449+0000][169.368s][info][gc,heap        ] GC(53) ParOldGen: 3069626K(3069952K)->3074702K(3075072K)
[2026-09-22T14:37:53.450+0000][169.368s][info][gc,metaspace   ] GC(53) Metaspace: 167045K(168768K)->167045K(168768K) NonClass: 140511K(141504K)->140511K(141504K) Class: 26534K(27264K)->26534K(27264K)
[2026-09-22T14:37:53.450+0000][169.368s][info][gc             ] GC(53) Pause Young (GCLocker Initiated GC) 6078M->3042M(6084M) 98.052ms
[2026-09-22T14:37:53.450+0000][169.368s][info][gc,cpu         ] GC(53) User=0.39s Sys=0.01s Real=0.10s
[2026-09-22T14:37:57.501+0000][173.420s][info][gc,start       ] GC(54) Pause Young (GCLocker Initiated GC)
[2026-09-22T14:37:57.603+0000][173.522s][info][gc,heap        ] GC(54) PSYoungGen: 3155072K(3155456K)->41600K(3264512K) Eden: 3113984K(3113984K)->0K(3113984K) From: 41088K(41472K)->41600K(150528K)
[2026-09-22T14:37:57.603+0000][173.522s][info][gc,heap        ] GC(54) ParOldGen: 3074705K(3075072K)->3079294K(3079680K)
[2026-09-22T14:37:57.603+0000][173.522s][info][gc,metaspace   ] GC(54) Metaspace: 167071K(168768K)->167071K(168768K) NonClass: 140535K(141504K)->140535K(141504K) Class: 26535K(27264K)->26535K(27264K)
[2026-09-22T14:37:57.603+0000][173.522s][info][gc             ] GC(54) Pause Young (GCLocker Initiated GC) 6083M->3047M(6195M) 101.949ms
[2026-09-22T14:37:57.603+0000][173.522s][info][gc,cpu         ] GC(54) User=0.40s Sys=0.01s Real=0.10s
[2026-09-22T14:38:01.511+0000][177.429s][info][gc,start       ] GC(55) Pause Young (GCLocker Initiated GC)
[2026-09-22T14:38:01.611+0000][177.529s][info][gc,heap        ] GC(55) PSYoungGen: 3155584K(3264512K)->42752K(3156992K) Eden: 3113984K(3113984K)->0K(3113984K) From: 41600K(150528K)->42752K(43008K)
[2026-09-22T14:38:01.611+0000][177.529s][info][gc,heap        ] GC(55) ParOldGen: 3079310K(3079680K)->3085150K(3085312K)
[2026-09-22T14:38:01.611+0000][177.529s][info][gc,metaspace   ] GC(55) Metaspace: 167255K(168960K)->167255K(168960K) NonClass: 140690K(141632K)->140690K(141632K) Class: 26564K(27328K)->26564K(27328K)
[2026-09-22T14:38:01.611+0000][177.529s][info][gc             ] GC(55) Pause Young (GCLocker Initiated GC) 6088M->3054M(6096M) 100.235ms
[2026-09-22T14:38:01.611+0000][177.529s][info][gc,cpu         ] GC(55) User=0.39s Sys=0.00s Real=0.10s
[2026-09-22T14:38:05.429+0000][181.347s][info][gc,start       ] GC(56) Pause Young (Allocation Failure)
[2026-09-22T14:38:05.536+0000][181.455s][info][gc,heap        ] GC(56) PSYoungGen: 3156736K(3156992K)->51056K(3273216K) Eden: 3113984K(3113984K)->0K(3123200K) From: 42752K(43008K)->51056K(150016K)
[2026-09-22T14:38:05.536+0000][181.455s][info][gc,heap        ] GC(56) ParOldGen: 3085152K(3085312K)->3093346K(3093504K)
[2026-09-22T14:38:05.536+0000][181.455s][info][gc,metaspace   ] GC(56) Metaspace: 167389K(169216K)->167389K(169216K) NonClass: 140810K(141824K)->140810K(141824K) Class: 26579K(27392K)->26579K(27392K)
[2026-09-22T14:38:05.536+0000][181.455s][info][gc             ] GC(56) Pause Young (Allocation Failure) 6095M->3070M(6217M) 107.456ms
[2026-09-22T14:38:05.536+0000][181.455s][info][gc,cpu         ] GC(56) User=0.40s Sys=0.01s Real=0.10s
[2026-09-22T14:38:09.136+0000][185.055s][info][gc,start       ] GC(57) Pause Young (Allocation Failure)
[2026-09-22T14:38:09.241+0000][185.160s][info][gc,heap        ] GC(57) PSYoungGen: 3174256K(3273216K)->44144K(3264000K) Eden: 3123200K(3123200K)->0K(3123200K) From: 51056K(150016K)->44144K(140800K)
[2026-09-22T14:38:09.241+0000][185.160s][info][gc,heap        ] GC(57) ParOldGen: 3093346K(3093504K)->3109501K(3109888K)
[2026-09-22T14:38:09.241+0000][185.160s][info][gc,metaspace   ] GC(57) Metaspace: 167431K(169216K)->167431K(169216K) NonClass: 140852K(141824K)->140852K(141824K) Class: 26579K(27392K)->26579K(27392K)
[2026-09-22T14:38:09.241+0000][185.160s][info][gc             ] GC(57) Pause Young (Allocation Failure) 6120M->3079M(6224M) 104.674ms
[2026-09-22T14:38:09.241+0000][185.160s][info][gc,cpu         ] GC(57) User=0.41s Sys=0.01s Real=0.11s
[2026-09-22T14:38:12.967+0000][188.885s][info][gc,start       ] GC(58) Pause Young (Allocation Failure)
[2026-09-22T14:38:13.069+0000][188.987s][info][gc,heap        ] GC(58) PSYoungGen: 3167344K(3264000K)->43440K(3343872K) Eden: 3123200K(3123200K)->0K(3210240K) From: 44144K(140800K)->43440K(133632K)
[2026-09-22T14:38:13.069+0000][188.988s][info][gc,heap        ] GC(58) ParOldGen: 3109501K(3109888K)->3117910K(3118080K)
[2026-09-22T14:38:13.069+0000][188.988s][info][gc,metaspace   ] GC(58) Metaspace: 167448K(169216K)->167448K(169216K) NonClass: 140868K(141824K)->140868K(141824K) Class: 26579K(27392K)->26579K(27392K)
[2026-09-22T14:38:13.069+0000][188.988s][info][gc             ] GC(58) Pause Young (Allocation Failure) 6129M->3087M(6310M) 102.224ms
[2026-09-22T14:38:13.069+0000][188.988s][info][gc,cpu         ] GC(58) User=0.39s Sys=0.00s Real=0.11s
[2026-09-22T14:38:17.059+0000][192.978s][info][gc,start       ] GC(59) Pause Young (Allocation Failure)
[2026-09-22T14:38:17.161+0000][193.079s][info][gc,heap        ] GC(59) PSYoungGen: 3253680K(3343872K)->44048K(3337728K) Eden: 3210240K(3210240K)->0K(3210240K) From: 43440K(133632K)->44048K(127488K)
[2026-09-22T14:38:17.161+0000][193.079s][info][gc,heap        ] GC(59) ParOldGen: 3117910K(3118080K)->3125688K(3125760K)
[2026-09-22T14:38:17.161+0000][193.079s][info][gc,metaspace   ] GC(59) Metaspace: 167459K(169216K)->167459K(169216K) NonClass: 140879K(141824K)->140879K(141824K) Class: 26579K(27392K)->26579K(27392K)
[2026-09-22T14:38:17.161+0000][193.079s][info][gc             ] GC(59) Pause Young (Allocation Failure) 6222M->3095M(6312M) 101.780ms
[2026-09-22T14:38:17.161+0000][193.079s][info][gc,cpu         ] GC(59) User=0.40s Sys=0.00s Real=0.10s
[2026-09-22T14:38:20.911+0000][196.829s][info][gc,start       ] GC(60) Pause Young (Allocation Failure)
[2026-09-22T14:38:21.021+0000][196.940s][info][gc,heap        ] GC(60) PSYoungGen: 3254288K(3337728K)->42352K(3360256K) Eden: 3210240K(3210240K)->0K(3239424K) From: 44048K(127488K)->42352K(120832K)
[2026-09-22T14:38:21.021+0000][196.940s][info][gc,heap        ] GC(60) ParOldGen: 3125688K(3125760K)->3134010K(3134464K)
[2026-09-22T14:38:21.021+0000][196.940s][info][gc,metaspace   ] GC(60) Metaspace: 167537K(169344K)->167537K(169344K) NonClass: 140951K(141952K)->140951K(141952K) Class: 26585K(27392K)->26585K(27392K)
[2026-09-22T14:38:21.021+0000][196.940s][info][gc             ] GC(60) Pause Young (Allocation Failure) 6230M->3101M(6342M) 110.624ms
[2026-09-22T14:38:21.021+0000][196.940s][info][gc,cpu         ] GC(60) User=0.43s Sys=0.01s Real=0.11s
[2026-09-22T14:38:24.975+0000][200.893s][info][gc,start       ] GC(61) Pause Young (Allocation Failure)
[2026-09-22T14:38:25.074+0000][200.992s][info][gc,heap        ] GC(61) PSYoungGen: 3281776K(3360256K)->42096K(3354624K) Eden: 3239424K(3239424K)->0K(3239424K) From: 42352K(120832K)->42096K(115200K)
[2026-09-22T14:38:25.074+0000][200.992s][info][gc,heap        ] GC(61) ParOldGen: 3134010K(3134464K)->3141007K(3141120K)
[2026-09-22T14:38:25.074+0000][200.992s][info][gc,metaspace   ] GC(61) Metaspace: 167572K(169344K)->167572K(169344K) NonClass: 140987K(141952K)->140987K(141952K) Class: 26585K(27392K)->26585K(27392K)
[2026-09-22T14:38:25.074+0000][200.992s][info][gc             ] GC(61) Pause Young (Allocation Failure) 6265M->3108M(6343M) 99.075ms
[2026-09-22T14:38:25.074+0000][200.992s][info][gc,cpu         ] GC(61) User=0.39s Sys=0.01s Real=0.10s
[2026-09-22T14:38:29.179+0000][205.097s][info][gc,start       ] GC(62) Pause Young (Allocation Failure)
[2026-09-22T14:38:29.283+0000][205.201s][info][gc,heap        ] GC(62) PSYoungGen: 3281520K(3354624K)->43984K(3374080K) Eden: 3239424K(3239424K)->0K(3264000K) From: 42096K(115200K)->43984K(110080K)
[2026-09-22T14:38:29.283+0000][205.201s][info][gc,heap        ] GC(62) ParOldGen: 3141007K(3141120K)->3147853K(3148288K)
[2026-09-22T14:38:29.283+0000][205.201s][info][gc,metaspace   ] GC(62) Metaspace: 167589K(169344K)->167589K(169344K) NonClass: 141004K(141952K)->141004K(141952K) Class: 26585K(27392K)->26585K(27392K)
[2026-09-22T14:38:29.283+0000][205.201s][info][gc             ] GC(62) Pause Young (Allocation Failure) 6272M->3117M(6369M) 103.792ms
[2026-09-22T14:38:29.283+0000][205.201s][info][gc,cpu         ] GC(62) User=0.42s Sys=0.01s Real=0.10s
[2026-09-22T14:38:33.417+0000][209.335s][info][gc,start       ] GC(63) Pause Young (Allocation Failure)
[2026-09-22T14:38:33.517+0000][209.436s][info][gc,heap        ] GC(63) PSYoungGen: 3307984K(3374080K)->43375K(3368960K) Eden: 3264000K(3264000K)->0K(3264000K) From: 43984K(110080K)->43375K(104960K)
[2026-09-22T14:38:33.517+0000][209.436s][info][gc,heap        ] GC(63) ParOldGen: 3147853K(3148288K)->3156652K(3156992K)
[2026-09-22T14:38:33.517+0000][209.436s][info][gc,metaspace   ] GC(63) Metaspace: 167610K(169408K)->167610K(169408K) NonClass: 141023K(142016K)->141023K(142016K) Class: 26586K(27392K)->26586K(27392K)
[2026-09-22T14:38:33.517+0000][209.436s][info][gc             ] GC(63) Pause Young (Allocation Failure) 6304M->3125M(6373M) 100.221ms
[2026-09-22T14:38:33.517+0000][209.436s][info][gc,cpu         ] GC(63) User=0.39s Sys=0.01s Real=0.10s
[2026-09-22T14:38:37.688+0000][213.606s][info][gc,start       ] GC(64) Pause Young (Allocation Failure)
[2026-09-22T14:38:37.792+0000][213.711s][info][gc,heap        ] GC(64) PSYoungGen: 3307375K(3368960K)->45408K(3384832K) Eden: 3264000K(3264000K)->0K(3284480K) From: 43375K(104960K)->45408K(100352K)
[2026-09-22T14:38:37.792+0000][213.711s][info][gc,heap        ] GC(64) ParOldGen: 3156652K(3156992K)->3163049K(3163136K)
[2026-09-22T14:38:37.792+0000][213.711s][info][gc,metaspace   ] GC(64) Metaspace: 167625K(169408K)->167625K(169408K) NonClass: 141038K(142016K)->141038K(142016K) Class: 26586K(27392K)->26586K(27392K)
[2026-09-22T14:38:37.792+0000][213.711s][info][gc             ] GC(64) Pause Young (Allocation Failure) 6312M->3133M(6394M) 104.491ms
[2026-09-22T14:38:37.792+0000][213.711s][info][gc,cpu         ] GC(64) User=0.40s Sys=0.02s Real=0.10s
[2026-09-22T14:38:41.946+0000][217.865s][info][gc,start       ] GC(65) Pause Young (Allocation Failure)
[2026-09-22T14:38:42.059+0000][217.978s][info][gc,heap        ] GC(65) PSYoungGen: 3329888K(3384832K)->40208K(3380224K) Eden: 3284480K(3284480K)->0K(3284480K) From: 45408K(100352K)->40208K(95744K)
[2026-09-22T14:38:42.059+0000][217.978s][info][gc,heap        ] GC(65) ParOldGen: 3163049K(3163136K)->3173653K(3173888K)
[2026-09-22T14:38:42.059+0000][217.978s][info][gc,metaspace   ] GC(65) Metaspace: 167653K(169472K)->167653K(169472K) NonClass: 141064K(142080K)->141064K(142080K) Class: 26589K(27392K)->26589K(27392K)
[2026-09-22T14:38:42.059+0000][217.978s][info][gc             ] GC(65) Pause Young (Allocation Failure) 6340M->3138M(6400M) 113.158ms
[2026-09-22T14:38:42.059+0000][217.978s][info][gc,cpu         ] GC(65) User=0.42s Sys=0.01s Real=0.12s
[2026-09-22T14:38:46.235+0000][222.154s][info][gc,start       ] GC(66) Pause Young (Allocation Failure)
[2026-09-22T14:38:46.332+0000][222.250s][info][gc,heap        ] GC(66) PSYoungGen: 3324688K(3380224K)->41728K(3394560K) Eden: 3284480K(3284480K)->0K(3302400K) From: 40208K(95744K)->41728K(92160K)
[2026-09-22T14:38:46.332+0000][222.250s][info][gc,heap        ] GC(66) ParOldGen: 3173653K(3173888K)->3179790K(3180032K)
[2026-09-22T14:38:46.332+0000][222.250s][info][gc,metaspace   ] GC(66) Metaspace: 167664K(169472K)->167664K(169472K) NonClass: 141074K(142080K)->141074K(142080K) Class: 26589K(27392K)->26589K(27392K)
[2026-09-22T14:38:46.332+0000][222.250s][info][gc             ] GC(66) Pause Young (Allocation Failure) 6346M->3146M(6420M) 96.368ms
[2026-09-22T14:38:46.332+0000][222.250s][info][gc,cpu         ] GC(66) User=0.37s Sys=0.01s Real=0.10s
[2026-09-22T14:38:50.444+0000][226.362s][info][gc,start       ] GC(67) Pause Young (Allocation Failure)
[2026-09-22T14:38:50.546+0000][226.465s][info][gc,heap        ] GC(67) PSYoungGen: 3344128K(3394560K)->41584K(3390976K) Eden: 3302400K(3302400K)->0K(3302400K) From: 41728K(92160K)->41584K(88576K)
[2026-09-22T14:38:50.546+0000][226.465s][info][gc,heap        ] GC(67) ParOldGen: 3179790K(3180032K)->3187453K(3187712K)
[2026-09-22T14:38:50.546+0000][226.465s][info][gc,metaspace   ] GC(67) Metaspace: 167683K(169536K)->167683K(169536K) NonClass: 141094K(142144K)->141094K(142144K) Class: 26589K(27392K)->26589K(27392K)
[2026-09-22T14:38:50.547+0000][226.465s][info][gc             ] GC(67) Pause Young (Allocation Failure) 6371M->3153M(6424M) 102.883ms
[2026-09-22T14:38:50.547+0000][226.465s][info][gc,cpu         ] GC(67) User=0.40s Sys=0.00s Real=0.10s
[2026-09-22T14:38:54.686+0000][230.604s][info][gc,start       ] GC(68) Pause Young (GCLocker Initiated GC)
[2026-09-22T14:38:54.784+0000][230.703s][info][gc,heap        ] GC(68) PSYoungGen: 3343984K(3390976K)->40032K(3394048K) Eden: 3302400K(3302400K)->0K(3314176K) From: 41584K(88576K)->40032K(79872K)
[2026-09-22T14:38:54.784+0000][230.703s][info][gc,heap        ] GC(68) ParOldGen: 3187453K(3187712K)->3194330K(3194368K)
[2026-09-22T14:38:54.784+0000][230.703s][info][gc,metaspace   ] GC(68) Metaspace: 167715K(169536K)->167715K(169536K) NonClass: 141126K(142144K)->141126K(142144K) Class: 26589K(27392K)->26589K(27392K)
[2026-09-22T14:38:54.784+0000][230.703s][info][gc             ] GC(68) Pause Young (GCLocker Initiated GC) 6378M->3158M(6434M) 98.264ms
[2026-09-22T14:38:54.784+0000][230.703s][info][gc,cpu         ] GC(68) User=0.38s Sys=0.01s Real=0.10s
[2026-09-22T14:38:59.106+0000][235.024s][info][gc,start       ] GC(69) Pause Young (Allocation Failure)
[2026-09-22T14:38:59.205+0000][235.124s][info][gc,heap        ] GC(69) PSYoungGen: 3354208K(3394048K)->40784K(3396608K) Eden: 3314176K(3314176K)->0K(3314176K) From: 40032K(79872K)->40784K(82432K)
[2026-09-22T14:38:59.205+0000][235.124s][info][gc,heap        ] GC(69) ParOldGen: 3194333K(3194368K)->3200151K(3200512K)
[2026-09-22T14:38:59.205+0000][235.124s][info][gc,metaspace   ] GC(69) Metaspace: 167727K(169536K)->167727K(169536K) NonClass: 141138K(142144K)->141138K(142144K) Class: 26589K(27392K)->26589K(27392K)
[2026-09-22T14:38:59.205+0000][235.124s][info][gc             ] GC(69) Pause Young (Allocation Failure) 6395M->3164M(6442M) 99.691ms
[2026-09-22T14:38:59.205+0000][235.124s][info][gc,cpu         ] GC(69) User=0.39s Sys=0.01s Real=0.10s
[2026-09-22T14:39:03.778+0000][239.696s][info][gc,start       ] GC(70) Pause Young (Allocation Failure)
[2026-09-22T14:39:03.879+0000][239.798s][info][gc,heap        ] GC(70) PSYoungGen: 3354960K(3396608K)->46982K(3407872K) Eden: 3314176K(3314176K)->0K(3333120K) From: 40784K(82432K)->46982K(74752K)
[2026-09-22T14:39:03.879+0000][239.798s][info][gc,heap        ] GC(70) ParOldGen: 3200151K(3200512K)->3207040K(3207168K)
[2026-09-22T14:39:03.879+0000][239.798s][info][gc,metaspace   ] GC(70) Metaspace: 167770K(169600K)->167770K(169600K) NonClass: 141180K(142208K)->141180K(142208K) Class: 26589K(27392K)->26589K(27392K)
[2026-09-22T14:39:03.879+0000][239.798s][info][gc             ] GC(70) Pause Young (Allocation Failure) 6401M->3177M(6460M) 101.560ms
[2026-09-22T14:39:03.879+0000][239.798s][info][gc,cpu         ] GC(70) User=0.40s Sys=0.01s Real=0.10s
[2026-09-22T14:39:08.780+0000][244.698s][info][gc,start       ] GC(71) Pause Young (Allocation Failure)
[2026-09-22T14:39:08.887+0000][244.806s][info][gc,heap        ] GC(71) PSYoungGen: 3380102K(3407872K)->44416K(3409920K) Eden: 3333120K(3333120K)->0K(3333120K) From: 46982K(74752K)->44416K(76800K)
[2026-09-22T14:39:08.887+0000][244.806s][info][gc,heap        ] GC(71) ParOldGen: 3207043K(3207168K)->3217717K(3217920K)
[2026-09-22T14:39:08.887+0000][244.806s][info][gc,metaspace   ] GC(71) Metaspace: 167776K(169600K)->167776K(169600K) NonClass: 141186K(142208K)->141186K(142208K) Class: 26589K(27392K)->26589K(27392K)
[2026-09-22T14:39:08.887+0000][244.806s][info][gc             ] GC(71) Pause Young (Allocation Failure) 6432M->3185M(6472M) 107.565ms
[2026-09-22T14:39:08.887+0000][244.806s][info][gc,cpu         ] GC(71) User=0.41s Sys=0.01s Real=0.10s
[2026-09-22T14:39:14.260+0000][250.179s][info][gc,start       ] GC(72) Pause Young (GCLocker Initiated GC)
[2026-09-22T14:39:14.362+0000][250.280s][info][gc,heap        ] GC(72) PSYoungGen: 3377536K(3409920K)->43248K(3411968K) Eden: 3333120K(3333120K)->0K(3343360K) From: 44416K(76800K)->43248K(68608K)
[2026-09-22T14:39:14.362+0000][250.280s][info][gc,heap        ] GC(72) ParOldGen: 3217717K(3217920K)->3228287K(3228672K)
[2026-09-22T14:39:14.362+0000][250.280s][info][gc,metaspace   ] GC(72) Metaspace: 167806K(169600K)->167806K(169600K) NonClass: 141216K(142208K)->141216K(142208K) Class: 26589K(27392K)->26589K(27392K)
[2026-09-22T14:39:14.362+0000][250.280s][info][gc             ] GC(72) Pause Young (GCLocker Initiated GC) 6440M->3194M(6485M) 101.673ms
[2026-09-22T14:39:14.362+0000][250.280s][info][gc,cpu         ] GC(72) User=0.39s Sys=0.00s Real=0.10s
[2026-09-22T14:39:22.724+0000][258.643s][info][gc,start       ] GC(73) Pause Young (GCLocker Initiated GC)
[2026-09-22T14:39:22.826+0000][258.745s][info][gc,heap        ] GC(73) PSYoungGen: 3386608K(3411968K)->46592K(3390464K) Eden: 3343360K(3343360K)->0K(3343360K) From: 43248K(68608K)->46592K(47104K)
[2026-09-22T14:39:22.826+0000][258.745s][info][gc,heap        ] GC(73) ParOldGen: 3228289K(3228672K)->3237495K(3237888K)
[2026-09-22T14:39:22.826+0000][258.745s][info][gc,metaspace   ] GC(73) Metaspace: 167869K(169664K)->167869K(169664K) NonClass: 141271K(142272K)->141271K(142272K) Class: 26597K(27392K)->26597K(27392K)
[2026-09-22T14:39:22.826+0000][258.745s][info][gc             ] GC(73) Pause Young (GCLocker Initiated GC) 6459M->3207M(6473M) 102.133ms
[2026-09-22T14:39:22.826+0000][258.745s][info][gc,cpu         ] GC(73) User=0.40s Sys=0.00s Real=0.10s
[2026-09-22T14:39:34.093+0000][270.011s][info][gc,start       ] GC(74) Pause Young (GCLocker Initiated GC)
[2026-09-22T14:39:34.195+0000][270.114s][info][gc,heap        ] GC(74) PSYoungGen: 3389952K(3390464K)->43296K(3408384K) Eden: 3343360K(3343360K)->0K(3343360K) From: 46592K(47104K)->43296K(65024K)
[2026-09-22T14:39:34.195+0000][270.114s][info][gc,heap        ] GC(74) ParOldGen: 3237515K(3237888K)->3250477K(3250688K)
[2026-09-22T14:39:34.195+0000][270.114s][info][gc,metaspace   ] GC(74) Metaspace: 167895K(169664K)->167895K(169664K) NonClass: 141294K(142272K)->141294K(142272K) Class: 26600K(27392K)->26600K(27392K)
[2026-09-22T14:39:34.195+0000][270.114s][info][gc             ] GC(74) Pause Young (GCLocker Initiated GC) 6472M->3216M(6503M) 102.110ms
[2026-09-22T14:39:34.195+0000][270.114s][info][gc,cpu         ] GC(74) User=0.40s Sys=0.01s Real=0.10s
[2026-09-22T14:41:26.622+0000][382.541s][info][gc,start       ] GC(75) Pause Young (GCLocker Initiated GC)
[2026-09-22T14:41:26.728+0000][382.646s][info][gc,heap        ] GC(75) PSYoungGen: 3386656K(3408384K)->46352K(3389952K) Eden: 3343360K(3343360K)->0K(3343360K) From: 43296K(65024K)->46352K(46592K)
[2026-09-22T14:41:26.728+0000][382.646s][info][gc,heap        ] GC(75) ParOldGen: 3250684K(3250688K)->3260262K(3260416K)
[2026-09-22T14:41:26.728+0000][382.646s][info][gc,metaspace   ] GC(75) Metaspace: 168150K(169920K)->168150K(169920K) NonClass: 141533K(142528K)->141533K(142528K) Class: 26617K(27392K)->26617K(27392K)
[2026-09-22T14:41:26.728+0000][382.646s][info][gc             ] GC(75) Pause Young (GCLocker Initiated GC) 6481M->3229M(6494M) 105.342ms
[2026-09-22T14:41:26.728+0000][382.646s][info][gc,cpu         ] GC(75) User=0.41s Sys=0.02s Real=0.11s
[2026-09-22T14:43:10.225+0000][486.144s][info][gc,start       ] GC(76) Pause Young (Allocation Failure)
[2026-09-22T14:43:10.330+0000][486.248s][info][gc,heap        ] GC(76) PSYoungGen: 3389712K(3389952K)->39146K(3255808K) Eden: 3343360K(3343360K)->0K(3216384K) From: 46352K(46592K)->39146K(39424K)
[2026-09-22T14:43:10.330+0000][486.248s][info][gc,heap        ] GC(76) ParOldGen: 3260264K(3260416K)->3282846K(3282944K)
[2026-09-22T14:43:10.330+0000][486.248s][info][gc,metaspace   ] GC(76) Metaspace: 171547K(173312K)->171547K(173312K) NonClass: 144577K(145600K)->144577K(145600K) Class: 26970K(27712K)->26970K(27712K)
[2026-09-22T14:43:10.330+0000][486.249s][info][gc             ] GC(76) Pause Young (Allocation Failure) 6494M->3244M(6385M) 104.491ms
[2026-09-22T14:43:10.330+0000][486.249s][info][gc,cpu         ] GC(76) User=0.40s Sys=0.01s Real=0.11s
[2026-09-22T14:43:15.804+0000][491.723s][info][gc,start       ] GC(77) Pause Young (GCLocker Initiated GC)
[2026-09-22T14:43:15.880+0000][491.799s][info][gc,heap        ] GC(77) PSYoungGen: 3255530K(3255808K)->12640K(3229184K) Eden: 3216384K(3216384K)->0K(3216384K) From: 39146K(39424K)->12640K(12800K)
[2026-09-22T14:43:15.880+0000][491.799s][info][gc,heap        ] GC(77) ParOldGen: 3282846K(3282944K)->3310021K(3310080K)
[2026-09-22T14:43:15.880+0000][491.799s][info][gc,metaspace   ] GC(77) Metaspace: 171616K(173376K)->171616K(173376K) NonClass: 144644K(145664K)->144644K(145664K) Class: 26971K(27712K)->26971K(27712K)
[2026-09-22T14:43:15.880+0000][491.799s][info][gc             ] GC(77) Pause Young (GCLocker Initiated GC) 6385M->3244M(6386M) 75.808ms
[2026-09-22T14:43:15.880+0000][491.799s][info][gc,cpu         ] GC(77) User=0.28s Sys=0.02s Real=0.08s
