[0.003s][info][gc] Using G1
[0.338s][info][gc] GC(0) Pause Young (Concurrent Start) (G1 Humongous Allocation) 241M->3M(513M) 4.201ms
[0.338s][info][gc] GC(1) Concurrent Undo Cycle
[0.338s][info][gc] GC(1) Concurrent Undo Cycle 0.313ms
[0.491s][info][gc] GC(2) Pause Young (Normal) (G1 Evacuation Pause) 215M->2M(513M) 2.353ms
[1.793s][info][gc] GC(3) Pause Young (Concurrent Start) (Metadata GC Threshold) 312M->15M(513M) 12.014ms
[1.793s][info][gc] GC(4) Concurrent Mark Cycle
[1.809s][info][gc] GC(4) Pause Remark 16M->16M(512M) 4.348ms
[1.810s][info][gc] GC(4) Pause Cleanup 16M->16M(512M) 0.078ms
[1.812s][info][gc] GC(4) Concurrent Mark Cycle 18.766ms
[2.208s][info][gc] GC(5) Pause Young (Prepare Mixed) (GCLocker Initiated GC) 67M->32M(512M) 21.976ms
[2.253s][info][gc] GC(6) Pause Young (Mixed) (G1 Evacuation Pause) 49M->40M(512M) 18.115ms
[2.336s][info][gc] GC(7) Pause Young (Normal) (G1 Evacuation Pause) 67M->53M(512M) 26.436ms
[2.404s][info][gc] GC(8) Pause Young (Normal) (G1 Evacuation Pause) 89M->71M(940M) 15.827ms
[2.506s][info][gc] GC(9) Pause Young (Normal) (G1 Evacuation Pause) 113M->91M(940M) 18.558ms
[2.613s][info][gc] GC(10) Pause Young (Normal) (G1 Evacuation Pause) 132M->112M(940M) 24.981ms
[2.751s][info][gc] GC(11) Pause Young (Normal) (G1 Evacuation Pause) 153M->135M(940M) 32.323ms
[3.204s][info][gc] GC(12) Pause Young (Normal) (G1 Evacuation Pause) 176M->151M(1211M) 21.328ms
[3.313s][info][gc] GC(13) Pause Young (Concurrent Start) (Metadata GC Threshold) 159M->153M(1211M) 7.822ms
[3.313s][info][gc] GC(14) Concurrent Mark Cycle
[3.646s][info][gc] GC(14) Pause Remark 169M->165M(554M) 5.461ms
[3.782s][info][gc] GC(14) Pause Cleanup 169M->169M(554M) 0.192ms
[3.783s][info][gc] GC(14) Concurrent Mark Cycle 470.094ms
[4.290s][info][gc] GC(15) Pause Young (Prepare Mixed) (G1 Evacuation Pause) 278M->163M(554M) 42.678ms
[6.354s][info][gc] GC(16) Pause Young (Mixed) (G1 Evacuation Pause) 462M->218M(554M) 61.454ms
[6.588s][info][gc] GC(17) Pause Young (Normal) (G1 Evacuation Pause) 335M->256M(554M) 79.717ms
[6.728s][info][gc] GC(18) Pause Young (Concurrent Start) (Metadata GC Threshold) 275M->263M(554M) 16.467ms
[6.728s][info][gc] GC(19) Concurrent Mark Cycle
[7.053s][info][gc] GC(19) Pause Remark 264M->235M(554M) 9.690ms
[7.203s][info][gc] GC(19) Pause Cleanup 236M->236M(554M) 1.049ms
[7.205s][info][gc] GC(19) Concurrent Mark Cycle 476.631ms
[9.443s][info][gc] GC(20) Pause Young (Prepare Mixed) (G1 Evacuation Pause) 405M->262M(554M) 37.522ms
[10.392s][info][gc] GC(21) Pause Young (Mixed) (G1 Evacuation Pause) 436M->246M(554M) 53.854ms
[11.288s][info][gc] GC(22) Pause Young (Mixed) (G1 Evacuation Pause) 443M->246M(554M) 46.863ms
[11.559s][info][gc] GC(23) Pause Young (Concurrent Start) (G1 Humongous Allocation) 337M->248M(853M) 24.607ms
[11.559s][info][gc] GC(24) Concurrent Undo Cycle
[11.560s][info][gc] GC(24) Concurrent Undo Cycle 1.793ms
[13.536s][info][gc] GC(25) Pause Young (Concurrent Start) (Metadata GC Threshold) 601M->274M(853M) 55.452ms
[13.537s][info][gc] GC(26) Concurrent Mark Cycle
[14.021s][info][gc] GC(26) Pause Remark 302M->301M(853M) 16.537ms
[14.230s][info][gc] GC(26) Pause Cleanup 305M->305M(853M) 0.255ms
[14.239s][info][gc] GC(26) Concurrent Mark Cycle 702.173ms
[19.571s][info][gc] GC(27) Pause Young (Prepare Mixed) (G1 Evacuation Pause) 608M->281M(853M) 51.625ms
[30.543s][info][gc] GC(28) Pause Young (Mixed) (G1 Evacuation Pause) 701M->302M(853M) 37.755ms
[33.894s][info][gc] GC(29) Pause Young (Concurrent Start) (G1 Evacuation Pause) 726M->316M(853M) 68.472ms
[33.895s][info][gc] GC(30) Concurrent Mark Cycle
[34.656s][info][gc] GC(30) Pause Remark 388M->365M(853M) 24.078ms
[35.093s][info][gc] GC(30) Pause Cleanup 387M->387M(853M) 0.390ms
[35.095s][info][gc] GC(30) Concurrent Mark Cycle 1200.873ms
[37.831s][info][gc] GC(31) Pause Young (Prepare Mixed) (G1 Evacuation Pause) 719M->308M(853M) 41.696ms
[41.244s][info][gc] GC(32) Pause Young (Mixed) (G1 Evacuation Pause) 758M->317M(853M) 39.918ms
[44.046s][info][gc] GC(33) Pause Young (Concurrent Start) (G1 Evacuation Pause) 760M->331M(853M) 43.492ms
[44.046s][info][gc] GC(34) Concurrent Mark Cycle
[44.796s][info][gc] GC(34) Pause Remark 376M->376M(853M) 68.914ms
[45.243s][info][gc] GC(34) Pause Cleanup 390M->390M(853M) 0.362ms
[45.245s][info][gc] GC(34) Concurrent Mark Cycle 1199.646ms
[55.505s][info][gc] GC(35) Pause Young (Prepare Mixed) (G1 Evacuation Pause) 773M->343M(853M) 58.476ms
[57.803s][info][gc] GC(36) Pause Young (Mixed) (G1 Evacuation Pause) 767M->352M(853M) 65.202ms
[59.833s][info][gc] GC(37) Pause Young (Concurrent Start) (G1 Evacuation Pause) 767M->364M(853M) 37.705ms
[59.833s][info][gc] GC(38) Concurrent Mark Cycle
[60.433s][info][gc] GC(38) Pause Remark 433M->433M(853M) 27.736ms
[60.625s][info][gc] GC(38) Pause Cleanup 434M->434M(853M) 0.366ms
[60.626s][info][gc] GC(38) Concurrent Mark Cycle 793.262ms
[68.406s][info][gc] GC(39) Pause Young (Prepare Mixed) (G1 Evacuation Pause) 767M->377M(853M) 61.036ms
[70.216s][info][gc] GC(40) Pause Young (Mixed) (G1 Evacuation Pause) 767M->381M(853M) 59.631ms
[85.185s][info][gc] GC(41) Pause Young (Concurrent Start) (G1 Evacuation Pause) 770M->392M(853M) 34.039ms
[85.185s][info][gc] GC(42) Concurrent Mark Cycle
[85.747s][info][gc] GC(42) Pause Remark 461M->461M(853M) 36.748ms
[86.086s][info][gc] GC(42) Pause Cleanup 523M->523M(853M) 0.404ms
[86.088s][info][gc] GC(42) Concurrent Mark Cycle 902.275ms
[87.252s][info][gc] GC(43) Pause Young (Prepare Mixed) (G1 Evacuation Pause) 773M->403M(853M) 33.776ms
[88.911s][info][gc] GC(44) Pause Young (Mixed) (G1 Evacuation Pause) 773M->405M(853M) 55.065ms
[96.042s][info][gc] GC(45) Pause Young (Concurrent Start) (G1 Evacuation Pause) 774M->415M(853M) 29.700ms
[96.042s][info][gc] GC(46) Concurrent Mark Cycle
[96.653s][info][gc] GC(46) Pause Remark 515M->515M(860M) 40.946ms
[96.948s][info][gc] GC(46) Pause Cleanup 559M->559M(860M) 0.480ms
[96.951s][info][gc] GC(46) Concurrent Mark Cycle 908.837ms
[98.087s][info][gc] GC(47) Pause Young (Prepare Mixed) (G1 Evacuation Pause) 777M->427M(860M) 52.916ms
[99.597s][info][gc] GC(48) Pause Young (Mixed) (G1 Evacuation Pause) 783M->429M(860M) 28.779ms
[107.519s][info][gc] GC(49) Pause Young (Concurrent Start) (G1 Evacuation Pause) 783M->441M(860M) 28.040ms
[107.519s][info][gc] GC(50) Concurrent Mark Cycle
[108.206s][info][gc] GC(50) Pause Remark 575M->575M(959M) 24.449ms
[108.588s][info][gc] GC(50) Pause Cleanup 650M->650M(959M) 0.460ms
[108.591s][info][gc] GC(50) Concurrent Mark Cycle 1072.049ms
[109.218s][info][gc] GC(51) Pause Young (Prepare Mixed) (G1 Evacuation Pause) 777M->450M(959M) 27.432ms
[110.581s][info][gc] GC(52) Pause Young (Mixed) (G1 Evacuation Pause) 877M->447M(959M) 53.137ms
[113.666s][info][gc] GC(53) Pause Young (Concurrent Start) (G1 Evacuation Pause) 881M->457M(959M) 25.473ms
[113.666s][info][gc] GC(54) Concurrent Mark Cycle
[114.097s][info][gc] GC(54) Pause Remark 460M->460M(959M) 21.023ms
[114.322s][info][gc] GC(54) Pause Cleanup 461M->461M(959M) 0.445ms
[114.324s][info][gc] GC(54) Concurrent Mark Cycle 658.417ms
[118.802s][info][gc] GC(55) Pause Young (Prepare Mixed) (G1 Evacuation Pause) 871M->458M(959M) 48.812ms
[120.630s][info][gc] GC(56) Pause Young (Mixed) (G1 Evacuation Pause) 881M->457M(959M) 30.893ms
[122.865s][info][gc] GC(57) Pause Young (Concurrent Start) (G1 Evacuation Pause) 873M->470M(959M) 41.401ms
[122.865s][info][gc] GC(58) Concurrent Mark Cycle
[123.550s][info][gc] GC(58) Pause Remark 518M->518M(959M) 18.543ms
[123.998s][info][gc] GC(58) Pause Cleanup 601M->601M(959M) 0.494ms
[124.003s][info][gc] GC(58) Concurrent Mark Cycle 1137.627ms
[138.063s][info][gc] GC(59) Pause Young (Prepare Mixed) (G1 Evacuation Pause) 870M->479M(959M) 32.729ms
[144.242s][info][gc] GC(60) Pause Young (Mixed) (G1 Evacuation Pause) 878M->480M(959M) 34.667ms
[146.286s][info][gc] GC(61) Pause Young (Concurrent Start) (G1 Evacuation Pause) 875M->492M(959M) 54.135ms
[146.286s][info][gc] GC(62) Concurrent Mark Cycle
[147.508s][info][gc] GC(62) Pause Remark 665M->665M(1110M) 65.485ms
[148.139s][info][gc] GC(62) Pause Cleanup 743M->743M(1110M) 0.502ms
[148.142s][info][gc] GC(62) Concurrent Mark Cycle 1856.462ms
[151.558s][info][gc] GC(63) Pause Young (Prepare Mixed) (G1 Evacuation Pause) 869M->501M(1110M) 39.440ms
[161.881s][info][gc] GC(64) Pause Young (Mixed) (G1 Evacuation Pause) 1020M->500M(1110M) 58.550ms
[164.016s][info][gc] GC(65) Pause Young (Concurrent Start) (G1 Evacuation Pause) 1013M->512M(1110M) 33.733ms
[164.016s][info][gc] GC(66) Concurrent Mark Cycle
[164.730s][info][gc] GC(66) Pause Remark 603M->603M(1110M) 32.193ms
[164.985s][info][gc] GC(66) Pause Cleanup 605M->605M(1110M) 0.705ms
[164.987s][info][gc] GC(66) Concurrent Mark Cycle 971.352ms
[170.395s][info][gc] GC(67) Pause Young (Prepare Mixed) (G1 Evacuation Pause) 1009M->521M(1110M) 58.424ms
[172.434s][info][gc] GC(68) Pause Young (Mixed) (G1 Evacuation Pause) 1012M->520M(1110M) 40.419ms
[177.401s][info][gc] GC(69) Pause Young (Concurrent Start) (G1 Evacuation Pause) 1010M->529M(1110M) 57.531ms
[177.401s][info][gc] GC(70) Concurrent Mark Cycle
[178.125s][info][gc] GC(70) Pause Remark 683M->683M(1140M) 24.928ms
[178.527s][info][gc] GC(70) Pause Cleanup 765M->765M(1140M) 1.490ms
[178.530s][info][gc] GC(70) Concurrent Mark Cycle 1128.975ms
[179.716s][info][gc] GC(71) Pause Young (Prepare Mixed) (G1 Evacuation Pause) 1020M->540M(1140M) 32.786ms
[184.729s][info][gc] GC(72) Pause Young (Mixed) (G1 Evacuation Pause) 1039M->538M(1140M) 37.080ms
[187.033s][info][gc] GC(73) Pause Young (Concurrent Start) (G1 Evacuation Pause) 1050M->549M(1140M) 27.936ms
[187.033s][info][gc] GC(74) Concurrent Mark Cycle
[187.752s][info][gc] GC(74) Pause Remark 671M->671M(1140M) 18.454ms
[188.224s][info][gc] GC(74) Pause Cleanup 767M->767M(1140M) 0.902ms
[188.227s][info][gc] GC(74) Concurrent Mark Cycle 1193.073ms
[189.204s][info][gc] GC(75) Pause Young (Prepare Mixed) (G1 Evacuation Pause) 1039M->559M(1140M) 32.925ms
[201.306s][info][gc] GC(76) Pause Young (Mixed) (G1 Evacuation Pause) 1039M->560M(1140M) 62.440ms
[203.304s][info][gc] GC(77) Pause Young (Concurrent Start) (G1 Evacuation Pause) 1049M->572M(1140M) 35.609ms
[203.304s][info][gc] GC(78) Concurrent Mark Cycle
[204.142s][info][gc] GC(78) Pause Remark 718M->718M(1199M) 14.612ms
[204.572s][info][gc] GC(78) Pause Cleanup 770M->770M(1199M) 0.495ms
[204.574s][info][gc] GC(78) Concurrent Mark Cycle 1269.852ms
[209.097s][info][gc] GC(79) Pause Young (Prepare Mixed) (G1 Evacuation Pause) 1033M->581M(1199M) 57.964ms
[211.238s][info][gc] GC(80) Pause Young (Mixed) (G1 Evacuation Pause) 1101M->585M(1199M) 39.861ms
[223.039s][info][gc] GC(81) Pause Young (Concurrent Start) (G1 Evacuation Pause) 1091M->592M(1199M) 36.451ms
[223.039s][info][gc] GC(82) Concurrent Mark Cycle
[223.921s][info][gc] GC(82) Pause Remark 768M->768M(1282M) 18.953ms
[224.320s][info][gc] GC(82) Pause Cleanup 858M->858M(1282M) 0.604ms
[224.324s][info][gc] GC(82) Concurrent Mark Cycle 1284.517ms
[225.516s][info][gc] GC(83) Pause Young (Prepare Mixed) (G1 Evacuation Pause) 1099M->603M(1282M) 30.830ms
[230.807s][info][gc] GC(84) Pause Young (Mixed) (G1 Evacuation Pause) 1171M->607M(1282M) 65.903ms
[233.262s][info][gc] GC(85) Pause Young (Concurrent Start) (G1 Evacuation Pause) 1171M->618M(1282M) 34.139ms
[233.262s][info][gc] GC(86) Concurrent Mark Cycle
[234.101s][info][gc] GC(86) Pause Remark 775M->775M(1294M) 16.959ms
[234.644s][info][gc] GC(86) Pause Cleanup 869M->869M(1294M) 0.590ms
[234.652s][info][gc] GC(86) Concurrent Mark Cycle 1390.115ms
[239.214s][info][gc] GC(87) Pause Young (Prepare Mixed) (G1 Evacuation Pause) 1169M->627M(1294M) 33.162ms
[241.861s][info][gc] GC(88) Pause Young (Mixed) (G1 Evacuation Pause) 1183M->631M(1294M) 41.882ms
[247.021s][info][gc] GC(89) Pause Young (Concurrent Start) (G1 Evacuation Pause) 1180M->639M(1294M) 35.291ms
[247.021s][info][gc] GC(90) Concurrent Mark Cycle
[247.996s][info][gc] GC(90) Pause Remark 843M->843M(1407M) 15.570ms
[248.435s][info][gc] GC(90) Pause Cleanup 929M->929M(1407M) 2.148ms
[248.439s][info][gc] GC(90) Concurrent Mark Cycle 1418.171ms
[249.461s][info][gc] GC(91) Pause Young (Prepare Mixed) (G1 Evacuation Pause) 1177M->650M(1407M) 32.590ms
[255.045s][info][gc] GC(92) Pause Young (Mixed) (G1 Evacuation Pause) 1290M->654M(1407M) 41.332ms
[257.469s][info][gc] GC(93) Pause Young (Concurrent Start) (G1 Evacuation Pause) 1288M->666M(1407M) 37.179ms
[257.469s][info][gc] GC(94) Concurrent Mark Cycle
[258.347s][info][gc] GC(94) Pause Remark 793M->793M(1407M) 17.114ms
[258.670s][info][gc] GC(94) Pause Cleanup 798M->798M(1407M) 0.558ms
[258.674s][info][gc] GC(94) Concurrent Mark Cycle 1204.270ms
[263.989s][info][gc] GC(95) Pause Young (Prepare Mixed) (G1 Evacuation Pause) 1286M->677M(1407M) 61.293ms
[266.422s][info][gc] GC(96) Pause Young (Mixed) (G1 Evacuation Pause) 1287M->683M(1407M) 48.448ms
[273.021s][info][gc] GC(97) Pause Young (Concurrent Start) (G1 Evacuation Pause) 1283M->695M(1407M) 37.907ms
[273.022s][info][gc] GC(98) Concurrent Mark Cycle
[274.052s][info][gc] GC(98) Pause Remark 900M->900M(1504M) 17.081ms
[274.632s][info][gc] GC(98) Pause Cleanup 1000M->1000M(1504M) 0.709ms
[274.636s][info][gc] GC(98) Concurrent Mark Cycle 1614.462ms
[275.531s][info][gc] GC(99) Pause Young (Prepare Mixed) (G1 Evacuation Pause) 1278M->702M(1504M) 35.431ms
[284.386s][info][gc] GC(100) Pause Young (Mixed) (G1 Evacuation Pause) 1380M->710M(1504M) 65.937ms
[291.127s][info][gc] GC(101) Pause Young (Concurrent Start) (G1 Evacuation Pause) 1379M->718M(1504M) 35.133ms
[291.127s][info][gc] GC(102) Concurrent Mark Cycle
[292.102s][info][gc] GC(102) Pause Remark 920M->920M(1535M) 16.707ms
[292.632s][info][gc] GC(102) Pause Cleanup 1058M->1058M(1535M) 0.687ms
[292.635s][info][gc] GC(102) Concurrent Mark Cycle 1508.041ms
[293.925s][info][gc] GC(103) Pause Young (Prepare Mixed) (G1 Evacuation Pause) 1379M->732M(1535M) 34.975ms
[299.802s][info][gc] GC(104) Pause Young (Mixed) (G1 Evacuation Pause) 1406M->737M(1535M) 65.316ms
[302.521s][info][gc] GC(105) Pause Young (Concurrent Start) (G1 Evacuation Pause) 1407M->751M(1535M) 38.996ms
[302.521s][info][gc] GC(106) Concurrent Mark Cycle
[303.382s][info][gc] GC(106) Pause Remark 823M->823M(1535M) 20.551ms
[303.774s][info][gc] GC(106) Pause Cleanup 828M->828M(1535M) 0.568ms
[303.777s][info][gc] GC(106) Concurrent Mark Cycle 1256.409ms
[311.782s][info][gc] GC(107) Pause Young (Prepare Mixed) (G1 Evacuation Pause) 1405M->762M(1535M) 61.390ms
[314.235s][info][gc] GC(108) Pause Young (Mixed) (G1 Evacuation Pause) 1406M->766M(1535M) 39.634ms
[320.489s][info][gc] GC(109) Pause Young (Concurrent Start) (G1 Evacuation Pause) 1406M->778M(1535M) 59.522ms
[320.489s][info][gc] GC(110) Concurrent Mark Cycle
[321.714s][info][gc] GC(110) Pause Remark 1026M->1026M(1712M) 18.595ms
[322.313s][info][gc] GC(110) Pause Cleanup 1103M->1103M(1712M) 0.737ms
[322.317s][info][gc] GC(110) Concurrent Mark Cycle 1828.481ms
[323.727s][info][gc] GC(111) Pause Young (Prepare Mixed) (G1 Evacuation Pause) 1396M->786M(1712M) 34.199ms
[329.995s][info][gc] GC(112) Pause Young (Mixed) (G1 Evacuation Pause) 1578M->798M(1712M) 59.919ms
[335.845s][info][gc] GC(113) Pause Young (Concurrent Start) (G1 Evacuation Pause) 1563M->809M(1712M) 41.425ms
[335.845s][info][gc] GC(114) Concurrent Mark Cycle
[337.019s][info][gc] GC(114) Pause Remark 1039M->1039M(1734M) 19.243ms
[337.622s][info][gc] GC(114) Pause Cleanup 1157M->1157M(1734M) 0.817ms
[337.626s][info][gc] GC(114) Concurrent Mark Cycle 1780.795ms
[340.385s][info][gc] GC(115) Pause Young (Prepare Mixed) (G1 Evacuation Pause) 1562M->820M(1734M) 40.893ms
[348.809s][info][gc] GC(116) Pause Young (Mixed) (G1 Evacuation Pause) 1583M->829M(1734M) 75.286ms
[360.929s][info][gc] GC(117) Pause Young (Concurrent Start) (G1 Evacuation Pause) 1580M->839M(1734M) 45.060ms
[360.929s][info][gc] GC(118) Concurrent Mark Cycle
[362.259s][info][gc] GC(118) Pause Remark 1092M->1092M(1820M) 21.738ms
[362.881s][info][gc] GC(118) Pause Cleanup 1194M->1194M(1820M) 28.575ms
[362.886s][info][gc] GC(118) Concurrent Mark Cycle 1956.862ms
[364.581s][info][gc] GC(119) Pause Young (Prepare Mixed) (G1 Evacuation Pause) 1592M->853M(1820M) 38.328ms
[373.035s][info][gc] GC(120) Pause Young (Mixed) (G1 Evacuation Pause) 1676M->866M(1820M) 47.272ms
[380.497s][info][gc] GC(121) Pause Young (Concurrent Start) (G1 Evacuation Pause) 1659M->879M(1820M) 72.723ms
[380.498s][info][gc] GC(122) Concurrent Mark Cycle
[381.639s][info][gc] GC(122) Pause Remark 1129M->1129M(1882M) 20.887ms
[382.285s][info][gc] GC(122) Pause Cleanup 1264M->1264M(1882M) 0.970ms
[382.290s][info][gc] GC(122) Concurrent Mark Cycle 1792.127ms
[383.620s][info][gc] GC(123) Pause Young (Prepare Mixed) (G1 Evacuation Pause) 1666M->891M(1882M) 44.127ms
[392.916s][info][gc] GC(124) Pause Young (Mixed) (G1 Evacuation Pause) 1726M->903M(1882M) 47.112ms
[399.490s][info][gc] GC(125) Pause Young (Concurrent Start) (G1 Evacuation Pause) 1725M->918M(1882M) 71.318ms
[399.490s][info][gc] GC(126) Concurrent Mark Cycle
[400.855s][info][gc] GC(126) Pause Remark 1169M->1169M(1950M) 17.055ms
[401.446s][info][gc] GC(126) Pause Cleanup 1249M->1249M(1950M) 0.895ms
[401.451s][info][gc] GC(126) Concurrent Mark Cycle 1960.543ms
[406.588s][info][gc] GC(127) Pause Young (Prepare Mixed) (G1 Evacuation Pause) 1720M->933M(1950M) 71.498ms
[415.610s][info][gc] GC(128) Pause Young (Mixed) (G1 Evacuation Pause) 1789M->944M(1950M) 81.400ms
[422.454s][info][gc] GC(129) Pause Young (Concurrent Start) (G1 Evacuation Pause) 1787M->960M(1950M) 53.476ms
[422.455s][info][gc] GC(130) Concurrent Mark Cycle
[424.502s][info][gc] GC(130) Pause Remark 1232M->1232M(2048M) 21.416ms
[425.554s][info][gc] GC(130) Pause Cleanup 1350M->1350M(2048M) 0.732ms
[425.584s][info][gc] GC(130) Concurrent Mark Cycle 3129.428ms
[430.525s][info][gc] GC(131) Pause Young (Prepare Mixed) (G1 Evacuation Pause) 1782M->973M(2048M) 73.405ms
[435.045s][info][gc] GC(132) Pause Young (Mixed) (G1 Evacuation Pause) 1883M->984M(2048M) 48.975ms
[446.331s][info][gc] GC(133) Pause Young (Concurrent Start) (G1 Evacuation Pause) 1883M->1000M(2048M) 55.528ms
[446.331s][info][gc] GC(134) Concurrent Mark Cycle
[447.755s][info][gc] GC(134) Pause Remark 1157M->1157M(2048M) 18.712ms
[448.227s][info][gc] GC(134) Pause Cleanup 1170M->1170M(2048M) 0.766ms
[448.231s][info][gc] GC(134) Concurrent Mark Cycle 1900.495ms
[460.948s][info][gc] GC(135) Pause Young (Prepare Mixed) (G1 Evacuation Pause) 1879M->1011M(2048M) 45.747ms
[473.188s][info][gc] GC(136) Pause Young (Mixed) (G1 Evacuation Pause) 1884M->1016M(2048M) 44.447ms
[482.023s][info][gc] GC(137) Pause Young (Concurrent Start) (G1 Evacuation Pause) 1890M->1019M(2048M) 38.463ms
[482.023s][info][gc] GC(138) Concurrent Mark Cycle
[483.736s][info][gc] GC(139) Pause Young (Normal) (G1 Evacuation Pause) 1887M->1021M(2048M) 41.740ms
[483.993s][info][gc] GC(138) Pause Remark 1133M->1133M(2048M) 44.263ms
[484.881s][info][gc] GC(138) Pause Cleanup 1571M->1571M(2048M) 0.657ms
[484.885s][info][gc] GC(138) Concurrent Mark Cycle 2862.248ms
[485.352s][info][gc] GC(140) Pause Young (Prepare Mixed) (G1 Evacuation Pause) 1885M->1021M(2048M) 39.566ms
[486.439s][info][gc] GC(141) Pause Young (Mixed) (G1 Evacuation Pause) 1901M->1018M(2048M) 50.823ms
[487.537s][info][gc] GC(142) Pause Young (Concurrent Start) (G1 Evacuation Pause) 1902M->1018M(2048M) 37.603ms
[487.537s][info][gc] GC(143) Concurrent Mark Cycle
[488.990s][info][gc] GC(143) Pause Remark 1850M->1850M(2048M) 45.089ms
[489.106s][info][gc] GC(144) Pause Young (Normal) (G1 Evacuation Pause) 1900M->1018M(2048M) 56.842ms
[489.790s][info][gc] GC(143) Pause Cleanup 1439M->1439M(2048M) 1.121ms
[489.794s][info][gc] GC(143) Concurrent Mark Cycle 2256.976ms
[490.309s][info][gc] GC(145) Pause Young (Prepare Mixed) (G1 Evacuation Pause) 1900M->1019M(2048M) 38.291ms
[491.247s][info][gc] GC(146) Pause Young (Mixed) (G1 Evacuation Pause) 1899M->1016M(2048M) 39.554ms
[492.206s][info][gc] GC(147) Pause Young (Concurrent Start) (G1 Evacuation Pause) 1901M->1017M(2048M) 51.918ms
[492.206s][info][gc] GC(148) Concurrent Mark Cycle
[493.516s][info][gc] GC(148) Concurrent Mark Cycle 1309.114ms
