[0.003s][info][gc] Using G1
[0.321s][info][gc] GC(0) Pause Young (Concurrent Start) (G1 Humongous Allocation) 241M->3M(513M) 3.387ms
[0.321s][info][gc] GC(1) Concurrent Undo Cycle
[0.321s][info][gc] GC(1) Concurrent Undo Cycle 0.105ms
[0.408s][info][gc] GC(2) Pause Young (Normal) (G1 Evacuation Pause) 215M->2M(513M) 3.172ms
[1.709s][info][gc] GC(3) Pause Young (Concurrent Start) (Metadata GC Threshold) 313M->15M(513M) 10.982ms
[1.710s][info][gc] GC(4) Concurrent Mark Cycle
[1.724s][info][gc] GC(4) Pause Remark 16M->16M(512M) 3.044ms
[1.725s][info][gc] GC(4) Pause Cleanup 16M->16M(512M) 0.079ms
[1.727s][info][gc] GC(4) Concurrent Mark Cycle 17.101ms
[2.113s][info][gc] GC(5) Pause Young (Prepare Mixed) (G1 Evacuation Pause) 65M->31M(512M) 21.032ms
[2.183s][info][gc] GC(6) Pause Young (Mixed) (G1 Evacuation Pause) 48M->40M(512M) 17.304ms
[2.269s][info][gc] GC(7) Pause Young (Normal) (G1 Evacuation Pause) 68M->53M(512M) 12.241ms
[2.314s][info][gc] GC(8) Pause Young (Normal) (G1 Evacuation Pause) 83M->69M(820M) 13.969ms
[2.403s][info][gc] GC(9) Pause Young (Normal) (G1 Evacuation Pause) 111M->90M(820M) 17.658ms
[2.494s][info][gc] GC(10) Pause Young (Normal) (G1 Evacuation Pause) 127M->108M(820M) 19.623ms
[2.604s][info][gc] GC(11) Pause Young (Normal) (G1 Evacuation Pause) 143M->128M(820M) 27.430ms
[2.799s][info][gc] GC(12) Pause Young (Normal) (G1 Evacuation Pause) 163M->148M(1169M) 41.175ms
[3.247s][info][gc] GC(13) Pause Young (Concurrent Start) (Metadata GC Threshold) 178M->155M(1169M) 29.979ms
[3.247s][info][gc] GC(14) Concurrent Mark Cycle
[3.498s][info][gc] GC(14) Pause Remark 165M->161M(540M) 6.052ms
[3.669s][info][gc] GC(14) Pause Cleanup 169M->169M(540M) 0.214ms
[3.671s][info][gc] GC(14) Concurrent Mark Cycle 423.779ms
[4.081s][info][gc] GC(15) Pause Young (Prepare Mixed) (G1 Evacuation Pause) 235M->160M(540M) 18.263ms
[4.417s][info][gc] GC(16) Pause Young (Mixed) (G1 Evacuation Pause) 266M->167M(540M) 22.770ms
[5.970s][info][gc] GC(17) Pause Young (Normal) (G1 Evacuation Pause) 329M->194M(540M) 65.343ms
[6.169s][info][gc] GC(18) Pause Young (Normal) (G1 Evacuation Pause) 325M->241M(738M) 75.498ms
[6.371s][info][gc] GC(19) Pause Young (Concurrent Start) (Metadata GC Threshold) 319M->265M(738M) 55.740ms
[6.371s][info][gc] GC(20) Concurrent Mark Cycle
[6.615s][info][gc] GC(20) Pause Remark 266M->232M(738M) 9.363ms
[6.757s][info][gc] GC(20) Pause Cleanup 232M->232M(738M) 0.331ms
[6.760s][info][gc] GC(20) Concurrent Mark Cycle 388.836ms
[9.061s][info][gc] GC(21) Pause Young (Prepare Mixed) (G1 Evacuation Pause) 396M->259M(738M) 68.230ms
[10.154s][info][gc] GC(22) Pause Young (Mixed) (G1 Evacuation Pause) 485M->249M(738M) 57.740ms
[12.284s][info][gc] GC(23) Pause Young (Normal) (G1 Evacuation Pause) 630M->282M(738M) 79.079ms
[12.866s][info][gc] GC(24) Pause Young (Concurrent Start) (G1 Humongous Allocation) 439M->311M(738M) 94.103ms
[12.866s][info][gc] GC(25) Concurrent Mark Cycle
[13.350s][info][gc] GC(25) Pause Remark 355M->354M(738M) 39.278ms
[13.612s][info][gc] GC(25) Pause Cleanup 362M->362M(738M) 1.234ms
[13.615s][info][gc] GC(25) Concurrent Mark Cycle 748.284ms
[15.506s][info][gc] GC(26) Pause Young (Prepare Mixed) (G1 Evacuation Pause) 610M->296M(738M) 33.835ms
[27.281s][info][gc] GC(27) Pause Young (Mixed) (G1 Evacuation Pause) 624M->309M(738M) 38.327ms
[29.514s][info][gc] GC(28) Pause Young (Concurrent Start) (G1 Evacuation Pause) 633M->327M(738M) 47.524ms
[29.514s][info][gc] GC(29) Concurrent Mark Cycle
[30.293s][info][gc] GC(29) Pause Remark 406M->374M(738M) 27.339ms
[30.669s][info][gc] GC(29) Pause Cleanup 402M->402M(738M) 0.278ms
[30.680s][info][gc] GC(29) Concurrent Mark Cycle 1165.776ms
[33.063s][info][gc] GC(30) Pause Young (Prepare Mixed) (G1 Evacuation Pause) 613M->306M(738M) 60.209ms
[36.001s][info][gc] GC(31) Pause Young (Mixed) (G1 Evacuation Pause) 651M->308M(738M) 28.625ms
[38.691s][info][gc] GC(32) Pause Young (Concurrent Start) (G1 Evacuation Pause) 661M->327M(738M) 35.466ms
[38.691s][info][gc] GC(33) Concurrent Mark Cycle
[39.687s][info][gc] GC(33) Pause Remark 432M->432M(738M) 39.883ms
[40.097s][info][gc] GC(33) Pause Cleanup 448M->448M(738M) 2.166ms
[40.105s][info][gc] GC(33) Concurrent Mark Cycle 1413.792ms
[41.310s][info][gc] GC(34) Pause Young (Prepare Mixed) (G1 Evacuation Pause) 659M->336M(738M) 37.609ms
[49.146s][info][gc] GC(35) Pause Young (Mixed) (G1 Evacuation Pause) 670M->346M(738M) 56.959ms
[49.756s][info][gc] GC(36) Pause Young (Concurrent Start) (G1 Evacuation Pause) 670M->345M(738M) 41.362ms
[49.756s][info][gc] GC(37) Concurrent Mark Cycle
[50.417s][info][gc] GC(37) Pause Remark 546M->546M(912M) 23.860ms
[50.603s][info][gc] GC(38) Pause Young (Normal) (G1 Evacuation Pause) 671M->333M(912M) 10.969ms
[50.767s][info][gc] GC(37) Pause Cleanup 396M->396M(912M) 2.025ms
[50.770s][info][gc] GC(37) Concurrent Mark Cycle 1014.702ms
[179.582s][info][gc] GC(39) Pause Full (Heap Inspection Initiated GC) 463M->237M(797M) 409.263ms
[180.426s][info][gc] GC(40) Pause Full (Diagnostic Command) 238M->237M(797M) 354.668ms
[196.104s][info][gc] GC(41) Pause Full (Heap Inspection Initiated GC) 245M->237M(797M) 357.175ms
