[2026-09-25T20:05:07.058+0000][0.012s][info][gc,init] CardTable entry size: 512
[2026-09-25T20:05:07.058+0000][0.012s][info][gc     ] Using Parallel
[2026-09-25T20:05:07.068+0000][0.022s][info][gc,init] Version: 21.0.12.1+1-LTS (release)
[2026-09-25T20:05:07.068+0000][0.022s][info][gc,init] CPUs: 4 total, 4 available
[2026-09-25T20:05:07.068+0000][0.022s][info][gc,init] Memory: 15989M
[2026-09-25T20:05:07.068+0000][0.022s][info][gc,init] Large Page Support: Disabled
[2026-09-25T20:05:07.068+0000][0.022s][info][gc,init] NUMA Support: Disabled
[2026-09-25T20:05:07.068+0000][0.022s][info][gc,init] Compressed Oops: Enabled (Zero based)
[2026-09-25T20:05:07.068+0000][0.022s][info][gc,init] Alignments: Space 512K, Generation 512K, Heap 2M
[2026-09-25T20:05:07.068+0000][0.022s][info][gc,init] Heap Min Capacity: 4G
[2026-09-25T20:05:07.068+0000][0.022s][info][gc,init] Heap Initial Capacity: 4G
[2026-09-25T20:05:07.068+0000][0.022s][info][gc,init] Heap Max Capacity: 10G
[2026-09-25T20:05:07.068+0000][0.022s][info][gc,init] Pre-touch: Disabled
[2026-09-25T20:05:07.068+0000][0.022s][info][gc,init] Parallel Workers: 4
[2026-09-25T20:05:07.076+0000][0.030s][info][gc,metaspace] CDS archive(s) mapped at: [0x00007f6b9f000000-0x00007f6b9fc9c000-0x00007f6b9fc9c000), size 13221888, SharedBaseAddress: 0x00007f6b9f000000, ArchiveRelocationMode: 1.
[2026-09-25T20:05:07.076+0000][0.030s][info][gc,metaspace] Compressed class space mapped at: 0x00007f6ba0000000-0x00007f6be0000000, reserved size: 1073741824
[2026-09-25T20:05:07.076+0000][0.030s][info][gc,metaspace] Narrow klass base: 0x00007f6b9f000000, Narrow klass shift: 0, Narrow klass range: 0x100000000
[2026-09-25T20:05:09.494+0000][2.448s][info][gc,start    ] GC(0) Pause Young (Metadata GC Threshold)
[2026-09-25T20:05:09.501+0000][2.454s][info][gc,heap     ] GC(0) PSYoungGen: 919414K(1223168K)->12690K(1223168K) Eden: 919414K(1048576K)->0K(1048576K) From: 0K(174592K)->12690K(174592K)
[2026-09-25T20:05:09.501+0000][2.454s][info][gc,heap     ] GC(0) ParOldGen: 1073K(2796544K)->1145K(2796544K)
[2026-09-25T20:05:09.501+0000][2.454s][info][gc,metaspace] GC(0) Metaspace: 21085K(21504K)->21085K(21504K) NonClass: 18711K(18944K)->18711K(18944K) Class: 2374K(2560K)->2374K(2560K)
[2026-09-25T20:05:09.501+0000][2.454s][info][gc          ] GC(0) Pause Young (Metadata GC Threshold) 898M->13M(3925M) 6.320ms
[2026-09-25T20:05:09.501+0000][2.454s][info][gc,cpu      ] GC(0) User=0.02s Sys=0.00s Real=0.01s
[2026-09-25T20:05:09.501+0000][2.454s][info][gc,start    ] GC(1) Pause Full (Metadata GC Threshold)
[2026-09-25T20:05:09.501+0000][2.454s][info][gc,phases,start] GC(1) Marking Phase
[2026-09-25T20:05:09.508+0000][2.462s][info][gc,phases      ] GC(1) Marking Phase 7.129ms
[2026-09-25T20:05:09.508+0000][2.462s][info][gc,phases,start] GC(1) Summary Phase
[2026-09-25T20:05:09.508+0000][2.462s][info][gc,phases      ] GC(1) Summary Phase 0.010ms
[2026-09-25T20:05:09.508+0000][2.462s][info][gc,phases,start] GC(1) Adjust Roots
[2026-09-25T20:05:09.511+0000][2.465s][info][gc,phases      ] GC(1) Adjust Roots 2.963ms
[2026-09-25T20:05:09.511+0000][2.465s][info][gc,phases,start] GC(1) Compaction Phase
[2026-09-25T20:05:09.518+0000][2.472s][info][gc,phases      ] GC(1) Compaction Phase 6.871ms
[2026-09-25T20:05:09.518+0000][2.472s][info][gc,phases,start] GC(1) Post Compact
[2026-09-25T20:05:09.519+0000][2.473s][info][gc,phases      ] GC(1) Post Compact 1.240ms
[2026-09-25T20:05:09.519+0000][2.473s][info][gc,heap        ] GC(1) PSYoungGen: 12690K(1223168K)->0K(1223168K) Eden: 0K(1048576K)->0K(1048576K) From: 12690K(174592K)->0K(174592K)
[2026-09-25T20:05:09.519+0000][2.473s][info][gc,heap        ] GC(1) ParOldGen: 1145K(2796544K)->13574K(2796544K)
[2026-09-25T20:05:09.519+0000][2.473s][info][gc,metaspace   ] GC(1) Metaspace: 21085K(21504K)->21085K(21504K) NonClass: 18711K(18944K)->18711K(18944K) Class: 2374K(2560K)->2374K(2560K)
[2026-09-25T20:05:09.519+0000][2.473s][info][gc             ] GC(1) Pause Full (Metadata GC Threshold) 13M->13M(3925M) 18.355ms
[2026-09-25T20:05:09.519+0000][2.473s][info][gc,cpu         ] GC(1) User=0.04s Sys=0.01s Real=0.02s
[2026-09-25T20:05:10.715+0000][3.668s][info][gc,start       ] GC(2) Pause Young (Metadata GC Threshold)
[2026-09-25T20:05:10.739+0000][3.692s][info][gc,heap        ] GC(2) PSYoungGen: 437923K(1223168K)->51017K(1223168K) Eden: 437923K(1048576K)->0K(1048576K) From: 0K(174592K)->51017K(174592K)
[2026-09-25T20:05:10.739+0000][3.692s][info][gc,heap        ] GC(2) ParOldGen: 13574K(2796544K)->13582K(2796544K)
[2026-09-25T20:05:10.739+0000][3.692s][info][gc,metaspace   ] GC(2) Metaspace: 35420K(35840K)->35420K(35840K) NonClass: 31308K(31552K)->31308K(31552K) Class: 4111K(4288K)->4111K(4288K)
[2026-09-25T20:05:10.739+0000][3.693s][info][gc             ] GC(2) Pause Young (Metadata GC Threshold) 440M->63M(3925M) 24.277ms
[2026-09-25T20:05:10.739+0000][3.693s][info][gc,cpu         ] GC(2) User=0.09s Sys=0.00s Real=0.03s
[2026-09-25T20:05:10.739+0000][3.693s][info][gc,start       ] GC(3) Pause Full (Metadata GC Threshold)
[2026-09-25T20:05:10.739+0000][3.693s][info][gc,phases,start] GC(3) Marking Phase
[2026-09-25T20:05:10.764+0000][3.718s][info][gc,phases      ] GC(3) Marking Phase 25.111ms
[2026-09-25T20:05:10.764+0000][3.718s][info][gc,phases,start] GC(3) Summary Phase
[2026-09-25T20:05:10.764+0000][3.718s][info][gc,phases      ] GC(3) Summary Phase 0.021ms
[2026-09-25T20:05:10.764+0000][3.718s][info][gc,phases,start] GC(3) Adjust Roots
[2026-09-25T20:05:10.768+0000][3.721s][info][gc,phases      ] GC(3) Adjust Roots 3.495ms
[2026-09-25T20:05:10.768+0000][3.721s][info][gc,phases,start] GC(3) Compaction Phase
[2026-09-25T20:05:10.807+0000][3.760s][info][gc,phases      ] GC(3) Compaction Phase 39.080ms
[2026-09-25T20:05:10.807+0000][3.760s][info][gc,phases,start] GC(3) Post Compact
[2026-09-25T20:05:10.808+0000][3.761s][info][gc,phases      ] GC(3) Post Compact 0.959ms
[2026-09-25T20:05:10.808+0000][3.761s][info][gc,heap        ] GC(3) PSYoungGen: 51017K(1223168K)->0K(1223168K) Eden: 0K(1048576K)->0K(1048576K) From: 51017K(174592K)->0K(174592K)
[2026-09-25T20:05:10.808+0000][3.761s][info][gc,heap        ] GC(3) ParOldGen: 13582K(2796544K)->64231K(2796544K)
[2026-09-25T20:05:10.808+0000][3.761s][info][gc,metaspace   ] GC(3) Metaspace: 35420K(35840K)->35418K(35840K) NonClass: 31308K(31552K)->31307K(31552K) Class: 4111K(4288K)->4110K(4288K)
[2026-09-25T20:05:10.808+0000][3.761s][info][gc             ] GC(3) Pause Full (Metadata GC Threshold) 63M->62M(3925M) 68.815ms
[2026-09-25T20:05:10.808+0000][3.761s][info][gc,cpu         ] GC(3) User=0.23s Sys=0.01s Real=0.06s
[2026-09-25T20:05:12.865+0000][5.819s][info][gc,start       ] GC(4) Pause Young (Metadata GC Threshold)
[2026-09-25T20:05:12.897+0000][5.850s][info][gc,heap        ] GC(4) PSYoungGen: 380762K(1223168K)->42993K(1223168K) Eden: 380762K(1048576K)->0K(1048576K) From: 0K(174592K)->42993K(174592K)
[2026-09-25T20:05:12.897+0000][5.850s][info][gc,heap        ] GC(4) ParOldGen: 64231K(2796544K)->64239K(2796544K)
[2026-09-25T20:05:12.897+0000][5.851s][info][gc,metaspace   ] GC(4) Metaspace: 59202K(59776K)->59202K(59776K) NonClass: 50580K(50880K)->50580K(50880K) Class: 8622K(8896K)->8622K(8896K)
[2026-09-25T20:05:12.897+0000][5.851s][info][gc             ] GC(4) Pause Young (Metadata GC Threshold) 434M->104M(3925M) 31.919ms
[2026-09-25T20:05:12.897+0000][5.851s][info][gc,cpu         ] GC(4) User=0.12s Sys=0.01s Real=0.03s
[2026-09-25T20:05:12.897+0000][5.851s][info][gc,start       ] GC(5) Pause Full (Metadata GC Threshold)
[2026-09-25T20:05:12.897+0000][5.851s][info][gc,phases,start] GC(5) Marking Phase
[2026-09-25T20:05:12.976+0000][5.930s][info][gc,phases      ] GC(5) Marking Phase 78.950ms
[2026-09-25T20:05:12.976+0000][5.930s][info][gc,phases,start] GC(5) Summary Phase
[2026-09-25T20:05:12.976+0000][5.930s][info][gc,phases      ] GC(5) Summary Phase 0.010ms
[2026-09-25T20:05:12.976+0000][5.930s][info][gc,phases,start] GC(5) Adjust Roots
[2026-09-25T20:05:12.986+0000][5.940s][info][gc,phases      ] GC(5) Adjust Roots 10.314ms
[2026-09-25T20:05:12.986+0000][5.940s][info][gc,phases,start] GC(5) Compaction Phase
[2026-09-25T20:05:13.080+0000][6.033s][info][gc,phases      ] GC(5) Compaction Phase 93.338ms
[2026-09-25T20:05:13.080+0000][6.033s][info][gc,phases,start] GC(5) Post Compact
[2026-09-25T20:05:13.081+0000][6.035s][info][gc,phases      ] GC(5) Post Compact 1.164ms
[2026-09-25T20:05:13.081+0000][6.035s][info][gc,heap        ] GC(5) PSYoungGen: 42993K(1223168K)->0K(1223168K) Eden: 0K(1048576K)->0K(1048576K) From: 42993K(174592K)->0K(174592K)
[2026-09-25T20:05:13.081+0000][6.035s][info][gc,heap        ] GC(5) ParOldGen: 64239K(2796544K)->103016K(2796544K)
[2026-09-25T20:05:13.081+0000][6.035s][info][gc,metaspace   ] GC(5) Metaspace: 59202K(59776K)->59202K(59776K) NonClass: 50580K(50880K)->50580K(50880K) Class: 8622K(8896K)->8622K(8896K)
[2026-09-25T20:05:13.081+0000][6.035s][info][gc             ] GC(5) Pause Full (Metadata GC Threshold) 104M->100M(3925M) 183.972ms
[2026-09-25T20:05:13.081+0000][6.035s][info][gc,cpu         ] GC(5) User=0.70s Sys=0.01s Real=0.19s
[2026-09-25T20:05:16.331+0000][9.285s][info][gc,start       ] GC(6) Pause Young (Metadata GC Threshold)
[2026-09-25T20:05:16.431+0000][9.385s][info][gc,heap        ] GC(6) PSYoungGen: 752618K(1223168K)->174562K(1223168K) Eden: 752618K(1048576K)->0K(1048576K) From: 0K(174592K)->174562K(174592K)
[2026-09-25T20:05:16.431+0000][9.385s][info][gc,heap        ] GC(6) ParOldGen: 103016K(2796544K)->105512K(2796544K)
[2026-09-25T20:05:16.431+0000][9.385s][info][gc,metaspace   ] GC(6) Metaspace: 98852K(99648K)->98852K(99648K) NonClass: 84877K(85312K)->84877K(85312K) Class: 13975K(14336K)->13975K(14336K)
[2026-09-25T20:05:16.431+0000][9.385s][info][gc             ] GC(6) Pause Young (Metadata GC Threshold) 835M->273M(3925M) 99.880ms
[2026-09-25T20:05:16.431+0000][9.385s][info][gc,cpu         ] GC(6) User=0.28s Sys=0.11s Real=0.10s
[2026-09-25T20:05:16.431+0000][9.385s][info][gc,start       ] GC(7) Pause Full (Metadata GC Threshold)
[2026-09-25T20:05:16.431+0000][9.385s][info][gc,phases,start] GC(7) Marking Phase
[2026-09-25T20:05:16.547+0000][9.500s][info][gc,phases      ] GC(7) Marking Phase 115.429ms
[2026-09-25T20:05:16.547+0000][9.500s][info][gc,phases,start] GC(7) Summary Phase
[2026-09-25T20:05:16.547+0000][9.500s][info][gc,phases      ] GC(7) Summary Phase 0.027ms
[2026-09-25T20:05:16.547+0000][9.500s][info][gc,phases,start] GC(7) Adjust Roots
[2026-09-25T20:05:16.556+0000][9.510s][info][gc,phases      ] GC(7) Adjust Roots 9.626ms
[2026-09-25T20:05:16.556+0000][9.510s][info][gc,phases,start] GC(7) Compaction Phase
[2026-09-25T20:05:16.829+0000][9.783s][info][gc,phases      ] GC(7) Compaction Phase 272.449ms
[2026-09-25T20:05:16.829+0000][9.783s][info][gc,phases,start] GC(7) Post Compact
[2026-09-25T20:05:16.831+0000][9.784s][info][gc,phases      ] GC(7) Post Compact 1.725ms
[2026-09-25T20:05:16.831+0000][9.784s][info][gc,heap        ] GC(7) PSYoungGen: 174562K(1223168K)->0K(1223168K) Eden: 0K(1048576K)->0K(1048576K) From: 174562K(174592K)->0K(174592K)
[2026-09-25T20:05:16.831+0000][9.784s][info][gc,heap        ] GC(7) ParOldGen: 105512K(2796544K)->278477K(2796544K)
[2026-09-25T20:05:16.831+0000][9.784s][info][gc,metaspace   ] GC(7) Metaspace: 98852K(99648K)->98852K(99648K) NonClass: 84877K(85312K)->84877K(85312K) Class: 13975K(14336K)->13975K(14336K)
[2026-09-25T20:05:16.831+0000][9.784s][info][gc             ] GC(7) Pause Full (Metadata GC Threshold) 273M->271M(3925M) 399.432ms
[2026-09-25T20:05:16.831+0000][9.784s][info][gc,cpu         ] GC(7) User=1.49s Sys=0.02s Real=0.40s
[2026-09-25T20:05:20.519+0000][13.472s][info][gc,start       ] GC(8) Pause Young (Allocation Failure)
[2026-09-25T20:05:20.546+0000][13.499s][info][gc,heap        ] GC(8) PSYoungGen: 1048576K(1223168K)->45359K(1223168K) Eden: 1048576K(1048576K)->0K(1048576K) From: 0K(174592K)->45359K(174592K)
[2026-09-25T20:05:20.546+0000][13.499s][info][gc,heap        ] GC(8) ParOldGen: 278477K(2796544K)->278485K(2796544K)
[2026-09-25T20:05:20.546+0000][13.499s][info][gc,metaspace   ] GC(8) Metaspace: 120068K(121088K)->120068K(121088K) NonClass: 102802K(103424K)->102802K(103424K) Class: 17266K(17664K)->17266K(17664K)
[2026-09-25T20:05:20.546+0000][13.499s][info][gc             ] GC(8) Pause Young (Allocation Failure) 1295M->316M(3925M) 27.160ms
[2026-09-25T20:05:20.546+0000][13.499s][info][gc,cpu         ] GC(8) User=0.10s Sys=0.01s Real=0.02s
[2026-09-25T20:05:27.699+0000][20.653s][info][gc,start       ] GC(9) Pause Young (Allocation Failure)
[2026-09-25T20:05:27.759+0000][20.713s][info][gc,heap        ] GC(9) PSYoungGen: 1093935K(1223168K)->126058K(2236416K) Eden: 1048576K(1048576K)->0K(2078208K) From: 45359K(174592K)->126058K(158208K)
[2026-09-25T20:05:27.759+0000][20.713s][info][gc,heap        ] GC(9) ParOldGen: 278485K(2796544K)->278517K(2796544K)
[2026-09-25T20:05:27.759+0000][20.713s][info][gc,metaspace   ] GC(9) Metaspace: 150344K(151616K)->150344K(151616K) NonClass: 125880K(126592K)->125880K(126592K) Class: 24463K(25024K)->24463K(25024K)
[2026-09-25T20:05:27.759+0000][20.713s][info][gc             ] GC(9) Pause Young (Allocation Failure) 1340M->395M(4915M) 60.153ms
[2026-09-25T20:05:27.759+0000][20.713s][info][gc,cpu         ] GC(9) User=0.20s Sys=0.04s Real=0.06s
[2026-09-25T20:05:28.290+0000][21.244s][info][gc,start       ] GC(10) Pause Young (CodeCache GC Threshold)
[2026-09-25T20:05:28.353+0000][21.306s][info][gc,heap        ] GC(10) PSYoungGen: 364289K(2236416K)->143454K(2255360K) Eden: 238231K(2078208K)->0K(2078208K) From: 126058K(158208K)->143454K(177152K)
[2026-09-25T20:05:28.353+0000][21.306s][info][gc,heap        ] GC(10) ParOldGen: 278517K(2796544K)->278525K(2796544K)
[2026-09-25T20:05:28.353+0000][21.306s][info][gc,metaspace   ] GC(10) Metaspace: 150703K(151936K)->150703K(151936K) NonClass: 126206K(126912K)->126206K(126912K) Class: 24497K(25024K)->24497K(25024K)
[2026-09-25T20:05:28.353+0000][21.306s][info][gc             ] GC(10) Pause Young (CodeCache GC Threshold) 627M->412M(4933M) 62.907ms
[2026-09-25T20:05:28.353+0000][21.307s][info][gc,cpu         ] GC(10) User=0.22s Sys=0.04s Real=0.06s
[2026-09-25T20:05:28.353+0000][21.307s][info][gc,start       ] GC(11) Pause Full (CodeCache GC Threshold)
[2026-09-25T20:05:28.353+0000][21.307s][info][gc,phases,start] GC(11) Marking Phase
[2026-09-25T20:05:28.553+0000][21.507s][info][gc,phases      ] GC(11) Marking Phase 200.081ms
[2026-09-25T20:05:28.553+0000][21.507s][info][gc,phases,start] GC(11) Summary Phase
[2026-09-25T20:05:28.553+0000][21.507s][info][gc,phases      ] GC(11) Summary Phase 0.030ms
[2026-09-25T20:05:28.553+0000][21.507s][info][gc,phases,start] GC(11) Adjust Roots
[2026-09-25T20:05:28.575+0000][21.528s][info][gc,phases      ] GC(11) Adjust Roots 21.697ms
[2026-09-25T20:05:28.575+0000][21.528s][info][gc,phases,start] GC(11) Compaction Phase
[2026-09-25T20:05:28.932+0000][21.886s][info][gc,phases      ] GC(11) Compaction Phase 357.563ms
[2026-09-25T20:05:28.932+0000][21.886s][info][gc,phases,start] GC(11) Post Compact
[2026-09-25T20:05:28.939+0000][21.892s][info][gc,phases      ] GC(11) Post Compact 6.384ms
[2026-09-25T20:05:28.939+0000][21.892s][info][gc,heap        ] GC(11) PSYoungGen: 143454K(2255360K)->0K(2255360K) Eden: 0K(2078208K)->0K(2078208K) From: 143454K(177152K)->0K(177152K)
[2026-09-25T20:05:28.939+0000][21.892s][info][gc,heap        ] GC(11) ParOldGen: 278525K(2796544K)->382127K(2796544K)
[2026-09-25T20:05:28.939+0000][21.892s][info][gc,metaspace   ] GC(11) Metaspace: 150703K(151936K)->150639K(151936K) NonClass: 126206K(126912K)->126157K(126912K) Class: 24497K(25024K)->24481K(25024K)
[2026-09-25T20:05:28.939+0000][21.892s][info][gc             ] GC(11) Pause Full (CodeCache GC Threshold) 412M->373M(4933M) 585.946ms
[2026-09-25T20:05:28.939+0000][21.893s][info][gc,cpu         ] GC(11) User=2.13s Sys=0.01s Real=0.59s
[2026-09-25T20:05:33.299+0000][26.252s][info][gc,start       ] GC(12) Pause Young (Allocation Failure)
[2026-09-25T20:05:33.385+0000][26.339s][info][gc,heap        ] GC(12) PSYoungGen: 2078208K(2255360K)->197119K(2223616K) Eden: 2078208K(2078208K)->0K(2026496K) From: 0K(177152K)->197119K(197120K)
[2026-09-25T20:05:33.385+0000][26.339s][info][gc,heap        ] GC(12) ParOldGen: 382127K(2796544K)->462855K(2796544K)
[2026-09-25T20:05:33.385+0000][26.339s][info][gc,metaspace   ] GC(12) Metaspace: 152807K(154112K)->152807K(154112K) NonClass: 127983K(128704K)->127983K(128704K) Class: 24824K(25408K)->24824K(25408K)
[2026-09-25T20:05:33.385+0000][26.339s][info][gc             ] GC(12) Pause Young (Allocation Failure) 2402M->644M(4902M) 86.181ms
[2026-09-25T20:05:33.385+0000][26.339s][info][gc,cpu         ] GC(12) User=0.30s Sys=0.04s Real=0.08s
[2026-09-25T20:05:37.879+0000][30.833s][info][gc,start       ] GC(13) Pause Young (Allocation Failure)
[2026-09-25T20:05:37.955+0000][30.908s][info][gc,heap        ] GC(13) PSYoungGen: 2223615K(2223616K)->267771K(2294272K) Eden: 2026496K(2026496K)->0K(2026496K) From: 197119K(197120K)->267771K(267776K)
[2026-09-25T20:05:37.955+0000][30.908s][info][gc,heap        ] GC(13) ParOldGen: 462855K(2796544K)->542833K(2796544K)
[2026-09-25T20:05:37.955+0000][30.908s][info][gc,metaspace   ] GC(13) Metaspace: 153432K(154880K)->153432K(154880K) NonClass: 128518K(129344K)->128518K(129344K) Class: 24913K(25536K)->24913K(25536K)
[2026-09-25T20:05:37.955+0000][30.908s][info][gc             ] GC(13) Pause Young (Allocation Failure) 2623M->791M(4971M) 75.795ms
[2026-09-25T20:05:37.955+0000][30.908s][info][gc,cpu         ] GC(13) User=0.27s Sys=0.03s Real=0.07s
[2026-09-25T20:05:41.602+0000][34.556s][info][gc,start       ] GC(14) Pause Young (Allocation Failure)
[2026-09-25T20:05:41.705+0000][34.659s][info][gc,heap        ] GC(14) PSYoungGen: 2294267K(2294272K)->243824K(3108864K) Eden: 2026496K(2026496K)->0K(2761728K) From: 267771K(267776K)->243824K(347136K)
[2026-09-25T20:05:41.705+0000][34.659s][info][gc,heap        ] GC(14) ParOldGen: 542833K(2796544K)->710383K(2796544K)
[2026-09-25T20:05:41.705+0000][34.659s][info][gc,metaspace   ] GC(14) Metaspace: 154086K(155520K)->154086K(155520K) NonClass: 129095K(129920K)->129095K(129920K) Class: 24991K(25600K)->24991K(25600K)
[2026-09-25T20:05:41.705+0000][34.659s][info][gc             ] GC(14) Pause Young (Allocation Failure) 2770M->931M(5767M) 103.231ms
[2026-09-25T20:05:41.705+0000][34.659s][info][gc,cpu         ] GC(14) User=0.33s Sys=0.08s Real=0.10s
[2026-09-25T20:05:46.884+0000][39.837s][info][gc,start       ] GC(15) Pause Young (Allocation Failure)
[2026-09-25T20:05:46.986+0000][39.940s][info][gc,heap        ] GC(15) PSYoungGen: 3005552K(3108864K)->163833K(3128320K) Eden: 2761728K(2761728K)->0K(2761728K) From: 243824K(347136K)->163833K(366592K)
[2026-09-25T20:05:46.986+0000][39.940s][info][gc,heap        ] GC(15) ParOldGen: 710383K(2796544K)->968243K(2796544K)
[2026-09-25T20:05:46.986+0000][39.940s][info][gc,metaspace   ] GC(15) Metaspace: 154693K(156160K)->154693K(156160K) NonClass: 129640K(130496K)->129640K(130496K) Class: 25052K(25664K)->25052K(25664K)
[2026-09-25T20:05:46.986+0000][39.940s][info][gc             ] GC(15) Pause Young (Allocation Failure) 3628M->1105M(5786M) 102.396ms
[2026-09-25T20:05:46.986+0000][39.940s][info][gc,cpu         ] GC(15) User=0.28s Sys=0.12s Real=0.10s
[2026-09-25T20:05:52.015+0000][44.969s][info][gc,start       ] GC(16) Pause Young (Allocation Failure)
[2026-09-25T20:05:52.110+0000][45.064s][info][gc,heap        ] GC(16) PSYoungGen: 2925561K(3128320K)->198965K(3121152K) Eden: 2761728K(2761728K)->0K(2777088K) From: 163833K(366592K)->198965K(344064K)
[2026-09-25T20:05:52.111+0000][45.064s][info][gc,heap        ] GC(16) ParOldGen: 968243K(2796544K)->1141293K(2796544K)
[2026-09-25T20:05:52.111+0000][45.064s][info][gc,metaspace   ] GC(16) Metaspace: 154936K(156352K)->154936K(156352K) NonClass: 129868K(130688K)->129868K(130688K) Class: 25067K(25664K)->25067K(25664K)
[2026-09-25T20:05:52.111+0000][45.064s][info][gc             ] GC(16) Pause Young (Allocation Failure) 3802M->1308M(5779M) 95.187ms
[2026-09-25T20:05:52.111+0000][45.064s][info][gc,cpu         ] GC(16) User=0.31s Sys=0.07s Real=0.10s
[2026-09-25T20:05:57.908+0000][50.862s][info][gc,start       ] GC(17) Pause Young (CodeCache GC Threshold)
[2026-09-25T20:05:58.018+0000][50.971s][info][gc,heap        ] GC(17) PSYoungGen: 2715083K(3121152K)->299623K(3077120K) Eden: 2516117K(2777088K)->0K(2777088K) From: 198965K(344064K)->299623K(300032K)
[2026-09-25T20:05:58.018+0000][50.971s][info][gc,heap        ] GC(17) ParOldGen: 1141293K(2796544K)->1352073K(2796544K)
[2026-09-25T20:05:58.018+0000][50.971s][info][gc,metaspace   ] GC(17) Metaspace: 160278K(161792K)->160278K(161792K) NonClass: 134358K(135232K)->134358K(135232K) Class: 25920K(26560K)->25920K(26560K)
[2026-09-25T20:05:58.018+0000][50.971s][info][gc             ] GC(17) Pause Young (CodeCache GC Threshold) 3765M->1612M(5736M) 109.403ms
[2026-09-25T20:05:58.018+0000][50.971s][info][gc,cpu         ] GC(17) User=0.35s Sys=0.08s Real=0.10s
[2026-09-25T20:05:58.018+0000][50.971s][info][gc,start       ] GC(18) Pause Full (CodeCache GC Threshold)
[2026-09-25T20:05:58.018+0000][50.971s][info][gc,phases,start] GC(18) Marking Phase
[2026-09-25T20:05:58.407+0000][51.360s][info][gc,phases      ] GC(18) Marking Phase 388.973ms
[2026-09-25T20:05:58.407+0000][51.360s][info][gc,phases,start] GC(18) Summary Phase
[2026-09-25T20:05:58.407+0000][51.361s][info][gc,phases      ] GC(18) Summary Phase 0.048ms
[2026-09-25T20:05:58.407+0000][51.361s][info][gc,phases,start] GC(18) Adjust Roots
[2026-09-25T20:05:58.426+0000][51.380s][info][gc,phases      ] GC(18) Adjust Roots 19.506ms
[2026-09-25T20:05:58.426+0000][51.380s][info][gc,phases,start] GC(18) Compaction Phase
[2026-09-25T20:05:58.840+0000][51.794s][info][gc,phases      ] GC(18) Compaction Phase 413.730ms
[2026-09-25T20:05:58.840+0000][51.794s][info][gc,phases,start] GC(18) Post Compact
[2026-09-25T20:05:58.850+0000][51.804s][info][gc,phases      ] GC(18) Post Compact 10.135ms
[2026-09-25T20:05:58.850+0000][51.804s][info][gc,heap        ] GC(18) PSYoungGen: 299623K(3077120K)->0K(3077120K) Eden: 0K(2777088K)->0K(2777088K) From: 299623K(300032K)->0K(300032K)
[2026-09-25T20:05:58.850+0000][51.804s][info][gc,heap        ] GC(18) ParOldGen: 1352073K(2796544K)->1458031K(2796544K)
[2026-09-25T20:05:58.850+0000][51.804s][info][gc,metaspace   ] GC(18) Metaspace: 160278K(161792K)->160225K(161792K) NonClass: 134358K(135232K)->134318K(135232K) Class: 25920K(26560K)->25906K(26560K)
[2026-09-25T20:05:58.850+0000][51.804s][info][gc             ] GC(18) Pause Full (CodeCache GC Threshold) 1612M->1423M(5736M) 832.599ms
[2026-09-25T20:05:58.850+0000][51.804s][info][gc,cpu         ] GC(18) User=3.04s Sys=0.05s Real=0.84s
