2026-09-19T18:30:35.6501387Z Current runner version: '2.337.0'
2026-09-19T18:30:35.6528966Z ##[group]Runner Image Provisioner
2026-09-19T18:30:35.6529833Z Hosted Compute Agent
2026-09-19T18:30:35.6530473Z Version: 20260828.587
2026-09-19T18:30:35.6531185Z Commit: abac92662cab4cc7352de4f9f9d2e2419aad9c29
2026-09-19T18:30:35.6531951Z Build Date: 2026-08-28T16:44:25Z
2026-09-19T18:30:35.6532720Z Worker ID: {f66aa26e-51e6-4b71-8371-b2c8809d62c9}
2026-09-19T18:30:35.6533434Z Azure Region: eastus
2026-09-19T18:30:35.6534064Z ##[endgroup]
2026-09-19T18:30:35.6535579Z ##[group]Operating System
2026-09-19T18:30:35.6536430Z Ubuntu
2026-09-19T18:30:35.6537062Z 24.04.5
2026-09-19T18:30:35.6537579Z LTS
2026-09-19T18:30:35.6538069Z ##[endgroup]
2026-09-19T18:30:35.6538716Z ##[group]Runner Image
2026-09-19T18:30:35.6539370Z Image: ubuntu-24.04
2026-09-19T18:30:35.6540008Z Version: 20260907.300.1
2026-09-19T18:30:35.6541266Z Included Software: https://github.com/actions/runner-images/blob/ubuntu24/20260907.300/images/ubuntu/Ubuntu2404-Readme.md
2026-09-19T18:30:35.6542915Z Image Release: https://github.com/actions/runner-images/releases/tag/ubuntu24%2F20260907.300
2026-09-19T18:30:35.6543848Z ##[endgroup]
2026-09-19T18:30:35.6544993Z ##[group]GITHUB_TOKEN Permissions
2026-09-19T18:30:35.6547472Z Contents: read
2026-09-19T18:30:35.6548238Z Metadata: read
2026-09-19T18:30:35.6548816Z ##[endgroup]
2026-09-19T18:30:35.6551460Z Secret source: Actions
2026-09-19T18:30:35.6552470Z Cache mode: write
2026-09-19T18:30:35.6553241Z Prepare workflow directory
2026-09-19T18:30:35.6896204Z Prepare all required actions
2026-09-19T18:30:35.6946139Z Getting action download info
2026-09-19T18:30:35.9370636Z Download action repository 'actions/checkout@v4' (SHA:11d5960a326750d5838078e36cf38b85af677262)
2026-09-19T18:30:36.0495366Z Download action repository 'dtolnay/rust-toolchain@stable' (SHA:6bed0761d98439e5a578e2877258200ad565ba87)
2026-09-19T18:30:36.1852458Z Download action repository 'Swatinem/rust-cache@v2' (SHA:6323deb102c322ba6fcbdcafc7e3dddab59af2b6)
2026-09-19T18:30:36.3518160Z Download action repository 'actions/setup-java@v4' (SHA:cf277c60eb25467037889841efdb72551f06f6c3)
2026-09-19T18:30:36.5741927Z Download action repository 'actions/upload-artifact@v4' (SHA:ea165f8d65b6e75b540449e92b4886f43607fa02)
2026-09-19T18:30:36.8536428Z Complete job name: world-bench
2026-09-19T18:30:36.9473753Z Node 20 is being deprecated. This workflow is running with Node 24 by default. If you need to temporarily use Node 20, you can set the ACTIONS_ALLOW_USE_UNSECURE_NODE_VERSION=true environment variable. For more information see: https://github.blog/changelog/2025-09-19-deprecation-of-node-20-on-github-actions-runners/
2026-09-19T18:30:36.9483553Z ##[group]Run actions/checkout@v4
2026-09-19T18:30:36.9484563Z with:
2026-09-19T18:30:36.9485274Z   repository: PLANETA9091/c-crussty
2026-09-19T18:30:36.9489511Z   token: ***
2026-09-19T18:30:36.9490181Z   ssh-strict: true
2026-09-19T18:30:36.9490845Z   ssh-user: git
2026-09-19T18:30:36.9491527Z   persist-credentials: true
2026-09-19T18:30:36.9492262Z   clean: true
2026-09-19T18:30:36.9492928Z   sparse-checkout-cone-mode: true
2026-09-19T18:30:36.9493671Z   fetch-depth: 1
2026-09-19T18:30:36.9494322Z   fetch-tags: false
2026-09-19T18:30:36.9495000Z   show-progress: true
2026-09-19T18:30:36.9495690Z   lfs: false
2026-09-19T18:30:36.9496708Z   submodules: false
2026-09-19T18:30:36.9497422Z   set-safe-directory: true
2026-09-19T18:30:36.9498183Z   allow-unsafe-pr-checkout: false
2026-09-19T18:30:36.9499273Z ##[endgroup]
2026-09-19T18:30:37.0541654Z Syncing repository: PLANETA9091/c-crussty
2026-09-19T18:30:37.0544930Z ##[group]Getting Git version info
2026-09-19T18:30:37.0546717Z Working directory is '/home/runner/work/c-crussty/c-crussty'
2026-09-19T18:30:37.0548982Z [command]/usr/bin/git version
2026-09-19T18:30:37.0632512Z git version 2.55.0
2026-09-19T18:30:37.0656137Z ##[endgroup]
2026-09-19T18:30:37.0671219Z Temporarily overriding HOME='/home/runner/work/_temp/a1cc68f6-6943-4157-a450-60d158a81bbe' before making global git config changes
2026-09-19T18:30:37.0674424Z Adding repository directory to the temporary git global config as a safe directory
2026-09-19T18:30:37.0676983Z [command]/usr/bin/git config --global --add safe.directory /home/runner/work/c-crussty/c-crussty
2026-09-19T18:30:37.0735540Z Deleting the contents of '/home/runner/work/c-crussty/c-crussty'
2026-09-19T18:30:37.0740768Z ##[group]Initializing the repository
2026-09-19T18:30:37.0745079Z [command]/usr/bin/git init /home/runner/work/c-crussty/c-crussty
2026-09-19T18:30:37.0893281Z hint: Using 'master' as the name for the initial branch. This default branch name
2026-09-19T18:30:37.0895397Z hint: will change to "main" in Git 3.0. To configure the initial branch name
2026-09-19T18:30:37.0897808Z hint: to use in all of your new repositories, which will suppress this warning,
2026-09-19T18:30:37.0899790Z hint: call:
2026-09-19T18:30:37.0900805Z hint:
2026-09-19T18:30:37.0901954Z hint: 	git config --global init.defaultBranch <name>
2026-09-19T18:30:37.0903317Z hint:
2026-09-19T18:30:37.0904938Z hint: Names commonly chosen instead of 'master' are 'main', 'trunk' and
2026-09-19T18:30:37.0907219Z hint: 'development'. The just-created branch can be renamed via this command:
2026-09-19T18:30:37.0910577Z hint:
2026-09-19T18:30:37.0911630Z hint: 	git branch -m <name>
2026-09-19T18:30:37.0912776Z hint:
2026-09-19T18:30:37.0914116Z hint: Disable this message with "git config set advice.defaultBranchName false"
2026-09-19T18:30:37.0915402Z Initialized empty Git repository in /home/runner/work/c-crussty/c-crussty/.git/
2026-09-19T18:30:37.0919604Z [command]/usr/bin/git remote add origin https://github.com/PLANETA9091/c-crussty
2026-09-19T18:30:37.0972512Z ##[endgroup]
2026-09-19T18:30:37.0975093Z ##[group]Disabling automatic garbage collection
2026-09-19T18:30:37.0977563Z [command]/usr/bin/git config --local gc.auto 0
2026-09-19T18:30:37.1012945Z ##[endgroup]
2026-09-19T18:30:37.1014718Z ##[group]Setting up auth
2026-09-19T18:30:37.1020387Z [command]/usr/bin/git config --local --name-only --get-regexp core\.sshCommand
2026-09-19T18:30:37.1088621Z [command]/usr/bin/git submodule foreach --recursive sh -c "git config --local --name-only --get-regexp 'core\.sshCommand' && git config --local --unset-all 'core.sshCommand' || :"
2026-09-19T18:30:37.1517420Z [command]/usr/bin/git config --local --name-only --get-regexp http\.https\:\/\/github\.com\/\.extraheader
2026-09-19T18:30:37.1554769Z [command]/usr/bin/git submodule foreach --recursive sh -c "git config --local --name-only --get-regexp 'http\.https\:\/\/github\.com\/\.extraheader' && git config --local --unset-all 'http.https://github.com/.extraheader' || :"
2026-09-19T18:30:37.1798387Z [command]/usr/bin/git config --local --name-only --get-regexp ^includeIf\.gitdir:
2026-09-19T18:30:37.1838461Z [command]/usr/bin/git submodule foreach --recursive git config --local --show-origin --name-only --get-regexp remote.origin.url
2026-09-19T18:30:37.2078065Z [command]/usr/bin/git config --local http.https://github.com/.extraheader AUTHORIZATION: basic ***
2026-09-19T18:30:37.2122136Z ##[endgroup]
2026-09-19T18:30:37.2132145Z ##[group]Fetching the repository
2026-09-19T18:30:37.2134011Z [command]/usr/bin/git -c protocol.version=2 fetch --no-tags --prune --no-recurse-submodules --depth=1 origin +0abaaaf7dffb734a9e16826a295d688bfaa56dfd:refs/remotes/origin/master
2026-09-19T18:30:42.5935117Z From https://github.com/PLANETA9091/c-crussty
2026-09-19T18:30:42.5937190Z  * [new ref]         0abaaaf7dffb734a9e16826a295d688bfaa56dfd -> origin/master
2026-09-19T18:30:42.5940290Z ##[endgroup]
2026-09-19T18:30:42.5940986Z ##[group]Determining the checkout info
2026-09-19T18:30:42.5942645Z ##[endgroup]
2026-09-19T18:30:42.5949767Z [command]/usr/bin/git sparse-checkout disable
2026-09-19T18:30:42.6006487Z [command]/usr/bin/git config --local --unset-all extensions.worktreeConfig
2026-09-19T18:30:42.6040167Z ##[group]Checking out the ref
2026-09-19T18:30:42.6045589Z [command]/usr/bin/git checkout --progress --force -B master refs/remotes/origin/master
2026-09-19T18:30:43.7006848Z Updating files:  76% (2099/2727)
2026-09-19T18:30:43.7053754Z Updating files:  77% (2100/2727)
2026-09-19T18:30:43.7069193Z Updating files:  78% (2128/2727)
2026-09-19T18:30:44.0493350Z Updating files:  79% (2155/2727)
2026-09-19T18:30:44.2634361Z Updating files:  80% (2182/2727)
2026-09-19T18:30:44.5028181Z Updating files:  81% (2209/2727)
2026-09-19T18:30:44.6125791Z Updating files:  82% (2237/2727)
2026-09-19T18:30:44.7684075Z Updating files:  82% (2251/2727)
2026-09-19T18:30:44.9983678Z Updating files:  83% (2264/2727)
2026-09-19T18:30:45.2404562Z Updating files:  84% (2291/2727)
2026-09-19T18:30:45.2420382Z Updating files:  85% (2318/2727)
2026-09-19T18:30:45.2603112Z Updating files:  86% (2346/2727)
2026-09-19T18:30:45.2801616Z Updating files:  87% (2373/2727)
2026-09-19T18:30:45.2835542Z Updating files:  88% (2400/2727)
2026-09-19T18:30:45.2855354Z Updating files:  89% (2428/2727)
2026-09-19T18:30:45.4960616Z Updating files:  90% (2455/2727)
2026-09-19T18:30:45.5007162Z Updating files:  91% (2482/2727)
2026-09-19T18:30:45.5022170Z Updating files:  92% (2509/2727)
2026-09-19T18:30:45.5036749Z Updating files:  93% (2537/2727)
2026-09-19T18:30:45.5054687Z Updating files:  94% (2564/2727)
2026-09-19T18:30:45.5073013Z Updating files:  95% (2591/2727)
2026-09-19T18:30:45.5117314Z Updating files:  96% (2618/2727)
2026-09-19T18:30:45.5144811Z Updating files:  97% (2646/2727)
2026-09-19T18:30:45.5183931Z Updating files:  98% (2673/2727)
2026-09-19T18:30:45.5259312Z Updating files:  99% (2700/2727)
2026-09-19T18:30:45.5260218Z Updating files: 100% (2727/2727)
2026-09-19T18:30:45.5260990Z Updating files: 100% (2727/2727), done.
2026-09-19T18:30:45.5312724Z Reset branch 'master'
2026-09-19T18:30:45.5319802Z branch 'master' set up to track 'origin/master'.
2026-09-19T18:30:45.5377898Z ##[endgroup]
2026-09-19T18:30:45.5430234Z [command]/usr/bin/git log -1 --format=%H
2026-09-19T18:30:45.5461578Z 0abaaaf7dffb734a9e16826a295d688bfaa56dfd
2026-09-19T18:30:45.5732662Z ##[group]Run set -euo pipefail
2026-09-19T18:30:45.5733092Z [36;1mset -euo pipefail[0m
2026-09-19T18:30:45.5733355Z [36;1mIDX=$(python3 -c '[0m
2026-09-19T18:30:45.5733594Z [36;1mimport time[0m
2026-09-19T18:30:45.5733818Z [36;1mt=time.time(); x=1[0m
2026-09-19T18:30:45.5734064Z [36;1mfor _ in range(6000000):[0m
2026-09-19T18:30:45.5734351Z [36;1m    x=(x*1103515245+12345)&0x7fffffff[0m
2026-09-19T18:30:45.5734675Z [36;1mprint(f"{6000000/(time.time()-t):.0f}")')[0m
2026-09-19T18:30:45.5735031Z [36;1mecho "runner_cpu_index=$IDX band=[7800000,9200000]"[0m
2026-09-19T18:30:45.5735422Z [36;1mif [ "$IDX" -lt "7800000" ] || [ "$IDX" -gt "9200000" ]; then[0m
2026-09-19T18:30:45.5736070Z [36;1m  echo "::notice::runner_cpu_index=$IDX OUTSIDE band — fast-fail pre-download (pairing discard, not a bench failure)"[0m
2026-09-19T18:30:45.5736835Z [36;1m  exit 1[0m
2026-09-19T18:30:45.5737036Z [36;1mfi[0m
2026-09-19T18:30:45.5778955Z shell: /usr/bin/bash -e {0}
2026-09-19T18:30:45.5779469Z ##[endgroup]
2026-09-19T18:30:46.4617211Z runner_cpu_index=7009953 band=[7800000,9200000]
2026-09-19T18:30:46.4638933Z ##[notice]runner_cpu_index=7009953 OUTSIDE band — fast-fail pre-download (pairing discard, not a bench failure)
2026-09-19T18:30:46.4650125Z ##[error]Process completed with exit code 1.
2026-09-19T18:30:46.4770888Z Node 20 is being deprecated. This workflow is running with Node 24 by default. If you need to temporarily use Node 20, you can set the ACTIONS_ALLOW_USE_UNSECURE_NODE_VERSION=true environment variable. For more information see: https://github.blog/changelog/2025-09-19-deprecation-of-node-20-on-github-actions-runners/
2026-09-19T18:30:46.4772503Z ##[group]Run actions/upload-artifact@v4
2026-09-19T18:30:46.4772776Z with:
2026-09-19T18:30:46.4772975Z   name: world3-bench
2026-09-19T18:30:46.4774630Z   path: world3-run/BOTTLENECKS_3.md
world3-run/cpu-collapsed.txt
world3-run/wall-collapsed.txt
world3-run/alloc-collapsed.txt
world3-run/cpu-flamegraph.html
world3-run/server-stdout.log
world3-run/gc.log
world3-run/remset.log
world3-run/refine.log
world3-run/recon.jfr
world3-run/ap.log
world3-run/run-env.txt
world3-run/pclip-materialize.log
world3-run/chunk-parse-diag.txt
world3-run/entity-recon.txt
world3-run/patched-kernel.jar
world3-run/spark-report/

2026-09-19T18:30:46.4776944Z   if-no-files-found: warn
2026-09-19T18:30:46.4777198Z   compression-level: 6
2026-09-19T18:30:46.4777419Z   overwrite: false
2026-09-19T18:30:46.4777633Z   include-hidden-files: false
2026-09-19T18:30:46.4777870Z ##[endgroup]
2026-09-19T18:30:46.6503382Z (node:2328) [DEP0040] DeprecationWarning: The `punycode` module is deprecated. Please use a userland alternative instead.
2026-09-19T18:30:46.6504096Z (Use `node --trace-deprecation ...` to show where the warning was created)
2026-09-19T18:30:46.6580671Z Multiple search paths detected. Calculating the least common ancestor of all paths
2026-09-19T18:30:46.6608740Z The least common ancestor is /home/runner/work/c-crussty/c-crussty/world3-run. This will be the root directory of the artifact
2026-09-19T18:30:46.6618797Z ##[warning]No files were found with the provided path: world3-run/BOTTLENECKS_3.md
world3-run/cpu-collapsed.txt
world3-run/wall-collapsed.txt
world3-run/alloc-collapsed.txt
world3-run/cpu-flamegraph.html
world3-run/server-stdout.log
world3-run/gc.log
world3-run/remset.log
world3-run/refine.log
world3-run/recon.jfr
world3-run/ap.log
world3-run/run-env.txt
world3-run/pclip-materialize.log
world3-run/chunk-parse-diag.txt
world3-run/entity-recon.txt
world3-run/patched-kernel.jar
world3-run/spark-report/. No artifacts will be uploaded.
2026-09-19T18:30:46.6875478Z Node 20 is being deprecated. This workflow is running with Node 24 by default. If you need to temporarily use Node 20, you can set the ACTIONS_ALLOW_USE_UNSECURE_NODE_VERSION=true environment variable. For more information see: https://github.blog/changelog/2025-09-19-deprecation-of-node-20-on-github-actions-runners/
2026-09-19T18:30:46.6877174Z Post job cleanup.
2026-09-19T18:30:46.7769841Z [command]/usr/bin/git version
2026-09-19T18:30:46.7817363Z git version 2.55.0
2026-09-19T18:30:46.7859004Z Temporarily overriding HOME='/home/runner/work/_temp/9436215d-004b-44d0-9764-6962a43b3474' before making global git config changes
2026-09-19T18:30:46.7860338Z Adding repository directory to the temporary git global config as a safe directory
2026-09-19T18:30:46.7867124Z [command]/usr/bin/git config --global --add safe.directory /home/runner/work/c-crussty/c-crussty
2026-09-19T18:30:46.7910565Z [command]/usr/bin/git config --local --name-only --get-regexp core\.sshCommand
2026-09-19T18:30:46.7952643Z [command]/usr/bin/git submodule foreach --recursive sh -c "git config --local --name-only --get-regexp 'core\.sshCommand' && git config --local --unset-all 'core.sshCommand' || :"
2026-09-19T18:30:46.8219955Z [command]/usr/bin/git config --local --name-only --get-regexp http\.https\:\/\/github\.com\/\.extraheader
2026-09-19T18:30:46.8256662Z http.https://github.com/.extraheader
2026-09-19T18:30:46.8278741Z [command]/usr/bin/git config --local --unset-all http.https://github.com/.extraheader
2026-09-19T18:30:46.8318131Z [command]/usr/bin/git submodule foreach --recursive sh -c "git config --local --name-only --get-regexp 'http\.https\:\/\/github\.com\/\.extraheader' && git config --local --unset-all 'http.https://github.com/.extraheader' || :"
2026-09-19T18:30:46.8602455Z [command]/usr/bin/git config --local --name-only --get-regexp ^includeIf\.gitdir:
2026-09-19T18:30:46.8654365Z [command]/usr/bin/git submodule foreach --recursive git config --local --show-origin --name-only --get-regexp remote.origin.url
2026-09-19T18:30:46.9071349Z Cleaning up orphan processes
2026-09-19T18:30:46.9343070Z ##[warning]Node.js 20 is deprecated. The following actions target Node.js 20 but are being forced to run on Node.js 24: actions/checkout@v4, actions/upload-artifact@v4. For more information see: https://github.blog/changelog/2025-09-19-deprecation-of-node-20-on-github-actions-runners/
