2026-09-24T22:16:48.3612580Z Current runner version: '2.337.0'
2026-09-24T22:16:48.3631473Z ##[group]Runner Image Provisioner
2026-09-24T22:16:48.3632047Z Hosted Compute Agent
2026-09-24T22:16:48.3632452Z Version: 20260828.587
2026-09-24T22:16:48.3632892Z Commit: abac92662cab4cc7352de4f9f9d2e2419aad9c29
2026-09-24T22:16:48.3633338Z Build Date: 2026-08-28T16:44:25Z
2026-09-24T22:16:48.3633753Z Worker ID: {d5a5546c-dbac-4e0b-b2bc-06d262f43cf2}
2026-09-24T22:16:48.3634239Z Azure Region: centralus
2026-09-24T22:16:48.3634665Z ##[endgroup]
2026-09-24T22:16:48.3635487Z ##[group]Operating System
2026-09-24T22:16:48.3635861Z Ubuntu
2026-09-24T22:16:48.3636178Z 24.04.5
2026-09-24T22:16:48.3636555Z LTS
2026-09-24T22:16:48.3636911Z ##[endgroup]
2026-09-24T22:16:48.3637280Z ##[group]Runner Image
2026-09-24T22:16:48.3637662Z Image: ubuntu-24.04
2026-09-24T22:16:48.3638017Z Version: 20260920.314.1
2026-09-24T22:16:48.3638868Z Included Software: https://github.com/actions/runner-images/blob/ubuntu24/20260920.314/images/ubuntu/Ubuntu2404-Readme.md
2026-09-24T22:16:48.3639960Z Image Release: https://github.com/actions/runner-images/releases/tag/ubuntu24%2F20260920.314
2026-09-24T22:16:48.3640545Z ##[endgroup]
2026-09-24T22:16:48.3641254Z ##[group]GITHUB_TOKEN Permissions
2026-09-24T22:16:48.3642493Z Contents: read
2026-09-24T22:16:48.3642869Z Metadata: read
2026-09-24T22:16:48.3643281Z ##[endgroup]
2026-09-24T22:16:48.3644612Z Secret source: Actions
2026-09-24T22:16:48.3645246Z Cache mode: write
2026-09-24T22:16:48.3645692Z Prepare workflow directory
2026-09-24T22:16:48.3858322Z Prepare all required actions
2026-09-24T22:16:48.3892560Z Getting action download info
2026-09-24T22:16:48.6564787Z Download action repository 'actions/checkout@v4' (SHA:11d5960a326750d5838078e36cf38b85af677262)
2026-09-24T22:16:48.7624213Z Download action repository 'dtolnay/rust-toolchain@stable' (SHA:6bed0761d98439e5a578e2877258200ad565ba87)
2026-09-24T22:16:48.9984466Z Download action repository 'Swatinem/rust-cache@v2' (SHA:6323deb102c322ba6fcbdcafc7e3dddab59af2b6)
2026-09-24T22:16:49.6931195Z Download action repository 'actions/setup-java@v4' (SHA:cf277c60eb25467037889841efdb72551f06f6c3)
2026-09-24T22:16:50.7003105Z Download action repository 'actions/upload-artifact@v4' (SHA:ea165f8d65b6e75b540449e92b4886f43607fa02)
2026-09-24T22:16:51.3241219Z Complete job name: world-bench
2026-09-24T22:16:51.4255934Z ##[group]Run actions/checkout@v4
2026-09-24T22:16:51.4256263Z with:
2026-09-24T22:16:51.4256430Z   repository: PLANETA9091/c-crussty
2026-09-24T22:16:51.4258273Z   token: ***
2026-09-24T22:16:51.4258427Z   ssh-strict: true
2026-09-24T22:16:51.4258582Z   ssh-user: git
2026-09-24T22:16:51.4258744Z   persist-credentials: true
2026-09-24T22:16:51.4258911Z   clean: true
2026-09-24T22:16:51.4259076Z   sparse-checkout-cone-mode: true
2026-09-24T22:16:51.4259384Z   fetch-depth: 1
2026-09-24T22:16:51.4259540Z   fetch-tags: false
2026-09-24T22:16:51.4259704Z   show-progress: true
2026-09-24T22:16:51.4259869Z   lfs: false
2026-09-24T22:16:51.4260015Z   submodules: false
2026-09-24T22:16:51.4260185Z   set-safe-directory: true
2026-09-24T22:16:51.4260365Z   allow-unsafe-pr-checkout: false
2026-09-24T22:16:51.4260630Z ##[endgroup]
2026-09-24T22:16:51.4966148Z Syncing repository: PLANETA9091/c-crussty
2026-09-24T22:16:51.4967093Z ##[group]Getting Git version info
2026-09-24T22:16:51.4967422Z Working directory is '/home/runner/work/c-crussty/c-crussty'
2026-09-24T22:16:51.4967836Z [command]/usr/bin/git version
2026-09-24T22:16:51.5026703Z git version 2.55.0
2026-09-24T22:16:51.5042861Z ##[endgroup]
2026-09-24T22:16:51.5055153Z Temporarily overriding HOME='/home/runner/work/_temp/2d21d666-3189-4d6b-9e7a-83a404445df5' before making global git config changes
2026-09-24T22:16:51.5056266Z Adding repository directory to the temporary git global config as a safe directory
2026-09-24T22:16:51.5059772Z [command]/usr/bin/git config --global --add safe.directory /home/runner/work/c-crussty/c-crussty
2026-09-24T22:16:51.5118768Z Deleting the contents of '/home/runner/work/c-crussty/c-crussty'
2026-09-24T22:16:51.5122759Z ##[group]Initializing the repository
2026-09-24T22:16:51.5129692Z [command]/usr/bin/git init /home/runner/work/c-crussty/c-crussty
2026-09-24T22:16:51.6004687Z hint: Using 'master' as the name for the initial branch. This default branch name
2026-09-24T22:16:51.6005402Z hint: will change to "main" in Git 3.0. To configure the initial branch name
2026-09-24T22:16:51.6005736Z hint: to use in all of your new repositories, which will suppress this warning,
2026-09-24T22:16:51.6005994Z hint: call:
2026-09-24T22:16:51.6008311Z hint:
2026-09-24T22:16:51.6009145Z hint: 	git config --global init.defaultBranch <name>
2026-09-24T22:16:51.6009688Z hint:
2026-09-24T22:16:51.6009995Z hint: Names commonly chosen instead of 'master' are 'main', 'trunk' and
2026-09-24T22:16:51.6010487Z hint: 'development'. The just-created branch can be renamed via this command:
2026-09-24T22:16:51.6010900Z hint:
2026-09-24T22:16:51.6011132Z hint: 	git branch -m <name>
2026-09-24T22:16:51.6011386Z hint:
2026-09-24T22:16:51.6011719Z hint: Disable this message with "git config set advice.defaultBranchName false"
2026-09-24T22:16:51.6012268Z Initialized empty Git repository in /home/runner/work/c-crussty/c-crussty/.git/
2026-09-24T22:16:51.6017268Z [command]/usr/bin/git remote add origin https://github.com/PLANETA9091/c-crussty
2026-09-24T22:16:51.6106836Z ##[endgroup]
2026-09-24T22:16:51.6107307Z ##[group]Disabling automatic garbage collection
2026-09-24T22:16:51.6110006Z [command]/usr/bin/git config --local gc.auto 0
2026-09-24T22:16:51.6605791Z ##[endgroup]
2026-09-24T22:16:51.6606374Z ##[group]Setting up auth
2026-09-24T22:16:51.6610986Z [command]/usr/bin/git config --local --name-only --get-regexp core\.sshCommand
2026-09-24T22:16:51.6640379Z [command]/usr/bin/git submodule foreach --recursive sh -c "git config --local --name-only --get-regexp 'core\.sshCommand' && git config --local --unset-all 'core.sshCommand' || :"
2026-09-24T22:16:51.7979545Z [command]/usr/bin/git config --local --name-only --get-regexp http\.https\:\/\/github\.com\/\.extraheader
2026-09-24T22:16:51.8010835Z [command]/usr/bin/git submodule foreach --recursive sh -c "git config --local --name-only --get-regexp 'http\.https\:\/\/github\.com\/\.extraheader' && git config --local --unset-all 'http.https://github.com/.extraheader' || :"
2026-09-24T22:16:51.8211806Z [command]/usr/bin/git config --local --name-only --get-regexp ^includeIf\.gitdir:
2026-09-24T22:16:51.8243355Z [command]/usr/bin/git submodule foreach --recursive git config --local --show-origin --name-only --get-regexp remote.origin.url
2026-09-24T22:16:51.8441566Z [command]/usr/bin/git config --local http.https://github.com/.extraheader AUTHORIZATION: basic ***
2026-09-24T22:16:52.0092173Z ##[endgroup]
2026-09-24T22:16:52.0102134Z ##[group]Fetching the repository
2026-09-24T22:16:52.0103408Z [command]/usr/bin/git -c protocol.version=2 fetch --no-tags --prune --no-recurse-submodules --depth=1 origin +d02a29777eda74eb9e9d48430ee382baa59147e3:refs/remotes/origin/round-450-anchor-45
2026-09-24T22:17:03.8870301Z From https://github.com/PLANETA9091/c-crussty
2026-09-24T22:17:03.8871031Z  * [new ref]         d02a29777eda74eb9e9d48430ee382baa59147e3 -> origin/round-450-anchor-45
2026-09-24T22:17:03.8874138Z ##[endgroup]
2026-09-24T22:17:03.8875139Z ##[group]Determining the checkout info
2026-09-24T22:17:03.8876344Z ##[endgroup]
2026-09-24T22:17:03.8881638Z [command]/usr/bin/git sparse-checkout disable
2026-09-24T22:17:03.8930194Z [command]/usr/bin/git config --local --unset-all extensions.worktreeConfig
2026-09-24T22:17:03.8965245Z ##[group]Checking out the ref
2026-09-24T22:17:03.8965753Z [command]/usr/bin/git checkout --progress --force -B round-450-anchor-45 refs/remotes/origin/round-450-anchor-45
2026-09-24T22:17:04.8004289Z Switched to a new branch 'round-450-anchor-45'
2026-09-24T22:17:04.8006211Z branch 'round-450-anchor-45' set up to track 'origin/round-450-anchor-45'.
2026-09-24T22:17:04.8056568Z ##[endgroup]
2026-09-24T22:17:04.8102447Z [command]/usr/bin/git log -1 --format=%H
2026-09-24T22:17:04.8128414Z d02a29777eda74eb9e9d48430ee382baa59147e3
2026-09-24T22:17:04.8377678Z ##[group]Run set -euo pipefail
2026-09-24T22:17:04.8377928Z [36;1mset -euo pipefail[0m
2026-09-24T22:17:04.8378086Z [36;1mIDX=$(python3 -c '[0m
2026-09-24T22:17:04.8378227Z [36;1mimport time[0m
2026-09-24T22:17:04.8378366Z [36;1mt=time.time(); x=1[0m
2026-09-24T22:17:04.8378509Z [36;1mfor _ in range(6000000):[0m
2026-09-24T22:17:04.8378689Z [36;1m    x=(x*1103515245+12345)&0x7fffffff[0m
2026-09-24T22:17:04.8378885Z [36;1mprint(f"{6000000/(time.time()-t):.0f}")')[0m
2026-09-24T22:17:04.8379094Z [36;1mecho "runner_cpu_index=$IDX band=[6000000,9500000]"[0m
2026-09-24T22:17:04.8379563Z [36;1mif [ "$IDX" -lt "6000000" ] || [ "$IDX" -gt "9500000" ]; then[0m
2026-09-24T22:17:04.8379932Z [36;1m  echo "::notice::runner_cpu_index=$IDX OUTSIDE band — fast-fail pre-download (pairing discard, not a bench failure)"[0m
2026-09-24T22:17:04.8380240Z [36;1m  exit 1[0m
2026-09-24T22:17:04.8380364Z [36;1mfi[0m
2026-09-24T22:17:04.8613673Z shell: /usr/bin/bash -e {0}
2026-09-24T22:17:04.8613904Z ##[endgroup]
2026-09-24T22:17:05.4425695Z runner_cpu_index=10730070 band=[6000000,9500000]
2026-09-24T22:17:05.4444590Z ##[notice]runner_cpu_index=10730070 OUTSIDE band — fast-fail pre-download (pairing discard, not a bench failure)
2026-09-24T22:17:05.4453461Z ##[error]Process completed with exit code 1.
2026-09-24T22:17:05.4530018Z ##[group]Run actions/upload-artifact@v4
2026-09-24T22:17:05.4530193Z with:
2026-09-24T22:17:05.4530324Z   name: world3-bench
2026-09-24T22:17:05.4531234Z   path: world3-run/BOTTLENECKS_3.md
world3-run/cpu-collapsed.txt
world3-run/wall-collapsed.txt
world3-run/alloc-collapsed.txt
world3-run/cpu-flamegraph.html
world3-run/server-stdout.log
world3-run/gc.log
world3-run/remset.log
world3-run/refine.log
world3-run/recon.jfr
world3-run/ap.log
world3-run/run-env.txt
world3-run/pclip-materialize.log
world3-run/chunk-parse-diag.txt
world3-run/entity-recon.txt
world3-run/patched-kernel.jar
world3-run/spark-report/

2026-09-24T22:17:05.4532191Z   if-no-files-found: warn
2026-09-24T22:17:05.4532331Z   compression-level: 6
2026-09-24T22:17:05.4532458Z   overwrite: false
2026-09-24T22:17:05.4532585Z   include-hidden-files: false
2026-09-24T22:17:05.4532728Z ##[endgroup]
2026-09-24T22:17:05.5632781Z (node:2043) [DEP0040] DeprecationWarning: The `punycode` module is deprecated. Please use a userland alternative instead.
2026-09-24T22:17:05.5633239Z (Use `node --trace-deprecation ...` to show where the warning was created)
2026-09-24T22:17:05.5705528Z Multiple search paths detected. Calculating the least common ancestor of all paths
2026-09-24T22:17:05.5713024Z The least common ancestor is /home/runner/work/c-crussty/c-crussty/world3-run. This will be the root directory of the artifact
2026-09-24T22:17:05.5720887Z ##[warning]No files were found with the provided path: world3-run/BOTTLENECKS_3.md
world3-run/cpu-collapsed.txt
world3-run/wall-collapsed.txt
world3-run/alloc-collapsed.txt
world3-run/cpu-flamegraph.html
world3-run/server-stdout.log
world3-run/gc.log
world3-run/remset.log
world3-run/refine.log
world3-run/recon.jfr
world3-run/ap.log
world3-run/run-env.txt
world3-run/pclip-materialize.log
world3-run/chunk-parse-diag.txt
world3-run/entity-recon.txt
world3-run/patched-kernel.jar
world3-run/spark-report/. No artifacts will be uploaded.
2026-09-24T22:17:05.5893173Z Post job cleanup.
2026-09-24T22:17:05.6462015Z [command]/usr/bin/git version
2026-09-24T22:17:05.6493795Z git version 2.55.0
2026-09-24T22:17:05.6516488Z Temporarily overriding HOME='/home/runner/work/_temp/3f87b2bc-6bfb-45fc-99e5-9bae574f71e5' before making global git config changes
2026-09-24T22:17:05.6517263Z Adding repository directory to the temporary git global config as a safe directory
2026-09-24T22:17:05.6520138Z [command]/usr/bin/git config --global --add safe.directory /home/runner/work/c-crussty/c-crussty
2026-09-24T22:17:05.6550400Z [command]/usr/bin/git config --local --name-only --get-regexp core\.sshCommand
2026-09-24T22:17:05.6577582Z [command]/usr/bin/git submodule foreach --recursive sh -c "git config --local --name-only --get-regexp 'core\.sshCommand' && git config --local --unset-all 'core.sshCommand' || :"
2026-09-24T22:17:05.6797475Z [command]/usr/bin/git config --local --name-only --get-regexp http\.https\:\/\/github\.com\/\.extraheader
2026-09-24T22:17:05.6824039Z http.https://github.com/.extraheader
2026-09-24T22:17:05.6834548Z [command]/usr/bin/git config --local --unset-all http.https://github.com/.extraheader
2026-09-24T22:17:05.6866538Z [command]/usr/bin/git submodule foreach --recursive sh -c "git config --local --name-only --get-regexp 'http\.https\:\/\/github\.com\/\.extraheader' && git config --local --unset-all 'http.https://github.com/.extraheader' || :"
2026-09-24T22:17:05.7082143Z [command]/usr/bin/git config --local --name-only --get-regexp ^includeIf\.gitdir:
2026-09-24T22:17:05.7114061Z [command]/usr/bin/git submodule foreach --recursive git config --local --show-origin --name-only --get-regexp remote.origin.url
2026-09-24T22:17:05.7418652Z Cleaning up orphan processes
2026-09-24T22:17:05.7614676Z ##[warning]Node.js 20 is deprecated. The following actions target Node.js 20 but are being forced to run on Node.js 24: actions/checkout@v4, actions/upload-artifact@v4. For more information see: https://github.blog/changelog/2025-09-19-deprecation-of-node-20-on-github-actions-runners/
