2026-09-20T12:15:36.6134597Z Current runner version: '2.337.0'
2026-09-20T12:15:36.6150205Z ##[group]Runner Image Provisioner
2026-09-20T12:15:36.6150711Z Hosted Compute Agent
2026-09-20T12:15:36.6151140Z Version: 20260828.587
2026-09-20T12:15:36.6151553Z Commit: abac92662cab4cc7352de4f9f9d2e2419aad9c29
2026-09-20T12:15:36.6152012Z Build Date: 2026-08-28T16:44:25Z
2026-09-20T12:15:36.6152460Z Worker ID: {f55e73e9-c5c0-4802-ba7b-1ae426a1e0ce}
2026-09-20T12:15:36.6152866Z Azure Region: westus3
2026-09-20T12:15:36.6153258Z ##[endgroup]
2026-09-20T12:15:36.6154014Z ##[group]Operating System
2026-09-20T12:15:36.6154408Z Ubuntu
2026-09-20T12:15:36.6154736Z 24.04.5
2026-09-20T12:15:36.6155050Z LTS
2026-09-20T12:15:36.6155396Z ##[endgroup]
2026-09-20T12:15:36.6155882Z ##[group]Runner Image
2026-09-20T12:15:36.6156346Z Image: ubuntu-24.04
2026-09-20T12:15:36.6156767Z Version: 20260907.300.1
2026-09-20T12:15:36.6157572Z Included Software: https://github.com/actions/runner-images/blob/ubuntu24/20260907.300/images/ubuntu/Ubuntu2404-Readme.md
2026-09-20T12:15:36.6158514Z Image Release: https://github.com/actions/runner-images/releases/tag/ubuntu24%2F20260907.300
2026-09-20T12:15:36.6159095Z ##[endgroup]
2026-09-20T12:15:36.6159739Z ##[group]GITHUB_TOKEN Permissions
2026-09-20T12:15:36.6160980Z Contents: read
2026-09-20T12:15:36.6161361Z Metadata: read
2026-09-20T12:15:36.6161692Z ##[endgroup]
2026-09-20T12:15:36.6162993Z Secret source: Actions
2026-09-20T12:15:36.6163521Z Cache mode: write
2026-09-20T12:15:36.6164015Z Prepare workflow directory
2026-09-20T12:15:36.6364511Z Prepare all required actions
2026-09-20T12:15:36.6395194Z Getting action download info
2026-09-20T12:15:36.9399464Z Download action repository 'actions/checkout@v4' (SHA:11d5960a326750d5838078e36cf38b85af677262)
2026-09-20T12:15:37.1173185Z Download action repository 'dtolnay/rust-toolchain@stable' (SHA:6bed0761d98439e5a578e2877258200ad565ba87)
2026-09-20T12:15:37.3440299Z Download action repository 'Swatinem/rust-cache@v2' (SHA:6323deb102c322ba6fcbdcafc7e3dddab59af2b6)
2026-09-20T12:15:38.0519304Z Download action repository 'actions/setup-java@v4' (SHA:cf277c60eb25467037889841efdb72551f06f6c3)
2026-09-20T12:15:39.0009155Z Download action repository 'actions/upload-artifact@v4' (SHA:ea165f8d65b6e75b540449e92b4886f43607fa02)
2026-09-20T12:15:39.2221865Z Complete job name: world-bench
2026-09-20T12:15:39.2695410Z Node 20 is being deprecated. This workflow is running with Node 24 by default. If you need to temporarily use Node 20, you can set the ACTIONS_ALLOW_USE_UNSECURE_NODE_VERSION=true environment variable. For more information see: https://github.blog/changelog/2025-09-19-deprecation-of-node-20-on-github-actions-runners/
2026-09-20T12:15:39.2700305Z ##[group]Run actions/checkout@v4
2026-09-20T12:15:39.2700521Z with:
2026-09-20T12:15:39.2700648Z   repository: PLANETA9091/c-crussty
2026-09-20T12:15:39.2702161Z   token: ***
2026-09-20T12:15:39.2702275Z   ssh-strict: true
2026-09-20T12:15:39.2702399Z   ssh-user: git
2026-09-20T12:15:39.2702520Z   persist-credentials: true
2026-09-20T12:15:39.2702660Z   clean: true
2026-09-20T12:15:39.2702792Z   sparse-checkout-cone-mode: true
2026-09-20T12:15:39.2702947Z   fetch-depth: 1
2026-09-20T12:15:39.2703060Z   fetch-tags: false
2026-09-20T12:15:39.2703176Z   show-progress: true
2026-09-20T12:15:39.2703292Z   lfs: false
2026-09-20T12:15:39.2703422Z   submodules: false
2026-09-20T12:15:39.2703540Z   set-safe-directory: true
2026-09-20T12:15:39.2703682Z   allow-unsafe-pr-checkout: false
2026-09-20T12:15:39.2703893Z ##[endgroup]
2026-09-20T12:15:39.3327643Z Syncing repository: PLANETA9091/c-crussty
2026-09-20T12:15:39.3328696Z ##[group]Getting Git version info
2026-09-20T12:15:39.3329017Z Working directory is '/home/runner/work/c-crussty/c-crussty'
2026-09-20T12:15:39.3329537Z [command]/usr/bin/git version
2026-09-20T12:15:39.3478390Z git version 2.55.0
2026-09-20T12:15:39.3491912Z ##[endgroup]
2026-09-20T12:15:39.3502879Z Temporarily overriding HOME='/home/runner/work/_temp/186e4324-dc66-44c1-b296-c13ae1606110' before making global git config changes
2026-09-20T12:15:39.3503873Z Adding repository directory to the temporary git global config as a safe directory
2026-09-20T12:15:39.3506393Z [command]/usr/bin/git config --global --add safe.directory /home/runner/work/c-crussty/c-crussty
2026-09-20T12:15:39.3551634Z Deleting the contents of '/home/runner/work/c-crussty/c-crussty'
2026-09-20T12:15:39.3554725Z ##[group]Initializing the repository
2026-09-20T12:15:39.3557617Z [command]/usr/bin/git init /home/runner/work/c-crussty/c-crussty
2026-09-20T12:15:39.3805619Z hint: Using 'master' as the name for the initial branch. This default branch name
2026-09-20T12:15:39.3806111Z hint: will change to "main" in Git 3.0. To configure the initial branch name
2026-09-20T12:15:39.3806554Z hint: to use in all of your new repositories, which will suppress this warning,
2026-09-20T12:15:39.3806873Z hint: call:
2026-09-20T12:15:39.3807160Z hint:
2026-09-20T12:15:39.3807396Z hint: 	git config --global init.defaultBranch <name>
2026-09-20T12:15:39.3807719Z hint:
2026-09-20T12:15:39.3807996Z hint: Names commonly chosen instead of 'master' are 'main', 'trunk' and
2026-09-20T12:15:39.3808425Z hint: 'development'. The just-created branch can be renamed via this command:
2026-09-20T12:15:39.3808740Z hint:
2026-09-20T12:15:39.3808891Z hint: 	git branch -m <name>
2026-09-20T12:15:39.3809032Z hint:
2026-09-20T12:15:39.3809206Z hint: Disable this message with "git config set advice.defaultBranchName false"
2026-09-20T12:15:39.3809520Z Initialized empty Git repository in /home/runner/work/c-crussty/c-crussty/.git/
2026-09-20T12:15:39.3817762Z [command]/usr/bin/git remote add origin https://github.com/PLANETA9091/c-crussty
2026-09-20T12:15:39.3864150Z ##[endgroup]
2026-09-20T12:15:39.3864389Z ##[group]Disabling automatic garbage collection
2026-09-20T12:15:39.3866919Z [command]/usr/bin/git config --local gc.auto 0
2026-09-20T12:15:39.3893918Z ##[endgroup]
2026-09-20T12:15:39.3894259Z ##[group]Setting up auth
2026-09-20T12:15:39.3899372Z [command]/usr/bin/git config --local --name-only --get-regexp core\.sshCommand
2026-09-20T12:15:39.3926154Z [command]/usr/bin/git submodule foreach --recursive sh -c "git config --local --name-only --get-regexp 'core\.sshCommand' && git config --local --unset-all 'core.sshCommand' || :"
2026-09-20T12:15:39.4222708Z [command]/usr/bin/git config --local --name-only --get-regexp http\.https\:\/\/github\.com\/\.extraheader
2026-09-20T12:15:39.4248663Z [command]/usr/bin/git submodule foreach --recursive sh -c "git config --local --name-only --get-regexp 'http\.https\:\/\/github\.com\/\.extraheader' && git config --local --unset-all 'http.https://github.com/.extraheader' || :"
2026-09-20T12:15:39.4420737Z [command]/usr/bin/git config --local --name-only --get-regexp ^includeIf\.gitdir:
2026-09-20T12:15:39.4446547Z [command]/usr/bin/git submodule foreach --recursive git config --local --show-origin --name-only --get-regexp remote.origin.url
2026-09-20T12:15:39.4616410Z [command]/usr/bin/git config --local http.https://github.com/.extraheader AUTHORIZATION: basic ***
2026-09-20T12:15:39.5205292Z ##[endgroup]
2026-09-20T12:15:39.5205649Z ##[group]Fetching the repository
2026-09-20T12:15:39.5211065Z [command]/usr/bin/git -c protocol.version=2 fetch --no-tags --prune --no-recurse-submodules --depth=1 origin +878888afe130b27618381c4a55181498ff56aa1f:refs/remotes/origin/master
2026-09-20T12:15:43.6250557Z From https://github.com/PLANETA9091/c-crussty
2026-09-20T12:15:43.6251070Z  * [new ref]         878888afe130b27618381c4a55181498ff56aa1f -> origin/master
2026-09-20T12:15:43.6253947Z ##[endgroup]
2026-09-20T12:15:43.6254227Z ##[group]Determining the checkout info
2026-09-20T12:15:43.6255963Z ##[endgroup]
2026-09-20T12:15:43.6260809Z [command]/usr/bin/git sparse-checkout disable
2026-09-20T12:15:43.6615919Z [command]/usr/bin/git config --local --unset-all extensions.worktreeConfig
2026-09-20T12:15:43.6919646Z ##[group]Checking out the ref
2026-09-20T12:15:43.6931456Z [command]/usr/bin/git checkout --progress --force -B master refs/remotes/origin/master
2026-09-20T12:15:44.7847965Z Updating files:  74% (2241/2998)
2026-09-20T12:15:44.9945285Z Updating files:  75% (2249/2998)
2026-09-20T12:15:45.2061033Z Updating files:  76% (2279/2998)
2026-09-20T12:15:45.3322431Z Updating files:  77% (2309/2998)
2026-09-20T12:15:45.5919170Z Updating files:  78% (2339/2998)
2026-09-20T12:15:45.7636214Z Updating files:  79% (2369/2998)
2026-09-20T12:15:45.7774626Z Updating files:  79% (2389/2998)
2026-09-20T12:15:46.0369368Z Updating files:  80% (2399/2998)
2026-09-20T12:15:46.2515053Z Updating files:  81% (2429/2998)
2026-09-20T12:15:46.4441924Z Updating files:  82% (2459/2998)
2026-09-20T12:15:46.6799592Z Updating files:  83% (2489/2998)
2026-09-20T12:15:46.7113590Z Updating files:  84% (2519/2998)
2026-09-20T12:15:46.8295118Z Updating files:  84% (2520/2998)
2026-09-20T12:15:46.8591321Z Updating files:  85% (2549/2998)
2026-09-20T12:15:46.9020793Z Updating files:  86% (2579/2998)
2026-09-20T12:15:46.9234488Z Updating files:  87% (2609/2998)
2026-09-20T12:15:46.9253036Z Updating files:  88% (2639/2998)
2026-09-20T12:15:47.0921242Z Updating files:  89% (2669/2998)
2026-09-20T12:15:47.0960594Z Updating files:  90% (2699/2998)
2026-09-20T12:15:47.0970369Z Updating files:  91% (2729/2998)
2026-09-20T12:15:47.0982027Z Updating files:  92% (2759/2998)
2026-09-20T12:15:47.0996634Z Updating files:  93% (2789/2998)
2026-09-20T12:15:47.1013423Z Updating files:  94% (2819/2998)
2026-09-20T12:15:47.1027288Z Updating files:  95% (2849/2998)
2026-09-20T12:15:47.1057821Z Updating files:  96% (2879/2998)
2026-09-20T12:15:47.1081109Z Updating files:  97% (2909/2998)
2026-09-20T12:15:47.1113940Z Updating files:  98% (2939/2998)
2026-09-20T12:15:47.1184356Z Updating files:  99% (2969/2998)
2026-09-20T12:15:47.1184616Z Updating files: 100% (2998/2998)
2026-09-20T12:15:47.1184853Z Updating files: 100% (2998/2998), done.
2026-09-20T12:15:47.3032655Z Reset branch 'master'
2026-09-20T12:15:47.3094688Z branch 'master' set up to track 'origin/master'.
2026-09-20T12:15:47.3155022Z ##[endgroup]
2026-09-20T12:15:47.3194932Z [command]/usr/bin/git log -1 --format=%H
2026-09-20T12:15:47.3217822Z 878888afe130b27618381c4a55181498ff56aa1f
2026-09-20T12:15:47.3730590Z ##[group]Run set -euo pipefail
2026-09-20T12:15:47.3730835Z [36;1mset -euo pipefail[0m
2026-09-20T12:15:47.3730979Z [36;1mIDX=$(python3 -c '[0m
2026-09-20T12:15:47.3731109Z [36;1mimport time[0m
2026-09-20T12:15:47.3731233Z [36;1mt=time.time(); x=1[0m
2026-09-20T12:15:47.3731391Z [36;1mfor _ in range(6000000):[0m
2026-09-20T12:15:47.3731551Z [36;1m    x=(x*1103515245+12345)&0x7fffffff[0m
2026-09-20T12:15:47.3731732Z [36;1mprint(f"{6000000/(time.time()-t):.0f}")')[0m
2026-09-20T12:15:47.3731930Z [36;1mecho "runner_cpu_index=$IDX band=[6000000,9500000]"[0m
2026-09-20T12:15:47.3732151Z [36;1mif [ "$IDX" -lt "6000000" ] || [ "$IDX" -gt "9500000" ]; then[0m
2026-09-20T12:15:47.3732508Z [36;1m  echo "::notice::runner_cpu_index=$IDX OUTSIDE band — fast-fail pre-download (pairing discard, not a bench failure)"[0m
2026-09-20T12:15:47.3732798Z [36;1m  exit 1[0m
2026-09-20T12:15:47.3732928Z [36;1mfi[0m
2026-09-20T12:15:47.3765111Z shell: /usr/bin/bash -e {0}
2026-09-20T12:15:47.3765313Z ##[endgroup]
2026-09-20T12:15:47.9316115Z runner_cpu_index=11593927 band=[6000000,9500000]
2026-09-20T12:15:47.9333441Z ##[notice]runner_cpu_index=11593927 OUTSIDE band — fast-fail pre-download (pairing discard, not a bench failure)
2026-09-20T12:15:47.9341553Z ##[error]Process completed with exit code 1.
2026-09-20T12:15:47.9789679Z Node 20 is being deprecated. This workflow is running with Node 24 by default. If you need to temporarily use Node 20, you can set the ACTIONS_ALLOW_USE_UNSECURE_NODE_VERSION=true environment variable. For more information see: https://github.blog/changelog/2025-09-19-deprecation-of-node-20-on-github-actions-runners/
2026-09-20T12:15:47.9790728Z ##[group]Run actions/upload-artifact@v4
2026-09-20T12:15:47.9790877Z with:
2026-09-20T12:15:47.9791003Z   name: world3-bench
2026-09-20T12:15:47.9791877Z   path: world3-run/BOTTLENECKS_3.md
world3-run/cpu-collapsed.txt
world3-run/wall-collapsed.txt
world3-run/alloc-collapsed.txt
world3-run/cpu-flamegraph.html
world3-run/server-stdout.log
world3-run/gc.log
world3-run/remset.log
world3-run/refine.log
world3-run/recon.jfr
world3-run/ap.log
world3-run/run-env.txt
world3-run/pclip-materialize.log
world3-run/chunk-parse-diag.txt
world3-run/entity-recon.txt
world3-run/patched-kernel.jar
world3-run/spark-report/

2026-09-20T12:15:47.9792968Z   if-no-files-found: warn
2026-09-20T12:15:47.9793101Z   compression-level: 6
2026-09-20T12:15:47.9793223Z   overwrite: false
2026-09-20T12:15:47.9793347Z   include-hidden-files: false
2026-09-20T12:15:47.9793486Z ##[endgroup]
2026-09-20T12:15:48.0900277Z (node:2046) [DEP0040] DeprecationWarning: The `punycode` module is deprecated. Please use a userland alternative instead.
2026-09-20T12:15:48.0900685Z (Use `node --trace-deprecation ...` to show where the warning was created)
2026-09-20T12:15:48.0946753Z Multiple search paths detected. Calculating the least common ancestor of all paths
2026-09-20T12:15:48.0954203Z The least common ancestor is /home/runner/work/c-crussty/c-crussty/world3-run. This will be the root directory of the artifact
2026-09-20T12:15:48.0961668Z ##[warning]No files were found with the provided path: world3-run/BOTTLENECKS_3.md
world3-run/cpu-collapsed.txt
world3-run/wall-collapsed.txt
world3-run/alloc-collapsed.txt
world3-run/cpu-flamegraph.html
world3-run/server-stdout.log
world3-run/gc.log
world3-run/remset.log
world3-run/refine.log
world3-run/recon.jfr
world3-run/ap.log
world3-run/run-env.txt
world3-run/pclip-materialize.log
world3-run/chunk-parse-diag.txt
world3-run/entity-recon.txt
world3-run/patched-kernel.jar
world3-run/spark-report/. No artifacts will be uploaded.
2026-09-20T12:15:48.2248060Z Node 20 is being deprecated. This workflow is running with Node 24 by default. If you need to temporarily use Node 20, you can set the ACTIONS_ALLOW_USE_UNSECURE_NODE_VERSION=true environment variable. For more information see: https://github.blog/changelog/2025-09-19-deprecation-of-node-20-on-github-actions-runners/
2026-09-20T12:15:48.2248747Z Post job cleanup.
2026-09-20T12:15:48.2792912Z [command]/usr/bin/git version
2026-09-20T12:15:48.2826004Z git version 2.55.0
2026-09-20T12:15:48.2849749Z Temporarily overriding HOME='/home/runner/work/_temp/a718be8a-7ca8-47da-aa00-1b7c592721d0' before making global git config changes
2026-09-20T12:15:48.2850416Z Adding repository directory to the temporary git global config as a safe directory
2026-09-20T12:15:48.2853838Z [command]/usr/bin/git config --global --add safe.directory /home/runner/work/c-crussty/c-crussty
2026-09-20T12:15:48.3324276Z [command]/usr/bin/git config --local --name-only --get-regexp core\.sshCommand
2026-09-20T12:15:48.3358474Z [command]/usr/bin/git submodule foreach --recursive sh -c "git config --local --name-only --get-regexp 'core\.sshCommand' && git config --local --unset-all 'core.sshCommand' || :"
2026-09-20T12:15:48.3548340Z [command]/usr/bin/git config --local --name-only --get-regexp http\.https\:\/\/github\.com\/\.extraheader
2026-09-20T12:15:48.3573098Z http.https://github.com/.extraheader
2026-09-20T12:15:48.3580858Z [command]/usr/bin/git config --local --unset-all http.https://github.com/.extraheader
2026-09-20T12:15:48.4464405Z [command]/usr/bin/git submodule foreach --recursive sh -c "git config --local --name-only --get-regexp 'http\.https\:\/\/github\.com\/\.extraheader' && git config --local --unset-all 'http.https://github.com/.extraheader' || :"
2026-09-20T12:15:48.4653483Z [command]/usr/bin/git config --local --name-only --get-regexp ^includeIf\.gitdir:
2026-09-20T12:15:48.4682864Z [command]/usr/bin/git submodule foreach --recursive git config --local --show-origin --name-only --get-regexp remote.origin.url
2026-09-20T12:15:48.4977900Z Cleaning up orphan processes
2026-09-20T12:15:48.5168370Z ##[warning]Node.js 20 is deprecated. The following actions target Node.js 20 but are being forced to run on Node.js 24: actions/checkout@v4, actions/upload-artifact@v4. For more information see: https://github.blog/changelog/2025-09-19-deprecation-of-node-20-on-github-actions-runners/
