[2026-09-26T01:36:00.857+0000] Using Parallel
[2026-09-26T01:36:02.699+0000] GC(0) Pause Young (Allocation Failure) 128M->69M(491M) 64.554ms
[2026-09-26T01:36:02.751+0000] GC(1) Pause Young (Allocation Failure) 197M->117M(491M) 29.830ms
[2026-09-26T01:36:02.816+0000] GC(2) Pause Young (Allocation Failure) 244M->165M(491M) 48.032ms
[2026-09-26T01:36:02.854+0000] GC(3) Pause Young (Allocation Failure) 293M->212M(491M) 23.128ms
[2026-09-26T01:36:02.918+0000] GC(4) Pause Young (Allocation Failure) 339M->259M(491M) 21.067ms
[2026-09-26T01:36:02.953+0000] GC(5) Pause Young (Allocation Failure) 386M->306M(420M) 21.282ms
[2026-09-26T01:36:02.999+0000] GC(6) Pause Young (Allocation Failure) 363M->350M(455M) 38.357ms
[2026-09-26T01:36:03.047+0000] GC(7) Pause Full (Ergonomics) 407M->69M(455M) 42.064ms
[2026-09-26T01:36:03.062+0000] GC(8) Pause Young (Allocation Failure) 126M->126M(455M) 9.663ms
[2026-09-26T01:36:03.100+0000] GC(9) Pause Young (Allocation Failure) 183M->134M(455M) 32.567ms
[2026-09-26T01:36:03.114+0000] GC(10) Pause Young (Allocation Failure) 191M->142M(455M) 9.317ms
[2026-09-26T01:36:03.131+0000] GC(11) Pause Young (Allocation Failure) 199M->150M(455M) 12.566ms
[2026-09-26T01:36:03.139+0000] GC(12) Pause Young (Allocation Failure) 207M->157M(455M) 3.875ms
[2026-09-26T01:36:03.147+0000] GC(13) Pause Young (Allocation Failure) 214M->165M(455M) 4.286ms
[2026-09-26T01:36:03.155+0000] GC(14) Pause Young (Allocation Failure) 222M->173M(455M) 3.990ms
[2026-09-26T01:36:03.164+0000] GC(15) Pause Young (Allocation Failure) 230M->181M(455M) 4.062ms
[2026-09-26T01:36:03.197+0000] GC(16) Pause Young (Allocation Failure) 238M->189M(455M) 29.167ms
[2026-09-26T01:36:03.207+0000] GC(17) Pause Young (Allocation Failure) 246M->197M(455M) 6.368ms
[2026-09-26T01:36:03.216+0000] GC(18) Pause Young (Allocation Failure) 254M->205M(455M) 3.907ms
[2026-09-26T01:36:03.225+0000] GC(19) Pause Young (Allocation Failure) 262M->213M(455M) 4.736ms
[2026-09-26T01:36:03.241+0000] GC(20) Pause Young (Allocation Failure) 270M->220M(455M) 12.047ms
[2026-09-26T01:36:03.254+0000] GC(21) Pause Young (Allocation Failure) 277M->228M(455M) 9.663ms
[2026-09-26T01:36:03.296+0000] GC(22) Pause Young (Allocation Failure) 285M->235M(455M) 37.942ms
[2026-09-26T01:36:03.309+0000] GC(23) Pause Young (Allocation Failure) 292M->243M(455M) 9.391ms
[2026-09-26T01:36:03.326+0000] GC(24) Pause Young (Allocation Failure) 300M->250M(455M) 12.522ms
[2026-09-26T01:36:03.339+0000] GC(25) Pause Young (Allocation Failure) 307M->257M(455M) 9.022ms
[2026-09-26T01:36:03.352+0000] GC(26) Pause Young (Allocation Failure) 314M->265M(455M) 9.208ms
[2026-09-26T01:36:03.365+0000] GC(27) Pause Young (Allocation Failure) 322M->273M(455M) 9.124ms
[2026-09-26T01:36:03.406+0000] GC(28) Pause Young (Allocation Failure) 330M->281M(455M) 37.010ms
[2026-09-26T01:36:03.419+0000] GC(29) Pause Young (Allocation Failure) 338M->289M(455M) 9.334ms
[2026-09-26T01:36:03.432+0000] GC(30) Pause Young (Allocation Failure) 346M->297M(455M) 9.217ms
[2026-09-26T01:36:03.446+0000] GC(31) Pause Young (Allocation Failure) 354M->305M(455M) 9.000ms
[2026-09-26T01:36:03.459+0000] GC(32) Pause Young (Allocation Failure) 362M->312M(455M) 8.773ms
[2026-09-26T01:36:03.466+0000] GC(33) Pause Young (Allocation Failure) 369M->320M(455M) 3.884ms
[2026-09-26T01:36:03.502+0000] GC(34) Pause Young (Allocation Failure) 377M->328M(455M) 31.469ms
[2026-09-26T01:36:03.510+0000] GC(35) Pause Young (Allocation Failure) 385M->336M(455M) 4.006ms
[2026-09-26T01:36:03.519+0000] GC(36) Pause Young (Allocation Failure) 393M->344M(455M) 6.760ms
[2026-09-26T01:36:03.529+0000] GC(37) Pause Young (Allocation Failure) 401M->352M(455M) 7.489ms
[2026-09-26T01:36:03.541+0000] GC(38) Pause Young (Allocation Failure) 409M->360M(455M) 9.246ms
[2026-09-26T01:36:03.560+0000] GC(39) Pause Young (Allocation Failure) 417M->367M(455M) 16.245ms
[2026-09-26T01:36:03.608+0000] GC(40) Pause Young (Allocation Failure) 424M->374M(455M) 43.317ms
[2026-09-26T01:36:03.625+0000] GC(41) Pause Young (Allocation Failure) 431M->382M(455M) 15.102ms
[2026-09-26T01:36:03.697+0000] GC(42) Pause Full (Ergonomics) 439M->69M(455M) 63.729ms
[2026-09-26T01:36:03.706+0000] GC(43) Pause Young (Allocation Failure) 126M->126M(455M) 6.121ms
[2026-09-26T01:36:03.717+0000] GC(44) Pause Young (Allocation Failure) 183M->133M(455M) 8.852ms
[2026-09-26T01:36:03.726+0000] GC(45) Pause Young (Allocation Failure) 190M->141M(455M) 6.134ms
[2026-09-26T01:36:03.736+0000] GC(46) Pause Young (Allocation Failure) 198M->149M(455M) 7.870ms
[2026-09-26T01:36:03.745+0000] GC(47) Pause Young (Allocation Failure) 206M->157M(455M) 6.172ms
[2026-09-26T01:36:03.755+0000] GC(48) Pause Young (Allocation Failure) 214M->165M(455M) 7.659ms
[2026-09-26T01:36:03.765+0000] GC(49) Pause Young (Allocation Failure) 221M->173M(455M) 6.808ms
[2026-09-26T01:36:03.796+0000] GC(50) Pause Young (Allocation Failure) 230M->181M(455M) 28.484ms
[2026-09-26T01:36:03.808+0000] GC(51) Pause Young (Allocation Failure) 238M->189M(455M) 9.287ms
[2026-09-26T01:36:03.818+0000] GC(52) Pause Young (Allocation Failure) 246M->196M(455M) 7.527ms
[2026-09-26T01:36:03.829+0000] GC(53) Pause Young (Allocation Failure) 253M->204M(455M) 8.243ms
[2026-09-26T01:36:03.840+0000] GC(54) Pause Young (Allocation Failure) 261M->212M(455M) 8.699ms
[2026-09-26T01:36:03.851+0000] GC(55) Pause Young (Allocation Failure) 269M->220M(455M) 7.835ms
[2026-09-26T01:36:03.863+0000] GC(56) Pause Young (Allocation Failure) 277M->228M(455M) 9.184ms
[2026-09-26T01:36:03.898+0000] GC(57) Pause Young (Allocation Failure) 285M->236M(455M) 32.931ms
[2026-09-26T01:36:03.912+0000] GC(58) Pause Young (Allocation Failure) 293M->244M(455M) 11.056ms
[2026-09-26T01:36:03.921+0000] GC(59) Pause Young (Allocation Failure) 301M->252M(455M) 6.770ms
[2026-09-26T01:36:03.931+0000] GC(60) Pause Young (Allocation Failure) 309M->260M(455M) 7.034ms
[2026-09-26T01:36:03.942+0000] GC(61) Pause Young (Allocation Failure) 317M->268M(455M) 8.730ms
[2026-09-26T01:36:03.953+0000] GC(62) Pause Young (Allocation Failure) 325M->275M(455M) 8.325ms
[2026-09-26T01:36:03.961+0000] GC(63) Pause Young (Allocation Failure) 332M->283M(455M) 5.219ms
[2026-09-26T01:36:04.002+0000] GC(64) Pause Young (Allocation Failure) 340M->291M(455M) 38.359ms
[2026-09-26T01:36:04.011+0000] GC(65) Pause Young (Allocation Failure) 348M->299M(455M) 6.653ms
[2026-09-26T01:36:04.021+0000] GC(66) Pause Young (Allocation Failure) 356M->307M(455M) 7.227ms
[2026-09-26T01:36:04.029+0000] GC(67) Pause Young (Allocation Failure) 364M->315M(455M) 5.377ms
[2026-09-26T01:36:04.041+0000] GC(68) Pause Young (Allocation Failure) 372M->323M(455M) 9.595ms
[2026-09-26T01:36:04.050+0000] GC(69) Pause Young (Allocation Failure) 380M->331M(455M) 6.535ms
[2026-09-26T01:36:04.059+0000] GC(70) Pause Young (Allocation Failure) 388M->339M(455M) 6.310ms
[2026-09-26T01:36:04.068+0000] GC(71) Pause Young (Allocation Failure) 396M->346M(455M) 6.426ms
[2026-09-26T01:36:04.106+0000] GC(72) Pause Young (Allocation Failure) 403M->354M(455M) 7.245ms
[2026-09-26T01:36:04.118+0000] GC(73) Pause Young (Allocation Failure) 411M->362M(455M) 9.268ms
[2026-09-26T01:36:04.128+0000] GC(74) Pause Young (Allocation Failure) 419M->370M(455M) 6.640ms
[2026-09-26T01:36:04.139+0000] GC(75) Pause Young (Allocation Failure) 427M->378M(455M) 8.399ms
[2026-09-26T01:36:04.150+0000] GC(76) Pause Young (Allocation Failure) 435M->386M(455M) 8.526ms
[2026-09-26T01:36:04.163+0000] GC(77) Pause Young (Allocation Failure) 443M->394M(455M) 10.938ms
[2026-09-26T01:36:04.219+0000] GC(78) Pause Full (Ergonomics) 451M->68M(455M) 52.996ms
[2026-09-26T01:36:04.227+0000] GC(79) Pause Young (Allocation Failure) 126M->125M(455M) 5.570ms
[2026-09-26T01:36:04.237+0000] GC(80) Pause Young (Allocation Failure) 183M->132M(455M) 7.129ms
[2026-09-26T01:36:04.243+0000] GC(81) Pause Young (Allocation Failure) 190M->140M(455M) 3.744ms
[2026-09-26T01:36:04.254+0000] GC(82) Pause Young (Allocation Failure) 198M->148M(455M) 8.613ms
[2026-09-26T01:36:04.263+0000] GC(83) Pause Young (Allocation Failure) 206M->156M(455M) 6.032ms
[2026-09-26T01:36:04.299+0000] GC(84) Pause Young (Allocation Failure) 214M->164M(455M) 34.119ms
[2026-09-26T01:36:04.308+0000] GC(85) Pause Young (Allocation Failure) 222M->172M(455M) 6.365ms
[2026-09-26T01:36:04.317+0000] GC(86) Pause Young (Allocation Failure) 230M->180M(455M) 6.474ms
[2026-09-26T01:36:04.325+0000] GC(87) Pause Young (Allocation Failure) 238M->187M(455M) 5.784ms
[2026-09-26T01:36:04.338+0000] GC(88) Pause Young (Allocation Failure) 245M->195M(455M) 10.483ms
[2026-09-26T01:36:04.347+0000] GC(89) Pause Young (Allocation Failure) 253M->203M(455M) 6.023ms
[2026-09-26T01:36:04.356+0000] GC(90) Pause Young (Allocation Failure) 261M->211M(455M) 6.774ms
[2026-09-26T01:36:04.365+0000] GC(91) Pause Young (Allocation Failure) 269M->219M(455M) 6.212ms
[2026-09-26T01:36:04.402+0000] GC(92) Pause Young (Allocation Failure) 277M->227M(455M) 34.416ms
[2026-09-26T01:36:04.411+0000] GC(93) Pause Young (Allocation Failure) 285M->235M(455M) 6.408ms
[2026-09-26T01:36:04.420+0000] GC(94) Pause Young (Allocation Failure) 293M->243M(455M) 6.567ms
[2026-09-26T01:36:04.429+0000] GC(95) Pause Young (Allocation Failure) 301M->251M(455M) 6.128ms
[2026-09-26T01:36:04.437+0000] GC(96) Pause Young (Allocation Failure) 309M->259M(455M) 6.221ms
[2026-09-26T01:36:04.446+0000] GC(97) Pause Young (Allocation Failure) 317M->267M(455M) 6.348ms
[2026-09-26T01:36:04.455+0000] GC(98) Pause Young (Allocation Failure) 325M->274M(455M) 6.366ms
[2026-09-26T01:36:04.498+0000] GC(99) Pause Young (Allocation Failure) 332M->282M(455M) 40.092ms
[2026-09-26T01:36:04.508+0000] GC(100) Pause Young (Allocation Failure) 340M->290M(455M) 7.050ms
[2026-09-26T01:36:04.517+0000] GC(101) Pause Young (Allocation Failure) 348M->298M(455M) 6.236ms
[2026-09-26T01:36:04.526+0000] GC(102) Pause Young (Allocation Failure) 356M->306M(455M) 6.743ms
[2026-09-26T01:36:04.535+0000] GC(103) Pause Young (Allocation Failure) 364M->314M(455M) 6.489ms
[2026-09-26T01:36:04.544+0000] GC(104) Pause Young (Allocation Failure) 372M->322M(455M) 6.526ms
[2026-09-26T01:36:04.553+0000] GC(105) Pause Young (Allocation Failure) 380M->330M(455M) 6.059ms
[2026-09-26T01:36:04.561+0000] GC(106) Pause Young (Allocation Failure) 388M->338M(455M) 6.394ms
[2026-09-26T01:36:04.568+0000] GC(107) Pause Young (Allocation Failure) 396M->346M(455M) 3.678ms
[2026-09-26T01:36:04.602+0000] GC(108) Pause Young (Allocation Failure) 404M->354M(455M) 3.887ms
[2026-09-26T01:36:04.609+0000] GC(109) Pause Young (Allocation Failure) 412M->362M(455M) 4.134ms
[2026-09-26T01:36:04.618+0000] GC(110) Pause Young (Allocation Failure) 420M->370M(455M) 6.754ms
[2026-09-26T01:36:04.624+0000] GC(111) Pause Young (Allocation Failure) 428M->378M(455M) 3.778ms
[2026-09-26T01:36:04.633+0000] GC(112) Pause Young (Allocation Failure) 436M->386M(455M) 6.497ms
[2026-09-26T01:36:04.642+0000] GC(113) Pause Young (Allocation Failure) 444M->393M(455M) 6.401ms
[2026-09-26T01:36:04.668+0000] GC(114) Pause Full (Ergonomics) 451M->69M(455M) 23.110ms
[2026-09-26T01:36:04.703+0000] GC(115) Pause Young (Allocation Failure) 126M->126M(455M) 5.296ms
[2026-09-26T01:36:04.713+0000] GC(116) Pause Young (Allocation Failure) 183M->134M(455M) 7.053ms
[2026-09-26T01:36:04.721+0000] GC(117) Pause Young (Allocation Failure) 191M->142M(455M) 5.965ms
[2026-09-26T01:36:04.732+0000] GC(118) Pause Young (Allocation Failure) 199M->150M(455M) 7.746ms
[2026-09-26T01:36:04.740+0000] GC(119) Pause Young (Allocation Failure) 207M->158M(455M) 5.983ms
[2026-09-26T01:36:04.750+0000] GC(120) Pause Young (Allocation Failure) 215M->166M(455M) 7.461ms
[2026-09-26T01:36:04.759+0000] GC(121) Pause Young (Allocation Failure) 223M->174M(455M) 6.675ms
[2026-09-26T01:36:04.768+0000] GC(122) Pause Young (Allocation Failure) 231M->182M(455M) 6.572ms
[2026-09-26T01:36:04.800+0000] GC(123) Pause Young (Allocation Failure) 239M->189M(455M) 29.904ms
[2026-09-26T01:36:04.810+0000] GC(124) Pause Young (Allocation Failure) 246M->196M(455M) 6.788ms
[2026-09-26T01:36:04.819+0000] GC(125) Pause Young (Allocation Failure) 253M->204M(455M) 6.458ms
[2026-09-26T01:36:04.829+0000] GC(126) Pause Young (Allocation Failure) 261M->212M(455M) 8.189ms
[2026-09-26T01:36:04.839+0000] GC(127) Pause Young (Allocation Failure) 269M->220M(455M) 6.580ms
[2026-09-26T01:36:04.848+0000] GC(128) Pause Young (Allocation Failure) 277M->228M(455M) 6.515ms
[2026-09-26T01:36:04.857+0000] GC(129) Pause Young (Allocation Failure) 285M->236M(455M) 6.385ms
[2026-09-26T01:36:04.867+0000] GC(130) Pause Young (Allocation Failure) 293M->244M(455M) 7.667ms
[2026-09-26T01:36:04.904+0000] GC(131) Pause Young (Allocation Failure) 301M->252M(455M) 6.735ms
[2026-09-26T01:36:04.914+0000] GC(132) Pause Young (Allocation Failure) 309M->260M(455M) 7.320ms
[2026-09-26T01:36:04.923+0000] GC(133) Pause Young (Allocation Failure) 317M->268M(455M) 6.503ms
[2026-09-26T01:36:04.930+0000] GC(134) Pause Young (Allocation Failure) 325M->276M(455M) 4.042ms
[2026-09-26T01:36:04.939+0000] GC(135) Pause Young (Allocation Failure) 333M->284M(455M) 6.715ms
[2026-09-26T01:36:04.949+0000] GC(136) Pause Young (Allocation Failure) 341M->292M(455M) 6.843ms
[2026-09-26T01:36:04.957+0000] GC(137) Pause Young (Allocation Failure) 349M->300M(455M) 6.001ms
[2026-09-26T01:36:04.966+0000] GC(138) Pause Young (Allocation Failure) 357M->308M(455M) 6.522ms
[2026-09-26T01:36:05.012+0000] GC(139) Pause Young (Allocation Failure) 365M->316M(455M) 15.198ms
[2026-09-26T01:36:05.021+0000] GC(140) Pause Young (Allocation Failure) 373M->323M(455M) 6.497ms
[2026-09-26T01:36:05.030+0000] GC(141) Pause Young (Allocation Failure) 380M->331M(455M) 6.288ms
[2026-09-26T01:36:05.040+0000] GC(142) Pause Young (Allocation Failure) 388M->339M(455M) 6.651ms
[2026-09-26T01:36:05.049+0000] GC(143) Pause Young (Allocation Failure) 396M->347M(455M) 6.547ms
[2026-09-26T01:36:05.057+0000] GC(144) Pause Young (Allocation Failure) 404M->354M(455M) 6.211ms
[2026-09-26T01:36:05.066+0000] GC(145) Pause Young (Allocation Failure) 411M->362M(455M) 6.333ms
[2026-09-26T01:36:05.110+0000] GC(146) Pause Young (Allocation Failure) 419M->370M(455M) 13.280ms
[2026-09-26T01:36:05.119+0000] GC(147) Pause Young (Allocation Failure) 427M->378M(455M) 6.930ms
[2026-09-26T01:36:05.128+0000] GC(148) Pause Young (Allocation Failure) 435M->385M(455M) 6.410ms
[2026-09-26T01:36:05.137+0000] GC(149) Pause Young (Allocation Failure) 442M->393M(455M) 6.698ms
[2026-09-26T01:36:05.162+0000] GC(150) Pause Full (Ergonomics) 450M->69M(455M) 21.903ms
[2026-09-26T01:36:05.168+0000] GC(151) Pause Young (Allocation Failure) 126M->126M(455M) 3.483ms
[2026-09-26T01:36:05.203+0000] GC(152) Pause Young (Allocation Failure) 183M->134M(455M) 4.050ms
[2026-09-26T01:36:05.209+0000] GC(153) Pause Young (Allocation Failure) 191M->142M(455M) 3.873ms
[2026-09-26T01:36:05.218+0000] GC(154) Pause Young (Allocation Failure) 199M->150M(455M) 6.338ms
[2026-09-26T01:36:05.226+0000] GC(155) Pause Young (Allocation Failure) 207M->158M(455M) 3.619ms
[2026-09-26T01:36:05.234+0000] GC(156) Pause Young (Allocation Failure) 215M->166M(455M) 6.256ms
[2026-09-26T01:36:05.243+0000] GC(157) Pause Young (Allocation Failure) 223M->174M(455M) 5.981ms
[2026-09-26T01:36:05.251+0000] GC(158) Pause Young (Allocation Failure) 231M->182M(455M) 6.228ms
[2026-09-26T01:36:05.261+0000] GC(159) Pause Young (Allocation Failure) 239M->190M(455M) 7.320ms
[2026-09-26T01:36:05.267+0000] GC(160) Pause Young (Allocation Failure) 247M->198M(455M) 3.762ms
[2026-09-26T01:36:05.301+0000] GC(161) Pause Young (Allocation Failure) 255M->206M(455M) 3.545ms
[2026-09-26T01:36:05.307+0000] GC(162) Pause Young (Allocation Failure) 263M->214M(455M) 3.691ms
[2026-09-26T01:36:05.316+0000] GC(163) Pause Young (Allocation Failure) 271M->222M(455M) 5.707ms
[2026-09-26T01:36:05.322+0000] GC(164) Pause Young (Allocation Failure) 279M->230M(455M) 3.783ms
[2026-09-26T01:36:05.330+0000] GC(165) Pause Young (Allocation Failure) 287M->238M(455M) 3.798ms
[2026-09-26T01:36:05.343+0000] GC(166) Pause Young (Allocation Failure) 295M->245M(455M) 8.867ms
[2026-09-26T01:36:05.356+0000] GC(167) Pause Young (Allocation Failure) 302M->252M(455M) 9.006ms
[2026-09-26T01:36:05.400+0000] GC(168) Pause Young (Allocation Failure) 309M->260M(455M) 41.183ms
[2026-09-26T01:36:05.414+0000] GC(169) Pause Young (Allocation Failure) 317M->268M(455M) 9.440ms
[2026-09-26T01:36:05.433+0000] GC(170) Pause Young (Allocation Failure) 325M->276M(455M) 14.431ms
[2026-09-26T01:36:05.447+0000] GC(171) Pause Young (Allocation Failure) 333M->283M(455M) 10.516ms
[2026-09-26T01:36:05.464+0000] GC(172) Pause Young (Allocation Failure) 340M->291M(455M) 13.311ms
[2026-09-26T01:36:05.505+0000] GC(173) Pause Young (Allocation Failure) 348M->299M(455M) 37.333ms
[2026-09-26T01:36:05.519+0000] GC(174) Pause Young (Allocation Failure) 356M->307M(455M) 9.526ms
[2026-09-26T01:36:05.529+0000] GC(175) Pause Young (Allocation Failure) 364M->315M(455M) 6.193ms
[2026-09-26T01:36:05.537+0000] GC(176) Pause Young (Allocation Failure) 372M->323M(455M) 3.920ms
[2026-09-26T01:36:05.546+0000] GC(177) Pause Young (Allocation Failure) 380M->331M(455M) 6.693ms
[2026-09-26T01:36:05.556+0000] GC(178) Pause Young (Allocation Failure) 388M->339M(455M) 6.706ms
[2026-09-26T01:36:05.565+0000] GC(179) Pause Young (Allocation Failure) 396M->347M(455M) 6.575ms
[2026-09-26T01:36:05.603+0000] GC(180) Pause Young (Allocation Failure) 404M->355M(455M) 35.807ms
[2026-09-26T01:36:05.610+0000] GC(181) Pause Young (Allocation Failure) 412M->363M(455M) 4.149ms
[2026-09-26T01:36:05.618+0000] GC(182) Pause Young (Allocation Failure) 420M->371M(455M) 5.446ms
[2026-09-26T01:36:05.624+0000] GC(183) Pause Young (Allocation Failure) 428M->379M(455M) 3.853ms
[2026-09-26T01:36:05.638+0000] GC(184) Pause Young (Allocation Failure) 436M->387M(455M) 11.516ms
[2026-09-26T01:36:05.648+0000] GC(185) Pause Young (Allocation Failure) 444M->395M(455M) 7.187ms
[2026-09-26T01:36:05.700+0000] GC(186) Pause Full (Ergonomics) 452M->69M(455M) 48.855ms
[2026-09-26T01:36:05.708+0000] GC(187) Pause Young (Allocation Failure) 126M->126M(455M) 6.034ms
[2026-09-26T01:36:05.718+0000] GC(188) Pause Young (Allocation Failure) 183M->134M(455M) 6.978ms
[2026-09-26T01:36:05.727+0000] GC(189) Pause Young (Allocation Failure) 191M->141M(455M) 6.707ms
[2026-09-26T01:36:05.737+0000] GC(190) Pause Young (Allocation Failure) 198M->148M(455M) 7.168ms
[2026-09-26T01:36:05.746+0000] GC(191) Pause Young (Allocation Failure) 205M->156M(455M) 6.318ms
[2026-09-26T01:36:05.755+0000] GC(192) Pause Young (Allocation Failure) 213M->164M(455M) 6.847ms
[2026-09-26T01:36:05.764+0000] GC(193) Pause Young (Allocation Failure) 221M->172M(455M) 6.040ms
[2026-09-26T01:36:05.799+0000] GC(194) Pause Young (Allocation Failure) 229M->180M(455M) 32.540ms
[2026-09-26T01:36:05.808+0000] GC(195) Pause Young (Allocation Failure) 237M->188M(455M) 6.796ms
[2026-09-26T01:36:05.820+0000] GC(196) Pause Young (Allocation Failure) 245M->195M(455M) 9.577ms
[2026-09-26T01:36:05.829+0000] GC(197) Pause Young (Allocation Failure) 252M->203M(455M) 6.589ms
[2026-09-26T01:36:05.836+0000] GC(198) Pause Young (Allocation Failure) 260M->211M(455M) 3.913ms
[2026-09-26T01:36:05.845+0000] GC(199) Pause Young (Allocation Failure) 268M->219M(455M) 6.524ms
[2026-09-26T01:36:05.852+0000] GC(200) Pause Young (Allocation Failure) 276M->227M(455M) 4.110ms
[2026-09-26T01:36:05.864+0000] GC(201) Pause Young (Allocation Failure) 284M->235M(455M) 10.062ms
[2026-09-26T01:36:05.902+0000] GC(202) Pause Young (Allocation Failure) 292M->243M(455M) 34.832ms
[2026-09-26T01:36:05.911+0000] GC(203) Pause Young (Allocation Failure) 300M->251M(455M) 6.751ms
[2026-09-26T01:36:05.920+0000] GC(204) Pause Young (Allocation Failure) 308M->259M(455M) 6.772ms
[2026-09-26T01:36:05.929+0000] GC(205) Pause Young (Allocation Failure) 316M->267M(455M) 5.502ms
[2026-09-26T01:36:05.941+0000] GC(206) Pause Young (Allocation Failure) 324M->275M(455M) 10.072ms
[2026-09-26T01:36:05.950+0000] GC(207) Pause Young (Allocation Failure) 332M->283M(455M) 6.535ms
[2026-09-26T01:36:05.959+0000] GC(208) Pause Young (Allocation Failure) 340M->290M(455M) 6.263ms
[2026-09-26T01:36:05.968+0000] GC(209) Pause Young (Allocation Failure) 347M->298M(455M) 6.343ms
[2026-09-26T01:36:06.005+0000] GC(210) Pause Young (Allocation Failure) 355M->306M(455M) 7.009ms
[2026-09-26T01:36:06.014+0000] GC(211) Pause Young (Allocation Failure) 363M->314M(455M) 6.713ms
[2026-09-26T01:36:06.023+0000] GC(212) Pause Young (Allocation Failure) 371M->322M(455M) 6.558ms
[2026-09-26T01:36:06.032+0000] GC(213) Pause Young (Allocation Failure) 379M->330M(455M) 5.726ms
[2026-09-26T01:36:06.041+0000] GC(214) Pause Young (Allocation Failure) 387M->337M(455M) 6.671ms
[2026-09-26T01:36:06.050+0000] GC(215) Pause Young (Allocation Failure) 394M->345M(455M) 6.639ms
[2026-09-26T01:36:06.060+0000] GC(216) Pause Young (Allocation Failure) 402M->353M(455M) 7.113ms
[2026-09-26T01:36:06.096+0000] GC(217) Pause Young (Allocation Failure) 410M->361M(455M) 34.040ms
[2026-09-26T01:36:06.105+0000] GC(218) Pause Young (Allocation Failure) 418M->369M(455M) 6.592ms
[2026-09-26T01:36:06.115+0000] GC(219) Pause Young (Allocation Failure) 426M->377M(455M) 6.767ms
[2026-09-26T01:36:06.124+0000] GC(220) Pause Young (Allocation Failure) 434M->385M(455M) 6.589ms
[2026-09-26T01:36:06.133+0000] GC(221) Pause Young (Allocation Failure) 442M->393M(455M) 6.762ms
[2026-09-26T01:36:06.158+0000] GC(222) Pause Full (Ergonomics) 450M->69M(455M) 22.059ms
[2026-09-26T01:36:06.166+0000] GC(223) Pause Young (Allocation Failure) 126M->126M(455M) 5.481ms
[2026-09-26T01:36:06.205+0000] GC(224) Pause Young (Allocation Failure) 183M->134M(455M) 36.434ms
[2026-09-26T01:36:06.214+0000] GC(225) Pause Young (Allocation Failure) 191M->142M(455M) 6.687ms
[2026-09-26T01:36:06.225+0000] GC(226) Pause Young (Allocation Failure) 199M->150M(455M) 8.179ms
[2026-09-26T01:36:06.231+0000] GC(227) Pause Young (Allocation Failure) 207M->158M(455M) 4.164ms
[2026-09-26T01:36:06.241+0000] GC(228) Pause Young (Allocation Failure) 215M->166M(455M) 7.024ms
[2026-09-26T01:36:06.249+0000] GC(229) Pause Young (Allocation Failure) 223M->174M(455M) 5.929ms
[2026-09-26T01:36:06.258+0000] GC(230) Pause Young (Allocation Failure) 231M->182M(455M) 6.030ms
[2026-09-26T01:36:06.266+0000] GC(231) Pause Young (Allocation Failure) 239M->190M(455M) 5.983ms
[2026-09-26T01:36:06.299+0000] GC(232) Pause Young (Allocation Failure) 247M->198M(455M) 29.835ms
[2026-09-26T01:36:06.307+0000] GC(233) Pause Young (Allocation Failure) 255M->205M(455M) 5.907ms
[2026-09-26T01:36:06.316+0000] GC(234) Pause Young (Allocation Failure) 262M->213M(455M) 6.332ms
[2026-09-26T01:36:06.324+0000] GC(235) Pause Young (Allocation Failure) 270M->220M(455M) 5.947ms
[2026-09-26T01:36:06.332+0000] GC(236) Pause Young (Allocation Failure) 277M->228M(455M) 4.995ms
[2026-09-26T01:36:06.341+0000] GC(237) Pause Young (Allocation Failure) 285M->236M(455M) 6.758ms
[2026-09-26T01:36:06.349+0000] GC(238) Pause Young (Allocation Failure) 293M->244M(455M) 6.073ms
[2026-09-26T01:36:06.358+0000] GC(239) Pause Young (Allocation Failure) 301M->252M(455M) 6.211ms
[2026-09-26T01:36:06.367+0000] GC(240) Pause Young (Allocation Failure) 309M->260M(455M) 6.528ms
[2026-09-26T01:36:06.404+0000] GC(241) Pause Young (Allocation Failure) 317M->268M(455M) 6.636ms
[2026-09-26T01:36:06.413+0000] GC(242) Pause Young (Allocation Failure) 325M->276M(455M) 6.328ms
[2026-09-26T01:36:06.422+0000] GC(243) Pause Young (Allocation Failure) 333M->284M(455M) 6.254ms
[2026-09-26T01:36:06.430+0000] GC(244) Pause Young (Allocation Failure) 341M->292M(455M) 6.307ms
[2026-09-26T01:36:06.439+0000] GC(245) Pause Young (Allocation Failure) 349M->299M(455M) 5.896ms
[2026-09-26T01:36:06.448+0000] GC(246) Pause Young (Allocation Failure) 356M->307M(455M) 6.293ms
[2026-09-26T01:36:06.457+0000] GC(247) Pause Young (Allocation Failure) 364M->315M(455M) 6.516ms
[2026-09-26T01:36:06.465+0000] GC(248) Pause Young (Allocation Failure) 372M->323M(455M) 6.275ms
[2026-09-26T01:36:06.505+0000] GC(249) Pause Young (Allocation Failure) 380M->331M(455M) 37.065ms
[2026-09-26T01:36:06.512+0000] GC(250) Pause Young (Allocation Failure) 388M->339M(455M) 3.850ms
[2026-09-26T01:36:06.518+0000] GC(251) Pause Young (Allocation Failure) 396M->346M(455M) 3.774ms
[2026-09-26T01:36:06.525+0000] GC(252) Pause Young (Allocation Failure) 403M->354M(455M) 3.891ms
[2026-09-26T01:36:06.531+0000] GC(253) Pause Young (Allocation Failure) 411M->362M(455M) 3.767ms
[2026-09-26T01:36:06.542+0000] GC(254) Pause Young (Allocation Failure) 419M->370M(455M) 8.253ms
[2026-09-26T01:36:06.548+0000] GC(255) Pause Young (Allocation Failure) 427M->378M(455M) 3.912ms
[2026-09-26T01:36:06.555+0000] GC(256) Pause Young (Allocation Failure) 435M->386M(455M) 3.984ms
[2026-09-26T01:36:06.561+0000] GC(257) Pause Young (Allocation Failure) 443M->394M(455M) 3.956ms
[2026-09-26T01:36:06.609+0000] GC(258) Pause Full (Ergonomics) 451M->69M(455M) 44.728ms
[2026-09-26T01:36:06.623+0000] GC(259) Pause Young (Allocation Failure) 126M->126M(455M) 6.179ms
[2026-09-26T01:36:06.652+0000] GC(260) Pause Young (Allocation Failure) 184M->191M(455M) 20.919ms
[2026-09-26T01:36:06.697+0000] GC(261) Pause Young (Allocation Failure) 248M->255M(455M) 42.210ms
[2026-09-26T01:36:06.719+0000] GC(262) Pause Young (Allocation Failure) 313M->320M(455M) 18.905ms
[2026-09-26T01:36:06.749+0000] GC(263) Pause Young (Allocation Failure) 378M->385M(455M) 27.121ms
[2026-09-26T01:36:06.846+0000] GC(264) Pause Full (System.gc()) 399M->366M(455M) 96.717ms
[2026-09-26T01:36:06.946+0000] GC(265) Pause Full (Ergonomics) 424M->423M(455M) 92.380ms
[2026-09-26T01:36:07.016+0000] GC(266) Pause Full (Ergonomics) 424M->424M(455M) 68.970ms
[2026-09-26T01:36:07.058+0000] GC(267) Pause Full (Ergonomics) 424M->424M(455M) 39.378ms
[2026-09-26T01:36:07.130+0000] GC(268) Pause Full (Ergonomics) 424M->424M(455M) 71.455ms
[2026-09-26T01:36:07.207+0000] GC(269) Pause Full (Ergonomics) 424M->424M(455M) 77.105ms
[2026-09-26T01:36:07.245+0000] GC(270) Pause Full (Ergonomics) 424M->424M(455M) 37.234ms
[2026-09-26T01:36:07.303+0000] GC(271) Pause Full (Ergonomics) 424M->424M(455M) 58.365ms
[2026-09-26T01:36:07.340+0000] GC(272) Pause Full (Ergonomics) 424M->424M(455M) 36.918ms
[2026-09-26T01:36:07.413+0000] GC(273) Pause Full (Ergonomics) 424M->424M(455M) 72.333ms
[2026-09-26T01:36:07.454+0000] GC(274) Pause Full (Ergonomics) 424M->424M(455M) 40.558ms
[2026-09-26T01:36:07.512+0000] GC(275) Pause Full (Ergonomics) 424M->424M(455M) 57.991ms
[2026-09-26T01:36:07.641+0000] GC(276) Pause Full (Allocation Failure) 424M->424M(455M) 129.128ms
[2026-09-26T01:36:07.730+0000] GC(277) Pause Full (Ergonomics) 424M->424M(455M) 88.607ms
[2026-09-26T01:36:07.800+0000] GC(278) Pause Full (Ergonomics) 424M->424M(455M) 68.823ms
[2026-09-26T01:36:07.853+0000] GC(279) Pause Full (Ergonomics) 424M->424M(455M) 52.327ms
[2026-09-26T01:36:07.935+0000] GC(280) Pause Full (Ergonomics) 424M->424M(455M) 81.604ms
[2026-09-26T01:36:07.970+0000] GC(281) Pause Full (Ergonomics) 424M->424M(455M) 34.626ms
[2026-09-26T01:36:08.045+0000] GC(282) Pause Full (Ergonomics) 424M->424M(455M) 74.710ms
[2026-09-26T01:36:08.112+0000] GC(283) Pause Full (Ergonomics) 424M->424M(455M) 65.662ms
[2026-09-26T01:36:08.158+0000] GC(284) Pause Full (Ergonomics) 424M->424M(455M) 45.780ms
[2026-09-26T01:36:08.253+0000] GC(285) Pause Full (Ergonomics) 424M->424M(455M) 88.124ms
[2026-09-26T01:36:08.342+0000] GC(286) Pause Full (Allocation Failure) 424M->424M(455M) 87.958ms
[2026-09-26T01:36:08.358+0000] GC(287) Pause Full (Ergonomics) 424M->4M(455M) 14.332ms
