[0.003s][info][gc] Using G1
[0.331s][info][gc] GC(0) Pause Young (Concurrent Start) (G1 Humongous Allocation) 241M->3M(513M) 3.318ms
[0.331s][info][gc] GC(1) Concurrent Undo Cycle
[0.331s][info][gc] GC(1) Concurrent Undo Cycle 0.302ms
[0.424s][info][gc] GC(2) Pause Young (Normal) (G1 Evacuation Pause) 215M->2M(513M) 3.513ms
[1.771s][info][gc] GC(3) Pause Young (Concurrent Start) (Metadata GC Threshold) 313M->15M(513M) 30.936ms
[1.771s][info][gc] GC(4) Concurrent Mark Cycle
[1.781s][info][gc] GC(4) Pause Remark 15M->15M(512M) 4.460ms
[1.787s][info][gc] GC(4) Pause Cleanup 16M->16M(512M) 0.106ms
[1.789s][info][gc] GC(4) Concurrent Mark Cycle 17.881ms
[2.190s][info][gc] GC(5) Pause Young (Prepare Mixed) (G1 Evacuation Pause) 64M->31M(512M) 23.031ms
[2.231s][info][gc] GC(6) Pause Young (Mixed) (G1 Evacuation Pause) 48M->40M(512M) 19.245ms
[2.288s][info][gc] GC(7) Pause Young (Normal) (G1 Evacuation Pause) 67M->53M(512M) 12.495ms
[2.332s][info][gc] GC(8) Pause Young (Normal) (G1 Evacuation Pause) 81M->67M(512M) 12.695ms
[2.409s][info][gc] GC(9) Pause Young (Normal) (G1 Evacuation Pause) 108M->83M(1025M) 17.107ms
[2.528s][info][gc] GC(10) Pause Young (Normal) (G1 Evacuation Pause) 129M->107M(1025M) 26.900ms
[2.689s][info][gc] GC(11) Pause Young (Normal) (G1 Evacuation Pause) 151M->131M(1025M) 56.309ms
[3.213s][info][gc] GC(12) Pause Young (Normal) (G1 Evacuation Pause) 175M->148M(1025M) 26.709ms
[3.321s][info][gc] GC(13) Pause Young (Concurrent Start) (Metadata GC Threshold) 155M->150M(1025M) 7.897ms
[3.321s][info][gc] GC(14) Concurrent Mark Cycle
[3.584s][info][gc] GC(14) Pause Remark 159M->159M(537M) 6.306ms
[3.696s][info][gc] GC(14) Pause Cleanup 165M->165M(537M) 0.257ms
[3.697s][info][gc] GC(14) Concurrent Mark Cycle 376.588ms
[4.237s][info][gc] GC(15) Pause Young (Prepare Mixed) (G1 Evacuation Pause) 278M->164M(537M) 22.302ms
[6.240s][info][gc] GC(16) Pause Young (Mixed) (G1 Evacuation Pause) 445M->208M(945M) 65.265ms
[6.490s][info][gc] GC(17) Pause Young (Normal) (G1 Evacuation Pause) 342M->254M(945M) 82.478ms
[6.601s][info][gc] GC(18) Pause Young (Concurrent Start) (Metadata GC Threshold) 270M->261M(945M) 16.588ms
[6.601s][info][gc] GC(19) Concurrent Mark Cycle
[6.913s][info][gc] GC(19) Pause Remark 262M->230M(770M) 9.593ms
[7.070s][info][gc] GC(19) Pause Cleanup 230M->230M(770M) 0.331ms
[7.072s][info][gc] GC(19) Concurrent Mark Cycle 470.837ms
[9.575s][info][gc] GC(20) Pause Young (Prepare Mixed) (G1 Evacuation Pause) 440M->257M(770M) 58.724ms
[10.417s][info][gc] GC(21) Pause Young (Mixed) (G1 Evacuation Pause) 444M->261M(770M) 31.575ms
[11.987s][info][gc] GC(22) Pause Young (Mixed) (G1 Evacuation Pause) 595M->269M(770M) 66.491ms
[13.336s][info][gc] GC(23) Pause Young (Concurrent Start) (Metadata GC Threshold) 521M->285M(770M) 47.065ms
[13.336s][info][gc] GC(24) Concurrent Mark Cycle
[13.837s][info][gc] GC(24) Pause Remark 312M->308M(770M) 18.918ms
[14.070s][info][gc] GC(24) Pause Cleanup 312M->312M(770M) 0.380ms
[14.073s][info][gc] GC(24) Concurrent Mark Cycle 736.440ms
[17.414s][info][gc] GC(25) Pause Young (Prepare Mixed) (G1 Evacuation Pause) 585M->289M(770M) 46.323ms
[28.905s][info][gc] GC(26) Pause Young (Mixed) (G1 Evacuation Pause) 648M->306M(770M) 70.443ms
[32.375s][info][gc] GC(27) Pause Young (Concurrent Start) (G1 Evacuation Pause) 666M->319M(770M) 81.274ms
[32.375s][info][gc] GC(28) Concurrent Mark Cycle
[33.032s][info][gc] GC(28) Pause Remark 367M->334M(770M) 24.420ms
[33.379s][info][gc] GC(28) Pause Cleanup 366M->366M(770M) 0.404ms
[33.381s][info][gc] GC(28) Concurrent Mark Cycle 1005.762ms
[37.125s][info][gc] GC(29) Pause Young (Prepare Mixed) (G1 Evacuation Pause) 647M->298M(770M) 35.876ms
[40.084s][info][gc] GC(30) Pause Young (Mixed) (G1 Evacuation Pause) 686M->307M(770M) 67.925ms
[43.086s][info][gc] GC(31) Pause Young (Concurrent Start) (G1 Evacuation Pause) 691M->319M(770M) 63.458ms
[43.088s][info][gc] GC(32) Concurrent Mark Cycle
[44.000s][info][gc] GC(32) Pause Remark 413M->413M(770M) 63.092ms
[44.433s][info][gc] GC(32) Pause Cleanup 452M->452M(770M) 0.307ms
[44.435s][info][gc] GC(32) Concurrent Mark Cycle 1347.092ms
[46.005s][info][gc] GC(33) Pause Young (Prepare Mixed) (G1 Evacuation Pause) 704M->331M(770M) 33.100ms
[59.151s][info][gc] GC(34) Pause Young (Mixed) (G1 Evacuation Pause) 706M->334M(770M) 28.246ms
[61.220s][info][gc] GC(35) Pause Young (Concurrent Start) (G1 Evacuation Pause) 696M->347M(770M) 33.146ms
[61.220s][info][gc] GC(36) Concurrent Mark Cycle
[61.747s][info][gc] GC(36) Pause Remark 395M->395M(770M) 29.555ms
[62.069s][info][gc] GC(36) Pause Cleanup 420M->420M(770M) 0.309ms
[62.071s][info][gc] GC(36) Concurrent Mark Cycle 850.640ms
[63.570s][info][gc] GC(37) Pause Young (Prepare Mixed) (G1 Evacuation Pause) 695M->358M(770M) 55.382ms
[75.280s][info][gc] GC(38) Pause Young (Mixed) (G1 Evacuation Pause) 695M->364M(770M) 57.333ms
[77.109s][info][gc] GC(39) Pause Young (Concurrent Start) (G1 Evacuation Pause) 707M->376M(770M) 25.433ms
[77.109s][info][gc] GC(40) Concurrent Mark Cycle
[77.699s][info][gc] GC(40) Pause Remark 443M->443M(770M) 60.146ms
[77.932s][info][gc] GC(40) Pause Cleanup 477M->477M(770M) 0.305ms
[77.934s][info][gc] GC(40) Concurrent Mark Cycle 824.999ms
[79.079s][info][gc] GC(41) Pause Young (Prepare Mixed) (G1 Evacuation Pause) 695M->387M(770M) 35.863ms
[85.077s][info][gc] GC(42) Pause Young (Mixed) (G1 Evacuation Pause) 707M->386M(770M) 25.266ms
[95.168s][info][gc] GC(43) Pause Young (Concurrent Start) (G1 Evacuation Pause) 710M->396M(770M) 46.657ms
[95.168s][info][gc] GC(44) Concurrent Mark Cycle
[95.983s][info][gc] GC(44) Pause Remark 500M->500M(834M) 51.851ms
[96.281s][info][gc] GC(44) Pause Cleanup 543M->543M(834M) 0.513ms
[96.284s][info][gc] GC(44) Concurrent Mark Cycle 1115.901ms
[96.981s][info][gc] GC(45) Pause Young (Prepare Mixed) (G1 Evacuation Pause) 698M->405M(834M) 51.734ms
[98.415s][info][gc] GC(46) Pause Young (Mixed) (G1 Evacuation Pause) 762M->406M(834M) 28.093ms
[107.588s][info][gc] GC(47) Pause Young (Concurrent Start) (G1 Evacuation Pause) 762M->416M(834M) 51.587ms
[107.588s][info][gc] GC(48) Concurrent Mark Cycle
[108.246s][info][gc] GC(48) Pause Remark 522M->522M(872M) 59.452ms
[108.470s][info][gc] GC(48) Pause Cleanup 546M->546M(872M) 0.356ms
[108.473s][info][gc] GC(48) Concurrent Mark Cycle 884.292ms
[109.637s][info][gc] GC(49) Pause Young (Prepare Mixed) (G1 Evacuation Pause) 758M->428M(872M) 26.902ms
[111.030s][info][gc] GC(50) Pause Young (Mixed) (G1 Evacuation Pause) 793M->429M(872M) 28.263ms
[121.386s][info][gc] GC(51) Pause Young (Concurrent Start) (G1 Evacuation Pause) 794M->441M(872M) 50.938ms
[121.386s][info][gc] GC(52) Concurrent Mark Cycle
[122.080s][info][gc] GC(52) Pause Remark 573M->573M(957M) 48.532ms
[122.412s][info][gc] GC(52) Pause Cleanup 640M->640M(957M) 1.322ms
[122.415s][info][gc] GC(52) Concurrent Mark Cycle 1028.551ms
[123.108s][info][gc] GC(53) Pause Young (Prepare Mixed) (G1 Evacuation Pause) 789M->452M(957M) 27.453ms
[124.575s][info][gc] GC(54) Pause Young (Mixed) (G1 Evacuation Pause) 874M->447M(957M) 26.998ms
[129.912s][info][gc] GC(55) Pause Young (Concurrent Start) (G1 Evacuation Pause) 880M->455M(957M) 24.520ms
[129.912s][info][gc] GC(56) Concurrent Mark Cycle
[130.817s][info][gc] GC(56) Pause Remark 683M->683M(1142M) 17.607ms
[131.191s][info][gc] GC(56) Pause Cleanup 740M->740M(1142M) 0.427ms
[131.196s][info][gc] GC(56) Concurrent Mark Cycle 1283.402ms
[131.639s][info][gc] GC(57) Pause Young (Prepare Mixed) (G1 Evacuation Pause) 863M->455M(1142M) 23.051ms
[135.013s][info][gc] GC(58) Pause Young (Mixed) (G1 Evacuation Pause) 1060M->465M(1142M) 33.647ms
[141.820s][info][gc] GC(59) Pause Young (Concurrent Start) (G1 Evacuation Pause) 1042M->479M(1142M) 36.184ms
[141.820s][info][gc] GC(60) Concurrent Mark Cycle
[142.886s][info][gc] GC(60) Pause Remark 590M->590M(1142M) 45.390ms
[143.235s][info][gc] GC(60) Pause Cleanup 613M->613M(1142M) 0.470ms
[143.269s][info][gc] GC(60) Concurrent Mark Cycle 1448.992ms
[145.489s][info][gc] GC(61) Pause Young (Prepare Mixed) (G1 Evacuation Pause) 1037M->490M(1142M) 59.892ms
[160.717s][info][gc] GC(62) Pause Young (Mixed) (G1 Evacuation Pause) 1038M->490M(1142M) 39.044ms
[163.292s][info][gc] GC(63) Pause Young (Concurrent Start) (G1 Evacuation Pause) 1046M->502M(1142M) 56.563ms
[163.292s][info][gc] GC(64) Concurrent Mark Cycle
[164.093s][info][gc] GC(64) Pause Remark 623M->623M(1142M) 20.843ms
[164.412s][info][gc] GC(64) Pause Cleanup 670M->670M(1142M) 0.478ms
[164.419s][info][gc] GC(64) Concurrent Mark Cycle 1126.661ms
[171.254s][info][gc] GC(65) Pause Young (Prepare Mixed) (G1 Evacuation Pause) 1034M->511M(1142M) 37.157ms
[173.918s][info][gc] GC(66) Pause Young (Mixed) (G1 Evacuation Pause) 1040M->512M(1142M) 44.488ms
[175.951s][info][gc] GC(67) Pause Young (Concurrent Start) (G1 Evacuation Pause) 1037M->521M(1142M) 37.407ms
[175.951s][info][gc] GC(68) Concurrent Mark Cycle
[176.511s][info][gc] GC(68) Pause Remark 560M->560M(1142M) 23.753ms
[176.715s][info][gc] GC(68) Pause Cleanup 563M->563M(1142M) 0.577ms
[176.718s][info][gc] GC(68) Concurrent Mark Cycle 767.173ms
[182.023s][info][gc] GC(69) Pause Young (Prepare Mixed) (G1 Evacuation Pause) 1040M->530M(1142M) 32.184ms
[184.169s][info][gc] GC(70) Pause Young (Mixed) (G1 Evacuation Pause) 1038M->529M(1142M) 40.984ms
[195.119s][info][gc] GC(71) Pause Young (Concurrent Start) (G1 Evacuation Pause) 1040M->536M(1142M) 29.767ms
[195.119s][info][gc] GC(72) Concurrent Mark Cycle
[195.836s][info][gc] GC(72) Pause Remark 667M->667M(1142M) 19.435ms
[196.138s][info][gc] GC(72) Pause Cleanup 727M->727M(1142M) 0.813ms
[196.170s][info][gc] GC(72) Concurrent Mark Cycle 1051.054ms
[197.723s][info][gc] GC(73) Pause Young (Prepare Mixed) (G1 Evacuation Pause) 1042M->548M(1142M) 37.635ms
[202.786s][info][gc] GC(74) Pause Young (Mixed) (G1 Evacuation Pause) 1040M->548M(1142M) 60.499ms
[205.137s][info][gc] GC(75) Pause Young (Concurrent Start) (G1 Evacuation Pause) 1050M->561M(1142M) 29.032ms
[205.138s][info][gc] GC(76) Concurrent Mark Cycle
[206.093s][info][gc] GC(76) Pause Remark 743M->743M(1240M) 19.855ms
[206.481s][info][gc] GC(76) Pause Cleanup 822M->822M(1240M) 0.524ms
[206.485s][info][gc] GC(76) Concurrent Mark Cycle 1347.361ms
[213.431s][info][gc] GC(77) Pause Young (Prepare Mixed) (G1 Evacuation Pause) 1033M->566M(1240M) 31.230ms
[217.636s][info][gc] GC(78) Pause Young (Mixed) (G1 Evacuation Pause) 1144M->575M(1240M) 35.016ms
[225.035s][info][gc] GC(79) Pause Young (Concurrent Start) (G1 Evacuation Pause) 1130M->581M(1240M) 31.551ms
[225.035s][info][gc] GC(80) Concurrent Mark Cycle
[225.586s][info][gc] GC(80) Pause Remark 587M->587M(1240M) 14.745ms
[225.816s][info][gc] GC(80) Pause Cleanup 589M->589M(1240M) 0.595ms
[225.818s][info][gc] GC(80) Concurrent Mark Cycle 783.575ms
[231.525s][info][gc] GC(81) Pause Young (Prepare Mixed) (G1 Evacuation Pause) 1134M->594M(1240M) 35.570ms
[236.592s][info][gc] GC(82) Pause Young (Mixed) (G1 Evacuation Pause) 1131M->596M(1240M) 39.047ms
[239.210s][info][gc] GC(83) Pause Young (Concurrent Start) (G1 Evacuation Pause) 1133M->609M(1240M) 36.882ms
[239.210s][info][gc] GC(84) Concurrent Mark Cycle
[240.178s][info][gc] GC(84) Pause Remark 795M->795M(1327M) 44.201ms
[240.610s][info][gc] GC(84) Pause Cleanup 851M->851M(1327M) 0.615ms
[240.614s][info][gc] GC(84) Concurrent Mark Cycle 1403.524ms
[243.587s][info][gc] GC(85) Pause Young (Prepare Mixed) (G1 Evacuation Pause) 1126M->614M(1327M) 32.254ms
[250.795s][info][gc] GC(86) Pause Young (Mixed) (G1 Evacuation Pause) 1225M->622M(1327M) 61.633ms
[256.567s][info][gc] GC(87) Pause Young (Concurrent Start) (G1 Evacuation Pause) 1212M->631M(1327M) 60.581ms
[256.567s][info][gc] GC(88) Concurrent Mark Cycle
[257.436s][info][gc] GC(88) Pause Remark 794M->794M(1327M) 17.065ms
[257.838s][info][gc] GC(88) Pause Cleanup 886M->886M(1327M) 0.744ms
[257.868s][info][gc] GC(88) Concurrent Mark Cycle 1300.762ms
[259.387s][info][gc] GC(89) Pause Young (Prepare Mixed) (G1 Evacuation Pause) 1214M->644M(1327M) 60.517ms
[264.821s][info][gc] GC(90) Pause Young (Mixed) (G1 Evacuation Pause) 1212M->647M(1327M) 42.807ms
[267.335s][info][gc] GC(91) Pause Young (Concurrent Start) (G1 Evacuation Pause) 1211M->658M(1327M) 34.606ms
[267.335s][info][gc] GC(92) Concurrent Mark Cycle
[268.418s][info][gc] GC(92) Pause Remark 878M->878M(1465M) 19.636ms
[268.833s][info][gc] GC(92) Pause Cleanup 929M->929M(1465M) 0.732ms
[268.837s][info][gc] GC(92) Concurrent Mark Cycle 1502.571ms
[276.038s][info][gc] GC(93) Pause Young (Prepare Mixed) (G1 Evacuation Pause) 1203M->666M(1465M) 35.993ms
[279.182s][info][gc] GC(94) Pause Young (Mixed) (G1 Evacuation Pause) 1346M->673M(1465M) 55.019ms
[285.632s][info][gc] GC(95) Pause Young (Concurrent Start) (G1 Evacuation Pause) 1332M->684M(1465M) 41.234ms
[285.632s][info][gc] GC(96) Concurrent Mark Cycle
[286.623s][info][gc] GC(96) Pause Remark 865M->865M(1465M) 16.952ms
[287.020s][info][gc] GC(96) Pause Cleanup 926M->926M(1465M) 0.618ms
[287.023s][info][gc] GC(96) Concurrent Mark Cycle 1391.103ms
[288.468s][info][gc] GC(97) Pause Young (Prepare Mixed) (G1 Evacuation Pause) 1340M->694M(1465M) 39.201ms
[294.134s][info][gc] GC(98) Pause Young (Mixed) (G1 Evacuation Pause) 1341M->701M(1465M) 44.087ms
[297.042s][info][gc] GC(99) Pause Young (Concurrent Start) (G1 Evacuation Pause) 1339M->709M(1465M) 36.422ms
[297.042s][info][gc] GC(100) Concurrent Mark Cycle
[297.756s][info][gc] GC(100) Pause Remark 718M->718M(1465M) 16.214ms
[298.051s][info][gc] GC(100) Pause Cleanup 721M->721M(1465M) 0.623ms
[298.054s][info][gc] GC(100) Concurrent Mark Cycle 1011.899ms
[303.830s][info][gc] GC(101) Pause Young (Prepare Mixed) (G1 Evacuation Pause) 1342M->722M(1465M) 38.837ms
[309.136s][info][gc] GC(102) Pause Young (Mixed) (G1 Evacuation Pause) 1341M->727M(1465M) 38.017ms
[312.117s][info][gc] GC(103) Pause Young (Concurrent Start) (G1 Evacuation Pause) 1344M->739M(1465M) 33.855ms
[312.117s][info][gc] GC(104) Concurrent Mark Cycle
[313.504s][info][gc] GC(104) Pause Remark 994M->994M(1659M) 18.254ms
[313.990s][info][gc] GC(104) Pause Cleanup 1082M->1082M(1659M) 0.612ms
[313.999s][info][gc] GC(104) Concurrent Mark Cycle 1882.364ms
[320.189s][info][gc] GC(105) Pause Young (Prepare Mixed) (G1 Evacuation Pause) 1331M->749M(1659M) 60.639ms
[323.748s][info][gc] GC(106) Pause Young (Mixed) (G1 Evacuation Pause) 1528M->761M(1659M) 42.217ms
[330.270s][info][gc] GC(107) Pause Young (Concurrent Start) (G1 Evacuation Pause) 1514M->771M(1659M) 68.554ms
[330.270s][info][gc] GC(108) Concurrent Mark Cycle
[331.501s][info][gc] GC(108) Pause Remark 1005M->1005M(1677M) 21.507ms
[331.916s][info][gc] GC(108) Pause Cleanup 1080M->1080M(1677M) 0.646ms
[331.924s][info][gc] GC(108) Concurrent Mark Cycle 1654.279ms
[336.348s][info][gc] GC(109) Pause Young (Prepare Mixed) (G1 Evacuation Pause) 1521M->781M(1677M) 40.953ms
[339.815s][info][gc] GC(110) Pause Young (Mixed) (G1 Evacuation Pause) 1541M->794M(1677M) 50.932ms
[345.791s][info][gc] GC(111) Pause Young (Concurrent Start) (G1 Evacuation Pause) 1524M->804M(1677M) 65.150ms
[345.791s][info][gc] GC(112) Concurrent Mark Cycle
[346.896s][info][gc] GC(112) Pause Remark 1018M->1018M(1699M) 16.756ms
[347.333s][info][gc] GC(112) Pause Cleanup 1083M->1083M(1699M) 0.606ms
[347.337s][info][gc] GC(112) Concurrent Mark Cycle 1546.058ms
[349.008s][info][gc] GC(113) Pause Young (Prepare Mixed) (G1 Evacuation Pause) 1535M->816M(1699M) 41.082ms
[355.279s][info][gc] GC(114) Pause Young (Mixed) (G1 Evacuation Pause) 1556M->826M(1699M) 66.700ms
[362.875s][info][gc] GC(115) Pause Young (Concurrent Start) (G1 Evacuation Pause) 1557M->836M(1699M) 61.674ms
[362.876s][info][gc] GC(116) Concurrent Mark Cycle
[364.026s][info][gc] GC(116) Pause Remark 1052M->1052M(1757M) 21.339ms
[364.488s][info][gc] GC(116) Pause Cleanup 1129M->1129M(1757M) 0.565ms
[364.492s][info][gc] GC(116) Concurrent Mark Cycle 1615.945ms
[366.359s][info][gc] GC(117) Pause Young (Prepare Mixed) (G1 Evacuation Pause) 1557M->850M(1757M) 43.009ms
[372.707s][info][gc] GC(118) Pause Young (Mixed) (G1 Evacuation Pause) 1614M->861M(1757M) 71.969ms
[378.508s][info][gc] GC(119) Pause Young (Concurrent Start) (G1 Evacuation Pause) 1611M->873M(1757M) 39.691ms
[378.508s][info][gc] GC(120) Concurrent Mark Cycle
[379.635s][info][gc] GC(120) Pause Remark 1094M->1094M(1827M) 19.377ms
[380.088s][info][gc] GC(120) Pause Cleanup 1200M->1200M(1827M) 0.559ms
[380.092s][info][gc] GC(120) Concurrent Mark Cycle 1583.931ms
[381.731s][info][gc] GC(121) Pause Young (Prepare Mixed) (G1 Evacuation Pause) 1607M->886M(1827M) 43.646ms
[388.324s][info][gc] GC(122) Pause Young (Mixed) (G1 Evacuation Pause) 1677M->897M(1827M) 52.338ms
[394.923s][info][gc] GC(123) Pause Young (Concurrent Start) (G1 Evacuation Pause) 1674M->910M(1827M) 44.196ms
[394.923s][info][gc] GC(124) Concurrent Mark Cycle
[396.300s][info][gc] GC(124) Pause Remark 1179M->1179M(1967M) 17.673ms
[396.784s][info][gc] GC(124) Pause Cleanup 1258M->1258M(1967M) 0.623ms
[396.789s][info][gc] GC(124) Concurrent Mark Cycle 1866.650ms
[401.736s][info][gc] GC(125) Pause Young (Prepare Mixed) (G1 Evacuation Pause) 1667M->924M(1967M) 44.535ms
[410.978s][info][gc] GC(126) Pause Young (Mixed) (G1 Evacuation Pause) 1807M->936M(1967M) 72.409ms
[419.695s][info][gc] GC(127) Pause Young (Concurrent Start) (G1 Evacuation Pause) 1793M->950M(1967M) 70.293ms
[419.695s][info][gc] GC(128) Concurrent Mark Cycle
[420.940s][info][gc] GC(128) Pause Remark 1171M->1171M(1967M) 17.108ms
[421.836s][info][gc] GC(128) Pause Cleanup 1348M->1348M(1967M) 0.679ms
[421.874s][info][gc] GC(128) Concurrent Mark Cycle 2179.203ms
[424.100s][info][gc] GC(129) Pause Young (Prepare Mixed) (G1 Evacuation Pause) 1804M->967M(1967M) 46.637ms
[431.442s][info][gc] GC(130) Pause Young (Mixed) (G1 Evacuation Pause) 1801M->978M(1967M) 48.314ms
[438.280s][info][gc] GC(131) Pause Young (Concurrent Start) (G1 Evacuation Pause) 1802M->992M(1967M) 70.118ms
[438.280s][info][gc] GC(132) Concurrent Mark Cycle
[439.971s][info][gc] GC(132) Pause Remark 1285M->1285M(2048M) 42.613ms
[440.786s][info][gc] GC(132) Pause Cleanup 1383M->1383M(2048M) 1.287ms
[440.791s][info][gc] GC(132) Concurrent Mark Cycle 2511.349ms
[445.899s][info][gc] GC(133) Pause Young (Prepare Mixed) (G1 Evacuation Pause) 1799M->1005M(2048M) 72.485ms
[455.293s][info][gc] GC(134) Pause Young (Mixed) (G1 Evacuation Pause) 1882M->1017M(2048M) 72.746ms
[456.793s][info][gc] GC(135) Pause Young (Concurrent Start) (G1 Evacuation Pause) 1883M->1018M(2048M) 49.061ms
[456.793s][info][gc] GC(136) Concurrent Mark Cycle
[458.518s][info][gc] GC(137) Pause Young (Normal) (G1 Evacuation Pause) 1896M->1015M(2048M) 35.220ms
[458.804s][info][gc] GC(136) Pause Remark 1129M->1129M(2048M) 21.547ms
[459.572s][info][gc] GC(136) Pause Cleanup 1563M->1563M(2048M) 0.788ms
[459.576s][info][gc] GC(136) Concurrent Mark Cycle 2783.329ms
[460.042s][info][gc] GC(138) Pause Young (Prepare Mixed) (G1 Evacuation Pause) 1897M->1016M(2048M) 47.757ms
[461.178s][info][gc] GC(139) Pause Young (Mixed) (G1 Evacuation Pause) 1896M->1013M(2048M) 38.251ms
[462.216s][info][gc] GC(140) Pause Young (Concurrent Start) (G1 Evacuation Pause) 1896M->1013M(2048M) 43.353ms
[462.216s][info][gc] GC(141) Concurrent Mark Cycle
[463.977s][info][gc] GC(141) Pause Remark 1833M->1833M(2048M) 40.260ms
[464.108s][info][gc] GC(142) Pause Young (Normal) (G1 Evacuation Pause) 1896M->1013M(2048M) 39.038ms
[464.632s][info][gc] GC(141) Pause Cleanup 1308M->1308M(2048M) 1.510ms
[464.637s][info][gc] GC(141) Concurrent Mark Cycle 2421.570ms
[465.327s][info][gc] GC(143) Pause Young (Prepare Mixed) (G1 Evacuation Pause) 1896M->1012M(2048M) 40.814ms
[466.378s][info][gc] GC(144) Pause Young (Mixed) (G1 Evacuation Pause) 1897M->1011M(2048M) 60.598ms
[467.449s][info][gc] GC(145) Pause Young (Concurrent Start) (G1 Evacuation Pause) 1897M->1012M(2048M) 41.071ms
[467.449s][info][gc] GC(146) Concurrent Mark Cycle
[468.591s][info][gc] GC(146) Concurrent Mark Cycle 1141.486ms
