[0.003s][info][gc] Using G1
[0.365s][info][gc] GC(0) Pause Young (Concurrent Start) (G1 Humongous Allocation) 241M->3M(513M) 3.884ms
[0.365s][info][gc] GC(1) Concurrent Undo Cycle
[0.365s][info][gc] GC(1) Concurrent Undo Cycle 0.373ms
[0.488s][info][gc] GC(2) Pause Young (Normal) (G1 Evacuation Pause) 215M->2M(513M) 3.612ms
[1.893s][info][gc] GC(3) Pause Young (Concurrent Start) (Metadata GC Threshold) 312M->15M(513M) 12.530ms
[1.893s][info][gc] GC(4) Concurrent Mark Cycle
[1.908s][info][gc] GC(4) Pause Remark 16M->16M(512M) 4.501ms
[1.909s][info][gc] GC(4) Pause Cleanup 16M->16M(512M) 0.101ms
[1.911s][info][gc] GC(4) Concurrent Mark Cycle 17.440ms
[2.391s][info][gc] GC(5) Pause Young (Prepare Mixed) (G1 Evacuation Pause) 69M->33M(512M) 24.179ms
[2.449s][info][gc] GC(6) Pause Young (Mixed) (G1 Evacuation Pause) 50M->41M(512M) 39.807ms
[2.486s][info][gc] GC(7) Pause Young (Normal) (G1 Evacuation Pause) 66M->53M(512M) 13.276ms
[2.565s][info][gc] GC(8) Pause Young (Normal) (G1 Evacuation Pause) 88M->70M(1118M) 16.060ms
[2.680s][info][gc] GC(9) Pause Young (Normal) (G1 Evacuation Pause) 120M->95M(1118M) 25.698ms
[2.796s][info][gc] GC(10) Pause Young (Normal) (G1 Evacuation Pause) 143M->120M(1118M) 33.445ms
[3.082s][info][gc] GC(11) Pause Young (Normal) (G1 Evacuation Pause) 168M->147M(1118M) 34.706ms
[3.549s][info][gc] GC(12) Pause Young (Concurrent Start) (Metadata GC Threshold) 174M->152M(1324M) 10.986ms
[3.549s][info][gc] GC(13) Concurrent Mark Cycle
[3.893s][info][gc] GC(13) Pause Remark 169M->165M(554M) 6.277ms
[4.082s][info][gc] GC(13) Pause Cleanup 172M->172M(554M) 0.215ms
[4.089s][info][gc] GC(13) Concurrent Mark Cycle 539.012ms
[4.380s][info][gc] GC(14) Pause Young (Prepare Mixed) (G1 Evacuation Pause) 220M->156M(554M) 16.409ms
[4.696s][info][gc] GC(15) Pause Young (Mixed) (G1 Evacuation Pause) 245M->165M(554M) 22.248ms
[5.653s][info][gc] GC(16) Pause Young (Normal) (G1 Evacuation Pause) 299M->185M(554M) 56.066ms
[6.690s][info][gc] GC(17) Pause Young (Normal) (G1 Evacuation Pause) 370M->237M(554M) 85.990ms
[6.961s][info][gc] GC(18) Pause Young (Concurrent Start) (Metadata GC Threshold) 322M->263M(651M) 67.697ms
[6.961s][info][gc] GC(19) Concurrent Mark Cycle
[7.242s][info][gc] GC(19) Pause Remark 263M->236M(651M) 9.356ms
[7.359s][info][gc] GC(19) Pause Cleanup 237M->237M(651M) 0.280ms
[7.360s][info][gc] GC(19) Concurrent Mark Cycle 399.407ms
[9.560s][info][gc] GC(20) Pause Young (Prepare Mixed) (G1 Evacuation Pause) 389M->259M(651M) 64.478ms
[10.744s][info][gc] GC(21) Pause Young (Mixed) (G1 Evacuation Pause) 461M->244M(651M) 64.985ms
[12.000s][info][gc] GC(22) Pause Young (Normal) (G1 Evacuation Pause) 543M->255M(651M) 32.851ms
[12.495s][info][gc] GC(23) Pause Young (Concurrent Start) (G1 Humongous Allocation) 318M->265M(651M) 33.374ms
[12.495s][info][gc] GC(24) Concurrent Mark Cycle
[12.889s][info][gc] GC(24) Pause Remark 291M->291M(651M) 14.897ms
[13.267s][info][gc] GC(24) Pause Cleanup 351M->351M(651M) 0.286ms
[13.269s][info][gc] GC(24) Concurrent Mark Cycle 773.532ms
[14.445s][info][gc] GC(25) Pause Young (Prepare Mixed) (G1 Evacuation Pause) 555M->281M(651M) 66.986ms
[17.036s][info][gc] GC(26) Pause Young (Mixed) (G1 Evacuation Pause) 562M->285M(651M) 67.129ms
[31.676s][info][gc] GC(27) Pause Young (Concurrent Start) (G1 Evacuation Pause) 569M->307M(651M) 77.940ms
[31.676s][info][gc] GC(28) Concurrent Mark Cycle
[32.208s][info][gc] GC(28) Pause Remark 399M->359M(651M) 20.794ms
[32.539s][info][gc] GC(28) Pause Cleanup 378M->378M(651M) 0.317ms
[32.543s][info][gc] GC(28) Concurrent Mark Cycle 866.721ms
[33.890s][info][gc] GC(29) Pause Young (Prepare Mixed) (G1 Evacuation Pause) 532M->276M(651M) 32.431ms
[36.461s][info][gc] GC(30) Pause Young (Mixed) (G1 Evacuation Pause) 576M->279M(651M) 22.807ms
[39.885s][info][gc] GC(31) Pause Young (Concurrent Start) (G1 Evacuation Pause) 584M->287M(651M) 27.857ms
[39.885s][info][gc] GC(32) Concurrent Mark Cycle
[40.871s][info][gc] GC(32) Pause Remark 391M->390M(652M) 37.646ms
[41.299s][info][gc] GC(32) Pause Cleanup 428M->428M(652M) 0.341ms
[41.302s][info][gc] GC(32) Concurrent Mark Cycle 1416.969ms
[42.659s][info][gc] GC(33) Pause Young (Prepare Mixed) (G1 Evacuation Pause) 587M->301M(652M) 61.387ms
[44.877s][info][gc] GC(34) Pause Young (Mixed) (G1 Evacuation Pause) 584M->305M(652M) 35.837ms
[46.884s][info][gc] GC(35) Pause Young (Concurrent Start) (G1 Evacuation Pause) 594M->316M(652M) 27.196ms
[46.884s][info][gc] GC(36) Concurrent Mark Cycle
[47.763s][info][gc] GC(36) Pause Remark 452M->452M(755M) 26.606ms
[48.069s][info][gc] GC(36) Pause Cleanup 490M->490M(755M) 0.352ms
[48.071s][info][gc] GC(36) Concurrent Mark Cycle 1187.182ms
[48.874s][info][gc] GC(37) Pause Young (Prepare Mixed) (G1 Evacuation Pause) 594M->321M(755M) 19.605ms
[57.804s][info][gc] GC(38) Pause Young (Mixed) (G1 Evacuation Pause) 690M->329M(755M) 32.793ms
[59.768s][info][gc] GC(39) Pause Young (Concurrent Start) (G1 Evacuation Pause) 679M->341M(755M) 33.089ms
[59.768s][info][gc] GC(40) Concurrent Mark Cycle
[60.283s][info][gc] GC(40) Pause Remark 387M->387M(755M) 22.285ms
[60.575s][info][gc] GC(40) Pause Cleanup 425M->425M(755M) 0.344ms
[60.578s][info][gc] GC(40) Concurrent Mark Cycle 809.841ms
[61.977s][info][gc] GC(41) Pause Young (Prepare Mixed) (G1 Evacuation Pause) 685M->353M(755M) 28.227ms
[72.791s][info][gc] GC(42) Pause Young (Mixed) (G1 Evacuation Pause) 691M->360M(755M) 33.337ms
[74.443s][info][gc] GC(43) Pause Young (Concurrent Start) (G1 Evacuation Pause) 681M->372M(755M) 49.829ms
[74.443s][info][gc] GC(44) Concurrent Mark Cycle
[75.166s][info][gc] GC(44) Pause Remark 497M->497M(830M) 29.537ms
[75.585s][info][gc] GC(44) Pause Cleanup 567M->567M(830M) 0.400ms
[75.590s][info][gc] GC(44) Concurrent Mark Cycle 1147.083ms
[76.148s][info][gc] GC(45) Pause Young (Prepare Mixed) (G1 Evacuation Pause) 678M->381M(830M) 26.996ms
[90.679s][info][gc] GC(46) Pause Young (Mixed) (G1 Evacuation Pause) 766M->385M(830M) 25.948ms
[92.366s][info][gc] GC(47) Pause Young (Concurrent Start) (G1 Evacuation Pause) 755M->397M(830M) 28.324ms
[92.367s][info][gc] GC(48) Concurrent Mark Cycle
[93.051s][info][gc] GC(48) Pause Remark 486M->486M(830M) 56.453ms
[93.298s][info][gc] GC(48) Pause Cleanup 551M->551M(830M) 0.430ms
[93.300s][info][gc] GC(48) Concurrent Mark Cycle 933.935ms
[94.178s][info][gc] GC(49) Pause Young (Prepare Mixed) (G1 Evacuation Pause) 754M->407M(830M) 33.595ms
[103.826s][info][gc] GC(50) Pause Young (Mixed) (G1 Evacuation Pause) 755M->405M(830M) 27.156ms
[105.547s][info][gc] GC(51) Pause Young (Concurrent Start) (G1 Evacuation Pause) 757M->416M(830M) 50.024ms
[105.547s][info][gc] GC(52) Concurrent Mark Cycle
[106.251s][info][gc] GC(52) Pause Remark 494M->494M(830M) 59.362ms
[106.501s][info][gc] GC(52) Pause Cleanup 540M->540M(830M) 0.397ms
[106.503s][info][gc] GC(52) Concurrent Mark Cycle 955.945ms
[107.577s][info][gc] GC(53) Pause Young (Prepare Mixed) (G1 Evacuation Pause) 757M->427M(830M) 25.959ms
[111.949s][info][gc] GC(54) Pause Young (Mixed) (G1 Evacuation Pause) 755M->428M(830M) 74.222ms
[113.539s][info][gc] GC(55) Pause Young (Concurrent Start) (G1 Evacuation Pause) 755M->438M(830M) 50.252ms
[113.540s][info][gc] GC(56) Concurrent Mark Cycle
[114.308s][info][gc] GC(56) Pause Remark 585M->585M(977M) 21.891ms
[114.592s][info][gc] GC(56) Pause Cleanup 639M->639M(977M) 0.395ms
[114.595s][info][gc] GC(56) Concurrent Mark Cycle 1054.782ms
[114.991s][info][gc] GC(57) Pause Young (Prepare Mixed) (G1 Evacuation Pause) 748M->448M(977M) 31.155ms
[116.501s][info][gc] GC(58) Pause Young (Mixed) (G1 Evacuation Pause) 896M->443M(977M) 26.360ms
[121.766s][info][gc] GC(59) Pause Young (Concurrent Start) (G1 Evacuation Pause) 893M->448M(977M) 25.258ms
[121.766s][info][gc] GC(60) Concurrent Mark Cycle
[122.386s][info][gc] GC(60) Pause Remark 657M->657M(1095M) 23.677ms
[122.670s][info][gc] GC(60) Pause Cleanup 740M->740M(1095M) 0.374ms
[122.673s][info][gc] GC(60) Concurrent Mark Cycle 906.908ms
[123.447s][info][gc] GC(61) Pause Young (Prepare Mixed) (G1 Evacuation Pause) 891M->452M(1095M) 47.950ms
[126.341s][info][gc] GC(62) Pause Young (Mixed) (G1 Evacuation Pause) 1003M->461M(1095M) 35.739ms
[133.602s][info][gc] GC(63) Pause Young (Concurrent Start) (G1 Evacuation Pause) 987M->471M(1095M) 37.444ms
[133.602s][info][gc] GC(64) Concurrent Mark Cycle
[134.371s][info][gc] GC(64) Pause Remark 557M->557M(1095M) 31.986ms
[134.663s][info][gc] GC(64) Pause Cleanup 580M->580M(1095M) 0.449ms
[134.666s][info][gc] GC(64) Concurrent Mark Cycle 1063.941ms
[136.962s][info][gc] GC(65) Pause Young (Prepare Mixed) (G1 Evacuation Pause) 996M->482M(1095M) 59.015ms
[150.182s][info][gc] GC(66) Pause Young (Mixed) (G1 Evacuation Pause) 996M->482M(1095M) 37.960ms
[157.766s][info][gc] GC(67) Pause Young (Concurrent Start) (G1 Evacuation Pause) 1006M->493M(1095M) 30.735ms
[157.767s][info][gc] GC(68) Concurrent Mark Cycle
[158.838s][info][gc] GC(68) Pause Remark 678M->678M(1130M) 44.326ms
[159.193s][info][gc] GC(68) Pause Cleanup 736M->736M(1130M) 0.518ms
[159.196s][info][gc] GC(68) Concurrent Mark Cycle 1429.514ms
[160.140s][info][gc] GC(69) Pause Young (Prepare Mixed) (G1 Evacuation Pause) 994M->504M(1130M) 44.823ms
[165.854s][info][gc] GC(70) Pause Young (Mixed) (G1 Evacuation Pause) 1027M->502M(1130M) 62.785ms
[167.891s][info][gc] GC(71) Pause Young (Concurrent Start) (G1 Evacuation Pause) 1028M->514M(1130M) 34.041ms
[167.891s][info][gc] GC(72) Concurrent Mark Cycle
[168.663s][info][gc] GC(72) Pause Remark 650M->650M(1130M) 32.117ms
[168.884s][info][gc] GC(72) Pause Cleanup 657M->657M(1130M) 0.485ms
[168.886s][info][gc] GC(72) Concurrent Mark Cycle 994.859ms
[173.506s][info][gc] GC(73) Pause Young (Prepare Mixed) (G1 Evacuation Pause) 1028M->521M(1130M) 33.543ms
[175.717s][info][gc] GC(74) Pause Young (Mixed) (G1 Evacuation Pause) 1038M->525M(1130M) 35.015ms
[180.595s][info][gc] GC(75) Pause Young (Concurrent Start) (G1 Evacuation Pause) 1028M->533M(1130M) 28.753ms
[180.595s][info][gc] GC(76) Concurrent Mark Cycle
[181.342s][info][gc] GC(76) Pause Remark 722M->722M(1205M) 41.229ms
[181.669s][info][gc] GC(76) Pause Cleanup 776M->776M(1205M) 0.538ms
[181.672s][info][gc] GC(76) Concurrent Mark Cycle 1076.915ms
[182.950s][info][gc] GC(77) Pause Young (Prepare Mixed) (G1 Evacuation Pause) 1037M->543M(1205M) 50.709ms
[192.396s][info][gc] GC(78) Pause Young (Mixed) (G1 Evacuation Pause) 1100M->546M(1205M) 44.560ms
[193.472s][info][gc] GC(79) Pause Young (Concurrent Start) (G1 Evacuation Pause) 1100M->547M(1205M) 27.863ms
[193.472s][info][gc] GC(80) Concurrent Mark Cycle
[194.536s][info][gc] GC(80) Pause Remark 984M->983M(1640M) 44.905ms
[194.952s][info][gc] GC(81) Pause Young (Normal) (G1 Evacuation Pause) 1084M->545M(1640M) 61.706ms
[195.060s][info][gc] GC(80) Pause Cleanup 604M->604M(1640M) 0.618ms
[195.065s][info][gc] GC(80) Concurrent Mark Cycle 1593.352ms
[196.465s][info][gc] GC(82) Pause Young (Prepare Mixed) (G1 Evacuation Pause) 1493M->545M(1640M) 27.555ms
