[0.003s][info][gc] Using G1
[0.339s][info][gc] GC(0) Pause Young (Concurrent Start) (G1 Humongous Allocation) 241M->3M(513M) 3.845ms
[0.339s][info][gc] GC(1) Concurrent Undo Cycle
[0.339s][info][gc] GC(1) Concurrent Undo Cycle 0.089ms
[0.425s][info][gc] GC(2) Pause Young (Normal) (G1 Evacuation Pause) 215M->2M(513M) 2.508ms
[1.707s][info][gc] GC(3) Pause Young (Concurrent Start) (Metadata GC Threshold) 312M->15M(513M) 10.790ms
[1.707s][info][gc] GC(4) Concurrent Mark Cycle
[1.721s][info][gc] GC(4) Pause Remark 16M->16M(512M) 4.366ms
[1.727s][info][gc] GC(4) Pause Cleanup 17M->17M(512M) 0.092ms
[1.729s][info][gc] GC(4) Concurrent Mark Cycle 21.431ms
[2.153s][info][gc] GC(5) Pause Young (Prepare Mixed) (GCLocker Initiated GC) 70M->33M(512M) 46.059ms
[2.227s][info][gc] GC(6) Pause Young (Mixed) (G1 Evacuation Pause) 56M->44M(512M) 15.943ms
[2.301s][info][gc] GC(7) Pause Young (Normal) (G1 Evacuation Pause) 70M->56M(512M) 13.495ms
[2.379s][info][gc] GC(8) Pause Young (Normal) (G1 Evacuation Pause) 88M->71M(512M) 14.320ms
[2.476s][info][gc] GC(9) Pause Young (Normal) (G1 Evacuation Pause) 105M->88M(855M) 18.304ms
[2.572s][info][gc] GC(10) Pause Young (Normal) (G1 Evacuation Pause) 126M->106M(855M) 18.542ms
[2.682s][info][gc] GC(11) Pause Young (Normal) (G1 Evacuation Pause) 142M->126M(855M) 28.707ms
[2.782s][info][gc] GC(12) Pause Young (Normal) (G1 Evacuation Pause) 162M->149M(855M) 23.387ms
[3.222s][info][gc] GC(13) Pause Young (Concurrent Start) (Metadata GC Threshold) 176M->154M(1155M) 10.241ms
[3.222s][info][gc] GC(14) Concurrent Mark Cycle
[3.514s][info][gc] GC(14) Pause Remark 163M->159M(534M) 6.225ms
[3.606s][info][gc] GC(14) Pause Cleanup 163M->163M(534M) 0.224ms
[3.607s][info][gc] GC(14) Concurrent Mark Cycle 385.681ms
[4.075s][info][gc] GC(15) Pause Young (Prepare Mixed) (G1 Evacuation Pause) 243M->159M(534M) 17.297ms
[6.108s][info][gc] GC(16) Pause Young (Mixed) (G1 Evacuation Pause) 434M->195M(534M) 56.053ms
[6.318s][info][gc] GC(17) Pause Young (Normal) (G1 Evacuation Pause) 316M->242M(534M) 63.458ms
[6.505s][info][gc] GC(18) Pause Young (Concurrent Start) (Metadata GC Threshold) 313M->264M(534M) 28.002ms
[6.505s][info][gc] GC(19) Concurrent Mark Cycle
[6.777s][info][gc] GC(19) Pause Remark 265M->239M(534M) 9.153ms
[6.954s][info][gc] GC(19) Pause Cleanup 240M->240M(534M) 0.239ms
[6.955s][info][gc] GC(19) Concurrent Mark Cycle 450.003ms
[9.077s][info][gc] GC(20) Pause Young (Prepare Mixed) (G1 Evacuation Pause) 394M->262M(534M) 62.772ms
[9.875s][info][gc] GC(21) Pause Young (Mixed) (G1 Evacuation Pause) 422M->240M(534M) 59.342ms
[10.885s][info][gc] GC(22) Pause Young (Mixed) (G1 Evacuation Pause) 427M->245M(534M) 23.421ms
[11.219s][info][gc] GC(23) Pause Young (Concurrent Start) (G1 Humongous Allocation) 371M->248M(534M) 22.043ms
[11.219s][info][gc] GC(24) Concurrent Mark Cycle
[11.825s][info][gc] GC(24) Pause Remark 327M->327M(547M) 16.918ms
[12.064s][info][gc] GC(24) Pause Cleanup 349M->349M(547M) 0.294ms
[12.066s][info][gc] GC(24) Concurrent Mark Cycle 846.721ms
[12.615s][info][gc] GC(25) Pause Young (Prepare Mixed) (G1 Evacuation Pause) 460M->307M(547M) 93.816ms
[13.595s][info][gc] GC(26) Pause Young (Mixed) (G1 Evacuation Pause) 457M->326M(547M) 76.248ms
[13.758s][info][gc] GC(27) Pause Young (Concurrent Start) (G1 Humongous Allocation) 334M->329M(848M) 43.909ms
[13.758s][info][gc] GC(28) Concurrent Undo Cycle
[13.763s][info][gc] GC(28) Concurrent Undo Cycle 4.635ms
[13.816s][info][gc] GC(29) Pause Young (Concurrent Start) (G1 Humongous Allocation) 340M->330M(848M) 4.374ms
[13.816s][info][gc] GC(30) Concurrent Mark Cycle
[14.421s][info][gc] GC(30) Pause Remark 353M->331M(848M) 16.433ms
[14.697s][info][gc] GC(30) Pause Cleanup 368M->368M(848M) 0.524ms
[14.701s][info][gc] GC(30) Concurrent Mark Cycle 885.225ms
[29.107s][info][gc] GC(31) Pause Young (Prepare Mixed) (G1 Evacuation Pause) 695M->324M(848M) 32.252ms
[32.252s][info][gc] GC(32) Pause Young (Mixed) (G1 Evacuation Pause) 731M->323M(848M) 68.785ms
[35.259s][info][gc] GC(33) Pause Young (Concurrent Start) (G1 Evacuation Pause) 741M->338M(848M) 71.919ms
[35.259s][info][gc] GC(34) Concurrent Mark Cycle
[36.097s][info][gc] GC(34) Pause Remark 424M->393M(848M) 18.104ms
[36.480s][info][gc] GC(34) Pause Cleanup 430M->430M(848M) 0.371ms
[36.488s][info][gc] GC(34) Concurrent Mark Cycle 1229.757ms
[38.972s][info][gc] GC(35) Pause Young (Prepare Mixed) (G1 Evacuation Pause) 723M->319M(848M) 59.619ms
[42.165s][info][gc] GC(36) Pause Young (Mixed) (G1 Evacuation Pause) 765M->330M(848M) 73.163ms
[44.257s][info][gc] GC(37) Pause Young (Concurrent Start) (G1 Evacuation Pause) 756M->340M(848M) 63.061ms
[44.257s][info][gc] GC(38) Concurrent Mark Cycle
[44.888s][info][gc] GC(38) Pause Remark 375M->375M(848M) 64.263ms
[45.382s][info][gc] GC(38) Pause Cleanup 448M->448M(848M) 0.431ms
[45.384s][info][gc] GC(38) Concurrent Mark Cycle 1126.933ms
[52.683s][info][gc] GC(39) Pause Young (Prepare Mixed) (G1 Evacuation Pause) 771M->345M(848M) 28.798ms
[53.308s][info][gc] GC(40) Pause Young (Mixed) (G1 Evacuation Pause) 787M->336M(848M) 18.310ms
