[2026-09-19T10:29:48.452+0000][0.010s][debug][gc,remset] Card Set container configuration: InlinePtr #cards 4 size 8 Array Of Cards #cards 64 size 144 Howl #buckets 8 coarsen threshold 14745 Howl Bitmap #cards 2048 size 272 coarsen threshold 1843 Card regions per heap region 1 cards per card region 16384
[2026-09-19T10:29:49.697+0000][1.255s][debug][gc,remset] GC(0) Visited cards 896 Total dirty 16384 (5.47%) Total old 1703936 (0.05%)
[2026-09-19T10:29:49.700+0000][1.258s][debug][gc,remset] GC(0) Coarsening (recent): Inline->AoC 0 (0) AoC->Howl 0 (0) Howl->Full 0 (0) Inline->AoC 0 (0) AoC->BitMap 0 (0) BitMap->Full 0 (0) 
[2026-09-19T10:29:49.700+0000][1.258s][debug][gc,remset] GC(0) Coarsening (all): Inline->AoC 0 (0) AoC->Howl 0 (0) Howl->Full 0 (0) Inline->AoC 0 (0) AoC->BitMap 0 (0) BitMap->Full 0 (0) 
[2026-09-19T10:29:50.697+0000][2.255s][debug][gc,remset] GC(1) Visited cards 896 Total dirty 16384 (5.47%) Total old 1589248 (0.06%)
[2026-09-19T10:29:50.702+0000][2.260s][debug][gc,remset] GC(1) Coarsening (recent): Inline->AoC 0 (0) AoC->Howl 0 (0) Howl->Full 0 (0) Inline->AoC 0 (0) AoC->BitMap 0 (0) BitMap->Full 0 (0) 
[2026-09-19T10:29:50.702+0000][2.260s][debug][gc,remset] GC(1) Coarsening (all): Inline->AoC 0 (0) AoC->Howl 0 (0) Howl->Full 0 (0) Inline->AoC 0 (0) AoC->BitMap 0 (0) BitMap->Full 0 (0) 
[2026-09-19T10:29:51.011+0000][2.569s][debug][gc,remset] GC(3) Visited cards 768 Total dirty 16384 (4.69%) Total old 835584 (0.09%)
[2026-09-19T10:29:51.054+0000][2.612s][debug][gc,remset] GC(3) Coarsening (recent): Inline->AoC 2 (0) AoC->Howl 2 (0) Howl->Full 0 (0) Inline->AoC 2 (0) AoC->BitMap 2 (0) BitMap->Full 0 (0) 
[2026-09-19T10:29:51.054+0000][2.612s][debug][gc,remset] GC(3) Coarsening (all): Inline->AoC 2 (0) AoC->Howl 2 (0) Howl->Full 0 (0) Inline->AoC 2 (0) AoC->BitMap 2 (0) BitMap->Full 0 (0) 
[2026-09-19T10:29:51.701+0000][3.259s][debug][gc,remset] GC(4) Visited cards 131456 Total dirty 147456 (89.15%) Total old 966656 (13.60%)
[2026-09-19T10:29:51.754+0000][3.312s][debug][gc,remset] GC(4) Coarsening (recent): Inline->AoC 0 (0) AoC->Howl 0 (0) Howl->Full 0 (0) Inline->AoC 0 (0) AoC->BitMap 0 (0) BitMap->Full 0 (0) 
[2026-09-19T10:29:51.755+0000][3.312s][debug][gc,remset] GC(4) Coarsening (all): Inline->AoC 2 (0) AoC->Howl 2 (0) Howl->Full 0 (0) Inline->AoC 2 (0) AoC->BitMap 2 (0) BitMap->Full 0 (0) 
[2026-09-19T10:29:51.763+0000][3.321s][debug][gc,remset] GC(5) Visited cards 147712 Total dirty 245760 (60.10%) Total old 425984 (34.68%)
[2026-09-19T10:29:51.785+0000][3.343s][debug][gc,remset] GC(5) Coarsening (recent): Inline->AoC 0 (0) AoC->Howl 0 (0) Howl->Full 0 (0) Inline->AoC 0 (0) AoC->BitMap 0 (0) BitMap->Full 0 (0) 
[2026-09-19T10:29:51.785+0000][3.343s][debug][gc,remset] GC(5) Coarsening (all): Inline->AoC 2 (0) AoC->Howl 2 (0) Howl->Full 0 (0) Inline->AoC 2 (0) AoC->BitMap 2 (0) BitMap->Full 0 (0) 
[2026-09-19T10:29:52.547+0000][4.105s][debug][gc,remset] GC(7) Visited cards 16384 Total dirty 131072 (12.50%) Total old 1146880 (1.43%)
[2026-09-19T10:29:52.561+0000][4.119s][debug][gc,remset] GC(7) Coarsening (recent): Inline->AoC 43 (0) AoC->Howl 24 (0) Howl->Full 1 (0) Inline->AoC 111 (0) AoC->BitMap 95 (0) BitMap->Full 26 (0) 
[2026-09-19T10:29:52.561+0000][4.119s][debug][gc,remset] GC(7) Coarsening (all): Inline->AoC 45 (0) AoC->Howl 26 (0) Howl->Full 1 (0) Inline->AoC 113 (0) AoC->BitMap 97 (0) BitMap->Full 26 (0) 
[2026-09-19T10:29:53.557+0000][5.115s][debug][gc,remset] GC(8) Visited cards 17024 Total dirty 147456 (11.55%) Total old 1163264 (1.46%)
[2026-09-19T10:29:53.577+0000][5.135s][debug][gc,remset] GC(8) Coarsening (recent): Inline->AoC 0 (0) AoC->Howl 0 (0) Howl->Full 0 (0) Inline->AoC 0 (0) AoC->BitMap 0 (0) BitMap->Full 0 (0) 
[2026-09-19T10:29:53.577+0000][5.135s][debug][gc,remset] GC(8) Coarsening (all): Inline->AoC 45 (0) AoC->Howl 26 (0) Howl->Full 1 (0) Inline->AoC 113 (0) AoC->BitMap 97 (0) BitMap->Full 26 (0) 
[2026-09-19T10:29:53.601+0000][5.159s][debug][gc,remset] GC(9) Visited cards 32768 Total dirty 180224 (18.18%) Total old 524288 (6.25%)
[2026-09-19T10:29:53.612+0000][5.170s][debug][gc,remset] GC(9) Coarsening (recent): Inline->AoC 0 (0) AoC->Howl 0 (0) Howl->Full 0 (0) Inline->AoC 0 (0) AoC->BitMap 0 (0) BitMap->Full 0 (0) 
[2026-09-19T10:29:53.612+0000][5.170s][debug][gc,remset] GC(9) Coarsening (all): Inline->AoC 45 (0) AoC->Howl 26 (0) Howl->Full 1 (0) Inline->AoC 113 (0) AoC->BitMap 97 (0) BitMap->Full 26 (0) 
[2026-09-19T10:29:53.811+0000][5.369s][debug][gc,remset] GC(11) Visited cards 42752 Total dirty 212992 (20.07%) Total old 1245184 (3.43%)
[2026-09-19T10:29:53.833+0000][5.391s][debug][gc,remset] GC(11) Coarsening (recent): Inline->AoC 179 (0) AoC->Howl 115 (0) Howl->Full 0 (0) Inline->AoC 396 (0) AoC->BitMap 296 (0) BitMap->Full 15 (0) 
[2026-09-19T10:29:53.833+0000][5.391s][debug][gc,remset] GC(11) Coarsening (all): Inline->AoC 224 (0) AoC->Howl 141 (0) Howl->Full 1 (0) Inline->AoC 509 (0) AoC->BitMap 393 (0) BitMap->Full 41 (0) 
[2026-09-19T10:29:55.445+0000][7.003s][debug][gc,remset] GC(12) Visited cards 86784 Total dirty 344064 (25.22%) Total old 1327104 (6.54%)
[2026-09-19T10:29:55.474+0000][7.032s][debug][gc,remset] GC(12) Coarsening (recent): Inline->AoC 0 (0) AoC->Howl 0 (0) Howl->Full 0 (0) Inline->AoC 0 (0) AoC->BitMap 0 (0) BitMap->Full 0 (0) 
[2026-09-19T10:29:55.474+0000][7.032s][debug][gc,remset] GC(12) Coarsening (all): Inline->AoC 224 (0) AoC->Howl 141 (0) Howl->Full 1 (0) Inline->AoC 509 (0) AoC->BitMap 393 (0) BitMap->Full 41 (0) 
[2026-09-19T10:29:57.375+0000][8.933s][debug][gc,remset] GC(13) Visited cards 83968 Total dirty 393216 (21.35%) Total old 4325376 (1.94%)
[2026-09-19T10:29:57.454+0000][9.012s][debug][gc,remset] GC(13) Coarsening (recent): Inline->AoC 0 (0) AoC->Howl 0 (0) Howl->Full 0 (0) Inline->AoC 0 (0) AoC->BitMap 0 (0) BitMap->Full 0 (0) 
[2026-09-19T10:29:57.454+0000][9.012s][debug][gc,remset] GC(13) Coarsening (all): Inline->AoC 224 (0) AoC->Howl 141 (0) Howl->Full 1 (0) Inline->AoC 509 (0) AoC->BitMap 393 (0) BitMap->Full 41 (0) 
[2026-09-19T10:29:57.488+0000][9.046s][debug][gc,remset] GC(14) Visited cards 79104 Total dirty 360448 (21.95%) Total old 1179648 (6.71%)
[2026-09-19T10:29:57.544+0000][9.102s][debug][gc,remset] GC(14) Coarsening (recent): Inline->AoC 0 (0) AoC->Howl 0 (0) Howl->Full 0 (0) Inline->AoC 0 (0) AoC->BitMap 0 (0) BitMap->Full 0 (0) 
[2026-09-19T10:29:57.544+0000][9.102s][debug][gc,remset] GC(14) Coarsening (all): Inline->AoC 224 (0) AoC->Howl 141 (0) Howl->Full 1 (0) Inline->AoC 509 (0) AoC->BitMap 393 (0) BitMap->Full 41 (0) 
[2026-09-19T10:29:58.797+0000][10.355s][debug][gc,remset] GC(16) Visited cards 76416 Total dirty 491520 (15.55%) Total old 2375680 (3.22%)
[2026-09-19T10:29:58.809+0000][10.366s][debug][gc,remset] GC(16) Coarsening (recent): Inline->AoC 419 (0) AoC->Howl 234 (0) Howl->Full 6 (0) Inline->AoC 1126 (0) AoC->BitMap 832 (0) BitMap->Full 98 (0) 
[2026-09-19T10:29:58.809+0000][10.367s][debug][gc,remset] GC(16) Coarsening (all): Inline->AoC 643 (0) AoC->Howl 375 (0) Howl->Full 7 (0) Inline->AoC 1635 (0) AoC->BitMap 1225 (0) BitMap->Full 139 (0) 
[2026-09-19T10:30:05.469+0000][17.027s][debug][gc,remset] GC(17) Visited cards 187264 Total dirty 638976 (29.31%) Total old 8355840 (2.24%)
[2026-09-19T10:30:05.532+0000][17.090s][debug][gc,remset] GC(17) Coarsening (recent): Inline->AoC 0 (0) AoC->Howl 0 (0) Howl->Full 0 (0) Inline->AoC 0 (0) AoC->BitMap 0 (0) BitMap->Full 0 (0) 
[2026-09-19T10:30:05.532+0000][17.090s][debug][gc,remset] GC(17) Coarsening (all): Inline->AoC 643 (0) AoC->Howl 375 (0) Howl->Full 7 (0) Inline->AoC 1635 (0) AoC->BitMap 1225 (0) BitMap->Full 139 (0) 
[2026-09-19T10:30:05.547+0000][17.105s][debug][gc,remset] GC(18) Visited cards 176640 Total dirty 589824 (29.95%) Total old 1589248 (11.11%)
[2026-09-19T10:30:05.588+0000][17.145s][debug][gc,remset] GC(18) Coarsening (recent): Inline->AoC 0 (0) AoC->Howl 0 (0) Howl->Full 0 (0) Inline->AoC 0 (0) AoC->BitMap 0 (0) BitMap->Full 0 (0) 
[2026-09-19T10:30:05.588+0000][17.145s][debug][gc,remset] GC(18) Coarsening (all): Inline->AoC 643 (0) AoC->Howl 375 (0) Howl->Full 7 (0) Inline->AoC 1635 (0) AoC->BitMap 1225 (0) BitMap->Full 139 (0) 
[2026-09-19T10:30:06.993+0000][18.551s][debug][gc,remset] GC(20) Visited cards 127616 Total dirty 770048 (16.57%) Total old 4161536 (3.07%)
[2026-09-19T10:30:07.028+0000][18.586s][debug][gc,remset] GC(20) Coarsening (recent): Inline->AoC 737 (0) AoC->Howl 319 (0) Howl->Full 6 (0) Inline->AoC 1695 (0) AoC->BitMap 1091 (0) BitMap->Full 83 (0) 
[2026-09-19T10:30:07.028+0000][18.586s][debug][gc,remset] GC(20) Coarsening (all): Inline->AoC 1380 (0) AoC->Howl 694 (0) Howl->Full 13 (0) Inline->AoC 3330 (0) AoC->BitMap 2316 (0) BitMap->Full 222 (0) 
[2026-09-19T10:30:10.860+0000][22.418s][debug][gc,remset] GC(21) Visited cards 175872 Total dirty 851968 (20.64%) Total old 9814016 (1.79%)
[2026-09-19T10:30:10.917+0000][22.475s][debug][gc,remset] GC(21) Coarsening (recent): Inline->AoC 0 (0) AoC->Howl 0 (0) Howl->Full 0 (0) Inline->AoC 0 (0) AoC->BitMap 0 (0) BitMap->Full 0 (0) 
[2026-09-19T10:30:10.917+0000][22.475s][debug][gc,remset] GC(21) Coarsening (all): Inline->AoC 1380 (0) AoC->Howl 694 (0) Howl->Full 13 (0) Inline->AoC 3330 (0) AoC->BitMap 2316 (0) BitMap->Full 222 (0) 
[2026-09-19T10:30:10.921+0000][22.479s][debug][gc,remset] GC(22) Visited cards 155008 Total dirty 835584 (18.55%) Total old 2211840 (7.01%)
[2026-09-19T10:30:10.966+0000][22.524s][debug][gc,remset] GC(22) Coarsening (recent): Inline->AoC 0 (0) AoC->Howl 0 (0) Howl->Full 0 (0) Inline->AoC 0 (0) AoC->BitMap 0 (0) BitMap->Full 0 (0) 
[2026-09-19T10:30:10.966+0000][22.524s][debug][gc,remset] GC(22) Coarsening (all): Inline->AoC 1380 (0) AoC->Howl 694 (0) Howl->Full 13 (0) Inline->AoC 3330 (0) AoC->BitMap 2316 (0) BitMap->Full 222 (0) 
[2026-09-19T10:30:12.714+0000][24.272s][debug][gc,remset] GC(24) Visited cards 135040 Total dirty 1310720 (10.30%) Total old 6094848 (2.22%)
[2026-09-19T10:30:12.763+0000][24.321s][debug][gc,remset] GC(24) Coarsening (recent): Inline->AoC 1132 (0) AoC->Howl 488 (0) Howl->Full 6 (0) Inline->AoC 2722 (0) AoC->BitMap 1594 (0) BitMap->Full 84 (0) 
[2026-09-19T10:30:12.763+0000][24.321s][debug][gc,remset] GC(24) Coarsening (all): Inline->AoC 2512 (0) AoC->Howl 1182 (0) Howl->Full 19 (0) Inline->AoC 6052 (0) AoC->BitMap 3910 (0) BitMap->Full 306 (0) 
[2026-09-19T10:30:15.698+0000][27.256s][debug][gc,remset] GC(25) Visited cards 252672 Total dirty 1425408 (17.73%) Total old 10780672 (2.34%)
[2026-09-19T10:30:15.812+0000][27.370s][debug][gc,remset] GC(25) Coarsening (recent): Inline->AoC 0 (0) AoC->Howl 0 (0) Howl->Full 0 (0) Inline->AoC 0 (0) AoC->BitMap 0 (0) BitMap->Full 0 (0) 
[2026-09-19T10:30:15.812+0000][27.370s][debug][gc,remset] GC(25) Coarsening (all): Inline->AoC 2512 (0) AoC->Howl 1182 (0) Howl->Full 19 (0) Inline->AoC 6052 (0) AoC->BitMap 3910 (0) BitMap->Full 306 (0) 
[2026-09-19T10:30:15.819+0000][27.377s][debug][gc,remset] GC(26) Visited cards 214528 Total dirty 1671168 (12.84%) Total old 3244032 (6.61%)
[2026-09-19T10:30:15.873+0000][27.431s][debug][gc,remset] GC(26) Coarsening (recent): Inline->AoC 0 (0) AoC->Howl 0 (0) Howl->Full 0 (0) Inline->AoC 0 (0) AoC->BitMap 0 (0) BitMap->Full 0 (0) 
[2026-09-19T10:30:15.873+0000][27.431s][debug][gc,remset] GC(26) Coarsening (all): Inline->AoC 2512 (0) AoC->Howl 1182 (0) Howl->Full 19 (0) Inline->AoC 6052 (0) AoC->BitMap 3910 (0) BitMap->Full 306 (0) 
[2026-09-19T10:30:17.845+0000][29.403s][debug][gc,remset] GC(28) Visited cards 165376 Total dirty 1589248 (10.41%) Total old 7569408 (2.18%)
[2026-09-19T10:30:17.894+0000][29.452s][debug][gc,remset] GC(28) Coarsening (recent): Inline->AoC 1824 (0) AoC->Howl 737 (0) Howl->Full 6 (0) Inline->AoC 4081 (0) AoC->BitMap 2240 (0) BitMap->Full 99 (0) 
[2026-09-19T10:30:17.894+0000][29.452s][debug][gc,remset] GC(28) Coarsening (all): Inline->AoC 4336 (0) AoC->Howl 1919 (0) Howl->Full 25 (0) Inline->AoC 10133 (0) AoC->BitMap 6150 (0) BitMap->Full 405 (0) 
[2026-09-19T10:30:20.690+0000][32.248s][debug][gc,remset] GC(29) Visited cards 281728 Total dirty 1720320 (16.38%) Total old 11190272 (2.52%)
[2026-09-19T10:30:20.812+0000][32.370s][debug][gc,remset] GC(29) Coarsening (recent): Inline->AoC 0 (0) AoC->Howl 0 (0) Howl->Full 0 (0) Inline->AoC 0 (0) AoC->BitMap 0 (0) BitMap->Full 0 (0) 
[2026-09-19T10:30:20.812+0000][32.370s][debug][gc,remset] GC(29) Coarsening (all): Inline->AoC 4336 (0) AoC->Howl 1919 (0) Howl->Full 25 (0) Inline->AoC 10133 (0) AoC->BitMap 6150 (0) BitMap->Full 405 (0) 
[2026-09-19T10:30:20.817+0000][32.375s][debug][gc,remset] GC(30) Visited cards 162048 Total dirty 1720320 (9.42%) Total old 4145152 (3.91%)
[2026-09-19T10:30:20.875+0000][32.433s][debug][gc,remset] GC(30) Coarsening (recent): Inline->AoC 0 (0) AoC->Howl 0 (0) Howl->Full 0 (0) Inline->AoC 0 (0) AoC->BitMap 0 (0) BitMap->Full 0 (0) 
[2026-09-19T10:30:20.875+0000][32.433s][debug][gc,remset] GC(30) Coarsening (all): Inline->AoC 4336 (0) AoC->Howl 1919 (0) Howl->Full 25 (0) Inline->AoC 10133 (0) AoC->BitMap 6150 (0) BitMap->Full 405 (0) 
[2026-09-19T10:30:23.764+0000][35.322s][debug][gc,remset] GC(32) Visited cards 220288 Total dirty 1966080 (11.20%) Total old 9748480 (2.26%)
[2026-09-19T10:30:23.840+0000][35.398s][debug][gc,remset] GC(32) Coarsening (recent): Inline->AoC 2544 (0) AoC->Howl 948 (0) Howl->Full 6 (0) Inline->AoC 4955 (0) AoC->BitMap 2854 (0) BitMap->Full 104 (0) 
[2026-09-19T10:30:23.840+0000][35.398s][debug][gc,remset] GC(32) Coarsening (all): Inline->AoC 6880 (0) AoC->Howl 2867 (0) Howl->Full 31 (0) Inline->AoC 15088 (0) AoC->BitMap 9004 (0) BitMap->Full 509 (0) 
[2026-09-19T10:30:26.059+0000][37.617s][debug][gc,remset] GC(33) Visited cards 220032 Total dirty 2211840 (9.95%) Total old 11108352 (1.98%)
[2026-09-19T10:30:26.165+0000][37.723s][debug][gc,remset] GC(33) Coarsening (recent): Inline->AoC 0 (0) AoC->Howl 0 (0) Howl->Full 0 (0) Inline->AoC 0 (0) AoC->BitMap 0 (0) BitMap->Full 0 (0) 
[2026-09-19T10:30:26.165+0000][37.723s][debug][gc,remset] GC(33) Coarsening (all): Inline->AoC 6880 (0) AoC->Howl 2867 (0) Howl->Full 31 (0) Inline->AoC 15088 (0) AoC->BitMap 9004 (0) BitMap->Full 509 (0) 
[2026-09-19T10:30:26.678+0000][38.236s][debug][gc,remset] GC(34) Visited cards 202240 Total dirty 2113536 (9.57%) Total old 6144000 (3.29%)
[2026-09-19T10:30:26.757+0000][38.315s][debug][gc,remset] GC(34) Coarsening (recent): Inline->AoC 0 (0) AoC->Howl 0 (0) Howl->Full 0 (0) Inline->AoC 0 (0) AoC->BitMap 0 (0) BitMap->Full 0 (0) 
[2026-09-19T10:30:26.757+0000][38.315s][debug][gc,remset] GC(34) Coarsening (all): Inline->AoC 6880 (0) AoC->Howl 2867 (0) Howl->Full 31 (0) Inline->AoC 15088 (0) AoC->BitMap 9004 (0) BitMap->Full 509 (0) 
[2026-09-19T10:30:31.707+0000][43.265s][debug][gc,remset] GC(36) Visited cards 1207936 Total dirty 2916352 (41.42%) Total old 6701056 (18.03%)
[2026-09-19T10:30:31.781+0000][43.339s][debug][gc,remset] GC(36) Coarsening (recent): Inline->AoC 3066 (0) AoC->Howl 1346 (0) Howl->Full 6 (0) Inline->AoC 6715 (0) AoC->BitMap 3898 (0) BitMap->Full 113 (0) 
[2026-09-19T10:30:31.781+0000][43.339s][debug][gc,remset] GC(36) Coarsening (all): Inline->AoC 9946 (0) AoC->Howl 4213 (0) Howl->Full 37 (0) Inline->AoC 21803 (0) AoC->BitMap 12902 (0) BitMap->Full 622 (0) 
[2026-09-19T10:30:35.326+0000][46.884s][debug][gc,remset] GC(37) Visited cards 1619456 Total dirty 3178496 (50.95%) Total old 7864320 (20.59%)
[2026-09-19T10:30:35.408+0000][46.966s][debug][gc,remset] GC(37) Coarsening (recent): Inline->AoC 0 (0) AoC->Howl 0 (0) Howl->Full 0 (0) Inline->AoC 0 (0) AoC->BitMap 0 (0) BitMap->Full 0 (0) 
[2026-09-19T10:30:35.408+0000][46.966s][debug][gc,remset] GC(37) Coarsening (all): Inline->AoC 9946 (0) AoC->Howl 4213 (0) Howl->Full 37 (0) Inline->AoC 21803 (0) AoC->BitMap 12902 (0) BitMap->Full 622 (0) 
[2026-09-19T10:30:37.226+0000][48.784s][debug][gc,remset] GC(39) Visited cards 1625856 Total dirty 3178496 (51.15%) Total old 6242304 (26.05%)
[2026-09-19T10:30:37.323+0000][48.881s][debug][gc,remset] GC(39) Coarsening (recent): Inline->AoC 618 (0) AoC->Howl 312 (0) Howl->Full 5 (0) Inline->AoC 1599 (0) AoC->BitMap 1057 (0) BitMap->Full 66 (0) 
[2026-09-19T10:30:37.323+0000][48.881s][debug][gc,remset] GC(39) Coarsening (all): Inline->AoC 10564 (0) AoC->Howl 4525 (0) Howl->Full 42 (0) Inline->AoC 23402 (0) AoC->BitMap 13959 (0) BitMap->Full 688 (0) 
[2026-09-19T10:30:40.841+0000][52.398s][debug][gc,remset] GC(40) Visited cards 1287552 Total dirty 3276800 (39.29%) Total old 9879552 (13.03%)
[2026-09-19T10:30:40.908+0000][52.466s][debug][gc,remset] GC(40) Coarsening (recent): Inline->AoC 4232 (3) AoC->Howl 1678 (9) Howl->Full 1 (0) Inline->AoC 7442 (11) AoC->BitMap 4048 (31) BitMap->Full 47 (0) 
[2026-09-19T10:30:40.908+0000][52.466s][debug][gc,remset] GC(40) Coarsening (all): Inline->AoC 14796 (3) AoC->Howl 6203 (9) Howl->Full 43 (0) Inline->AoC 30844 (11) AoC->BitMap 18007 (31) BitMap->Full 735 (0) 
[2026-09-19T10:30:43.444+0000][55.002s][debug][gc,remset] GC(41) Visited cards 1470976 Total dirty 3227648 (45.57%) Total old 10829824 (13.58%)
[2026-09-19T10:30:43.551+0000][55.109s][debug][gc,remset] GC(41) Coarsening (recent): Inline->AoC 779 (0) AoC->Howl 174 (0) Howl->Full 0 (0) Inline->AoC 673 (0) AoC->BitMap 159 (0) BitMap->Full 0 (0) 
[2026-09-19T10:30:43.551+0000][55.109s][debug][gc,remset] GC(41) Coarsening (all): Inline->AoC 15575 (3) AoC->Howl 6377 (9) Howl->Full 43 (0) Inline->AoC 31517 (11) AoC->BitMap 18166 (31) BitMap->Full 735 (0) 
[2026-09-19T10:30:45.046+0000][56.604s][debug][gc,remset] GC(42) Visited cards 1423744 Total dirty 3506176 (40.61%) Total old 8814592 (16.15%)
[2026-09-19T10:30:45.124+0000][56.682s][debug][gc,remset] GC(42) Coarsening (recent): Inline->AoC 2121 (1) AoC->Howl 557 (0) Howl->Full 0 (0) Inline->AoC 2171 (0) AoC->BitMap 479 (0) BitMap->Full 0 (0) 
[2026-09-19T10:30:45.124+0000][56.682s][debug][gc,remset] GC(42) Coarsening (all): Inline->AoC 17696 (4) AoC->Howl 6934 (9) Howl->Full 43 (0) Inline->AoC 33688 (11) AoC->BitMap 18645 (31) BitMap->Full 735 (0) 
[2026-09-19T10:30:47.713+0000][59.271s][debug][gc,remset] GC(44) Visited cards 1571712 Total dirty 3850240 (40.82%) Total old 10469376 (15.01%)
[2026-09-19T10:30:47.795+0000][59.353s][debug][gc,remset] GC(44) Coarsening (recent): Inline->AoC 6136 (4) AoC->Howl 2099 (2) Howl->Full 6 (0) Inline->AoC 10721 (0) AoC->BitMap 4273 (7) BitMap->Full 80 (0) 
[2026-09-19T10:30:47.795+0000][59.353s][debug][gc,remset] GC(44) Coarsening (all): Inline->AoC 23832 (8) AoC->Howl 9033 (11) Howl->Full 49 (0) Inline->AoC 44409 (11) AoC->BitMap 22918 (38) BitMap->Full 815 (0) 
[2026-09-19T10:30:48.969+0000][60.527s][debug][gc,remset] GC(45) Visited cards 1580288 Total dirty 3784704 (41.75%) Total old 8798208 (17.96%)
[2026-09-19T10:30:49.062+0000][60.620s][debug][gc,remset] GC(45) Coarsening (recent): Inline->AoC 4540 (2) AoC->Howl 1910 (2) Howl->Full 0 (0) Inline->AoC 9895 (1) AoC->BitMap 3708 (2) BitMap->Full 32 (0) 
[2026-09-19T10:30:49.062+0000][60.620s][debug][gc,remset] GC(45) Coarsening (all): Inline->AoC 28372 (10) AoC->Howl 10943 (13) Howl->Full 49 (0) Inline->AoC 54304 (12) AoC->BitMap 26626 (40) BitMap->Full 847 (0) 
[2026-09-19T10:30:50.692+0000][62.250s][debug][gc,remset] GC(46) Visited cards 1862656 Total dirty 4096000 (45.48%) Total old 10649600 (17.49%)
[2026-09-19T10:30:50.773+0000][62.331s][debug][gc,remset] GC(46) Coarsening (recent): Inline->AoC 4138 (0) AoC->Howl 1071 (0) Howl->Full 0 (0) Inline->AoC 5256 (0) AoC->BitMap 697 (0) BitMap->Full 0 (0) 
[2026-09-19T10:30:50.773+0000][62.331s][debug][gc,remset] GC(46) Coarsening (all): Inline->AoC 32510 (10) AoC->Howl 12014 (13) Howl->Full 49 (0) Inline->AoC 59560 (12) AoC->BitMap 27323 (40) BitMap->Full 847 (0) 
[2026-09-19T10:30:52.238+0000][63.796s][debug][gc,remset] GC(47) Visited cards 1778304 Total dirty 3981312 (44.67%) Total old 10682368 (16.65%)
[2026-09-19T10:30:52.332+0000][63.889s][debug][gc,remset] GC(47) Coarsening (recent): Inline->AoC 4343 (0) AoC->Howl 1176 (0) Howl->Full 0 (0) Inline->AoC 5735 (0) AoC->BitMap 1155 (0) BitMap->Full 0 (0) 
[2026-09-19T10:30:52.332+0000][63.889s][debug][gc,remset] GC(47) Coarsening (all): Inline->AoC 36853 (10) AoC->Howl 13190 (13) Howl->Full 49 (0) Inline->AoC 65295 (12) AoC->BitMap 28478 (40) BitMap->Full 847 (0) 
[2026-09-19T10:30:54.197+0000][65.755s][debug][gc,remset] GC(49) Visited cards 1945728 Total dirty 4210688 (46.21%) Total old 10698752 (18.19%)
[2026-09-19T10:30:54.298+0000][65.856s][debug][gc,remset] GC(49) Coarsening (recent): Inline->AoC 4448 (0) AoC->Howl 1345 (0) Howl->Full 0 (0) Inline->AoC 6555 (0) AoC->BitMap 1211 (0) BitMap->Full 0 (0) 
[2026-09-19T10:30:54.298+0000][65.856s][debug][gc,remset] GC(49) Coarsening (all): Inline->AoC 41301 (10) AoC->Howl 14535 (13) Howl->Full 49 (0) Inline->AoC 71850 (12) AoC->BitMap 29689 (40) BitMap->Full 847 (0) 
[2026-09-19T10:30:55.818+0000][67.376s][debug][gc,remset] GC(50) Visited cards 2083072 Total dirty 4259840 (48.90%) Total old 10633216 (19.59%)
[2026-09-19T10:30:55.916+0000][67.474s][debug][gc,remset] GC(50) Coarsening (recent): Inline->AoC 9312 (0) AoC->Howl 4050 (0) Howl->Full 6 (0) Inline->AoC 21946 (0) AoC->BitMap 9335 (0) BitMap->Full 112 (0) 
[2026-09-19T10:30:55.916+0000][67.474s][debug][gc,remset] GC(50) Coarsening (all): Inline->AoC 50613 (10) AoC->Howl 18585 (13) Howl->Full 55 (0) Inline->AoC 93796 (12) AoC->BitMap 39024 (40) BitMap->Full 959 (0) 
[2026-09-19T10:30:57.358+0000][68.916s][debug][gc,remset] GC(51) Visited cards 2244864 Total dirty 4358144 (51.51%) Total old 10911744 (20.57%)
[2026-09-19T10:30:57.467+0000][69.025s][debug][gc,remset] GC(51) Coarsening (recent): Inline->AoC 4873 (0) AoC->Howl 1544 (0) Howl->Full 0 (0) Inline->AoC 7896 (0) AoC->BitMap 1455 (0) BitMap->Full 0 (0) 
[2026-09-19T10:30:57.467+0000][69.025s][debug][gc,remset] GC(51) Coarsening (all): Inline->AoC 55486 (10) AoC->Howl 20129 (13) Howl->Full 55 (0) Inline->AoC 101692 (12) AoC->BitMap 40479 (40) BitMap->Full 959 (0) 
[2026-09-19T10:30:58.853+0000][70.411s][debug][gc,remset] GC(52) Visited cards 2298368 Total dirty 4407296 (52.15%) Total old 10715136 (21.45%)
[2026-09-19T10:30:58.957+0000][70.515s][debug][gc,remset] GC(52) Coarsening (recent): Inline->AoC 5528 (1) AoC->Howl 1963 (0) Howl->Full 0 (0) Inline->AoC 10028 (0) AoC->BitMap 1832 (0) BitMap->Full 0 (0) 
[2026-09-19T10:30:58.957+0000][70.515s][debug][gc,remset] GC(52) Coarsening (all): Inline->AoC 61014 (11) AoC->Howl 22092 (13) Howl->Full 55 (0) Inline->AoC 111720 (12) AoC->BitMap 42311 (40) BitMap->Full 959 (0) 
[2026-09-19T10:31:00.533+0000][72.091s][debug][gc,remset] GC(54) Visited cards 2323840 Total dirty 4587520 (50.66%) Total old 10534912 (22.06%)
[2026-09-19T10:31:00.618+0000][72.176s][debug][gc,remset] GC(54) Coarsening (recent): Inline->AoC 5609 (3) AoC->Howl 2244 (3) Howl->Full 0 (0) Inline->AoC 12054 (1) AoC->BitMap 1981 (2) BitMap->Full 0 (0) 
[2026-09-19T10:31:00.618+0000][72.176s][debug][gc,remset] GC(54) Coarsening (all): Inline->AoC 66623 (14) AoC->Howl 24336 (16) Howl->Full 55 (0) Inline->AoC 123774 (13) AoC->BitMap 44292 (42) BitMap->Full 959 (0) 
[2026-09-19T10:31:03.229+0000][74.787s][debug][gc,remset] GC(55) Visited cards 2419840 Total dirty 4669440 (51.82%) Total old 14303232 (16.92%)
[2026-09-19T10:31:03.341+0000][74.899s][debug][gc,remset] GC(55) Coarsening (recent): Inline->AoC 14851 (1) AoC->Howl 6493 (0) Howl->Full 6 (0) Inline->AoC 36319 (0) AoC->BitMap 11560 (1) BitMap->Full 110 (0) 
[2026-09-19T10:31:03.341+0000][74.899s][debug][gc,remset] GC(55) Coarsening (all): Inline->AoC 81474 (15) AoC->Howl 30829 (16) Howl->Full 61 (0) Inline->AoC 160093 (13) AoC->BitMap 55852 (43) BitMap->Full 1069 (0) 
[2026-09-19T10:31:05.164+0000][76.722s][debug][gc,remset] GC(56) Visited cards 2658432 Total dirty 4751360 (55.95%) Total old 13565952 (19.60%)
[2026-09-19T10:31:05.301+0000][76.859s][debug][gc,remset] GC(56) Coarsening (recent): Inline->AoC 7221 (0) AoC->Howl 2673 (0) Howl->Full 0 (0) Inline->AoC 14041 (1) AoC->BitMap 2622 (0) BitMap->Full 0 (0) 
[2026-09-19T10:31:05.301+0000][76.859s][debug][gc,remset] GC(56) Coarsening (all): Inline->AoC 88695 (15) AoC->Howl 33502 (16) Howl->Full 61 (0) Inline->AoC 174134 (14) AoC->BitMap 58474 (43) BitMap->Full 1069 (0) 
[2026-09-19T10:31:07.448+0000][79.006s][debug][gc,remset] GC(57) Visited cards 2590592 Total dirty 4784128 (54.15%) Total old 14254080 (18.17%)
[2026-09-19T10:31:07.575+0000][79.133s][debug][gc,remset] GC(57) Coarsening (recent): Inline->AoC 9098 (0) AoC->Howl 3489 (0) Howl->Full 0 (0) Inline->AoC 18634 (0) AoC->BitMap 3061 (0) BitMap->Full 0 (0) 
[2026-09-19T10:31:07.575+0000][79.133s][debug][gc,remset] GC(57) Coarsening (all): Inline->AoC 97793 (15) AoC->Howl 36991 (16) Howl->Full 61 (0) Inline->AoC 192768 (14) AoC->BitMap 61535 (43) BitMap->Full 1069 (0) 
[2026-09-19T10:31:10.019+0000][81.577s][debug][gc,remset] GC(59) Visited cards 2718208 Total dirty 4866048 (55.86%) Total old 14073856 (19.31%)
[2026-09-19T10:31:10.139+0000][81.697s][debug][gc,remset] GC(59) Coarsening (recent): Inline->AoC 9234 (0) AoC->Howl 3767 (1) Howl->Full 0 (0) Inline->AoC 20302 (1) AoC->BitMap 3535 (2) BitMap->Full 0 (0) 
[2026-09-19T10:31:10.139+0000][81.697s][debug][gc,remset] GC(59) Coarsening (all): Inline->AoC 107027 (15) AoC->Howl 40758 (17) Howl->Full 61 (0) Inline->AoC 213070 (15) AoC->BitMap 65070 (45) BitMap->Full 1069 (0) 
[2026-09-19T10:31:12.574+0000][84.132s][debug][gc,remset] GC(60) Visited cards 2854144 Total dirty 5128192 (55.66%) Total old 13991936 (20.40%)
[2026-09-19T10:31:12.698+0000][84.256s][debug][gc,remset] GC(60) Coarsening (recent): Inline->AoC 15952 (0) AoC->Howl 7077 (0) Howl->Full 6 (0) Inline->AoC 39997 (0) AoC->BitMap 13718 (0) BitMap->Full 110 (0) 
[2026-09-19T10:31:12.698+0000][84.256s][debug][gc,remset] GC(60) Coarsening (all): Inline->AoC 122979 (15) AoC->Howl 47835 (17) Howl->Full 67 (0) Inline->AoC 253067 (15) AoC->BitMap 78788 (45) BitMap->Full 1179 (0) 
[2026-09-19T10:31:14.461+0000][86.019s][debug][gc,remset] GC(61) Visited cards 3345920 Total dirty 5505024 (60.78%) Total old 13402112 (24.97%)
[2026-09-19T10:31:14.597+0000][86.155s][debug][gc,remset] GC(61) Coarsening (recent): Inline->AoC 8277 (0) AoC->Howl 3583 (3) Howl->Full 0 (0) Inline->AoC 19763 (2) AoC->BitMap 4012 (0) BitMap->Full 1 (0) 
[2026-09-19T10:31:14.597+0000][86.155s][debug][gc,remset] GC(61) Coarsening (all): Inline->AoC 131256 (15) AoC->Howl 51418 (20) Howl->Full 67 (0) Inline->AoC 272830 (17) AoC->BitMap 82800 (45) BitMap->Full 1180 (0) 
[2026-09-19T10:31:16.451+0000][88.009s][debug][gc,remset] GC(62) Visited cards 3133312 Total dirty 5357568 (58.48%) Total old 13844480 (22.63%)
[2026-09-19T10:31:16.577+0000][88.135s][debug][gc,remset] GC(62) Coarsening (recent): Inline->AoC 9141 (0) AoC->Howl 3844 (0) Howl->Full 0 (0) Inline->AoC 20963 (0) AoC->BitMap 4121 (0) BitMap->Full 1 (0) 
[2026-09-19T10:31:16.577+0000][88.135s][debug][gc,remset] GC(62) Coarsening (all): Inline->AoC 140397 (15) AoC->Howl 55262 (20) Howl->Full 67 (0) Inline->AoC 293793 (17) AoC->BitMap 86921 (45) BitMap->Full 1181 (0) 
[2026-09-19T10:31:18.959+0000][90.517s][debug][gc,remset] GC(64) Visited cards 3322880 Total dirty 5488640 (60.54%) Total old 13746176 (24.17%)
[2026-09-19T10:31:19.083+0000][90.641s][debug][gc,remset] GC(64) Coarsening (recent): Inline->AoC 9602 (1) AoC->Howl 3920 (0) Howl->Full 0 (0) Inline->AoC 21917 (2) AoC->BitMap 4279 (4) BitMap->Full 0 (0) 
[2026-09-19T10:31:19.083+0000][90.641s][debug][gc,remset] GC(64) Coarsening (all): Inline->AoC 149999 (16) AoC->Howl 59182 (20) Howl->Full 67 (0) Inline->AoC 315710 (19) AoC->BitMap 91200 (49) BitMap->Full 1181 (0) 
[2026-09-19T10:31:21.450+0000][93.008s][debug][gc,remset] GC(65) Visited cards 3396608 Total dirty 5636096 (60.27%) Total old 13664256 (24.86%)
[2026-09-19T10:31:21.574+0000][93.132s][debug][gc,remset] GC(65) Coarsening (recent): Inline->AoC 16854 (0) AoC->Howl 7323 (1) Howl->Full 6 (0) Inline->AoC 42466 (0) AoC->BitMap 15131 (0) BitMap->Full 110 (0) 
[2026-09-19T10:31:21.574+0000][93.132s][debug][gc,remset] GC(65) Coarsening (all): Inline->AoC 166853 (16) AoC->Howl 66505 (21) Howl->Full 73 (0) Inline->AoC 358176 (19) AoC->BitMap 106331 (49) BitMap->Full 1291 (0) 
[2026-09-19T10:31:23.345+0000][94.903s][debug][gc,remset] GC(66) Visited cards 3491456 Total dirty 5685248 (61.41%) Total old 14188544 (24.61%)
[2026-09-19T10:31:23.477+0000][95.035s][debug][gc,remset] GC(66) Coarsening (recent): Inline->AoC 9484 (1) AoC->Howl 3863 (1) Howl->Full 0 (0) Inline->AoC 21207 (2) AoC->BitMap 4572 (2) BitMap->Full 0 (0) 
[2026-09-19T10:31:23.477+0000][95.035s][debug][gc,remset] GC(66) Coarsening (all): Inline->AoC 176337 (17) AoC->Howl 70368 (22) Howl->Full 73 (0) Inline->AoC 379383 (21) AoC->BitMap 110903 (51) BitMap->Full 1291 (0) 
[2026-09-19T10:31:25.368+0000][96.926s][debug][gc,remset] GC(67) Visited cards 3434368 Total dirty 5865472 (58.55%) Total old 14057472 (24.43%)
[2026-09-19T10:31:25.486+0000][97.044s][debug][gc,remset] GC(67) Coarsening (recent): Inline->AoC 9329 (0) AoC->Howl 3697 (0) Howl->Full 0 (0) Inline->AoC 20458 (0) AoC->BitMap 4527 (1) BitMap->Full 0 (0) 
[2026-09-19T10:31:25.486+0000][97.044s][debug][gc,remset] GC(67) Coarsening (all): Inline->AoC 185666 (17) AoC->Howl 74065 (22) Howl->Full 73 (0) Inline->AoC 399841 (21) AoC->BitMap 115430 (52) BitMap->Full 1291 (0) 
[2026-09-19T10:31:27.927+0000][99.485s][debug][gc,remset] GC(69) Visited cards 3468288 Total dirty 5898240 (58.80%) Total old 14057472 (24.67%)
[2026-09-19T10:31:28.033+0000][99.591s][debug][gc,remset] GC(69) Coarsening (recent): Inline->AoC 9362 (0) AoC->Howl 3911 (0) Howl->Full 0 (0) Inline->AoC 22223 (0) AoC->BitMap 4675 (0) BitMap->Full 0 (0) 
[2026-09-19T10:31:28.033+0000][99.591s][debug][gc,remset] GC(69) Coarsening (all): Inline->AoC 195028 (17) AoC->Howl 77976 (22) Howl->Full 73 (0) Inline->AoC 422064 (21) AoC->BitMap 120105 (52) BitMap->Full 1291 (0) 
[2026-09-19T10:31:30.355+0000][101.913s][debug][gc,remset] GC(70) Visited cards 3493760 Total dirty 5914624 (59.07%) Total old 14057472 (24.85%)
[2026-09-19T10:31:30.476+0000][102.034s][debug][gc,remset] GC(70) Coarsening (recent): Inline->AoC 16330 (0) AoC->Howl 7320 (3) Howl->Full 6 (0) Inline->AoC 44069 (2) AoC->BitMap 14960 (0) BitMap->Full 107 (0) 
[2026-09-19T10:31:30.476+0000][102.034s][debug][gc,remset] GC(70) Coarsening (all): Inline->AoC 211358 (17) AoC->Howl 85296 (25) Howl->Full 79 (0) Inline->AoC 466133 (23) AoC->BitMap 135065 (52) BitMap->Full 1398 (0) 
[2026-09-19T10:31:32.651+0000][104.209s][debug][gc,remset] GC(71) Visited cards 3504512 Total dirty 5931008 (59.09%) Total old 15007744 (23.35%)
[2026-09-19T10:31:32.764+0000][104.322s][debug][gc,remset] GC(71) Coarsening (recent): Inline->AoC 12096 (0) AoC->Howl 5067 (2) Howl->Full 0 (0) Inline->AoC 28583 (0) AoC->BitMap 5808 (0) BitMap->Full 3 (0) 
[2026-09-19T10:31:32.764+0000][104.322s][debug][gc,remset] GC(71) Coarsening (all): Inline->AoC 223454 (17) AoC->Howl 90363 (27) Howl->Full 79 (0) Inline->AoC 494716 (23) AoC->BitMap 140873 (52) BitMap->Full 1401 (0) 
[2026-09-19T10:31:34.828+0000][106.386s][debug][gc,remset] GC(72) Visited cards 3614592 Total dirty 6045696 (59.79%) Total old 15138816 (23.88%)
[2026-09-19T10:31:34.955+0000][106.513s][debug][gc,remset] GC(72) Coarsening (recent): Inline->AoC 10734 (0) AoC->Howl 4453 (0) Howl->Full 0 (0) Inline->AoC 25350 (0) AoC->BitMap 4729 (0) BitMap->Full 0 (0) 
[2026-09-19T10:31:34.955+0000][106.513s][debug][gc,remset] GC(72) Coarsening (all): Inline->AoC 234188 (17) AoC->Howl 94816 (27) Howl->Full 79 (0) Inline->AoC 520066 (23) AoC->BitMap 145602 (52) BitMap->Full 1401 (0) 
[2026-09-19T10:31:36.962+0000][108.520s][debug][gc,remset] GC(73) Visited cards 3537408 Total dirty 5980160 (59.15%) Total old 14991360 (23.60%)
[2026-09-19T10:31:37.071+0000][108.629s][debug][gc,remset] GC(73) Coarsening (recent): Inline->AoC 10315 (1) AoC->Howl 4468 (1) Howl->Full 0 (0) Inline->AoC 25421 (0) AoC->BitMap 5083 (0) BitMap->Full 0 (0) 
[2026-09-19T10:31:37.071+0000][108.629s][debug][gc,remset] GC(73) Coarsening (all): Inline->AoC 244503 (18) AoC->Howl 99284 (28) Howl->Full 79 (0) Inline->AoC 545487 (23) AoC->BitMap 150685 (52) BitMap->Full 1401 (0) 
[2026-09-19T10:31:39.646+0000][111.204s][debug][gc,remset] GC(75) Visited cards 3557504 Total dirty 6012928 (59.16%) Total old 14991360 (23.73%)
[2026-09-19T10:31:39.759+0000][111.317s][debug][gc,remset] GC(75) Coarsening (recent): Inline->AoC 10964 (0) AoC->Howl 4604 (0) Howl->Full 0 (0) Inline->AoC 26150 (0) AoC->BitMap 4650 (0) BitMap->Full 0 (0) 
[2026-09-19T10:31:39.759+0000][111.317s][debug][gc,remset] GC(75) Coarsening (all): Inline->AoC 255467 (18) AoC->Howl 103888 (28) Howl->Full 79 (0) Inline->AoC 571637 (23) AoC->BitMap 155335 (52) BitMap->Full 1401 (0) 
[2026-09-19T10:31:42.401+0000][113.959s][debug][gc,remset] GC(76) Visited cards 3569408 Total dirty 5996544 (59.52%) Total old 15024128 (23.76%)
[2026-09-19T10:31:42.521+0000][114.079s][debug][gc,remset] GC(76) Coarsening (recent): Inline->AoC 19299 (1) AoC->Howl 8370 (6) Howl->Full 6 (0) Inline->AoC 49378 (3) AoC->BitMap 16429 (3) BitMap->Full 110 (0) 
[2026-09-19T10:31:42.521+0000][114.079s][debug][gc,remset] GC(76) Coarsening (all): Inline->AoC 274766 (19) AoC->Howl 112258 (34) Howl->Full 85 (0) Inline->AoC 621015 (26) AoC->BitMap 171764 (55) BitMap->Full 1511 (0) 
[2026-09-19T10:31:44.787+0000][116.345s][debug][gc,remset] GC(77) Visited cards 3565952 Total dirty 6029312 (59.14%) Total old 15171584 (23.50%)
[2026-09-19T10:31:44.899+0000][116.457s][debug][gc,remset] GC(77) Coarsening (recent): Inline->AoC 12006 (0) AoC->Howl 4956 (2) Howl->Full 0 (0) Inline->AoC 28137 (1) AoC->BitMap 5740 (0) BitMap->Full 0 (0) 
[2026-09-19T10:31:44.899+0000][116.457s][debug][gc,remset] GC(77) Coarsening (all): Inline->AoC 286772 (19) AoC->Howl 117214 (36) Howl->Full 85 (0) Inline->AoC 649152 (27) AoC->BitMap 177504 (55) BitMap->Full 1511 (0) 
[2026-09-19T10:31:46.934+0000][118.491s][debug][gc,remset] GC(78) Visited cards 3630208 Total dirty 6127616 (59.24%) Total old 15302656 (23.72%)
[2026-09-19T10:31:47.057+0000][118.615s][debug][gc,remset] GC(78) Coarsening (recent): Inline->AoC 11094 (0) AoC->Howl 4784 (1) Howl->Full 0 (0) Inline->AoC 27530 (1) AoC->BitMap 5161 (0) BitMap->Full 0 (0) 
[2026-09-19T10:31:47.057+0000][118.615s][debug][gc,remset] GC(78) Coarsening (all): Inline->AoC 297866 (19) AoC->Howl 121998 (37) Howl->Full 85 (0) Inline->AoC 676682 (28) AoC->BitMap 182665 (55) BitMap->Full 1511 (0) 
[2026-09-19T10:31:49.099+0000][120.657s][debug][gc,remset] GC(79) Visited cards 3585920 Total dirty 6094848 (58.84%) Total old 15204352 (23.58%)
[2026-09-19T10:31:49.210+0000][120.768s][debug][gc,remset] GC(79) Coarsening (recent): Inline->AoC 11291 (3) AoC->Howl 4663 (2) Howl->Full 0 (0) Inline->AoC 26717 (0) AoC->BitMap 5067 (1) BitMap->Full 0 (0) 
[2026-09-19T10:31:49.210+0000][120.768s][debug][gc,remset] GC(79) Coarsening (all): Inline->AoC 309157 (22) AoC->Howl 126661 (39) Howl->Full 85 (0) Inline->AoC 703399 (28) AoC->BitMap 187732 (56) BitMap->Full 1511 (0) 
[2026-09-19T10:31:51.844+0000][123.402s][debug][gc,remset] GC(81) Visited cards 3599360 Total dirty 6127616 (58.74%) Total old 15187968 (23.70%)
[2026-09-19T10:31:51.956+0000][123.514s][debug][gc,remset] GC(81) Coarsening (recent): Inline->AoC 11502 (1) AoC->Howl 4662 (2) Howl->Full 0 (0) Inline->AoC 26726 (1) AoC->BitMap 5166 (2) BitMap->Full 0 (0) 
[2026-09-19T10:31:51.956+0000][123.514s][debug][gc,remset] GC(81) Coarsening (all): Inline->AoC 320659 (23) AoC->Howl 131323 (41) Howl->Full 85 (0) Inline->AoC 730125 (29) AoC->BitMap 192898 (58) BitMap->Full 1511 (0) 
[2026-09-19T10:31:54.674+0000][126.232s][debug][gc,remset] GC(82) Visited cards 3612288 Total dirty 6127616 (58.95%) Total old 15122432 (23.89%)
[2026-09-19T10:31:54.785+0000][126.343s][debug][gc,remset] GC(82) Coarsening (recent): Inline->AoC 19794 (1) AoC->Howl 8479 (1) Howl->Full 6 (0) Inline->AoC 50234 (1) AoC->BitMap 17202 (0) BitMap->Full 108 (0) 
[2026-09-19T10:31:54.785+0000][126.343s][debug][gc,remset] GC(82) Coarsening (all): Inline->AoC 340453 (24) AoC->Howl 139802 (42) Howl->Full 91 (0) Inline->AoC 780359 (30) AoC->BitMap 210100 (58) BitMap->Full 1619 (0) 
[2026-09-19T10:31:56.813+0000][128.371s][debug][gc,remset] GC(83) Visited cards 3918080 Total dirty 6111232 (64.11%) Total old 15384576 (25.47%)
[2026-09-19T10:31:56.938+0000][128.496s][debug][gc,remset] GC(83) Coarsening (recent): Inline->AoC 11591 (0) AoC->Howl 4855 (0) Howl->Full 0 (0) Inline->AoC 27813 (0) AoC->BitMap 5402 (2) BitMap->Full 0 (0) 
[2026-09-19T10:31:56.938+0000][128.496s][debug][gc,remset] GC(83) Coarsening (all): Inline->AoC 352044 (24) AoC->Howl 144657 (42) Howl->Full 91 (0) Inline->AoC 808172 (30) AoC->BitMap 215502 (60) BitMap->Full 1619 (0) 
[2026-09-19T10:31:58.973+0000][130.531s][debug][gc,remset] GC(84) Visited cards 3623680 Total dirty 6111232 (59.30%) Total old 15302656 (23.68%)
[2026-09-19T10:31:59.090+0000][130.648s][debug][gc,remset] GC(84) Coarsening (recent): Inline->AoC 11730 (0) AoC->Howl 4741 (1) Howl->Full 0 (0) Inline->AoC 27101 (0) AoC->BitMap 4749 (0) BitMap->Full 0 (0) 
[2026-09-19T10:31:59.090+0000][130.648s][debug][gc,remset] GC(84) Coarsening (all): Inline->AoC 363774 (24) AoC->Howl 149398 (43) Howl->Full 91 (0) Inline->AoC 835273 (30) AoC->BitMap 220251 (60) BitMap->Full 1619 (0) 
[2026-09-19T10:32:01.736+0000][133.294s][debug][gc,remset] GC(86) Visited cards 3637504 Total dirty 6160384 (59.05%) Total old 15269888 (23.82%)
[2026-09-19T10:32:01.849+0000][133.407s][debug][gc,remset] GC(86) Coarsening (recent): Inline->AoC 12370 (0) AoC->Howl 4794 (1) Howl->Full 0 (0) Inline->AoC 27627 (1) AoC->BitMap 5337 (2) BitMap->Full 0 (0) 
[2026-09-19T10:32:01.849+0000][133.407s][debug][gc,remset] GC(86) Coarsening (all): Inline->AoC 376144 (24) AoC->Howl 154192 (44) Howl->Full 91 (0) Inline->AoC 862900 (31) AoC->BitMap 225588 (62) BitMap->Full 1619 (0) 
[2026-09-19T10:32:04.605+0000][136.163s][debug][gc,remset] GC(87) Visited cards 3648640 Total dirty 6176768 (59.07%) Total old 15253504 (23.92%)
[2026-09-19T10:32:04.717+0000][136.275s][debug][gc,remset] GC(87) Coarsening (recent): Inline->AoC 20302 (0) AoC->Howl 8542 (2) Howl->Full 6 (0) Inline->AoC 51127 (0) AoC->BitMap 16905 (1) BitMap->Full 106 (0) 
[2026-09-19T10:32:04.717+0000][136.275s][debug][gc,remset] GC(87) Coarsening (all): Inline->AoC 396446 (24) AoC->Howl 162734 (46) Howl->Full 97 (0) Inline->AoC 914027 (31) AoC->BitMap 242493 (63) BitMap->Full 1725 (0) 
[2026-09-19T10:32:06.766+0000][138.324s][debug][gc,remset] GC(88) Visited cards 3886336 Total dirty 6307840 (61.61%) Total old 15499264 (25.07%)
[2026-09-19T10:32:06.892+0000][138.450s][debug][gc,remset] GC(88) Coarsening (recent): Inline->AoC 11828 (1) AoC->Howl 4816 (0) Howl->Full 0 (0) Inline->AoC 28328 (0) AoC->BitMap 5277 (0) BitMap->Full 0 (0) 
[2026-09-19T10:32:06.892+0000][138.450s][debug][gc,remset] GC(88) Coarsening (all): Inline->AoC 408274 (25) AoC->Howl 167550 (46) Howl->Full 97 (0) Inline->AoC 942355 (31) AoC->BitMap 247770 (63) BitMap->Full 1725 (0) 
[2026-09-19T10:32:08.894+0000][140.452s][debug][gc,remset] GC(89) Visited cards 3659904 Total dirty 6144000 (59.57%) Total old 15433728 (23.71%)
[2026-09-19T10:32:09.008+0000][140.566s][debug][gc,remset] GC(89) Coarsening (recent): Inline->AoC 11789 (0) AoC->Howl 4701 (2) Howl->Full 0 (0) Inline->AoC 27012 (0) AoC->BitMap 5085 (3) BitMap->Full 0 (0) 
[2026-09-19T10:32:09.008+0000][140.566s][debug][gc,remset] GC(89) Coarsening (all): Inline->AoC 420063 (25) AoC->Howl 172251 (48) Howl->Full 97 (0) Inline->AoC 969367 (31) AoC->BitMap 252855 (66) BitMap->Full 1725 (0) 
[2026-09-19T10:32:11.701+0000][143.259s][debug][gc,remset] GC(91) Visited cards 3672064 Total dirty 6193152 (59.29%) Total old 15400960 (23.84%)
[2026-09-19T10:32:11.815+0000][143.373s][debug][gc,remset] GC(91) Coarsening (recent): Inline->AoC 12063 (0) AoC->Howl 4667 (1) Howl->Full 0 (0) Inline->AoC 26798 (1) AoC->BitMap 4853 (0) BitMap->Full 0 (0) 
[2026-09-19T10:32:11.815+0000][143.373s][debug][gc,remset] GC(91) Coarsening (all): Inline->AoC 432126 (25) AoC->Howl 176918 (49) Howl->Full 97 (0) Inline->AoC 996165 (32) AoC->BitMap 257708 (66) BitMap->Full 1725 (0) 
[2026-09-19T10:32:14.595+0000][146.153s][debug][gc,remset] GC(92) Visited cards 3686656 Total dirty 6258688 (58.90%) Total old 15335424 (24.04%)
[2026-09-19T10:32:14.709+0000][146.266s][debug][gc,remset] GC(92) Coarsening (recent): Inline->AoC 20883 (0) AoC->Howl 8539 (2) Howl->Full 6 (0) Inline->AoC 51331 (1) AoC->BitMap 16827 (1) BitMap->Full 101 (0) 
[2026-09-19T10:32:14.709+0000][146.266s][debug][gc,remset] GC(92) Coarsening (all): Inline->AoC 453009 (25) AoC->Howl 185457 (51) Howl->Full 103 (0) Inline->AoC 1047496 (33) AoC->BitMap 274535 (67) BitMap->Full 1826 (0) 
[2026-09-19T10:32:16.712+0000][148.270s][debug][gc,remset] GC(93) Visited cards 4035840 Total dirty 6275072 (64.32%) Total old 15581184 (25.90%)
[2026-09-19T10:32:16.837+0000][148.395s][debug][gc,remset] GC(93) Coarsening (recent): Inline->AoC 12042 (0) AoC->Howl 4925 (0) Howl->Full 0 (0) Inline->AoC 28470 (0) AoC->BitMap 5609 (0) BitMap->Full 0 (0) 
[2026-09-19T10:32:16.837+0000][148.395s][debug][gc,remset] GC(93) Coarsening (all): Inline->AoC 465051 (25) AoC->Howl 190382 (51) Howl->Full 103 (0) Inline->AoC 1075966 (33) AoC->BitMap 280144 (67) BitMap->Full 1826 (0) 
[2026-09-19T10:32:18.870+0000][150.428s][debug][gc,remset] GC(94) Visited cards 3688576 Total dirty 6193152 (59.56%) Total old 15499264 (23.80%)
[2026-09-19T10:32:18.984+0000][150.542s][debug][gc,remset] GC(94) Coarsening (recent): Inline->AoC 11661 (0) AoC->Howl 4495 (0) Howl->Full 0 (0) Inline->AoC 25758 (0) AoC->BitMap 5039 (1) BitMap->Full 0 (0) 
[2026-09-19T10:32:18.984+0000][150.542s][debug][gc,remset] GC(94) Coarsening (all): Inline->AoC 476712 (25) AoC->Howl 194877 (51) Howl->Full 103 (0) Inline->AoC 1101724 (33) AoC->BitMap 285183 (68) BitMap->Full 1826 (0) 
[2026-09-19T10:32:21.645+0000][153.203s][debug][gc,remset] GC(96) Visited cards 3698304 Total dirty 6225920 (59.40%) Total old 15482880 (23.89%)
[2026-09-19T10:32:21.758+0000][153.316s][debug][gc,remset] GC(96) Coarsening (recent): Inline->AoC 12402 (0) AoC->Howl 4678 (0) Howl->Full 0 (0) Inline->AoC 26978 (0) AoC->BitMap 5317 (0) BitMap->Full 0 (0) 
[2026-09-19T10:32:21.758+0000][153.316s][debug][gc,remset] GC(96) Coarsening (all): Inline->AoC 489114 (25) AoC->Howl 199555 (51) Howl->Full 103 (0) Inline->AoC 1128702 (33) AoC->BitMap 290500 (68) BitMap->Full 1826 (0) 
[2026-09-19T10:32:24.500+0000][156.058s][debug][gc,remset] GC(97) Visited cards 3705344 Total dirty 6209536 (59.67%) Total old 15450112 (23.98%)
[2026-09-19T10:32:24.615+0000][156.173s][debug][gc,remset] GC(97) Coarsening (recent): Inline->AoC 19706 (0) AoC->Howl 8082 (2) Howl->Full 6 (0) Inline->AoC 48688 (0) AoC->BitMap 16952 (1) BitMap->Full 99 (0) 
[2026-09-19T10:32:24.615+0000][156.173s][debug][gc,remset] GC(97) Coarsening (all): Inline->AoC 508820 (25) AoC->Howl 207637 (53) Howl->Full 109 (0) Inline->AoC 1177390 (33) AoC->BitMap 307452 (69) BitMap->Full 1925 (0) 
[2026-09-19T10:32:26.696+0000][158.254s][debug][gc,remset] GC(98) Visited cards 3704320 Total dirty 6225920 (59.50%) Total old 15564800 (23.80%)
[2026-09-19T10:32:26.807+0000][158.365s][debug][gc,remset] GC(98) Coarsening (recent): Inline->AoC 12902 (0) AoC->Howl 4842 (1) Howl->Full 0 (0) Inline->AoC 27699 (1) AoC->BitMap 5099 (0) BitMap->Full 0 (0) 
[2026-09-19T10:32:26.807+0000][158.365s][debug][gc,remset] GC(98) Coarsening (all): Inline->AoC 521722 (25) AoC->Howl 212479 (54) Howl->Full 109 (0) Inline->AoC 1205089 (34) AoC->BitMap 312551 (69) BitMap->Full 1925 (0) 
[2026-09-19T10:32:28.957+0000][160.515s][debug][gc,remset] GC(99) Visited cards 3847552 Total dirty 6225920 (61.80%) Total old 15663104 (24.56%)
[2026-09-19T10:32:29.080+0000][160.638s][debug][gc,remset] GC(99) Coarsening (recent): Inline->AoC 12131 (0) AoC->Howl 4638 (0) Howl->Full 0 (0) Inline->AoC 26759 (0) AoC->BitMap 4844 (0) BitMap->Full 0 (0) 
[2026-09-19T10:32:29.080+0000][160.638s][debug][gc,remset] GC(99) Coarsening (all): Inline->AoC 533853 (25) AoC->Howl 217117 (54) Howl->Full 109 (0) Inline->AoC 1231848 (34) AoC->BitMap 317395 (69) BitMap->Full 1925 (0) 
[2026-09-19T10:32:31.300+0000][162.858s][debug][gc,remset] GC(100) Visited cards 3728640 Total dirty 6209536 (60.05%) Total old 15581184 (23.93%)
[2026-09-19T10:32:31.413+0000][162.971s][debug][gc,remset] GC(100) Coarsening (recent): Inline->AoC 12940 (0) AoC->Howl 4840 (3) Howl->Full 0 (0) Inline->AoC 27764 (0) AoC->BitMap 4875 (3) BitMap->Full 0 (0) 
[2026-09-19T10:32:31.413+0000][162.971s][debug][gc,remset] GC(100) Coarsening (all): Inline->AoC 546793 (25) AoC->Howl 221957 (57) Howl->Full 109 (0) Inline->AoC 1259612 (34) AoC->BitMap 322270 (72) BitMap->Full 1925 (0) 
[2026-09-19T10:32:34.343+0000][165.901s][debug][gc,remset] GC(102) Visited cards 3740672 Total dirty 6340608 (59.00%) Total old 15548416 (24.06%)
[2026-09-19T10:32:34.458+0000][166.016s][debug][gc,remset] GC(102) Coarsening (recent): Inline->AoC 12263 (0) AoC->Howl 4700 (0) Howl->Full 0 (0) Inline->AoC 27424 (0) AoC->BitMap 4998 (0) BitMap->Full 0 (0) 
[2026-09-19T10:32:34.458+0000][166.016s][debug][gc,remset] GC(102) Coarsening (all): Inline->AoC 559056 (25) AoC->Howl 226657 (57) Howl->Full 109 (0) Inline->AoC 1287036 (34) AoC->BitMap 327268 (72) BitMap->Full 1925 (0) 
[2026-09-19T10:32:37.069+0000][168.627s][debug][gc,remset] GC(103) Visited cards 3746048 Total dirty 6324224 (59.23%) Total old 15532032 (24.12%)
[2026-09-19T10:32:37.187+0000][168.744s][debug][gc,remset] GC(103) Coarsening (recent): Inline->AoC 19933 (0) AoC->Howl 7952 (1) Howl->Full 6 (0) Inline->AoC 48149 (0) AoC->BitMap 16165 (0) BitMap->Full 99 (0) 
[2026-09-19T10:32:37.187+0000][168.744s][debug][gc,remset] GC(103) Coarsening (all): Inline->AoC 578989 (25) AoC->Howl 234609 (58) Howl->Full 115 (0) Inline->AoC 1335185 (34) AoC->BitMap 343433 (72) BitMap->Full 2024 (0) 
[2026-09-19T10:32:39.271+0000][170.829s][debug][gc,remset] GC(104) Visited cards 3745024 Total dirty 6324224 (59.22%) Total old 15712256 (23.84%)
[2026-09-19T10:32:39.385+0000][170.943s][debug][gc,remset] GC(104) Coarsening (recent): Inline->AoC 12951 (1) AoC->Howl 4887 (2) Howl->Full 0 (0) Inline->AoC 28150 (1) AoC->BitMap 5424 (0) BitMap->Full 0 (0) 
[2026-09-19T10:32:39.385+0000][170.943s][debug][gc,remset] GC(104) Coarsening (all): Inline->AoC 591940 (26) AoC->Howl 239496 (60) Howl->Full 115 (0) Inline->AoC 1363335 (35) AoC->BitMap 348857 (72) BitMap->Full 2024 (0) 
[2026-09-19T10:32:41.641+0000][173.199s][debug][gc,remset] GC(105) Visited cards 4023680 Total dirty 6356992 (63.30%) Total old 15777792 (25.50%)
[2026-09-19T10:32:41.767+0000][173.325s][debug][gc,remset] GC(105) Coarsening (recent): Inline->AoC 12787 (0) AoC->Howl 4824 (0) Howl->Full 0 (0) Inline->AoC 28369 (0) AoC->BitMap 5129 (0) BitMap->Full 0 (0) 
[2026-09-19T10:32:41.767+0000][173.325s][debug][gc,remset] GC(105) Coarsening (all): Inline->AoC 604727 (26) AoC->Howl 244320 (60) Howl->Full 115 (0) Inline->AoC 1391704 (35) AoC->BitMap 353986 (72) BitMap->Full 2024 (0) 
[2026-09-19T10:32:43.785+0000][175.343s][debug][gc,remset] GC(106) Visited cards 3756288 Total dirty 6324224 (59.40%) Total old 15695872 (23.93%)
[2026-09-19T10:32:43.899+0000][175.457s][debug][gc,remset] GC(106) Coarsening (recent): Inline->AoC 12577 (0) AoC->Howl 4551 (0) Howl->Full 0 (0) Inline->AoC 26619 (0) AoC->BitMap 5103 (0) BitMap->Full 0 (0) 
[2026-09-19T10:32:43.899+0000][175.457s][debug][gc,remset] GC(106) Coarsening (all): Inline->AoC 617304 (26) AoC->Howl 248871 (60) Howl->Full 115 (0) Inline->AoC 1418323 (35) AoC->BitMap 359089 (72) BitMap->Full 2024 (0) 
[2026-09-19T10:32:46.485+0000][178.043s][debug][gc,remset] GC(108) Visited cards 3769856 Total dirty 6356992 (59.30%) Total old 15679488 (24.04%)
[2026-09-19T10:32:46.600+0000][178.158s][debug][gc,remset] GC(108) Coarsening (recent): Inline->AoC 12479 (0) AoC->Howl 4550 (0) Howl->Full 0 (0) Inline->AoC 26979 (0) AoC->BitMap 5038 (0) BitMap->Full 0 (0) 
[2026-09-19T10:32:46.600+0000][178.158s][debug][gc,remset] GC(108) Coarsening (all): Inline->AoC 629783 (26) AoC->Howl 253421 (60) Howl->Full 115 (0) Inline->AoC 1445302 (35) AoC->BitMap 364127 (72) BitMap->Full 2024 (0) 
[2026-09-19T10:32:49.392+0000][180.950s][debug][gc,remset] GC(109) Visited cards 3781760 Total dirty 6340608 (59.64%) Total old 15630336 (24.20%)
[2026-09-19T10:32:49.506+0000][181.063s][debug][gc,remset] GC(109) Coarsening (recent): Inline->AoC 21770 (0) AoC->Howl 8290 (0) Howl->Full 6 (0) Inline->AoC 51146 (1) AoC->BitMap 16563 (0) BitMap->Full 99 (0) 
[2026-09-19T10:32:49.506+0000][181.064s][debug][gc,remset] GC(109) Coarsening (all): Inline->AoC 651553 (26) AoC->Howl 261711 (60) Howl->Full 121 (0) Inline->AoC 1496448 (36) AoC->BitMap 380690 (72) BitMap->Full 2123 (0) 
[2026-09-19T10:32:51.723+0000][183.281s][debug][gc,remset] GC(110) Visited cards 3938176 Total dirty 6324224 (62.27%) Total old 15958016 (24.68%)
[2026-09-19T10:32:51.848+0000][183.406s][debug][gc,remset] GC(110) Coarsening (recent): Inline->AoC 12904 (0) AoC->Howl 4668 (0) Howl->Full 0 (0) Inline->AoC 27347 (0) AoC->BitMap 5011 (0) BitMap->Full 0 (0) 
[2026-09-19T10:32:51.848+0000][183.406s][debug][gc,remset] GC(110) Coarsening (all): Inline->AoC 664457 (26) AoC->Howl 266379 (60) Howl->Full 121 (0) Inline->AoC 1523795 (36) AoC->BitMap 385701 (72) BitMap->Full 2123 (0) 
[2026-09-19T10:32:54.071+0000][185.629s][debug][gc,remset] GC(111) Visited cards 3793408 Total dirty 6373376 (59.52%) Total old 15859712 (23.92%)
[2026-09-19T10:32:54.196+0000][185.754s][debug][gc,remset] GC(111) Coarsening (recent): Inline->AoC 12740 (0) AoC->Howl 4549 (0) Howl->Full 0 (0) Inline->AoC 26578 (1) AoC->BitMap 5303 (4) BitMap->Full 0 (0) 
[2026-09-19T10:32:54.196+0000][185.754s][debug][gc,remset] GC(111) Coarsening (all): Inline->AoC 677197 (26) AoC->Howl 270928 (60) Howl->Full 121 (0) Inline->AoC 1550373 (37) AoC->BitMap 391004 (76) BitMap->Full 2123 (0) 
[2026-09-19T10:32:57.066+0000][188.624s][debug][gc,remset] GC(113) Visited cards 3804160 Total dirty 6406144 (59.38%) Total old 15826944 (24.04%)
[2026-09-19T10:32:57.182+0000][188.740s][debug][gc,remset] GC(113) Coarsening (recent): Inline->AoC 13538 (0) AoC->Howl 4789 (0) Howl->Full 0 (0) Inline->AoC 28128 (0) AoC->BitMap 5110 (1) BitMap->Full 0 (0) 
[2026-09-19T10:32:57.182+0000][188.740s][debug][gc,remset] GC(113) Coarsening (all): Inline->AoC 690735 (26) AoC->Howl 275717 (60) Howl->Full 121 (0) Inline->AoC 1578501 (37) AoC->BitMap 396114 (77) BitMap->Full 2123 (0) 
[2026-09-19T10:32:59.783+0000][191.341s][debug][gc,remset] GC(114) Visited cards 3803008 Total dirty 6373376 (59.67%) Total old 15810560 (24.05%)
[2026-09-19T10:32:59.905+0000][191.463s][debug][gc,remset] GC(114) Coarsening (recent): Inline->AoC 21541 (0) AoC->Howl 7766 (3) Howl->Full 6 (0) Inline->AoC 47364 (0) AoC->BitMap 16092 (1) BitMap->Full 96 (0) 
[2026-09-19T10:32:59.905+0000][191.463s][debug][gc,remset] GC(114) Coarsening (all): Inline->AoC 712276 (26) AoC->Howl 283483 (63) Howl->Full 127 (0) Inline->AoC 1625865 (37) AoC->BitMap 412206 (78) BitMap->Full 2219 (0) 
[2026-09-19T10:33:02.238+0000][193.796s][debug][gc,remset] GC(115) Visited cards 3805312 Total dirty 6389760 (59.55%) Total old 15958016 (23.85%)
[2026-09-19T10:33:02.359+0000][193.917s][debug][gc,remset] GC(115) Coarsening (recent): Inline->AoC 14466 (0) AoC->Howl 4892 (1) Howl->Full 0 (0) Inline->AoC 28263 (0) AoC->BitMap 5653 (3) BitMap->Full 0 (0) 
[2026-09-19T10:33:02.359+0000][193.917s][debug][gc,remset] GC(115) Coarsening (all): Inline->AoC 726742 (26) AoC->Howl 288375 (64) Howl->Full 127 (0) Inline->AoC 1654128 (37) AoC->BitMap 417859 (81) BitMap->Full 2219 (0) 
[2026-09-19T10:33:04.614+0000][196.172s][debug][gc,remset] GC(116) Visited cards 4024576 Total dirty 6455296 (62.35%) Total old 16039936 (25.09%)
[2026-09-19T10:33:04.742+0000][196.300s][debug][gc,remset] GC(116) Coarsening (recent): Inline->AoC 13200 (0) AoC->Howl 4576 (2) Howl->Full 0 (0) Inline->AoC 26573 (1) AoC->BitMap 5087 (0) BitMap->Full 0 (0) 
[2026-09-19T10:33:04.742+0000][196.300s][debug][gc,remset] GC(116) Coarsening (all): Inline->AoC 739942 (26) AoC->Howl 292951 (66) Howl->Full 127 (0) Inline->AoC 1680701 (38) AoC->BitMap 422946 (81) BitMap->Full 2219 (0) 
[2026-09-19T10:33:06.895+0000][198.453s][debug][gc,remset] GC(117) Visited cards 3816320 Total dirty 6373376 (59.88%) Total old 15941632 (23.94%)
[2026-09-19T10:33:07.010+0000][198.568s][debug][gc,remset] GC(117) Coarsening (recent): Inline->AoC 13259 (0) AoC->Howl 4502 (0) Howl->Full 0 (0) Inline->AoC 26506 (1) AoC->BitMap 4700 (0) BitMap->Full 0 (0) 
[2026-09-19T10:33:07.010+0000][198.568s][debug][gc,remset] GC(117) Coarsening (all): Inline->AoC 753201 (26) AoC->Howl 297453 (66) Howl->Full 127 (0) Inline->AoC 1707207 (39) AoC->BitMap 427646 (81) BitMap->Full 2219 (0) 
[2026-09-19T10:33:09.878+0000][201.436s][debug][gc,remset] GC(119) Visited cards 3827712 Total dirty 6422528 (59.60%) Total old 15925248 (24.04%)
[2026-09-19T10:33:09.991+0000][201.549s][debug][gc,remset] GC(119) Coarsening (recent): Inline->AoC 14713 (0) AoC->Howl 4910 (2) Howl->Full 0 (0) Inline->AoC 29362 (0) AoC->BitMap 4597 (0) BitMap->Full 0 (0) 
[2026-09-19T10:33:09.991+0000][201.549s][debug][gc,remset] GC(119) Coarsening (all): Inline->AoC 767914 (26) AoC->Howl 302363 (68) Howl->Full 127 (0) Inline->AoC 1736569 (39) AoC->BitMap 432243 (81) BitMap->Full 2219 (0) 
[2026-09-19T10:33:12.785+0000][204.343s][debug][gc,remset] GC(120) Visited cards 3840256 Total dirty 6406144 (59.95%) Total old 15925248 (24.11%)
[2026-09-19T10:33:12.901+0000][204.459s][debug][gc,remset] GC(120) Coarsening (recent): Inline->AoC 24784 (0) AoC->Howl 8553 (0) Howl->Full 6 (0) Inline->AoC 52742 (0) AoC->BitMap 16454 (0) BitMap->Full 95 (0) 
[2026-09-19T10:33:12.901+0000][204.459s][debug][gc,remset] GC(120) Coarsening (all): Inline->AoC 792698 (26) AoC->Howl 310916 (68) Howl->Full 133 (0) Inline->AoC 1789311 (39) AoC->BitMap 448697 (81) BitMap->Full 2314 (0) 
[2026-09-19T10:33:15.096+0000][206.654s][debug][gc,remset] GC(121) Visited cards 3938560 Total dirty 6389760 (61.64%) Total old 16252928 (24.23%)
[2026-09-19T10:33:15.225+0000][206.783s][debug][gc,remset] GC(121) Coarsening (recent): Inline->AoC 14008 (1) AoC->Howl 4767 (0) Howl->Full 0 (0) Inline->AoC 28195 (0) AoC->BitMap 5210 (0) BitMap->Full 0 (0) 
[2026-09-19T10:33:15.225+0000][206.783s][debug][gc,remset] GC(121) Coarsening (all): Inline->AoC 806706 (27) AoC->Howl 315683 (68) Howl->Full 133 (0) Inline->AoC 1817506 (39) AoC->BitMap 453907 (81) BitMap->Full 2314 (0) 
[2026-09-19T10:33:17.404+0000][208.962s][debug][gc,remset] GC(122) Visited cards 3848832 Total dirty 6406144 (60.08%) Total old 16138240 (23.85%)
[2026-09-19T10:33:17.521+0000][209.079s][debug][gc,remset] GC(122) Coarsening (recent): Inline->AoC 14539 (0) AoC->Howl 4807 (3) Howl->Full 0 (0) Inline->AoC 28201 (0) AoC->BitMap 5105 (0) BitMap->Full 0 (0) 
[2026-09-19T10:33:17.521+0000][209.079s][debug][gc,remset] GC(122) Coarsening (all): Inline->AoC 821245 (27) AoC->Howl 320490 (71) Howl->Full 133 (0) Inline->AoC 1845707 (39) AoC->BitMap 459012 (81) BitMap->Full 2314 (0) 
[2026-09-19T10:33:20.438+0000][211.996s][debug][gc,remset] GC(124) Visited cards 3855872 Total dirty 6438912 (59.88%) Total old 16105472 (23.94%)
[2026-09-19T10:33:20.553+0000][212.111s][debug][gc,remset] GC(124) Coarsening (recent): Inline->AoC 14469 (0) AoC->Howl 4704 (2) Howl->Full 0 (0) Inline->AoC 27753 (0) AoC->BitMap 4806 (2) BitMap->Full 0 (0) 
[2026-09-19T10:33:20.553+0000][212.111s][debug][gc,remset] GC(124) Coarsening (all): Inline->AoC 835714 (27) AoC->Howl 325194 (73) Howl->Full 133 (0) Inline->AoC 1873460 (39) AoC->BitMap 463818 (83) BitMap->Full 2314 (0) 
[2026-09-19T10:33:23.280+0000][214.838s][debug][gc,remset] GC(125) Visited cards 3859968 Total dirty 6455296 (59.80%) Total old 16072704 (24.02%)
[2026-09-19T10:33:23.394+0000][214.952s][debug][gc,remset] GC(125) Coarsening (recent): Inline->AoC 24221 (0) AoC->Howl 8025 (1) Howl->Full 6 (0) Inline->AoC 49277 (0) AoC->BitMap 16687 (1) BitMap->Full 95 (0) 
[2026-09-19T10:33:23.394+0000][214.952s][debug][gc,remset] GC(125) Coarsening (all): Inline->AoC 859935 (27) AoC->Howl 333219 (74) Howl->Full 139 (0) Inline->AoC 1922737 (39) AoC->BitMap 480505 (84) BitMap->Full 2409 (0) 
[2026-09-19T10:33:25.696+0000][217.254s][debug][gc,remset] GC(126) Visited cards 3883264 Total dirty 6373376 (60.93%) Total old 16367616 (23.73%)
[2026-09-19T10:33:25.819+0000][217.377s][debug][gc,remset] GC(126) Coarsening (recent): Inline->AoC 15563 (1) AoC->Howl 4844 (2) Howl->Full 0 (0) Inline->AoC 28488 (0) AoC->BitMap 4914 (1) BitMap->Full 0 (0) 
[2026-09-19T10:33:25.819+0000][217.377s][debug][gc,remset] GC(126) Coarsening (all): Inline->AoC 875498 (28) AoC->Howl 338063 (76) Howl->Full 139 (0) Inline->AoC 1951225 (39) AoC->BitMap 485419 (85) BitMap->Full 2409 (0) 
[2026-09-19T10:33:28.101+0000][219.659s][debug][gc,remset] GC(127) Visited cards 3873664 Total dirty 6422528 (60.31%) Total old 16269312 (23.81%)
[2026-09-19T10:33:28.214+0000][219.772s][debug][gc,remset] GC(127) Coarsening (recent): Inline->AoC 15480 (0) AoC->Howl 4835 (0) Howl->Full 0 (0) Inline->AoC 28191 (1) AoC->BitMap 5295 (1) BitMap->Full 0 (0) 
[2026-09-19T10:33:28.214+0000][219.772s][debug][gc,remset] GC(127) Coarsening (all): Inline->AoC 890978 (28) AoC->Howl 342898 (76) Howl->Full 139 (0) Inline->AoC 1979416 (40) AoC->BitMap 490714 (86) BitMap->Full 2409 (0) 
[2026-09-19T10:33:31.317+0000][222.875s][debug][gc,remset] GC(129) Visited cards 3899264 Total dirty 6504448 (59.95%) Total old 16269312 (23.97%)
[2026-09-19T10:33:31.433+0000][222.991s][debug][gc,remset] GC(129) Coarsening (recent): Inline->AoC 16356 (0) AoC->Howl 5138 (0) Howl->Full 0 (0) Inline->AoC 30377 (0) AoC->BitMap 5386 (0) BitMap->Full 0 (0) 
[2026-09-19T10:33:31.433+0000][222.991s][debug][gc,remset] GC(129) Coarsening (all): Inline->AoC 907334 (28) AoC->Howl 348036 (76) Howl->Full 139 (0) Inline->AoC 2009793 (40) AoC->BitMap 496100 (86) BitMap->Full 2409 (0) 
[2026-09-19T10:33:34.338+0000][225.896s][debug][gc,remset] GC(130) Visited cards 3916800 Total dirty 6520832 (60.07%) Total old 16203776 (24.17%)
[2026-09-19T10:33:34.455+0000][226.013s][debug][gc,remset] GC(130) Coarsening (recent): Inline->AoC 25097 (1) AoC->Howl 8295 (1) Howl->Full 6 (0) Inline->AoC 50835 (0) AoC->BitMap 16483 (1) BitMap->Full 95 (0) 
[2026-09-19T10:33:34.455+0000][226.013s][debug][gc,remset] GC(130) Coarsening (all): Inline->AoC 932431 (29) AoC->Howl 356331 (77) Howl->Full 145 (0) Inline->AoC 2060628 (40) AoC->BitMap 512583 (87) BitMap->Full 2504 (0) 
[2026-09-19T10:33:36.720+0000][228.277s][debug][gc,remset] GC(131) Visited cards 3967616 Total dirty 6520832 (60.85%) Total old 16433152 (24.14%)
[2026-09-19T10:33:36.844+0000][228.402s][debug][gc,remset] GC(131) Coarsening (recent): Inline->AoC 15187 (0) AoC->Howl 4845 (0) Howl->Full 0 (0) Inline->AoC 28583 (0) AoC->BitMap 4592 (0) BitMap->Full 0 (0) 
[2026-09-19T10:33:36.844+0000][228.402s][debug][gc,remset] GC(131) Coarsening (all): Inline->AoC 947618 (29) AoC->Howl 361176 (77) Howl->Full 145 (0) Inline->AoC 2089211 (40) AoC->BitMap 517175 (87) BitMap->Full 2504 (0) 
[2026-09-19T10:33:39.143+0000][230.701s][debug][gc,remset] GC(132) Visited cards 3920768 Total dirty 6537216 (59.98%) Total old 16334848 (24.00%)
[2026-09-19T10:33:39.266+0000][230.824s][debug][gc,remset] GC(132) Coarsening (recent): Inline->AoC 15852 (1) AoC->Howl 5077 (2) Howl->Full 0 (0) Inline->AoC 30154 (2) AoC->BitMap 4846 (2) BitMap->Full 0 (0) 
[2026-09-19T10:33:39.266+0000][230.824s][debug][gc,remset] GC(132) Coarsening (all): Inline->AoC 963470 (30) AoC->Howl 366253 (79) Howl->Full 145 (0) Inline->AoC 2119365 (42) AoC->BitMap 522021 (89) BitMap->Full 2504 (0) 
[2026-09-19T10:33:42.281+0000][233.839s][debug][gc,remset] GC(134) Visited cards 3937408 Total dirty 6586368 (59.78%) Total old 16318464 (24.13%)
[2026-09-19T10:33:42.399+0000][233.957s][debug][gc,remset] GC(134) Coarsening (recent): Inline->AoC 17016 (0) AoC->Howl 5096 (0) Howl->Full 0 (0) Inline->AoC 30397 (0) AoC->BitMap 4473 (1) BitMap->Full 0 (0) 
[2026-09-19T10:33:42.399+0000][233.957s][debug][gc,remset] GC(134) Coarsening (all): Inline->AoC 980486 (30) AoC->Howl 371349 (79) Howl->Full 145 (0) Inline->AoC 2149762 (42) AoC->BitMap 526494 (90) BitMap->Full 2504 (0) 
[2026-09-19T10:33:45.189+0000][236.747s][debug][gc,remset] GC(135) Visited cards 3941504 Total dirty 6602752 (59.69%) Total old 16334848 (24.13%)
[2026-09-19T10:33:45.308+0000][236.866s][debug][gc,remset] GC(135) Coarsening (recent): Inline->AoC 25427 (0) AoC->Howl 8353 (0) Howl->Full 6 (0) Inline->AoC 51381 (1) AoC->BitMap 16824 (0) BitMap->Full 95 (0) 
[2026-09-19T10:33:45.308+0000][236.866s][debug][gc,remset] GC(135) Coarsening (all): Inline->AoC 1005913 (30) AoC->Howl 379702 (79) Howl->Full 151 (0) Inline->AoC 2201143 (43) AoC->BitMap 543318 (90) BitMap->Full 2599 (0) 
[2026-09-19T10:33:47.716+0000][239.273s][debug][gc,remset] GC(136) Visited cards 4034816 Total dirty 6619136 (60.96%) Total old 16613376 (24.29%)
[2026-09-19T10:33:47.841+0000][239.399s][debug][gc,remset] GC(136) Coarsening (recent): Inline->AoC 16616 (0) AoC->Howl 5053 (0) Howl->Full 0 (0) Inline->AoC 29998 (0) AoC->BitMap 4436 (0) BitMap->Full 0 (0) 
[2026-09-19T10:33:47.841+0000][239.399s][debug][gc,remset] GC(136) Coarsening (all): Inline->AoC 1022529 (30) AoC->Howl 384755 (79) Howl->Full 151 (0) Inline->AoC 2231141 (43) AoC->BitMap 547754 (90) BitMap->Full 2599 (0) 
[2026-09-19T10:33:50.092+0000][241.650s][debug][gc,remset] GC(137) Visited cards 3942272 Total dirty 6619136 (59.56%) Total old 16498688 (23.89%)
[2026-09-19T10:33:50.207+0000][241.765s][debug][gc,remset] GC(137) Coarsening (recent): Inline->AoC 16170 (0) AoC->Howl 4910 (2) Howl->Full 0 (0) Inline->AoC 28821 (1) AoC->BitMap 4315 (0) BitMap->Full 0 (0) 
[2026-09-19T10:33:50.207+0000][241.765s][debug][gc,remset] GC(137) Coarsening (all): Inline->AoC 1038699 (30) AoC->Howl 389665 (81) Howl->Full 151 (0) Inline->AoC 2259962 (44) AoC->BitMap 552069 (90) BitMap->Full 2599 (0) 
[2026-09-19T10:33:53.295+0000][244.853s][debug][gc,remset] GC(139) Visited cards 3968896 Total dirty 6651904 (59.67%) Total old 16498688 (24.06%)
[2026-09-19T10:33:53.412+0000][244.970s][debug][gc,remset] GC(139) Coarsening (recent): Inline->AoC 17046 (0) AoC->Howl 5194 (2) Howl->Full 0 (0) Inline->AoC 30947 (1) AoC->BitMap 4643 (3) BitMap->Full 0 (0) 
[2026-09-19T10:33:53.412+0000][244.970s][debug][gc,remset] GC(139) Coarsening (all): Inline->AoC 1055745 (30) AoC->Howl 394859 (83) Howl->Full 151 (0) Inline->AoC 2290909 (45) AoC->BitMap 556712 (93) BitMap->Full 2599 (0) 
[2026-09-19T10:33:56.392+0000][247.950s][debug][gc,remset] GC(140) Visited cards 3984128 Total dirty 6668288 (59.75%) Total old 16449536 (24.22%)
[2026-09-19T10:33:56.509+0000][248.067s][debug][gc,remset] GC(140) Coarsening (recent): Inline->AoC 27284 (1) AoC->Howl 8584 (0) Howl->Full 6 (0) Inline->AoC 52883 (0) AoC->BitMap 16946 (0) BitMap->Full 95 (0) 
[2026-09-19T10:33:56.509+0000][248.067s][debug][gc,remset] GC(140) Coarsening (all): Inline->AoC 1083029 (31) AoC->Howl 403443 (83) Howl->Full 157 (0) Inline->AoC 2343792 (45) AoC->BitMap 573658 (93) BitMap->Full 2694 (0) 
[2026-09-19T10:33:59.044+0000][250.602s][debug][gc,remset] GC(141) Visited cards 4082432 Total dirty 6701056 (60.92%) Total old 16711680 (24.43%)
[2026-09-19T10:33:59.171+0000][250.729s][debug][gc,remset] GC(141) Coarsening (recent): Inline->AoC 16775 (0) AoC->Howl 4974 (0) Howl->Full 0 (0) Inline->AoC 29286 (0) AoC->BitMap 4642 (0) BitMap->Full 0 (0) 
[2026-09-19T10:33:59.171+0000][250.729s][debug][gc,remset] GC(141) Coarsening (all): Inline->AoC 1099804 (31) AoC->Howl 408417 (83) Howl->Full 157 (0) Inline->AoC 2373078 (45) AoC->BitMap 578300 (93) BitMap->Full 2694 (0) 
[2026-09-19T10:34:01.617+0000][253.175s][debug][gc,remset] GC(142) Visited cards 3978496 Total dirty 6684672 (59.52%) Total old 16596992 (23.97%)
[2026-09-19T10:34:01.736+0000][253.294s][debug][gc,remset] GC(142) Coarsening (recent): Inline->AoC 16841 (0) AoC->Howl 5163 (2) Howl->Full 0 (0) Inline->AoC 30611 (4) AoC->BitMap 4673 (0) BitMap->Full 0 (0) 
[2026-09-19T10:34:01.736+0000][253.294s][debug][gc,remset] GC(142) Coarsening (all): Inline->AoC 1116645 (31) AoC->Howl 413580 (85) Howl->Full 157 (0) Inline->AoC 2403689 (49) AoC->BitMap 582973 (93) BitMap->Full 2694 (0) 
[2026-09-19T10:34:04.827+0000][256.385s][debug][gc,remset] GC(144) Visited cards 3995264 Total dirty 6750208 (59.19%) Total old 16564224 (24.12%)
[2026-09-19T10:34:04.943+0000][256.501s][debug][gc,remset] GC(144) Coarsening (recent): Inline->AoC 16915 (0) AoC->Howl 4997 (0) Howl->Full 0 (0) Inline->AoC 29469 (0) AoC->BitMap 4512 (2) BitMap->Full 0 (0) 
[2026-09-19T10:34:04.943+0000][256.501s][debug][gc,remset] GC(144) Coarsening (all): Inline->AoC 1133560 (31) AoC->Howl 418577 (85) Howl->Full 157 (0) Inline->AoC 2433158 (49) AoC->BitMap 587485 (95) BitMap->Full 2694 (0) 
[2026-09-19T10:34:07.939+0000][259.497s][debug][gc,remset] GC(145) Visited cards 3974400 Total dirty 6782976 (58.59%) Total old 16531456 (24.04%)
[2026-09-19T10:34:08.053+0000][259.611s][debug][gc,remset] GC(145) Coarsening (recent): Inline->AoC 26502 (0) AoC->Howl 8763 (0) Howl->Full 6 (0) Inline->AoC 53582 (0) AoC->BitMap 17141 (0) BitMap->Full 95 (0) 
[2026-09-19T10:34:08.053+0000][259.611s][debug][gc,remset] GC(145) Coarsening (all): Inline->AoC 1160062 (31) AoC->Howl 427340 (85) Howl->Full 163 (0) Inline->AoC 2486740 (49) AoC->BitMap 604626 (95) BitMap->Full 2789 (0) 
[2026-09-19T10:34:10.541+0000][262.098s][debug][gc,remset] GC(146) Visited cards 4152960 Total dirty 6701056 (61.97%) Total old 16826368 (24.68%)
[2026-09-19T10:34:10.670+0000][262.228s][debug][gc,remset] GC(146) Coarsening (recent): Inline->AoC 16151 (2) AoC->Howl 4930 (0) Howl->Full 0 (0) Inline->AoC 29624 (1) AoC->BitMap 4945 (2) BitMap->Full 0 (0) 
[2026-09-19T10:34:10.670+0000][262.228s][debug][gc,remset] GC(146) Coarsening (all): Inline->AoC 1176213 (33) AoC->Howl 432270 (85) Howl->Full 163 (0) Inline->AoC 2516364 (50) AoC->BitMap 609571 (97) BitMap->Full 2789 (0) 
[2026-09-19T10:34:13.082+0000][264.640s][debug][gc,remset] GC(147) Visited cards 4004224 Total dirty 6717440 (59.61%) Total old 16728064 (23.94%)
[2026-09-19T10:34:13.198+0000][264.756s][debug][gc,remset] GC(147) Coarsening (recent): Inline->AoC 16724 (0) AoC->Howl 4954 (3) Howl->Full 0 (0) Inline->AoC 29571 (0) AoC->BitMap 4411 (2) BitMap->Full 0 (0) 
[2026-09-19T10:34:13.198+0000][264.756s][debug][gc,remset] GC(147) Coarsening (all): Inline->AoC 1192937 (33) AoC->Howl 437224 (88) Howl->Full 163 (0) Inline->AoC 2545935 (50) AoC->BitMap 613982 (99) BitMap->Full 2789 (0) 
[2026-09-19T10:34:16.353+0000][267.911s][debug][gc,remset] GC(149) Visited cards 4024064 Total dirty 6766592 (59.47%) Total old 16695296 (24.10%)
[2026-09-19T10:34:16.469+0000][268.027s][debug][gc,remset] GC(149) Coarsening (recent): Inline->AoC 17577 (0) AoC->Howl 5240 (2) Howl->Full 0 (0) Inline->AoC 31499 (0) AoC->BitMap 4623 (0) BitMap->Full 0 (0) 
[2026-09-19T10:34:16.469+0000][268.027s][debug][gc,remset] GC(149) Coarsening (all): Inline->AoC 1210514 (33) AoC->Howl 442464 (90) Howl->Full 163 (0) Inline->AoC 2577434 (50) AoC->BitMap 618605 (99) BitMap->Full 2789 (0) 
[2026-09-19T10:34:19.546+0000][271.104s][debug][gc,remset] GC(150) Visited cards 4020608 Total dirty 6799360 (59.13%) Total old 16613376 (24.20%)
[2026-09-19T10:34:19.662+0000][271.220s][debug][gc,remset] GC(150) Coarsening (recent): Inline->AoC 27746 (0) AoC->Howl 8932 (7) Howl->Full 6 (0) Inline->AoC 55498 (2) AoC->BitMap 16855 (4) BitMap->Full 95 (0) 
[2026-09-19T10:34:19.662+0000][271.220s][debug][gc,remset] GC(150) Coarsening (all): Inline->AoC 1238260 (33) AoC->Howl 451396 (97) Howl->Full 169 (0) Inline->AoC 2632932 (52) AoC->BitMap 635460 (103) BitMap->Full 2884 (0) 
[2026-09-19T10:34:22.054+0000][273.612s][debug][gc,remset] GC(151) Visited cards 4127616 Total dirty 6815744 (60.56%) Total old 16891904 (24.44%)
[2026-09-19T10:34:22.188+0000][273.746s][debug][gc,remset] GC(151) Coarsening (recent): Inline->AoC 17382 (0) AoC->Howl 5262 (3) Howl->Full 0 (0) Inline->AoC 31625 (2) AoC->BitMap 4920 (1) BitMap->Full 0 (0) 
[2026-09-19T10:34:22.188+0000][273.746s][debug][gc,remset] GC(151) Coarsening (all): Inline->AoC 1255642 (33) AoC->Howl 456658 (100) Howl->Full 169 (0) Inline->AoC 2664557 (54) AoC->BitMap 640380 (104) BitMap->Full 2884 (0) 
[2026-09-19T10:34:24.654+0000][276.212s][debug][gc,remset] GC(152) Visited cards 4037248 Total dirty 6799360 (59.38%) Total old 16777216 (24.06%)
[2026-09-19T10:34:24.771+0000][276.329s][debug][gc,remset] GC(152) Coarsening (recent): Inline->AoC 16450 (0) AoC->Howl 4809 (2) Howl->Full 0 (0) Inline->AoC 28737 (0) AoC->BitMap 4703 (1) BitMap->Full 0 (0) 
[2026-09-19T10:34:24.771+0000][276.329s][debug][gc,remset] GC(152) Coarsening (all): Inline->AoC 1272092 (33) AoC->Howl 461467 (102) Howl->Full 169 (0) Inline->AoC 2693294 (54) AoC->BitMap 645083 (105) BitMap->Full 2884 (0) 
[2026-09-19T10:34:27.981+0000][279.539s][debug][gc,remset] GC(154) Visited cards 4061696 Total dirty 6832128 (59.45%) Total old 16744448 (24.26%)
[2026-09-19T10:34:28.098+0000][279.656s][debug][gc,remset] GC(154) Coarsening (recent): Inline->AoC 17620 (0) AoC->Howl 5130 (0) Howl->Full 0 (0) Inline->AoC 30619 (0) AoC->BitMap 4828 (0) BitMap->Full 0 (0) 
[2026-09-19T10:34:28.098+0000][279.656s][debug][gc,remset] GC(154) Coarsening (all): Inline->AoC 1289712 (33) AoC->Howl 466597 (102) Howl->Full 169 (0) Inline->AoC 2723913 (54) AoC->BitMap 649911 (105) BitMap->Full 2884 (0) 
[2026-09-19T10:34:31.153+0000][282.711s][debug][gc,remset] GC(155) Visited cards 4065792 Total dirty 6848512 (59.37%) Total old 16728064 (24.31%)
[2026-09-19T10:34:31.270+0000][282.828s][debug][gc,remset] GC(155) Coarsening (recent): Inline->AoC 28063 (1) AoC->Howl 9050 (1) Howl->Full 6 (0) Inline->AoC 55934 (0) AoC->BitMap 17233 (0) BitMap->Full 96 (0) 
[2026-09-19T10:34:31.270+0000][282.828s][debug][gc,remset] GC(155) Coarsening (all): Inline->AoC 1317775 (34) AoC->Howl 475647 (103) Howl->Full 175 (0) Inline->AoC 2779847 (54) AoC->BitMap 667144 (105) BitMap->Full 2980 (0) 
[2026-09-19T10:34:34.125+0000][285.683s][debug][gc,remset] GC(156) Visited cards 4212352 Total dirty 6766592 (62.25%) Total old 17137664 (24.58%)
[2026-09-19T10:34:34.256+0000][285.814s][debug][gc,remset] GC(156) Coarsening (recent): Inline->AoC 18825 (0) AoC->Howl 5592 (3) Howl->Full 0 (0) Inline->AoC 33543 (1) AoC->BitMap 4685 (0) BitMap->Full 0 (0) 
[2026-09-19T10:34:34.256+0000][285.814s][debug][gc,remset] GC(156) Coarsening (all): Inline->AoC 1336600 (34) AoC->Howl 481239 (106) Howl->Full 175 (0) Inline->AoC 2813390 (55) AoC->BitMap 671829 (105) BitMap->Full 2980 (0) 
[2026-09-19T10:34:36.775+0000][288.333s][debug][gc,remset] GC(157) Visited cards 4096000 Total dirty 6815744 (60.10%) Total old 17022976 (24.06%)
[2026-09-19T10:34:36.892+0000][288.450s][debug][gc,remset] GC(157) Coarsening (recent): Inline->AoC 18049 (1) AoC->Howl 5163 (5) Howl->Full 0 (0) Inline->AoC 30841 (4) AoC->BitMap 4490 (0) BitMap->Full 0 (0) 
[2026-09-19T10:34:36.892+0000][288.450s][debug][gc,remset] GC(157) Coarsening (all): Inline->AoC 1354649 (35) AoC->Howl 486402 (111) Howl->Full 175 (0) Inline->AoC 2844231 (59) AoC->BitMap 676319 (105) BitMap->Full 2980 (0) 
[2026-09-19T10:34:40.351+0000][291.909s][debug][gc,remset] GC(159) Visited cards 4126464 Total dirty 6848512 (60.25%) Total old 16990208 (24.29%)
[2026-09-19T10:34:40.476+0000][292.034s][debug][gc,remset] GC(159) Coarsening (recent): Inline->AoC 20688 (0) AoC->Howl 5905 (1) Howl->Full 0 (0) Inline->AoC 35337 (0) AoC->BitMap 5255 (2) BitMap->Full 0 (0) 
[2026-09-19T10:34:40.476+0000][292.034s][debug][gc,remset] GC(159) Coarsening (all): Inline->AoC 1375337 (35) AoC->Howl 492307 (112) Howl->Full 175 (0) Inline->AoC 2879568 (59) AoC->BitMap 681574 (107) BitMap->Full 2980 (0) 
[2026-09-19T10:34:43.691+0000][295.249s][debug][gc,remset] GC(160) Visited cards 4135424 Total dirty 6930432 (59.67%) Total old 17006592 (24.32%)
[2026-09-19T10:34:43.810+0000][295.368s][debug][gc,remset] GC(160) Coarsening (recent): Inline->AoC 28974 (0) AoC->Howl 9045 (0) Howl->Full 6 (0) Inline->AoC 55659 (0) AoC->BitMap 16853 (0) BitMap->Full 96 (0) 
[2026-09-19T10:34:43.810+0000][295.368s][debug][gc,remset] GC(160) Coarsening (all): Inline->AoC 1404311 (35) AoC->Howl 501352 (112) Howl->Full 181 (0) Inline->AoC 2935227 (59) AoC->BitMap 698427 (107) BitMap->Full 3076 (0) 
[2026-09-19T10:34:46.425+0000][297.983s][debug][gc,remset] GC(161) Visited cards 4280192 Total dirty 6881280 (62.20%) Total old 17137664 (24.98%)
[2026-09-19T10:34:46.558+0000][298.116s][debug][gc,remset] GC(161) Coarsening (recent): Inline->AoC 18585 (0) AoC->Howl 5384 (2) Howl->Full 0 (0) Inline->AoC 32094 (0) AoC->BitMap 4462 (0) BitMap->Full 0 (0) 
[2026-09-19T10:34:46.558+0000][298.116s][debug][gc,remset] GC(161) Coarsening (all): Inline->AoC 1422896 (35) AoC->Howl 506736 (114) Howl->Full 181 (0) Inline->AoC 2967321 (59) AoC->BitMap 702889 (107) BitMap->Full 3076 (0) 
[2026-09-19T10:34:49.219+0000][300.777s][debug][gc,remset] GC(162) Visited cards 4171520 Total dirty 6946816 (60.05%) Total old 16990208 (24.55%)
[2026-09-19T10:34:49.339+0000][300.897s][debug][gc,remset] GC(162) Coarsening (recent): Inline->AoC 19609 (0) AoC->Howl 5400 (1) Howl->Full 0 (0) Inline->AoC 32445 (0) AoC->BitMap 4489 (0) BitMap->Full 0 (0) 
[2026-09-19T10:34:49.339+0000][300.897s][debug][gc,remset] GC(162) Coarsening (all): Inline->AoC 1442505 (35) AoC->Howl 512136 (115) Howl->Full 181 (0) Inline->AoC 2999766 (59) AoC->BitMap 707378 (107) BitMap->Full 3076 (0) 
[2026-09-19T10:34:52.760+0000][304.318s][debug][gc,remset] GC(164) Visited cards 4200704 Total dirty 6963200 (60.33%) Total old 16924672 (24.82%)
[2026-09-19T10:34:52.895+0000][304.452s][debug][gc,remset] GC(164) Coarsening (recent): Inline->AoC 21779 (0) AoC->Howl 6233 (1) Howl->Full 0 (0) Inline->AoC 37420 (1) AoC->BitMap 6020 (0) BitMap->Full 0 (0) 
[2026-09-19T10:34:52.895+0000][304.452s][debug][gc,remset] GC(164) Coarsening (all): Inline->AoC 1464284 (35) AoC->Howl 518369 (116) Howl->Full 181 (0) Inline->AoC 3037186 (60) AoC->BitMap 713398 (107) BitMap->Full 3076 (0) 
[2026-09-19T10:34:56.178+0000][307.736s][debug][gc,remset] GC(165) Visited cards 4192640 Total dirty 6995968 (59.93%) Total old 17137664 (24.46%)
[2026-09-19T10:34:56.296+0000][307.854s][debug][gc,remset] GC(165) Coarsening (recent): Inline->AoC 29398 (0) AoC->Howl 9072 (0) Howl->Full 6 (0) Inline->AoC 55616 (0) AoC->BitMap 16300 (1) BitMap->Full 96 (0) 
[2026-09-19T10:34:56.296+0000][307.854s][debug][gc,remset] GC(165) Coarsening (all): Inline->AoC 1493682 (35) AoC->Howl 527441 (116) Howl->Full 187 (0) Inline->AoC 3092802 (60) AoC->BitMap 729698 (108) BitMap->Full 3172 (0) 
[2026-09-19T10:34:59.095+0000][310.653s][debug][gc,remset] GC(166) Visited cards 4261632 Total dirty 6897664 (61.78%) Total old 17268736 (24.68%)
[2026-09-19T10:34:59.225+0000][310.783s][debug][gc,remset] GC(166) Coarsening (recent): Inline->AoC 18218 (0) AoC->Howl 5131 (0) Howl->Full 0 (0) Inline->AoC 30781 (0) AoC->BitMap 4553 (1) BitMap->Full 0 (0) 
[2026-09-19T10:34:59.225+0000][310.783s][debug][gc,remset] GC(166) Coarsening (all): Inline->AoC 1511900 (35) AoC->Howl 532572 (116) Howl->Full 187 (0) Inline->AoC 3123583 (60) AoC->BitMap 734251 (109) BitMap->Full 3172 (0) 
[2026-09-19T10:35:01.807+0000][313.365s][debug][gc,remset] GC(167) Visited cards 4224256 Total dirty 7012352 (60.24%) Total old 17121280 (24.67%)
[2026-09-19T10:35:01.924+0000][313.482s][debug][gc,remset] GC(167) Coarsening (recent): Inline->AoC 19702 (0) AoC->Howl 5414 (1) Howl->Full 0 (0) Inline->AoC 32484 (0) AoC->BitMap 4286 (3) BitMap->Full 0 (0) 
[2026-09-19T10:35:01.924+0000][313.482s][debug][gc,remset] GC(167) Coarsening (all): Inline->AoC 1531602 (35) AoC->Howl 537986 (117) Howl->Full 187 (0) Inline->AoC 3156067 (60) AoC->BitMap 738537 (112) BitMap->Full 3172 (0) 
[2026-09-19T10:35:05.585+0000][317.143s][debug][gc,remset] GC(169) Visited cards 4232064 Total dirty 7045120 (60.07%) Total old 17088512 (24.77%)
[2026-09-19T10:35:05.710+0000][317.268s][debug][gc,remset] GC(169) Coarsening (recent): Inline->AoC 24591 (3) AoC->Howl 7169 (6) Howl->Full 6 (0) Inline->AoC 44426 (3) AoC->BitMap 8664 (3) BitMap->Full 73 (0) 
[2026-09-19T10:35:05.710+0000][317.268s][debug][gc,remset] GC(169) Coarsening (all): Inline->AoC 1556193 (38) AoC->Howl 545155 (123) Howl->Full 193 (0) Inline->AoC 3200493 (63) AoC->BitMap 747201 (115) BitMap->Full 3245 (0) 
[2026-09-19T10:35:08.880+0000][320.438s][debug][gc,remset] GC(170) Visited cards 4190720 Total dirty 7061504 (59.35%) Total old 17285120 (24.24%)
[2026-09-19T10:35:08.996+0000][320.554s][debug][gc,remset] GC(170) Coarsening (recent): Inline->AoC 29031 (0) AoC->Howl 8505 (1) Howl->Full 0 (0) Inline->AoC 51271 (3) AoC->BitMap 13257 (4) BitMap->Full 23 (0) 
[2026-09-19T10:35:08.996+0000][320.554s][debug][gc,remset] GC(170) Coarsening (all): Inline->AoC 1585224 (38) AoC->Howl 553660 (124) Howl->Full 193 (0) Inline->AoC 3251764 (66) AoC->BitMap 760458 (119) BitMap->Full 3268 (0) 
[2026-09-19T10:35:11.632+0000][323.190s][debug][gc,remset] GC(171) Visited cards 4326016 Total dirty 6946816 (62.27%) Total old 17465344 (24.77%)
[2026-09-19T10:35:11.763+0000][323.321s][debug][gc,remset] GC(171) Coarsening (recent): Inline->AoC 20075 (0) AoC->Howl 5392 (0) Howl->Full 0 (0) Inline->AoC 32461 (1) AoC->BitMap 4668 (0) BitMap->Full 0 (0) 
[2026-09-19T10:35:11.763+0000][323.321s][debug][gc,remset] GC(171) Coarsening (all): Inline->AoC 1605299 (38) AoC->Howl 559052 (124) Howl->Full 193 (0) Inline->AoC 3284225 (67) AoC->BitMap 765126 (119) BitMap->Full 3268 (0) 
[2026-09-19T10:35:14.636+0000][326.194s][debug][gc,remset] GC(172) Visited cards 4219904 Total dirty 7028736 (60.04%) Total old 17317888 (24.37%)
[2026-09-19T10:35:14.754+0000][326.312s][debug][gc,remset] GC(172) Coarsening (recent): Inline->AoC 19899 (0) AoC->Howl 5371 (0) Howl->Full 0 (0) Inline->AoC 32192 (0) AoC->BitMap 4856 (0) BitMap->Full 0 (0) 
[2026-09-19T10:35:14.754+0000][326.312s][debug][gc,remset] GC(172) Coarsening (all): Inline->AoC 1625198 (38) AoC->Howl 564423 (124) Howl->Full 193 (0) Inline->AoC 3316417 (67) AoC->BitMap 769982 (119) BitMap->Full 3268 (0) 
[2026-09-19T10:35:18.328+0000][329.886s][debug][gc,remset] GC(174) Visited cards 4233600 Total dirty 7045120 (60.09%) Total old 17334272 (24.42%)
[2026-09-19T10:35:18.453+0000][330.011s][debug][gc,remset] GC(174) Coarsening (recent): Inline->AoC 21944 (0) AoC->Howl 5866 (0) Howl->Full 0 (0) Inline->AoC 35811 (0) AoC->BitMap 5493 (0) BitMap->Full 0 (0) 
[2026-09-19T10:35:18.453+0000][330.011s][debug][gc,remset] GC(174) Coarsening (all): Inline->AoC 1647142 (38) AoC->Howl 570289 (124) Howl->Full 193 (0) Inline->AoC 3352228 (67) AoC->BitMap 775475 (119) BitMap->Full 3268 (0) 
[2026-09-19T10:35:21.707+0000][333.265s][debug][gc,remset] GC(175) Visited cards 4254208 Total dirty 7045120 (60.39%) Total old 17367040 (24.50%)
[2026-09-19T10:35:21.829+0000][333.387s][debug][gc,remset] GC(175) Coarsening (recent): Inline->AoC 33006 (1) AoC->Howl 9616 (1) Howl->Full 6 (0) Inline->AoC 58723 (1) AoC->BitMap 15828 (0) BitMap->Full 97 (0) 
[2026-09-19T10:35:21.829+0000][333.387s][debug][gc,remset] GC(175) Coarsening (all): Inline->AoC 1680148 (39) AoC->Howl 579905 (125) Howl->Full 199 (0) Inline->AoC 3410951 (68) AoC->BitMap 791303 (119) BitMap->Full 3365 (0) 
[2026-09-19T10:35:24.540+0000][336.098s][debug][gc,remset] GC(176) Visited cards 4316416 Total dirty 6946816 (62.14%) Total old 17514496 (24.64%)
[2026-09-19T10:35:24.677+0000][336.235s][debug][gc,remset] GC(176) Coarsening (recent): Inline->AoC 18944 (0) AoC->Howl 5191 (3) Howl->Full 0 (0) Inline->AoC 31246 (3) AoC->BitMap 4939 (1) BitMap->Full 0 (0) 
[2026-09-19T10:35:24.677+0000][336.235s][debug][gc,remset] GC(176) Coarsening (all): Inline->AoC 1699092 (39) AoC->Howl 585096 (128) Howl->Full 199 (0) Inline->AoC 3442197 (71) AoC->BitMap 796242 (120) BitMap->Full 3365 (0) 
[2026-09-19T10:35:27.777+0000][339.335s][debug][gc,remset] GC(177) Visited cards 4240128 Total dirty 7012352 (60.47%) Total old 17334272 (24.46%)
[2026-09-19T10:35:27.898+0000][339.456s][debug][gc,remset] GC(177) Coarsening (recent): Inline->AoC 20535 (0) AoC->Howl 5477 (3) Howl->Full 0 (0) Inline->AoC 32975 (0) AoC->BitMap 4479 (0) BitMap->Full 0 (0) 
[2026-09-19T10:35:27.898+0000][339.456s][debug][gc,remset] GC(177) Coarsening (all): Inline->AoC 1719627 (39) AoC->Howl 590573 (131) Howl->Full 199 (0) Inline->AoC 3475172 (71) AoC->BitMap 800721 (120) BitMap->Full 3365 (0) 
[2026-09-19T10:35:31.641+0000][343.199s][debug][gc,remset] GC(179) Visited cards 4238080 Total dirty 7028736 (60.30%) Total old 17268736 (24.54%)
[2026-09-19T10:35:31.777+0000][343.335s][debug][gc,remset] GC(179) Coarsening (recent): Inline->AoC 26356 (1) AoC->Howl 7284 (0) Howl->Full 6 (0) Inline->AoC 45259 (0) AoC->BitMap 8288 (0) BitMap->Full 73 (0) 
[2026-09-19T10:35:31.777+0000][343.335s][debug][gc,remset] GC(179) Coarsening (all): Inline->AoC 1745983 (40) AoC->Howl 597857 (131) Howl->Full 205 (0) Inline->AoC 3520431 (71) AoC->BitMap 809009 (120) BitMap->Full 3438 (0) 
[2026-09-19T10:35:35.130+0000][346.688s][debug][gc,remset] GC(180) Visited cards 4228992 Total dirty 7094272 (59.61%) Total old 17563648 (24.08%)
[2026-09-19T10:35:35.251+0000][346.809s][debug][gc,remset] GC(180) Coarsening (recent): Inline->AoC 31133 (2) AoC->Howl 9108 (1) Howl->Full 0 (0) Inline->AoC 54630 (1) AoC->BitMap 13987 (0) BitMap->Full 24 (0) 
[2026-09-19T10:35:35.251+0000][346.809s][debug][gc,remset] GC(180) Coarsening (all): Inline->AoC 1777116 (42) AoC->Howl 606965 (132) Howl->Full 205 (0) Inline->AoC 3575061 (72) AoC->BitMap 822996 (120) BitMap->Full 3462 (0) 
[2026-09-19T10:35:38.135+0000][349.693s][debug][gc,remset] GC(181) Visited cards 4401024 Total dirty 7077888 (62.18%) Total old 17760256 (24.78%)
[2026-09-19T10:35:38.275+0000][349.833s][debug][gc,remset] GC(181) Coarsening (recent): Inline->AoC 19834 (0) AoC->Howl 5125 (0) Howl->Full 0 (0) Inline->AoC 30814 (0) AoC->BitMap 4159 (0) BitMap->Full 0 (0) 
[2026-09-19T10:35:38.275+0000][349.833s][debug][gc,remset] GC(181) Coarsening (all): Inline->AoC 1796950 (42) AoC->Howl 612090 (132) Howl->Full 205 (0) Inline->AoC 3605875 (72) AoC->BitMap 827155 (120) BitMap->Full 3462 (0) 
[2026-09-19T10:35:41.012+0000][352.570s][debug][gc,remset] GC(182) Visited cards 4216064 Total dirty 7061504 (59.70%) Total old 17580032 (23.98%)
[2026-09-19T10:35:41.134+0000][352.692s][debug][gc,remset] GC(182) Coarsening (recent): Inline->AoC 18830 (0) AoC->Howl 4993 (1) Howl->Full 0 (0) Inline->AoC 30352 (2) AoC->BitMap 3754 (1) BitMap->Full 0 (0) 
[2026-09-19T10:35:41.134+0000][352.692s][debug][gc,remset] GC(182) Coarsening (all): Inline->AoC 1815780 (42) AoC->Howl 617083 (133) Howl->Full 205 (0) Inline->AoC 3636227 (74) AoC->BitMap 830909 (121) BitMap->Full 3462 (0) 
[2026-09-19T10:35:45.119+0000][356.677s][debug][gc,remset] GC(184) Visited cards 4241536 Total dirty 7094272 (59.79%) Total old 17514496 (24.22%)
[2026-09-19T10:35:45.250+0000][356.808s][debug][gc,remset] GC(184) Coarsening (recent): Inline->AoC 29567 (1) AoC->Howl 8168 (1) Howl->Full 6 (0) Inline->AoC 51089 (3) AoC->BitMap 10677 (1) BitMap->Full 73 (0) 
[2026-09-19T10:35:45.250+0000][356.808s][debug][gc,remset] GC(184) Coarsening (all): Inline->AoC 1845347 (43) AoC->Howl 625251 (134) Howl->Full 211 (0) Inline->AoC 3687316 (77) AoC->BitMap 841586 (122) BitMap->Full 3535 (0) 
[2026-09-19T10:35:48.639+0000][360.197s][debug][gc,remset] GC(185) Visited cards 4227840 Total dirty 7127040 (59.32%) Total old 17612800 (24.00%)
[2026-09-19T10:35:48.760+0000][360.318s][debug][gc,remset] GC(185) Coarsening (recent): Inline->AoC 31806 (0) AoC->Howl 8723 (1) Howl->Full 0 (0) Inline->AoC 51603 (1) AoC->BitMap 11241 (0) BitMap->Full 24 (0) 
[2026-09-19T10:35:48.760+0000][360.318s][debug][gc,remset] GC(185) Coarsening (all): Inline->AoC 1877153 (43) AoC->Howl 633974 (135) Howl->Full 211 (0) Inline->AoC 3738919 (78) AoC->BitMap 852827 (122) BitMap->Full 3559 (0) 
[2026-09-19T10:35:51.631+0000][363.189s][debug][gc,remset] GC(186) Visited cards 4404608 Total dirty 6979584 (63.11%) Total old 17858560 (24.66%)
[2026-09-19T10:35:51.771+0000][363.329s][debug][gc,remset] GC(186) Coarsening (recent): Inline->AoC 21767 (0) AoC->Howl 6040 (2) Howl->Full 0 (0) Inline->AoC 36778 (0) AoC->BitMap 4533 (2) BitMap->Full 0 (0) 
[2026-09-19T10:35:51.771+0000][363.329s][debug][gc,remset] GC(186) Coarsening (all): Inline->AoC 1898920 (43) AoC->Howl 640014 (137) Howl->Full 211 (0) Inline->AoC 3775697 (78) AoC->BitMap 857360 (124) BitMap->Full 3559 (0) 
[2026-09-19T10:35:54.992+0000][366.550s][debug][gc,remset] GC(187) Visited cards 4204032 Total dirty 7110656 (59.12%) Total old 17629184 (23.85%)
[2026-09-19T10:35:55.111+0000][366.669s][debug][gc,remset] GC(187) Coarsening (recent): Inline->AoC 21048 (0) AoC->Howl 5661 (0) Howl->Full 0 (0) Inline->AoC 33877 (0) AoC->BitMap 4109 (1) BitMap->Full 0 (0) 
[2026-09-19T10:35:55.111+0000][366.669s][debug][gc,remset] GC(187) Coarsening (all): Inline->AoC 1919968 (43) AoC->Howl 645675 (137) Howl->Full 211 (0) Inline->AoC 3809574 (78) AoC->BitMap 861469 (125) BitMap->Full 3559 (0) 
[2026-09-19T10:35:59.126+0000][370.684s][debug][gc,remset] GC(189) Visited cards 4236032 Total dirty 7127040 (59.44%) Total old 17629184 (24.03%)
[2026-09-19T10:35:59.254+0000][370.812s][debug][gc,remset] GC(189) Coarsening (recent): Inline->AoC 33028 (1) AoC->Howl 9393 (2) Howl->Full 6 (0) Inline->AoC 58723 (1) AoC->BitMap 12733 (1) BitMap->Full 92 (0) 
[2026-09-19T10:35:59.254+0000][370.812s][debug][gc,remset] GC(189) Coarsening (all): Inline->AoC 1952996 (44) AoC->Howl 655068 (139) Howl->Full 217 (0) Inline->AoC 3868297 (79) AoC->BitMap 874202 (126) BitMap->Full 3651 (0) 
[2026-09-19T10:36:02.563+0000][374.121s][debug][gc,remset] GC(190) Visited cards 4226944 Total dirty 7159808 (59.04%) Total old 17629184 (23.98%)
[2026-09-19T10:36:02.683+0000][374.241s][debug][gc,remset] GC(190) Coarsening (recent): Inline->AoC 31474 (0) AoC->Howl 8474 (1) Howl->Full 0 (0) Inline->AoC 49380 (1) AoC->BitMap 10228 (5) BitMap->Full 5 (0) 
[2026-09-19T10:36:02.683+0000][374.241s][debug][gc,remset] GC(190) Coarsening (all): Inline->AoC 1984470 (44) AoC->Howl 663542 (140) Howl->Full 217 (0) Inline->AoC 3917677 (80) AoC->BitMap 884430 (131) BitMap->Full 3656 (0) 
[2026-09-19T10:36:05.873+0000][377.431s][debug][gc,remset] GC(191) Visited cards 4512256 Total dirty 6995968 (64.50%) Total old 17907712 (25.20%)
[2026-09-19T10:36:06.015+0000][377.573s][debug][gc,remset] GC(191) Coarsening (recent): Inline->AoC 22405 (0) AoC->Howl 6072 (2) Howl->Full 0 (0) Inline->AoC 37273 (0) AoC->BitMap 4012 (0) BitMap->Full 0 (0) 
[2026-09-19T10:36:06.015+0000][377.573s][debug][gc,remset] GC(191) Coarsening (all): Inline->AoC 2006875 (44) AoC->Howl 669614 (142) Howl->Full 217 (0) Inline->AoC 3954950 (80) AoC->BitMap 888442 (131) BitMap->Full 3656 (0) 
[2026-09-19T10:36:09.237+0000][380.795s][debug][gc,remset] GC(192) Visited cards 4228352 Total dirty 7077888 (59.74%) Total old 17711104 (23.87%)
[2026-09-19T10:36:09.357+0000][380.915s][debug][gc,remset] GC(192) Coarsening (recent): Inline->AoC 22996 (0) AoC->Howl 6383 (5) Howl->Full 0 (0) Inline->AoC 38873 (2) AoC->BitMap 4381 (0) BitMap->Full 0 (0) 
[2026-09-19T10:36:09.357+0000][380.915s][debug][gc,remset] GC(192) Coarsening (all): Inline->AoC 2029871 (44) AoC->Howl 675997 (147) Howl->Full 217 (0) Inline->AoC 3993823 (82) AoC->BitMap 892823 (131) BitMap->Full 3656 (0) 
[2026-09-19T10:36:13.794+0000][385.352s][debug][gc,remset] GC(194) Visited cards 4251648 Total dirty 7110656 (59.79%) Total old 17678336 (24.05%)
[2026-09-19T10:36:13.919+0000][385.477s][debug][gc,remset] GC(194) Coarsening (recent): Inline->AoC 36190 (0) AoC->Howl 10687 (0) Howl->Full 6 (0) Inline->AoC 65768 (0) AoC->BitMap 15624 (0) BitMap->Full 94 (0) 
[2026-09-19T10:36:13.919+0000][385.477s][debug][gc,remset] GC(194) Coarsening (all): Inline->AoC 2066061 (44) AoC->Howl 686684 (147) Howl->Full 223 (0) Inline->AoC 4059591 (82) AoC->BitMap 908447 (131) BitMap->Full 3750 (0) 
[2026-09-19T10:36:17.220+0000][388.778s][debug][gc,remset] GC(195) Visited cards 4233984 Total dirty 7143424 (59.27%) Total old 17645568 (23.99%)
[2026-09-19T10:36:17.340+0000][388.897s][debug][gc,remset] GC(195) Coarsening (recent): Inline->AoC 30343 (2) AoC->Howl 7453 (0) Howl->Full 0 (0) Inline->AoC 43193 (0) AoC->BitMap 6755 (0) BitMap->Full 2 (0) 
[2026-09-19T10:36:17.340+0000][388.897s][debug][gc,remset] GC(195) Coarsening (all): Inline->AoC 2096404 (46) AoC->Howl 694137 (147) Howl->Full 223 (0) Inline->AoC 4102784 (82) AoC->BitMap 915202 (131) BitMap->Full 3752 (0) 
[2026-09-19T10:36:20.704+0000][392.262s][debug][gc,remset] GC(196) Visited cards 4510208 Total dirty 7061504 (63.87%) Total old 17907712 (25.19%)
[2026-09-19T10:36:20.848+0000][392.406s][debug][gc,remset] GC(196) Coarsening (recent): Inline->AoC 21298 (0) AoC->Howl 5744 (1) Howl->Full 0 (0) Inline->AoC 34553 (1) AoC->BitMap 4338 (0) BitMap->Full 0 (0) 
[2026-09-19T10:36:20.848+0000][392.406s][debug][gc,remset] GC(196) Coarsening (all): Inline->AoC 2117702 (46) AoC->Howl 699881 (148) Howl->Full 223 (0) Inline->AoC 4137337 (83) AoC->BitMap 919540 (131) BitMap->Full 3752 (0) 
[2026-09-19T10:36:24.099+0000][395.657s][debug][gc,remset] GC(197) Visited cards 4282496 Total dirty 7143424 (59.95%) Total old 17694720 (24.20%)
[2026-09-19T10:36:24.219+0000][395.777s][debug][gc,remset] GC(197) Coarsening (recent): Inline->AoC 22100 (0) AoC->Howl 5872 (0) Howl->Full 0 (0) Inline->AoC 35727 (0) AoC->BitMap 3980 (0) BitMap->Full 0 (0) 
[2026-09-19T10:36:24.219+0000][395.777s][debug][gc,remset] GC(197) Coarsening (all): Inline->AoC 2139802 (46) AoC->Howl 705753 (148) Howl->Full 223 (0) Inline->AoC 4173064 (83) AoC->BitMap 923520 (131) BitMap->Full 3752 (0) 
[2026-09-19T10:36:28.500+0000][400.058s][debug][gc,remset] GC(199) Visited cards 4288256 Total dirty 7176192 (59.76%) Total old 17661952 (24.28%)
[2026-09-19T10:36:28.627+0000][400.185s][debug][gc,remset] GC(199) Coarsening (recent): Inline->AoC 35037 (0) AoC->Howl 10178 (0) Howl->Full 6 (0) Inline->AoC 62939 (1) AoC->BitMap 14547 (1) BitMap->Full 93 (0) 
[2026-09-19T10:36:28.627+0000][400.185s][debug][gc,remset] GC(199) Coarsening (all): Inline->AoC 2174839 (46) AoC->Howl 715931 (148) Howl->Full 229 (0) Inline->AoC 4236003 (84) AoC->BitMap 938067 (132) BitMap->Full 3845 (0) 
[2026-09-19T10:36:32.147+0000][403.705s][debug][gc,remset] GC(200) Visited cards 4307968 Total dirty 7176192 (60.03%) Total old 17661952 (24.39%)
[2026-09-19T10:36:32.269+0000][403.827s][debug][gc,remset] GC(200) Coarsening (recent): Inline->AoC 31457 (0) AoC->Howl 7557 (1) Howl->Full 0 (0) Inline->AoC 43426 (0) AoC->BitMap 7435 (0) BitMap->Full 4 (0) 
[2026-09-19T10:36:32.269+0000][403.827s][debug][gc,remset] GC(200) Coarsening (all): Inline->AoC 2206296 (46) AoC->Howl 723488 (149) Howl->Full 229 (0) Inline->AoC 4279429 (84) AoC->BitMap 945502 (132) BitMap->Full 3849 (0) 
[2026-09-19T10:36:36.493+0000][408.051s][debug][gc,remset] GC(201) Visited cards 4518400 Total dirty 7028736 (64.28%) Total old 18071552 (25.00%)
[2026-09-19T10:36:36.644+0000][408.202s][debug][gc,remset] GC(201) Coarsening (recent): Inline->AoC 20932 (1) AoC->Howl 5361 (0) Howl->Full 0 (0) Inline->AoC 32383 (0) AoC->BitMap 3895 (0) BitMap->Full 0 (0) 
[2026-09-19T10:36:36.644+0000][408.202s][debug][gc,remset] GC(201) Coarsening (all): Inline->AoC 2227228 (47) AoC->Howl 728849 (149) Howl->Full 229 (0) Inline->AoC 4311812 (84) AoC->BitMap 949397 (132) BitMap->Full 3849 (0) 
[2026-09-19T10:36:39.865+0000][411.423s][debug][gc,remset] GC(202) Visited cards 4368896 Total dirty 7241728 (60.33%) Total old 17694720 (24.69%)
[2026-09-19T10:36:39.988+0000][411.546s][debug][gc,remset] GC(202) Coarsening (recent): Inline->AoC 21819 (1) AoC->Howl 5901 (0) Howl->Full 0 (0) Inline->AoC 35965 (0) AoC->BitMap 4069 (0) BitMap->Full 0 (0) 
[2026-09-19T10:36:39.988+0000][411.546s][debug][gc,remset] GC(202) Coarsening (all): Inline->AoC 2249047 (48) AoC->Howl 734750 (149) Howl->Full 229 (0) Inline->AoC 4347777 (84) AoC->BitMap 953466 (132) BitMap->Full 3849 (0) 
[2026-09-19T10:36:44.437+0000][415.995s][debug][gc,remset] GC(204) Visited cards 4365824 Total dirty 7323648 (59.61%) Total old 17465344 (25.00%)
[2026-09-19T10:36:44.562+0000][416.120s][debug][gc,remset] GC(204) Coarsening (recent): Inline->AoC 35145 (0) AoC->Howl 10016 (1) Howl->Full 6 (0) Inline->AoC 62028 (0) AoC->BitMap 14929 (0) BitMap->Full 94 (0) 
[2026-09-19T10:36:44.562+0000][416.120s][debug][gc,remset] GC(204) Coarsening (all): Inline->AoC 2284192 (48) AoC->Howl 744766 (150) Howl->Full 235 (0) Inline->AoC 4409805 (84) AoC->BitMap 968395 (132) BitMap->Full 3943 (0) 
[2026-09-19T10:36:48.174+0000][419.732s][debug][gc,remset] GC(205) Visited cards 4377216 Total dirty 7323648 (59.77%) Total old 17760256 (24.65%)
[2026-09-19T10:36:48.297+0000][419.855s][debug][gc,remset] GC(205) Coarsening (recent): Inline->AoC 32047 (0) AoC->Howl 7627 (0) Howl->Full 0 (0) Inline->AoC 44190 (0) AoC->BitMap 7234 (0) BitMap->Full 3 (0) 
[2026-09-19T10:36:48.297+0000][419.855s][debug][gc,remset] GC(205) Coarsening (all): Inline->AoC 2316239 (48) AoC->Howl 752393 (150) Howl->Full 235 (0) Inline->AoC 4453995 (84) AoC->BitMap 975629 (132) BitMap->Full 3946 (0) 
[2026-09-19T10:36:51.679+0000][423.237s][debug][gc,remset] GC(206) Visited cards 4552064 Total dirty 7127040 (63.87%) Total old 18055168 (25.21%)
[2026-09-19T10:36:51.828+0000][423.386s][debug][gc,remset] GC(206) Coarsening (recent): Inline->AoC 24538 (0) AoC->Howl 6265 (1) Howl->Full 0 (0) Inline->AoC 38515 (0) AoC->BitMap 3802 (0) BitMap->Full 0 (0) 
[2026-09-19T10:36:51.828+0000][423.386s][debug][gc,remset] GC(206) Coarsening (all): Inline->AoC 2340777 (48) AoC->Howl 758658 (151) Howl->Full 235 (0) Inline->AoC 4492510 (84) AoC->BitMap 979431 (132) BitMap->Full 3946 (0) 
[2026-09-19T10:36:55.351+0000][426.909s][debug][gc,remset] GC(207) Visited cards 4366080 Total dirty 7241728 (60.29%) Total old 17825792 (24.49%)
[2026-09-19T10:36:55.471+0000][427.029s][debug][gc,remset] GC(207) Coarsening (recent): Inline->AoC 22808 (1) AoC->Howl 6162 (0) Howl->Full 0 (0) Inline->AoC 37748 (1) AoC->BitMap 4210 (0) BitMap->Full 0 (0) 
[2026-09-19T10:36:55.471+0000][427.029s][debug][gc,remset] GC(207) Coarsening (all): Inline->AoC 2363585 (49) AoC->Howl 764820 (151) Howl->Full 235 (0) Inline->AoC 4530258 (85) AoC->BitMap 983641 (132) BitMap->Full 3946 (0) 
[2026-09-19T10:37:00.059+0000][431.617s][debug][gc,remset] GC(209) Visited cards 4368768 Total dirty 7274496 (60.06%) Total old 17793024 (24.55%)
[2026-09-19T10:37:00.185+0000][431.743s][debug][gc,remset] GC(209) Coarsening (recent): Inline->AoC 36589 (1) AoC->Howl 10275 (2) Howl->Full 6 (0) Inline->AoC 62924 (3) AoC->BitMap 15126 (1) BitMap->Full 95 (0) 
[2026-09-19T10:37:00.185+0000][431.743s][debug][gc,remset] GC(209) Coarsening (all): Inline->AoC 2400174 (50) AoC->Howl 775095 (153) Howl->Full 241 (0) Inline->AoC 4593182 (88) AoC->BitMap 998767 (133) BitMap->Full 4041 (0) 
[2026-09-19T10:37:03.842+0000][435.400s][debug][gc,remset] GC(210) Visited cards 4385664 Total dirty 7274496 (60.29%) Total old 17793024 (24.65%)
[2026-09-19T10:37:03.965+0000][435.523s][debug][gc,remset] GC(210) Coarsening (recent): Inline->AoC 32814 (0) AoC->Howl 7762 (0) Howl->Full 0 (0) Inline->AoC 45435 (0) AoC->BitMap 7354 (0) BitMap->Full 2 (0) 
[2026-09-19T10:37:03.965+0000][435.523s][debug][gc,remset] GC(210) Coarsening (all): Inline->AoC 2432988 (50) AoC->Howl 782857 (153) Howl->Full 241 (0) Inline->AoC 4638617 (88) AoC->BitMap 1006121 (133) BitMap->Full 4043 (0) 
[2026-09-19T10:37:07.428+0000][438.986s][debug][gc,remset] GC(211) Visited cards 4611712 Total dirty 7045120 (65.46%) Total old 18055168 (25.54%)
[2026-09-19T10:37:07.575+0000][439.133s][debug][gc,remset] GC(211) Coarsening (recent): Inline->AoC 24278 (2) AoC->Howl 6138 (2) Howl->Full 0 (0) Inline->AoC 37612 (1) AoC->BitMap 3971 (0) BitMap->Full 0 (0) 
[2026-09-19T10:37:07.575+0000][439.133s][debug][gc,remset] GC(211) Coarsening (all): Inline->AoC 2457266 (52) AoC->Howl 788995 (155) Howl->Full 241 (0) Inline->AoC 4676229 (89) AoC->BitMap 1010092 (133) BitMap->Full 4043 (0) 
[2026-09-19T10:37:12.133+0000][443.691s][debug][gc,remset] GC(212) Visited cards 4605440 Total dirty 7258112 (63.45%) Total old 17842176 (25.81%)
[2026-09-19T10:37:12.256+0000][443.814s][debug][gc,remset] GC(212) Coarsening (recent): Inline->AoC 4664 (0) AoC->Howl 1177 (0) Howl->Full 0 (0) Inline->AoC 7364 (0) AoC->BitMap 2594 (0) BitMap->Full 0 (0) 
[2026-09-19T10:37:12.256+0000][443.814s][debug][gc,remset] GC(212) Coarsening (all): Inline->AoC 2461930 (52) AoC->Howl 790172 (155) Howl->Full 241 (0) Inline->AoC 4683593 (89) AoC->BitMap 1012686 (133) BitMap->Full 4043 (0) 
[2026-09-19T10:37:15.962+0000][447.520s][debug][gc,remset] GC(214) Visited cards 4793472 Total dirty 7323648 (65.45%) Total old 17809408 (26.92%)
[2026-09-19T10:37:16.087+0000][447.645s][debug][gc,remset] GC(214) Coarsening (recent): Inline->AoC 13176 (0) AoC->Howl 3472 (0) Howl->Full 6 (0) Inline->AoC 21514 (0) AoC->BitMap 10706 (0) BitMap->Full 92 (0) 
[2026-09-19T10:37:16.087+0000][447.645s][debug][gc,remset] GC(214) Coarsening (all): Inline->AoC 2475106 (52) AoC->Howl 793644 (155) Howl->Full 247 (0) Inline->AoC 4705107 (89) AoC->BitMap 1023392 (133) BitMap->Full 4135 (0) 
[2026-09-19T10:37:19.472+0000][451.030s][debug][gc,remset] GC(215) Visited cards 4974336 Total dirty 7323648 (67.92%) Total old 17776640 (27.98%)
[2026-09-19T10:37:19.597+0000][451.155s][debug][gc,remset] GC(215) Coarsening (recent): Inline->AoC 14198 (0) AoC->Howl 3182 (0) Howl->Full 0 (0) Inline->AoC 17916 (1) AoC->BitMap 8711 (2) BitMap->Full 7 (0) 
[2026-09-19T10:37:19.597+0000][451.155s][debug][gc,remset] GC(215) Coarsening (all): Inline->AoC 2489304 (52) AoC->Howl 796826 (155) Howl->Full 247 (0) Inline->AoC 4723023 (90) AoC->BitMap 1032103 (135) BitMap->Full 4142 (0) 
[2026-09-19T10:37:22.949+0000][454.507s][debug][gc,remset] GC(216) Visited cards 5263360 Total dirty 7028736 (74.88%) Total old 18071552 (29.13%)
[2026-09-19T10:37:23.106+0000][454.664s][debug][gc,remset] GC(216) Coarsening (recent): Inline->AoC 1602 (0) AoC->Howl 573 (0) Howl->Full 0 (0) Inline->AoC 4059 (0) AoC->BitMap 2663 (1) BitMap->Full 0 (0) 
[2026-09-19T10:37:23.106+0000][454.664s][debug][gc,remset] GC(216) Coarsening (all): Inline->AoC 2490906 (52) AoC->Howl 797399 (155) Howl->Full 247 (0) Inline->AoC 4727082 (90) AoC->BitMap 1034766 (136) BitMap->Full 4142 (0) 
[2026-09-19T10:37:26.508+0000][458.066s][debug][gc,remset] GC(217) Visited cards 5373312 Total dirty 7241728 (74.20%) Total old 17858560 (30.09%)
[2026-09-19T10:37:26.644+0000][458.202s][debug][gc,remset] GC(217) Coarsening (recent): Inline->AoC 1631 (0) AoC->Howl 557 (0) Howl->Full 0 (0) Inline->AoC 3803 (0) AoC->BitMap 2548 (0) BitMap->Full 0 (0) 
[2026-09-19T10:37:26.644+0000][458.202s][debug][gc,remset] GC(217) Coarsening (all): Inline->AoC 2492537 (52) AoC->Howl 797956 (155) Howl->Full 247 (0) Inline->AoC 4730885 (90) AoC->BitMap 1037314 (136) BitMap->Full 4142 (0) 
