[0.003s][info][gc] Using G1
[0.371s][info][gc] GC(0) Pause Young (Concurrent Start) (G1 Humongous Allocation) 241M->3M(513M) 4.783ms
[0.371s][info][gc] GC(1) Concurrent Undo Cycle
[0.371s][info][gc] GC(1) Concurrent Undo Cycle 0.362ms
[0.465s][info][gc] GC(2) Pause Young (Normal) (G1 Evacuation Pause) 215M->2M(513M) 3.366ms
[1.787s][info][gc] GC(3) Pause Young (Concurrent Start) (Metadata GC Threshold) 313M->15M(513M) 10.893ms
[1.787s][info][gc] GC(4) Concurrent Mark Cycle
[1.799s][info][gc] GC(4) Pause Remark 17M->17M(512M) 4.366ms
[1.804s][info][gc] GC(4) Pause Cleanup 17M->17M(512M) 0.117ms
[1.806s][info][gc] GC(4) Concurrent Mark Cycle 18.684ms
[2.196s][info][gc] GC(5) Pause Young (Prepare Mixed) (G1 Evacuation Pause) 65M->31M(512M) 23.062ms
[2.270s][info][gc] GC(6) Pause Young (Mixed) (G1 Evacuation Pause) 48M->39M(512M) 17.077ms
[2.321s][info][gc] GC(7) Pause Young (Normal) (GCLocker Initiated GC) 67M->53M(512M) 17.748ms
[2.389s][info][gc] GC(8) Pause Young (Normal) (G1 Evacuation Pause) 88M->70M(512M) 13.187ms
[2.465s][info][gc] GC(9) Pause Young (Normal) (G1 Evacuation Pause) 105M->87M(925M) 41.745ms
[2.591s][info][gc] GC(10) Pause Young (Normal) (G1 Evacuation Pause) 128M->107M(925M) 21.999ms
[2.722s][info][gc] GC(11) Pause Young (Normal) (G1 Evacuation Pause) 147M->129M(925M) 32.178ms
[3.004s][info][gc] GC(12) Pause Young (Normal) (G1 Evacuation Pause) 169M->150M(925M) 32.370ms
[3.376s][info][gc] GC(13) Pause Young (Concurrent Start) (Metadata GC Threshold) 170M->153M(1274M) 10.086ms
[3.376s][info][gc] GC(14) Concurrent Mark Cycle
[3.672s][info][gc] GC(14) Pause Remark 161M->157M(530M) 8.284ms
[3.768s][info][gc] GC(14) Pause Cleanup 161M->161M(530M) 0.171ms
[3.776s][info][gc] GC(14) Concurrent Mark Cycle 400.050ms
[4.374s][info][gc] GC(15) Pause Young (Prepare Mixed) (G1 Evacuation Pause) 270M->161M(530M) 22.893ms
[6.378s][info][gc] GC(16) Pause Young (Mixed) (G1 Evacuation Pause) 437M->206M(530M) 85.771ms
[6.508s][info][gc] GC(17) Pause Young (Normal) (G1 Evacuation Pause) 277M->233M(530M) 54.822ms
[6.713s][info][gc] GC(18) Pause Young (Concurrent Start) (Metadata GC Threshold) 328M->263M(530M) 31.131ms
[6.713s][info][gc] GC(19) Concurrent Mark Cycle
[7.017s][info][gc] GC(19) Pause Remark 264M->238M(530M) 9.213ms
[7.214s][info][gc] GC(19) Pause Cleanup 238M->238M(530M) 0.318ms
[7.216s][info][gc] GC(19) Concurrent Mark Cycle 502.962ms
[9.296s][info][gc] GC(20) Pause Young (Prepare Mixed) (G1 Evacuation Pause) 397M->265M(530M) 41.993ms
[10.092s][info][gc] GC(21) Pause Young (Mixed) (G1 Evacuation Pause) 423M->237M(530M) 38.895ms
[10.763s][info][gc] GC(22) Pause Young (Concurrent Start) (G1 Humongous Allocation) 336M->244M(530M) 22.490ms
[10.763s][info][gc] GC(23) Concurrent Mark Cycle
[11.179s][info][gc] GC(23) Pause Remark 287M->287M(530M) 14.160ms
[11.309s][info][gc] GC(23) Pause Cleanup 312M->312M(530M) 0.267ms
[11.310s][info][gc] GC(23) Concurrent Mark Cycle 546.903ms
[11.682s][info][gc] GC(24) Pause Young (Prepare Mixed) (G1 Evacuation Pause) 429M->246M(530M) 21.977ms
[12.918s][info][gc] GC(25) Pause Young (Mixed) (G1 Evacuation Pause) 449M->284M(834M) 61.377ms
[14.780s][info][gc] GC(26) Pause Young (Normal) (G1 Evacuation Pause) 537M->330M(834M) 109.571ms
[17.311s][info][gc] GC(27) Pause Young (Normal) (G1 Evacuation Pause) 555M->338M(834M) 55.490ms
[29.866s][info][gc] GC(28) Pause Young (Concurrent Start) (G1 Evacuation Pause) 673M->361M(834M) 57.029ms
[29.866s][info][gc] GC(29) Concurrent Mark Cycle
[30.601s][info][gc] GC(29) Pause Remark 428M->378M(834M) 25.324ms
[30.970s][info][gc] GC(29) Pause Cleanup 415M->415M(834M) 0.389ms
[30.973s][info][gc] GC(29) Concurrent Mark Cycle 1106.712ms
[33.265s][info][gc] GC(30) Pause Young (Prepare Mixed) (G1 Evacuation Pause) 663M->323M(834M) 62.638ms
[36.293s][info][gc] GC(31) Pause Young (Mixed) (G1 Evacuation Pause) 733M->308M(834M) 67.889ms
[49.609s][info][gc] GC(32) Pause Young (Concurrent Start) (G1 Evacuation Pause) 726M->319M(834M) 39.613ms
[49.609s][info][gc] GC(33) Concurrent Mark Cycle
[50.380s][info][gc] GC(33) Pause Remark 390M->390M(834M) 66.307ms
[50.792s][info][gc] GC(33) Pause Cleanup 410M->410M(834M) 0.362ms
[50.797s][info][gc] GC(33) Concurrent Mark Cycle 1187.596ms
[55.908s][info][gc] GC(34) Pause Young (Prepare Mixed) (G1 Evacuation Pause) 742M->334M(834M) 33.130ms
[64.987s][info][gc] GC(35) Pause Young (Mixed) (G1 Evacuation Pause) 755M->338M(834M) 28.462ms
[70.114s][info][gc] GC(36) Pause Young (Concurrent Start) (G1 Evacuation Pause) 751M->346M(834M) 30.835ms
[70.114s][info][gc] GC(37) Concurrent Mark Cycle
[70.570s][info][gc] GC(37) Pause Remark 363M->363M(834M) 27.595ms
[70.749s][info][gc] GC(37) Pause Cleanup 363M->363M(834M) 0.368ms
[70.751s][info][gc] GC(37) Concurrent Mark Cycle 637.041ms
[80.503s][info][gc] GC(38) Pause Young (Prepare Mixed) (G1 Evacuation Pause) 754M->358M(834M) 30.986ms
[85.758s][info][gc] GC(39) Pause Young (Mixed) (G1 Evacuation Pause) 755M->359M(834M) 32.533ms
[94.511s][info][gc] GC(40) Pause Young (Concurrent Start) (G1 Evacuation Pause) 757M->370M(834M) 27.168ms
[94.511s][info][gc] GC(41) Concurrent Mark Cycle
[95.063s][info][gc] GC(41) Pause Remark 440M->440M(834M) 51.037ms
[95.327s][info][gc] GC(41) Pause Cleanup 496M->496M(834M) 0.433ms
[95.329s][info][gc] GC(41) Concurrent Mark Cycle 818.246ms
[99.221s][info][gc] GC(42) Pause Young (Prepare Mixed) (GCLocker Initiated GC) 757M->376M(834M) 37.915ms
[99.795s][info][gc] GC(43) Pause Young (Mixed) (G1 Evacuation Pause) 761M->369M(834M) 24.163ms
[100.284s][info][gc] GC(44) Pause Young (Concurrent Start) (G1 Evacuation Pause) 773M->369M(834M) 17.182ms
[100.284s][info][gc] GC(45) Concurrent Mark Cycle
[100.806s][info][gc] GC(45) Concurrent Mark Cycle 522.819ms
