[0.003s][info][gc] Using G1
[0.327s][info][gc] GC(0) Pause Young (Concurrent Start) (G1 Humongous Allocation) 242M->3M(513M) 3.336ms
[0.327s][info][gc] GC(1) Concurrent Undo Cycle
[0.329s][info][gc] GC(1) Concurrent Undo Cycle 2.110ms
[0.411s][info][gc] GC(2) Pause Young (Normal) (G1 Evacuation Pause) 215M->2M(513M) 3.068ms
[1.696s][info][gc] GC(3) Pause Young (Concurrent Start) (Metadata GC Threshold) 312M->15M(513M) 10.990ms
[1.696s][info][gc] GC(4) Concurrent Mark Cycle
[1.713s][info][gc] GC(4) Pause Remark 16M->16M(512M) 4.273ms
[1.714s][info][gc] GC(4) Pause Cleanup 16M->16M(512M) 0.096ms
[1.715s][info][gc] GC(4) Concurrent Mark Cycle 18.971ms
[2.115s][info][gc] GC(5) Pause Young (Prepare Mixed) (G1 Evacuation Pause) 69M->33M(512M) 22.432ms
[2.180s][info][gc] GC(6) Pause Young (Mixed) (G1 Evacuation Pause) 50M->41M(512M) 40.773ms
[2.233s][info][gc] GC(7) Pause Young (Normal) (G1 Evacuation Pause) 68M->54M(512M) 18.970ms
[2.295s][info][gc] GC(8) Pause Young (Normal) (G1 Evacuation Pause) 84M->69M(1092M) 15.459ms
[2.419s][info][gc] GC(9) Pause Young (Normal) (G1 Evacuation Pause) 124M->97M(1092M) 22.652ms
[2.546s][info][gc] GC(10) Pause Young (Normal) (G1 Evacuation Pause) 144M->123M(1092M) 30.474ms
[2.780s][info][gc] GC(11) Pause Young (Normal) (G1 Evacuation Pause) 170M->150M(1092M) 59.912ms
[3.206s][info][gc] GC(12) Pause Young (Concurrent Start) (Metadata GC Threshold) 176M->154M(1332M) 13.234ms
[3.206s][info][gc] GC(13) Concurrent Mark Cycle
[3.441s][info][gc] GC(13) Pause Remark 159M->155M(524M) 5.266ms
[3.640s][info][gc] GC(13) Pause Cleanup 169M->169M(524M) 0.206ms
[3.641s][info][gc] GC(13) Concurrent Mark Cycle 435.386ms
[4.005s][info][gc] GC(14) Pause Young (Prepare Mixed) (G1 Evacuation Pause) 242M->159M(524M) 16.196ms
[5.935s][info][gc] GC(15) Pause Young (Mixed) (G1 Evacuation Pause) 443M->198M(524M) 54.522ms
[6.080s][info][gc] GC(16) Pause Young (Normal) (G1 Evacuation Pause) 269M->228M(524M) 77.291ms
[6.288s][info][gc] GC(17) Pause Young (Normal) (G1 Evacuation Pause) 341M->264M(524M) 58.678ms
[6.309s][info][gc] GC(18) Pause Young (Concurrent Start) (Metadata GC Threshold) 264M->265M(524M) 9.535ms
[6.309s][info][gc] GC(19) Concurrent Mark Cycle
[6.591s][info][gc] GC(19) Pause Remark 266M->242M(524M) 8.585ms
[6.823s][info][gc] GC(19) Pause Cleanup 243M->243M(524M) 0.283ms
[6.825s][info][gc] GC(19) Concurrent Mark Cycle 515.229ms
[8.915s][info][gc] GC(20) Pause Young (Prepare Mixed) (G1 Evacuation Pause) 410M->269M(524M) 31.798ms
[9.802s][info][gc] GC(21) Pause Young (Mixed) (G1 Evacuation Pause) 431M->238M(524M) 58.477ms
[10.316s][info][gc] GC(22) Pause Young (Concurrent Start) (G1 Humongous Allocation) 325M->243M(982M) 17.372ms
[10.316s][info][gc] GC(23) Concurrent Undo Cycle
[10.321s][info][gc] GC(23) Concurrent Undo Cycle 5.402ms
[11.023s][info][gc] GC(24) Pause Young (Concurrent Start) (G1 Humongous Allocation) 454M->247M(982M) 24.199ms
[11.023s][info][gc] GC(25) Concurrent Mark Cycle
[11.552s][info][gc] GC(25) Pause Remark 320M->320M(982M) 13.819ms
[11.820s][info][gc] GC(25) Pause Cleanup 326M->326M(982M) 0.340ms
[11.830s][info][gc] GC(25) Concurrent Mark Cycle 807.849ms
[14.490s][info][gc] GC(26) Pause Young (Prepare Mixed) (G1 Evacuation Pause) 821M->279M(982M) 86.875ms
[30.904s][info][gc] GC(27) Pause Young (Mixed) (G1 Evacuation Pause) 784M->310M(982M) 98.136ms
[35.204s][info][gc] GC(28) Pause Young (Mixed) (G1 Evacuation Pause) 835M->326M(982M) 101.497ms
[39.089s][info][gc] GC(29) Pause Young (Concurrent Start) (G1 Evacuation Pause) 849M->345M(982M) 76.750ms
[39.090s][info][gc] GC(30) Concurrent Mark Cycle
[40.007s][info][gc] GC(30) Pause Remark 433M->401M(982M) 63.107ms
[40.597s][info][gc] GC(30) Pause Cleanup 440M->440M(982M) 0.446ms
[40.603s][info][gc] GC(30) Concurrent Mark Cycle 1513.018ms
[43.590s][info][gc] GC(31) Pause Young (Prepare Mixed) (G1 Evacuation Pause) 843M->331M(982M) 69.021ms
[54.617s][info][gc] GC(32) Pause Young (Mixed) (G1 Evacuation Pause) 879M->334M(982M) 35.658ms
