[0.003s][info][gc] Using G1
[0.315s][info][gc] GC(0) Pause Young (Concurrent Start) (G1 Humongous Allocation) 241M->3M(513M) 3.449ms
[0.315s][info][gc] GC(1) Concurrent Undo Cycle
[0.316s][info][gc] GC(1) Concurrent Undo Cycle 0.325ms
[0.408s][info][gc] GC(2) Pause Young (Normal) (G1 Evacuation Pause) 215M->2M(513M) 2.491ms
[1.646s][info][gc] GC(3) Pause Young (Concurrent Start) (Metadata GC Threshold) 312M->15M(513M) 14.005ms
[1.646s][info][gc] GC(4) Concurrent Mark Cycle
[1.656s][info][gc] GC(4) Pause Remark 17M->17M(512M) 3.639ms
[1.675s][info][gc] GC(4) Pause Cleanup 17M->17M(512M) 0.192ms
[1.677s][info][gc] GC(4) Concurrent Mark Cycle 30.649ms
[2.046s][info][gc] GC(5) Pause Young (Prepare Mixed) (GCLocker Initiated GC) 71M->34M(512M) 24.256ms
[2.105s][info][gc] GC(6) Pause Young (Mixed) (G1 Evacuation Pause) 51M->42M(512M) 15.865ms
[2.176s][info][gc] GC(7) Pause Young (Normal) (G1 Evacuation Pause) 69M->55M(512M) 36.797ms
[2.228s][info][gc] GC(8) Pause Young (Normal) (GCLocker Initiated GC) 86M->71M(512M) 13.748ms
[2.295s][info][gc] GC(9) Pause Young (Normal) (G1 Evacuation Pause) 108M->89M(1069M) 15.052ms
[2.431s][info][gc] GC(10) Pause Young (Normal) (G1 Evacuation Pause) 137M->114M(1069M) 27.003ms
[2.581s][info][gc] GC(11) Pause Young (Normal) (G1 Evacuation Pause) 160M->139M(1069M) 59.453ms
[3.106s][info][gc] GC(12) Pause Young (Concurrent Start) (Metadata GC Threshold) 181M->152M(1069M) 16.780ms
[3.106s][info][gc] GC(13) Concurrent Mark Cycle
[3.392s][info][gc] GC(13) Pause Remark 163M->159M(537M) 6.520ms
[3.491s][info][gc] GC(13) Pause Cleanup 165M->165M(537M) 0.158ms
[3.493s][info][gc] GC(13) Concurrent Mark Cycle 387.687ms
[3.836s][info][gc] GC(14) Pause Young (Prepare Mixed) (G1 Evacuation Pause) 225M->157M(537M) 16.002ms
[4.201s][info][gc] GC(15) Pause Young (Mixed) (G1 Evacuation Pause) 268M->167M(957M) 20.327ms
[5.708s][info][gc] GC(16) Pause Young (Normal) (G1 Evacuation Pause) 315M->191M(957M) 58.288ms
[6.149s][info][gc] GC(17) Pause Young (Normal) (G1 Evacuation Pause) 414M->263M(957M) 71.761ms
[6.242s][info][gc] GC(18) Pause Young (Concurrent Start) (Metadata GC Threshold) 265M->265M(957M) 21.505ms
[6.242s][info][gc] GC(19) Concurrent Mark Cycle
[6.531s][info][gc] GC(19) Pause Remark 266M->243M(814M) 8.742ms
[6.778s][info][gc] GC(19) Pause Cleanup 243M->243M(814M) 0.367ms
[6.780s][info][gc] GC(19) Concurrent Mark Cycle 538.744ms
[9.537s][info][gc] GC(20) Pause Young (Prepare Mixed) (G1 Evacuation Pause) 523M->273M(814M) 39.885ms
[10.686s][info][gc] GC(21) Pause Young (Mixed) (G1 Evacuation Pause) 535M->277M(814M) 64.018ms
[12.517s][info][gc] GC(22) Pause Young (Mixed) (G1 Evacuation Pause) 680M->316M(814M) 109.735ms
[12.778s][info][gc] GC(23) Pause Young (Concurrent Start) (Metadata GC Threshold) 339M->319M(814M) 68.527ms
[12.778s][info][gc] GC(24) Concurrent Mark Cycle
[13.192s][info][gc] GC(24) Pause Remark 325M->324M(814M) 15.969ms
[13.427s][info][gc] GC(24) Pause Cleanup 346M->346M(814M) 0.375ms
[13.429s][info][gc] GC(24) Concurrent Mark Cycle 650.980ms
[19.750s][info][gc] GC(25) Pause Young (Prepare Mixed) (G1 Evacuation Pause) 673M->328M(814M) 22.918ms
[30.546s][info][gc] GC(26) Pause Young (Mixed) (G1 Evacuation Pause) 690M->345M(814M) 42.475ms
[32.438s][info][gc] GC(27) Pause Young (Concurrent Start) (G1 Evacuation Pause) 700M->361M(814M) 44.321ms
[32.438s][info][gc] GC(28) Concurrent Mark Cycle
[33.228s][info][gc] GC(28) Pause Remark 439M->404M(814M) 23.268ms
[33.627s][info][gc] GC(28) Pause Cleanup 437M->437M(814M) 0.575ms
[33.636s][info][gc] GC(28) Concurrent Mark Cycle 1197.818ms
[36.043s][info][gc] GC(29) Pause Young (Prepare Mixed) (G1 Evacuation Pause) 676M->338M(814M) 35.324ms
[38.794s][info][gc] GC(30) Pause Young (Mixed) (G1 Evacuation Pause) 723M->322M(814M) 58.567ms
[41.541s][info][gc] GC(31) Pause Young (Concurrent Start) (G1 Evacuation Pause) 731M->338M(814M) 42.228ms
[41.541s][info][gc] GC(32) Concurrent Mark Cycle
[42.302s][info][gc] GC(32) Pause Remark 409M->409M(814M) 66.392ms
[42.723s][info][gc] GC(32) Pause Cleanup 502M->502M(814M) 0.390ms
[42.730s][info][gc] GC(32) Concurrent Mark Cycle 1189.116ms
[43.897s][info][gc] GC(33) Pause Young (Prepare Mixed) (G1 Evacuation Pause) 728M->347M(814M) 57.194ms
[50.838s][info][gc] GC(34) Pause Young (Mixed) (G1 Evacuation Pause) 745M->342M(814M) 25.480ms
