[2026-09-25T16:07:41.558+0000][0.011s][info][gc,init] CardTable entry size: 512
[2026-09-25T16:07:41.558+0000][0.011s][info][gc     ] Using Parallel
[2026-09-25T16:07:41.568+0000][0.021s][info][gc,init] Version: 21.0.12.1+1-LTS (release)
[2026-09-25T16:07:41.568+0000][0.021s][info][gc,init] CPUs: 4 total, 4 available
[2026-09-25T16:07:41.568+0000][0.021s][info][gc,init] Memory: 15989M
[2026-09-25T16:07:41.568+0000][0.021s][info][gc,init] Large Page Support: Disabled
[2026-09-25T16:07:41.568+0000][0.021s][info][gc,init] NUMA Support: Disabled
[2026-09-25T16:07:41.568+0000][0.021s][info][gc,init] Compressed Oops: Enabled (Zero based)
[2026-09-25T16:07:41.568+0000][0.021s][info][gc,init] Alignments: Space 512K, Generation 512K, Heap 2M
[2026-09-25T16:07:41.568+0000][0.021s][info][gc,init] Heap Min Capacity: 4G
[2026-09-25T16:07:41.568+0000][0.021s][info][gc,init] Heap Initial Capacity: 4G
[2026-09-25T16:07:41.568+0000][0.021s][info][gc,init] Heap Max Capacity: 10G
[2026-09-25T16:07:41.568+0000][0.021s][info][gc,init] Pre-touch: Disabled
[2026-09-25T16:07:41.568+0000][0.021s][info][gc,init] Parallel Workers: 4
[2026-09-25T16:07:41.576+0000][0.028s][info][gc,metaspace] CDS archive(s) mapped at: [0x00007f1903000000-0x00007f1903c9c000-0x00007f1903c9c000), size 13221888, SharedBaseAddress: 0x00007f1903000000, ArchiveRelocationMode: 1.
[2026-09-25T16:07:41.576+0000][0.028s][info][gc,metaspace] Compressed class space mapped at: 0x00007f1904000000-0x00007f1944000000, reserved size: 1073741824
[2026-09-25T16:07:41.576+0000][0.028s][info][gc,metaspace] Narrow klass base: 0x00007f1903000000, Narrow klass shift: 0, Narrow klass range: 0x100000000
[2026-09-25T16:07:44.077+0000][2.529s][info][gc,start    ] GC(0) Pause Young (Metadata GC Threshold)
[2026-09-25T16:07:44.083+0000][2.536s][info][gc,heap     ] GC(0) PSYoungGen: 919414K(1223168K)->12640K(1223168K) Eden: 919414K(1048576K)->0K(1048576K) From: 0K(174592K)->12640K(174592K)
[2026-09-25T16:07:44.083+0000][2.536s][info][gc,heap     ] GC(0) ParOldGen: 1073K(2796544K)->1145K(2796544K)
[2026-09-25T16:07:44.083+0000][2.536s][info][gc,metaspace] GC(0) Metaspace: 21082K(21504K)->21082K(21504K) NonClass: 18708K(18944K)->18708K(18944K) Class: 2374K(2560K)->2374K(2560K)
[2026-09-25T16:07:44.083+0000][2.536s][info][gc          ] GC(0) Pause Young (Metadata GC Threshold) 898M->13M(3925M) 6.338ms
[2026-09-25T16:07:44.083+0000][2.536s][info][gc,cpu      ] GC(0) User=0.02s Sys=0.00s Real=0.01s
[2026-09-25T16:07:44.083+0000][2.536s][info][gc,start    ] GC(1) Pause Full (Metadata GC Threshold)
[2026-09-25T16:07:44.083+0000][2.536s][info][gc,phases,start] GC(1) Marking Phase
[2026-09-25T16:07:44.091+0000][2.544s][info][gc,phases      ] GC(1) Marking Phase 7.971ms
[2026-09-25T16:07:44.091+0000][2.544s][info][gc,phases,start] GC(1) Summary Phase
[2026-09-25T16:07:44.091+0000][2.544s][info][gc,phases      ] GC(1) Summary Phase 0.009ms
[2026-09-25T16:07:44.091+0000][2.544s][info][gc,phases,start] GC(1) Adjust Roots
[2026-09-25T16:07:44.094+0000][2.546s][info][gc,phases      ] GC(1) Adjust Roots 2.733ms
[2026-09-25T16:07:44.094+0000][2.546s][info][gc,phases,start] GC(1) Compaction Phase
[2026-09-25T16:07:44.101+0000][2.553s][info][gc,phases      ] GC(1) Compaction Phase 6.942ms
[2026-09-25T16:07:44.101+0000][2.553s][info][gc,phases,start] GC(1) Post Compact
[2026-09-25T16:07:44.102+0000][2.555s][info][gc,phases      ] GC(1) Post Compact 1.254ms
[2026-09-25T16:07:44.102+0000][2.555s][info][gc,heap        ] GC(1) PSYoungGen: 12640K(1223168K)->0K(1223168K) Eden: 0K(1048576K)->0K(1048576K) From: 12640K(174592K)->0K(174592K)
[2026-09-25T16:07:44.102+0000][2.555s][info][gc,heap        ] GC(1) ParOldGen: 1145K(2796544K)->13576K(2796544K)
[2026-09-25T16:07:44.102+0000][2.555s][info][gc,metaspace   ] GC(1) Metaspace: 21082K(21504K)->21082K(21504K) NonClass: 18708K(18944K)->18708K(18944K) Class: 2374K(2560K)->2374K(2560K)
[2026-09-25T16:07:44.102+0000][2.555s][info][gc             ] GC(1) Pause Full (Metadata GC Threshold) 13M->13M(3925M) 19.041ms
[2026-09-25T16:07:44.102+0000][2.555s][info][gc,cpu         ] GC(1) User=0.04s Sys=0.01s Real=0.02s
[2026-09-25T16:07:45.408+0000][3.861s][info][gc,start       ] GC(2) Pause Young (Metadata GC Threshold)
[2026-09-25T16:07:45.430+0000][3.883s][info][gc,heap        ] GC(2) PSYoungGen: 496663K(1223168K)->50953K(1223168K) Eden: 496663K(1048576K)->0K(1048576K) From: 0K(174592K)->50953K(174592K)
[2026-09-25T16:07:45.430+0000][3.883s][info][gc,heap        ] GC(2) ParOldGen: 13576K(2796544K)->13584K(2796544K)
[2026-09-25T16:07:45.430+0000][3.883s][info][gc,metaspace   ] GC(2) Metaspace: 35392K(35840K)->35392K(35840K) NonClass: 31305K(31552K)->31305K(31552K) Class: 4087K(4288K)->4087K(4288K)
[2026-09-25T16:07:45.430+0000][3.883s][info][gc             ] GC(2) Pause Young (Metadata GC Threshold) 498M->63M(3925M) 21.741ms
[2026-09-25T16:07:45.430+0000][3.883s][info][gc,cpu         ] GC(2) User=0.07s Sys=0.01s Real=0.02s
[2026-09-25T16:07:45.430+0000][3.883s][info][gc,start       ] GC(3) Pause Full (Metadata GC Threshold)
[2026-09-25T16:07:45.430+0000][3.883s][info][gc,phases,start] GC(3) Marking Phase
[2026-09-25T16:07:45.454+0000][3.907s][info][gc,phases      ] GC(3) Marking Phase 24.278ms
[2026-09-25T16:07:45.455+0000][3.907s][info][gc,phases,start] GC(3) Summary Phase
[2026-09-25T16:07:45.455+0000][3.907s][info][gc,phases      ] GC(3) Summary Phase 0.021ms
[2026-09-25T16:07:45.455+0000][3.907s][info][gc,phases,start] GC(3) Adjust Roots
[2026-09-25T16:07:45.458+0000][3.911s][info][gc,phases      ] GC(3) Adjust Roots 3.416ms
[2026-09-25T16:07:45.458+0000][3.911s][info][gc,phases,start] GC(3) Compaction Phase
[2026-09-25T16:07:45.498+0000][3.950s][info][gc,phases      ] GC(3) Compaction Phase 39.675ms
[2026-09-25T16:07:45.498+0000][3.950s][info][gc,phases,start] GC(3) Post Compact
[2026-09-25T16:07:45.499+0000][3.951s][info][gc,phases      ] GC(3) Post Compact 0.945ms
[2026-09-25T16:07:45.499+0000][3.951s][info][gc,heap        ] GC(3) PSYoungGen: 50953K(1223168K)->0K(1223168K) Eden: 0K(1048576K)->0K(1048576K) From: 50953K(174592K)->0K(174592K)
[2026-09-25T16:07:45.499+0000][3.951s][info][gc,heap        ] GC(3) ParOldGen: 13584K(2796544K)->64209K(2796544K)
[2026-09-25T16:07:45.499+0000][3.951s][info][gc,metaspace   ] GC(3) Metaspace: 35392K(35840K)->35391K(35840K) NonClass: 31305K(31552K)->31304K(31552K) Class: 4087K(4288K)->4087K(4288K)
[2026-09-25T16:07:45.499+0000][3.951s][info][gc             ] GC(3) Pause Full (Metadata GC Threshold) 63M->62M(3925M) 68.490ms
[2026-09-25T16:07:45.499+0000][3.951s][info][gc,cpu         ] GC(3) User=0.23s Sys=0.01s Real=0.07s
[2026-09-25T16:07:47.491+0000][5.944s][info][gc,start       ] GC(4) Pause Young (Metadata GC Threshold)
[2026-09-25T16:07:47.519+0000][5.972s][info][gc,heap        ] GC(4) PSYoungGen: 391060K(1223168K)->42998K(1223168K) Eden: 391060K(1048576K)->0K(1048576K) From: 0K(174592K)->42998K(174592K)
[2026-09-25T16:07:47.519+0000][5.972s][info][gc,heap        ] GC(4) ParOldGen: 64209K(2796544K)->64217K(2796544K)
[2026-09-25T16:07:47.519+0000][5.972s][info][gc,metaspace   ] GC(4) Metaspace: 59168K(59776K)->59168K(59776K) NonClass: 50577K(50880K)->50577K(50880K) Class: 8590K(8896K)->8590K(8896K)
[2026-09-25T16:07:47.519+0000][5.972s][info][gc             ] GC(4) Pause Young (Metadata GC Threshold) 444M->104M(3925M) 28.385ms
[2026-09-25T16:07:47.519+0000][5.972s][info][gc,cpu         ] GC(4) User=0.11s Sys=0.00s Real=0.03s
[2026-09-25T16:07:47.519+0000][5.972s][info][gc,start       ] GC(5) Pause Full (Metadata GC Threshold)
[2026-09-25T16:07:47.519+0000][5.972s][info][gc,phases,start] GC(5) Marking Phase
[2026-09-25T16:07:47.560+0000][6.013s][info][gc,phases      ] GC(5) Marking Phase 40.648ms
[2026-09-25T16:07:47.560+0000][6.013s][info][gc,phases,start] GC(5) Summary Phase
[2026-09-25T16:07:47.560+0000][6.013s][info][gc,phases      ] GC(5) Summary Phase 0.008ms
[2026-09-25T16:07:47.560+0000][6.013s][info][gc,phases,start] GC(5) Adjust Roots
[2026-09-25T16:07:47.566+0000][6.019s][info][gc,phases      ] GC(5) Adjust Roots 6.140ms
[2026-09-25T16:07:47.566+0000][6.019s][info][gc,phases,start] GC(5) Compaction Phase
[2026-09-25T16:07:47.638+0000][6.091s][info][gc,phases      ] GC(5) Compaction Phase 71.724ms
[2026-09-25T16:07:47.638+0000][6.091s][info][gc,phases,start] GC(5) Post Compact
[2026-09-25T16:07:47.639+0000][6.092s][info][gc,phases      ] GC(5) Post Compact 1.169ms
[2026-09-25T16:07:47.639+0000][6.092s][info][gc,heap        ] GC(5) PSYoungGen: 42998K(1223168K)->0K(1223168K) Eden: 0K(1048576K)->0K(1048576K) From: 42998K(174592K)->0K(174592K)
[2026-09-25T16:07:47.639+0000][6.092s][info][gc,heap        ] GC(5) ParOldGen: 64217K(2796544K)->103050K(2796544K)
[2026-09-25T16:07:47.639+0000][6.092s][info][gc,metaspace   ] GC(5) Metaspace: 59168K(59776K)->59168K(59776K) NonClass: 50577K(50880K)->50577K(50880K) Class: 8590K(8896K)->8590K(8896K)
[2026-09-25T16:07:47.639+0000][6.092s][info][gc             ] GC(5) Pause Full (Metadata GC Threshold) 104M->100M(3925M) 119.855ms
[2026-09-25T16:07:47.639+0000][6.092s][info][gc,cpu         ] GC(5) User=0.42s Sys=0.01s Real=0.12s
[2026-09-25T16:07:50.952+0000][9.405s][info][gc,start       ] GC(6) Pause Young (Metadata GC Threshold)
[2026-09-25T16:07:51.049+0000][9.502s][info][gc,heap        ] GC(6) PSYoungGen: 848185K(1223168K)->174560K(1223168K) Eden: 848185K(1048576K)->0K(1048576K) From: 0K(174592K)->174560K(174592K)
[2026-09-25T16:07:51.049+0000][9.502s][info][gc,heap        ] GC(6) ParOldGen: 103050K(2796544K)->105498K(2796544K)
[2026-09-25T16:07:51.049+0000][9.502s][info][gc,metaspace   ] GC(6) Metaspace: 98781K(99648K)->98781K(99648K) NonClass: 84837K(85312K)->84837K(85312K) Class: 13943K(14336K)->13943K(14336K)
[2026-09-25T16:07:51.049+0000][9.502s][info][gc             ] GC(6) Pause Young (Metadata GC Threshold) 928M->273M(3925M) 97.062ms
[2026-09-25T16:07:51.049+0000][9.502s][info][gc,cpu         ] GC(6) User=0.37s Sys=0.02s Real=0.10s
[2026-09-25T16:07:51.049+0000][9.502s][info][gc,start       ] GC(7) Pause Full (Metadata GC Threshold)
[2026-09-25T16:07:51.049+0000][9.502s][info][gc,phases,start] GC(7) Marking Phase
[2026-09-25T16:07:51.160+0000][9.612s][info][gc,phases      ] GC(7) Marking Phase 110.301ms
[2026-09-25T16:07:51.160+0000][9.612s][info][gc,phases,start] GC(7) Summary Phase
[2026-09-25T16:07:51.160+0000][9.612s][info][gc,phases      ] GC(7) Summary Phase 0.020ms
[2026-09-25T16:07:51.160+0000][9.612s][info][gc,phases,start] GC(7) Adjust Roots
[2026-09-25T16:07:51.169+0000][9.622s][info][gc,phases      ] GC(7) Adjust Roots 9.541ms
[2026-09-25T16:07:51.169+0000][9.622s][info][gc,phases,start] GC(7) Compaction Phase
[2026-09-25T16:07:51.456+0000][9.909s][info][gc,phases      ] GC(7) Compaction Phase 287.052ms
[2026-09-25T16:07:51.456+0000][9.909s][info][gc,phases,start] GC(7) Post Compact
[2026-09-25T16:07:51.458+0000][9.911s][info][gc,phases      ] GC(7) Post Compact 1.768ms
[2026-09-25T16:07:51.458+0000][9.911s][info][gc,heap        ] GC(7) PSYoungGen: 174560K(1223168K)->0K(1223168K) Eden: 0K(1048576K)->0K(1048576K) From: 174560K(174592K)->0K(174592K)
[2026-09-25T16:07:51.458+0000][9.911s][info][gc,heap        ] GC(7) ParOldGen: 105498K(2796544K)->278440K(2796544K)
[2026-09-25T16:07:51.458+0000][9.911s][info][gc,metaspace   ] GC(7) Metaspace: 98781K(99648K)->98781K(99648K) NonClass: 84837K(85312K)->84837K(85312K) Class: 13943K(14336K)->13943K(14336K)
[2026-09-25T16:07:51.458+0000][9.911s][info][gc             ] GC(7) Pause Full (Metadata GC Threshold) 273M->271M(3925M) 408.857ms
[2026-09-25T16:07:51.458+0000][9.911s][info][gc,cpu         ] GC(7) User=1.52s Sys=0.03s Real=0.41s
[2026-09-25T16:07:54.522+0000][12.975s][info][gc,start       ] GC(8) Pause Young (Allocation Failure)
[2026-09-25T16:07:54.547+0000][13.000s][info][gc,heap        ] GC(8) PSYoungGen: 1048576K(1223168K)->42166K(1223168K) Eden: 1048576K(1048576K)->0K(1048576K) From: 0K(174592K)->42166K(174592K)
[2026-09-25T16:07:54.547+0000][13.000s][info][gc,heap        ] GC(8) ParOldGen: 278440K(2796544K)->278456K(2796544K)
[2026-09-25T16:07:54.547+0000][13.000s][info][gc,metaspace   ] GC(8) Metaspace: 114625K(115584K)->114625K(115584K) NonClass: 98192K(98752K)->98192K(98752K) Class: 16432K(16832K)->16432K(16832K)
[2026-09-25T16:07:54.547+0000][13.000s][info][gc             ] GC(8) Pause Young (Allocation Failure) 1295M->313M(3925M) 25.348ms
[2026-09-25T16:07:54.547+0000][13.000s][info][gc,cpu         ] GC(8) User=0.10s Sys=0.01s Real=0.02s
[2026-09-25T16:08:02.204+0000][20.657s][info][gc,start       ] GC(9) Pause Young (Allocation Failure)
[2026-09-25T16:08:02.262+0000][20.714s][info][gc,heap        ] GC(9) PSYoungGen: 1090742K(1223168K)->111097K(2244608K) Eden: 1048576K(1048576K)->0K(2085888K) From: 42166K(174592K)->111097K(158720K)
[2026-09-25T16:08:02.262+0000][20.715s][info][gc,heap        ] GC(9) ParOldGen: 278456K(2796544K)->278517K(2796544K)
[2026-09-25T16:08:02.262+0000][20.715s][info][gc,metaspace   ] GC(9) Metaspace: 149971K(151168K)->149971K(151168K) NonClass: 125569K(126272K)->125569K(126272K) Class: 24401K(24896K)->24401K(24896K)
[2026-09-25T16:08:02.262+0000][20.715s][info][gc             ] GC(9) Pause Young (Allocation Failure) 1337M->380M(4923M) 57.481ms
[2026-09-25T16:08:02.262+0000][20.715s][info][gc,cpu         ] GC(9) User=0.19s Sys=0.03s Real=0.06s
[2026-09-25T16:08:03.213+0000][21.666s][info][gc,start       ] GC(10) Pause Young (GCLocker Initiated GC)
[2026-09-25T16:08:03.266+0000][21.719s][info][gc,heap        ] GC(10) PSYoungGen: 490679K(2244608K)->141228K(2255872K) Eden: 379582K(2085888K)->0K(2085888K) From: 111097K(158720K)->141228K(169984K)
[2026-09-25T16:08:03.266+0000][21.719s][info][gc,heap        ] GC(10) ParOldGen: 278517K(2796544K)->278533K(2796544K)
[2026-09-25T16:08:03.266+0000][21.719s][info][gc,metaspace   ] GC(10) Metaspace: 150589K(151872K)->150589K(151872K) NonClass: 126121K(126912K)->126121K(126912K) Class: 24467K(24960K)->24467K(24960K)
[2026-09-25T16:08:03.266+0000][21.719s][info][gc             ] GC(10) Pause Young (GCLocker Initiated GC) 751M->409M(4934M) 53.044ms
[2026-09-25T16:08:03.266+0000][21.719s][info][gc,cpu         ] GC(10) User=0.17s Sys=0.04s Real=0.05s
[2026-09-25T16:08:07.458+0000][25.911s][info][gc,start       ] GC(11) Pause Young (Allocation Failure)
[2026-09-25T16:08:07.558+0000][26.011s][info][gc,heap        ] GC(11) PSYoungGen: 2227116K(2255872K)->190463K(2206720K) Eden: 2085888K(2085888K)->0K(2016256K) From: 141228K(169984K)->190463K(190464K)
[2026-09-25T16:08:07.558+0000][26.011s][info][gc,heap        ] GC(11) ParOldGen: 278533K(2796544K)->385256K(2796544K)
[2026-09-25T16:08:07.558+0000][26.011s][info][gc,metaspace   ] GC(11) Metaspace: 152852K(154240K)->152852K(154240K) NonClass: 128021K(128832K)->128021K(128832K) Class: 24831K(25408K)->24831K(25408K)
[2026-09-25T16:08:07.558+0000][26.011s][info][gc             ] GC(11) Pause Young (Allocation Failure) 2446M->562M(4886M) 99.856ms
[2026-09-25T16:08:07.558+0000][26.011s][info][gc,cpu         ] GC(11) User=0.33s Sys=0.06s Real=0.10s
[2026-09-25T16:08:11.801+0000][30.254s][info][gc,start       ] GC(12) Pause Young (Allocation Failure)
[2026-09-25T16:08:11.898+0000][30.350s][info][gc,heap        ] GC(12) PSYoungGen: 2206719K(2206720K)->242519K(2287616K) Eden: 2016256K(2016256K)->0K(2016256K) From: 190463K(190464K)->242519K(271360K)
[2026-09-25T16:08:11.898+0000][30.350s][info][gc,heap        ] GC(12) ParOldGen: 385256K(2796544K)->477600K(2796544K)
[2026-09-25T16:08:11.898+0000][30.350s][info][gc,metaspace   ] GC(12) Metaspace: 153456K(154880K)->153456K(154880K) NonClass: 128539K(129344K)->128539K(129344K) Class: 24917K(25536K)->24917K(25536K)
[2026-09-25T16:08:11.898+0000][30.350s][info][gc             ] GC(12) Pause Young (Allocation Failure) 2531M->703M(4965M) 96.652ms
[2026-09-25T16:08:11.898+0000][30.350s][info][gc,cpu         ] GC(12) User=0.35s Sys=0.04s Real=0.10s
[2026-09-25T16:08:15.452+0000][33.905s][info][gc,start       ] GC(13) Pause Young (Allocation Failure)
[2026-09-25T16:08:15.545+0000][33.997s][info][gc,heap        ] GC(13) PSYoungGen: 2258775K(2287616K)->278644K(3108864K) Eden: 2016256K(2016256K)->0K(2800640K) From: 242519K(271360K)->278644K(308224K)
[2026-09-25T16:08:15.545+0000][33.997s][info][gc,heap        ] GC(13) ParOldGen: 477600K(2796544K)->578595K(2796544K)
[2026-09-25T16:08:15.545+0000][33.997s][info][gc,metaspace   ] GC(13) Metaspace: 154129K(155584K)->154129K(155584K) NonClass: 129133K(129984K)->129133K(129984K) Class: 24995K(25600K)->24995K(25600K)
[2026-09-25T16:08:15.545+0000][33.997s][info][gc             ] GC(13) Pause Young (Allocation Failure) 2672M->837M(5767M) 92.521ms
[2026-09-25T16:08:15.545+0000][33.997s][info][gc,cpu         ] GC(13) User=0.28s Sys=0.08s Real=0.09s
[2026-09-25T16:08:20.715+0000][39.167s][info][gc,start       ] GC(14) Pause Young (Allocation Failure)
[2026-09-25T16:08:20.824+0000][39.277s][info][gc,heap        ] GC(14) PSYoungGen: 3079284K(3108864K)->158720K(3147776K) Eden: 2800640K(2800640K)->0K(2800640K) From: 278644K(308224K)->158720K(347136K)
[2026-09-25T16:08:20.824+0000][39.277s][info][gc,heap        ] GC(14) ParOldGen: 578595K(2796544K)->873196K(2796544K)
[2026-09-25T16:08:20.824+0000][39.277s][info][gc,metaspace   ] GC(14) Metaspace: 154913K(156416K)->154913K(156416K) NonClass: 129837K(130688K)->129837K(130688K) Class: 25075K(25728K)->25075K(25728K)
[2026-09-25T16:08:20.824+0000][39.277s][info][gc             ] GC(14) Pause Young (Allocation Failure) 3572M->1007M(5805M) 109.800ms
[2026-09-25T16:08:20.824+0000][39.277s][info][gc,cpu         ] GC(14) User=0.33s Sys=0.10s Real=0.11s
[2026-09-25T16:08:28.285+0000][46.737s][info][gc,start       ] GC(15) Pause Young (Allocation Failure)
[2026-09-25T16:08:28.384+0000][46.836s][info][gc,heap        ] GC(15) PSYoungGen: 2959360K(3147776K)->237261K(3128320K) Eden: 2800640K(2800640K)->0K(2794496K) From: 158720K(347136K)->237261K(333824K)
[2026-09-25T16:08:28.384+0000][46.836s][info][gc,heap        ] GC(15) ParOldGen: 873196K(2796544K)->1040676K(2796544K)
[2026-09-25T16:08:28.384+0000][46.836s][info][gc,metaspace   ] GC(15) Metaspace: 157510K(159040K)->157510K(159040K) NonClass: 132272K(133184K)->132272K(133184K) Class: 25237K(25856K)->25237K(25856K)
[2026-09-25T16:08:28.384+0000][46.836s][info][gc             ] GC(15) Pause Young (Allocation Failure) 3742M->1247M(5786M) 98.979ms
[2026-09-25T16:08:28.384+0000][46.836s][info][gc,cpu         ] GC(15) User=0.33s Sys=0.06s Real=0.10s
[2026-09-25T16:08:34.521+0000][52.974s][info][gc,start       ] GC(16) Pause Young (Allocation Failure)
[2026-09-25T16:08:34.679+0000][53.132s][info][gc,heap        ] GC(16) PSYoungGen: 3015809K(3128320K)->350199K(3144704K) Eden: 2778548K(2794496K)->0K(2794496K) From: 237261K(333824K)->350199K(350208K)
[2026-09-25T16:08:34.680+0000][53.132s][info][gc,heap        ] GC(16) ParOldGen: 1040676K(2796544K)->1290733K(2796544K)
[2026-09-25T16:08:34.680+0000][53.132s][info][gc,metaspace   ] GC(16) Metaspace: 161696K(163264K)->161696K(163264K) NonClass: 135683K(136576K)->135683K(136576K) Class: 26012K(26688K)->26012K(26688K)
[2026-09-25T16:08:34.680+0000][53.132s][info][gc             ] GC(16) Pause Young (Allocation Failure) 3961M->1602M(5802M) 158.356ms
[2026-09-25T16:08:34.680+0000][53.132s][info][gc,cpu         ] GC(16) User=0.55s Sys=0.08s Real=0.16s
[2026-09-25T16:08:36.124+0000][54.576s][info][gc,start       ] GC(17) Pause Young (Metadata GC Threshold)
[2026-09-25T16:08:36.241+0000][54.693s][info][gc,heap        ] GC(17) PSYoungGen: 1631942K(3144704K)->46351K(2861056K) Eden: 1281743K(2794496K)->0K(2510848K) From: 350199K(350208K)->46351K(350208K)
[2026-09-25T16:08:36.241+0000][54.693s][info][gc,heap        ] GC(17) ParOldGen: 1290733K(2796544K)->1746163K(2796544K)
[2026-09-25T16:08:36.241+0000][54.693s][info][gc,metaspace   ] GC(17) Metaspace: 164337K(166016K)->164337K(166016K) NonClass: 138043K(139008K)->138043K(139008K) Class: 26293K(27008K)->26293K(27008K)
[2026-09-25T16:08:36.241+0000][54.693s][info][gc             ] GC(17) Pause Young (Metadata GC Threshold) 2854M->1750M(5525M) 116.982ms
[2026-09-25T16:08:36.241+0000][54.693s][info][gc,cpu         ] GC(17) User=0.37s Sys=0.10s Real=0.12s
[2026-09-25T16:08:36.241+0000][54.693s][info][gc,start       ] GC(18) Pause Full (Metadata GC Threshold)
[2026-09-25T16:08:36.241+0000][54.693s][info][gc,phases,start] GC(18) Marking Phase
[2026-09-25T16:08:36.667+0000][55.119s][info][gc,phases      ] GC(18) Marking Phase 425.965ms
[2026-09-25T16:08:36.667+0000][55.119s][info][gc,phases,start] GC(18) Summary Phase
[2026-09-25T16:08:36.667+0000][55.120s][info][gc,phases      ] GC(18) Summary Phase 0.058ms
[2026-09-25T16:08:36.667+0000][55.120s][info][gc,phases,start] GC(18) Adjust Roots
[2026-09-25T16:08:36.703+0000][55.155s][info][gc,phases      ] GC(18) Adjust Roots 35.757ms
[2026-09-25T16:08:36.703+0000][55.155s][info][gc,phases,start] GC(18) Compaction Phase
[2026-09-25T16:08:37.716+0000][56.169s][info][gc,phases      ] GC(18) Compaction Phase 1013.452ms
[2026-09-25T16:08:37.716+0000][56.169s][info][gc,phases,start] GC(18) Post Compact
[2026-09-25T16:08:37.726+0000][56.179s][info][gc,phases      ] GC(18) Post Compact 9.934ms
[2026-09-25T16:08:37.726+0000][56.179s][info][gc,heap        ] GC(18) PSYoungGen: 46351K(2861056K)->0K(2861056K) Eden: 0K(2510848K)->0K(2510848K) From: 46351K(350208K)->0K(350208K)
[2026-09-25T16:08:37.726+0000][56.179s][info][gc,heap        ] GC(18) ParOldGen: 1746163K(2796544K)->1642272K(2796544K)
[2026-09-25T16:08:37.726+0000][56.179s][info][gc,metaspace   ] GC(18) Metaspace: 164337K(166016K)->164337K(166016K) NonClass: 138043K(139008K)->138043K(139008K) Class: 26293K(27008K)->26293K(27008K)
[2026-09-25T16:08:37.726+0000][56.179s][info][gc             ] GC(18) Pause Full (Metadata GC Threshold) 1750M->1603M(5525M) 1485.368ms
[2026-09-25T16:08:37.726+0000][56.179s][info][gc,cpu         ] GC(18) User=5.61s Sys=0.03s Real=1.48s
[2026-09-25T16:08:47.809+0000][66.262s][info][gc,start       ] GC(19) Pause Young (Allocation Failure)
[2026-09-25T16:08:47.919+0000][66.372s][info][gc,heap        ] GC(19) PSYoungGen: 2510848K(2861056K)->492029K(3002880K) Eden: 2510848K(2510848K)->0K(2510848K) From: 0K(350208K)->492029K(492032K)
[2026-09-25T16:08:47.919+0000][66.372s][info][gc,heap        ] GC(19) ParOldGen: 1642272K(2796544K)->1646244K(2796544K)
[2026-09-25T16:08:47.920+0000][66.372s][info][gc,metaspace   ] GC(19) Metaspace: 167753K(169536K)->167753K(169536K) NonClass: 141202K(142272K)->141202K(142272K) Class: 26551K(27264K)->26551K(27264K)
[2026-09-25T16:08:47.920+0000][66.372s][info][gc             ] GC(19) Pause Young (Allocation Failure) 4055M->2088M(5663M) 110.465ms
[2026-09-25T16:08:47.920+0000][66.372s][info][gc,cpu         ] GC(19) User=0.44s Sys=0.00s Real=0.11s
[2026-09-25T16:08:48.810+0000][67.263s][info][gc,start       ] GC(20) Pause Young (CodeCache GC Threshold)
[2026-09-25T16:08:48.956+0000][67.409s][info][gc,heap        ] GC(20) PSYoungGen: 846907K(3002880K)->43872K(2847232K) Eden: 354877K(2510848K)->0K(2355200K) From: 492029K(492032K)->43872K(492032K)
[2026-09-25T16:08:48.956+0000][67.409s][info][gc,heap        ] GC(20) ParOldGen: 1646244K(2796544K)->2134176K(2796544K)
[2026-09-25T16:08:48.956+0000][67.409s][info][gc,metaspace   ] GC(20) Metaspace: 167823K(169664K)->167823K(169664K) NonClass: 141267K(142336K)->141267K(142336K) Class: 26556K(27328K)->26556K(27328K)
[2026-09-25T16:08:48.956+0000][67.409s][info][gc             ] GC(20) Pause Young (CodeCache GC Threshold) 2434M->2127M(5511M) 145.973ms
[2026-09-25T16:08:48.956+0000][67.409s][info][gc,cpu         ] GC(20) User=0.47s Sys=0.10s Real=0.14s
[2026-09-25T16:08:48.956+0000][67.409s][info][gc,start       ] GC(21) Pause Full (CodeCache GC Threshold)
[2026-09-25T16:08:48.956+0000][67.409s][info][gc,phases,start] GC(21) Marking Phase
[2026-09-25T16:08:49.543+0000][67.996s][info][gc,phases      ] GC(21) Marking Phase 587.006ms
[2026-09-25T16:08:49.543+0000][67.996s][info][gc,phases,start] GC(21) Summary Phase
[2026-09-25T16:08:49.544+0000][67.996s][info][gc,phases      ] GC(21) Summary Phase 0.069ms
[2026-09-25T16:08:49.544+0000][67.996s][info][gc,phases,start] GC(21) Adjust Roots
[2026-09-25T16:08:49.567+0000][68.020s][info][gc,phases      ] GC(21) Adjust Roots 23.472ms
[2026-09-25T16:08:49.567+0000][68.020s][info][gc,phases,start] GC(21) Compaction Phase
[2026-09-25T16:08:50.251+0000][68.704s][info][gc,phases      ] GC(21) Compaction Phase 684.123ms
[2026-09-25T16:08:50.251+0000][68.704s][info][gc,phases,start] GC(21) Post Compact
[2026-09-25T16:08:50.262+0000][68.715s][info][gc,phases      ] GC(21) Post Compact 10.833ms
[2026-09-25T16:08:50.262+0000][68.715s][info][gc,heap        ] GC(21) PSYoungGen: 43872K(2847232K)->0K(2847232K) Eden: 0K(2355200K)->0K(2355200K) From: 43872K(492032K)->0K(492032K)
[2026-09-25T16:08:50.262+0000][68.715s][info][gc,heap        ] GC(21) ParOldGen: 2134176K(2796544K)->2161592K(2796544K)
[2026-09-25T16:08:50.262+0000][68.715s][info][gc,metaspace   ] GC(21) Metaspace: 167823K(169664K)->167647K(169600K) NonClass: 141267K(142336K)->141135K(142336K) Class: 26556K(27328K)->26511K(27264K)
[2026-09-25T16:08:50.262+0000][68.715s][info][gc             ] GC(21) Pause Full (CodeCache GC Threshold) 2127M->2110M(5511M) 1305.710ms
[2026-09-25T16:08:50.262+0000][68.715s][info][gc,cpu         ] GC(21) User=4.82s Sys=0.03s Real=1.31s
[2026-09-25T16:08:55.241+0000][73.693s][info][gc,start       ] GC(22) Pause Young (Allocation Failure)
[2026-09-25T16:08:55.338+0000][73.791s][info][gc,heap        ] GC(22) PSYoungGen: 2355200K(2847232K)->209185K(2925056K) Eden: 2355200K(2355200K)->0K(2355200K) From: 0K(492032K)->209185K(569856K)
[2026-09-25T16:08:55.338+0000][73.791s][info][gc,heap        ] GC(22) ParOldGen: 2161592K(2796544K)->2161592K(2796544K)
[2026-09-25T16:08:55.338+0000][73.791s][info][gc,metaspace   ] GC(22) Metaspace: 167681K(169600K)->167681K(169600K) NonClass: 141166K(142336K)->141166K(142336K) Class: 26514K(27264K)->26514K(27264K)
[2026-09-25T16:08:55.338+0000][73.791s][info][gc             ] GC(22) Pause Young (Allocation Failure) 4410M->2315M(5587M) 97.429ms
[2026-09-25T16:08:55.338+0000][73.791s][info][gc,cpu         ] GC(22) User=0.36s Sys=0.03s Real=0.10s
[2026-09-25T16:08:59.552+0000][78.004s][info][gc,start       ] GC(23) Pause Young (Allocation Failure)
[2026-09-25T16:08:59.715+0000][78.168s][info][gc,heap        ] GC(23) PSYoungGen: 2564385K(2925056K)->185329K(2828288K) Eden: 2355200K(2355200K)->0K(2387456K) From: 209185K(569856K)->185329K(440832K)
[2026-09-25T16:08:59.715+0000][78.168s][info][gc,heap        ] GC(23) ParOldGen: 2161592K(2796544K)->2357439K(2796544K)
[2026-09-25T16:08:59.715+0000][78.168s][info][gc,metaspace   ] GC(23) Metaspace: 167750K(169664K)->167750K(169664K) NonClass: 141215K(142400K)->141215K(142400K) Class: 26535K(27264K)->26535K(27264K)
[2026-09-25T16:08:59.715+0000][78.168s][info][gc             ] GC(23) Pause Young (Allocation Failure) 4615M->2483M(5493M) 163.705ms
[2026-09-25T16:08:59.715+0000][78.168s][info][gc,cpu         ] GC(23) User=0.56s Sys=0.06s Real=0.16s
[2026-09-25T16:09:03.036+0000][81.488s][info][gc,start       ] GC(24) Pause Young (Allocation Failure)
[2026-09-25T16:09:03.185+0000][81.637s][info][gc,heap        ] GC(24) PSYoungGen: 2572785K(2828288K)->158769K(2892800K) Eden: 2387456K(2387456K)->0K(2387456K) From: 185329K(440832K)->158769K(505344K)
[2026-09-25T16:09:03.185+0000][81.637s][info][gc,heap        ] GC(24) ParOldGen: 2357439K(2796544K)->2526133K(2796544K)
[2026-09-25T16:09:03.185+0000][81.637s][info][gc,metaspace   ] GC(24) Metaspace: 167786K(169664K)->167786K(169664K) NonClass: 141235K(142400K)->141235K(142400K) Class: 26551K(27264K)->26551K(27264K)
[2026-09-25T16:09:03.185+0000][81.637s][info][gc             ] GC(24) Pause Young (Allocation Failure) 4814M->2621M(5556M) 148.813ms
[2026-09-25T16:09:03.185+0000][81.637s][info][gc,cpu         ] GC(24) User=0.54s Sys=0.04s Real=0.15s
[2026-09-25T16:09:06.214+0000][84.667s][info][gc,start       ] GC(25) Pause Young (Allocation Failure)
[2026-09-25T16:09:06.357+0000][84.810s][info][gc,heap        ] GC(25) PSYoungGen: 2546225K(2892800K)->146401K(2921984K) Eden: 2387456K(2387456K)->0K(2508800K) From: 158769K(505344K)->146401K(413184K)
[2026-09-25T16:09:06.357+0000][84.810s][info][gc,heap        ] GC(25) ParOldGen: 2526133K(2796544K)->2666207K(2796544K)
[2026-09-25T16:09:06.357+0000][84.810s][info][gc,metaspace   ] GC(25) Metaspace: 167806K(169664K)->167806K(169664K) NonClass: 141252K(142400K)->141252K(142400K) Class: 26553K(27264K)->26553K(27264K)
[2026-09-25T16:09:06.357+0000][84.810s][info][gc             ] GC(25) Pause Young (Allocation Failure) 4953M->2746M(5584M) 142.634ms
[2026-09-25T16:09:06.357+0000][84.810s][info][gc,cpu         ] GC(25) User=0.50s Sys=0.05s Real=0.14s
[2026-09-25T16:09:09.897+0000][88.350s][info][gc,start       ] GC(26) Pause Young (Allocation Failure)
[2026-09-25T16:09:10.043+0000][88.496s][info][gc,heap        ] GC(26) PSYoungGen: 2655201K(2921984K)->148977K(2968064K) Eden: 2508800K(2508800K)->0K(2508800K) From: 146401K(413184K)->148977K(459264K)
[2026-09-25T16:09:10.043+0000][88.496s][info][gc,heap        ] GC(26) ParOldGen: 2666207K(2796544K)->2790961K(2796544K)
[2026-09-25T16:09:10.043+0000][88.496s][info][gc,metaspace   ] GC(26) Metaspace: 167811K(169728K)->167811K(169728K) NonClass: 141254K(142400K)->141254K(142400K) Class: 26556K(27328K)->26556K(27328K)
[2026-09-25T16:09:10.043+0000][88.496s][info][gc             ] GC(26) Pause Young (Allocation Failure) 5196M->2871M(5629M) 146.210ms
[2026-09-25T16:09:10.043+0000][88.496s][info][gc,cpu         ] GC(26) User=0.54s Sys=0.03s Real=0.15s
[2026-09-25T16:09:13.136+0000][91.588s][info][gc,start       ] GC(27) Pause Young (Allocation Failure)
[2026-09-25T16:09:13.300+0000][91.753s][info][gc,heap        ] GC(27) PSYoungGen: 2657777K(2968064K)->130720K(2981376K) Eden: 2508800K(2508800K)->0K(2596864K) From: 148977K(459264K)->130720K(384512K)
[2026-09-25T16:09:13.301+0000][91.753s][info][gc,heap        ] GC(27) ParOldGen: 2790961K(2796544K)->2916296K(2916352K)
[2026-09-25T16:09:13.301+0000][91.753s][info][gc,metaspace   ] GC(27) Metaspace: 167813K(169728K)->167813K(169728K) NonClass: 141256K(142400K)->141256K(142400K) Class: 26556K(27328K)->26556K(27328K)
[2026-09-25T16:09:13.301+0000][91.753s][info][gc             ] GC(27) Pause Young (Allocation Failure) 5321M->2975M(5759M) 165.016ms
[2026-09-25T16:09:13.301+0000][91.753s][info][gc,cpu         ] GC(27) User=0.55s Sys=0.08s Real=0.17s
[2026-09-25T16:09:16.573+0000][95.025s][info][gc,start       ] GC(28) Pause Young (Allocation Failure)
[2026-09-25T16:09:16.732+0000][95.185s][info][gc,heap        ] GC(28) PSYoungGen: 2727584K(2981376K)->130129K(3018752K) Eden: 2596864K(2596864K)->0K(2596864K) From: 130720K(384512K)->130129K(421888K)
[2026-09-25T16:09:16.732+0000][95.185s][info][gc,heap        ] GC(28) ParOldGen: 2916296K(2916352K)->3022321K(3022336K)
[2026-09-25T16:09:16.732+0000][95.185s][info][gc,metaspace   ] GC(28) Metaspace: 167827K(169728K)->167827K(169728K) NonClass: 141262K(142400K)->141262K(142400K) Class: 26565K(27328K)->26565K(27328K)
[2026-09-25T16:09:16.732+0000][95.185s][info][gc             ] GC(28) Pause Young (Allocation Failure) 5511M->3078M(5899M) 159.582ms
[2026-09-25T16:09:16.732+0000][95.185s][info][gc,cpu         ] GC(28) User=0.54s Sys=0.06s Real=0.16s
[2026-09-25T16:09:19.858+0000][98.310s][info][gc,start       ] GC(29) Pause Young (Allocation Failure)
[2026-09-25T16:09:20.029+0000][98.481s][info][gc,heap        ] GC(29) PSYoungGen: 2726993K(3018752K)->128865K(3025408K) Eden: 2596864K(2596864K)->0K(2667008K) From: 130129K(421888K)->128865K(358400K)
[2026-09-25T16:09:20.029+0000][98.481s][info][gc,heap        ] GC(29) ParOldGen: 3022321K(3022336K)->3125638K(3125760K)
[2026-09-25T16:09:20.029+0000][98.481s][info][gc,metaspace   ] GC(29) Metaspace: 167831K(169728K)->167831K(169728K) NonClass: 141265K(142400K)->141265K(142400K) Class: 26566K(27328K)->26566K(27328K)
[2026-09-25T16:09:20.029+0000][98.481s][info][gc             ] GC(29) Pause Young (Allocation Failure) 5614M->3178M(6007M) 170.797ms
[2026-09-25T16:09:20.029+0000][98.481s][info][gc,cpu         ] GC(29) User=0.55s Sys=0.10s Real=0.17s
[2026-09-25T16:09:23.361+0000][101.814s][info][gc,start       ] GC(30) Pause Young (Allocation Failure)
[2026-09-25T16:09:23.526+0000][101.979s][info][gc,heap        ] GC(30) PSYoungGen: 2795873K(3025408K)->131121K(3057152K) Eden: 2667008K(2667008K)->0K(2667008K) From: 128865K(358400K)->131121K(390144K)
[2026-09-25T16:09:23.526+0000][101.979s][info][gc,heap        ] GC(30) ParOldGen: 3125638K(3125760K)->3226213K(3226624K)
[2026-09-25T16:09:23.526+0000][101.979s][info][gc,metaspace   ] GC(30) Metaspace: 167843K(169728K)->167843K(169728K) NonClass: 141273K(142400K)->141273K(142400K) Class: 26569K(27328K)->26569K(27328K)
[2026-09-25T16:09:23.526+0000][101.979s][info][gc             ] GC(30) Pause Young (Allocation Failure) 5782M->3278M(6136M) 165.191ms
[2026-09-25T16:09:23.526+0000][101.979s][info][gc,cpu         ] GC(30) User=0.58s Sys=0.05s Real=0.16s
[2026-09-25T16:09:26.542+0000][104.995s][info][gc,start       ] GC(31) Pause Young (Allocation Failure)
[2026-09-25T16:09:26.702+0000][105.155s][info][gc,heap        ] GC(31) PSYoungGen: 2798129K(3057152K)->118577K(3063296K) Eden: 2667008K(2667008K)->0K(2730496K) From: 131121K(390144K)->118577K(332800K)
[2026-09-25T16:09:26.702+0000][105.155s][info][gc,heap        ] GC(31) ParOldGen: 3226213K(3226624K)->3328282K(3328512K)
[2026-09-25T16:09:26.702+0000][105.155s][info][gc,metaspace   ] GC(31) Metaspace: 167855K(169728K)->167855K(169728K) NonClass: 141282K(142400K)->141282K(142400K) Class: 26573K(27328K)->26573K(27328K)
[2026-09-25T16:09:26.702+0000][105.155s][info][gc             ] GC(31) Pause Young (Allocation Failure) 5883M->3366M(6242M) 159.956ms
[2026-09-25T16:09:26.702+0000][105.155s][info][gc,cpu         ] GC(31) User=0.56s Sys=0.06s Real=0.16s
[2026-09-25T16:09:28.615+0000][107.067s][info][gc,start       ] GC(32) Pause Young (CodeCache GC Threshold)
[2026-09-25T16:09:28.754+0000][107.206s][info][gc,heap        ] GC(32) PSYoungGen: 1780870K(3063296K)->86592K(2817536K) Eden: 1662293K(2730496K)->0K(2730496K) From: 118577K(332800K)->86592K(87040K)
[2026-09-25T16:09:28.754+0000][107.206s][info][gc,heap        ] GC(32) ParOldGen: 3328282K(3328512K)->3416119K(3416576K)
[2026-09-25T16:09:28.754+0000][107.206s][info][gc,metaspace   ] GC(32) Metaspace: 167861K(169728K)->167861K(169728K) NonClass: 141285K(142400K)->141285K(142400K) Class: 26576K(27328K)->26576K(27328K)
[2026-09-25T16:09:28.754+0000][107.206s][info][gc             ] GC(32) Pause Young (CodeCache GC Threshold) 4989M->3420M(6088M) 139.026ms
[2026-09-25T16:09:28.754+0000][107.206s][info][gc,cpu         ] GC(32) User=0.48s Sys=0.05s Real=0.14s
[2026-09-25T16:09:28.754+0000][107.206s][info][gc,start       ] GC(33) Pause Full (CodeCache GC Threshold)
[2026-09-25T16:09:28.754+0000][107.206s][info][gc,phases,start] GC(33) Marking Phase
[2026-09-25T16:09:29.747+0000][108.199s][info][gc,phases      ] GC(33) Marking Phase 993.001ms
[2026-09-25T16:09:29.747+0000][108.199s][info][gc,phases,start] GC(33) Summary Phase
[2026-09-25T16:09:29.747+0000][108.200s][info][gc,phases      ] GC(33) Summary Phase 0.036ms
[2026-09-25T16:09:29.747+0000][108.200s][info][gc,phases,start] GC(33) Adjust Roots
[2026-09-25T16:09:29.778+0000][108.230s][info][gc,phases      ] GC(33) Adjust Roots 30.861ms
[2026-09-25T16:09:29.778+0000][108.230s][info][gc,phases,start] GC(33) Compaction Phase
[2026-09-25T16:09:31.642+0000][110.095s][info][gc,phases      ] GC(33) Compaction Phase 1864.661ms
[2026-09-25T16:09:31.643+0000][110.095s][info][gc,phases,start] GC(33) Post Compact
[2026-09-25T16:09:31.651+0000][110.104s][info][gc,phases      ] GC(33) Post Compact 8.886ms
[2026-09-25T16:09:31.651+0000][110.104s][info][gc,heap        ] GC(33) PSYoungGen: 86592K(2817536K)->6667K(2817536K) Eden: 0K(2730496K)->0K(2730496K) From: 86592K(87040K)->6667K(87040K)
[2026-09-25T16:09:31.651+0000][110.104s][info][gc,heap        ] GC(33) ParOldGen: 3416119K(3416576K)->3416376K(3416576K)
[2026-09-25T16:09:31.651+0000][110.104s][info][gc,metaspace   ] GC(33) Metaspace: 167861K(169728K)->167861K(169728K) NonClass: 141285K(142400K)->141285K(142400K) Class: 26576K(27328K)->26576K(27328K)
[2026-09-25T16:09:31.651+0000][110.104s][info][gc             ] GC(33) Pause Full (CodeCache GC Threshold) 3420M->3342M(6088M) 2897.642ms
[2026-09-25T16:09:31.651+0000][110.104s][info][gc,cpu         ] GC(33) User=11.24s Sys=0.04s Real=2.90s
[2026-09-25T16:09:35.299+0000][113.752s][info][gc,start       ] GC(34) Pause Young (Allocation Failure)
[2026-09-25T16:09:35.616+0000][114.069s][info][gc,heap        ] GC(34) PSYoungGen: 2737163K(2817536K)->100496K(3095040K) Eden: 2730496K(2730496K)->0K(2741248K) From: 6667K(87040K)->100496K(353792K)
[2026-09-25T16:09:35.616+0000][114.069s][info][gc,heap        ] GC(34) ParOldGen: 3416376K(3416576K)->3417744K(3418112K)
[2026-09-25T16:09:35.616+0000][114.069s][info][gc,metaspace   ] GC(34) Metaspace: 167923K(169728K)->167923K(169728K) NonClass: 141332K(142400K)->141332K(142400K) Class: 26591K(27328K)->26591K(27328K)
[2026-09-25T16:09:35.616+0000][114.069s][info][gc             ] GC(34) Pause Young (Allocation Failure) 6009M->3435M(6360M) 317.289ms
[2026-09-25T16:09:35.616+0000][114.069s][info][gc,cpu         ] GC(34) User=1.26s Sys=0.00s Real=0.31s
[2026-09-25T16:09:38.579+0000][117.032s][info][gc,start       ] GC(35) Pause Young (Allocation Failure)
[2026-09-25T16:09:38.700+0000][117.153s][info][gc,heap        ] GC(35) PSYoungGen: 2841744K(3095040K)->44384K(3084288K) Eden: 2741248K(2741248K)->0K(2741248K) From: 100496K(353792K)->44384K(343040K)
[2026-09-25T16:09:38.700+0000][117.153s][info][gc,heap        ] GC(35) ParOldGen: 3417744K(3418112K)->3486133K(3486208K)
[2026-09-25T16:09:38.700+0000][117.153s][info][gc,metaspace   ] GC(35) Metaspace: 167923K(169728K)->167923K(169728K) NonClass: 141332K(142400K)->141332K(142400K) Class: 26591K(27328K)->26591K(27328K)
[2026-09-25T16:09:38.700+0000][117.153s][info][gc             ] GC(35) Pause Young (Allocation Failure) 6112M->3447M(6416M) 121.244ms
[2026-09-25T16:09:38.700+0000][117.153s][info][gc,cpu         ] GC(35) User=0.44s Sys=0.04s Real=0.12s
[2026-09-25T16:09:41.739+0000][120.192s][info][gc,start       ] GC(36) Pause Young (Allocation Failure)
[2026-09-25T16:09:41.841+0000][120.293s][info][gc,heap        ] GC(36) PSYoungGen: 2785632K(3084288K)->47297K(3144192K) Eden: 2741248K(2741248K)->0K(2803200K) From: 44384K(343040K)->47297K(340992K)
[2026-09-25T16:09:41.841+0000][120.293s][info][gc,heap        ] GC(36) ParOldGen: 3486133K(3486208K)->3497823K(3497984K)
[2026-09-25T16:09:41.841+0000][120.293s][info][gc,metaspace   ] GC(36) Metaspace: 167937K(169728K)->167937K(169728K) NonClass: 141336K(142400K)->141336K(142400K) Class: 26600K(27328K)->26600K(27328K)
[2026-09-25T16:09:41.841+0000][120.293s][info][gc             ] GC(36) Pause Young (Allocation Failure) 6124M->3462M(6486M) 101.742ms
[2026-09-25T16:09:41.841+0000][120.293s][info][gc,cpu         ] GC(36) User=0.39s Sys=0.01s Real=0.10s
[2026-09-25T16:09:45.119+0000][123.572s][info][gc,start       ] GC(37) Pause Young (Allocation Failure)
[2026-09-25T16:09:45.215+0000][123.667s][info][gc,heap        ] GC(37) PSYoungGen: 2850497K(3144192K)->43857K(3139072K) Eden: 2803200K(2803200K)->0K(2803200K) From: 47297K(340992K)->43857K(335872K)
[2026-09-25T16:09:45.215+0000][123.667s][info][gc,heap        ] GC(37) ParOldGen: 3497823K(3497984K)->3512511K(3512832K)
[2026-09-25T16:09:45.215+0000][123.667s][info][gc,metaspace   ] GC(37) Metaspace: 167939K(169728K)->167939K(169728K) NonClass: 141338K(142400K)->141338K(142400K) Class: 26600K(27328K)->26600K(27328K)
[2026-09-25T16:09:45.215+0000][123.667s][info][gc             ] GC(37) Pause Young (Allocation Failure) 6199M->3473M(6496M) 95.762ms
[2026-09-25T16:09:45.215+0000][123.667s][info][gc,cpu         ] GC(37) User=0.38s Sys=0.01s Real=0.09s
[2026-09-25T16:09:48.262+0000][126.714s][info][gc,start       ] GC(38) Pause Young (Allocation Failure)
[2026-09-25T16:09:48.361+0000][126.814s][info][gc,heap        ] GC(38) PSYoungGen: 2847057K(3139072K)->45809K(3150336K) Eden: 2803200K(2803200K)->0K(2826752K) From: 43857K(335872K)->45809K(323584K)
[2026-09-25T16:09:48.361+0000][126.814s][info][gc,heap        ] GC(38) ParOldGen: 3512511K(3512832K)->3525591K(3525632K)
[2026-09-25T16:09:48.361+0000][126.814s][info][gc,metaspace   ] GC(38) Metaspace: 167940K(169728K)->167940K(169728K) NonClass: 141339K(142400K)->141339K(142400K) Class: 26600K(27328K)->26600K(27328K)
[2026-09-25T16:09:48.361+0000][126.814s][info][gc             ] GC(38) Pause Young (Allocation Failure) 6210M->3487M(6519M) 99.260ms
[2026-09-25T16:09:48.361+0000][126.814s][info][gc,cpu         ] GC(38) User=0.37s Sys=0.00s Real=0.10s
[2026-09-25T16:09:51.808+0000][130.260s][info][gc,start       ] GC(39) Pause Young (Allocation Failure)
[2026-09-25T16:09:51.902+0000][130.355s][info][gc,heap        ] GC(39) PSYoungGen: 2872561K(3150336K)->43825K(3147776K) Eden: 2826752K(2826752K)->0K(2826752K) From: 45809K(323584K)->43825K(321024K)
[2026-09-25T16:09:51.902+0000][130.355s][info][gc,heap        ] GC(39) ParOldGen: 3525591K(3525632K)->3539155K(3539456K)
[2026-09-25T16:09:51.902+0000][130.355s][info][gc,metaspace   ] GC(39) Metaspace: 167947K(169792K)->167947K(169792K) NonClass: 141343K(142400K)->141343K(142400K) Class: 26604K(27392K)->26604K(27392K)
[2026-09-25T16:09:51.902+0000][130.355s][info][gc             ] GC(39) Pause Young (Allocation Failure) 6248M->3499M(6530M) 94.641ms
[2026-09-25T16:09:51.902+0000][130.355s][info][gc,cpu         ] GC(39) User=0.37s Sys=0.01s Real=0.09s
[2026-09-25T16:09:55.207+0000][133.659s][info][gc,start       ] GC(40) Pause Young (Allocation Failure)
[2026-09-25T16:09:55.303+0000][133.756s][info][gc,heap        ] GC(40) PSYoungGen: 2870577K(3147776K)->42177K(3164160K) Eden: 2826752K(2826752K)->0K(2860032K) From: 43825K(321024K)->42177K(304128K)
[2026-09-25T16:09:55.304+0000][133.756s][info][gc,heap        ] GC(40) ParOldGen: 3539155K(3539456K)->3551830K(3552256K)
[2026-09-25T16:09:55.304+0000][133.756s][info][gc,metaspace   ] GC(40) Metaspace: 167956K(169856K)->167956K(169856K) NonClass: 141352K(142464K)->141352K(142464K) Class: 26604K(27392K)->26604K(27392K)
[2026-09-25T16:09:55.304+0000][133.756s][info][gc             ] GC(40) Pause Young (Allocation Failure) 6259M->3509M(6559M) 96.776ms
[2026-09-25T16:09:55.304+0000][133.756s][info][gc,cpu         ] GC(40) User=0.37s Sys=0.00s Real=0.10s
[2026-09-25T16:09:58.574+0000][137.026s][info][gc,start       ] GC(41) Pause Young (Allocation Failure)
[2026-09-25T16:09:58.668+0000][137.121s][info][gc,heap        ] GC(41) PSYoungGen: 2902209K(3164160K)->44311K(3162112K) Eden: 2860032K(2860032K)->0K(2860032K) From: 42177K(304128K)->44311K(302080K)
[2026-09-25T16:09:58.668+0000][137.121s][info][gc,heap        ] GC(41) ParOldGen: 3551830K(3552256K)->3563789K(3564032K)
[2026-09-25T16:09:58.668+0000][137.121s][info][gc,metaspace   ] GC(41) Metaspace: 167957K(169856K)->167957K(169856K) NonClass: 141353K(142464K)->141353K(142464K) Class: 26604K(27392K)->26604K(27392K)
[2026-09-25T16:09:58.668+0000][137.121s][info][gc             ] GC(41) Pause Young (Allocation Failure) 6302M->3523M(6568M) 94.265ms
[2026-09-25T16:09:58.668+0000][137.121s][info][gc,cpu         ] GC(41) User=0.37s Sys=0.01s Real=0.10s
[2026-09-25T16:10:02.124+0000][140.576s][info][gc,start       ] GC(42) Pause Young (Allocation Failure)
[2026-09-25T16:10:02.221+0000][140.674s][info][gc,heap        ] GC(42) PSYoungGen: 2904343K(3162112K)->43009K(3181568K) Eden: 2860032K(2860032K)->0K(2899968K) From: 44311K(302080K)->43009K(281600K)
[2026-09-25T16:10:02.221+0000][140.674s][info][gc,heap        ] GC(42) ParOldGen: 3563789K(3564032K)->3576089K(3576320K)
[2026-09-25T16:10:02.221+0000][140.674s][info][gc,metaspace   ] GC(42) Metaspace: 167961K(169856K)->167961K(169856K) NonClass: 141357K(142464K)->141357K(142464K) Class: 26604K(27392K)->26604K(27392K)
[2026-09-25T16:10:02.221+0000][140.674s][info][gc             ] GC(42) Pause Young (Allocation Failure) 6316M->3534M(6599M) 97.327ms
[2026-09-25T16:10:02.221+0000][140.674s][info][gc,cpu         ] GC(42) User=0.37s Sys=0.01s Real=0.10s
[2026-09-25T16:10:05.690+0000][144.143s][info][gc,start       ] GC(43) Pause Young (Allocation Failure)
[2026-09-25T16:10:05.784+0000][144.237s][info][gc,heap        ] GC(43) PSYoungGen: 2942977K(3181568K)->43361K(3180032K) Eden: 2899968K(2899968K)->0K(2899968K) From: 43009K(281600K)->43361K(280064K)
[2026-09-25T16:10:05.784+0000][144.237s][info][gc,heap        ] GC(43) ParOldGen: 3576089K(3576320K)->3587792K(3588096K)
[2026-09-25T16:10:05.784+0000][144.237s][info][gc,metaspace   ] GC(43) Metaspace: 167976K(169856K)->167976K(169856K) NonClass: 141371K(142464K)->141371K(142464K) Class: 26605K(27392K)->26605K(27392K)
[2026-09-25T16:10:05.784+0000][144.237s][info][gc             ] GC(43) Pause Young (Allocation Failure) 6366M->3546M(6609M) 94.341ms
[2026-09-25T16:10:05.784+0000][144.237s][info][gc,cpu         ] GC(43) User=0.37s Sys=0.00s Real=0.09s
[2026-09-25T16:10:09.408+0000][147.860s][info][gc,start       ] GC(44) Pause Young (Allocation Failure)
[2026-09-25T16:10:09.501+0000][147.954s][info][gc,heap        ] GC(44) PSYoungGen: 2943329K(3180032K)->41889K(3203584K) Eden: 2899968K(2899968K)->0K(2944512K) From: 43361K(280064K)->41889K(259072K)
[2026-09-25T16:10:09.501+0000][147.954s][info][gc,heap        ] GC(44) ParOldGen: 3587792K(3588096K)->3600491K(3600896K)
[2026-09-25T16:10:09.501+0000][147.954s][info][gc,metaspace   ] GC(44) Metaspace: 167977K(169856K)->167977K(169856K) NonClass: 141372K(142464K)->141372K(142464K) Class: 26605K(27392K)->26605K(27392K)
[2026-09-25T16:10:09.501+0000][147.954s][info][gc             ] GC(44) Pause Young (Allocation Failure) 6378M->3557M(6645M) 93.410ms
[2026-09-25T16:10:09.501+0000][147.954s][info][gc,cpu         ] GC(44) User=0.37s Sys=0.01s Real=0.09s
[2026-09-25T16:10:12.815+0000][151.267s][info][gc,start       ] GC(45) Pause Young (Allocation Failure)
[2026-09-25T16:10:12.913+0000][151.365s][info][gc,heap        ] GC(45) PSYoungGen: 2986401K(3203584K)->41488K(3202048K) Eden: 2944512K(2944512K)->0K(2944512K) From: 41889K(259072K)->41488K(257536K)
[2026-09-25T16:10:12.913+0000][151.365s][info][gc,heap        ] GC(45) ParOldGen: 3600491K(3600896K)->3612370K(3612672K)
[2026-09-25T16:10:12.913+0000][151.365s][info][gc,metaspace   ] GC(45) Metaspace: 167979K(169856K)->167979K(169856K) NonClass: 141372K(142464K)->141372K(142464K) Class: 26607K(27392K)->26607K(27392K)
[2026-09-25T16:10:12.913+0000][151.365s][info][gc             ] GC(45) Pause Young (Allocation Failure) 6432M->3568M(6655M) 98.125ms
[2026-09-25T16:10:12.913+0000][151.365s][info][gc,cpu         ] GC(45) User=0.37s Sys=0.01s Real=0.10s
[2026-09-25T16:10:16.375+0000][154.827s][info][gc,start       ] GC(46) Pause Young (Allocation Failure)
[2026-09-25T16:10:16.470+0000][154.922s][info][gc,heap        ] GC(46) PSYoungGen: 2986000K(3202048K)->41728K(3226112K) Eden: 2944512K(2944512K)->0K(2989568K) From: 41488K(257536K)->41728K(236544K)
[2026-09-25T16:10:16.470+0000][154.922s][info][gc,heap        ] GC(46) ParOldGen: 3612370K(3612672K)->3623584K(3623936K)
[2026-09-25T16:10:16.470+0000][154.922s][info][gc,metaspace   ] GC(46) Metaspace: 167979K(169856K)->167979K(169856K) NonClass: 141372K(142464K)->141372K(142464K) Class: 26607K(27392K)->26607K(27392K)
[2026-09-25T16:10:16.470+0000][154.922s][info][gc             ] GC(46) Pause Young (Allocation Failure) 6443M->3579M(6689M) 94.875ms
[2026-09-25T16:10:16.470+0000][154.922s][info][gc,cpu         ] GC(46) User=0.37s Sys=0.00s Real=0.10s
[2026-09-25T16:10:19.918+0000][158.370s][info][gc,start       ] GC(47) Pause Young (Allocation Failure)
[2026-09-25T16:10:20.013+0000][158.466s][info][gc,heap        ] GC(47) PSYoungGen: 3031296K(3226112K)->42240K(3224576K) Eden: 2989568K(2989568K)->0K(2989568K) From: 41728K(236544K)->42240K(235008K)
[2026-09-25T16:10:20.013+0000][158.466s][info][gc,heap        ] GC(47) ParOldGen: 3623584K(3623936K)->3634827K(3635200K)
[2026-09-25T16:10:20.013+0000][158.466s][info][gc,metaspace   ] GC(47) Metaspace: 167979K(169856K)->167979K(169856K) NonClass: 141372K(142464K)->141372K(142464K) Class: 26607K(27392K)->26607K(27392K)
[2026-09-25T16:10:20.013+0000][158.466s][info][gc             ] GC(47) Pause Young (Allocation Failure) 6498M->3590M(6699M) 95.688ms
[2026-09-25T16:10:20.013+0000][158.466s][info][gc,cpu         ] GC(47) User=0.36s Sys=0.01s Real=0.09s
[2026-09-25T16:10:23.522+0000][161.975s][info][gc,start       ] GC(48) Pause Young (Allocation Failure)
[2026-09-25T16:10:23.617+0000][162.069s][info][gc,heap        ] GC(48) PSYoungGen: 3031808K(3224576K)->41088K(3249152K) Eden: 2989568K(2989568K)->0K(3034112K) From: 42240K(235008K)->41088K(215040K)
[2026-09-25T16:10:23.617+0000][162.069s][info][gc,heap        ] GC(48) ParOldGen: 3634827K(3635200K)->3646254K(3646464K)
[2026-09-25T16:10:23.617+0000][162.069s][info][gc,metaspace   ] GC(48) Metaspace: 167981K(169856K)->167981K(169856K) NonClass: 141372K(142464K)->141372K(142464K) Class: 26608K(27392K)->26608K(27392K)
[2026-09-25T16:10:23.617+0000][162.069s][info][gc             ] GC(48) Pause Young (Allocation Failure) 6510M->3600M(6734M) 94.885ms
[2026-09-25T16:10:23.617+0000][162.069s][info][gc,cpu         ] GC(48) User=0.36s Sys=0.02s Real=0.09s
[2026-09-25T16:10:27.171+0000][165.624s][info][gc,start       ] GC(49) Pause Young (Allocation Failure)
[2026-09-25T16:10:27.266+0000][165.719s][info][gc,heap        ] GC(49) PSYoungGen: 3075200K(3249152K)->47715K(3247616K) Eden: 3034112K(3034112K)->0K(3034112K) From: 41088K(215040K)->47715K(213504K)
[2026-09-25T16:10:27.266+0000][165.719s][info][gc,heap        ] GC(49) ParOldGen: 3646254K(3646464K)->3656125K(3656192K)
[2026-09-25T16:10:27.266+0000][165.719s][info][gc,metaspace   ] GC(49) Metaspace: 167986K(169856K)->167986K(169856K) NonClass: 141372K(142464K)->141372K(142464K) Class: 26613K(27392K)->26613K(27392K)
[2026-09-25T16:10:27.266+0000][165.719s][info][gc             ] GC(49) Pause Young (Allocation Failure) 6563M->3617M(6742M) 95.194ms
[2026-09-25T16:10:27.266+0000][165.719s][info][gc,cpu         ] GC(49) User=0.37s Sys=0.00s Real=0.09s
[2026-09-25T16:10:31.071+0000][169.524s][info][gc,start       ] GC(50) Pause Young (Allocation Failure)
[2026-09-25T16:10:31.166+0000][169.618s][info][gc,heap        ] GC(50) PSYoungGen: 3081827K(3247616K)->42849K(3271168K) Eden: 3034112K(3034112K)->0K(3076608K) From: 47715K(213504K)->42849K(194560K)
[2026-09-25T16:10:31.166+0000][169.618s][info][gc,heap        ] GC(50) ParOldGen: 3656125K(3656192K)->3670120K(3670528K)
[2026-09-25T16:10:31.166+0000][169.618s][info][gc,metaspace   ] GC(50) Metaspace: 167998K(169856K)->167998K(169856K) NonClass: 141380K(142464K)->141380K(142464K) Class: 26618K(27392K)->26618K(27392K)
[2026-09-25T16:10:31.166+0000][169.618s][info][gc             ] GC(50) Pause Young (Allocation Failure) 6580M->3625M(6779M) 94.631ms
[2026-09-25T16:10:31.166+0000][169.618s][info][gc,cpu         ] GC(50) User=0.37s Sys=0.00s Real=0.09s
[2026-09-25T16:10:34.659+0000][173.112s][info][gc,start       ] GC(51) Pause Young (Allocation Failure)
[2026-09-25T16:10:34.762+0000][173.214s][info][gc,heap        ] GC(51) PSYoungGen: 3119457K(3271168K)->41953K(3268608K) Eden: 3076608K(3076608K)->0K(3076608K) From: 42849K(194560K)->41953K(192000K)
[2026-09-25T16:10:34.762+0000][173.214s][info][gc,heap        ] GC(51) ParOldGen: 3670120K(3670528K)->3683360K(3683840K)
[2026-09-25T16:10:34.762+0000][173.214s][info][gc,metaspace   ] GC(51) Metaspace: 168030K(169856K)->168030K(169856K) NonClass: 141402K(142464K)->141402K(142464K) Class: 26627K(27392K)->26627K(27392K)
[2026-09-25T16:10:34.762+0000][173.214s][info][gc             ] GC(51) Pause Young (Allocation Failure) 6630M->3638M(6789M) 102.282ms
[2026-09-25T16:10:34.762+0000][173.214s][info][gc,cpu         ] GC(51) User=0.38s Sys=0.01s Real=0.10s
[2026-09-25T16:10:38.394+0000][176.847s][info][gc,start       ] GC(52) Pause Young (Allocation Failure)
[2026-09-25T16:10:38.495+0000][176.948s][info][gc,heap        ] GC(52) PSYoungGen: 3118561K(3268608K)->42433K(3293696K) Eden: 3076608K(3076608K)->0K(3117568K) From: 41953K(192000K)->42433K(176128K)
[2026-09-25T16:10:38.495+0000][176.948s][info][gc,heap        ] GC(52) ParOldGen: 3683360K(3683840K)->3695555K(3695616K)
[2026-09-25T16:10:38.495+0000][176.948s][info][gc,metaspace   ] GC(52) Metaspace: 168039K(169856K)->168039K(169856K) NonClass: 141406K(142464K)->141406K(142464K) Class: 26633K(27392K)->26633K(27392K)
[2026-09-25T16:10:38.495+0000][176.948s][info][gc             ] GC(52) Pause Young (Allocation Failure) 6642M->3650M(6825M) 101.372ms
[2026-09-25T16:10:38.495+0000][176.948s][info][gc,cpu         ] GC(52) User=0.37s Sys=0.01s Real=0.10s
[2026-09-25T16:10:42.535+0000][180.987s][info][gc,start       ] GC(53) Pause Young (Allocation Failure)
[2026-09-25T16:10:42.631+0000][181.084s][info][gc,heap        ] GC(53) PSYoungGen: 3160001K(3293696K)->48401K(3291136K) Eden: 3117568K(3117568K)->0K(3117568K) From: 42433K(176128K)->48401K(173568K)
[2026-09-25T16:10:42.632+0000][181.084s][info][gc,heap        ] GC(53) ParOldGen: 3695555K(3695616K)->3709347K(3709440K)
[2026-09-25T16:10:42.632+0000][181.084s][info][gc,metaspace   ] GC(53) Metaspace: 168078K(169856K)->168078K(169856K) NonClass: 141429K(142464K)->141429K(142464K) Class: 26648K(27392K)->26648K(27392K)
[2026-09-25T16:10:42.632+0000][181.084s][info][gc             ] GC(53) Pause Young (Allocation Failure) 6694M->3669M(6836M) 96.910ms
[2026-09-25T16:10:42.632+0000][181.084s][info][gc,cpu         ] GC(53) User=0.38s Sys=0.01s Real=0.10s
[2026-09-25T16:10:46.135+0000][184.587s][info][gc,start       ] GC(54) Pause Young (Allocation Failure)
[2026-09-25T16:10:46.231+0000][184.684s][info][gc,heap        ] GC(54) PSYoungGen: 3165969K(3291136K)->41504K(3313664K) Eden: 3117568K(3117568K)->0K(3152896K) From: 48401K(173568K)->41504K(160768K)
[2026-09-25T16:10:46.231+0000][184.684s][info][gc,heap        ] GC(54) ParOldGen: 3709347K(3709440K)->3729534K(3729920K)
[2026-09-25T16:10:46.231+0000][184.684s][info][gc,metaspace   ] GC(54) Metaspace: 168259K(170112K)->168259K(170112K) NonClass: 141582K(142592K)->141582K(142592K) Class: 26676K(27520K)->26676K(27520K)
[2026-09-25T16:10:46.231+0000][184.684s][info][gc             ] GC(54) Pause Young (Allocation Failure) 6714M->3682M(6878M) 96.644ms
[2026-09-25T16:10:46.231+0000][184.684s][info][gc,cpu         ] GC(54) User=0.37s Sys=0.01s Real=0.10s
[2026-09-25T16:10:50.009+0000][188.462s][info][gc,start       ] GC(55) Pause Young (Allocation Failure)
[2026-09-25T16:10:50.106+0000][188.559s][info][gc,heap        ] GC(55) PSYoungGen: 3194400K(3313664K)->43249K(3309056K) Eden: 3152896K(3152896K)->0K(3152896K) From: 41504K(160768K)->43249K(156160K)
[2026-09-25T16:10:50.106+0000][188.559s][info][gc,heap        ] GC(55) ParOldGen: 3729534K(3729920K)->3741550K(3741696K)
[2026-09-25T16:10:50.106+0000][188.559s][info][gc,metaspace   ] GC(55) Metaspace: 168263K(170112K)->168263K(170112K) NonClass: 141587K(142592K)->141587K(142592K) Class: 26676K(27520K)->26676K(27520K)
[2026-09-25T16:10:50.106+0000][188.559s][info][gc             ] GC(55) Pause Young (Allocation Failure) 6761M->3696M(6885M) 97.077ms
[2026-09-25T16:10:50.106+0000][188.559s][info][gc,cpu         ] GC(55) User=0.37s Sys=0.01s Real=0.09s
[2026-09-25T16:10:53.738+0000][192.191s][info][gc,start       ] GC(56) Pause Young (Allocation Failure)
[2026-09-25T16:10:53.836+0000][192.288s][info][gc,heap        ] GC(56) PSYoungGen: 3196145K(3309056K)->45761K(3331072K) Eden: 3152896K(3152896K)->0K(3185664K) From: 43249K(156160K)->45761K(145408K)
[2026-09-25T16:10:53.836+0000][192.288s][info][gc,heap        ] GC(56) ParOldGen: 3741550K(3741696K)->3756910K(3757056K)
[2026-09-25T16:10:53.836+0000][192.288s][info][gc,metaspace   ] GC(56) Metaspace: 168270K(170176K)->168270K(170176K) NonClass: 141591K(142656K)->141591K(142656K) Class: 26679K(27520K)->26679K(27520K)
[2026-09-25T16:10:53.836+0000][192.288s][info][gc             ] GC(56) Pause Young (Allocation Failure) 6775M->3713M(6922M) 97.481ms
[2026-09-25T16:10:53.836+0000][192.288s][info][gc,cpu         ] GC(56) User=0.37s Sys=0.01s Real=0.09s
[2026-09-25T16:10:57.607+0000][196.059s][info][gc,start       ] GC(57) Pause Young (Allocation Failure)
[2026-09-25T16:10:57.705+0000][196.158s][info][gc,heap        ] GC(57) PSYoungGen: 3231425K(3331072K)->42144K(3326464K) Eden: 3185664K(3185664K)->0K(3185664K) From: 45761K(145408K)->42144K(140800K)
[2026-09-25T16:10:57.705+0000][196.158s][info][gc,heap        ] GC(57) ParOldGen: 3756910K(3757056K)->3773953K(3774464K)
[2026-09-25T16:10:57.705+0000][196.158s][info][gc,metaspace   ] GC(57) Metaspace: 168283K(170176K)->168283K(170176K) NonClass: 141603K(142656K)->141603K(142656K) Class: 26679K(27520K)->26679K(27520K)
[2026-09-25T16:10:57.705+0000][196.158s][info][gc             ] GC(57) Pause Young (Allocation Failure) 6824M->3726M(6934M) 98.218ms
[2026-09-25T16:10:57.705+0000][196.158s][info][gc,cpu         ] GC(57) User=0.38s Sys=0.01s Real=0.10s
[2026-09-25T16:11:01.512+0000][199.964s][info][gc,start       ] GC(58) Pause Young (Allocation Failure)
[2026-09-25T16:11:01.607+0000][200.059s][info][gc,heap        ] GC(58) PSYoungGen: 3227808K(3326464K)->39728K(3347968K) Eden: 3185664K(3185664K)->0K(3214848K) From: 42144K(140800K)->39728K(133120K)
[2026-09-25T16:11:01.607+0000][200.059s][info][gc,heap        ] GC(58) ParOldGen: 3773953K(3774464K)->3789565K(3789824K)
[2026-09-25T16:11:01.607+0000][200.059s][info][gc,metaspace   ] GC(58) Metaspace: 168291K(170176K)->168291K(170176K) NonClass: 141611K(142656K)->141611K(142656K) Class: 26679K(27520K)->26679K(27520K)
[2026-09-25T16:11:01.607+0000][200.059s][info][gc             ] GC(58) Pause Young (Allocation Failure) 6837M->3739M(6970M) 94.886ms
[2026-09-25T16:11:01.607+0000][200.059s][info][gc,cpu         ] GC(58) User=0.36s Sys=0.01s Real=0.09s
[2026-09-25T16:11:05.496+0000][203.949s][info][gc,start       ] GC(59) Pause Young (Allocation Failure)
[2026-09-25T16:11:05.597+0000][204.049s][info][gc,heap        ] GC(59) PSYoungGen: 3254576K(3347968K)->40032K(3342848K) Eden: 3214848K(3214848K)->0K(3214848K) From: 39728K(133120K)->40032K(128000K)
[2026-09-25T16:11:05.597+0000][204.049s][info][gc,heap        ] GC(59) ParOldGen: 3789565K(3789824K)->3800836K(3801088K)
[2026-09-25T16:11:05.597+0000][204.049s][info][gc,metaspace   ] GC(59) Metaspace: 168395K(170240K)->168395K(170240K) NonClass: 141703K(142720K)->141703K(142720K) Class: 26691K(27520K)->26691K(27520K)
[2026-09-25T16:11:05.597+0000][204.050s][info][gc             ] GC(59) Pause Young (Allocation Failure) 6879M->3750M(6976M) 100.416ms
[2026-09-25T16:11:05.597+0000][204.050s][info][gc,cpu         ] GC(59) User=0.38s Sys=0.01s Real=0.10s
[2026-09-25T16:11:09.455+0000][207.907s][info][gc,start       ] GC(60) Pause Young (Allocation Failure)
[2026-09-25T16:11:09.548+0000][208.001s][info][gc,heap        ] GC(60) PSYoungGen: 3254880K(3342848K)->40277K(3361280K) Eden: 3214848K(3214848K)->0K(3239424K) From: 40032K(128000K)->40277K(121856K)
[2026-09-25T16:11:09.548+0000][208.001s][info][gc,heap        ] GC(60) ParOldGen: 3800836K(3801088K)->3813271K(3813376K)
[2026-09-25T16:11:09.548+0000][208.001s][info][gc,metaspace   ] GC(60) Metaspace: 168420K(170240K)->168420K(170240K) NonClass: 141728K(142720K)->141728K(142720K) Class: 26691K(27520K)->26691K(27520K)
[2026-09-25T16:11:09.548+0000][208.001s][info][gc             ] GC(60) Pause Young (Allocation Failure) 6890M->3763M(7006M) 93.439ms
[2026-09-25T16:11:09.548+0000][208.001s][info][gc,cpu         ] GC(60) User=0.37s Sys=0.01s Real=0.10s
[2026-09-25T16:11:13.430+0000][211.883s][info][gc,start       ] GC(61) Pause Young (Allocation Failure)
[2026-09-25T16:11:13.526+0000][211.978s][info][gc,heap        ] GC(61) PSYoungGen: 3279701K(3361280K)->42033K(3356160K) Eden: 3239424K(3239424K)->0K(3239424K) From: 40277K(121856K)->42033K(116736K)
[2026-09-25T16:11:13.526+0000][211.978s][info][gc,heap        ] GC(61) ParOldGen: 3813271K(3813376K)->3825995K(3826176K)
[2026-09-25T16:11:13.526+0000][211.978s][info][gc,metaspace   ] GC(61) Metaspace: 168493K(170304K)->168493K(170304K) NonClass: 141799K(142784K)->141799K(142784K) Class: 26694K(27520K)->26694K(27520K)
[2026-09-25T16:11:13.526+0000][211.978s][info][gc             ] GC(61) Pause Young (Allocation Failure) 6926M->3777M(7014M) 95.381ms
[2026-09-25T16:11:13.526+0000][211.978s][info][gc,cpu         ] GC(61) User=0.37s Sys=0.01s Real=0.09s
[2026-09-25T16:11:17.532+0000][215.984s][info][gc,start       ] GC(62) Pause Young (Allocation Failure)
[2026-09-25T16:11:17.627+0000][216.080s][info][gc,heap        ] GC(62) PSYoungGen: 3281457K(3356160K)->40096K(3373056K) Eden: 3239424K(3239424K)->0K(3261440K) From: 42033K(116736K)->40096K(111616K)
[2026-09-25T16:11:17.627+0000][216.080s][info][gc,heap        ] GC(62) ParOldGen: 3825995K(3826176K)->3839991K(3840000K)
[2026-09-25T16:11:17.627+0000][216.080s][info][gc,metaspace   ] GC(62) Metaspace: 168498K(170304K)->168498K(170304K) NonClass: 141803K(142784K)->141803K(142784K) Class: 26694K(27520K)->26694K(27520K)
[2026-09-25T16:11:17.627+0000][216.080s][info][gc             ] GC(62) Pause Young (Allocation Failure) 6940M->3789M(7044M) 95.859ms
[2026-09-25T16:11:17.628+0000][216.080s][info][gc,cpu         ] GC(62) User=0.37s Sys=0.01s Real=0.09s
[2026-09-25T16:11:21.700+0000][220.152s][info][gc,start       ] GC(63) Pause Young (Allocation Failure)
[2026-09-25T16:11:21.799+0000][220.251s][info][gc,heap        ] GC(63) PSYoungGen: 3301536K(3373056K)->43441K(3367936K) Eden: 3261440K(3261440K)->0K(3261440K) From: 40096K(111616K)->43441K(106496K)
[2026-09-25T16:11:21.799+0000][220.251s][info][gc,heap        ] GC(63) ParOldGen: 3839991K(3840000K)->3852183K(3852288K)
[2026-09-25T16:11:21.799+0000][220.251s][info][gc,metaspace   ] GC(63) Metaspace: 168519K(170432K)->168519K(170432K) NonClass: 141824K(142912K)->141824K(142912K) Class: 26694K(27520K)->26694K(27520K)
[2026-09-25T16:11:21.799+0000][220.251s][info][gc             ] GC(63) Pause Young (Allocation Failure) 6974M->3804M(7051M) 98.886ms
[2026-09-25T16:11:21.799+0000][220.251s][info][gc,cpu         ] GC(63) User=0.38s Sys=0.01s Real=0.10s
[2026-09-25T16:11:25.870+0000][224.323s][info][gc,start       ] GC(64) Pause Young (Allocation Failure)
[2026-09-25T16:11:25.969+0000][224.422s][info][gc,heap        ] GC(64) PSYoungGen: 3304881K(3367936K)->38608K(3381760K) Eden: 3261440K(3261440K)->0K(3280384K) From: 43441K(106496K)->38608K(101376K)
[2026-09-25T16:11:25.969+0000][224.422s][info][gc,heap        ] GC(64) ParOldGen: 3852183K(3852288K)->3867607K(3867648K)
[2026-09-25T16:11:25.969+0000][224.422s][info][gc,metaspace   ] GC(64) Metaspace: 168541K(170432K)->168541K(170432K) NonClass: 141843K(142912K)->141843K(142912K) Class: 26698K(27520K)->26698K(27520K)
[2026-09-25T16:11:25.969+0000][224.422s][info][gc             ] GC(64) Pause Young (Allocation Failure) 6989M->3814M(7079M) 99.222ms
[2026-09-25T16:11:25.969+0000][224.422s][info][gc,cpu         ] GC(64) User=0.38s Sys=0.01s Real=0.10s
[2026-09-25T16:11:30.172+0000][228.624s][info][gc,start       ] GC(65) Pause Young (Allocation Failure)
[2026-09-25T16:11:30.272+0000][228.725s][info][gc,heap        ] GC(65) PSYoungGen: 3318992K(3381760K)->40369K(3378176K) Eden: 3280384K(3280384K)->0K(3280384K) From: 38608K(101376K)->40369K(97792K)
[2026-09-25T16:11:30.272+0000][228.725s][info][gc,heap        ] GC(65) ParOldGen: 3867607K(3867648K)->3880055K(3880448K)
[2026-09-25T16:11:30.272+0000][228.725s][info][gc,metaspace   ] GC(65) Metaspace: 168562K(170432K)->168562K(170432K) NonClass: 141863K(142912K)->141863K(142912K) Class: 26698K(27520K)->26698K(27520K)
[2026-09-25T16:11:30.272+0000][228.725s][info][gc             ] GC(65) Pause Young (Allocation Failure) 7018M->3828M(7088M) 100.271ms
[2026-09-25T16:11:30.272+0000][228.725s][info][gc,cpu         ] GC(65) User=0.38s Sys=0.01s Real=0.10s
[2026-09-25T16:11:34.339+0000][232.791s][info][gc,start       ] GC(66) Pause Young (Allocation Failure)
[2026-09-25T16:11:34.437+0000][232.890s][info][gc,heap        ] GC(66) PSYoungGen: 3320753K(3378176K)->39377K(3393024K) Eden: 3280384K(3280384K)->0K(3299840K) From: 40369K(97792K)->39377K(93184K)
[2026-09-25T16:11:34.437+0000][232.890s][info][gc,heap        ] GC(66) ParOldGen: 3880055K(3880448K)->3894841K(3895296K)
[2026-09-25T16:11:34.437+0000][232.890s][info][gc,metaspace   ] GC(66) Metaspace: 168581K(170432K)->168581K(170432K) NonClass: 141883K(142912K)->141883K(142912K) Class: 26698K(27520K)->26698K(27520K)
[2026-09-25T16:11:34.437+0000][232.890s][info][gc             ] GC(66) Pause Young (Allocation Failure) 7032M->3842M(7117M) 98.701ms
[2026-09-25T16:11:34.437+0000][232.890s][info][gc,cpu         ] GC(66) User=0.37s Sys=0.01s Real=0.09s
[2026-09-25T16:11:38.749+0000][237.201s][info][gc,start       ] GC(67) Pause Young (Allocation Failure)
[2026-09-25T16:11:38.842+0000][237.294s][info][gc,heap        ] GC(67) PSYoungGen: 3339217K(3393024K)->37761K(3389440K) Eden: 3299840K(3299840K)->0K(3299840K) From: 39377K(93184K)->37761K(89600K)
[2026-09-25T16:11:38.842+0000][237.294s][info][gc,heap        ] GC(67) ParOldGen: 3894841K(3895296K)->3906948K(3907072K)
[2026-09-25T16:11:38.842+0000][237.294s][info][gc,metaspace   ] GC(67) Metaspace: 168637K(170496K)->168637K(170496K) NonClass: 141931K(142976K)->141931K(142976K) Class: 26706K(27520K)->26706K(27520K)
[2026-09-25T16:11:38.842+0000][237.294s][info][gc             ] GC(67) Pause Young (Allocation Failure) 7064M->3852M(7125M) 93.155ms
[2026-09-25T16:11:38.842+0000][237.294s][info][gc,cpu         ] GC(67) User=0.36s Sys=0.01s Real=0.09s
[2026-09-25T16:11:43.182+0000][241.634s][info][gc,start       ] GC(68) Pause Young (Allocation Failure)
[2026-09-25T16:11:43.280+0000][241.733s][info][gc,heap        ] GC(68) PSYoungGen: 3337601K(3389440K)->44161K(3401216K) Eden: 3299840K(3299840K)->0K(3316224K) From: 37761K(89600K)->44161K(84992K)
[2026-09-25T16:11:43.280+0000][241.733s][info][gc,heap        ] GC(68) ParOldGen: 3906948K(3907072K)->3917944K(3918336K)
[2026-09-25T16:11:43.280+0000][241.733s][info][gc,metaspace   ] GC(68) Metaspace: 168795K(170688K)->168795K(170688K) NonClass: 142072K(143104K)->142072K(143104K) Class: 26722K(27584K)->26722K(27584K)
[2026-09-25T16:11:43.280+0000][241.733s][info][gc             ] GC(68) Pause Young (Allocation Failure) 7074M->3869M(7148M) 98.714ms
[2026-09-25T16:11:43.280+0000][241.733s][info][gc,cpu         ] GC(68) User=0.37s Sys=0.01s Real=0.10s
[2026-09-25T16:11:47.551+0000][246.004s][info][gc,start       ] GC(69) Pause Young (Allocation Failure)
[2026-09-25T16:11:47.646+0000][246.099s][info][gc,heap        ] GC(69) PSYoungGen: 3360385K(3401216K)->41153K(3398656K) Eden: 3316224K(3316224K)->0K(3316224K) From: 44161K(84992K)->41153K(82432K)
[2026-09-25T16:11:47.646+0000][246.099s][info][gc,heap        ] GC(69) ParOldGen: 3917944K(3918336K)->3933071K(3933184K)
[2026-09-25T16:11:47.646+0000][246.099s][info][gc,metaspace   ] GC(69) Metaspace: 168817K(170752K)->168817K(170752K) NonClass: 142095K(143168K)->142095K(143168K) Class: 26722K(27584K)->26722K(27584K)
[2026-09-25T16:11:47.646+0000][246.099s][info][gc             ] GC(69) Pause Young (Allocation Failure) 7107M->3881M(7160M) 95.396ms
[2026-09-25T16:11:47.646+0000][246.099s][info][gc,cpu         ] GC(69) User=0.37s Sys=0.01s Real=0.09s
[2026-09-25T16:11:51.966+0000][250.418s][info][gc,start       ] GC(70) Pause Young (Allocation Failure)
[2026-09-25T16:11:52.063+0000][250.516s][info][gc,heap        ] GC(70) PSYoungGen: 3357377K(3398656K)->43152K(3408896K) Eden: 3316224K(3316224K)->0K(3331072K) From: 41153K(82432K)->43152K(77824K)
[2026-09-25T16:11:52.063+0000][250.516s][info][gc,heap        ] GC(70) ParOldGen: 3933071K(3933184K)->3945799K(3945984K)
[2026-09-25T16:11:52.063+0000][250.516s][info][gc,metaspace   ] GC(70) Metaspace: 168841K(170752K)->168841K(170752K) NonClass: 142117K(143168K)->142117K(143168K) Class: 26724K(27584K)->26724K(27584K)
[2026-09-25T16:11:52.063+0000][250.516s][info][gc             ] GC(70) Pause Young (Allocation Failure) 7119M->3895M(7182M) 97.727ms
[2026-09-25T16:11:52.063+0000][250.516s][info][gc,cpu         ] GC(70) User=0.37s Sys=0.01s Real=0.10s
[2026-09-25T16:11:56.393+0000][254.846s][info][gc,start       ] GC(71) Pause Young (Allocation Failure)
[2026-09-25T16:11:56.500+0000][254.953s][info][gc,heap        ] GC(71) PSYoungGen: 3374224K(3408896K)->44113K(3406848K) Eden: 3331072K(3331072K)->0K(3331072K) From: 43152K(77824K)->44113K(75776K)
[2026-09-25T16:11:56.500+0000][254.953s][info][gc,heap        ] GC(71) ParOldGen: 3945799K(3945984K)->3963315K(3963392K)
[2026-09-25T16:11:56.500+0000][254.953s][info][gc,metaspace   ] GC(71) Metaspace: 168859K(170752K)->168859K(170752K) NonClass: 142133K(143168K)->142133K(143168K) Class: 26726K(27584K)->26726K(27584K)
[2026-09-25T16:11:56.500+0000][254.953s][info][gc             ] GC(71) Pause Young (Allocation Failure) 7148M->3913M(7197M) 106.941ms
[2026-09-25T16:11:56.500+0000][254.953s][info][gc,cpu         ] GC(71) User=0.39s Sys=0.01s Real=0.11s
[2026-09-25T16:12:01.099+0000][259.551s][info][gc,start       ] GC(72) Pause Young (Allocation Failure)
[2026-09-25T16:12:01.199+0000][259.652s][info][gc,heap        ] GC(72) PSYoungGen: 3375185K(3406848K)->45121K(3416576K) Eden: 3331072K(3331072K)->0K(3343872K) From: 44113K(75776K)->45121K(72704K)
[2026-09-25T16:12:01.199+0000][259.652s][info][gc,heap        ] GC(72) ParOldGen: 3963315K(3963392K)->3979883K(3980288K)
[2026-09-25T16:12:01.199+0000][259.652s][info][gc,metaspace   ] GC(72) Metaspace: 168872K(170752K)->168872K(170752K) NonClass: 142146K(143168K)->142146K(143168K) Class: 26726K(27584K)->26726K(27584K)
[2026-09-25T16:12:01.199+0000][259.652s][info][gc             ] GC(72) Pause Young (Allocation Failure) 7166M->3930M(7223M) 100.610ms
[2026-09-25T16:12:01.199+0000][259.652s][info][gc,cpu         ] GC(72) User=0.40s Sys=0.00s Real=0.10s
[2026-09-25T16:12:05.690+0000][264.142s][info][gc,start       ] GC(73) Pause Young (Allocation Failure)
[2026-09-25T16:12:05.791+0000][264.243s][info][gc,heap        ] GC(73) PSYoungGen: 3388993K(3416576K)->43776K(3414016K) Eden: 3343872K(3343872K)->0K(3343872K) From: 45121K(72704K)->43776K(70144K)
[2026-09-25T16:12:05.791+0000][264.243s][info][gc,heap        ] GC(73) ParOldGen: 3979883K(3980288K)->3998831K(3999232K)
[2026-09-25T16:12:05.791+0000][264.243s][info][gc,metaspace   ] GC(73) Metaspace: 168907K(170816K)->168907K(170816K) NonClass: 142181K(143232K)->142181K(143232K) Class: 26726K(27584K)->26726K(27584K)
[2026-09-25T16:12:05.791+0000][264.243s][info][gc             ] GC(73) Pause Young (Allocation Failure) 7196M->3947M(7239M) 101.001ms
[2026-09-25T16:12:05.791+0000][264.243s][info][gc,cpu         ] GC(73) User=0.39s Sys=0.02s Real=0.10s
[2026-09-25T16:12:10.200+0000][268.652s][info][gc,start       ] GC(74) Pause Young (Allocation Failure)
[2026-09-25T16:12:10.301+0000][268.754s][info][gc,heap        ] GC(74) PSYoungGen: 3387648K(3414016K)->41744K(3421184K) Eden: 3343872K(3343872K)->0K(3353600K) From: 43776K(70144K)->41744K(67584K)
[2026-09-25T16:12:10.301+0000][268.754s][info][gc,heap        ] GC(74) ParOldGen: 3998831K(3999232K)->4015667K(4016128K)
[2026-09-25T16:12:10.301+0000][268.754s][info][gc,metaspace   ] GC(74) Metaspace: 168919K(170816K)->168919K(170816K) NonClass: 142192K(143232K)->142192K(143232K) Class: 26726K(27584K)->26726K(27584K)
[2026-09-25T16:12:10.301+0000][268.754s][info][gc             ] GC(74) Pause Young (Allocation Failure) 7213M->3962M(7263M) 101.314ms
[2026-09-25T16:12:10.301+0000][268.754s][info][gc,cpu         ] GC(74) User=0.39s Sys=0.01s Real=0.10s
[2026-09-25T16:12:15.007+0000][273.459s][info][gc,start       ] GC(75) Pause Young (Allocation Failure)
[2026-09-25T16:12:15.108+0000][273.561s][info][gc,heap        ] GC(75) PSYoungGen: 3395344K(3421184K)->39840K(3419648K) Eden: 3353600K(3353600K)->0K(3353600K) From: 41744K(67584K)->39840K(66048K)
[2026-09-25T16:12:15.108+0000][273.561s][info][gc,heap        ] GC(75) ParOldGen: 4015667K(4016128K)->4030722K(4030976K)
[2026-09-25T16:12:15.108+0000][273.561s][info][gc,metaspace   ] GC(75) Metaspace: 168955K(170816K)->168955K(170816K) NonClass: 142229K(143232K)->142229K(143232K) Class: 26726K(27584K)->26726K(27584K)
[2026-09-25T16:12:15.108+0000][273.561s][info][gc             ] GC(75) Pause Young (Allocation Failure) 7237M->3975M(7276M) 101.509ms
[2026-09-25T16:12:15.108+0000][273.561s][info][gc,cpu         ] GC(75) User=0.38s Sys=0.01s Real=0.11s
[2026-09-25T16:12:19.614+0000][278.066s][info][gc,start       ] GC(76) Pause Young (Allocation Failure)
[2026-09-25T16:12:19.722+0000][278.175s][info][gc,heap        ] GC(76) PSYoungGen: 3393440K(3419648K)->44593K(3427328K) Eden: 3353600K(3353600K)->0K(3362816K) From: 39840K(66048K)->44593K(64512K)
[2026-09-25T16:12:19.722+0000][278.175s][info][gc,heap        ] GC(76) ParOldGen: 4030722K(4030976K)->4044465K(4044800K)
[2026-09-25T16:12:19.722+0000][278.175s][info][gc,metaspace   ] GC(76) Metaspace: 168964K(170816K)->168964K(170816K) NonClass: 142235K(143232K)->142235K(143232K) Class: 26729K(27584K)->26729K(27584K)
[2026-09-25T16:12:19.722+0000][278.175s][info][gc             ] GC(76) Pause Young (Allocation Failure) 7250M->3993M(7297M) 108.515ms
[2026-09-25T16:12:19.722+0000][278.175s][info][gc,cpu         ] GC(76) User=0.40s Sys=0.01s Real=0.11s
[2026-09-25T16:12:24.395+0000][282.847s][info][gc,start       ] GC(77) Pause Young (Allocation Failure)
[2026-09-25T16:12:24.499+0000][282.952s][info][gc,heap        ] GC(77) PSYoungGen: 3407409K(3427328K)->43969K(3425792K) Eden: 3362816K(3362816K)->0K(3362816K) From: 44593K(64512K)->43969K(62976K)
[2026-09-25T16:12:24.499+0000][282.952s][info][gc,heap        ] GC(77) ParOldGen: 4044465K(4044800K)->4062122K(4062208K)
[2026-09-25T16:12:24.499+0000][282.952s][info][gc,metaspace   ] GC(77) Metaspace: 168973K(170880K)->168973K(170880K) NonClass: 142243K(143296K)->142243K(143296K) Class: 26729K(27584K)->26729K(27584K)
[2026-09-25T16:12:24.499+0000][282.952s][info][gc             ] GC(77) Pause Young (Allocation Failure) 7277M->4009M(7312M) 104.193ms
[2026-09-25T16:12:24.499+0000][282.952s][info][gc,cpu         ] GC(77) User=0.40s Sys=0.02s Real=0.11s
[2026-09-25T16:12:29.207+0000][287.659s][info][gc,start       ] GC(78) Pause Young (Allocation Failure)
[2026-09-25T16:12:29.310+0000][287.763s][info][gc,heap        ] GC(78) PSYoungGen: 3406785K(3425792K)->43376K(3429888K) Eden: 3362816K(3362816K)->0K(3368960K) From: 43969K(62976K)->43376K(60928K)
[2026-09-25T16:12:29.310+0000][287.763s][info][gc,heap        ] GC(78) ParOldGen: 4062122K(4062208K)->4078978K(4079104K)
[2026-09-25T16:12:29.310+0000][287.763s][info][gc,metaspace   ] GC(78) Metaspace: 168980K(170880K)->168980K(170880K) NonClass: 142250K(143296K)->142250K(143296K) Class: 26729K(27584K)->26729K(27584K)
[2026-09-25T16:12:29.310+0000][287.763s][info][gc             ] GC(78) Pause Young (Allocation Failure) 7293M->4025M(7333M) 103.564ms
[2026-09-25T16:12:29.310+0000][287.763s][info][gc,cpu         ] GC(78) User=0.40s Sys=0.01s Real=0.11s
[2026-09-25T16:12:34.230+0000][292.682s][info][gc,start       ] GC(79) Pause Young (Allocation Failure)
[2026-09-25T16:12:34.339+0000][292.791s][info][gc,heap        ] GC(79) PSYoungGen: 3412336K(3429888K)->45249K(3428352K) Eden: 3368960K(3368960K)->0K(3368960K) From: 43376K(60928K)->45249K(59392K)
[2026-09-25T16:12:34.339+0000][292.791s][info][gc,heap        ] GC(79) ParOldGen: 4078978K(4079104K)->4094529K(4094976K)
[2026-09-25T16:12:34.339+0000][292.791s][info][gc,metaspace   ] GC(79) Metaspace: 169007K(170880K)->169007K(170880K) NonClass: 142268K(143296K)->142268K(143296K) Class: 26738K(27584K)->26738K(27584K)
[2026-09-25T16:12:34.339+0000][292.791s][info][gc             ] GC(79) Pause Young (Allocation Failure) 7315M->4042M(7347M) 108.995ms
[2026-09-25T16:12:34.339+0000][292.791s][info][gc,cpu         ] GC(79) User=0.40s Sys=0.02s Real=0.11s
