[0.003s][info][gc] Using G1
[0.336s][info][gc] GC(0) Pause Young (Concurrent Start) (G1 Humongous Allocation) 241M->3M(513M) 3.794ms
[0.336s][info][gc] GC(1) Concurrent Undo Cycle
[0.336s][info][gc] GC(1) Concurrent Undo Cycle 0.099ms
[0.429s][info][gc] GC(2) Pause Young (Normal) (G1 Evacuation Pause) 215M->2M(513M) 3.504ms
[1.790s][info][gc] GC(3) Pause Young (Concurrent Start) (Metadata GC Threshold) 312M->15M(513M) 12.093ms
[1.790s][info][gc] GC(4) Concurrent Mark Cycle
[1.806s][info][gc] GC(4) Pause Remark 16M->16M(512M) 2.573ms
[1.807s][info][gc] GC(4) Pause Cleanup 16M->16M(512M) 0.099ms
[1.809s][info][gc] GC(4) Concurrent Mark Cycle 18.682ms
[2.257s][info][gc] GC(5) Pause Young (Prepare Mixed) (G1 Evacuation Pause) 67M->32M(512M) 45.919ms
[2.294s][info][gc] GC(6) Pause Young (Mixed) (G1 Evacuation Pause) 49M->40M(512M) 17.450ms
[2.389s][info][gc] GC(7) Pause Young (Normal) (GCLocker Initiated GC) 67M->54M(512M) 23.954ms
[2.438s][info][gc] GC(8) Pause Young (Normal) (G1 Evacuation Pause) 89M->72M(976M) 14.647ms
[2.558s][info][gc] GC(9) Pause Young (Normal) (G1 Evacuation Pause) 115M->93M(976M) 42.778ms
[2.655s][info][gc] GC(10) Pause Young (Normal) (G1 Evacuation Pause) 135M->116M(976M) 50.563ms
[2.769s][info][gc] GC(11) Pause Young (Normal) (G1 Evacuation Pause) 158M->139M(976M) 54.727ms
[3.335s][info][gc] GC(12) Pause Young (Normal) (G1 Evacuation Pause) 181M->154M(1405M) 23.567ms
[3.389s][info][gc] GC(13) Pause Young (Concurrent Start) (Metadata GC Threshold) 155M->155M(1405M) 9.708ms
[3.390s][info][gc] GC(14) Concurrent Mark Cycle
[3.606s][info][gc] GC(14) Pause Remark 162M->158M(527M) 4.560ms
[3.821s][info][gc] GC(14) Pause Cleanup 172M->172M(527M) 0.188ms
[3.823s][info][gc] GC(14) Concurrent Mark Cycle 433.313ms
[4.266s][info][gc] GC(15) Pause Young (Prepare Mixed) (G1 Evacuation Pause) 270M->163M(527M) 41.827ms
[6.178s][info][gc] GC(16) Pause Young (Mixed) (G1 Evacuation Pause) 387M->188M(527M) 72.319ms
[6.355s][info][gc] GC(17) Pause Young (Normal) (G1 Evacuation Pause) 301M->227M(527M) 74.322ms
[6.638s][info][gc] GC(18) Pause Young (Concurrent Start) (Metadata GC Threshold) 330M->259M(527M) 39.597ms
[6.638s][info][gc] GC(19) Concurrent Mark Cycle
[6.897s][info][gc] GC(19) Pause Remark 260M->229M(527M) 10.306ms
[7.057s][info][gc] GC(19) Pause Cleanup 229M->229M(527M) 0.271ms
[7.058s][info][gc] GC(19) Concurrent Mark Cycle 420.211ms
[9.158s][info][gc] GC(20) Pause Young (Prepare Mixed) (G1 Evacuation Pause) 390M->256M(527M) 63.381ms
[10.120s][info][gc] GC(21) Pause Young (Mixed) (G1 Evacuation Pause) 428M->246M(527M) 29.764ms
[10.997s][info][gc] GC(22) Pause Young (Mixed) (G1 Evacuation Pause) 438M->244M(527M) 22.660ms
[11.253s][info][gc] GC(23) Pause Young (Concurrent Start) (G1 Humongous Allocation) 348M->247M(527M) 39.862ms
[11.253s][info][gc] GC(24) Concurrent Mark Cycle
[11.583s][info][gc] GC(24) Pause Remark 277M->277M(527M) 13.563ms
[11.763s][info][gc] GC(24) Pause Cleanup 310M->310M(527M) 0.232ms
[11.764s][info][gc] GC(24) Concurrent Mark Cycle 511.071ms
[12.604s][info][gc] GC(25) Pause Young (Prepare Mixed) (G1 Evacuation Pause) 469M->312M(551M) 111.231ms
[13.504s][info][gc] GC(26) Pause Young (Mixed) (G1 Evacuation Pause) 459M->325M(551M) 77.414ms
[13.724s][info][gc] GC(27) Pause Young (Concurrent Start) (G1 Humongous Allocation) 334M->328M(902M) 20.652ms
[13.724s][info][gc] GC(28) Concurrent Undo Cycle
[13.727s][info][gc] GC(28) Concurrent Undo Cycle 3.551ms
[13.801s][info][gc] GC(29) Pause Young (Concurrent Start) (G1 Humongous Allocation) 339M->329M(902M) 4.905ms
[13.801s][info][gc] GC(30) Concurrent Mark Cycle
[14.570s][info][gc] GC(30) Pause Remark 433M->423M(902M) 15.725ms
[14.864s][info][gc] GC(30) Pause Cleanup 514M->514M(902M) 0.393ms
[14.869s][info][gc] GC(30) Concurrent Mark Cycle 1067.735ms
[29.610s][info][gc] GC(31) Pause Young (Prepare Mixed) (G1 Evacuation Pause) 767M->338M(902M) 37.985ms
[33.073s][info][gc] GC(32) Pause Young (Mixed) (G1 Evacuation Pause) 797M->331M(902M) 72.022ms
[37.353s][info][gc] GC(33) Pause Young (Concurrent Start) (G1 Evacuation Pause) 799M->346M(902M) 77.846ms
[37.353s][info][gc] GC(34) Concurrent Mark Cycle
[38.213s][info][gc] GC(34) Pause Remark 415M->392M(902M) 19.675ms
[38.603s][info][gc] GC(34) Pause Cleanup 440M->440M(902M) 0.393ms
[38.606s][info][gc] GC(34) Concurrent Mark Cycle 1252.313ms
[40.691s][info][gc] GC(35) Pause Young (Prepare Mixed) (G1 Evacuation Pause) 791M->344M(902M) 70.271ms
[43.866s][info][gc] GC(36) Pause Young (Mixed) (G1 Evacuation Pause) 817M->356M(902M) 60.718ms
[52.176s][info][gc] GC(37) Pause Young (Mixed) (G1 Evacuation Pause) 819M->355M(902M) 57.501ms
[52.856s][info][gc] GC(38) Pause Young (Concurrent Start) (G1 Evacuation Pause) 831M->353M(902M) 44.679ms
[52.856s][info][gc] GC(39) Concurrent Mark Cycle
[52.974s][info][gc] GC(39) Concurrent Mark Cycle 117.550ms
