[2026-09-22T02:28:49.563+0000][0.011s][info][gc,init] CardTable entry size: 512
[2026-09-22T02:28:49.563+0000][0.011s][info][gc     ] Using Parallel
[2026-09-22T02:28:49.573+0000][0.021s][info][gc,init] Version: 21.0.12.1+1-LTS (release)
[2026-09-22T02:28:49.573+0000][0.021s][info][gc,init] CPUs: 4 total, 4 available
[2026-09-22T02:28:49.573+0000][0.021s][info][gc,init] Memory: 15989M
[2026-09-22T02:28:49.573+0000][0.021s][info][gc,init] Large Page Support: Disabled
[2026-09-22T02:28:49.573+0000][0.021s][info][gc,init] NUMA Support: Disabled
[2026-09-22T02:28:49.573+0000][0.021s][info][gc,init] Compressed Oops: Enabled (Zero based)
[2026-09-22T02:28:49.573+0000][0.021s][info][gc,init] Alignments: Space 512K, Generation 512K, Heap 2M
[2026-09-22T02:28:49.573+0000][0.021s][info][gc,init] Heap Min Capacity: 4G
[2026-09-22T02:28:49.573+0000][0.021s][info][gc,init] Heap Initial Capacity: 4G
[2026-09-22T02:28:49.573+0000][0.021s][info][gc,init] Heap Max Capacity: 10G
[2026-09-22T02:28:49.573+0000][0.021s][info][gc,init] Pre-touch: Disabled
[2026-09-22T02:28:49.573+0000][0.021s][info][gc,init] Parallel Workers: 4
[2026-09-22T02:28:49.580+0000][0.029s][info][gc,metaspace] CDS archive(s) mapped at: [0x00007f9ffb000000-0x00007f9ffbc9c000-0x00007f9ffbc9c000), size 13221888, SharedBaseAddress: 0x00007f9ffb000000, ArchiveRelocationMode: 1.
[2026-09-22T02:28:49.581+0000][0.029s][info][gc,metaspace] Compressed class space mapped at: 0x00007f9ffc000000-0x00007fa03c000000, reserved size: 1073741824
[2026-09-22T02:28:49.581+0000][0.029s][info][gc,metaspace] Narrow klass base: 0x00007f9ffb000000, Narrow klass shift: 0, Narrow klass range: 0x100000000
[2026-09-22T02:28:51.753+0000][2.201s][info][gc,start    ] GC(0) Pause Young (Metadata GC Threshold)
[2026-09-22T02:28:51.759+0000][2.207s][info][gc,heap     ] GC(0) PSYoungGen: 919414K(1223168K)->12710K(1223168K) Eden: 919414K(1048576K)->0K(1048576K) From: 0K(174592K)->12710K(174592K)
[2026-09-22T02:28:51.759+0000][2.207s][info][gc,heap     ] GC(0) ParOldGen: 1073K(2796544K)->1145K(2796544K)
[2026-09-22T02:28:51.759+0000][2.207s][info][gc,metaspace] GC(0) Metaspace: 21081K(21504K)->21081K(21504K) NonClass: 18707K(18944K)->18707K(18944K) Class: 2374K(2560K)->2374K(2560K)
[2026-09-22T02:28:51.759+0000][2.207s][info][gc          ] GC(0) Pause Young (Metadata GC Threshold) 898M->13M(3925M) 5.919ms
[2026-09-22T02:28:51.759+0000][2.207s][info][gc,cpu      ] GC(0) User=0.02s Sys=0.00s Real=0.00s
[2026-09-22T02:28:51.759+0000][2.207s][info][gc,start    ] GC(1) Pause Full (Metadata GC Threshold)
[2026-09-22T02:28:51.759+0000][2.207s][info][gc,phases,start] GC(1) Marking Phase
[2026-09-22T02:28:51.766+0000][2.214s][info][gc,phases      ] GC(1) Marking Phase 7.032ms
[2026-09-22T02:28:51.766+0000][2.214s][info][gc,phases,start] GC(1) Summary Phase
[2026-09-22T02:28:51.766+0000][2.214s][info][gc,phases      ] GC(1) Summary Phase 0.008ms
[2026-09-22T02:28:51.766+0000][2.214s][info][gc,phases,start] GC(1) Adjust Roots
[2026-09-22T02:28:51.769+0000][2.217s][info][gc,phases      ] GC(1) Adjust Roots 2.587ms
[2026-09-22T02:28:51.769+0000][2.217s][info][gc,phases,start] GC(1) Compaction Phase
[2026-09-22T02:28:51.776+0000][2.224s][info][gc,phases      ] GC(1) Compaction Phase 7.047ms
[2026-09-22T02:28:51.776+0000][2.224s][info][gc,phases,start] GC(1) Post Compact
[2026-09-22T02:28:51.777+0000][2.225s][info][gc,phases      ] GC(1) Post Compact 1.104ms
[2026-09-22T02:28:51.777+0000][2.225s][info][gc,heap        ] GC(1) PSYoungGen: 12710K(1223168K)->0K(1223168K) Eden: 0K(1048576K)->0K(1048576K) From: 12710K(174592K)->0K(174592K)
[2026-09-22T02:28:51.777+0000][2.225s][info][gc,heap        ] GC(1) ParOldGen: 1145K(2796544K)->13575K(2796544K)
[2026-09-22T02:28:51.777+0000][2.225s][info][gc,metaspace   ] GC(1) Metaspace: 21081K(21504K)->21081K(21504K) NonClass: 18707K(18944K)->18707K(18944K) Class: 2374K(2560K)->2374K(2560K)
[2026-09-22T02:28:51.777+0000][2.225s][info][gc             ] GC(1) Pause Full (Metadata GC Threshold) 13M->13M(3925M) 17.889ms
[2026-09-22T02:28:51.777+0000][2.225s][info][gc,cpu         ] GC(1) User=0.04s Sys=0.01s Real=0.02s
[2026-09-22T02:28:52.925+0000][3.373s][info][gc,start       ] GC(2) Pause Young (Metadata GC Threshold)
[2026-09-22T02:28:52.947+0000][3.395s][info][gc,heap        ] GC(2) PSYoungGen: 442206K(1223168K)->51017K(1223168K) Eden: 442206K(1048576K)->0K(1048576K) From: 0K(174592K)->51017K(174592K)
[2026-09-22T02:28:52.947+0000][3.395s][info][gc,heap        ] GC(2) ParOldGen: 13575K(2796544K)->13583K(2796544K)
[2026-09-22T02:28:52.947+0000][3.395s][info][gc,metaspace   ] GC(2) Metaspace: 35377K(35840K)->35377K(35840K) NonClass: 31279K(31552K)->31279K(31552K) Class: 4097K(4288K)->4097K(4288K)
[2026-09-22T02:28:52.947+0000][3.395s][info][gc             ] GC(2) Pause Young (Metadata GC Threshold) 445M->63M(3925M) 22.045ms
[2026-09-22T02:28:52.947+0000][3.395s][info][gc,cpu         ] GC(2) User=0.07s Sys=0.01s Real=0.02s
[2026-09-22T02:28:52.947+0000][3.395s][info][gc,start       ] GC(3) Pause Full (Metadata GC Threshold)
[2026-09-22T02:28:52.947+0000][3.395s][info][gc,phases,start] GC(3) Marking Phase
[2026-09-22T02:28:52.969+0000][3.417s][info][gc,phases      ] GC(3) Marking Phase 22.326ms
[2026-09-22T02:28:52.969+0000][3.417s][info][gc,phases,start] GC(3) Summary Phase
[2026-09-22T02:28:52.969+0000][3.417s][info][gc,phases      ] GC(3) Summary Phase 0.016ms
[2026-09-22T02:28:52.969+0000][3.417s][info][gc,phases,start] GC(3) Adjust Roots
[2026-09-22T02:28:52.972+0000][3.420s][info][gc,phases      ] GC(3) Adjust Roots 3.125ms
[2026-09-22T02:28:52.972+0000][3.420s][info][gc,phases,start] GC(3) Compaction Phase
[2026-09-22T02:28:53.013+0000][3.461s][info][gc,phases      ] GC(3) Compaction Phase 40.379ms
[2026-09-22T02:28:53.013+0000][3.461s][info][gc,phases,start] GC(3) Post Compact
[2026-09-22T02:28:53.013+0000][3.462s][info][gc,phases      ] GC(3) Post Compact 0.840ms
[2026-09-22T02:28:53.013+0000][3.462s][info][gc,heap        ] GC(3) PSYoungGen: 51017K(1223168K)->0K(1223168K) Eden: 0K(1048576K)->0K(1048576K) From: 51017K(174592K)->0K(174592K)
[2026-09-22T02:28:53.013+0000][3.462s][info][gc,heap        ] GC(3) ParOldGen: 13583K(2796544K)->64237K(2796544K)
[2026-09-22T02:28:53.013+0000][3.462s][info][gc,metaspace   ] GC(3) Metaspace: 35377K(35840K)->35377K(35840K) NonClass: 31279K(31552K)->31279K(31552K) Class: 4097K(4288K)->4097K(4288K)
[2026-09-22T02:28:53.013+0000][3.462s][info][gc             ] GC(3) Pause Full (Metadata GC Threshold) 63M->62M(3925M) 66.840ms
[2026-09-22T02:28:53.013+0000][3.462s][info][gc,cpu         ] GC(3) User=0.23s Sys=0.00s Real=0.07s
[2026-09-22T02:28:54.656+0000][5.105s][info][gc,start       ] GC(4) Pause Young (Metadata GC Threshold)
[2026-09-22T02:28:54.696+0000][5.144s][info][gc,heap        ] GC(4) PSYoungGen: 380865K(1223168K)->42993K(1223168K) Eden: 380865K(1048576K)->0K(1048576K) From: 0K(174592K)->42993K(174592K)
[2026-09-22T02:28:54.696+0000][5.144s][info][gc,heap        ] GC(4) ParOldGen: 64237K(2796544K)->64245K(2796544K)
[2026-09-22T02:28:54.696+0000][5.145s][info][gc,metaspace   ] GC(4) Metaspace: 59173K(59776K)->59173K(59776K) NonClass: 50569K(50880K)->50569K(50880K) Class: 8604K(8896K)->8604K(8896K)
[2026-09-22T02:28:54.696+0000][5.145s][info][gc             ] GC(4) Pause Young (Metadata GC Threshold) 434M->104M(3925M) 39.875ms
[2026-09-22T02:28:54.696+0000][5.145s][info][gc,cpu         ] GC(4) User=0.15s Sys=0.01s Real=0.04s
[2026-09-22T02:28:54.696+0000][5.145s][info][gc,start       ] GC(5) Pause Full (Metadata GC Threshold)
[2026-09-22T02:28:54.696+0000][5.145s][info][gc,phases,start] GC(5) Marking Phase
[2026-09-22T02:28:54.748+0000][5.196s][info][gc,phases      ] GC(5) Marking Phase 51.712ms
[2026-09-22T02:28:54.748+0000][5.196s][info][gc,phases,start] GC(5) Summary Phase
[2026-09-22T02:28:54.748+0000][5.196s][info][gc,phases      ] GC(5) Summary Phase 0.009ms
[2026-09-22T02:28:54.748+0000][5.196s][info][gc,phases,start] GC(5) Adjust Roots
[2026-09-22T02:28:54.756+0000][5.204s][info][gc,phases      ] GC(5) Adjust Roots 7.601ms
[2026-09-22T02:28:54.756+0000][5.204s][info][gc,phases,start] GC(5) Compaction Phase
[2026-09-22T02:28:54.833+0000][5.281s][info][gc,phases      ] GC(5) Compaction Phase 77.228ms
[2026-09-22T02:28:54.833+0000][5.281s][info][gc,phases,start] GC(5) Post Compact
[2026-09-22T02:28:54.834+0000][5.282s][info][gc,phases      ] GC(5) Post Compact 1.019ms
[2026-09-22T02:28:54.834+0000][5.282s][info][gc,heap        ] GC(5) PSYoungGen: 42993K(1223168K)->0K(1223168K) Eden: 0K(1048576K)->0K(1048576K) From: 42993K(174592K)->0K(174592K)
[2026-09-22T02:28:54.834+0000][5.282s][info][gc,heap        ] GC(5) ParOldGen: 64245K(2796544K)->103073K(2796544K)
[2026-09-22T02:28:54.834+0000][5.282s][info][gc,metaspace   ] GC(5) Metaspace: 59173K(59776K)->59173K(59776K) NonClass: 50569K(50880K)->50569K(50880K) Class: 8604K(8896K)->8604K(8896K)
[2026-09-22T02:28:54.834+0000][5.282s][info][gc             ] GC(5) Pause Full (Metadata GC Threshold) 104M->100M(3925M) 137.737ms
[2026-09-22T02:28:54.834+0000][5.282s][info][gc,cpu         ] GC(5) User=0.52s Sys=0.00s Real=0.14s
[2026-09-22T02:28:57.826+0000][8.275s][info][gc,start       ] GC(6) Pause Young (Metadata GC Threshold)
[2026-09-22T02:28:57.927+0000][8.375s][info][gc,heap        ] GC(6) PSYoungGen: 755992K(1223168K)->174576K(1223168K) Eden: 755992K(1048576K)->0K(1048576K) From: 0K(174592K)->174576K(174592K)
[2026-09-22T02:28:57.927+0000][8.375s][info][gc,heap        ] GC(6) ParOldGen: 103073K(2796544K)->105553K(2796544K)
[2026-09-22T02:28:57.927+0000][8.375s][info][gc,metaspace   ] GC(6) Metaspace: 98762K(99648K)->98762K(99648K) NonClass: 84812K(85312K)->84812K(85312K) Class: 13950K(14336K)->13950K(14336K)
[2026-09-22T02:28:57.927+0000][8.375s][info][gc             ] GC(6) Pause Young (Metadata GC Threshold) 838M->273M(3925M) 100.344ms
[2026-09-22T02:28:57.927+0000][8.375s][info][gc,cpu         ] GC(6) User=0.36s Sys=0.03s Real=0.10s
[2026-09-22T02:28:57.927+0000][8.375s][info][gc,start       ] GC(7) Pause Full (Metadata GC Threshold)
[2026-09-22T02:28:57.927+0000][8.375s][info][gc,phases,start] GC(7) Marking Phase
[2026-09-22T02:28:58.049+0000][8.497s][info][gc,phases      ] GC(7) Marking Phase 122.123ms
[2026-09-22T02:28:58.049+0000][8.497s][info][gc,phases,start] GC(7) Summary Phase
[2026-09-22T02:28:58.049+0000][8.497s][info][gc,phases      ] GC(7) Summary Phase 0.027ms
[2026-09-22T02:28:58.049+0000][8.497s][info][gc,phases,start] GC(7) Adjust Roots
[2026-09-22T02:28:58.058+0000][8.506s][info][gc,phases      ] GC(7) Adjust Roots 9.157ms
[2026-09-22T02:28:58.058+0000][8.506s][info][gc,phases,start] GC(7) Compaction Phase
[2026-09-22T02:28:58.347+0000][8.795s][info][gc,phases      ] GC(7) Compaction Phase 288.403ms
[2026-09-22T02:28:58.347+0000][8.795s][info][gc,phases,start] GC(7) Post Compact
[2026-09-22T02:28:58.348+0000][8.796s][info][gc,phases      ] GC(7) Post Compact 1.515ms
[2026-09-22T02:28:58.348+0000][8.796s][info][gc,heap        ] GC(7) PSYoungGen: 174576K(1223168K)->0K(1223168K) Eden: 0K(1048576K)->0K(1048576K) From: 174576K(174592K)->0K(174592K)
[2026-09-22T02:28:58.348+0000][8.796s][info][gc,heap        ] GC(7) ParOldGen: 105553K(2796544K)->278475K(2796544K)
[2026-09-22T02:28:58.348+0000][8.796s][info][gc,metaspace   ] GC(7) Metaspace: 98762K(99648K)->98762K(99648K) NonClass: 84812K(85312K)->84812K(85312K) Class: 13950K(14336K)->13950K(14336K)
[2026-09-22T02:28:58.348+0000][8.796s][info][gc             ] GC(7) Pause Full (Metadata GC Threshold) 273M->271M(3925M) 421.388ms
[2026-09-22T02:28:58.348+0000][8.796s][info][gc,cpu         ] GC(7) User=1.57s Sys=0.03s Real=0.42s
[2026-09-22T02:29:01.569+0000][12.017s][info][gc,start       ] GC(8) Pause Young (Allocation Failure)
[2026-09-22T02:29:01.600+0000][12.048s][info][gc,heap        ] GC(8) PSYoungGen: 1048576K(1223168K)->44999K(1223168K) Eden: 1048576K(1048576K)->0K(1048576K) From: 0K(174592K)->44999K(174592K)
[2026-09-22T02:29:01.600+0000][12.048s][info][gc,heap        ] GC(8) ParOldGen: 278475K(2796544K)->278491K(2796544K)
[2026-09-22T02:29:01.600+0000][12.048s][info][gc,metaspace   ] GC(8) Metaspace: 119791K(120768K)->119791K(120768K) NonClass: 102557K(103104K)->102557K(103104K) Class: 17234K(17664K)->17234K(17664K)
[2026-09-22T02:29:01.600+0000][12.048s][info][gc             ] GC(8) Pause Young (Allocation Failure) 1295M->315M(3925M) 30.618ms
[2026-09-22T02:29:01.600+0000][12.048s][info][gc,cpu         ] GC(8) User=0.12s Sys=0.00s Real=0.03s
[2026-09-22T02:29:07.773+0000][18.221s][info][gc,start       ] GC(9) Pause Young (Allocation Failure)
[2026-09-22T02:29:07.835+0000][18.283s][info][gc,heap        ] GC(9) PSYoungGen: 1093575K(1223168K)->128281K(2234880K) Eden: 1048576K(1048576K)->0K(2076672K) From: 44999K(174592K)->128281K(158208K)
[2026-09-22T02:29:07.835+0000][18.283s][info][gc,heap        ] GC(9) ParOldGen: 278491K(2796544K)->278535K(2796544K)
[2026-09-22T02:29:07.835+0000][18.283s][info][gc,metaspace   ] GC(9) Metaspace: 150269K(151552K)->150269K(151552K) NonClass: 125810K(126528K)->125810K(126528K) Class: 24458K(25024K)->24458K(25024K)
[2026-09-22T02:29:07.835+0000][18.283s][info][gc             ] GC(9) Pause Young (Allocation Failure) 1339M->397M(4913M) 61.581ms
[2026-09-22T02:29:07.835+0000][18.283s][info][gc,cpu         ] GC(9) User=0.22s Sys=0.03s Real=0.06s
[2026-09-22T02:29:08.260+0000][18.708s][info][gc,start       ] GC(10) Pause Young (CodeCache GC Threshold)
[2026-09-22T02:29:08.311+0000][18.760s][info][gc,heap        ] GC(10) PSYoungGen: 335274K(2234880K)->143035K(2255360K) Eden: 206992K(2076672K)->0K(2076672K) From: 128281K(158208K)->143035K(178688K)
[2026-09-22T02:29:08.311+0000][18.760s][info][gc,heap        ] GC(10) ParOldGen: 278535K(2796544K)->278543K(2796544K)
[2026-09-22T02:29:08.311+0000][18.760s][info][gc,metaspace   ] GC(10) Metaspace: 150585K(151872K)->150585K(151872K) NonClass: 126093K(126848K)->126093K(126848K) Class: 24492K(25024K)->24492K(25024K)
[2026-09-22T02:29:08.311+0000][18.760s][info][gc             ] GC(10) Pause Young (CodeCache GC Threshold) 599M->411M(4933M) 51.808ms
[2026-09-22T02:29:08.312+0000][18.760s][info][gc,cpu         ] GC(10) User=0.17s Sys=0.02s Real=0.06s
[2026-09-22T02:29:08.312+0000][18.760s][info][gc,start       ] GC(11) Pause Full (CodeCache GC Threshold)
[2026-09-22T02:29:08.312+0000][18.760s][info][gc,phases,start] GC(11) Marking Phase
[2026-09-22T02:29:08.486+0000][18.934s][info][gc,phases      ] GC(11) Marking Phase 174.336ms
[2026-09-22T02:29:08.486+0000][18.934s][info][gc,phases,start] GC(11) Summary Phase
[2026-09-22T02:29:08.486+0000][18.934s][info][gc,phases      ] GC(11) Summary Phase 0.033ms
[2026-09-22T02:29:08.486+0000][18.934s][info][gc,phases,start] GC(11) Adjust Roots
[2026-09-22T02:29:08.508+0000][18.956s][info][gc,phases      ] GC(11) Adjust Roots 22.219ms
[2026-09-22T02:29:08.508+0000][18.956s][info][gc,phases,start] GC(11) Compaction Phase
[2026-09-22T02:29:08.872+0000][19.320s][info][gc,phases      ] GC(11) Compaction Phase 363.878ms
[2026-09-22T02:29:08.872+0000][19.320s][info][gc,phases,start] GC(11) Post Compact
[2026-09-22T02:29:08.878+0000][19.326s][info][gc,phases      ] GC(11) Post Compact 6.065ms
[2026-09-22T02:29:08.878+0000][19.326s][info][gc,heap        ] GC(11) PSYoungGen: 143035K(2255360K)->0K(2255360K) Eden: 0K(2076672K)->0K(2076672K) From: 143035K(178688K)->0K(178688K)
[2026-09-22T02:29:08.878+0000][19.326s][info][gc,heap        ] GC(11) ParOldGen: 278543K(2796544K)->382036K(2796544K)
[2026-09-22T02:29:08.878+0000][19.326s][info][gc,metaspace   ] GC(11) Metaspace: 150585K(151872K)->150521K(151872K) NonClass: 126093K(126848K)->126044K(126848K) Class: 24492K(25024K)->24476K(25024K)
[2026-09-22T02:29:08.878+0000][19.326s][info][gc             ] GC(11) Pause Full (CodeCache GC Threshold) 411M->373M(4933M) 566.705ms
[2026-09-22T02:29:08.878+0000][19.326s][info][gc,cpu         ] GC(11) User=2.05s Sys=0.01s Real=0.56s
[2026-09-22T02:29:13.389+0000][23.837s][info][gc,start       ] GC(12) Pause Young (Allocation Failure)
[2026-09-22T02:29:13.471+0000][23.920s][info][gc,heap        ] GC(12) PSYoungGen: 2076672K(2255360K)->198143K(2228224K) Eden: 2076672K(2076672K)->0K(2030080K) From: 0K(178688K)->198143K(198144K)
[2026-09-22T02:29:13.471+0000][23.920s][info][gc,heap        ] GC(12) ParOldGen: 382036K(2796544K)->454516K(2796544K)
[2026-09-22T02:29:13.471+0000][23.920s][info][gc,metaspace   ] GC(12) Metaspace: 152632K(153920K)->152632K(153920K) NonClass: 127830K(128576K)->127830K(128576K) Class: 24802K(25344K)->24802K(25344K)
[2026-09-22T02:29:13.471+0000][23.920s][info][gc             ] GC(12) Pause Young (Allocation Failure) 2401M->637M(4907M) 82.201ms
[2026-09-22T02:29:13.472+0000][23.920s][info][gc,cpu         ] GC(12) User=0.30s Sys=0.03s Real=0.09s
[2026-09-22T02:29:17.725+0000][28.173s][info][gc,start       ] GC(13) Pause Young (Allocation Failure)
[2026-09-22T02:29:17.812+0000][28.261s][info][gc,heap        ] GC(13) PSYoungGen: 2228223K(2228224K)->265207K(2295296K) Eden: 2030080K(2030080K)->0K(2030080K) From: 198143K(198144K)->265207K(265216K)
[2026-09-22T02:29:17.813+0000][28.261s][info][gc,heap        ] GC(13) ParOldGen: 454516K(2796544K)->542926K(2796544K)
[2026-09-22T02:29:17.813+0000][28.261s][info][gc,metaspace   ] GC(13) Metaspace: 153365K(154816K)->153365K(154816K) NonClass: 128450K(129280K)->128450K(129280K) Class: 24914K(25536K)->24914K(25536K)
[2026-09-22T02:29:17.813+0000][28.261s][info][gc             ] GC(13) Pause Young (Allocation Failure) 2619M->789M(4972M) 87.959ms
[2026-09-22T02:29:17.813+0000][28.261s][info][gc,cpu         ] GC(13) User=0.32s Sys=0.02s Real=0.09s
[2026-09-22T02:29:21.390+0000][31.838s][info][gc,start       ] GC(14) Pause Young (Allocation Failure)
[2026-09-22T02:29:21.556+0000][32.004s][info][gc,heap        ] GC(14) PSYoungGen: 2295287K(2295296K)->347632K(2833920K) Eden: 2030080K(2030080K)->0K(2486272K) From: 265207K(265216K)->347632K(347648K)
[2026-09-22T02:29:21.556+0000][32.004s][info][gc,heap        ] GC(14) ParOldGen: 542926K(2796544K)->811564K(2796544K)
[2026-09-22T02:29:21.556+0000][32.004s][info][gc,metaspace   ] GC(14) Metaspace: 154029K(155520K)->154029K(155520K) NonClass: 129036K(129920K)->129036K(129920K) Class: 24992K(25600K)->24992K(25600K)
[2026-09-22T02:29:21.556+0000][32.004s][info][gc             ] GC(14) Pause Young (Allocation Failure) 2771M->1132M(5498M) 165.917ms
[2026-09-22T02:29:21.556+0000][32.004s][info][gc,cpu         ] GC(14) User=0.56s Sys=0.11s Real=0.17s
[2026-09-22T02:29:25.831+0000][36.280s][info][gc,start       ] GC(15) Pause Young (Allocation Failure)
[2026-09-22T02:29:26.019+0000][36.467s][info][gc,heap        ] GC(15) PSYoungGen: 2833904K(2833920K)->336225K(2822656K) Eden: 2486272K(2486272K)->0K(2486272K) From: 347632K(347648K)->336225K(336384K)
[2026-09-22T02:29:26.019+0000][36.467s][info][gc,heap        ] GC(15) ParOldGen: 811564K(2796544K)->1176458K(2796544K)
[2026-09-22T02:29:26.019+0000][36.467s][info][gc,metaspace   ] GC(15) Metaspace: 154547K(156032K)->154547K(156032K) NonClass: 129501K(130368K)->129501K(130368K) Class: 25045K(25664K)->25045K(25664K)
[2026-09-22T02:29:26.019+0000][36.467s][info][gc             ] GC(15) Pause Young (Allocation Failure) 3560M->1477M(5487M) 187.688ms
[2026-09-22T02:29:26.019+0000][36.467s][info][gc,cpu         ] GC(15) User=0.64s Sys=0.09s Real=0.18s
[2026-09-22T02:29:30.443+0000][40.891s][info][gc,start       ] GC(16) Pause Young (Allocation Failure)
[2026-09-22T02:29:30.700+0000][41.148s][info][gc,heap        ] GC(16) PSYoungGen: 2822497K(2822656K)->396599K(2885120K) Eden: 2486272K(2486272K)->0K(2356224K) From: 336225K(336384K)->396599K(528896K)
[2026-09-22T02:29:30.700+0000][41.148s][info][gc,heap        ] GC(16) ParOldGen: 1176458K(2796544K)->1525514K(2796544K)
[2026-09-22T02:29:30.700+0000][41.148s][info][gc,metaspace   ] GC(16) Metaspace: 154870K(156288K)->154870K(156288K) NonClass: 129800K(130624K)->129800K(130624K) Class: 25069K(25664K)->25069K(25664K)
[2026-09-22T02:29:30.700+0000][41.148s][info][gc             ] GC(16) Pause Young (Allocation Failure) 3905M->1877M(5548M) 257.284ms
[2026-09-22T02:29:30.700+0000][41.148s][info][gc,cpu         ] GC(16) User=0.76s Sys=0.18s Real=0.25s
[2026-09-22T02:29:34.653+0000][45.102s][info][gc,start       ] GC(17) Pause Young (Allocation Failure)
[2026-09-22T02:29:34.881+0000][45.330s][info][gc,heap        ] GC(17) PSYoungGen: 2752823K(2885120K)->374274K(2731008K) Eden: 2356224K(2356224K)->0K(2356224K) From: 396599K(528896K)->374274K(374784K)
[2026-09-22T02:29:34.882+0000][45.330s][info][gc,heap        ] GC(17) ParOldGen: 1525514K(2796544K)->1937063K(2796544K)
[2026-09-22T02:29:34.882+0000][45.330s][info][gc,metaspace   ] GC(17) Metaspace: 155424K(156928K)->155424K(156928K) NonClass: 130338K(131200K)->130338K(131200K) Class: 25086K(25728K)->25086K(25728K)
[2026-09-22T02:29:34.882+0000][45.330s][info][gc             ] GC(17) Pause Young (Allocation Failure) 4178M->2257M(5398M) 228.065ms
[2026-09-22T02:29:34.882+0000][45.330s][info][gc,cpu         ] GC(17) User=0.80s Sys=0.07s Real=0.23s
[2026-09-22T02:29:37.092+0000][47.540s][info][gc,start       ] GC(18) Pause Young (CodeCache GC Threshold)
[2026-09-22T02:29:37.257+0000][47.705s][info][gc,heap        ] GC(18) PSYoungGen: 1146915K(2731008K)->149623K(2924032K) Eden: 772640K(2356224K)->0K(2331648K) From: 374274K(374784K)->149623K(592384K)
[2026-09-22T02:29:37.257+0000][47.705s][info][gc,heap        ] GC(18) ParOldGen: 1937063K(2796544K)->2325501K(2796544K)
[2026-09-22T02:29:37.257+0000][47.705s][info][gc,metaspace   ] GC(18) Metaspace: 161513K(163072K)->161513K(163072K) NonClass: 135420K(136320K)->135420K(136320K) Class: 26092K(26752K)->26092K(26752K)
[2026-09-22T02:29:37.257+0000][47.705s][info][gc             ] GC(18) Pause Young (CodeCache GC Threshold) 3011M->2417M(5586M) 165.208ms
[2026-09-22T02:29:37.257+0000][47.705s][info][gc,cpu         ] GC(18) User=0.48s Sys=0.13s Real=0.16s
[2026-09-22T02:29:37.257+0000][47.705s][info][gc,start       ] GC(19) Pause Full (CodeCache GC Threshold)
[2026-09-22T02:29:37.257+0000][47.705s][info][gc,phases,start] GC(19) Marking Phase
[2026-09-22T02:29:37.651+0000][48.100s][info][gc,phases      ] GC(19) Marking Phase 394.351ms
[2026-09-22T02:29:37.652+0000][48.100s][info][gc,phases,start] GC(19) Summary Phase
[2026-09-22T02:29:37.652+0000][48.100s][info][gc,phases      ] GC(19) Summary Phase 0.110ms
[2026-09-22T02:29:37.652+0000][48.100s][info][gc,phases,start] GC(19) Adjust Roots
[2026-09-22T02:29:37.672+0000][48.120s][info][gc,phases      ] GC(19) Adjust Roots 20.649ms
[2026-09-22T02:29:37.672+0000][48.120s][info][gc,phases,start] GC(19) Compaction Phase
[2026-09-22T02:29:38.085+0000][48.533s][info][gc,phases      ] GC(19) Compaction Phase 412.343ms
[2026-09-22T02:29:38.085+0000][48.533s][info][gc,phases,start] GC(19) Post Compact
[2026-09-22T02:29:38.094+0000][48.542s][info][gc,phases      ] GC(19) Post Compact 9.262ms
[2026-09-22T02:29:38.094+0000][48.542s][info][gc,heap        ] GC(19) PSYoungGen: 149623K(2924032K)->0K(2924032K) Eden: 0K(2331648K)->0K(2331648K) From: 149623K(592384K)->0K(592384K)
[2026-09-22T02:29:38.094+0000][48.542s][info][gc,heap        ] GC(19) ParOldGen: 2325501K(2796544K)->1407003K(2796544K)
[2026-09-22T02:29:38.094+0000][48.542s][info][gc,metaspace   ] GC(19) Metaspace: 161513K(163072K)->161455K(163072K) NonClass: 135420K(136320K)->135377K(136320K) Class: 26092K(26752K)->26077K(26752K)
[2026-09-22T02:29:38.094+0000][48.542s][info][gc             ] GC(19) Pause Full (CodeCache GC Threshold) 2417M->1374M(5586M) 836.916ms
[2026-09-22T02:29:38.094+0000][48.542s][info][gc,cpu         ] GC(19) User=3.07s Sys=0.01s Real=0.84s
[2026-09-22T02:29:45.758+0000][56.206s][info][gc,start       ] GC(20) Pause Young (Allocation Failure)
[2026-09-22T02:29:45.868+0000][56.316s][info][gc,heap        ] GC(20) PSYoungGen: 2331648K(2924032K)->310733K(2642432K) Eden: 2331648K(2331648K)->0K(2331648K) From: 0K(592384K)->310733K(310784K)
[2026-09-22T02:29:45.868+0000][56.316s][info][gc,heap        ] GC(20) ParOldGen: 1407003K(2796544K)->1407011K(2796544K)
[2026-09-22T02:29:45.868+0000][56.316s][info][gc,metaspace   ] GC(20) Metaspace: 164661K(166272K)->164661K(166272K) NonClass: 138333K(139264K)->138333K(139264K) Class: 26328K(27008K)->26328K(27008K)
[2026-09-22T02:29:45.868+0000][56.316s][info][gc             ] GC(20) Pause Young (Allocation Failure) 3651M->1677M(5311M) 110.759ms
[2026-09-22T02:29:45.868+0000][56.316s][info][gc,cpu         ] GC(20) User=0.44s Sys=0.00s Real=0.11s
[2026-09-22T02:29:50.571+0000][61.019s][info][gc,start       ] GC(21) Pause Young (Allocation Failure)
[2026-09-22T02:29:50.739+0000][61.187s][info][gc,heap        ] GC(21) PSYoungGen: 2642381K(2642432K)->218002K(2930176K) Eden: 2331648K(2331648K)->0K(2362368K) From: 310733K(310784K)->218002K(567808K)
[2026-09-22T02:29:50.739+0000][61.187s][info][gc,heap        ] GC(21) ParOldGen: 1407011K(2796544K)->1704999K(2796544K)
[2026-09-22T02:29:50.739+0000][61.188s][info][gc,metaspace   ] GC(21) Metaspace: 165147K(166784K)->165147K(166784K) NonClass: 138777K(139712K)->138777K(139712K) Class: 26370K(27072K)->26370K(27072K)
[2026-09-22T02:29:50.739+0000][61.188s][info][gc             ] GC(21) Pause Young (Allocation Failure) 3954M->1877M(5592M) 168.561ms
[2026-09-22T02:29:50.739+0000][61.188s][info][gc,cpu         ] GC(21) User=0.67s Sys=0.00s Real=0.17s
[2026-09-22T02:29:52.045+0000][62.493s][info][gc,start       ] GC(22) Pause Young (CodeCache GC Threshold)
[2026-09-22T02:29:52.152+0000][62.600s][info][gc,heap        ] GC(22) PSYoungGen: 1006055K(2930176K)->64784K(2899456K) Eden: 788052K(2362368K)->0K(2362368K) From: 218002K(567808K)->64784K(537088K)
[2026-09-22T02:29:52.152+0000][62.600s][info][gc,heap        ] GC(22) ParOldGen: 1704999K(2796544K)->1910309K(2796544K)
[2026-09-22T02:29:52.152+0000][62.601s][info][gc,metaspace   ] GC(22) Metaspace: 165220K(166848K)->165220K(166848K) NonClass: 138843K(139776K)->138843K(139776K) Class: 26377K(27072K)->26377K(27072K)
[2026-09-22T02:29:52.152+0000][62.601s][info][gc             ] GC(22) Pause Young (CodeCache GC Threshold) 2647M->1928M(5562M) 107.749ms
[2026-09-22T02:29:52.152+0000][62.601s][info][gc,cpu         ] GC(22) User=0.43s Sys=0.00s Real=0.11s
[2026-09-22T02:29:52.152+0000][62.601s][info][gc,start       ] GC(23) Pause Full (CodeCache GC Threshold)
[2026-09-22T02:29:52.152+0000][62.601s][info][gc,phases,start] GC(23) Marking Phase
[2026-09-22T02:29:52.762+0000][63.210s][info][gc,phases      ] GC(23) Marking Phase 609.070ms
[2026-09-22T02:29:52.762+0000][63.210s][info][gc,phases,start] GC(23) Summary Phase
[2026-09-22T02:29:52.762+0000][63.210s][info][gc,phases      ] GC(23) Summary Phase 0.046ms
[2026-09-22T02:29:52.762+0000][63.210s][info][gc,phases,start] GC(23) Adjust Roots
[2026-09-22T02:29:52.789+0000][63.237s][info][gc,phases      ] GC(23) Adjust Roots 26.950ms
[2026-09-22T02:29:52.789+0000][63.237s][info][gc,phases,start] GC(23) Compaction Phase
[2026-09-22T02:29:53.591+0000][64.039s][info][gc,phases      ] GC(23) Compaction Phase 802.145ms
[2026-09-22T02:29:53.591+0000][64.039s][info][gc,phases,start] GC(23) Post Compact
[2026-09-22T02:29:53.599+0000][64.047s][info][gc,phases      ] GC(23) Post Compact 8.335ms
[2026-09-22T02:29:53.599+0000][64.047s][info][gc,heap        ] GC(23) PSYoungGen: 64784K(2899456K)->0K(2899456K) Eden: 0K(2362368K)->0K(2362368K) From: 64784K(537088K)->0K(537088K)
[2026-09-22T02:29:53.599+0000][64.047s][info][gc,heap        ] GC(23) ParOldGen: 1910309K(2796544K)->1952309K(2796544K)
[2026-09-22T02:29:53.599+0000][64.047s][info][gc,metaspace   ] GC(23) Metaspace: 165220K(166848K)->165177K(166848K) NonClass: 138843K(139776K)->138811K(139776K) Class: 26377K(27072K)->26366K(27072K)
[2026-09-22T02:29:53.599+0000][64.047s][info][gc             ] GC(23) Pause Full (CodeCache GC Threshold) 1928M->1906M(5562M) 1446.747ms
[2026-09-22T02:29:53.599+0000][64.047s][info][gc,cpu         ] GC(23) User=5.39s Sys=0.04s Real=1.44s
[2026-09-22T02:29:57.421+0000][67.869s][info][gc,start       ] GC(24) Pause Young (Allocation Failure)
[2026-09-22T02:29:57.517+0000][67.965s][info][gc,heap        ] GC(24) PSYoungGen: 2362368K(2899456K)->173569K(2906624K) Eden: 2362368K(2362368K)->0K(2422784K) From: 0K(537088K)->173569K(483840K)
[2026-09-22T02:29:57.517+0000][67.965s][info][gc,heap        ] GC(24) ParOldGen: 1952309K(2796544K)->1952309K(2796544K)
[2026-09-22T02:29:57.517+0000][67.965s][info][gc,metaspace   ] GC(24) Metaspace: 165226K(166848K)->165226K(166848K) NonClass: 138838K(139776K)->138838K(139776K) Class: 26387K(27072K)->26387K(27072K)
[2026-09-22T02:29:57.517+0000][67.965s][info][gc             ] GC(24) Pause Young (Allocation Failure) 4213M->2076M(5569M) 95.683ms
[2026-09-22T02:29:57.517+0000][67.965s][info][gc,cpu         ] GC(24) User=0.38s Sys=0.00s Real=0.10s
[2026-09-22T02:30:01.153+0000][71.601s][info][gc,start       ] GC(25) Pause Young (Allocation Failure)
[2026-09-22T02:30:01.291+0000][71.739s][info][gc,heap        ] GC(25) PSYoungGen: 2596353K(2906624K)->159410K(2933248K) Eden: 2422784K(2422784K)->0K(2422784K) From: 173569K(483840K)->159410K(510464K)
[2026-09-22T02:30:01.291+0000][71.739s][info][gc,heap        ] GC(25) ParOldGen: 1952309K(2796544K)->2106220K(2796544K)
[2026-09-22T02:30:01.291+0000][71.739s][info][gc,metaspace   ] GC(25) Metaspace: 165261K(166848K)->165261K(166848K) NonClass: 138856K(139776K)->138856K(139776K) Class: 26404K(27072K)->26404K(27072K)
[2026-09-22T02:30:01.291+0000][71.739s][info][gc             ] GC(25) Pause Young (Allocation Failure) 4442M->2212M(5595M) 137.399ms
[2026-09-22T02:30:01.291+0000][71.739s][info][gc,cpu         ] GC(25) User=0.55s Sys=0.01s Real=0.13s
[2026-09-22T02:30:04.711+0000][75.159s][info][gc,start       ] GC(26) Pause Young (Allocation Failure)
[2026-09-22T02:30:04.852+0000][75.300s][info][gc,heap        ] GC(26) PSYoungGen: 2582194K(2933248K)->153266K(2941440K) Eden: 2422784K(2422784K)->0K(2495488K) From: 159410K(510464K)->153266K(445952K)
[2026-09-22T02:30:04.852+0000][75.301s][info][gc,heap        ] GC(26) ParOldGen: 2106220K(2796544K)->2243272K(2796544K)
[2026-09-22T02:30:04.852+0000][75.301s][info][gc,metaspace   ] GC(26) Metaspace: 165315K(166976K)->165315K(166976K) NonClass: 138883K(139840K)->138883K(139840K) Class: 26431K(27136K)->26431K(27136K)
[2026-09-22T02:30:04.852+0000][75.301s][info][gc             ] GC(26) Pause Young (Allocation Failure) 4578M->2340M(5603M) 141.732ms
[2026-09-22T02:30:04.852+0000][75.301s][info][gc,cpu         ] GC(26) User=0.56s Sys=0.01s Real=0.15s
[2026-09-22T02:30:06.642+0000][77.090s][info][gc,start       ] GC(27) Pause Young (Allocation Failure)
[2026-09-22T02:30:06.762+0000][77.210s][info][gc,heap        ] GC(27) PSYoungGen: 2648721K(2941440K)->63984K(2965504K) Eden: 2495454K(2495488K)->0K(2495488K) From: 153266K(445952K)->63984K(470016K)
[2026-09-22T02:30:06.762+0000][77.210s][info][gc,heap        ] GC(27) ParOldGen: 2243272K(2796544K)->2376955K(2796544K)
[2026-09-22T02:30:06.762+0000][77.210s][info][gc,metaspace   ] GC(27) Metaspace: 165416K(167040K)->165416K(167040K) NonClass: 138978K(139904K)->138978K(139904K) Class: 26438K(27136K)->26438K(27136K)
[2026-09-22T02:30:06.762+0000][77.210s][info][gc             ] GC(27) Pause Young (Allocation Failure) 4777M->2383M(5627M) 120.189ms
[2026-09-22T02:30:06.762+0000][77.210s][info][gc,cpu         ] GC(27) User=0.46s Sys=0.01s Real=0.12s
[2026-09-22T02:30:08.041+0000][78.489s][info][gc,start       ] GC(28) Pause Young (Allocation Failure)
[2026-09-22T02:30:08.099+0000][78.547s][info][gc,heap        ] GC(28) PSYoungGen: 2558718K(2965504K)->12064K(3024384K) Eden: 2494734K(2495488K)->0K(2558464K) From: 63984K(470016K)->12064K(465920K)
[2026-09-22T02:30:08.099+0000][78.547s][info][gc,heap        ] GC(28) ParOldGen: 2376955K(2796544K)->2441253K(2796544K)
[2026-09-22T02:30:08.099+0000][78.547s][info][gc,metaspace   ] GC(28) Metaspace: 165420K(167040K)->165420K(167040K) NonClass: 138982K(139904K)->138982K(139904K) Class: 26438K(27136K)->26438K(27136K)
[2026-09-22T02:30:08.099+0000][78.547s][info][gc             ] GC(28) Pause Young (Allocation Failure) 4819M->2395M(5684M) 57.556ms
[2026-09-22T02:30:08.099+0000][78.547s][info][gc,cpu         ] GC(28) User=0.22s Sys=0.01s Real=0.06s
[2026-09-22T02:30:09.418+0000][79.866s][info][gc,start       ] GC(29) Pause Young (Allocation Failure)
[2026-09-22T02:30:09.430+0000][79.878s][info][gc,heap        ] GC(29) PSYoungGen: 2569540K(3024384K)->12384K(2571264K) Eden: 2557476K(2558464K)->0K(2558464K) From: 12064K(465920K)->12384K(12800K)
[2026-09-22T02:30:09.430+0000][79.878s][info][gc,heap        ] GC(29) ParOldGen: 2441253K(2796544K)->2452333K(2796544K)
[2026-09-22T02:30:09.430+0000][79.878s][info][gc,metaspace   ] GC(29) Metaspace: 165423K(167040K)->165423K(167040K) NonClass: 138984K(139904K)->138984K(139904K) Class: 26439K(27136K)->26439K(27136K)
[2026-09-22T02:30:09.430+0000][79.878s][info][gc             ] GC(29) Pause Young (Allocation Failure) 4893M->2406M(5242M) 11.532ms
[2026-09-22T02:30:09.430+0000][79.878s][info][gc,cpu         ] GC(29) User=0.04s Sys=0.00s Real=0.01s
[2026-09-22T02:30:10.745+0000][81.193s][info][gc,start       ] GC(30) Pause Young (Allocation Failure)
[2026-09-22T02:30:10.762+0000][81.210s][info][gc,heap        ] GC(30) PSYoungGen: 2570848K(2571264K)->12928K(3033088K) Eden: 2558464K(2558464K)->0K(2568192K) From: 12384K(12800K)->12928K(464896K)
[2026-09-22T02:30:10.762+0000][81.210s][info][gc,heap        ] GC(30) ParOldGen: 2452333K(2796544K)->2463725K(2796544K)
[2026-09-22T02:30:10.762+0000][81.210s][info][gc,metaspace   ] GC(30) Metaspace: 165424K(167040K)->165424K(167040K) NonClass: 138985K(139904K)->138985K(139904K) Class: 26439K(27136K)->26439K(27136K)
[2026-09-22T02:30:10.762+0000][81.210s][info][gc             ] GC(30) Pause Young (Allocation Failure) 4905M->2418M(5693M) 17.362ms
[2026-09-22T02:30:10.762+0000][81.210s][info][gc,cpu         ] GC(30) User=0.04s Sys=0.00s Real=0.02s
[2026-09-22T02:30:12.152+0000][82.600s][info][gc,start       ] GC(31) Pause Young (Allocation Failure)
[2026-09-22T02:30:12.162+0000][82.610s][info][gc,heap        ] GC(31) PSYoungGen: 2580516K(3033088K)->11264K(2579456K) Eden: 2567588K(2568192K)->0K(2568192K) From: 12928K(464896K)->11264K(11264K)
[2026-09-22T02:30:12.162+0000][82.611s][info][gc,heap        ] GC(31) ParOldGen: 2463725K(2796544K)->2474581K(2796544K)
[2026-09-22T02:30:12.162+0000][82.611s][info][gc,metaspace   ] GC(31) Metaspace: 165426K(167040K)->165426K(167040K) NonClass: 138987K(139904K)->138987K(139904K) Class: 26439K(27136K)->26439K(27136K)
[2026-09-22T02:30:12.162+0000][82.611s][info][gc             ] GC(31) Pause Young (Allocation Failure) 4926M->2427M(5250M) 10.614ms
[2026-09-22T02:30:12.162+0000][82.611s][info][gc,cpu         ] GC(31) User=0.04s Sys=0.00s Real=0.01s
[2026-09-22T02:30:13.499+0000][83.947s][info][gc,start       ] GC(32) Pause Young (Allocation Failure)
[2026-09-22T02:30:13.512+0000][83.960s][info][gc,heap        ] GC(32) PSYoungGen: 2579456K(2579456K)->17472K(3033600K) Eden: 2568192K(2568192K)->0K(2585600K) From: 11264K(11264K)->17472K(448000K)
[2026-09-22T02:30:13.512+0000][83.960s][info][gc,heap        ] GC(32) ParOldGen: 2474581K(2796544K)->2485829K(2796544K)
[2026-09-22T02:30:13.512+0000][83.960s][info][gc,metaspace   ] GC(32) Metaspace: 165426K(167040K)->165426K(167040K) NonClass: 138987K(139904K)->138987K(139904K) Class: 26439K(27136K)->26439K(27136K)
[2026-09-22T02:30:13.512+0000][83.960s][info][gc             ] GC(32) Pause Young (Allocation Failure) 4935M->2444M(5693M) 12.805ms
[2026-09-22T02:30:13.512+0000][83.960s][info][gc,cpu         ] GC(32) User=0.04s Sys=0.00s Real=0.02s
[2026-09-22T02:30:14.860+0000][85.308s][info][gc,start       ] GC(33) Pause Young (Allocation Failure)
[2026-09-22T02:30:14.872+0000][85.321s][info][gc,heap        ] GC(33) PSYoungGen: 2603072K(3033600K)->10848K(3020288K) Eden: 2585600K(2585600K)->0K(2585600K) From: 17472K(448000K)->10848K(434688K)
[2026-09-22T02:30:14.872+0000][85.321s][info][gc,heap        ] GC(33) ParOldGen: 2485829K(2796544K)->2501237K(2796544K)
[2026-09-22T02:30:14.872+0000][85.321s][info][gc,metaspace   ] GC(33) Metaspace: 165426K(167040K)->165426K(167040K) NonClass: 138987K(139904K)->138987K(139904K) Class: 26439K(27136K)->26439K(27136K)
[2026-09-22T02:30:14.872+0000][85.321s][info][gc             ] GC(33) Pause Young (Allocation Failure) 4969M->2453M(5680M) 12.468ms
[2026-09-22T02:30:14.872+0000][85.321s][info][gc,cpu         ] GC(33) User=0.04s Sys=0.01s Real=0.02s
[2026-09-22T02:30:16.205+0000][86.653s][info][gc,start       ] GC(34) Pause Young (Allocation Failure)
[2026-09-22T02:30:16.216+0000][86.664s][info][gc,heap        ] GC(34) PSYoungGen: 2595508K(3020288K)->10976K(3044864K) Eden: 2584660K(2585600K)->0K(2627584K) From: 10848K(434688K)->10976K(417280K)
[2026-09-22T02:30:16.216+0000][86.664s][info][gc,heap        ] GC(34) ParOldGen: 2501237K(2796544K)->2512125K(2796544K)
[2026-09-22T02:30:16.216+0000][86.664s][info][gc,metaspace   ] GC(34) Metaspace: 165426K(167040K)->165426K(167040K) NonClass: 138987K(139904K)->138987K(139904K) Class: 26439K(27136K)->26439K(27136K)
[2026-09-22T02:30:16.216+0000][86.664s][info][gc             ] GC(34) Pause Young (Allocation Failure) 4977M->2463M(5704M) 11.374ms
[2026-09-22T02:30:16.216+0000][86.664s][info][gc,cpu         ] GC(34) User=0.04s Sys=0.01s Real=0.01s
[2026-09-22T02:30:17.638+0000][88.086s][info][gc,start       ] GC(35) Pause Young (Allocation Failure)
[2026-09-22T02:30:17.650+0000][88.098s][info][gc,heap        ] GC(35) PSYoungGen: 2638560K(3044864K)->13376K(3032576K) Eden: 2627584K(2627584K)->0K(2627584K) From: 10976K(417280K)->13376K(404992K)
[2026-09-22T02:30:17.650+0000][88.098s][info][gc,heap        ] GC(35) ParOldGen: 2512125K(2796544K)->2523093K(2796544K)
[2026-09-22T02:30:17.650+0000][88.098s][info][gc,metaspace   ] GC(35) Metaspace: 165427K(167040K)->165427K(167040K) NonClass: 138988K(139904K)->138988K(139904K) Class: 26439K(27136K)->26439K(27136K)
[2026-09-22T02:30:17.650+0000][88.098s][info][gc             ] GC(35) Pause Young (Allocation Failure) 5029M->2477M(5692M) 11.971ms
[2026-09-22T02:30:17.650+0000][88.098s][info][gc,cpu         ] GC(35) User=0.04s Sys=0.01s Real=0.01s
[2026-09-22T02:30:19.009+0000][89.457s][info][gc,start       ] GC(36) Pause Young (Allocation Failure)
[2026-09-22T02:30:19.021+0000][89.469s][info][gc,heap        ] GC(36) PSYoungGen: 2640960K(3032576K)->13376K(3072512K) Eden: 2627584K(2627584K)->0K(2690048K) From: 13376K(404992K)->13376K(382464K)
[2026-09-22T02:30:19.021+0000][89.469s][info][gc,heap        ] GC(36) ParOldGen: 2523093K(2796544K)->2534413K(2796544K)
[2026-09-22T02:30:19.021+0000][89.469s][info][gc,metaspace   ] GC(36) Metaspace: 165427K(167040K)->165427K(167040K) NonClass: 138988K(139904K)->138988K(139904K) Class: 26439K(27136K)->26439K(27136K)
[2026-09-22T02:30:19.021+0000][89.469s][info][gc             ] GC(36) Pause Young (Allocation Failure) 5043M->2488M(5731M) 12.199ms
[2026-09-22T02:30:19.021+0000][89.469s][info][gc,cpu         ] GC(36) User=0.05s Sys=0.01s Real=0.01s
[2026-09-22T02:30:20.431+0000][90.879s][info][gc,start       ] GC(37) Pause Young (Allocation Failure)
[2026-09-22T02:30:20.446+0000][90.894s][info][gc,heap        ] GC(37) PSYoungGen: 2703010K(3072512K)->11776K(3060736K) Eden: 2689634K(2690048K)->0K(2690048K) From: 13376K(382464K)->11776K(370688K)
[2026-09-22T02:30:20.446+0000][90.894s][info][gc,heap        ] GC(37) ParOldGen: 2534413K(2796544K)->2545741K(2796544K)
[2026-09-22T02:30:20.446+0000][90.894s][info][gc,metaspace   ] GC(37) Metaspace: 165430K(167040K)->165430K(167040K) NonClass: 138991K(139904K)->138991K(139904K) Class: 26439K(27136K)->26439K(27136K)
[2026-09-22T02:30:20.446+0000][90.894s][info][gc             ] GC(37) Pause Young (Allocation Failure) 5114M->2497M(5720M) 14.795ms
[2026-09-22T02:30:20.446+0000][90.894s][info][gc,cpu         ] GC(37) User=0.04s Sys=0.01s Real=0.02s
[2026-09-22T02:30:21.840+0000][92.288s][info][gc,start       ] GC(38) Pause Young (Allocation Failure)
[2026-09-22T02:30:21.852+0000][92.300s][info][gc,heap        ] GC(38) PSYoungGen: 2701824K(3060736K)->13216K(3106816K) Eden: 2690048K(2690048K)->0K(2759168K) From: 11776K(370688K)->13216K(347648K)
[2026-09-22T02:30:21.852+0000][92.300s][info][gc,heap        ] GC(38) ParOldGen: 2545741K(2796544K)->2557485K(2796544K)
[2026-09-22T02:30:21.852+0000][92.300s][info][gc,metaspace   ] GC(38) Metaspace: 165431K(167040K)->165431K(167040K) NonClass: 138992K(139904K)->138992K(139904K) Class: 26439K(27136K)->26439K(27136K)
[2026-09-22T02:30:21.852+0000][92.300s][info][gc             ] GC(38) Pause Young (Allocation Failure) 5124M->2510M(5765M) 12.241ms
[2026-09-22T02:30:21.852+0000][92.300s][info][gc,cpu         ] GC(38) User=0.04s Sys=0.00s Real=0.02s
[2026-09-22T02:30:23.328+0000][93.776s][info][gc,start       ] GC(39) Pause Young (Allocation Failure)
[2026-09-22T02:30:23.342+0000][93.790s][info][gc,heap        ] GC(39) PSYoungGen: 2772384K(3106816K)->13120K(3095040K) Eden: 2759168K(2759168K)->0K(2759168K) From: 13216K(347648K)->13120K(335872K)
[2026-09-22T02:30:23.342+0000][93.790s][info][gc,heap        ] GC(39) ParOldGen: 2557485K(2796544K)->2568741K(2796544K)
[2026-09-22T02:30:23.342+0000][93.790s][info][gc,metaspace   ] GC(39) Metaspace: 165431K(167040K)->165431K(167040K) NonClass: 138992K(139904K)->138992K(139904K) Class: 26439K(27136K)->26439K(27136K)
[2026-09-22T02:30:23.342+0000][93.790s][info][gc             ] GC(39) Pause Young (Allocation Failure) 5204M->2521M(5753M) 14.242ms
[2026-09-22T02:30:23.342+0000][93.790s][info][gc,cpu         ] GC(39) User=0.05s Sys=0.01s Real=0.02s
[2026-09-22T02:30:24.824+0000][95.272s][info][gc,start       ] GC(40) Pause Young (Allocation Failure)
[2026-09-22T02:30:24.837+0000][95.285s][info][gc,heap        ] GC(40) PSYoungGen: 2772288K(3095040K)->13728K(2790400K) Eden: 2759168K(2759168K)->0K(2659328K) From: 13120K(335872K)->13728K(131072K)
[2026-09-22T02:30:24.837+0000][95.285s][info][gc,heap        ] GC(40) ParOldGen: 2568741K(2796544K)->2580877K(2796544K)
[2026-09-22T02:30:24.837+0000][95.285s][info][gc,metaspace   ] GC(40) Metaspace: 165431K(167040K)->165431K(167040K) NonClass: 138992K(139904K)->138992K(139904K) Class: 26439K(27136K)->26439K(27136K)
[2026-09-22T02:30:24.837+0000][95.285s][info][gc             ] GC(40) Pause Young (Allocation Failure) 5215M->2533M(5456M) 12.333ms
[2026-09-22T02:30:24.837+0000][95.285s][info][gc,cpu         ] GC(40) User=0.04s Sys=0.00s Real=0.01s
[2026-09-22T02:30:26.262+0000][96.710s][info][gc,start       ] GC(41) Pause Young (Allocation Failure)
[2026-09-22T02:30:26.274+0000][96.722s][info][gc,heap        ] GC(41) PSYoungGen: 2673056K(2790400K)->11648K(2575872K) Eden: 2659328K(2659328K)->0K(2564096K) From: 13728K(131072K)->11648K(11776K)
[2026-09-22T02:30:26.274+0000][96.722s][info][gc,heap        ] GC(41) ParOldGen: 2580877K(2796544K)->2592565K(2796544K)
[2026-09-22T02:30:26.274+0000][96.722s][info][gc,metaspace   ] GC(41) Metaspace: 165431K(167040K)->165431K(167040K) NonClass: 138992K(139904K)->138992K(139904K) Class: 26439K(27136K)->26439K(27136K)
[2026-09-22T02:30:26.274+0000][96.722s][info][gc             ] GC(41) Pause Young (Allocation Failure) 5130M->2543M(5246M) 11.575ms
[2026-09-22T02:30:26.274+0000][96.722s][info][gc,cpu         ] GC(41) User=0.04s Sys=0.00s Real=0.01s
[2026-09-22T02:30:27.658+0000][98.106s][info][gc,start       ] GC(42) Pause Young (Allocation Failure)
[2026-09-22T02:30:27.672+0000][98.120s][info][gc,heap        ] GC(42) PSYoungGen: 2575744K(2575872K)->13120K(2634240K) Eden: 2564096K(2564096K)->0K(2473472K) From: 11648K(11776K)->13120K(160768K)
[2026-09-22T02:30:27.672+0000][98.120s][info][gc,heap        ] GC(42) ParOldGen: 2592565K(2796544K)->2604261K(2796544K)
[2026-09-22T02:30:27.672+0000][98.120s][info][gc,metaspace   ] GC(42) Metaspace: 165431K(167040K)->165431K(167040K) NonClass: 138992K(139904K)->138992K(139904K) Class: 26439K(27136K)->26439K(27136K)
[2026-09-22T02:30:27.672+0000][98.120s][info][gc             ] GC(42) Pause Young (Allocation Failure) 5047M->2556M(5303M) 14.327ms
[2026-09-22T02:30:27.672+0000][98.120s][info][gc,cpu         ] GC(42) User=0.04s Sys=0.01s Real=0.02s
[2026-09-22T02:30:29.009+0000][99.457s][info][gc,start       ] GC(43) Pause Young (Allocation Failure)
[2026-09-22T02:30:29.021+0000][99.469s][info][gc,heap        ] GC(43) PSYoungGen: 2486592K(2634240K)->12992K(2400256K) Eden: 2473472K(2473472K)->0K(2386944K) From: 13120K(160768K)->12992K(13312K)
[2026-09-22T02:30:29.021+0000][99.469s][info][gc,heap        ] GC(43) ParOldGen: 2604261K(2796544K)->2615309K(2796544K)
[2026-09-22T02:30:29.021+0000][99.469s][info][gc,metaspace   ] GC(43) Metaspace: 165431K(167040K)->165431K(167040K) NonClass: 138992K(139904K)->138992K(139904K) Class: 26439K(27136K)->26439K(27136K)
[2026-09-22T02:30:29.021+0000][99.469s][info][gc             ] GC(43) Pause Young (Allocation Failure) 4971M->2566M(5075M) 11.858ms
[2026-09-22T02:30:29.021+0000][99.469s][info][gc,cpu         ] GC(43) User=0.04s Sys=0.01s Real=0.01s
[2026-09-22T02:30:30.316+0000][100.764s][info][gc,start       ] GC(44) Pause Young (Allocation Failure)
[2026-09-22T02:30:30.326+0000][100.774s][info][gc,heap        ] GC(44) PSYoungGen: 2399936K(2400256K)->11424K(2444288K) Eden: 2386944K(2386944K)->0K(2304512K) From: 12992K(13312K)->11424K(139776K)
[2026-09-22T02:30:30.326+0000][100.774s][info][gc,heap        ] GC(44) ParOldGen: 2615309K(2796544K)->2626269K(2796544K)
[2026-09-22T02:30:30.326+0000][100.774s][info][gc,metaspace   ] GC(44) Metaspace: 165433K(167040K)->165433K(167040K) NonClass: 138994K(139904K)->138994K(139904K) Class: 26439K(27136K)->26439K(27136K)
[2026-09-22T02:30:30.326+0000][100.774s][info][gc             ] GC(44) Pause Young (Allocation Failure) 4897M->2575M(5118M) 10.756ms
[2026-09-22T02:30:30.326+0000][100.775s][info][gc,cpu         ] GC(44) User=0.04s Sys=0.00s Real=0.01s
[2026-09-22T02:30:31.616+0000][102.064s][info][gc,start       ] GC(45) Pause Young (Allocation Failure)
[2026-09-22T02:30:31.627+0000][102.075s][info][gc,heap        ] GC(45) PSYoungGen: 2315936K(2444288K)->11136K(2236928K) Eden: 2304512K(2304512K)->0K(2225664K) From: 11424K(139776K)->11136K(11264K)
[2026-09-22T02:30:31.627+0000][102.075s][info][gc,heap        ] GC(45) ParOldGen: 2626269K(2796544K)->2636741K(2796544K)
[2026-09-22T02:30:31.627+0000][102.075s][info][gc,metaspace   ] GC(45) Metaspace: 165433K(167040K)->165433K(167040K) NonClass: 138994K(139904K)->138994K(139904K) Class: 26439K(27136K)->26439K(27136K)
[2026-09-22T02:30:31.627+0000][102.075s][info][gc             ] GC(45) Pause Young (Allocation Failure) 4826M->2585M(4915M) 10.785ms
[2026-09-22T02:30:31.627+0000][102.075s][info][gc,cpu         ] GC(45) User=0.03s Sys=0.00s Real=0.01s
[2026-09-22T02:30:32.833+0000][103.281s][info][gc,start       ] GC(46) Pause Young (Allocation Failure)
[2026-09-22T02:30:32.844+0000][103.292s][info][gc,heap        ] GC(46) PSYoungGen: 2236800K(2236928K)->11552K(2270208K) Eden: 2225664K(2225664K)->0K(2150400K) From: 11136K(11264K)->11552K(119808K)
[2026-09-22T02:30:32.844+0000][103.292s][info][gc,heap        ] GC(46) ParOldGen: 2636741K(2796544K)->2646853K(2796544K)
[2026-09-22T02:30:32.844+0000][103.292s][info][gc,metaspace   ] GC(46) Metaspace: 165436K(167040K)->165436K(167040K) NonClass: 138997K(139904K)->138997K(139904K) Class: 26439K(27136K)->26439K(27136K)
[2026-09-22T02:30:32.844+0000][103.292s][info][gc             ] GC(46) Pause Young (Allocation Failure) 4759M->2596M(4948M) 10.907ms
[2026-09-22T02:30:32.844+0000][103.292s][info][gc,cpu         ] GC(46) User=0.03s Sys=0.01s Real=0.01s
[2026-09-22T02:30:34.029+0000][104.477s][info][gc,start       ] GC(47) Pause Young (Allocation Failure)
[2026-09-22T02:30:34.040+0000][104.488s][info][gc,heap        ] GC(47) PSYoungGen: 2161952K(2270208K)->10368K(2088960K) Eden: 2150400K(2150400K)->0K(2078208K) From: 11552K(119808K)->10368K(10752K)
[2026-09-22T02:30:34.040+0000][104.488s][info][gc,heap        ] GC(47) ParOldGen: 2646853K(2796544K)->2656389K(2796544K)
[2026-09-22T02:30:34.040+0000][104.488s][info][gc,metaspace   ] GC(47) Metaspace: 165436K(167040K)->165436K(167040K) NonClass: 138997K(139904K)->138997K(139904K) Class: 26439K(27136K)->26439K(27136K)
[2026-09-22T02:30:34.040+0000][104.488s][info][gc             ] GC(47) Pause Young (Allocation Failure) 4696M->2604M(4771M) 10.830ms
[2026-09-22T02:30:34.040+0000][104.488s][info][gc,cpu         ] GC(47) User=0.04s Sys=0.00s Real=0.01s
[2026-09-22T02:30:35.186+0000][105.634s][info][gc,start       ] GC(48) Pause Young (Allocation Failure)
[2026-09-22T02:30:35.196+0000][105.644s][info][gc,heap        ] GC(48) PSYoungGen: 2088015K(2088960K)->10048K(2112512K) Eden: 2077647K(2078208K)->0K(2009600K) From: 10368K(10752K)->10048K(102912K)
[2026-09-22T02:30:35.196+0000][105.644s][info][gc,heap        ] GC(48) ParOldGen: 2656389K(2796544K)->2665733K(2796544K)
[2026-09-22T02:30:35.196+0000][105.644s][info][gc,metaspace   ] GC(48) Metaspace: 165436K(167040K)->165436K(167040K) NonClass: 138997K(139904K)->138997K(139904K) Class: 26439K(27136K)->26439K(27136K)
[2026-09-22T02:30:35.196+0000][105.644s][info][gc             ] GC(48) Pause Young (Allocation Failure) 4633M->2613M(4794M) 9.850ms
[2026-09-22T02:30:35.196+0000][105.644s][info][gc,cpu         ] GC(48) User=0.03s Sys=0.00s Real=0.01s
[2026-09-22T02:30:36.310+0000][106.758s][info][gc,start       ] GC(49) Pause Young (Allocation Failure)
[2026-09-22T02:30:36.320+0000][106.768s][info][gc,heap        ] GC(49) PSYoungGen: 2019648K(2112512K)->8768K(1953280K) Eden: 2009600K(2009600K)->0K(1944064K) From: 10048K(102912K)->8768K(9216K)
[2026-09-22T02:30:36.320+0000][106.768s][info][gc,heap        ] GC(49) ParOldGen: 2665733K(2796544K)->2674789K(2796544K)
[2026-09-22T02:30:36.320+0000][106.768s][info][gc,metaspace   ] GC(49) Metaspace: 165438K(167104K)->165438K(167104K) NonClass: 138999K(139968K)->138999K(139968K) Class: 26439K(27136K)->26439K(27136K)
[2026-09-22T02:30:36.320+0000][106.768s][info][gc             ] GC(49) Pause Young (Allocation Failure) 4575M->2620M(4638M) 10.345ms
[2026-09-22T02:30:36.320+0000][106.768s][info][gc,cpu         ] GC(49) User=0.03s Sys=0.01s Real=0.01s
[2026-09-22T02:30:37.395+0000][107.843s][info][gc,start       ] GC(50) Pause Young (Allocation Failure)
[2026-09-22T02:30:37.404+0000][107.853s][info][gc,heap        ] GC(50) PSYoungGen: 1952832K(1953280K)->9568K(1968128K) Eden: 1944064K(1944064K)->0K(1881088K) From: 8768K(9216K)->9568K(87040K)
[2026-09-22T02:30:37.404+0000][107.853s][info][gc,heap        ] GC(50) ParOldGen: 2674789K(2796544K)->2683565K(2796544K)
[2026-09-22T02:30:37.404+0000][107.853s][info][gc,metaspace   ] GC(50) Metaspace: 165443K(167104K)->165443K(167104K) NonClass: 139004K(139968K)->139004K(139968K) Class: 26439K(27136K)->26439K(27136K)
[2026-09-22T02:30:37.404+0000][107.853s][info][gc             ] GC(50) Pause Young (Allocation Failure) 4519M->2630M(4653M) 9.703ms
[2026-09-22T02:30:37.404+0000][107.853s][info][gc,cpu         ] GC(50) User=0.04s Sys=0.00s Real=0.01s
[2026-09-22T02:30:38.451+0000][108.899s][info][gc,start       ] GC(51) Pause Young (Allocation Failure)
[2026-09-22T02:30:38.460+0000][108.909s][info][gc,heap        ] GC(51) PSYoungGen: 1890656K(1968128K)->10560K(1831936K) Eden: 1881088K(1881088K)->0K(1821184K) From: 9568K(87040K)->10560K(10752K)
[2026-09-22T02:30:38.460+0000][108.909s][info][gc,heap        ] GC(51) ParOldGen: 2683565K(2796544K)->2692117K(2796544K)
[2026-09-22T02:30:38.460+0000][108.909s][info][gc,metaspace   ] GC(51) Metaspace: 165443K(167104K)->165443K(167104K) NonClass: 139004K(139968K)->139004K(139968K) Class: 26439K(27136K)->26439K(27136K)
[2026-09-22T02:30:38.460+0000][108.909s][info][gc             ] GC(51) Pause Young (Allocation Failure) 4467M->2639M(4520M) 9.818ms
[2026-09-22T02:30:38.460+0000][108.909s][info][gc,cpu         ] GC(51) User=0.03s Sys=0.01s Real=0.01s
[2026-09-22T02:30:39.489+0000][109.937s][info][gc,start       ] GC(52) Pause Young (Allocation Failure)
[2026-09-22T02:30:39.499+0000][109.947s][info][gc,heap        ] GC(52) PSYoungGen: 1831744K(1831936K)->10016K(1837568K) Eden: 1821184K(1821184K)->0K(1763840K) From: 10560K(10752K)->10016K(73728K)
[2026-09-22T02:30:39.499+0000][109.947s][info][gc,heap        ] GC(52) ParOldGen: 2692117K(2796544K)->2700605K(2796544K)
[2026-09-22T02:30:39.499+0000][109.947s][info][gc,metaspace   ] GC(52) Metaspace: 165443K(167104K)->165443K(167104K) NonClass: 139004K(139968K)->139004K(139968K) Class: 26439K(27136K)->26439K(27136K)
[2026-09-22T02:30:39.499+0000][109.947s][info][gc             ] GC(52) Pause Young (Allocation Failure) 4417M->2647M(4525M) 9.650ms
[2026-09-22T02:30:39.499+0000][109.947s][info][gc,cpu         ] GC(52) User=0.03s Sys=0.00s Real=0.01s
[2026-09-22T02:30:40.506+0000][110.954s][info][gc,start       ] GC(53) Pause Young (Allocation Failure)
[2026-09-22T02:30:40.515+0000][110.963s][info][gc,heap        ] GC(53) PSYoungGen: 1773856K(1837568K)->8832K(1717760K) Eden: 1763840K(1763840K)->0K(1708544K) From: 10016K(73728K)->8832K(9216K)
[2026-09-22T02:30:40.515+0000][110.964s][info][gc,heap        ] GC(53) ParOldGen: 2700605K(2796544K)->2708581K(2796544K)
[2026-09-22T02:30:40.515+0000][110.964s][info][gc,metaspace   ] GC(53) Metaspace: 165444K(167104K)->165444K(167104K) NonClass: 139005K(139968K)->139005K(139968K) Class: 26439K(27136K)->26439K(27136K)
[2026-09-22T02:30:40.515+0000][110.964s][info][gc             ] GC(53) Pause Young (Allocation Failure) 4369M->2653M(4408M) 9.051ms
[2026-09-22T02:30:40.515+0000][110.964s][info][gc,cpu         ] GC(53) User=0.02s Sys=0.01s Real=0.01s
[2026-09-22T02:30:41.500+0000][111.948s][info][gc,start       ] GC(54) Pause Young (Allocation Failure)
[2026-09-22T02:30:41.509+0000][111.957s][info][gc,heap        ] GC(54) PSYoungGen: 1717376K(1717760K)->7360K(1717760K) Eden: 1708544K(1708544K)->0K(1655808K) From: 8832K(9216K)->7360K(61952K)
[2026-09-22T02:30:41.509+0000][111.957s][info][gc,heap        ] GC(54) ParOldGen: 2708581K(2796544K)->2716381K(2796544K)
[2026-09-22T02:30:41.509+0000][111.957s][info][gc,metaspace   ] GC(54) Metaspace: 165444K(167104K)->165444K(167104K) NonClass: 139005K(139968K)->139005K(139968K) Class: 26439K(27136K)->26439K(27136K)
[2026-09-22T02:30:41.509+0000][111.957s][info][gc             ] GC(54) Pause Young (Allocation Failure) 4322M->2659M(4408M) 9.181ms
[2026-09-22T02:30:41.509+0000][111.957s][info][gc,cpu         ] GC(54) User=0.03s Sys=0.01s Real=0.01s
[2026-09-22T02:30:42.498+0000][112.946s][info][gc,start       ] GC(55) Pause Young (Allocation Failure)
[2026-09-22T02:30:42.507+0000][112.955s][info][gc,heap        ] GC(55) PSYoungGen: 1663059K(1717760K)->8512K(1613824K) Eden: 1655699K(1655808K)->0K(1605120K) From: 7360K(61952K)->8512K(8704K)
[2026-09-22T02:30:42.507+0000][112.955s][info][gc,heap        ] GC(55) ParOldGen: 2716381K(2796544K)->2723725K(2796544K)
[2026-09-22T02:30:42.507+0000][112.955s][info][gc,metaspace   ] GC(55) Metaspace: 165444K(167104K)->165444K(167104K) NonClass: 139005K(139968K)->139005K(139968K) Class: 26439K(27136K)->26439K(27136K)
[2026-09-22T02:30:42.507+0000][112.955s][info][gc             ] GC(55) Pause Young (Allocation Failure) 4276M->2668M(4307M) 8.754ms
[2026-09-22T02:30:42.507+0000][112.955s][info][gc,cpu         ] GC(55) User=0.03s Sys=0.00s Real=0.01s
