2026-09-22T10:40:33.7796709Z Current runner version: '2.337.0'
2026-09-22T10:40:33.7815962Z ##[group]Runner Image Provisioner
2026-09-22T10:40:33.7816761Z Hosted Compute Agent
2026-09-22T10:40:33.7817132Z Version: 20260828.587
2026-09-22T10:40:33.7817576Z Commit: abac92662cab4cc7352de4f9f9d2e2419aad9c29
2026-09-22T10:40:33.7818017Z Build Date: 2026-08-28T16:44:25Z
2026-09-22T10:40:33.7818493Z Worker ID: {fa5fe17b-837e-4bf6-8c8f-56c7fce13a9b}
2026-09-22T10:40:33.7818941Z Azure Region: centralus
2026-09-22T10:40:33.7819302Z ##[endgroup]
2026-09-22T10:40:33.7820195Z ##[group]Operating System
2026-09-22T10:40:33.7820565Z Ubuntu
2026-09-22T10:40:33.7820949Z 24.04.5
2026-09-22T10:40:33.7821280Z LTS
2026-09-22T10:40:33.7821603Z ##[endgroup]
2026-09-22T10:40:33.7821972Z ##[group]Runner Image
2026-09-22T10:40:33.7822331Z Image: ubuntu-24.04
2026-09-22T10:40:33.7822699Z Version: 20260907.300.1
2026-09-22T10:40:33.7823508Z Included Software: https://github.com/actions/runner-images/blob/ubuntu24/20260907.300/images/ubuntu/Ubuntu2404-Readme.md
2026-09-22T10:40:33.7824415Z Image Release: https://github.com/actions/runner-images/releases/tag/ubuntu24%2F20260907.300
2026-09-22T10:40:33.7824974Z ##[endgroup]
2026-09-22T10:40:33.7825715Z ##[group]GITHUB_TOKEN Permissions
2026-09-22T10:40:33.7827237Z Contents: read
2026-09-22T10:40:33.7827580Z Metadata: read
2026-09-22T10:40:33.7828019Z ##[endgroup]
2026-09-22T10:40:33.7829383Z Secret source: Actions
2026-09-22T10:40:33.7829972Z Cache mode: write
2026-09-22T10:40:33.7830391Z Prepare workflow directory
2026-09-22T10:40:33.8039251Z Prepare all required actions
2026-09-22T10:40:33.8071191Z Getting action download info
2026-09-22T10:40:34.1603508Z Download action repository 'actions/checkout@v4' (SHA:11d5960a326750d5838078e36cf38b85af677262)
2026-09-22T10:40:34.2466395Z Download action repository 'dtolnay/rust-toolchain@stable' (SHA:6bed0761d98439e5a578e2877258200ad565ba87)
2026-09-22T10:40:34.4119234Z Download action repository 'Swatinem/rust-cache@v2' (SHA:6323deb102c322ba6fcbdcafc7e3dddab59af2b6)
2026-09-22T10:40:34.8621492Z Download action repository 'actions/setup-java@v4' (SHA:cf277c60eb25467037889841efdb72551f06f6c3)
2026-09-22T10:40:35.4644662Z Download action repository 'actions/upload-artifact@v4' (SHA:ea165f8d65b6e75b540449e92b4886f43607fa02)
2026-09-22T10:40:35.7299439Z Complete job name: world-bench
2026-09-22T10:40:35.7969729Z Node 20 is being deprecated. This workflow is running with Node 24 by default. If you need to temporarily use Node 20, you can set the ACTIONS_ALLOW_USE_UNSECURE_NODE_VERSION=true environment variable. For more information see: https://github.blog/changelog/2025-09-19-deprecation-of-node-20-on-github-actions-runners/
2026-09-22T10:40:35.7976622Z ##[group]Run actions/checkout@v4
2026-09-22T10:40:35.7977306Z with:
2026-09-22T10:40:35.7977813Z   repository: PLANETA9091/c-crussty
2026-09-22T10:40:35.7983128Z   token: ***
2026-09-22T10:40:35.7983616Z   ssh-strict: true
2026-09-22T10:40:35.7984117Z   ssh-user: git
2026-09-22T10:40:35.7984624Z   persist-credentials: true
2026-09-22T10:40:35.7985209Z   clean: true
2026-09-22T10:40:35.7985722Z   sparse-checkout-cone-mode: true
2026-09-22T10:40:35.7986334Z   fetch-depth: 1
2026-09-22T10:40:35.7986924Z   fetch-tags: false
2026-09-22T10:40:35.7987449Z   show-progress: true
2026-09-22T10:40:35.7987966Z   lfs: false
2026-09-22T10:40:35.7988485Z   submodules: false
2026-09-22T10:40:35.7989001Z   set-safe-directory: true
2026-09-22T10:40:35.7989590Z   allow-unsafe-pr-checkout: false
2026-09-22T10:40:35.7990263Z ##[endgroup]
2026-09-22T10:40:35.8716105Z Syncing repository: PLANETA9091/c-crussty
2026-09-22T10:40:35.8718780Z ##[group]Getting Git version info
2026-09-22T10:40:35.8719943Z Working directory is '/home/runner/work/c-crussty/c-crussty'
2026-09-22T10:40:35.8725590Z [command]/usr/bin/git version
2026-09-22T10:40:35.8838474Z git version 2.55.0
2026-09-22T10:40:35.8872695Z ##[endgroup]
2026-09-22T10:40:35.8880056Z Temporarily overriding HOME='/home/runner/work/_temp/419408da-c406-4b21-ade8-c7ebc6a2ce83' before making global git config changes
2026-09-22T10:40:35.8883394Z Adding repository directory to the temporary git global config as a safe directory
2026-09-22T10:40:35.8885615Z [command]/usr/bin/git config --global --add safe.directory /home/runner/work/c-crussty/c-crussty
2026-09-22T10:40:35.8927802Z Deleting the contents of '/home/runner/work/c-crussty/c-crussty'
2026-09-22T10:40:35.8931219Z ##[group]Initializing the repository
2026-09-22T10:40:35.8934873Z [command]/usr/bin/git init /home/runner/work/c-crussty/c-crussty
2026-09-22T10:40:35.9060278Z hint: Using 'master' as the name for the initial branch. This default branch name
2026-09-22T10:40:35.9062767Z hint: will change to "main" in Git 3.0. To configure the initial branch name
2026-09-22T10:40:35.9069487Z hint: to use in all of your new repositories, which will suppress this warning,
2026-09-22T10:40:35.9071485Z hint: call:
2026-09-22T10:40:35.9072345Z hint:
2026-09-22T10:40:35.9073638Z hint: 	git config --global init.defaultBranch <name>
2026-09-22T10:40:35.9074703Z hint:
2026-09-22T10:40:35.9075785Z hint: Names commonly chosen instead of 'master' are 'main', 'trunk' and
2026-09-22T10:40:35.9077522Z hint: 'development'. The just-created branch can be renamed via this command:
2026-09-22T10:40:35.9078790Z hint:
2026-09-22T10:40:35.9079520Z hint: 	git branch -m <name>
2026-09-22T10:40:35.9080334Z hint:
2026-09-22T10:40:35.9081365Z hint: Disable this message with "git config set advice.defaultBranchName false"
2026-09-22T10:40:35.9083089Z Initialized empty Git repository in /home/runner/work/c-crussty/c-crussty/.git/
2026-09-22T10:40:35.9086061Z [command]/usr/bin/git remote add origin https://github.com/PLANETA9091/c-crussty
2026-09-22T10:40:35.9133349Z ##[endgroup]
2026-09-22T10:40:35.9134666Z ##[group]Disabling automatic garbage collection
2026-09-22T10:40:35.9137046Z [command]/usr/bin/git config --local gc.auto 0
2026-09-22T10:40:35.9169978Z ##[endgroup]
2026-09-22T10:40:35.9171280Z ##[group]Setting up auth
2026-09-22T10:40:35.9175329Z [command]/usr/bin/git config --local --name-only --get-regexp core\.sshCommand
2026-09-22T10:40:35.9209181Z [command]/usr/bin/git submodule foreach --recursive sh -c "git config --local --name-only --get-regexp 'core\.sshCommand' && git config --local --unset-all 'core.sshCommand' || :"
2026-09-22T10:40:35.9528012Z [command]/usr/bin/git config --local --name-only --get-regexp http\.https\:\/\/github\.com\/\.extraheader
2026-09-22T10:40:35.9560954Z [command]/usr/bin/git submodule foreach --recursive sh -c "git config --local --name-only --get-regexp 'http\.https\:\/\/github\.com\/\.extraheader' && git config --local --unset-all 'http.https://github.com/.extraheader' || :"
2026-09-22T10:40:35.9748987Z [command]/usr/bin/git config --local --name-only --get-regexp ^includeIf\.gitdir:
2026-09-22T10:40:35.9779311Z [command]/usr/bin/git submodule foreach --recursive git config --local --show-origin --name-only --get-regexp remote.origin.url
2026-09-22T10:40:35.9975733Z [command]/usr/bin/git config --local http.https://github.com/.extraheader AUTHORIZATION: basic ***
2026-09-22T10:40:36.0012679Z ##[endgroup]
2026-09-22T10:40:36.0013979Z ##[group]Fetching the repository
2026-09-22T10:40:36.0020148Z [command]/usr/bin/git -c protocol.version=2 fetch --no-tags --prune --no-recurse-submodules --depth=1 origin +95abe3629844af0e635a55ce8a62bc2a1990cf15:refs/remotes/origin/round-413-a-nofence
2026-09-22T10:40:45.1629500Z From https://github.com/PLANETA9091/c-crussty
2026-09-22T10:40:45.1630939Z  * [new ref]         95abe3629844af0e635a55ce8a62bc2a1990cf15 -> origin/round-413-a-nofence
2026-09-22T10:40:45.1632844Z ##[endgroup]
2026-09-22T10:40:45.1633339Z ##[group]Determining the checkout info
2026-09-22T10:40:45.1634615Z ##[endgroup]
2026-09-22T10:40:45.1639716Z [command]/usr/bin/git sparse-checkout disable
2026-09-22T10:40:45.1685726Z [command]/usr/bin/git config --local --unset-all extensions.worktreeConfig
2026-09-22T10:40:45.1712205Z ##[group]Checking out the ref
2026-09-22T10:40:45.1715666Z [command]/usr/bin/git checkout --progress --force -B round-413-a-nofence refs/remotes/origin/round-413-a-nofence
2026-09-22T10:40:46.3524119Z Updating files:  68% (2241/3266)
2026-09-22T10:40:46.7810738Z Updating files:  69% (2254/3266)
2026-09-22T10:40:47.1694652Z Updating files:  70% (2287/3266)
2026-09-22T10:40:47.1887456Z Updating files:  71% (2319/3266)
2026-09-22T10:40:47.5816300Z Updating files:  71% (2323/3266)
2026-09-22T10:40:48.0244154Z Updating files:  72% (2352/3266)
2026-09-22T10:40:48.2016774Z Updating files:  73% (2385/3266)
2026-09-22T10:40:48.5059303Z Updating files:  73% (2392/3266)
2026-09-22T10:40:48.7812633Z Updating files:  74% (2417/3266)
2026-09-22T10:40:49.1365990Z Updating files:  75% (2450/3266)
2026-09-22T10:40:49.2506180Z Updating files:  76% (2483/3266)
2026-09-22T10:40:49.6231358Z Updating files:  76% (2494/3266)
2026-09-22T10:40:50.0405857Z Updating files:  77% (2515/3266)
2026-09-22T10:40:50.2444248Z Updating files:  78% (2548/3266)
2026-09-22T10:40:50.4949939Z Updating files:  78% (2562/3266)
2026-09-22T10:40:50.7517528Z Updating files:  79% (2581/3266)
2026-09-22T10:40:51.1938336Z Updating files:  80% (2613/3266)
2026-09-22T10:40:51.2220832Z Updating files:  80% (2635/3266)
2026-09-22T10:40:51.6996833Z Updating files:  81% (2646/3266)
2026-09-22T10:40:52.1983585Z Updating files:  82% (2679/3266)
2026-09-22T10:40:52.2654869Z Updating files:  82% (2703/3266)
2026-09-22T10:40:52.3149004Z Updating files:  83% (2711/3266)
2026-09-22T10:40:52.3396703Z Updating files:  84% (2744/3266)
2026-09-22T10:40:52.3500411Z Updating files:  85% (2777/3266)
2026-09-22T10:40:52.3510960Z Updating files:  86% (2809/3266)
2026-09-22T10:40:52.3536246Z Updating files:  87% (2842/3266)
2026-09-22T10:40:52.4599968Z Updating files:  88% (2875/3266)
2026-09-22T10:40:52.5889608Z Updating files:  89% (2907/3266)
2026-09-22T10:40:52.5901413Z Updating files:  90% (2940/3266)
2026-09-22T10:40:52.5912537Z Updating files:  91% (2973/3266)
2026-09-22T10:40:52.5927033Z Updating files:  92% (3005/3266)
2026-09-22T10:40:52.5942047Z Updating files:  93% (3038/3266)
2026-09-22T10:40:52.5958553Z Updating files:  94% (3071/3266)
2026-09-22T10:40:52.5973067Z Updating files:  95% (3103/3266)
2026-09-22T10:40:52.6010066Z Updating files:  96% (3136/3266)
2026-09-22T10:40:52.6032144Z Updating files:  97% (3169/3266)
2026-09-22T10:40:52.6066981Z Updating files:  98% (3201/3266)
2026-09-22T10:40:52.6144117Z Updating files:  99% (3234/3266)
2026-09-22T10:40:52.6144383Z Updating files: 100% (3266/3266)
2026-09-22T10:40:52.6144602Z Updating files: 100% (3266/3266), done.
2026-09-22T10:40:52.8327994Z Switched to a new branch 'round-413-a-nofence'
2026-09-22T10:40:52.8328303Z branch 'round-413-a-nofence' set up to track 'origin/round-413-a-nofence'.
2026-09-22T10:40:52.8351504Z ##[endgroup]
2026-09-22T10:40:52.8393939Z [command]/usr/bin/git log -1 --format=%H
2026-09-22T10:40:52.8418837Z 95abe3629844af0e635a55ce8a62bc2a1990cf15
2026-09-22T10:40:53.0330111Z ##[group]Run set -euo pipefail
2026-09-22T10:40:53.0330353Z [36;1mset -euo pipefail[0m
2026-09-22T10:40:53.0330504Z [36;1mIDX=$(python3 -c '[0m
2026-09-22T10:40:53.0330657Z [36;1mimport time[0m
2026-09-22T10:40:53.0330784Z [36;1mt=time.time(); x=1[0m
2026-09-22T10:40:53.0330921Z [36;1mfor _ in range(6000000):[0m
2026-09-22T10:40:53.0331088Z [36;1m    x=(x*1103515245+12345)&0x7fffffff[0m
2026-09-22T10:40:53.0331273Z [36;1mprint(f"{6000000/(time.time()-t):.0f}")')[0m
2026-09-22T10:40:53.0331470Z [36;1mecho "runner_cpu_index=$IDX band=[6000000,9500000]"[0m
2026-09-22T10:40:53.0331689Z [36;1mif [ "$IDX" -lt "6000000" ] || [ "$IDX" -gt "9500000" ]; then[0m
2026-09-22T10:40:53.0332036Z [36;1m  echo "::notice::runner_cpu_index=$IDX OUTSIDE band — fast-fail pre-download (pairing discard, not a bench failure)"[0m
2026-09-22T10:40:53.0332326Z [36;1m  exit 1[0m
2026-09-22T10:40:53.0332438Z [36;1mfi[0m
2026-09-22T10:40:53.0367342Z shell: /usr/bin/bash -e {0}
2026-09-22T10:40:53.0367546Z ##[endgroup]
2026-09-22T10:40:53.7528663Z runner_cpu_index=10733338 band=[6000000,9500000]
2026-09-22T10:40:53.7544291Z ##[notice]runner_cpu_index=10733338 OUTSIDE band — fast-fail pre-download (pairing discard, not a bench failure)
2026-09-22T10:40:53.7552648Z ##[error]Process completed with exit code 1.
2026-09-22T10:40:53.8169305Z Node 20 is being deprecated. This workflow is running with Node 24 by default. If you need to temporarily use Node 20, you can set the ACTIONS_ALLOW_USE_UNSECURE_NODE_VERSION=true environment variable. For more information see: https://github.blog/changelog/2025-09-19-deprecation-of-node-20-on-github-actions-runners/
2026-09-22T10:40:53.8170364Z ##[group]Run actions/upload-artifact@v4
2026-09-22T10:40:53.8170518Z with:
2026-09-22T10:40:53.8170650Z   name: world3-bench
2026-09-22T10:40:53.8171539Z   path: world3-run/BOTTLENECKS_3.md
world3-run/cpu-collapsed.txt
world3-run/wall-collapsed.txt
world3-run/alloc-collapsed.txt
world3-run/cpu-flamegraph.html
world3-run/server-stdout.log
world3-run/gc.log
world3-run/remset.log
world3-run/refine.log
world3-run/recon.jfr
world3-run/ap.log
world3-run/run-env.txt
world3-run/pclip-materialize.log
world3-run/chunk-parse-diag.txt
world3-run/entity-recon.txt
world3-run/patched-kernel.jar
world3-run/spark-report/

2026-09-22T10:40:53.8172505Z   if-no-files-found: warn
2026-09-22T10:40:53.8172639Z   compression-level: 6
2026-09-22T10:40:53.8172763Z   overwrite: false
2026-09-22T10:40:53.8172889Z   include-hidden-files: false
2026-09-22T10:40:53.8173030Z ##[endgroup]
2026-09-22T10:40:53.9275536Z (node:2152) [DEP0040] DeprecationWarning: The `punycode` module is deprecated. Please use a userland alternative instead.
2026-09-22T10:40:53.9276251Z (Use `node --trace-deprecation ...` to show where the warning was created)
2026-09-22T10:40:53.9342331Z Multiple search paths detected. Calculating the least common ancestor of all paths
2026-09-22T10:40:53.9353659Z The least common ancestor is /home/runner/work/c-crussty/c-crussty/world3-run. This will be the root directory of the artifact
2026-09-22T10:40:53.9361257Z ##[warning]No files were found with the provided path: world3-run/BOTTLENECKS_3.md
world3-run/cpu-collapsed.txt
world3-run/wall-collapsed.txt
world3-run/alloc-collapsed.txt
world3-run/cpu-flamegraph.html
world3-run/server-stdout.log
world3-run/gc.log
world3-run/remset.log
world3-run/refine.log
world3-run/recon.jfr
world3-run/ap.log
world3-run/run-env.txt
world3-run/pclip-materialize.log
world3-run/chunk-parse-diag.txt
world3-run/entity-recon.txt
world3-run/patched-kernel.jar
world3-run/spark-report/. No artifacts will be uploaded.
2026-09-22T10:40:54.0662044Z Node 20 is being deprecated. This workflow is running with Node 24 by default. If you need to temporarily use Node 20, you can set the ACTIONS_ALLOW_USE_UNSECURE_NODE_VERSION=true environment variable. For more information see: https://github.blog/changelog/2025-09-19-deprecation-of-node-20-on-github-actions-runners/
2026-09-22T10:40:54.0662747Z Post job cleanup.
2026-09-22T10:40:54.1249865Z [command]/usr/bin/git version
2026-09-22T10:40:54.1276234Z git version 2.55.0
2026-09-22T10:40:54.1302637Z Temporarily overriding HOME='/home/runner/work/_temp/667f3e44-819d-4da6-9317-b68e99a999da' before making global git config changes
2026-09-22T10:40:54.1304940Z Adding repository directory to the temporary git global config as a safe directory
2026-09-22T10:40:54.1306910Z [command]/usr/bin/git config --global --add safe.directory /home/runner/work/c-crussty/c-crussty
2026-09-22T10:40:54.1858383Z [command]/usr/bin/git config --local --name-only --get-regexp core\.sshCommand
2026-09-22T10:40:54.1897245Z [command]/usr/bin/git submodule foreach --recursive sh -c "git config --local --name-only --get-regexp 'core\.sshCommand' && git config --local --unset-all 'core.sshCommand' || :"
2026-09-22T10:40:54.2103748Z [command]/usr/bin/git config --local --name-only --get-regexp http\.https\:\/\/github\.com\/\.extraheader
2026-09-22T10:40:54.2131529Z http.https://github.com/.extraheader
2026-09-22T10:40:54.2140737Z [command]/usr/bin/git config --local --unset-all http.https://github.com/.extraheader
2026-09-22T10:40:54.3044355Z [command]/usr/bin/git submodule foreach --recursive sh -c "git config --local --name-only --get-regexp 'http\.https\:\/\/github\.com\/\.extraheader' && git config --local --unset-all 'http.https://github.com/.extraheader' || :"
2026-09-22T10:40:54.3244340Z [command]/usr/bin/git config --local --name-only --get-regexp ^includeIf\.gitdir:
2026-09-22T10:40:54.3278834Z [command]/usr/bin/git submodule foreach --recursive git config --local --show-origin --name-only --get-regexp remote.origin.url
2026-09-22T10:40:54.3579984Z Cleaning up orphan processes
2026-09-22T10:40:54.3772364Z ##[warning]Node.js 20 is deprecated. The following actions target Node.js 20 but are being forced to run on Node.js 24: actions/checkout@v4, actions/upload-artifact@v4. For more information see: https://github.blog/changelog/2025-09-19-deprecation-of-node-20-on-github-actions-runners/
