[0.003s][info][gc] Using G1
[0.348s][info][gc] GC(0) Pause Young (Concurrent Start) (G1 Humongous Allocation) 241M->3M(513M) 4.339ms
[0.348s][info][gc] GC(1) Concurrent Undo Cycle
[0.349s][info][gc] GC(1) Concurrent Undo Cycle 0.296ms
[0.445s][info][gc] GC(2) Pause Young (Normal) (G1 Evacuation Pause) 215M->2M(513M) 2.594ms
[1.842s][info][gc] GC(3) Pause Young (Concurrent Start) (Metadata GC Threshold) 312M->15M(513M) 12.990ms
[1.842s][info][gc] GC(4) Concurrent Mark Cycle
[1.853s][info][gc] GC(4) Pause Remark 16M->16M(512M) 4.395ms
[1.857s][info][gc] GC(4) Pause Cleanup 17M->17M(512M) 0.085ms
[1.861s][info][gc] GC(4) Concurrent Mark Cycle 18.857ms
[2.353s][info][gc] GC(5) Pause Young (Prepare Mixed) (G1 Evacuation Pause) 71M->30M(512M) 20.481ms
[2.426s][info][gc] GC(6) Pause Young (Mixed) (G1 Evacuation Pause) 47M->38M(512M) 38.964ms
[2.473s][info][gc] GC(7) Pause Young (Normal) (G1 Evacuation Pause) 66M->52M(512M) 19.973ms
[2.544s][info][gc] GC(8) Pause Young (Normal) (G1 Evacuation Pause) 83M->68M(512M) 14.027ms
[2.612s][info][gc] GC(9) Pause Young (Normal) (G1 Evacuation Pause) 102M->84M(1108M) 36.600ms
[2.774s][info][gc] GC(10) Pause Young (Normal) (G1 Evacuation Pause) 134M->110M(1108M) 28.724ms
[2.946s][info][gc] GC(11) Pause Young (Normal) (G1 Evacuation Pause) 158M->136M(1108M) 64.383ms
[3.422s][info][gc] GC(12) Pause Young (Concurrent Start) (Metadata GC Threshold) 174M->148M(1108M) 33.053ms
[3.422s][info][gc] GC(13) Concurrent Mark Cycle
[3.658s][info][gc] GC(13) Pause Remark 155M->155M(520M) 5.601ms
[3.780s][info][gc] GC(13) Pause Cleanup 162M->162M(520M) 0.869ms
[3.785s][info][gc] GC(13) Concurrent Mark Cycle 362.821ms
[4.238s][info][gc] GC(14) Pause Young (Prepare Mixed) (G1 Evacuation Pause) 212M->156M(520M) 14.625ms
[4.536s][info][gc] GC(15) Pause Young (Mixed) (G1 Evacuation Pause) 253M->165M(520M) 22.585ms
[5.220s][info][gc] GC(16) Pause Young (Normal) (G1 Evacuation Pause) 278M->181M(1097M) 48.249ms
[6.357s][info][gc] GC(17) Pause Young (Normal) (G1 Evacuation Pause) 342M->222M(1097M) 74.715ms
[6.613s][info][gc] GC(18) Pause Young (Concurrent Start) (Metadata GC Threshold) 347M->262M(1097M) 71.431ms
[6.613s][info][gc] GC(19) Concurrent Mark Cycle
[6.871s][info][gc] GC(19) Pause Remark 263M->236M(790M) 8.471ms
[7.023s][info][gc] GC(19) Pause Cleanup 236M->236M(790M) 0.738ms
[7.026s][info][gc] GC(19) Concurrent Mark Cycle 412.348ms
[9.141s][info][gc] GC(20) Pause Young (Prepare Mixed) (G1 Evacuation Pause) 392M->260M(790M) 66.113ms
[10.253s][info][gc] GC(21) Pause Young (Mixed) (G1 Evacuation Pause) 461M->250M(790M) 35.279ms
[11.223s][info][gc] GC(22) Pause Young (Normal) (G1 Evacuation Pause) 485M->257M(790M) 48.144ms
[11.441s][info][gc] GC(23) Pause Young (Concurrent Start) (G1 Humongous Allocation) 292M->259M(790M) 19.507ms
[11.441s][info][gc] GC(24) Concurrent Mark Cycle
[11.917s][info][gc] GC(24) Pause Remark 324M->324M(790M) 37.543ms
[12.150s][info][gc] GC(24) Pause Cleanup 336M->336M(790M) 0.342ms
[12.151s][info][gc] GC(24) Concurrent Mark Cycle 710.619ms
[14.551s][info][gc] GC(25) Pause Young (Prepare Mixed) (G1 Evacuation Pause) 738M->289M(790M) 88.684ms
[29.370s][info][gc] GC(26) Pause Young (Mixed) (G1 Evacuation Pause) 690M->301M(790M) 89.776ms
[32.158s][info][gc] GC(27) Pause Young (Concurrent Start) (G1 Evacuation Pause) 699M->323M(790M) 34.862ms
[32.158s][info][gc] GC(28) Concurrent Mark Cycle
[32.546s][info][gc] GC(28) Pause Remark 344M->304M(790M) 25.168ms
[32.918s][info][gc] GC(28) Pause Cleanup 344M->344M(790M) 0.339ms
[32.924s][info][gc] GC(28) Concurrent Mark Cycle 766.049ms
[35.948s][info][gc] GC(29) Pause Young (Prepare Mixed) (G1 Evacuation Pause) 666M->295M(790M) 70.716ms
[39.418s][info][gc] GC(30) Pause Young (Mixed) (G1 Evacuation Pause) 710M->300M(790M) 57.509ms
[42.486s][info][gc] GC(31) Pause Young (Concurrent Start) (G1 Evacuation Pause) 718M->320M(790M) 38.444ms
[42.486s][info][gc] GC(32) Concurrent Mark Cycle
[43.180s][info][gc] GC(32) Pause Remark 419M->419M(790M) 43.921ms
[43.580s][info][gc] GC(32) Pause Cleanup 432M->432M(790M) 0.458ms
[43.585s][info][gc] GC(32) Concurrent Mark Cycle 1099.133ms
[45.017s][info][gc] GC(33) Pause Young (Prepare Mixed) (G1 Evacuation Pause) 703M->331M(790M) 38.098ms
[52.256s][info][gc] GC(34) Pause Young (Mixed) (G1 Evacuation Pause) 719M->330M(790M) 25.859ms
[52.838s][info][gc] GC(35) Pause Young (Concurrent Start) (G1 Evacuation Pause) 733M->330M(790M) 18.611ms
[52.838s][info][gc] GC(36) Concurrent Mark Cycle
[53.033s][info][gc] GC(36) Concurrent Mark Cycle 194.618ms
