[0.003s][info][gc] Using G1
[0.327s][info][gc] GC(0) Pause Young (Concurrent Start) (G1 Humongous Allocation) 241M->3M(513M) 3.484ms
[0.327s][info][gc] GC(1) Concurrent Undo Cycle
[0.327s][info][gc] GC(1) Concurrent Undo Cycle 0.103ms
[0.416s][info][gc] GC(2) Pause Young (Normal) (G1 Evacuation Pause) 215M->2M(513M) 2.841ms
[1.768s][info][gc] GC(3) Pause Young (Concurrent Start) (Metadata GC Threshold) 313M->15M(513M) 14.438ms
[1.768s][info][gc] GC(4) Concurrent Mark Cycle
[1.782s][info][gc] GC(4) Pause Remark 17M->17M(512M) 2.718ms
[1.783s][info][gc] GC(4) Pause Cleanup 17M->17M(512M) 0.115ms
[1.785s][info][gc] GC(4) Concurrent Mark Cycle 16.873ms
[2.192s][info][gc] GC(5) Pause Young (Prepare Mixed) (G1 Evacuation Pause) 66M->32M(512M) 21.541ms
[2.261s][info][gc] GC(6) Pause Young (Mixed) (G1 Evacuation Pause) 49M->40M(512M) 17.096ms
[2.334s][info][gc] GC(7) Pause Young (Normal) (G1 Evacuation Pause) 67M->53M(512M) 12.157ms
[2.388s][info][gc] GC(8) Pause Young (Normal) (G1 Evacuation Pause) 83M->68M(820M) 18.808ms
[2.524s][info][gc] GC(9) Pause Young (Normal) (G1 Evacuation Pause) 110M->90M(820M) 39.812ms
[2.631s][info][gc] GC(10) Pause Young (Normal) (G1 Evacuation Pause) 129M->109M(820M) 37.129ms
[2.771s][info][gc] GC(11) Pause Young (Normal) (G1 Evacuation Pause) 144M->129M(820M) 29.358ms
[2.921s][info][gc] GC(12) Pause Young (Normal) (G1 Evacuation Pause) 163M->150M(1260M) 53.666ms
[3.407s][info][gc] GC(13) Pause Young (Concurrent Start) (Metadata GC Threshold) 178M->155M(1260M) 13.489ms
[3.407s][info][gc] GC(14) Concurrent Mark Cycle
[3.828s][info][gc] GC(14) Pause Remark 180M->175M(590M) 5.560ms
[4.036s][info][gc] GC(14) Pause Cleanup 195M->195M(590M) 0.243ms
[4.039s][info][gc] GC(14) Concurrent Mark Cycle 631.696ms
[4.233s][info][gc] GC(15) Pause Young (Prepare Mixed) (G1 Evacuation Pause) 233M->159M(590M) 39.508ms
[4.559s][info][gc] GC(16) Pause Young (Mixed) (G1 Evacuation Pause) 253M->168M(590M) 22.751ms
[5.947s][info][gc] GC(17) Pause Young (Normal) (G1 Evacuation Pause) 312M->191M(590M) 52.038ms
[6.489s][info][gc] GC(18) Pause Young (Normal) (G1 Evacuation Pause) 368M->248M(590M) 58.014ms
[6.776s][info][gc] GC(19) Pause Young (Concurrent Start) (Metadata GC Threshold) 309M->265M(927M) 34.892ms
[6.777s][info][gc] GC(20) Concurrent Mark Cycle
[7.038s][info][gc] GC(20) Pause Remark 266M->237M(797M) 11.388ms
[7.190s][info][gc] GC(20) Pause Cleanup 237M->237M(797M) 0.352ms
[7.219s][info][gc] GC(20) Concurrent Mark Cycle 442.121ms
[9.647s][info][gc] GC(21) Pause Young (Prepare Mixed) (G1 Evacuation Pause) 448M->265M(797M) 63.536ms
[10.948s][info][gc] GC(22) Pause Young (Mixed) (G1 Evacuation Pause) 510M->256M(797M) 65.996ms
[12.647s][info][gc] GC(23) Pause Young (Normal) (G1 Evacuation Pause) 674M->308M(797M) 98.796ms
[12.939s][info][gc] GC(24) Pause Young (Concurrent Start) (G1 Humongous Allocation) 361M->314M(797M) 77.642ms
[12.939s][info][gc] GC(25) Concurrent Mark Cycle
[13.627s][info][gc] GC(25) Pause Remark 387M->387M(797M) 36.848ms
[13.934s][info][gc] GC(25) Pause Cleanup 393M->393M(797M) 0.410ms
[13.942s][info][gc] GC(25) Concurrent Mark Cycle 1003.448ms
[19.751s][info][gc] GC(26) Pause Young (Prepare Mixed) (G1 Evacuation Pause) 702M->330M(797M) 37.751ms
[30.881s][info][gc] GC(27) Pause Young (Mixed) (G1 Evacuation Pause) 702M->343M(797M) 53.511ms
[33.068s][info][gc] GC(28) Pause Young (Concurrent Start) (G1 Evacuation Pause) 703M->362M(797M) 74.068ms
[33.068s][info][gc] GC(29) Concurrent Mark Cycle
[33.931s][info][gc] GC(29) Pause Remark 428M->393M(797M) 49.830ms
[34.452s][info][gc] GC(29) Pause Cleanup 440M->440M(797M) 0.310ms
[34.455s][info][gc] GC(29) Concurrent Mark Cycle 1386.873ms
[36.992s][info][gc] GC(30) Pause Young (Prepare Mixed) (G1 Evacuation Pause) 675M->339M(797M) 38.243ms
[40.027s][info][gc] GC(31) Pause Young (Mixed) (G1 Evacuation Pause) 717M->327M(797M) 69.704ms
[42.591s][info][gc] GC(32) Pause Young (Concurrent Start) (G1 Evacuation Pause) 721M->341M(797M) 33.816ms
[42.591s][info][gc] GC(33) Concurrent Mark Cycle
[43.478s][info][gc] GC(33) Pause Remark 480M->480M(800M) 43.461ms
[43.925s][info][gc] GC(33) Pause Cleanup 517M->517M(800M) 0.345ms
[43.927s][info][gc] GC(33) Concurrent Mark Cycle 1336.292ms
[50.831s][info][gc] GC(34) Pause Young (Prepare Mixed) (G1 Evacuation Pause) 725M->353M(800M) 55.984ms
[51.572s][info][gc] GC(35) Pause Young (Mixed) (G1 Evacuation Pause) 732M->343M(800M) 20.437ms
