[2026-09-23T21:55:36.302+0000][0.006s][info][gc,init] CardTable entry size: 512
[2026-09-23T21:55:36.302+0000][0.006s][info][gc     ] Using Parallel
[2026-09-23T21:55:36.313+0000][0.017s][info][gc,init] Version: 21.0.12.1+1-LTS (release)
[2026-09-23T21:55:36.313+0000][0.017s][info][gc,init] CPUs: 4 total, 4 available
[2026-09-23T21:55:36.313+0000][0.017s][info][gc,init] Memory: 15989M
[2026-09-23T21:55:36.313+0000][0.017s][info][gc,init] Large Page Support: Disabled
[2026-09-23T21:55:36.313+0000][0.017s][info][gc,init] NUMA Support: Disabled
[2026-09-23T21:55:36.313+0000][0.017s][info][gc,init] Compressed Oops: Enabled (Zero based)
[2026-09-23T21:55:36.313+0000][0.017s][info][gc,init] Alignments: Space 512K, Generation 512K, Heap 2M
[2026-09-23T21:55:36.313+0000][0.017s][info][gc,init] Heap Min Capacity: 4G
[2026-09-23T21:55:36.313+0000][0.017s][info][gc,init] Heap Initial Capacity: 4G
[2026-09-23T21:55:36.313+0000][0.017s][info][gc,init] Heap Max Capacity: 10G
[2026-09-23T21:55:36.313+0000][0.017s][info][gc,init] Pre-touch: Disabled
[2026-09-23T21:55:36.313+0000][0.017s][info][gc,init] Parallel Workers: 4
[2026-09-23T21:55:36.320+0000][0.024s][info][gc,metaspace] CDS archive(s) mapped at: [0x00007fea05000000-0x00007fea05c9c000-0x00007fea05c9c000), size 13221888, SharedBaseAddress: 0x00007fea05000000, ArchiveRelocationMode: 1.
[2026-09-23T21:55:36.320+0000][0.024s][info][gc,metaspace] Compressed class space mapped at: 0x00007fea06000000-0x00007fea46000000, reserved size: 1073741824
[2026-09-23T21:55:36.320+0000][0.024s][info][gc,metaspace] Narrow klass base: 0x00007fea05000000, Narrow klass shift: 0, Narrow klass range: 0x100000000
[2026-09-23T21:55:38.536+0000][2.240s][info][gc,start    ] GC(0) Pause Young (Metadata GC Threshold)
[2026-09-23T21:55:38.543+0000][2.247s][info][gc,heap     ] GC(0) PSYoungGen: 919414K(1223168K)->12623K(1223168K) Eden: 919414K(1048576K)->0K(1048576K) From: 0K(174592K)->12623K(174592K)
[2026-09-23T21:55:38.543+0000][2.247s][info][gc,heap     ] GC(0) ParOldGen: 1073K(2796544K)->1145K(2796544K)
[2026-09-23T21:55:38.543+0000][2.247s][info][gc,metaspace] GC(0) Metaspace: 21076K(21504K)->21076K(21504K) NonClass: 18702K(18944K)->18702K(18944K) Class: 2374K(2560K)->2374K(2560K)
[2026-09-23T21:55:38.543+0000][2.247s][info][gc          ] GC(0) Pause Young (Metadata GC Threshold) 898M->13M(3925M) 6.476ms
[2026-09-23T21:55:38.543+0000][2.247s][info][gc,cpu      ] GC(0) User=0.02s Sys=0.00s Real=0.01s
[2026-09-23T21:55:38.543+0000][2.247s][info][gc,start    ] GC(1) Pause Full (Metadata GC Threshold)
[2026-09-23T21:55:38.543+0000][2.247s][info][gc,phases,start] GC(1) Marking Phase
[2026-09-23T21:55:38.550+0000][2.254s][info][gc,phases      ] GC(1) Marking Phase 7.063ms
[2026-09-23T21:55:38.550+0000][2.254s][info][gc,phases,start] GC(1) Summary Phase
[2026-09-23T21:55:38.550+0000][2.254s][info][gc,phases      ] GC(1) Summary Phase 0.007ms
[2026-09-23T21:55:38.550+0000][2.254s][info][gc,phases,start] GC(1) Adjust Roots
[2026-09-23T21:55:38.552+0000][2.257s][info][gc,phases      ] GC(1) Adjust Roots 2.677ms
[2026-09-23T21:55:38.553+0000][2.257s][info][gc,phases,start] GC(1) Compaction Phase
[2026-09-23T21:55:38.559+0000][2.263s][info][gc,phases      ] GC(1) Compaction Phase 6.717ms
[2026-09-23T21:55:38.559+0000][2.263s][info][gc,phases,start] GC(1) Post Compact
[2026-09-23T21:55:38.560+0000][2.265s][info][gc,phases      ] GC(1) Post Compact 1.042ms
[2026-09-23T21:55:38.560+0000][2.265s][info][gc,heap        ] GC(1) PSYoungGen: 12623K(1223168K)->0K(1223168K) Eden: 0K(1048576K)->0K(1048576K) From: 12623K(174592K)->0K(174592K)
[2026-09-23T21:55:38.560+0000][2.265s][info][gc,heap        ] GC(1) ParOldGen: 1145K(2796544K)->13575K(2796544K)
[2026-09-23T21:55:38.560+0000][2.265s][info][gc,metaspace   ] GC(1) Metaspace: 21076K(21504K)->21076K(21504K) NonClass: 18702K(18944K)->18702K(18944K) Class: 2374K(2560K)->2374K(2560K)
[2026-09-23T21:55:38.560+0000][2.265s][info][gc             ] GC(1) Pause Full (Metadata GC Threshold) 13M->13M(3925M) 17.603ms
[2026-09-23T21:55:38.560+0000][2.265s][info][gc,cpu         ] GC(1) User=0.04s Sys=0.01s Real=0.02s
[2026-09-23T21:55:39.717+0000][3.421s][info][gc,start       ] GC(2) Pause Young (Metadata GC Threshold)
[2026-09-23T21:55:39.741+0000][3.445s][info][gc,heap        ] GC(2) PSYoungGen: 475687K(1223168K)->51012K(1223168K) Eden: 475687K(1048576K)->0K(1048576K) From: 0K(174592K)->51012K(174592K)
[2026-09-23T21:55:39.741+0000][3.445s][info][gc,heap        ] GC(2) ParOldGen: 13575K(2796544K)->13583K(2796544K)
[2026-09-23T21:55:39.741+0000][3.445s][info][gc,metaspace   ] GC(2) Metaspace: 35384K(35840K)->35384K(35840K) NonClass: 31294K(31552K)->31294K(31552K) Class: 4089K(4288K)->4089K(4288K)
[2026-09-23T21:55:39.741+0000][3.445s][info][gc             ] GC(2) Pause Young (Metadata GC Threshold) 477M->63M(3925M) 23.525ms
[2026-09-23T21:55:39.741+0000][3.445s][info][gc,cpu         ] GC(2) User=0.07s Sys=0.01s Real=0.02s
[2026-09-23T21:55:39.741+0000][3.445s][info][gc,start       ] GC(3) Pause Full (Metadata GC Threshold)
[2026-09-23T21:55:39.741+0000][3.445s][info][gc,phases,start] GC(3) Marking Phase
[2026-09-23T21:55:39.761+0000][3.465s][info][gc,phases      ] GC(3) Marking Phase 20.484ms
[2026-09-23T21:55:39.761+0000][3.466s][info][gc,phases,start] GC(3) Summary Phase
[2026-09-23T21:55:39.761+0000][3.466s][info][gc,phases      ] GC(3) Summary Phase 0.013ms
[2026-09-23T21:55:39.761+0000][3.466s][info][gc,phases,start] GC(3) Adjust Roots
[2026-09-23T21:55:39.764+0000][3.469s][info][gc,phases      ] GC(3) Adjust Roots 3.059ms
[2026-09-23T21:55:39.764+0000][3.469s][info][gc,phases,start] GC(3) Compaction Phase
[2026-09-23T21:55:39.800+0000][3.504s][info][gc,phases      ] GC(3) Compaction Phase 35.370ms
[2026-09-23T21:55:39.800+0000][3.504s][info][gc,phases,start] GC(3) Post Compact
[2026-09-23T21:55:39.801+0000][3.505s][info][gc,phases      ] GC(3) Post Compact 0.906ms
[2026-09-23T21:55:39.801+0000][3.505s][info][gc,heap        ] GC(3) PSYoungGen: 51012K(1223168K)->0K(1223168K) Eden: 0K(1048576K)->0K(1048576K) From: 51012K(174592K)->0K(174592K)
[2026-09-23T21:55:39.801+0000][3.505s][info][gc,heap        ] GC(3) ParOldGen: 13583K(2796544K)->64282K(2796544K)
[2026-09-23T21:55:39.801+0000][3.505s][info][gc,metaspace   ] GC(3) Metaspace: 35384K(35840K)->35384K(35840K) NonClass: 31294K(31552K)->31294K(31552K) Class: 4089K(4288K)->4089K(4288K)
[2026-09-23T21:55:39.801+0000][3.505s][info][gc             ] GC(3) Pause Full (Metadata GC Threshold) 63M->62M(3925M) 59.960ms
[2026-09-23T21:55:39.801+0000][3.505s][info][gc,cpu         ] GC(3) User=0.20s Sys=0.01s Real=0.06s
[2026-09-23T21:55:41.767+0000][5.471s][info][gc,start       ] GC(4) Pause Young (Metadata GC Threshold)
[2026-09-23T21:55:41.789+0000][5.494s][info][gc,heap        ] GC(4) PSYoungGen: 410734K(1223168K)->42952K(1223168K) Eden: 410734K(1048576K)->0K(1048576K) From: 0K(174592K)->42952K(174592K)
[2026-09-23T21:55:41.789+0000][5.494s][info][gc,heap        ] GC(4) ParOldGen: 64282K(2796544K)->64290K(2796544K)
[2026-09-23T21:55:41.789+0000][5.494s][info][gc,metaspace   ] GC(4) Metaspace: 59171K(59776K)->59171K(59776K) NonClass: 50567K(50880K)->50567K(50880K) Class: 8603K(8896K)->8603K(8896K)
[2026-09-23T21:55:41.789+0000][5.494s][info][gc             ] GC(4) Pause Young (Metadata GC Threshold) 463M->104M(3925M) 22.571ms
[2026-09-23T21:55:41.789+0000][5.494s][info][gc,cpu         ] GC(4) User=0.08s Sys=0.00s Real=0.03s
[2026-09-23T21:55:41.789+0000][5.494s][info][gc,start       ] GC(5) Pause Full (Metadata GC Threshold)
[2026-09-23T21:55:41.789+0000][5.494s][info][gc,phases,start] GC(5) Marking Phase
[2026-09-23T21:55:41.829+0000][5.533s][info][gc,phases      ] GC(5) Marking Phase 39.103ms
[2026-09-23T21:55:41.829+0000][5.533s][info][gc,phases,start] GC(5) Summary Phase
[2026-09-23T21:55:41.829+0000][5.533s][info][gc,phases      ] GC(5) Summary Phase 0.007ms
[2026-09-23T21:55:41.829+0000][5.533s][info][gc,phases,start] GC(5) Adjust Roots
[2026-09-23T21:55:41.834+0000][5.538s][info][gc,phases      ] GC(5) Adjust Roots 5.479ms
[2026-09-23T21:55:41.834+0000][5.538s][info][gc,phases,start] GC(5) Compaction Phase
[2026-09-23T21:55:41.910+0000][5.614s][info][gc,phases      ] GC(5) Compaction Phase 75.655ms
[2026-09-23T21:55:41.910+0000][5.614s][info][gc,phases,start] GC(5) Post Compact
[2026-09-23T21:55:41.911+0000][5.615s][info][gc,phases      ] GC(5) Post Compact 1.113ms
[2026-09-23T21:55:41.911+0000][5.615s][info][gc,heap        ] GC(5) PSYoungGen: 42952K(1223168K)->0K(1223168K) Eden: 0K(1048576K)->0K(1048576K) From: 42952K(174592K)->0K(174592K)
[2026-09-23T21:55:41.911+0000][5.615s][info][gc,heap        ] GC(5) ParOldGen: 64290K(2796544K)->103010K(2796544K)
[2026-09-23T21:55:41.911+0000][5.615s][info][gc,metaspace   ] GC(5) Metaspace: 59171K(59776K)->59171K(59776K) NonClass: 50567K(50880K)->50567K(50880K) Class: 8603K(8896K)->8603K(8896K)
[2026-09-23T21:55:41.911+0000][5.615s][info][gc             ] GC(5) Pause Full (Metadata GC Threshold) 104M->100M(3925M) 121.506ms
[2026-09-23T21:55:41.911+0000][5.615s][info][gc,cpu         ] GC(5) User=0.44s Sys=0.01s Real=0.12s
[2026-09-23T21:55:44.969+0000][8.673s][info][gc,start       ] GC(6) Pause Young (Metadata GC Threshold)
[2026-09-23T21:55:45.062+0000][8.766s][info][gc,heap        ] GC(6) PSYoungGen: 855731K(1223168K)->174591K(1223168K) Eden: 855731K(1048576K)->0K(1048576K) From: 0K(174592K)->174591K(174592K)
[2026-09-23T21:55:45.062+0000][8.766s][info][gc,heap        ] GC(6) ParOldGen: 103010K(2796544K)->105386K(2796544K)
[2026-09-23T21:55:45.062+0000][8.766s][info][gc,metaspace   ] GC(6) Metaspace: 98781K(99648K)->98781K(99648K) NonClass: 84834K(85312K)->84834K(85312K) Class: 13946K(14336K)->13946K(14336K)
[2026-09-23T21:55:45.062+0000][8.766s][info][gc             ] GC(6) Pause Young (Metadata GC Threshold) 936M->273M(3925M) 93.266ms
[2026-09-23T21:55:45.062+0000][8.766s][info][gc,cpu         ] GC(6) User=0.34s Sys=0.03s Real=0.09s
[2026-09-23T21:55:45.062+0000][8.766s][info][gc,start       ] GC(7) Pause Full (Metadata GC Threshold)
[2026-09-23T21:55:45.062+0000][8.767s][info][gc,phases,start] GC(7) Marking Phase
[2026-09-23T21:55:45.169+0000][8.873s][info][gc,phases      ] GC(7) Marking Phase 106.831ms
[2026-09-23T21:55:45.169+0000][8.873s][info][gc,phases,start] GC(7) Summary Phase
[2026-09-23T21:55:45.169+0000][8.873s][info][gc,phases      ] GC(7) Summary Phase 0.025ms
[2026-09-23T21:55:45.169+0000][8.873s][info][gc,phases,start] GC(7) Adjust Roots
[2026-09-23T21:55:45.178+0000][8.883s][info][gc,phases      ] GC(7) Adjust Roots 9.152ms
[2026-09-23T21:55:45.178+0000][8.883s][info][gc,phases,start] GC(7) Compaction Phase
[2026-09-23T21:55:45.467+0000][9.172s][info][gc,phases      ] GC(7) Compaction Phase 288.976ms
[2026-09-23T21:55:45.467+0000][9.172s][info][gc,phases,start] GC(7) Post Compact
[2026-09-23T21:55:45.469+0000][9.173s][info][gc,phases      ] GC(7) Post Compact 1.523ms
[2026-09-23T21:55:45.469+0000][9.173s][info][gc,heap        ] GC(7) PSYoungGen: 174591K(1223168K)->0K(1223168K) Eden: 0K(1048576K)->0K(1048576K) From: 174591K(174592K)->0K(174592K)
[2026-09-23T21:55:45.469+0000][9.173s][info][gc,heap        ] GC(7) ParOldGen: 105386K(2796544K)->278435K(2796544K)
[2026-09-23T21:55:45.469+0000][9.173s][info][gc,metaspace   ] GC(7) Metaspace: 98781K(99648K)->98781K(99648K) NonClass: 84834K(85312K)->84834K(85312K) Class: 13946K(14336K)->13946K(14336K)
[2026-09-23T21:55:45.469+0000][9.173s][info][gc             ] GC(7) Pause Full (Metadata GC Threshold) 273M->271M(3925M) 406.650ms
[2026-09-23T21:55:45.469+0000][9.173s][info][gc,cpu         ] GC(7) User=1.51s Sys=0.02s Real=0.41s
[2026-09-23T21:55:48.305+0000][12.009s][info][gc,start       ] GC(8) Pause Young (Allocation Failure)
[2026-09-23T21:55:48.330+0000][12.035s][info][gc,heap        ] GC(8) PSYoungGen: 1048576K(1223168K)->43055K(1223168K) Eden: 1048576K(1048576K)->0K(1048576K) From: 0K(174592K)->43055K(174592K)
[2026-09-23T21:55:48.330+0000][12.035s][info][gc,heap        ] GC(8) ParOldGen: 278435K(2796544K)->278451K(2796544K)
[2026-09-23T21:55:48.330+0000][12.035s][info][gc,metaspace   ] GC(8) Metaspace: 117750K(118784K)->117750K(118784K) NonClass: 100789K(101376K)->100789K(101376K) Class: 16961K(17408K)->16961K(17408K)
[2026-09-23T21:55:48.330+0000][12.035s][info][gc             ] GC(8) Pause Young (Allocation Failure) 1295M->313M(3925M) 25.130ms
[2026-09-23T21:55:48.330+0000][12.035s][info][gc,cpu         ] GC(8) User=0.10s Sys=0.00s Real=0.03s
[2026-09-23T21:55:54.381+0000][18.085s][info][gc,start       ] GC(9) Pause Young (Allocation Failure)
[2026-09-23T21:55:54.437+0000][18.141s][info][gc,heap        ] GC(9) PSYoungGen: 1091631K(1223168K)->122714K(2238464K) Eden: 1048576K(1048576K)->0K(2079744K) From: 43055K(174592K)->122714K(158720K)
[2026-09-23T21:55:54.437+0000][18.141s][info][gc,heap        ] GC(9) ParOldGen: 278451K(2796544K)->278483K(2796544K)
[2026-09-23T21:55:54.437+0000][18.141s][info][gc,metaspace   ] GC(9) Metaspace: 149575K(150784K)->149575K(150784K) NonClass: 125195K(125888K)->125195K(125888K) Class: 24380K(24896K)->24380K(24896K)
[2026-09-23T21:55:54.437+0000][18.141s][info][gc             ] GC(9) Pause Young (Allocation Failure) 1337M->391M(4917M) 56.124ms
[2026-09-23T21:55:54.437+0000][18.141s][info][gc,cpu         ] GC(9) User=0.19s Sys=0.02s Real=0.06s
[2026-09-23T21:55:55.916+0000][19.621s][info][gc,start       ] GC(10) Pause Young (CodeCache GC Threshold)
[2026-09-23T21:55:55.975+0000][19.679s][info][gc,heap        ] GC(10) PSYoungGen: 638621K(2238464K)->152025K(2255872K) Eden: 515906K(2079744K)->0K(2079744K) From: 122714K(158720K)->152025K(176128K)
[2026-09-23T21:55:55.975+0000][19.679s][info][gc,heap        ] GC(10) ParOldGen: 278483K(2796544K)->278491K(2796544K)
[2026-09-23T21:55:55.975+0000][19.679s][info][gc,metaspace   ] GC(10) Metaspace: 150868K(152128K)->150868K(152128K) NonClass: 126360K(127104K)->126360K(127104K) Class: 24507K(25024K)->24507K(25024K)
[2026-09-23T21:55:55.975+0000][19.679s][info][gc             ] GC(10) Pause Young (CodeCache GC Threshold) 895M->420M(4934M) 58.320ms
[2026-09-23T21:55:55.975+0000][19.679s][info][gc,cpu         ] GC(10) User=0.16s Sys=0.06s Real=0.06s
[2026-09-23T21:55:55.975+0000][19.679s][info][gc,start       ] GC(11) Pause Full (CodeCache GC Threshold)
[2026-09-23T21:55:55.975+0000][19.679s][info][gc,phases,start] GC(11) Marking Phase
[2026-09-23T21:55:56.142+0000][19.847s][info][gc,phases      ] GC(11) Marking Phase 167.577ms
[2026-09-23T21:55:56.142+0000][19.847s][info][gc,phases,start] GC(11) Summary Phase
[2026-09-23T21:55:56.142+0000][19.847s][info][gc,phases      ] GC(11) Summary Phase 0.024ms
[2026-09-23T21:55:56.142+0000][19.847s][info][gc,phases,start] GC(11) Adjust Roots
[2026-09-23T21:55:56.165+0000][19.869s][info][gc,phases      ] GC(11) Adjust Roots 22.798ms
[2026-09-23T21:55:56.165+0000][19.869s][info][gc,phases,start] GC(11) Compaction Phase
[2026-09-23T21:55:56.523+0000][20.227s][info][gc,phases      ] GC(11) Compaction Phase 357.411ms
[2026-09-23T21:55:56.523+0000][20.227s][info][gc,phases,start] GC(11) Post Compact
[2026-09-23T21:55:56.529+0000][20.233s][info][gc,phases      ] GC(11) Post Compact 5.911ms
[2026-09-23T21:55:56.529+0000][20.233s][info][gc,heap        ] GC(11) PSYoungGen: 152025K(2255872K)->0K(2255872K) Eden: 0K(2079744K)->0K(2079744K) From: 152025K(176128K)->0K(176128K)
[2026-09-23T21:55:56.529+0000][20.233s][info][gc,heap        ] GC(11) ParOldGen: 278491K(2796544K)->390872K(2796544K)
[2026-09-23T21:55:56.529+0000][20.233s][info][gc,metaspace   ] GC(11) Metaspace: 150868K(152128K)->150804K(152128K) NonClass: 126360K(127104K)->126312K(127104K) Class: 24507K(25024K)->24491K(25024K)
[2026-09-23T21:55:56.529+0000][20.233s][info][gc             ] GC(11) Pause Full (CodeCache GC Threshold) 420M->381M(4934M) 553.878ms
[2026-09-23T21:55:56.529+0000][20.233s][info][gc,cpu         ] GC(11) User=2.00s Sys=0.01s Real=0.56s
[2026-09-23T21:56:00.863+0000][24.568s][info][gc,start       ] GC(12) Pause Young (Allocation Failure)
[2026-09-23T21:56:00.955+0000][24.659s][info][gc,heap        ] GC(12) PSYoungGen: 2079744K(2255872K)->200672K(2227200K) Eden: 2079744K(2079744K)->0K(2026496K) From: 0K(176128K)->200672K(200704K)
[2026-09-23T21:56:00.955+0000][24.659s][info][gc,heap        ] GC(12) ParOldGen: 390872K(2796544K)->468483K(2796544K)
[2026-09-23T21:56:00.955+0000][24.659s][info][gc,metaspace   ] GC(12) Metaspace: 152787K(154176K)->152787K(154176K) NonClass: 127979K(128768K)->127979K(128768K) Class: 24807K(25408K)->24807K(25408K)
[2026-09-23T21:56:00.955+0000][24.659s][info][gc             ] GC(12) Pause Young (Allocation Failure) 2412M->653M(4906M) 91.297ms
[2026-09-23T21:56:00.955+0000][24.659s][info][gc,cpu         ] GC(12) User=0.29s Sys=0.07s Real=0.09s
[2026-09-23T21:56:05.161+0000][28.865s][info][gc,start       ] GC(13) Pause Young (Allocation Failure)
[2026-09-23T21:56:05.318+0000][29.022s][info][gc,heap        ] GC(13) PSYoungGen: 2227168K(2227200K)->271340K(2297856K) Eden: 2026496K(2026496K)->0K(2026496K) From: 200672K(200704K)->271340K(271360K)
[2026-09-23T21:56:05.318+0000][29.022s][info][gc,heap        ] GC(13) ParOldGen: 468483K(2796544K)->741353K(2796544K)
[2026-09-23T21:56:05.318+0000][29.022s][info][gc,metaspace   ] GC(13) Metaspace: 153448K(154944K)->153448K(154944K) NonClass: 128538K(129408K)->128538K(129408K) Class: 24910K(25536K)->24910K(25536K)
[2026-09-23T21:56:05.318+0000][29.023s][info][gc             ] GC(13) Pause Young (Allocation Failure) 2632M->988M(4975M) 157.486ms
[2026-09-23T21:56:05.318+0000][29.023s][info][gc,cpu         ] GC(13) User=0.51s Sys=0.11s Real=0.16s
[2026-09-23T21:56:09.054+0000][32.758s][info][gc,start       ] GC(14) Pause Young (Allocation Failure)
[2026-09-23T21:56:09.221+0000][32.925s][info][gc,heap        ] GC(14) PSYoungGen: 2297836K(2297856K)->409856K(2932736K) Eden: 2026496K(2026496K)->0K(2503680K) From: 271340K(271360K)->409856K(429056K)
[2026-09-23T21:56:09.221+0000][32.925s][info][gc,heap        ] GC(14) ParOldGen: 741353K(2796544K)->924306K(2796544K)
[2026-09-23T21:56:09.221+0000][32.925s][info][gc,metaspace   ] GC(14) Metaspace: 154138K(155584K)->154138K(155584K) NonClass: 129142K(129984K)->129142K(129984K) Class: 24995K(25600K)->24995K(25600K)
[2026-09-23T21:56:09.221+0000][32.925s][info][gc             ] GC(14) Pause Young (Allocation Failure) 2967M->1302M(5595M) 166.889ms
[2026-09-23T21:56:09.221+0000][32.925s][info][gc,cpu         ] GC(14) User=0.50s Sys=0.16s Real=0.17s
[2026-09-23T21:56:14.096+0000][37.800s][info][gc,start       ] GC(15) Pause Young (Allocation Failure)
[2026-09-23T21:56:14.322+0000][38.026s][info][gc,heap        ] GC(15) PSYoungGen: 2913536K(2932736K)->316076K(2820096K) Eden: 2503680K(2503680K)->0K(2503680K) From: 409856K(429056K)->316076K(316416K)
[2026-09-23T21:56:14.322+0000][38.026s][info][gc,heap        ] GC(15) ParOldGen: 924306K(2796544K)->1352570K(2796544K)
[2026-09-23T21:56:14.322+0000][38.026s][info][gc,metaspace   ] GC(15) Metaspace: 154934K(156352K)->154934K(156352K) NonClass: 129862K(130688K)->129862K(130688K) Class: 25071K(25664K)->25071K(25664K)
[2026-09-23T21:56:14.322+0000][38.026s][info][gc             ] GC(15) Pause Young (Allocation Failure) 3747M->1629M(5485M) 226.222ms
[2026-09-23T21:56:14.322+0000][38.026s][info][gc,cpu         ] GC(15) User=0.71s Sys=0.16s Real=0.23s
[2026-09-23T21:56:19.987+0000][43.691s][info][gc,start       ] GC(16) Pause Young (Allocation Failure)
[2026-09-23T21:56:20.213+0000][43.917s][info][gc,heap        ] GC(16) PSYoungGen: 2819756K(2820096K)->442658K(2861056K) Eden: 2503680K(2503680K)->0K(2347008K) From: 316076K(316416K)->442658K(514048K)
[2026-09-23T21:56:20.213+0000][43.917s][info][gc,heap        ] GC(16) ParOldGen: 1352570K(2796544K)->1680742K(2796544K)
[2026-09-23T21:56:20.213+0000][43.917s][info][gc,metaspace   ] GC(16) Metaspace: 156641K(158080K)->156641K(158080K) NonClass: 131467K(132288K)->131467K(132288K) Class: 25174K(25792K)->25174K(25792K)
[2026-09-23T21:56:20.213+0000][43.917s][info][gc             ] GC(16) Pause Young (Allocation Failure) 4074M->2073M(5525M) 225.521ms
[2026-09-23T21:56:20.213+0000][43.917s][info][gc,cpu         ] GC(16) User=0.81s Sys=0.10s Real=0.22s
[2026-09-23T21:56:25.733+0000][49.437s][info][gc,start       ] GC(17) Pause Young (Allocation Failure)
[2026-09-23T21:56:25.987+0000][49.691s][info][gc,heap        ] GC(17) PSYoungGen: 2789666K(2861056K)->485762K(2832896K) Eden: 2347008K(2347008K)->0K(2347008K) From: 442658K(514048K)->485762K(485888K)
[2026-09-23T21:56:25.987+0000][49.691s][info][gc,heap        ] GC(17) ParOldGen: 1680742K(2796544K)->2112488K(2796544K)
[2026-09-23T21:56:25.987+0000][49.691s][info][gc,metaspace   ] GC(17) Metaspace: 157540K(159040K)->157540K(159040K) NonClass: 132308K(133184K)->132308K(133184K) Class: 25232K(25856K)->25232K(25856K)
[2026-09-23T21:56:25.987+0000][49.691s][info][gc             ] GC(17) Pause Young (Allocation Failure) 4365M->2537M(5497M) 254.017ms
[2026-09-23T21:56:25.987+0000][49.691s][info][gc,cpu         ] GC(17) User=0.91s Sys=0.10s Real=0.26s
[2026-09-23T21:56:27.327+0000][51.031s][info][gc,start       ] GC(18) Pause Young (GCLocker Initiated GC)
[2026-09-23T21:56:27.515+0000][51.219s][info][gc,heap        ] GC(18) PSYoungGen: 1185115K(2832896K)->118983K(2875392K) Eden: 699352K(2347008K)->0K(2238464K) From: 485762K(485888K)->118983K(636928K)
[2026-09-23T21:56:27.515+0000][51.219s][info][gc,heap        ] GC(18) ParOldGen: 2112488K(2796544K)->2569685K(2796544K)
[2026-09-23T21:56:27.515+0000][51.219s][info][gc,metaspace   ] GC(18) Metaspace: 157850K(159360K)->157850K(159360K) NonClass: 132584K(133440K)->132584K(133440K) Class: 25265K(25920K)->25265K(25920K)
[2026-09-23T21:56:27.515+0000][51.220s][info][gc             ] GC(18) Pause Young (GCLocker Initiated GC) 3220M->2625M(5539M) 188.155ms
[2026-09-23T21:56:27.515+0000][51.220s][info][gc,cpu         ] GC(18) User=0.56s Sys=0.16s Real=0.18s
[2026-09-23T21:56:36.109+0000][59.814s][info][gc,start       ] GC(19) Pause Young (Allocation Failure)
[2026-09-23T21:56:36.260+0000][59.964s][info][gc,heap        ] GC(19) PSYoungGen: 2357447K(2875392K)->581176K(2820096K) Eden: 2238464K(2238464K)->0K(2238464K) From: 118983K(636928K)->581176K(581632K)
[2026-09-23T21:56:36.260+0000][59.964s][info][gc,heap        ] GC(19) ParOldGen: 2569685K(2796544K)->2727208K(2796544K)
[2026-09-23T21:56:36.260+0000][59.964s][info][gc,metaspace   ] GC(19) Metaspace: 166767K(168576K)->166767K(168576K) NonClass: 140278K(141312K)->140278K(141312K) Class: 26488K(27264K)->26488K(27264K)
[2026-09-23T21:56:36.260+0000][59.964s][info][gc             ] GC(19) Pause Young (Allocation Failure) 4811M->3230M(5485M) 150.666ms
[2026-09-23T21:56:36.260+0000][59.964s][info][gc,cpu         ] GC(19) User=0.56s Sys=0.02s Real=0.15s
[2026-09-23T21:56:41.724+0000][65.428s][info][gc,start       ] GC(20) Pause Young (Allocation Failure)
[2026-09-23T21:56:41.988+0000][65.693s][info][gc,heap        ] GC(20) PSYoungGen: 2819640K(2820096K)->225930K(2822144K) Eden: 2238464K(2238464K)->0K(2147328K) From: 581176K(581632K)->225930K(674816K)
[2026-09-23T21:56:41.988+0000][65.693s][info][gc,heap        ] GC(20) ParOldGen: 2727208K(2796544K)->3298619K(3298816K)
[2026-09-23T21:56:41.988+0000][65.693s][info][gc,metaspace   ] GC(20) Metaspace: 167351K(169088K)->167351K(169088K) NonClass: 140812K(141824K)->140812K(141824K) Class: 26539K(27264K)->26539K(27264K)
[2026-09-23T21:56:41.988+0000][65.693s][info][gc             ] GC(20) Pause Young (Allocation Failure) 5416M->3441M(5977M) 264.533ms
[2026-09-23T21:56:41.988+0000][65.693s][info][gc,cpu         ] GC(20) User=0.67s Sys=0.29s Real=0.27s
[2026-09-23T21:56:46.052+0000][69.756s][info][gc,start       ] GC(21) Pause Young (Allocation Failure)
[2026-09-23T21:56:46.231+0000][69.936s][info][gc,heap        ] GC(21) PSYoungGen: 2373258K(2822144K)->177457K(2324992K) Eden: 2147328K(2147328K)->0K(2147328K) From: 225930K(674816K)->177457K(177664K)
[2026-09-23T21:56:46.232+0000][69.936s][info][gc,heap        ] GC(21) ParOldGen: 3298619K(3298816K)->3511610K(3511808K)
[2026-09-23T21:56:46.232+0000][69.936s][info][gc,metaspace   ] GC(21) Metaspace: 167622K(169408K)->167622K(169408K) NonClass: 141060K(142080K)->141060K(142080K) Class: 26562K(27328K)->26562K(27328K)
[2026-09-23T21:56:46.232+0000][69.936s][info][gc             ] GC(21) Pause Young (Allocation Failure) 5538M->3602M(5700M) 179.955ms
[2026-09-23T21:56:46.232+0000][69.936s][info][gc,cpu         ] GC(21) User=0.55s Sys=0.13s Real=0.18s
[2026-09-23T21:56:49.897+0000][73.601s][info][gc,start       ] GC(22) Pause Young (Allocation Failure)
[2026-09-23T21:56:50.112+0000][73.816s][info][gc,heap        ] GC(22) PSYoungGen: 2324785K(2324992K)->162705K(2817536K) Eden: 2147328K(2147328K)->0K(2170880K) From: 177457K(177664K)->162705K(646656K)
[2026-09-23T21:56:50.112+0000][73.816s][info][gc,heap        ] GC(22) ParOldGen: 3511610K(3511808K)->3673855K(3674112K)
[2026-09-23T21:56:50.112+0000][73.816s][info][gc,metaspace   ] GC(22) Metaspace: 167820K(169664K)->167820K(169664K) NonClass: 141251K(142336K)->141251K(142336K) Class: 26569K(27328K)->26569K(27328K)
[2026-09-23T21:56:50.112+0000][73.816s][info][gc             ] GC(22) Pause Young (Allocation Failure) 5699M->3746M(6339M) 215.187ms
[2026-09-23T21:56:50.112+0000][73.816s][info][gc,cpu         ] GC(22) User=0.68s Sys=0.14s Real=0.21s
[2026-09-23T21:56:53.480+0000][77.184s][info][gc,start       ] GC(23) Pause Young (Allocation Failure)
[2026-09-23T21:56:53.636+0000][77.340s][info][gc,heap        ] GC(23) PSYoungGen: 2333585K(2817536K)->142993K(2793984K) Eden: 2170880K(2170880K)->0K(2170880K) From: 162705K(646656K)->142993K(623104K)
[2026-09-23T21:56:53.636+0000][77.340s][info][gc,heap        ] GC(23) ParOldGen: 3673855K(3674112K)->3818037K(3818496K)
[2026-09-23T21:56:53.636+0000][77.340s][info][gc,metaspace   ] GC(23) Metaspace: 168184K(170048K)->168184K(170048K) NonClass: 141577K(142656K)->141577K(142656K) Class: 26606K(27392K)->26606K(27392K)
[2026-09-23T21:56:53.636+0000][77.340s][info][gc             ] GC(23) Pause Young (Allocation Failure) 5866M->3868M(6457M) 156.028ms
[2026-09-23T21:56:53.636+0000][77.340s][info][gc,cpu         ] GC(23) User=0.50s Sys=0.09s Real=0.15s
[2026-09-23T21:56:56.909+0000][80.614s][info][gc,start       ] GC(24) Pause Young (Allocation Failure)
[2026-09-23T21:56:57.067+0000][80.771s][info][gc,heap        ] GC(24) PSYoungGen: 2313873K(2793984K)->143073K(2849280K) Eden: 2170880K(2170880K)->0K(2246144K) From: 142993K(623104K)->143073K(603136K)
[2026-09-23T21:56:57.067+0000][80.771s][info][gc,heap        ] GC(24) ParOldGen: 3818037K(3818496K)->3941454K(3941888K)
[2026-09-23T21:56:57.067+0000][80.771s][info][gc,metaspace   ] GC(24) Metaspace: 168301K(170112K)->168301K(170112K) NonClass: 141689K(142720K)->141689K(142720K) Class: 26612K(27392K)->26612K(27392K)
[2026-09-23T21:56:57.067+0000][80.771s][info][gc             ] GC(24) Pause Young (Allocation Failure) 5988M->3988M(6632M) 157.355ms
[2026-09-23T21:56:57.067+0000][80.771s][info][gc,cpu         ] GC(24) User=0.53s Sys=0.08s Real=0.15s
[2026-09-23T21:57:00.122+0000][83.826s][info][gc,start       ] GC(25) Pause Young (Allocation Failure)
[2026-09-23T21:57:00.279+0000][83.984s][info][gc,heap        ] GC(25) PSYoungGen: 2389217K(2849280K)->130545K(2828288K) Eden: 2246144K(2246144K)->0K(2246144K) From: 143073K(603136K)->130545K(582144K)
[2026-09-23T21:57:00.279+0000][83.984s][info][gc,heap        ] GC(25) ParOldGen: 3941454K(3941888K)->4063228K(4063232K)
[2026-09-23T21:57:00.279+0000][83.984s][info][gc,metaspace   ] GC(25) Metaspace: 168432K(170240K)->168432K(170240K) NonClass: 141815K(142848K)->141815K(142848K) Class: 26617K(27392K)->26617K(27392K)
[2026-09-23T21:57:00.279+0000][83.984s][info][gc             ] GC(25) Pause Young (Allocation Failure) 6182M->4095M(6730M) 157.558ms
[2026-09-23T21:57:00.279+0000][83.984s][info][gc,cpu         ] GC(25) User=0.50s Sys=0.09s Real=0.16s
[2026-09-23T21:57:03.376+0000][87.080s][info][gc,start       ] GC(26) Pause Young (Allocation Failure)
[2026-09-23T21:57:03.525+0000][87.229s][info][gc,heap        ] GC(26) PSYoungGen: 2376689K(2828288K)->123089K(2891776K) Eden: 2246144K(2246144K)->0K(2328576K) From: 130545K(582144K)->123089K(563200K)
[2026-09-23T21:57:03.525+0000][87.229s][info][gc,heap        ] GC(26) ParOldGen: 4063228K(4063232K)->4170021K(4170240K)
[2026-09-23T21:57:03.525+0000][87.229s][info][gc,metaspace   ] GC(26) Metaspace: 168467K(170304K)->168467K(170304K) NonClass: 141848K(142912K)->141848K(142912K) Class: 26618K(27392K)->26618K(27392K)
[2026-09-23T21:57:03.525+0000][87.229s][info][gc             ] GC(26) Pause Young (Allocation Failure) 6288M->4192M(6896M) 148.738ms
[2026-09-23T21:57:03.525+0000][87.229s][info][gc,cpu         ] GC(26) User=0.52s Sys=0.06s Real=0.15s
[2026-09-23T21:57:06.442+0000][90.146s][info][gc,start       ] GC(27) Pause Young (Allocation Failure)
[2026-09-23T21:57:06.598+0000][90.302s][info][gc,heap        ] GC(27) PSYoungGen: 2451665K(2891776K)->128353K(2872832K) Eden: 2328576K(2328576K)->0K(2328576K) From: 123089K(563200K)->128353K(544256K)
[2026-09-23T21:57:06.598+0000][90.302s][info][gc,heap        ] GC(27) ParOldGen: 4170021K(4170240K)->4267818K(4268032K)
[2026-09-23T21:57:06.598+0000][90.302s][info][gc,metaspace   ] GC(27) Metaspace: 168592K(170368K)->168592K(170368K) NonClass: 141961K(142976K)->141961K(142976K) Class: 26631K(27392K)->26631K(27392K)
[2026-09-23T21:57:06.598+0000][90.302s][info][gc             ] GC(27) Pause Young (Allocation Failure) 6466M->4293M(6973M) 155.996ms
[2026-09-23T21:57:06.598+0000][90.302s][info][gc,cpu         ] GC(27) User=0.51s Sys=0.09s Real=0.16s
[2026-09-23T21:57:09.254+0000][92.958s][info][gc,start       ] GC(28) Pause Young (Allocation Failure)
[2026-09-23T21:57:09.414+0000][93.118s][info][gc,heap        ] GC(28) PSYoungGen: 2456929K(2872832K)->115617K(2929664K) Eden: 2328576K(2328576K)->0K(2405376K) From: 128353K(544256K)->115617K(524288K)
[2026-09-23T21:57:09.414+0000][93.118s][info][gc,heap        ] GC(28) ParOldGen: 4267818K(4268032K)->4369926K(4370432K)
[2026-09-23T21:57:09.414+0000][93.118s][info][gc,metaspace   ] GC(28) Metaspace: 168632K(170432K)->168632K(170432K) NonClass: 141999K(143040K)->141999K(143040K) Class: 26632K(27392K)->26632K(27392K)
[2026-09-23T21:57:09.414+0000][93.118s][info][gc             ] GC(28) Pause Young (Allocation Failure) 6567M->4380M(7129M) 159.657ms
[2026-09-23T21:57:09.414+0000][93.118s][info][gc,cpu         ] GC(28) User=0.55s Sys=0.06s Real=0.16s
[2026-09-23T21:57:12.391+0000][96.095s][info][gc,start       ] GC(29) Pause Young (Allocation Failure)
[2026-09-23T21:57:12.577+0000][96.282s][info][gc,heap        ] GC(29) PSYoungGen: 2520993K(2929664K)->132609K(2911744K) Eden: 2405376K(2405376K)->0K(2405376K) From: 115617K(524288K)->132609K(506368K)
[2026-09-23T21:57:12.577+0000][96.282s][info][gc,heap        ] GC(29) ParOldGen: 4369926K(4370432K)->4456743K(4456960K)
[2026-09-23T21:57:12.577+0000][96.282s][info][gc,metaspace   ] GC(29) Metaspace: 168739K(170560K)->168739K(170560K) NonClass: 142102K(143168K)->142102K(143168K) Class: 26637K(27392K)->26637K(27392K)
[2026-09-23T21:57:12.577+0000][96.282s][info][gc             ] GC(29) Pause Young (Allocation Failure) 6729M->4481M(7196M) 186.626ms
[2026-09-23T21:57:12.577+0000][96.282s][info][gc,cpu         ] GC(29) User=0.55s Sys=0.07s Real=0.19s
[2026-09-23T21:57:15.471+0000][99.176s][info][gc,start       ] GC(30) Pause Young (Allocation Failure)
[2026-09-23T21:57:15.647+0000][99.352s][info][gc,heap        ] GC(30) PSYoungGen: 2537985K(2911744K)->116289K(2967552K) Eden: 2405376K(2405376K)->0K(2482688K) From: 132609K(506368K)->116289K(484864K)
[2026-09-23T21:57:15.647+0000][99.352s][info][gc,heap        ] GC(30) ParOldGen: 4456743K(4456960K)->4560472K(4560896K)
[2026-09-23T21:57:15.647+0000][99.352s][info][gc,metaspace   ] GC(30) Metaspace: 168772K(170560K)->168772K(170560K) NonClass: 142132K(143168K)->142132K(143168K) Class: 26640K(27392K)->26640K(27392K)
[2026-09-23T21:57:15.647+0000][99.352s][info][gc             ] GC(30) Pause Young (Allocation Failure) 6830M->4567M(7352M) 176.031ms
[2026-09-23T21:57:15.648+0000][99.352s][info][gc,cpu         ] GC(30) User=0.59s Sys=0.05s Real=0.18s
[2026-09-23T21:57:18.662+0000][102.367s][info][gc,start       ] GC(31) Pause Young (Allocation Failure)
[2026-09-23T21:57:18.822+0000][102.526s][info][gc,heap        ] GC(31) PSYoungGen: 2598977K(2967552K)->117329K(2949120K) Eden: 2482688K(2482688K)->0K(2482688K) From: 116289K(484864K)->117329K(466432K)
[2026-09-23T21:57:18.822+0000][102.526s][info][gc,heap        ] GC(31) ParOldGen: 4560472K(4560896K)->4646093K(4646400K)
[2026-09-23T21:57:18.822+0000][102.526s][info][gc,metaspace   ] GC(31) Metaspace: 168844K(170624K)->168844K(170624K) NonClass: 142198K(143232K)->142198K(143232K) Class: 26646K(27392K)->26646K(27392K)
[2026-09-23T21:57:18.822+0000][102.526s][info][gc             ] GC(31) Pause Young (Allocation Failure) 6991M->4651M(7417M) 159.354ms
[2026-09-23T21:57:18.822+0000][102.526s][info][gc,cpu         ] GC(31) User=0.53s Sys=0.09s Real=0.16s
[2026-09-23T21:57:21.640+0000][105.345s][info][gc,start       ] GC(32) Pause Young (Allocation Failure)
[2026-09-23T21:57:21.776+0000][105.481s][info][gc,heap        ] GC(32) PSYoungGen: 2600017K(2949120K)->60961K(2999808K) Eden: 2482688K(2482688K)->0K(2551808K) From: 117329K(466432K)->60961K(448000K)
[2026-09-23T21:57:21.776+0000][105.481s][info][gc,heap        ] GC(32) ParOldGen: 4646093K(4646400K)->4731266K(4731392K)
[2026-09-23T21:57:21.776+0000][105.481s][info][gc,metaspace   ] GC(32) Metaspace: 168925K(170816K)->168925K(170816K) NonClass: 142270K(143360K)->142270K(143360K) Class: 26655K(27456K)->26655K(27456K)
[2026-09-23T21:57:21.776+0000][105.481s][info][gc             ] GC(32) Pause Young (Allocation Failure) 7076M->4679M(7550M) 135.849ms
[2026-09-23T21:57:21.776+0000][105.481s][info][gc,cpu         ] GC(32) User=0.47s Sys=0.05s Real=0.13s
[2026-09-23T21:57:24.771+0000][108.475s][info][gc,start       ] GC(33) Pause Young (Allocation Failure)
[2026-09-23T21:57:24.878+0000][108.582s][info][gc,heap        ] GC(33) PSYoungGen: 2612769K(2999808K)->45584K(2991616K) Eden: 2551808K(2551808K)->0K(2551808K) From: 60961K(448000K)->45584K(439808K)
[2026-09-23T21:57:24.878+0000][108.582s][info][gc,heap        ] GC(33) ParOldGen: 4731266K(4731392K)->4759178K(4759552K)
[2026-09-23T21:57:24.878+0000][108.582s][info][gc,metaspace   ] GC(33) Metaspace: 168972K(170880K)->168972K(170880K) NonClass: 142316K(143424K)->142316K(143424K) Class: 26655K(27456K)->26655K(27456K)
[2026-09-23T21:57:24.878+0000][108.582s][info][gc             ] GC(33) Pause Young (Allocation Failure) 7171M->4692M(7569M) 106.885ms
[2026-09-23T21:57:24.878+0000][108.582s][info][gc,cpu         ] GC(33) User=0.40s Sys=0.02s Real=0.11s
[2026-09-23T21:57:27.989+0000][111.693s][info][gc,start       ] GC(34) Pause Young (Allocation Failure)
[2026-09-23T21:57:28.086+0000][111.791s][info][gc,heap        ] GC(34) PSYoungGen: 2597392K(2991616K)->45025K(3044352K) Eden: 2551808K(2551808K)->0K(2617856K) From: 45584K(439808K)->45025K(426496K)
[2026-09-23T21:57:28.086+0000][111.791s][info][gc,heap        ] GC(34) ParOldGen: 4759178K(4759552K)->4771345K(4771840K)
[2026-09-23T21:57:28.086+0000][111.791s][info][gc,metaspace   ] GC(34) Metaspace: 169007K(170880K)->169007K(170880K) NonClass: 142352K(143424K)->142352K(143424K) Class: 26655K(27456K)->26655K(27456K)
[2026-09-23T21:57:28.086+0000][111.791s][info][gc             ] GC(34) Pause Young (Allocation Failure) 7184M->4703M(7633M) 97.318ms
[2026-09-23T21:57:28.086+0000][111.791s][info][gc,cpu         ] GC(34) User=0.38s Sys=0.01s Real=0.09s
[2026-09-23T21:57:30.988+0000][114.692s][info][gc,start       ] GC(35) Pause Young (Allocation Failure)
[2026-09-23T21:57:31.101+0000][114.805s][info][gc,heap        ] GC(35) PSYoungGen: 2662881K(3044352K)->44961K(3038720K) Eden: 2617856K(2617856K)->0K(2617856K) From: 45025K(426496K)->44961K(420864K)
[2026-09-23T21:57:31.101+0000][114.805s][info][gc,heap        ] GC(35) ParOldGen: 4771345K(4771840K)->4785429K(4785664K)
[2026-09-23T21:57:31.101+0000][114.805s][info][gc,metaspace   ] GC(35) Metaspace: 169022K(170944K)->169022K(170944K) NonClass: 142366K(143488K)->142366K(143488K) Class: 26655K(27456K)->26655K(27456K)
[2026-09-23T21:57:31.101+0000][114.805s][info][gc             ] GC(35) Pause Young (Allocation Failure) 7259M->4717M(7641M) 112.969ms
[2026-09-23T21:57:31.101+0000][114.805s][info][gc,cpu         ] GC(35) User=0.39s Sys=0.04s Real=0.11s
[2026-09-23T21:57:34.321+0000][118.025s][info][gc,start       ] GC(36) Pause Young (Allocation Failure)
[2026-09-23T21:57:34.421+0000][118.125s][info][gc,heap        ] GC(36) PSYoungGen: 2662817K(3038720K)->53329K(3059200K) Eden: 2617856K(2617856K)->0K(2662400K) From: 44961K(420864K)->53329K(396800K)
[2026-09-23T21:57:34.421+0000][118.125s][info][gc,heap        ] GC(36) ParOldGen: 4785429K(4785664K)->4798156K(4798464K)
[2026-09-23T21:57:34.421+0000][118.125s][info][gc,metaspace   ] GC(36) Metaspace: 169367K(171200K)->169367K(171200K) NonClass: 142655K(143744K)->142655K(143744K) Class: 26711K(27456K)->26711K(27456K)
[2026-09-23T21:57:34.421+0000][118.125s][info][gc             ] GC(36) Pause Young (Allocation Failure) 7273M->4737M(7673M) 100.041ms
[2026-09-23T21:57:34.421+0000][118.125s][info][gc,cpu         ] GC(36) User=0.39s Sys=0.01s Real=0.10s
[2026-09-23T21:57:37.641+0000][121.345s][info][gc,start       ] GC(37) Pause Young (Allocation Failure)
[2026-09-23T21:57:37.741+0000][121.446s][info][gc,heap        ] GC(37) PSYoungGen: 2715729K(3059200K)->40448K(3056640K) Eden: 2662400K(2662400K)->0K(2662400K) From: 53329K(396800K)->40448K(394240K)
[2026-09-23T21:57:37.741+0000][121.446s][info][gc,heap        ] GC(37) ParOldGen: 4798156K(4798464K)->4821545K(4822016K)
[2026-09-23T21:57:37.741+0000][121.446s][info][gc,metaspace   ] GC(37) Metaspace: 169448K(171264K)->169448K(171264K) NonClass: 142733K(143808K)->142733K(143808K) Class: 26714K(27456K)->26714K(27456K)
[2026-09-23T21:57:37.741+0000][121.446s][info][gc             ] GC(37) Pause Young (Allocation Failure) 7337M->4748M(7694M) 100.475ms
[2026-09-23T21:57:37.741+0000][121.446s][info][gc,cpu         ] GC(37) User=0.39s Sys=0.01s Real=0.10s
[2026-09-23T21:57:40.818+0000][124.522s][info][gc,start       ] GC(38) Pause Young (Allocation Failure)
[2026-09-23T21:57:40.914+0000][124.618s][info][gc,heap        ] GC(38) PSYoungGen: 2702848K(3056640K)->43809K(3085824K) Eden: 2662400K(2662400K)->0K(2718720K) From: 40448K(394240K)->43809K(367104K)
[2026-09-23T21:57:40.914+0000][124.618s][info][gc,heap        ] GC(38) ParOldGen: 4821545K(4822016K)->4832388K(4832768K)
[2026-09-23T21:57:40.914+0000][124.618s][info][gc,metaspace   ] GC(38) Metaspace: 169472K(171328K)->169472K(171328K) NonClass: 142757K(143872K)->142757K(143872K) Class: 26715K(27456K)->26715K(27456K)
[2026-09-23T21:57:40.914+0000][124.618s][info][gc             ] GC(38) Pause Young (Allocation Failure) 7348M->4761M(7733M) 96.040ms
[2026-09-23T21:57:40.914+0000][124.618s][info][gc,cpu         ] GC(38) User=0.37s Sys=0.02s Real=0.09s
[2026-09-23T21:57:44.241+0000][127.945s][info][gc,start       ] GC(39) Pause Young (Allocation Failure)
[2026-09-23T21:57:44.343+0000][128.047s][info][gc,heap        ] GC(39) PSYoungGen: 2762529K(3085824K)->43345K(3084800K) Eden: 2718720K(2718720K)->0K(2718720K) From: 43809K(367104K)->43345K(366080K)
[2026-09-23T21:57:44.343+0000][128.047s][info][gc,heap        ] GC(39) ParOldGen: 4832388K(4832768K)->4844652K(4845056K)
[2026-09-23T21:57:44.343+0000][128.047s][info][gc,metaspace   ] GC(39) Metaspace: 169493K(171328K)->169493K(171328K) NonClass: 142777K(143872K)->142777K(143872K) Class: 26716K(27456K)->26716K(27456K)
[2026-09-23T21:57:44.343+0000][128.047s][info][gc             ] GC(39) Pause Young (Allocation Failure) 7416M->4773M(7744M) 101.528ms
[2026-09-23T21:57:44.343+0000][128.047s][info][gc,cpu         ] GC(39) User=0.38s Sys=0.01s Real=0.10s
[2026-09-23T21:57:47.640+0000][131.344s][info][gc,start       ] GC(40) Pause Young (Allocation Failure)
[2026-09-23T21:57:47.736+0000][131.441s][info][gc,heap        ] GC(40) PSYoungGen: 2762065K(3084800K)->41808K(3113472K) Eden: 2718720K(2718720K)->0K(2777088K) From: 43345K(366080K)->41808K(336384K)
[2026-09-23T21:57:47.736+0000][131.441s][info][gc,heap        ] GC(40) ParOldGen: 4844652K(4845056K)->4856479K(4856832K)
[2026-09-23T21:57:47.736+0000][131.441s][info][gc,metaspace   ] GC(40) Metaspace: 169537K(171392K)->169537K(171392K) NonClass: 142815K(143872K)->142815K(143872K) Class: 26722K(27520K)->26722K(27520K)
[2026-09-23T21:57:47.736+0000][131.441s][info][gc             ] GC(40) Pause Young (Allocation Failure) 7428M->4783M(7783M) 96.296ms
[2026-09-23T21:57:47.736+0000][131.441s][info][gc,cpu         ] GC(40) User=0.38s Sys=0.01s Real=0.09s
[2026-09-23T21:57:51.099+0000][134.803s][info][gc,start       ] GC(41) Pause Young (Allocation Failure)
[2026-09-23T21:57:51.200+0000][134.905s][info][gc,heap        ] GC(41) PSYoungGen: 2818896K(3113472K)->44289K(3112960K) Eden: 2777088K(2777088K)->0K(2777088K) From: 41808K(336384K)->44289K(335872K)
[2026-09-23T21:57:51.200+0000][134.905s][info][gc,heap        ] GC(41) ParOldGen: 4856479K(4856832K)->4866922K(4867072K)
[2026-09-23T21:57:51.200+0000][134.905s][info][gc,metaspace   ] GC(41) Metaspace: 169551K(171456K)->169551K(171456K) NonClass: 142829K(143936K)->142829K(143936K) Class: 26722K(27520K)->26722K(27520K)
[2026-09-23T21:57:51.200+0000][134.905s][info][gc             ] GC(41) Pause Young (Allocation Failure) 7495M->4796M(7793M) 101.120ms
[2026-09-23T21:57:51.200+0000][134.905s][info][gc,cpu         ] GC(41) User=0.38s Sys=0.01s Real=0.10s
[2026-09-23T21:57:54.661+0000][138.365s][info][gc,start       ] GC(42) Pause Young (Allocation Failure)
[2026-09-23T21:57:54.758+0000][138.462s][info][gc,heap        ] GC(42) PSYoungGen: 2821377K(3112960K)->43329K(3143680K) Eden: 2777088K(2777088K)->0K(2838016K) From: 44289K(335872K)->43329K(305664K)
[2026-09-23T21:57:54.758+0000][138.462s][info][gc,heap        ] GC(42) ParOldGen: 4866922K(4867072K)->4879837K(4879872K)
[2026-09-23T21:57:54.758+0000][138.462s][info][gc,metaspace   ] GC(42) Metaspace: 169575K(171456K)->169575K(171456K) NonClass: 142850K(143936K)->142850K(143936K) Class: 26725K(27520K)->26725K(27520K)
[2026-09-23T21:57:54.758+0000][138.462s][info][gc             ] GC(42) Pause Young (Allocation Failure) 7508M->4807M(7835M) 96.732ms
[2026-09-23T21:57:54.758+0000][138.462s][info][gc,cpu         ] GC(42) User=0.38s Sys=0.00s Real=0.10s
[2026-09-23T21:57:58.363+0000][142.067s][info][gc,start       ] GC(43) Pause Young (Allocation Failure)
[2026-09-23T21:57:58.460+0000][142.164s][info][gc,heap        ] GC(43) PSYoungGen: 2881345K(3143680K)->41457K(3143168K) Eden: 2838016K(2838016K)->0K(2838016K) From: 43329K(305664K)->41457K(305152K)
[2026-09-23T21:57:58.460+0000][142.164s][info][gc,heap        ] GC(43) ParOldGen: 4879837K(4879872K)->4891552K(4891648K)
[2026-09-23T21:57:58.460+0000][142.164s][info][gc,metaspace   ] GC(43) Metaspace: 169598K(171456K)->169598K(171456K) NonClass: 142870K(143936K)->142870K(143936K) Class: 26728K(27520K)->26728K(27520K)
[2026-09-23T21:57:58.460+0000][142.164s][info][gc             ] GC(43) Pause Young (Allocation Failure) 7579M->4817M(7846M) 96.740ms
[2026-09-23T21:57:58.460+0000][142.164s][info][gc,cpu         ] GC(43) User=0.38s Sys=0.00s Real=0.10s
[2026-09-23T21:58:02.348+0000][146.053s][info][gc,start       ] GC(44) Pause Young (Allocation Failure)
[2026-09-23T21:58:02.447+0000][146.151s][info][gc,heap        ] GC(44) PSYoungGen: 2879473K(3143168K)->40864K(3175424K) Eden: 2838016K(2838016K)->0K(2898432K) From: 41457K(305152K)->40864K(276992K)
[2026-09-23T21:58:02.447+0000][146.151s][info][gc,heap        ] GC(44) ParOldGen: 4891552K(4891648K)->4903679K(4903936K)
[2026-09-23T21:58:02.447+0000][146.151s][info][gc,metaspace   ] GC(44) Metaspace: 169639K(171520K)->169639K(171520K) NonClass: 142910K(144000K)->142910K(144000K) Class: 26729K(27520K)->26729K(27520K)
[2026-09-23T21:58:02.447+0000][146.151s][info][gc             ] GC(44) Pause Young (Allocation Failure) 7588M->4828M(7890M) 98.495ms
[2026-09-23T21:58:02.447+0000][146.151s][info][gc,cpu         ] GC(44) User=0.37s Sys=0.01s Real=0.09s
[2026-09-23T21:58:06.056+0000][149.760s][info][gc,start       ] GC(45) Pause Young (Allocation Failure)
[2026-09-23T21:58:06.155+0000][149.859s][info][gc,heap        ] GC(45) PSYoungGen: 2939296K(3175424K)->41761K(3174912K) Eden: 2898432K(2898432K)->0K(2898432K) From: 40864K(276992K)->41761K(276480K)
[2026-09-23T21:58:06.155+0000][149.859s][info][gc,heap        ] GC(45) ParOldGen: 4903679K(4903936K)->4915045K(4915200K)
[2026-09-23T21:58:06.155+0000][149.859s][info][gc,metaspace   ] GC(45) Metaspace: 169680K(171520K)->169680K(171520K) NonClass: 142944K(144000K)->142944K(144000K) Class: 26736K(27520K)->26736K(27520K)
[2026-09-23T21:58:06.155+0000][149.859s][info][gc             ] GC(45) Pause Young (Allocation Failure) 7659M->4840M(7900M) 98.468ms
[2026-09-23T21:58:06.155+0000][149.859s][info][gc,cpu         ] GC(45) User=0.37s Sys=0.01s Real=0.10s
[2026-09-23T21:58:09.596+0000][153.300s][info][gc,start       ] GC(46) Pause Young (Allocation Failure)
[2026-09-23T21:58:09.695+0000][153.399s][info][gc,heap        ] GC(46) PSYoungGen: 2940193K(3174912K)->43425K(3204608K) Eden: 2898432K(2898432K)->0K(2955264K) From: 41761K(276480K)->43425K(249344K)
[2026-09-23T21:58:09.695+0000][153.399s][info][gc,heap        ] GC(46) ParOldGen: 4915045K(4915200K)->4926344K(4926464K)
[2026-09-23T21:58:09.695+0000][153.399s][info][gc,metaspace   ] GC(46) Metaspace: 169695K(171520K)->169695K(171520K) NonClass: 142957K(144000K)->142957K(144000K) Class: 26737K(27520K)->26737K(27520K)
[2026-09-23T21:58:09.695+0000][153.399s][info][gc             ] GC(46) Pause Young (Allocation Failure) 7671M->4853M(7940M) 98.610ms
[2026-09-23T21:58:09.695+0000][153.399s][info][gc,cpu         ] GC(46) User=0.38s Sys=0.01s Real=0.10s
[2026-09-23T21:58:13.558+0000][157.262s][info][gc,start       ] GC(47) Pause Young (Allocation Failure)
[2026-09-23T21:58:13.662+0000][157.366s][info][gc,heap        ] GC(47) PSYoungGen: 2998689K(3204608K)->40352K(3204096K) Eden: 2955264K(2955264K)->0K(2955264K) From: 43425K(249344K)->40352K(248832K)
[2026-09-23T21:58:13.662+0000][157.366s][info][gc,heap        ] GC(47) ParOldGen: 4926344K(4926464K)->4938459K(4938752K)
[2026-09-23T21:58:13.662+0000][157.366s][info][gc,metaspace   ] GC(47) Metaspace: 169770K(171648K)->169770K(171648K) NonClass: 143031K(144128K)->143031K(144128K) Class: 26739K(27520K)->26739K(27520K)
[2026-09-23T21:58:13.662+0000][157.366s][info][gc             ] GC(47) Pause Young (Allocation Failure) 7739M->4862M(7952M) 103.528ms
[2026-09-23T21:58:13.662+0000][157.366s][info][gc,cpu         ] GC(47) User=0.39s Sys=0.01s Real=0.10s
[2026-09-23T21:58:17.324+0000][161.028s][info][gc,start       ] GC(48) Pause Young (Allocation Failure)
[2026-09-23T21:58:17.421+0000][161.125s][info][gc,heap        ] GC(48) PSYoungGen: 2995616K(3204096K)->41888K(3233280K) Eden: 2955264K(2955264K)->0K(3009536K) From: 40352K(248832K)->41888K(223744K)
[2026-09-23T21:58:17.421+0000][161.125s][info][gc,heap        ] GC(48) ParOldGen: 4938459K(4938752K)->4948782K(4948992K)
[2026-09-23T21:58:17.421+0000][161.125s][info][gc,metaspace   ] GC(48) Metaspace: 169779K(171648K)->169779K(171648K) NonClass: 143040K(144128K)->143040K(144128K) Class: 26739K(27520K)->26739K(27520K)
[2026-09-23T21:58:17.421+0000][161.125s][info][gc             ] GC(48) Pause Young (Allocation Failure) 7748M->4873M(7990M) 97.352ms
[2026-09-23T21:58:17.421+0000][161.125s][info][gc,cpu         ] GC(48) User=0.38s Sys=0.00s Real=0.10s
[2026-09-23T21:58:21.335+0000][165.039s][info][gc,start       ] GC(49) Pause Young (Allocation Failure)
[2026-09-23T21:58:21.438+0000][165.142s][info][gc,heap        ] GC(49) PSYoungGen: 3051424K(3233280K)->41329K(3232768K) Eden: 3009536K(3009536K)->0K(3009536K) From: 41888K(223744K)->41329K(223232K)
[2026-09-23T21:58:21.438+0000][165.142s][info][gc,heap        ] GC(49) ParOldGen: 4948782K(4948992K)->4960161K(4960256K)
[2026-09-23T21:58:21.438+0000][165.142s][info][gc,metaspace   ] GC(49) Metaspace: 169830K(171648K)->169830K(171648K) NonClass: 143081K(144128K)->143081K(144128K) Class: 26748K(27520K)->26748K(27520K)
[2026-09-23T21:58:21.438+0000][165.142s][info][gc             ] GC(49) Pause Young (Allocation Failure) 7812M->4884M(8001M) 103.295ms
[2026-09-23T21:58:21.438+0000][165.142s][info][gc,cpu         ] GC(49) User=0.39s Sys=0.01s Real=0.11s
[2026-09-23T21:58:25.655+0000][169.359s][info][gc,start       ] GC(50) Pause Young (Allocation Failure)
[2026-09-23T21:58:25.754+0000][169.458s][info][gc,heap        ] GC(50) PSYoungGen: 3050865K(3232768K)->41729K(3260416K) Eden: 3009536K(3009536K)->0K(3059200K) From: 41329K(223232K)->41729K(201216K)
[2026-09-23T21:58:25.754+0000][169.458s][info][gc,heap        ] GC(50) ParOldGen: 4960161K(4960256K)->4971532K(4972032K)
[2026-09-23T21:58:25.754+0000][169.458s][info][gc,metaspace   ] GC(50) Metaspace: 169869K(171712K)->169869K(171712K) NonClass: 143121K(144192K)->143121K(144192K) Class: 26748K(27520K)->26748K(27520K)
[2026-09-23T21:58:25.754+0000][169.458s][info][gc             ] GC(50) Pause Young (Allocation Failure) 7823M->4895M(8039M) 99.041ms
[2026-09-23T21:58:25.754+0000][169.458s][info][gc,cpu         ] GC(50) User=0.38s Sys=0.01s Real=0.10s
[2026-09-23T21:58:29.734+0000][173.438s][info][gc,start       ] GC(51) Pause Young (Allocation Failure)
[2026-09-23T21:58:29.832+0000][173.536s][info][gc,heap        ] GC(51) PSYoungGen: 3100929K(3260416K)->40368K(3259392K) Eden: 3059200K(3059200K)->0K(3059200K) From: 41729K(201216K)->40368K(200192K)
[2026-09-23T21:58:29.832+0000][173.536s][info][gc,heap        ] GC(51) ParOldGen: 4971532K(4972032K)->4985228K(4985344K)
[2026-09-23T21:58:29.832+0000][173.536s][info][gc,metaspace   ] GC(51) Metaspace: 169935K(171840K)->169935K(171840K) NonClass: 143173K(144256K)->143173K(144256K) Class: 26762K(27584K)->26762K(27584K)
[2026-09-23T21:58:29.832+0000][173.536s][info][gc             ] GC(51) Pause Young (Allocation Failure) 7883M->4907M(8051M) 98.199ms
[2026-09-23T21:58:29.832+0000][173.536s][info][gc,cpu         ] GC(51) User=0.37s Sys=0.01s Real=0.10s
[2026-09-23T21:58:33.951+0000][177.656s][info][gc,start       ] GC(52) Pause Young (Allocation Failure)
[2026-09-23T21:58:34.048+0000][177.753s][info][gc,heap        ] GC(52) PSYoungGen: 3099568K(3259392K)->45635K(3283968K) Eden: 3059200K(3059200K)->0K(3104256K) From: 40368K(200192K)->45635K(179712K)
[2026-09-23T21:58:34.048+0000][177.753s][info][gc,heap        ] GC(52) ParOldGen: 4985228K(4985344K)->4997867K(4998144K)
[2026-09-23T21:58:34.048+0000][177.753s][info][gc,metaspace   ] GC(52) Metaspace: 170075K(172032K)->170075K(172032K) NonClass: 143300K(144448K)->143300K(144448K) Class: 26774K(27584K)->26774K(27584K)
[2026-09-23T21:58:34.048+0000][177.753s][info][gc             ] GC(52) Pause Young (Allocation Failure) 7895M->4925M(8088M) 96.950ms
[2026-09-23T21:58:34.048+0000][177.753s][info][gc,cpu         ] GC(52) User=0.38s Sys=0.01s Real=0.10s
[2026-09-23T21:58:37.988+0000][181.693s][info][gc,start       ] GC(53) Pause Young (Allocation Failure)
[2026-09-23T21:58:38.091+0000][181.795s][info][gc,heap        ] GC(53) PSYoungGen: 3149891K(3283968K)->52321K(3282944K) Eden: 3104256K(3104256K)->0K(3104256K) From: 45635K(179712K)->52321K(178688K)
[2026-09-23T21:58:38.091+0000][181.795s][info][gc,heap        ] GC(53) ParOldGen: 4997867K(4998144K)->5013743K(5014016K)
[2026-09-23T21:58:38.091+0000][181.795s][info][gc,metaspace   ] GC(53) Metaspace: 170125K(172032K)->170125K(172032K) NonClass: 143348K(144448K)->143348K(144448K) Class: 26777K(27584K)->26777K(27584K)
[2026-09-23T21:58:38.091+0000][181.795s][info][gc             ] GC(53) Pause Young (Allocation Failure) 7956M->4947M(8102M) 102.808ms
[2026-09-23T21:58:38.091+0000][181.795s][info][gc,cpu         ] GC(53) User=0.40s Sys=0.01s Real=0.10s
[2026-09-23T21:58:41.895+0000][185.599s][info][gc,start       ] GC(54) Pause Young (Allocation Failure)
[2026-09-23T21:58:41.999+0000][185.704s][info][gc,heap        ] GC(54) PSYoungGen: 3156577K(3282944K)->43185K(3307520K) Eden: 3104256K(3104256K)->0K(3145216K) From: 52321K(178688K)->43185K(162304K)
[2026-09-23T21:58:41.999+0000][185.704s][info][gc,heap        ] GC(54) ParOldGen: 5013743K(5014016K)->5037551K(5037568K)
[2026-09-23T21:58:41.999+0000][185.704s][info][gc,metaspace   ] GC(54) Metaspace: 170271K(172224K)->170271K(172224K) NonClass: 143480K(144576K)->143480K(144576K) Class: 26790K(27648K)->26790K(27648K)
[2026-09-23T21:58:41.999+0000][185.704s][info][gc             ] GC(54) Pause Young (Allocation Failure) 7978M->4961M(8149M) 104.330ms
[2026-09-23T21:58:41.999+0000][185.704s][info][gc,cpu         ] GC(54) User=0.40s Sys=0.02s Real=0.11s
[2026-09-23T21:58:45.797+0000][189.501s][info][gc,start       ] GC(55) Pause Young (Allocation Failure)
[2026-09-23T21:58:45.906+0000][189.610s][info][gc,heap        ] GC(55) PSYoungGen: 3188401K(3307520K)->42193K(3303936K) Eden: 3145216K(3145216K)->0K(3145216K) From: 43185K(162304K)->42193K(158720K)
[2026-09-23T21:58:45.906+0000][189.610s][info][gc,heap        ] GC(55) ParOldGen: 5037551K(5037568K)->5053500K(5053952K)
[2026-09-23T21:58:45.906+0000][189.610s][info][gc,metaspace   ] GC(55) Metaspace: 170277K(172224K)->170277K(172224K) NonClass: 143486K(144576K)->143486K(144576K) Class: 26790K(27648K)->26790K(27648K)
[2026-09-23T21:58:45.906+0000][189.610s][info][gc             ] GC(55) Pause Young (Allocation Failure) 8033M->4976M(8162M) 108.591ms
[2026-09-23T21:58:45.906+0000][189.610s][info][gc,cpu         ] GC(55) User=0.39s Sys=0.01s Real=0.10s
[2026-09-23T21:58:49.918+0000][193.622s][info][gc,start       ] GC(56) Pause Young (Allocation Failure)
[2026-09-23T21:58:50.022+0000][193.727s][info][gc,heap        ] GC(56) PSYoungGen: 3187409K(3303936K)->41073K(3328512K) Eden: 3145216K(3145216K)->0K(3181568K) From: 42193K(158720K)->41073K(146944K)
[2026-09-23T21:58:50.023+0000][193.727s][info][gc,heap        ] GC(56) ParOldGen: 5053500K(5053952K)->5067232K(5067264K)
[2026-09-23T21:58:50.023+0000][193.727s][info][gc,metaspace   ] GC(56) Metaspace: 170318K(172224K)->170318K(172224K) NonClass: 143527K(144576K)->143527K(144576K) Class: 26790K(27648K)->26790K(27648K)
[2026-09-23T21:58:50.023+0000][193.727s][info][gc             ] GC(56) Pause Young (Allocation Failure) 8047M->4988M(8199M) 104.890ms
[2026-09-23T21:58:50.023+0000][193.727s][info][gc,cpu         ] GC(56) User=0.40s Sys=0.01s Real=0.10s
[2026-09-23T21:58:53.912+0000][197.616s][info][gc,start       ] GC(57) Pause Young (Allocation Failure)
[2026-09-23T21:58:54.009+0000][197.713s][info][gc,heap        ] GC(57) PSYoungGen: 3222641K(3328512K)->43009K(3324416K) Eden: 3181568K(3181568K)->0K(3181568K) From: 41073K(146944K)->43009K(142848K)
[2026-09-23T21:58:54.009+0000][197.713s][info][gc,heap        ] GC(57) ParOldGen: 5067232K(5067264K)->5081055K(5081088K)
[2026-09-23T21:58:54.009+0000][197.713s][info][gc,metaspace   ] GC(57) Metaspace: 170336K(172288K)->170336K(172288K) NonClass: 143545K(144640K)->143545K(144640K) Class: 26790K(27648K)->26790K(27648K)
[2026-09-23T21:58:54.009+0000][197.713s][info][gc             ] GC(57) Pause Young (Allocation Failure) 8095M->5003M(8208M) 96.956ms
[2026-09-23T21:58:54.009+0000][197.713s][info][gc,cpu         ] GC(57) User=0.38s Sys=0.01s Real=0.10s
[2026-09-23T21:58:58.109+0000][201.813s][info][gc,start       ] GC(58) Pause Young (Allocation Failure)
[2026-09-23T21:58:58.208+0000][201.913s][info][gc,heap        ] GC(58) PSYoungGen: 3224577K(3324416K)->39088K(3345920K) Eden: 3181568K(3181568K)->0K(3211264K) From: 43009K(142848K)->39088K(134656K)
[2026-09-23T21:58:58.208+0000][201.913s][info][gc,heap        ] GC(58) ParOldGen: 5081055K(5081088K)->5095452K(5095936K)
[2026-09-23T21:58:58.208+0000][201.913s][info][gc,metaspace   ] GC(58) Metaspace: 170355K(172288K)->170355K(172288K) NonClass: 143562K(144640K)->143562K(144640K) Class: 26792K(27648K)->26792K(27648K)
[2026-09-23T21:58:58.208+0000][201.913s][info][gc             ] GC(58) Pause Young (Allocation Failure) 8110M->5014M(8244M) 99.592ms
[2026-09-23T21:58:58.209+0000][201.913s][info][gc,cpu         ] GC(58) User=0.38s Sys=0.02s Real=0.10s
[2026-09-23T21:59:02.313+0000][206.017s][info][gc,start       ] GC(59) Pause Young (Allocation Failure)
[2026-09-23T21:59:02.409+0000][206.113s][info][gc,heap        ] GC(59) PSYoungGen: 3250352K(3345920K)->38672K(3340800K) Eden: 3211264K(3211264K)->0K(3211264K) From: 39088K(134656K)->38672K(129536K)
[2026-09-23T21:59:02.409+0000][206.113s][info][gc,heap        ] GC(59) ParOldGen: 5095452K(5095936K)->5107586K(5107712K)
[2026-09-23T21:59:02.409+0000][206.113s][info][gc,metaspace   ] GC(59) Metaspace: 170382K(172288K)->170382K(172288K) NonClass: 143590K(144640K)->143590K(144640K) Class: 26792K(27648K)->26792K(27648K)
[2026-09-23T21:59:02.409+0000][206.113s][info][gc             ] GC(59) Pause Young (Allocation Failure) 8150M->5025M(8250M) 96.318ms
[2026-09-23T21:59:02.409+0000][206.114s][info][gc,cpu         ] GC(59) User=0.38s Sys=0.01s Real=0.10s
[2026-09-23T21:59:06.557+0000][210.261s][info][gc,start       ] GC(60) Pause Young (Allocation Failure)
[2026-09-23T21:59:06.656+0000][210.360s][info][gc,heap        ] GC(60) PSYoungGen: 3249936K(3340800K)->42225K(3359232K) Eden: 3211264K(3211264K)->0K(3236864K) From: 38672K(129536K)->42225K(122368K)
[2026-09-23T21:59:06.656+0000][210.360s][info][gc,heap        ] GC(60) ParOldGen: 5107586K(5107712K)->5119145K(5119488K)
[2026-09-23T21:59:06.656+0000][210.360s][info][gc,metaspace   ] GC(60) Metaspace: 170404K(172352K)->170404K(172352K) NonClass: 143612K(144704K)->143612K(144704K) Class: 26792K(27648K)->26792K(27648K)
[2026-09-23T21:59:06.656+0000][210.360s][info][gc             ] GC(60) Pause Young (Allocation Failure) 8161M->5040M(8280M) 99.120ms
[2026-09-23T21:59:06.656+0000][210.360s][info][gc,cpu         ] GC(60) User=0.38s Sys=0.01s Real=0.10s
[2026-09-23T21:59:10.757+0000][214.461s][info][gc,start       ] GC(61) Pause Young (Allocation Failure)
[2026-09-23T21:59:10.856+0000][214.560s][info][gc,heap        ] GC(61) PSYoungGen: 3279089K(3359232K)->40657K(3354112K) Eden: 3236864K(3236864K)->0K(3236864K) From: 42225K(122368K)->40657K(117248K)
[2026-09-23T21:59:10.856+0000][214.560s][info][gc,heap        ] GC(61) ParOldGen: 5119145K(5119488K)->5134089K(5134336K)
[2026-09-23T21:59:10.856+0000][214.560s][info][gc,metaspace   ] GC(61) Metaspace: 170416K(172352K)->170416K(172352K) NonClass: 143623K(144704K)->143623K(144704K) Class: 26793K(27648K)->26793K(27648K)
[2026-09-23T21:59:10.856+0000][214.560s][info][gc             ] GC(61) Pause Young (Allocation Failure) 8201M->5053M(8289M) 98.941ms
[2026-09-23T21:59:10.856+0000][214.560s][info][gc,cpu         ] GC(61) User=0.38s Sys=0.01s Real=0.09s
[2026-09-23T21:59:15.077+0000][218.782s][info][gc,start       ] GC(62) Pause Young (Allocation Failure)
[2026-09-23T21:59:15.176+0000][218.880s][info][gc,heap        ] GC(62) PSYoungGen: 3277521K(3354112K)->41879K(3372032K) Eden: 3236864K(3236864K)->0K(3260416K) From: 40657K(117248K)->41879K(111616K)
[2026-09-23T21:59:15.176+0000][218.880s][info][gc,heap        ] GC(62) ParOldGen: 5134089K(5134336K)->5146524K(5146624K)
[2026-09-23T21:59:15.176+0000][218.880s][info][gc,metaspace   ] GC(62) Metaspace: 170425K(172416K)->170425K(172416K) NonClass: 143631K(144768K)->143631K(144768K) Class: 26793K(27648K)->26793K(27648K)
[2026-09-23T21:59:15.176+0000][218.880s][info][gc             ] GC(62) Pause Young (Allocation Failure) 8214M->5066M(8319M) 98.456ms
[2026-09-23T21:59:15.176+0000][218.880s][info][gc,cpu         ] GC(62) User=0.38s Sys=0.01s Real=0.09s
[2026-09-23T21:59:19.807+0000][223.511s][info][gc,start       ] GC(63) Pause Young (Allocation Failure)
[2026-09-23T21:59:19.907+0000][223.611s][info][gc,heap        ] GC(63) PSYoungGen: 3302295K(3372032K)->40513K(3366912K) Eden: 3260416K(3260416K)->0K(3260416K) From: 41879K(111616K)->40513K(106496K)
[2026-09-23T21:59:19.907+0000][223.611s][info][gc,heap        ] GC(63) ParOldGen: 5146524K(5146624K)->5158448K(5158912K)
[2026-09-23T21:59:19.907+0000][223.611s][info][gc,metaspace   ] GC(63) Metaspace: 170462K(172416K)->170462K(172416K) NonClass: 143667K(144768K)->143667K(144768K) Class: 26794K(27648K)->26794K(27648K)
[2026-09-23T21:59:19.907+0000][223.611s][info][gc             ] GC(63) Pause Young (Allocation Failure) 8250M->5077M(8326M) 100.251ms
[2026-09-23T21:59:19.907+0000][223.611s][info][gc,cpu         ] GC(63) User=0.37s Sys=0.01s Real=0.10s
[2026-09-23T21:59:24.125+0000][227.829s][info][gc,start       ] GC(64) Pause Young (Allocation Failure)
[2026-09-23T21:59:24.217+0000][227.921s][info][gc,heap        ] GC(64) PSYoungGen: 3300929K(3366912K)->40097K(3383296K) Eden: 3260416K(3260416K)->0K(3281408K) From: 40513K(106496K)->40097K(101888K)
[2026-09-23T21:59:24.217+0000][227.921s][info][gc,heap        ] GC(64) ParOldGen: 5158448K(5158912K)->5171408K(5171712K)
[2026-09-23T21:59:24.217+0000][227.922s][info][gc,metaspace   ] GC(64) Metaspace: 170467K(172416K)->170467K(172416K) NonClass: 143673K(144768K)->143673K(144768K) Class: 26794K(27648K)->26794K(27648K)
[2026-09-23T21:59:24.217+0000][227.922s][info][gc             ] GC(64) Pause Young (Allocation Failure) 8261M->5089M(8354M) 92.580ms
[2026-09-23T21:59:24.217+0000][227.922s][info][gc,cpu         ] GC(64) User=0.36s Sys=0.01s Real=0.10s
[2026-09-23T21:59:28.758+0000][232.462s][info][gc,start       ] GC(65) Pause Young (Allocation Failure)
[2026-09-23T21:59:28.857+0000][232.561s][info][gc,heap        ] GC(65) PSYoungGen: 3321505K(3383296K)->42161K(3378688K) Eden: 3281408K(3281408K)->0K(3281408K) From: 40097K(101888K)->42161K(97280K)
[2026-09-23T21:59:28.857+0000][232.561s][info][gc,heap        ] GC(65) ParOldGen: 5171408K(5171712K)->5183548K(5184000K)
[2026-09-23T21:59:28.857+0000][232.561s][info][gc,metaspace   ] GC(65) Metaspace: 170491K(172480K)->170491K(172480K) NonClass: 143697K(144832K)->143697K(144832K) Class: 26794K(27648K)->26794K(27648K)
[2026-09-23T21:59:28.857+0000][232.561s][info][gc             ] GC(65) Pause Young (Allocation Failure) 8293M->5103M(8362M) 99.144ms
[2026-09-23T21:59:28.857+0000][232.561s][info][gc,cpu         ] GC(65) User=0.39s Sys=0.01s Real=0.10s
[2026-09-23T21:59:33.390+0000][237.094s][info][gc,start       ] GC(66) Pause Young (Allocation Failure)
[2026-09-23T21:59:33.498+0000][237.202s][info][gc,heap        ] GC(66) PSYoungGen: 3323569K(3378688K)->43777K(3392512K) Eden: 3281408K(3281408K)->0K(3299840K) From: 42161K(97280K)->43777K(92672K)
[2026-09-23T21:59:33.498+0000][237.202s][info][gc,heap        ] GC(66) ParOldGen: 5183548K(5184000K)->5196652K(5196800K)
[2026-09-23T21:59:33.498+0000][237.202s][info][gc,metaspace   ] GC(66) Metaspace: 170532K(172480K)->170532K(172480K) NonClass: 143730K(144832K)->143730K(144832K) Class: 26802K(27648K)->26802K(27648K)
[2026-09-23T21:59:33.498+0000][237.202s][info][gc             ] GC(66) Pause Young (Allocation Failure) 8307M->5117M(8388M) 108.429ms
[2026-09-23T21:59:33.498+0000][237.202s][info][gc,cpu         ] GC(66) User=0.39s Sys=0.01s Real=0.11s
[2026-09-23T21:59:38.148+0000][241.852s][info][gc,start       ] GC(67) Pause Young (Allocation Failure)
[2026-09-23T21:59:38.253+0000][241.957s][info][gc,heap        ] GC(67) PSYoungGen: 3343617K(3392512K)->50001K(3388416K) Eden: 3299840K(3299840K)->0K(3299840K) From: 43777K(92672K)->50001K(88576K)
[2026-09-23T21:59:38.253+0000][241.957s][info][gc,heap        ] GC(67) ParOldGen: 5196652K(5196800K)->5214377K(5214720K)
[2026-09-23T21:59:38.253+0000][241.957s][info][gc,metaspace   ] GC(67) Metaspace: 170564K(172544K)->170564K(172544K) NonClass: 143762K(144896K)->143762K(144896K) Class: 26802K(27648K)->26802K(27648K)
[2026-09-23T21:59:38.253+0000][241.957s][info][gc             ] GC(67) Pause Young (Allocation Failure) 8340M->5140M(8401M) 104.488ms
[2026-09-23T21:59:38.253+0000][241.957s][info][gc,cpu         ] GC(67) User=0.40s Sys=0.01s Real=0.10s
[2026-09-23T21:59:42.773+0000][246.477s][info][gc,start       ] GC(68) Pause Young (Allocation Failure)
[2026-09-23T21:59:42.877+0000][246.581s][info][gc,heap        ] GC(68) PSYoungGen: 3349841K(3388416K)->45025K(3402240K) Eden: 3299840K(3299840K)->0K(3317760K) From: 50001K(88576K)->45025K(84480K)
[2026-09-23T21:59:42.877+0000][246.582s][info][gc,heap        ] GC(68) ParOldGen: 5214377K(5214720K)->5236570K(5236736K)
[2026-09-23T21:59:42.877+0000][246.582s][info][gc,metaspace   ] GC(68) Metaspace: 170606K(172544K)->170606K(172544K) NonClass: 143802K(144896K)->143802K(144896K) Class: 26804K(27648K)->26804K(27648K)
[2026-09-23T21:59:42.877+0000][246.582s][info][gc             ] GC(68) Pause Young (Allocation Failure) 8363M->5157M(8436M) 104.740ms
[2026-09-23T21:59:42.877+0000][246.582s][info][gc,cpu         ] GC(68) User=0.41s Sys=0.01s Real=0.11s
[2026-09-23T21:59:47.595+0000][251.299s][info][gc,start       ] GC(69) Pause Young (Allocation Failure)
[2026-09-23T21:59:47.706+0000][251.410s][info][gc,heap        ] GC(69) PSYoungGen: 3362785K(3402240K)->45392K(3399680K) Eden: 3317760K(3317760K)->0K(3317760K) From: 45025K(84480K)->45392K(81920K)
[2026-09-23T21:59:47.706+0000][251.410s][info][gc,heap        ] GC(69) ParOldGen: 5236570K(5236736K)->5254310K(5254656K)
[2026-09-23T21:59:47.706+0000][251.410s][info][gc,metaspace   ] GC(69) Metaspace: 170620K(172544K)->170620K(172544K) NonClass: 143815K(144896K)->143815K(144896K) Class: 26804K(27648K)->26804K(27648K)
[2026-09-23T21:59:47.706+0000][251.410s][info][gc             ] GC(69) Pause Young (Allocation Failure) 8397M->5175M(8451M) 111.330ms
[2026-09-23T21:59:47.706+0000][251.410s][info][gc,cpu         ] GC(69) User=0.43s Sys=0.00s Real=0.11s
[2026-09-23T21:59:52.391+0000][256.095s][info][gc,start       ] GC(70) Pause Young (Allocation Failure)
[2026-09-23T21:59:52.495+0000][256.199s][info][gc,heap        ] GC(70) PSYoungGen: 3363152K(3399680K)->42352K(3409408K) Eden: 3317760K(3317760K)->0K(3331072K) From: 45392K(81920K)->42352K(78336K)
[2026-09-23T21:59:52.495+0000][256.199s][info][gc,heap        ] GC(70) ParOldGen: 5254310K(5254656K)->5272293K(5272576K)
[2026-09-23T21:59:52.495+0000][256.199s][info][gc,metaspace   ] GC(70) Metaspace: 170646K(172608K)->170646K(172608K) NonClass: 143841K(144960K)->143841K(144960K) Class: 26804K(27648K)->26804K(27648K)
[2026-09-23T21:59:52.495+0000][256.199s][info][gc             ] GC(70) Pause Young (Allocation Failure) 8415M->5190M(8478M) 103.855ms
[2026-09-23T21:59:52.495+0000][256.199s][info][gc,cpu         ] GC(70) User=0.40s Sys=0.01s Real=0.10s
[2026-09-23T21:59:57.153+0000][260.858s][info][gc,start       ] GC(71) Pause Young (Allocation Failure)
[2026-09-23T21:59:57.258+0000][260.962s][info][gc,heap        ] GC(71) PSYoungGen: 3373424K(3409408K)->42384K(3406848K) Eden: 3331072K(3331072K)->0K(3331072K) From: 42352K(78336K)->42384K(75776K)
[2026-09-23T21:59:57.258+0000][260.962s][info][gc,heap        ] GC(71) ParOldGen: 5272293K(5272576K)->5288545K(5288960K)
[2026-09-23T21:59:57.258+0000][260.962s][info][gc,metaspace   ] GC(71) Metaspace: 170675K(172608K)->170675K(172608K) NonClass: 143870K(144960K)->143870K(144960K) Class: 26804K(27648K)->26804K(27648K)
[2026-09-23T21:59:57.258+0000][260.962s][info][gc             ] GC(71) Pause Young (Allocation Failure) 8443M->5205M(8492M) 104.447ms
[2026-09-23T21:59:57.258+0000][260.962s][info][gc,cpu         ] GC(71) User=0.41s Sys=0.01s Real=0.11s
[2026-09-23T22:00:02.203+0000][265.907s][info][gc,start       ] GC(72) Pause Young (Allocation Failure)
[2026-09-23T22:00:02.329+0000][266.033s][info][gc,heap        ] GC(72) PSYoungGen: 3373456K(3406848K)->44308K(3416576K) Eden: 3331072K(3331072K)->0K(3343360K) From: 42384K(75776K)->44308K(73216K)
[2026-09-23T22:00:02.329+0000][266.033s][info][gc,heap        ] GC(72) ParOldGen: 5288545K(5288960K)->5302081K(5302272K)
[2026-09-23T22:00:02.329+0000][266.033s][info][gc,metaspace   ] GC(72) Metaspace: 170750K(172672K)->170750K(172672K) NonClass: 143931K(145024K)->143931K(145024K) Class: 26818K(27648K)->26818K(27648K)
[2026-09-23T22:00:02.329+0000][266.033s][info][gc             ] GC(72) Pause Young (Allocation Failure) 8458M->5221M(8514M) 125.729ms
[2026-09-23T22:00:02.329+0000][266.033s][info][gc,cpu         ] GC(72) User=0.44s Sys=0.04s Real=0.13s
[2026-09-23T22:00:07.151+0000][270.855s][info][gc,start       ] GC(73) Pause Young (Allocation Failure)
[2026-09-23T22:00:07.257+0000][270.962s][info][gc,heap        ] GC(73) PSYoungGen: 3387668K(3416576K)->43665K(3414016K) Eden: 3343360K(3343360K)->0K(3343360K) From: 44308K(73216K)->43665K(70656K)
[2026-09-23T22:00:07.257+0000][270.962s][info][gc,heap        ] GC(73) ParOldGen: 5302081K(5302272K)->5320193K(5320704K)
[2026-09-23T22:00:07.257+0000][270.962s][info][gc,metaspace   ] GC(73) Metaspace: 170791K(172672K)->170791K(172672K) NonClass: 143971K(145024K)->143971K(145024K) Class: 26819K(27648K)->26819K(27648K)
[2026-09-23T22:00:07.257+0000][270.962s][info][gc             ] GC(73) Pause Young (Allocation Failure) 8486M->5238M(8530M) 106.448ms
[2026-09-23T22:00:07.257+0000][270.962s][info][gc,cpu         ] GC(73) User=0.41s Sys=0.01s Real=0.11s
[2026-09-23T22:00:12.119+0000][275.823s][info][gc,start       ] GC(74) Pause Young (Allocation Failure)
[2026-09-23T22:00:12.231+0000][275.936s][info][gc,heap        ] GC(74) PSYoungGen: 3387025K(3414016K)->45249K(3421184K) Eden: 3343360K(3343360K)->0K(3353088K) From: 43665K(70656K)->45249K(68096K)
[2026-09-23T22:00:12.231+0000][275.936s][info][gc,heap        ] GC(74) ParOldGen: 5320193K(5320704K)->5336608K(5337088K)
[2026-09-23T22:00:12.231+0000][275.936s][info][gc,metaspace   ] GC(74) Metaspace: 170796K(172672K)->170796K(172672K) NonClass: 143976K(145024K)->143976K(145024K) Class: 26819K(27648K)->26819K(27648K)
[2026-09-23T22:00:12.231+0000][275.936s][info][gc             ] GC(74) Pause Young (Allocation Failure) 8503M->5255M(8553M) 112.137ms
[2026-09-23T22:00:12.231+0000][275.936s][info][gc,cpu         ] GC(74) User=0.42s Sys=0.01s Real=0.11s
[2026-09-23T22:00:17.253+0000][280.957s][info][gc,start       ] GC(75) Pause Young (Allocation Failure)
[2026-09-23T22:00:17.357+0000][281.061s][info][gc,heap        ] GC(75) PSYoungGen: 3398337K(3421184K)->45233K(3419136K) Eden: 3353088K(3353088K)->0K(3353088K) From: 45249K(68096K)->45233K(66048K)
[2026-09-23T22:00:17.357+0000][281.061s][info][gc,heap        ] GC(75) ParOldGen: 5336608K(5337088K)->5355068K(5355520K)
[2026-09-23T22:00:17.357+0000][281.061s][info][gc,metaspace   ] GC(75) Metaspace: 170813K(172736K)->170813K(172736K) NonClass: 143993K(145088K)->143993K(145088K) Class: 26819K(27648K)->26819K(27648K)
[2026-09-23T22:00:17.357+0000][281.061s][info][gc             ] GC(75) Pause Young (Allocation Failure) 8530M->5273M(8569M) 103.980ms
[2026-09-23T22:00:17.357+0000][281.061s][info][gc,cpu         ] GC(75) User=0.40s Sys=0.01s Real=0.11s
[2026-09-23T22:00:22.684+0000][286.388s][info][gc,start       ] GC(76) Pause Young (Allocation Failure)
[2026-09-23T22:00:22.795+0000][286.499s][info][gc,heap        ] GC(76) PSYoungGen: 3398321K(3419136K)->44817K(3426304K) Eden: 3353088K(3353088K)->0K(3362304K) From: 45233K(66048K)->44817K(64000K)
[2026-09-23T22:00:22.795+0000][286.499s][info][gc,heap        ] GC(76) ParOldGen: 5355068K(5355520K)->5372792K(5372928K)
[2026-09-23T22:00:22.795+0000][286.499s][info][gc,metaspace   ] GC(76) Metaspace: 170814K(172736K)->170814K(172736K) NonClass: 143994K(145088K)->143994K(145088K) Class: 26819K(27648K)->26819K(27648K)
[2026-09-23T22:00:22.795+0000][286.499s][info][gc             ] GC(76) Pause Young (Allocation Failure) 8548M->5290M(8593M) 111.133ms
[2026-09-23T22:00:22.795+0000][286.499s][info][gc,cpu         ] GC(76) User=0.41s Sys=0.02s Real=0.11s
[2026-09-23T22:00:27.759+0000][291.463s][info][gc,start       ] GC(77) Pause Young (Allocation Failure)
[2026-09-23T22:00:27.868+0000][291.572s][info][gc,heap        ] GC(77) PSYoungGen: 3407121K(3426304K)->54529K(3424768K) Eden: 3362304K(3362304K)->0K(3362304K) From: 44817K(64000K)->54529K(62464K)
[2026-09-23T22:00:27.868+0000][291.572s][info][gc,heap        ] GC(77) ParOldGen: 5372792K(5372928K)->5390027K(5390336K)
[2026-09-23T22:00:27.868+0000][291.572s][info][gc,metaspace   ] GC(77) Metaspace: 170820K(172736K)->170820K(172736K) NonClass: 144001K(145088K)->144001K(145088K) Class: 26819K(27648K)->26819K(27648K)
[2026-09-23T22:00:27.868+0000][291.572s][info][gc             ] GC(77) Pause Young (Allocation Failure) 8574M->5316M(8608M) 108.793ms
[2026-09-23T22:00:27.868+0000][291.572s][info][gc,cpu         ] GC(77) User=0.42s Sys=0.01s Real=0.11s
[2026-09-23T22:00:33.039+0000][296.743s][info][gc,start       ] GC(78) Pause Young (Allocation Failure)
[2026-09-23T22:00:33.155+0000][296.860s][info][gc,heap        ] GC(78) PSYoungGen: 3416833K(3424768K)->52481K(3429888K) Eden: 3362304K(3362304K)->0K(3365888K) From: 54529K(62464K)->52481K(64000K)
[2026-09-23T22:00:33.155+0000][296.860s][info][gc,heap        ] GC(78) ParOldGen: 5390027K(5390336K)->5417611K(5417984K)
[2026-09-23T22:00:33.155+0000][296.860s][info][gc,metaspace   ] GC(78) Metaspace: 170833K(172736K)->170833K(172736K) NonClass: 144013K(145088K)->144013K(145088K) Class: 26820K(27648K)->26820K(27648K)
[2026-09-23T22:00:33.155+0000][296.860s][info][gc             ] GC(78) Pause Young (Allocation Failure) 8600M->5341M(8640M) 116.334ms
[2026-09-23T22:00:33.155+0000][296.860s][info][gc,cpu         ] GC(78) User=0.44s Sys=0.02s Real=0.11s
[2026-09-23T22:00:38.447+0000][302.151s][info][gc,start       ] GC(79) Pause Young (Allocation Failure)
[2026-09-23T22:00:38.563+0000][302.267s][info][gc,heap        ] GC(79) PSYoungGen: 3418369K(3429888K)->51344K(3430400K) Eden: 3365888K(3365888K)->0K(3365888K) From: 52481K(64000K)->51344K(64512K)
[2026-09-23T22:00:38.563+0000][302.267s][info][gc,heap        ] GC(79) ParOldGen: 5417611K(5417984K)->5443462K(5443584K)
[2026-09-23T22:00:38.563+0000][302.267s][info][gc,metaspace   ] GC(79) Metaspace: 170879K(172800K)->170879K(172800K) NonClass: 144059K(145152K)->144059K(145152K) Class: 26820K(27648K)->26820K(27648K)
[2026-09-23T22:00:38.563+0000][302.267s][info][gc             ] GC(79) Pause Young (Allocation Failure) 8628M->5366M(8666M) 115.590ms
[2026-09-23T22:00:38.563+0000][302.267s][info][gc,cpu         ] GC(79) User=0.44s Sys=0.01s Real=0.11s
[2026-09-23T22:00:43.666+0000][307.370s][info][gc,start       ] GC(80) Pause Young (Allocation Failure)
[2026-09-23T22:00:43.784+0000][307.488s][info][gc,heap        ] GC(80) PSYoungGen: 3417232K(3430400K)->46896K(3427328K) Eden: 3365888K(3365888K)->0K(3365888K) From: 51344K(64512K)->46896K(61440K)
[2026-09-23T22:00:43.784+0000][307.488s][info][gc,heap        ] GC(80) ParOldGen: 5443462K(5443584K)->5469061K(5469184K)
[2026-09-23T22:00:43.784+0000][307.488s][info][gc,metaspace   ] GC(80) Metaspace: 170883K(172800K)->170883K(172800K) NonClass: 144063K(145152K)->144063K(145152K) Class: 26820K(27648K)->26820K(27648K)
[2026-09-23T22:00:43.784+0000][307.488s][info][gc             ] GC(80) Pause Young (Allocation Failure) 8653M->5386M(8688M) 117.469ms
[2026-09-23T22:00:43.784+0000][307.488s][info][gc,cpu         ] GC(80) User=0.43s Sys=0.02s Real=0.12s
[2026-09-23T22:00:48.998+0000][312.702s][info][gc,start       ] GC(81) Pause Young (Allocation Failure)
[2026-09-23T22:00:49.121+0000][312.825s][info][gc,heap        ] GC(81) PSYoungGen: 3412784K(3427328K)->48353K(3428864K) Eden: 3365888K(3365888K)->0K(3365888K) From: 46896K(61440K)->48353K(62976K)
[2026-09-23T22:00:49.121+0000][312.825s][info][gc,heap        ] GC(81) ParOldGen: 5469061K(5469184K)->5489620K(5489664K)
[2026-09-23T22:00:49.121+0000][312.825s][info][gc,metaspace   ] GC(81) Metaspace: 170891K(172800K)->170891K(172800K) NonClass: 144071K(145152K)->144071K(145152K) Class: 26820K(27648K)->26820K(27648K)
[2026-09-23T22:00:49.121+0000][312.825s][info][gc             ] GC(81) Pause Young (Allocation Failure) 8673M->5408M(8709M) 122.895ms
[2026-09-23T22:00:49.121+0000][312.825s][info][gc,cpu         ] GC(81) User=0.43s Sys=0.04s Real=0.12s
[2026-09-23T22:00:54.321+0000][318.026s][info][gc,start       ] GC(82) Pause Young (Allocation Failure)
[2026-09-23T22:00:54.431+0000][318.135s][info][gc,heap        ] GC(82) PSYoungGen: 3414241K(3428864K)->47665K(3428352K) Eden: 3365888K(3365888K)->0K(3369984K) From: 48353K(62976K)->47665K(58368K)
[2026-09-23T22:00:54.431+0000][318.135s][info][gc,heap        ] GC(82) ParOldGen: 5489620K(5489664K)->5510564K(5510656K)
[2026-09-23T22:00:54.431+0000][318.135s][info][gc,metaspace   ] GC(82) Metaspace: 170900K(172800K)->170900K(172800K) NonClass: 144080K(145152K)->144080K(145152K) Class: 26820K(27648K)->26820K(27648K)
[2026-09-23T22:00:54.431+0000][318.135s][info][gc             ] GC(82) Pause Young (Allocation Failure) 8695M->5427M(8729M) 109.420ms
[2026-09-23T22:00:54.431+0000][318.135s][info][gc,cpu         ] GC(82) User=0.42s Sys=0.02s Real=0.11s
[2026-09-23T22:00:59.739+0000][323.444s][info][gc,start       ] GC(83) Pause Young (Allocation Failure)
[2026-09-23T22:00:59.852+0000][323.556s][info][gc,heap        ] GC(83) PSYoungGen: 3417649K(3428352K)->48945K(3430400K) Eden: 3369984K(3369984K)->0K(3369984K) From: 47665K(58368K)->48945K(60416K)
[2026-09-23T22:00:59.852+0000][323.556s][info][gc,heap        ] GC(83) ParOldGen: 5510564K(5510656K)->5531000K(5531136K)
[2026-09-23T22:00:59.852+0000][323.556s][info][gc,metaspace   ] GC(83) Metaspace: 170904K(172800K)->170904K(172800K) NonClass: 144084K(145152K)->144084K(145152K) Class: 26820K(27648K)->26820K(27648K)
[2026-09-23T22:00:59.852+0000][323.556s][info][gc             ] GC(83) Pause Young (Allocation Failure) 8718M->5449M(8751M) 112.662ms
[2026-09-23T22:00:59.852+0000][323.556s][info][gc,cpu         ] GC(83) User=0.42s Sys=0.02s Real=0.11s
[2026-09-23T22:01:05.537+0000][329.241s][info][gc,start       ] GC(84) Pause Young (Allocation Failure)
[2026-09-23T22:01:05.649+0000][329.353s][info][gc,heap        ] GC(84) PSYoungGen: 3418929K(3430400K)->41953K(3433984K) Eden: 3369984K(3369984K)->0K(3374592K) From: 48945K(60416K)->41953K(59392K)
[2026-09-23T22:01:05.649+0000][329.353s][info][gc,heap        ] GC(84) ParOldGen: 5531000K(5531136K)->5553428K(5553664K)
[2026-09-23T22:01:05.649+0000][329.353s][info][gc,metaspace   ] GC(84) Metaspace: 170907K(172800K)->170907K(172800K) NonClass: 144087K(145152K)->144087K(145152K) Class: 26820K(27648K)->26820K(27648K)
[2026-09-23T22:01:05.649+0000][329.353s][info][gc             ] GC(84) Pause Young (Allocation Failure) 8740M->5464M(8777M) 111.895ms
[2026-09-23T22:01:05.649+0000][329.353s][info][gc,cpu         ] GC(84) User=0.41s Sys=0.02s Real=0.11s
[2026-09-23T22:01:11.138+0000][334.842s][info][gc,start       ] GC(85) Pause Young (Allocation Failure)
[2026-09-23T22:01:11.250+0000][334.954s][info][gc,heap        ] GC(85) PSYoungGen: 3416545K(3433984K)->47409K(3434496K) Eden: 3374592K(3374592K)->0K(3374592K) From: 41953K(59392K)->47409K(59904K)
[2026-09-23T22:01:11.250+0000][334.954s][info][gc,heap        ] GC(85) ParOldGen: 5553428K(5553664K)->5569624K(5570048K)
[2026-09-23T22:01:11.250+0000][334.954s][info][gc,metaspace   ] GC(85) Metaspace: 170934K(172864K)->170934K(172864K) NonClass: 144108K(145216K)->144108K(145216K) Class: 26825K(27648K)->26825K(27648K)
[2026-09-23T22:01:11.250+0000][334.954s][info][gc             ] GC(85) Pause Young (Allocation Failure) 8759M->5485M(8793M) 112.052ms
[2026-09-23T22:01:11.250+0000][334.954s][info][gc,cpu         ] GC(85) User=0.43s Sys=0.01s Real=0.11s
[2026-09-23T22:01:16.977+0000][340.681s][info][gc,start       ] GC(86) Pause Young (Allocation Failure)
[2026-09-23T22:01:17.100+0000][340.805s][info][gc,heap        ] GC(86) PSYoungGen: 3422001K(3434496K)->55665K(3431936K) Eden: 3374592K(3374592K)->0K(3373056K) From: 47409K(59904K)->55665K(58880K)
[2026-09-23T22:01:17.100+0000][340.805s][info][gc,heap        ] GC(86) ParOldGen: 5569624K(5570048K)->5589152K(5589504K)
[2026-09-23T22:01:17.100+0000][340.805s][info][gc,metaspace   ] GC(86) Metaspace: 170940K(172928K)->170940K(172928K) NonClass: 144115K(145280K)->144115K(145280K) Class: 26825K(27648K)->26825K(27648K)
[2026-09-23T22:01:17.100+0000][340.805s][info][gc             ] GC(86) Pause Young (Allocation Failure) 8780M->5512M(8810M) 123.340ms
[2026-09-23T22:01:17.100+0000][340.805s][info][gc,cpu         ] GC(86) User=0.45s Sys=0.01s Real=0.12s
[2026-09-23T22:01:22.873+0000][346.577s][info][gc,start       ] GC(87) Pause Young (Allocation Failure)
[2026-09-23T22:01:23.003+0000][346.707s][info][gc,heap        ] GC(87) PSYoungGen: 3428721K(3431936K)->55553K(3428864K) Eden: 3373056K(3373056K)->0K(3373056K) From: 55665K(58880K)->55553K(55808K)
[2026-09-23T22:01:23.003+0000][346.707s][info][gc,heap        ] GC(87) ParOldGen: 5589152K(5589504K)->5616772K(5617152K)
[2026-09-23T22:01:23.003+0000][346.707s][info][gc,metaspace   ] GC(87) Metaspace: 170944K(172928K)->170944K(172928K) NonClass: 144118K(145280K)->144118K(145280K) Class: 26825K(27648K)->26825K(27648K)
[2026-09-23T22:01:23.003+0000][346.708s][info][gc             ] GC(87) Pause Young (Allocation Failure) 8806M->5539M(8834M) 130.548ms
[2026-09-23T22:01:23.003+0000][346.708s][info][gc,cpu         ] GC(87) User=0.48s Sys=0.01s Real=0.13s
[2026-09-23T22:01:28.858+0000][352.562s][info][gc,start       ] GC(88) Pause Young (Allocation Failure)
[2026-09-23T22:01:28.981+0000][352.685s][info][gc,heap        ] GC(88) PSYoungGen: 3428609K(3428864K)->50017K(3433472K) Eden: 3373056K(3373056K)->0K(3371008K) From: 55553K(55808K)->50017K(62464K)
[2026-09-23T22:01:28.981+0000][352.685s][info][gc,heap        ] GC(88) ParOldGen: 5616772K(5617152K)->5644066K(5644288K)
[2026-09-23T22:01:28.981+0000][352.685s][info][gc,metaspace   ] GC(88) Metaspace: 170965K(172928K)->170965K(172928K) NonClass: 144135K(145280K)->144135K(145280K) Class: 26829K(27648K)->26829K(27648K)
[2026-09-23T22:01:28.981+0000][352.685s][info][gc             ] GC(88) Pause Young (Allocation Failure) 8833M->5560M(8865M) 122.947ms
[2026-09-23T22:01:28.981+0000][352.685s][info][gc,cpu         ] GC(88) User=0.45s Sys=0.03s Real=0.12s
[2026-09-23T22:01:34.979+0000][358.683s][info][gc,start       ] GC(89) Pause Young (Allocation Failure)
[2026-09-23T22:01:35.100+0000][358.804s][info][gc,heap        ] GC(89) PSYoungGen: 3421025K(3433472K)->51409K(3432448K) Eden: 3371008K(3371008K)->0K(3371008K) From: 50017K(62464K)->51409K(61440K)
[2026-09-23T22:01:35.100+0000][358.804s][info][gc,heap        ] GC(89) ParOldGen: 5644066K(5644288K)->5667402K(5667840K)
[2026-09-23T22:01:35.100+0000][358.804s][info][gc,metaspace   ] GC(89) Metaspace: 171090K(173056K)->171090K(173056K) NonClass: 144243K(145344K)->144243K(145344K) Class: 26846K(27712K)->26846K(27712K)
[2026-09-23T22:01:35.100+0000][358.804s][info][gc             ] GC(89) Pause Young (Allocation Failure) 8852M->5584M(8887M) 120.862ms
[2026-09-23T22:01:35.100+0000][358.804s][info][gc,cpu         ] GC(89) User=0.45s Sys=0.02s Real=0.12s
[2026-09-23T22:01:41.207+0000][364.911s][info][gc,start       ] GC(90) Pause Young (Allocation Failure)
[2026-09-23T22:01:41.326+0000][365.030s][info][gc,heap        ] GC(90) PSYoungGen: 3422417K(3432448K)->48641K(3431424K) Eden: 3371008K(3371008K)->0K(3372032K) From: 51409K(61440K)->48641K(59392K)
[2026-09-23T22:01:41.326+0000][365.030s][info][gc,heap        ] GC(90) ParOldGen: 5667402K(5667840K)->5691463K(5691904K)
[2026-09-23T22:01:41.326+0000][365.030s][info][gc,metaspace   ] GC(90) Metaspace: 171094K(173056K)->171094K(173056K) NonClass: 144247K(145344K)->144247K(145344K) Class: 26846K(27712K)->26846K(27712K)
[2026-09-23T22:01:41.326+0000][365.030s][info][gc             ] GC(90) Pause Young (Allocation Failure) 8876M->5605M(8909M) 119.052ms
[2026-09-23T22:01:41.326+0000][365.030s][info][gc,cpu         ] GC(90) User=0.45s Sys=0.02s Real=0.11s
[2026-09-23T22:01:47.371+0000][371.075s][info][gc,start       ] GC(91) Pause Young (Allocation Failure)
[2026-09-23T22:01:47.491+0000][371.195s][info][gc,heap        ] GC(91) PSYoungGen: 3420673K(3431424K)->48561K(3431936K) Eden: 3372032K(3372032K)->0K(3372032K) From: 48641K(59392K)->48561K(59904K)
[2026-09-23T22:01:47.491+0000][371.195s][info][gc,heap        ] GC(91) ParOldGen: 5691463K(5691904K)->5711787K(5711872K)
[2026-09-23T22:01:47.491+0000][371.195s][info][gc,metaspace   ] GC(91) Metaspace: 171115K(173056K)->171115K(173056K) NonClass: 144263K(145344K)->144263K(145344K) Class: 26851K(27712K)->26851K(27712K)
[2026-09-23T22:01:47.491+0000][371.195s][info][gc             ] GC(91) Pause Young (Allocation Failure) 8898M->5625M(8929M) 119.675ms
[2026-09-23T22:01:47.491+0000][371.195s][info][gc,cpu         ] GC(91) User=0.46s Sys=0.02s Real=0.12s
[2026-09-23T22:01:53.532+0000][377.236s][info][gc,start       ] GC(92) Pause Young (Allocation Failure)
[2026-09-23T22:01:53.645+0000][377.349s][info][gc,heap        ] GC(92) PSYoungGen: 3420593K(3431936K)->44161K(3434496K) Eden: 3372032K(3372032K)->0K(3375616K) From: 48561K(59904K)->44161K(58880K)
[2026-09-23T22:01:53.645+0000][377.349s][info][gc,heap        ] GC(92) ParOldGen: 5711787K(5711872K)->5728707K(5728768K)
[2026-09-23T22:01:53.645+0000][377.349s][info][gc,metaspace   ] GC(92) Metaspace: 171117K(173056K)->171117K(173056K) NonClass: 144266K(145344K)->144266K(145344K) Class: 26851K(27712K)->26851K(27712K)
[2026-09-23T22:01:53.645+0000][377.349s][info][gc             ] GC(92) Pause Young (Allocation Failure) 8918M->5637M(8948M) 112.709ms
[2026-09-23T22:01:53.645+0000][377.349s][info][gc,cpu         ] GC(92) User=0.43s Sys=0.01s Real=0.11s
[2026-09-23T22:01:59.997+0000][383.701s][info][gc,start       ] GC(93) Pause Young (Allocation Failure)
[2026-09-23T22:02:00.112+0000][383.816s][info][gc,heap        ] GC(93) PSYoungGen: 3419777K(3434496K)->51217K(3434496K) Eden: 3375616K(3375616K)->0K(3375616K) From: 44161K(58880K)->51217K(58880K)
[2026-09-23T22:02:00.112+0000][383.816s][info][gc,heap        ] GC(93) ParOldGen: 5728707K(5728768K)->5744956K(5745152K)
[2026-09-23T22:02:00.112+0000][383.816s][info][gc,metaspace   ] GC(93) Metaspace: 171123K(173056K)->171123K(173056K) NonClass: 144271K(145344K)->144271K(145344K) Class: 26851K(27712K)->26851K(27712K)
[2026-09-23T22:02:00.112+0000][383.816s][info][gc             ] GC(93) Pause Young (Allocation Failure) 8934M->5660M(8964M) 115.244ms
[2026-09-23T22:02:00.112+0000][383.816s][info][gc,cpu         ] GC(93) User=0.44s Sys=0.01s Real=0.12s
[2026-09-23T22:02:06.123+0000][389.827s][info][gc,start       ] GC(94) Pause Young (Allocation Failure)
[2026-09-23T22:02:06.241+0000][389.945s][info][gc,heap        ] GC(94) PSYoungGen: 3426833K(3434496K)->43857K(3436032K) Eden: 3375616K(3375616K)->0K(3377152K) From: 51217K(58880K)->43857K(58880K)
[2026-09-23T22:02:06.241+0000][389.945s][info][gc,heap        ] GC(94) ParOldGen: 5744956K(5745152K)->5768257K(5768704K)
[2026-09-23T22:02:06.241+0000][389.945s][info][gc,metaspace   ] GC(94) Metaspace: 171128K(173056K)->171128K(173056K) NonClass: 144277K(145344K)->144277K(145344K) Class: 26851K(27712K)->26851K(27712K)
[2026-09-23T22:02:06.241+0000][389.945s][info][gc             ] GC(94) Pause Young (Allocation Failure) 8956M->5675M(8989M) 117.840ms
[2026-09-23T22:02:06.241+0000][389.945s][info][gc,cpu         ] GC(94) User=0.45s Sys=0.01s Real=0.12s
[2026-09-23T22:02:12.241+0000][395.946s][info][gc,start       ] GC(95) Pause Young (Allocation Failure)
[2026-09-23T22:02:12.356+0000][396.060s][info][gc,heap        ] GC(95) PSYoungGen: 3421009K(3436032K)->41761K(3436032K) Eden: 3377152K(3377152K)->0K(3377152K) From: 43857K(58880K)->41761K(58880K)
[2026-09-23T22:02:12.356+0000][396.060s][info][gc,heap        ] GC(95) ParOldGen: 5768257K(5768704K)->5785577K(5785600K)
[2026-09-23T22:02:12.356+0000][396.060s][info][gc,metaspace   ] GC(95) Metaspace: 171135K(173120K)->171135K(173120K) NonClass: 144282K(145408K)->144282K(145408K) Class: 26852K(27712K)->26852K(27712K)
[2026-09-23T22:02:12.356+0000][396.060s][info][gc             ] GC(95) Pause Young (Allocation Failure) 8973M->5690M(9005M) 114.636ms
[2026-09-23T22:02:12.356+0000][396.060s][info][gc,cpu         ] GC(95) User=0.43s Sys=0.01s Real=0.11s
[2026-09-23T22:02:18.611+0000][402.315s][info][gc,start       ] GC(96) Pause Young (Allocation Failure)
[2026-09-23T22:02:18.726+0000][402.430s][info][gc,heap        ] GC(96) PSYoungGen: 3418913K(3436032K)->42656K(3435008K) Eden: 3377152K(3377152K)->0K(3377152K) From: 41761K(58880K)->42656K(57856K)
[2026-09-23T22:02:18.726+0000][402.430s][info][gc,heap        ] GC(96) ParOldGen: 5785577K(5785600K)->5800049K(5800448K)
[2026-09-23T22:02:18.726+0000][402.430s][info][gc,metaspace   ] GC(96) Metaspace: 171154K(173120K)->171154K(173120K) NonClass: 144301K(145408K)->144301K(145408K) Class: 26852K(27712K)->26852K(27712K)
[2026-09-23T22:02:18.726+0000][402.430s][info][gc             ] GC(96) Pause Young (Allocation Failure) 8988M->5705M(9019M) 114.907ms
[2026-09-23T22:02:18.726+0000][402.430s][info][gc,cpu         ] GC(96) User=0.42s Sys=0.02s Real=0.11s
[2026-09-23T22:02:24.851+0000][408.556s][info][gc,start       ] GC(97) Pause Young (Allocation Failure)
[2026-09-23T22:02:24.965+0000][408.669s][info][gc,heap        ] GC(97) PSYoungGen: 3419808K(3435008K)->43557K(3435520K) Eden: 3377152K(3377152K)->0K(3377152K) From: 42656K(57856K)->43557K(58368K)
[2026-09-23T22:02:24.965+0000][408.669s][info][gc,heap        ] GC(97) ParOldGen: 5800049K(5800448K)->5815002K(5815296K)
[2026-09-23T22:02:24.965+0000][408.669s][info][gc,metaspace   ] GC(97) Metaspace: 171164K(173120K)->171164K(173120K) NonClass: 144311K(145408K)->144311K(145408K) Class: 26852K(27712K)->26852K(27712K)
[2026-09-23T22:02:24.965+0000][408.669s][info][gc             ] GC(97) Pause Young (Allocation Failure) 9003M->5721M(9034M) 113.264ms
[2026-09-23T22:02:24.965+0000][408.669s][info][gc,cpu         ] GC(97) User=0.43s Sys=0.02s Real=0.11s
[2026-09-23T22:02:31.601+0000][415.305s][info][gc,start       ] GC(98) Pause Young (Allocation Failure)
[2026-09-23T22:02:31.713+0000][415.418s][info][gc,heap        ] GC(98) PSYoungGen: 3420709K(3435520K)->42385K(3436544K) Eden: 3377152K(3377152K)->0K(3378688K) From: 43557K(58368K)->42385K(57856K)
[2026-09-23T22:02:31.713+0000][415.418s][info][gc,heap        ] GC(98) ParOldGen: 5815002K(5815296K)->5830246K(5830656K)
[2026-09-23T22:02:31.713+0000][415.418s][info][gc,metaspace   ] GC(98) Metaspace: 171171K(173120K)->171171K(173120K) NonClass: 144318K(145408K)->144318K(145408K) Class: 26852K(27712K)->26852K(27712K)
[2026-09-23T22:02:31.713+0000][415.418s][info][gc             ] GC(98) Pause Young (Allocation Failure) 9019M->5734M(9050M) 112.199ms
[2026-09-23T22:02:31.713+0000][415.418s][info][gc,cpu         ] GC(98) User=0.43s Sys=0.01s Real=0.11s
[2026-09-23T22:02:38.203+0000][421.907s][info][gc,start       ] GC(99) Pause Young (Allocation Failure)
[2026-09-23T22:02:38.320+0000][422.024s][info][gc,heap        ] GC(99) PSYoungGen: 3421073K(3436544K)->47681K(3426816K) Eden: 3378688K(3378688K)->0K(3378688K) From: 42385K(57856K)->47681K(48128K)
[2026-09-23T22:02:38.320+0000][422.024s][info][gc,heap        ] GC(99) ParOldGen: 5830246K(5830656K)->5845271K(5845504K)
[2026-09-23T22:02:38.320+0000][422.024s][info][gc,metaspace   ] GC(99) Metaspace: 173668K(175616K)->173668K(175616K) NonClass: 146579K(147712K)->146579K(147712K) Class: 27088K(27904K)->27088K(27904K)
[2026-09-23T22:02:38.320+0000][422.024s][info][gc             ] GC(99) Pause Young (Allocation Failure) 9034M->5754M(9055M) 117.127ms
[2026-09-23T22:02:38.320+0000][422.025s][info][gc,cpu         ] GC(99) User=0.45s Sys=0.01s Real=0.12s
[2026-09-23T22:02:44.567+0000][428.271s][info][gc,start       ] GC(100) Pause Young (Allocation Failure)
[2026-09-23T22:02:44.686+0000][428.390s][info][gc,heap        ] GC(100) PSYoungGen: 3426369K(3426816K)->48801K(3436032K) Eden: 3378688K(3378688K)->0K(3379200K) From: 47681K(48128K)->48801K(56832K)
[2026-09-23T22:02:44.686+0000][428.390s][info][gc,heap        ] GC(100) ParOldGen: 5845271K(5845504K)->5865116K(5865472K)
[2026-09-23T22:02:44.686+0000][428.390s][info][gc,metaspace   ] GC(100) Metaspace: 173673K(175616K)->173673K(175616K) NonClass: 146584K(147712K)->146584K(147712K) Class: 27089K(27904K)->27089K(27904K)
[2026-09-23T22:02:44.686+0000][428.390s][info][gc             ] GC(100) Pause Young (Allocation Failure) 9054M->5775M(9083M) 119.277ms
[2026-09-23T22:02:44.686+0000][428.390s][info][gc,cpu         ] GC(100) User=0.45s Sys=0.02s Real=0.12s
[2026-09-23T22:02:50.606+0000][434.310s][info][gc,start       ] GC(101) Pause Young (Allocation Failure)
[2026-09-23T22:02:50.721+0000][434.425s][info][gc,heap        ] GC(101) PSYoungGen: 3428001K(3436032K)->41312K(3436032K) Eden: 3379200K(3379200K)->0K(3379200K) From: 48801K(56832K)->41312K(56832K)
[2026-09-23T22:02:50.721+0000][434.425s][info][gc,heap        ] GC(101) ParOldGen: 5865116K(5865472K)->5886597K(5886976K)
[2026-09-23T22:02:50.721+0000][434.425s][info][gc,metaspace   ] GC(101) Metaspace: 173675K(175616K)->173675K(175616K) NonClass: 146586K(147712K)->146586K(147712K) Class: 27089K(27904K)->27089K(27904K)
[2026-09-23T22:02:50.721+0000][434.425s][info][gc             ] GC(101) Pause Young (Allocation Failure) 9075M->5788M(9104M) 114.442ms
[2026-09-23T22:02:50.721+0000][434.425s][info][gc,cpu         ] GC(101) User=0.44s Sys=0.01s Real=0.12s
[2026-09-23T22:02:56.902+0000][440.606s][info][gc,start       ] GC(102) Pause Young (Allocation Failure)
[2026-09-23T22:02:57.010+0000][440.715s][info][gc,heap        ] GC(102) PSYoungGen: 3420512K(3436032K)->40918K(3438080K) Eden: 3379200K(3379200K)->0K(3381248K) From: 41312K(56832K)->40918K(56832K)
[2026-09-23T22:02:57.010+0000][440.715s][info][gc,heap        ] GC(102) ParOldGen: 5886597K(5886976K)->5900977K(5901312K)
[2026-09-23T22:02:57.010+0000][440.715s][info][gc,metaspace   ] GC(102) Metaspace: 173681K(175616K)->173681K(175616K) NonClass: 146591K(147712K)->146591K(147712K) Class: 27089K(27904K)->27089K(27904K)
[2026-09-23T22:02:57.010+0000][440.715s][info][gc             ] GC(102) Pause Young (Allocation Failure) 9088M->5802M(9120M) 108.945ms
[2026-09-23T22:02:57.011+0000][440.715s][info][gc,cpu         ] GC(102) User=0.43s Sys=0.01s Real=0.11s
[2026-09-23T22:03:03.215+0000][446.919s][info][gc,start       ] GC(103) Pause Young (Allocation Failure)
[2026-09-23T22:03:03.328+0000][447.032s][info][gc,heap        ] GC(103) PSYoungGen: 3422166K(3438080K)->42193K(3423744K) Eden: 3381248K(3381248K)->0K(3381248K) From: 40918K(56832K)->42193K(42496K)
[2026-09-23T22:03:03.328+0000][447.032s][info][gc,heap        ] GC(103) ParOldGen: 5900977K(5901312K)->5913760K(5914112K)
[2026-09-23T22:03:03.328+0000][447.032s][info][gc,metaspace   ] GC(103) Metaspace: 173686K(175616K)->173686K(175616K) NonClass: 146596K(147712K)->146596K(147712K) Class: 27089K(27904K)->27089K(27904K)
[2026-09-23T22:03:03.328+0000][447.032s][info][gc             ] GC(103) Pause Young (Allocation Failure) 9104M->5816M(9119M) 113.191ms
[2026-09-23T22:03:03.328+0000][447.032s][info][gc,cpu         ] GC(103) User=0.43s Sys=0.02s Real=0.12s
[2026-09-23T22:03:10.014+0000][453.718s][info][gc,start       ] GC(104) Pause Young (Allocation Failure)
[2026-09-23T22:03:10.136+0000][453.841s][info][gc,heap        ] GC(104) PSYoungGen: 3423441K(3423744K)->52106K(3435520K) Eden: 3381248K(3381248K)->0K(3379200K) From: 42193K(42496K)->52106K(56320K)
[2026-09-23T22:03:10.136+0000][453.841s][info][gc,heap        ] GC(104) ParOldGen: 5913760K(5914112K)->5927559K(5927936K)
[2026-09-23T22:03:10.136+0000][453.841s][info][gc,metaspace   ] GC(104) Metaspace: 174535K(176448K)->174535K(176448K) NonClass: 147326K(148416K)->147326K(148416K) Class: 27208K(28032K)->27208K(28032K)
[2026-09-23T22:03:10.136+0000][453.841s][info][gc             ] GC(104) Pause Young (Allocation Failure) 9118M->5839M(9144M) 122.382ms
[2026-09-23T22:03:10.136+0000][453.841s][info][gc,cpu         ] GC(104) User=0.46s Sys=0.02s Real=0.12s
[2026-09-23T22:03:16.089+0000][459.793s][info][gc,start       ] GC(105) Pause Young (Allocation Failure)
[2026-09-23T22:03:16.175+0000][459.879s][info][gc,heap        ] GC(105) PSYoungGen: 3431306K(3435520K)->11200K(3390464K) Eden: 3379200K(3379200K)->0K(3379200K) From: 52106K(56320K)->11200K(11264K)
[2026-09-23T22:03:16.175+0000][459.879s][info][gc,heap        ] GC(105) ParOldGen: 5927559K(5927936K)->5968749K(5968896K)
[2026-09-23T22:03:16.175+0000][459.879s][info][gc,metaspace   ] GC(105) Metaspace: 174862K(176768K)->174862K(176768K) NonClass: 147632K(148736K)->147632K(148736K) Class: 27230K(28032K)->27230K(28032K)
[2026-09-23T22:03:16.175+0000][459.879s][info][gc             ] GC(105) Pause Young (Allocation Failure) 9139M->5839M(9140M) 86.399ms
[2026-09-23T22:03:16.175+0000][459.879s][info][gc,cpu         ] GC(105) User=0.31s Sys=0.01s Real=0.08s
[2026-09-23T22:03:21.912+0000][465.616s][info][gc,start       ] GC(106) Pause Young (Allocation Failure)
[2026-09-23T22:03:21.953+0000][465.657s][info][gc,heap        ] GC(106) PSYoungGen: 3390400K(3390464K)->10464K(3425280K) Eden: 3379200K(3379200K)->0K(3362816K) From: 11200K(11264K)->10464K(62464K)
[2026-09-23T22:03:21.953+0000][465.657s][info][gc,heap        ] GC(106) ParOldGen: 5968749K(5968896K)->5972113K(5972480K)
[2026-09-23T22:03:21.953+0000][465.657s][info][gc,metaspace   ] GC(106) Metaspace: 174946K(176896K)->174946K(176896K) NonClass: 147703K(148800K)->147703K(148800K) Class: 27242K(28096K)->27242K(28096K)
[2026-09-23T22:03:21.953+0000][465.657s][info][gc             ] GC(106) Pause Young (Allocation Failure) 9139M->5842M(9177M) 41.022ms
[2026-09-23T22:03:21.953+0000][465.657s][info][gc,cpu         ] GC(106) User=0.16s Sys=0.01s Real=0.04s
[2026-09-23T22:03:27.627+0000][471.331s][info][gc,start       ] GC(107) Pause Young (Allocation Failure)
[2026-09-23T22:03:27.673+0000][471.377s][info][gc,heap        ] GC(107) PSYoungGen: 3373280K(3425280K)->14496K(3377664K) Eden: 3362816K(3362816K)->0K(3362816K) From: 10464K(62464K)->14496K(14848K)
[2026-09-23T22:03:27.673+0000][471.377s][info][gc,heap        ] GC(107) ParOldGen: 5972113K(5972480K)->5975481K(5975552K)
[2026-09-23T22:03:27.673+0000][471.377s][info][gc,metaspace   ] GC(107) Metaspace: 174953K(176896K)->174953K(176896K) NonClass: 147710K(148800K)->147710K(148800K) Class: 27242K(28096K)->27242K(28096K)
[2026-09-23T22:03:27.673+0000][471.377s][info][gc             ] GC(107) Pause Young (Allocation Failure) 9126M->5849M(9134M) 45.952ms
[2026-09-23T22:03:27.673+0000][471.377s][info][gc,cpu         ] GC(107) User=0.18s Sys=0.00s Real=0.05s
[2026-09-23T22:03:33.351+0000][477.055s][info][gc,heap,exit   ] Heap
[2026-09-23T22:03:33.351+0000][477.055s][info][gc,heap,exit   ]  PSYoungGen      total 3377664K, used 3227286K [0x000000072ab00000, 0x0000000800000000, 0x0000000800000000)
[2026-09-23T22:03:33.351+0000][477.055s][info][gc,heap,exit   ]   eden space 3362816K, 95% used [0x000000072ab00000,0x00000007eec7db90,0x00000007f7f00000)
[2026-09-23T22:03:33.351+0000][477.055s][info][gc,heap,exit   ]   from space 14848K, 97% used [0x00000007f7f00000,0x00000007f8d28000,0x00000007f8d80000)
[2026-09-23T22:03:33.351+0000][477.055s][info][gc,heap,exit   ]   to   space 67584K, 0% used [0x00000007fbe00000,0x00000007fbe00000,0x0000000800000000)
[2026-09-23T22:03:33.351+0000][477.055s][info][gc,heap,exit   ]  ParOldGen       total 5975552K, used 5975481K [0x0000000580000000, 0x00000006ecb80000, 0x000000072ab00000)
[2026-09-23T22:03:33.351+0000][477.055s][info][gc,heap,exit   ]   object space 5975552K, 99% used [0x0000000580000000,0x00000006ecb6e750,0x00000006ecb80000)
[2026-09-23T22:03:33.351+0000][477.055s][info][gc,heap,exit   ]  Metaspace       used 175036K, committed 177024K, reserved 1245184K
[2026-09-23T22:03:33.351+0000][477.055s][info][gc,heap,exit   ]   class space    used 27257K, committed 28096K, reserved 1048576K
