[2026-09-22T15:40:25.223+0000][0.010s][info][gc,init] CardTable entry size: 512
[2026-09-22T15:40:25.223+0000][0.010s][info][gc     ] Using Parallel
[2026-09-22T15:40:25.232+0000][0.019s][info][gc,init] Version: 21.0.12.1+1-LTS (release)
[2026-09-22T15:40:25.232+0000][0.019s][info][gc,init] CPUs: 4 total, 4 available
[2026-09-22T15:40:25.232+0000][0.019s][info][gc,init] Memory: 15989M
[2026-09-22T15:40:25.232+0000][0.019s][info][gc,init] Large Page Support: Disabled
[2026-09-22T15:40:25.232+0000][0.019s][info][gc,init] NUMA Support: Disabled
[2026-09-22T15:40:25.232+0000][0.019s][info][gc,init] Compressed Oops: Enabled (Zero based)
[2026-09-22T15:40:25.232+0000][0.019s][info][gc,init] Alignments: Space 512K, Generation 512K, Heap 2M
[2026-09-22T15:40:25.232+0000][0.019s][info][gc,init] Heap Min Capacity: 4G
[2026-09-22T15:40:25.232+0000][0.019s][info][gc,init] Heap Initial Capacity: 4G
[2026-09-22T15:40:25.232+0000][0.019s][info][gc,init] Heap Max Capacity: 10G
[2026-09-22T15:40:25.232+0000][0.019s][info][gc,init] Pre-touch: Disabled
[2026-09-22T15:40:25.232+0000][0.019s][info][gc,init] Parallel Workers: 4
[2026-09-22T15:40:25.239+0000][0.027s][info][gc,metaspace] CDS archive(s) mapped at: [0x00007fb5f0000000-0x00007fb5f0c9c000-0x00007fb5f0c9c000), size 13221888, SharedBaseAddress: 0x00007fb5f0000000, ArchiveRelocationMode: 1.
[2026-09-22T15:40:25.239+0000][0.027s][info][gc,metaspace] Compressed class space mapped at: 0x00007fb5f1000000-0x00007fb631000000, reserved size: 1073741824
[2026-09-22T15:40:25.239+0000][0.027s][info][gc,metaspace] Narrow klass base: 0x00007fb5f0000000, Narrow klass shift: 0, Narrow klass range: 0x100000000
[2026-09-22T15:40:27.594+0000][2.382s][info][gc,start    ] GC(0) Pause Young (Metadata GC Threshold)
[2026-09-22T15:40:27.600+0000][2.388s][info][gc,heap     ] GC(0) PSYoungGen: 919414K(1223168K)->12708K(1223168K) Eden: 919414K(1048576K)->0K(1048576K) From: 0K(174592K)->12708K(174592K)
[2026-09-22T15:40:27.600+0000][2.388s][info][gc,heap     ] GC(0) ParOldGen: 1073K(2796544K)->1145K(2796544K)
[2026-09-22T15:40:27.601+0000][2.388s][info][gc,metaspace] GC(0) Metaspace: 21091K(21504K)->21091K(21504K) NonClass: 18717K(18944K)->18717K(18944K) Class: 2374K(2560K)->2374K(2560K)
[2026-09-22T15:40:27.601+0000][2.388s][info][gc          ] GC(0) Pause Young (Metadata GC Threshold) 898M->13M(3925M) 6.286ms
[2026-09-22T15:40:27.601+0000][2.388s][info][gc,cpu      ] GC(0) User=0.01s Sys=0.01s Real=0.00s
[2026-09-22T15:40:27.601+0000][2.388s][info][gc,start    ] GC(1) Pause Full (Metadata GC Threshold)
[2026-09-22T15:40:27.601+0000][2.388s][info][gc,phases,start] GC(1) Marking Phase
[2026-09-22T15:40:27.608+0000][2.395s][info][gc,phases      ] GC(1) Marking Phase 7.262ms
[2026-09-22T15:40:27.608+0000][2.395s][info][gc,phases,start] GC(1) Summary Phase
[2026-09-22T15:40:27.608+0000][2.395s][info][gc,phases      ] GC(1) Summary Phase 0.008ms
[2026-09-22T15:40:27.608+0000][2.395s][info][gc,phases,start] GC(1) Adjust Roots
[2026-09-22T15:40:27.610+0000][2.398s][info][gc,phases      ] GC(1) Adjust Roots 2.618ms
[2026-09-22T15:40:27.611+0000][2.398s][info][gc,phases,start] GC(1) Compaction Phase
[2026-09-22T15:40:27.617+0000][2.405s][info][gc,phases      ] GC(1) Compaction Phase 6.704ms
[2026-09-22T15:40:27.617+0000][2.405s][info][gc,phases,start] GC(1) Post Compact
[2026-09-22T15:40:27.618+0000][2.406s][info][gc,phases      ] GC(1) Post Compact 1.225ms
[2026-09-22T15:40:27.618+0000][2.406s][info][gc,heap        ] GC(1) PSYoungGen: 12708K(1223168K)->0K(1223168K) Eden: 0K(1048576K)->0K(1048576K) From: 12708K(174592K)->0K(174592K)
[2026-09-22T15:40:27.618+0000][2.406s][info][gc,heap        ] GC(1) ParOldGen: 1145K(2796544K)->13577K(2796544K)
[2026-09-22T15:40:27.618+0000][2.406s][info][gc,metaspace   ] GC(1) Metaspace: 21091K(21504K)->21091K(21504K) NonClass: 18717K(18944K)->18717K(18944K) Class: 2374K(2560K)->2374K(2560K)
[2026-09-22T15:40:27.618+0000][2.406s][info][gc             ] GC(1) Pause Full (Metadata GC Threshold) 13M->13M(3925M) 17.941ms
[2026-09-22T15:40:27.619+0000][2.406s][info][gc,cpu         ] GC(1) User=0.05s Sys=0.00s Real=0.02s
[2026-09-22T15:40:28.765+0000][3.553s][info][gc,start       ] GC(2) Pause Young (Metadata GC Threshold)
[2026-09-22T15:40:28.790+0000][3.577s][info][gc,heap        ] GC(2) PSYoungGen: 458894K(1223168K)->51049K(1223168K) Eden: 458894K(1048576K)->0K(1048576K) From: 0K(174592K)->51049K(174592K)
[2026-09-22T15:40:28.790+0000][3.577s][info][gc,heap        ] GC(2) ParOldGen: 13577K(2796544K)->13585K(2796544K)
[2026-09-22T15:40:28.790+0000][3.577s][info][gc,metaspace   ] GC(2) Metaspace: 35388K(35840K)->35388K(35840K) NonClass: 31283K(31552K)->31283K(31552K) Class: 4105K(4288K)->4105K(4288K)
[2026-09-22T15:40:28.790+0000][3.577s][info][gc             ] GC(2) Pause Young (Metadata GC Threshold) 461M->63M(3925M) 24.314ms
[2026-09-22T15:40:28.790+0000][3.577s][info][gc,cpu         ] GC(2) User=0.06s Sys=0.01s Real=0.02s
[2026-09-22T15:40:28.790+0000][3.577s][info][gc,start       ] GC(3) Pause Full (Metadata GC Threshold)
[2026-09-22T15:40:28.790+0000][3.577s][info][gc,phases,start] GC(3) Marking Phase
[2026-09-22T15:40:28.811+0000][3.599s][info][gc,phases      ] GC(3) Marking Phase 21.556ms
[2026-09-22T15:40:28.811+0000][3.599s][info][gc,phases,start] GC(3) Summary Phase
[2026-09-22T15:40:28.811+0000][3.599s][info][gc,phases      ] GC(3) Summary Phase 0.018ms
[2026-09-22T15:40:28.811+0000][3.599s][info][gc,phases,start] GC(3) Adjust Roots
[2026-09-22T15:40:28.815+0000][3.602s][info][gc,phases      ] GC(3) Adjust Roots 3.262ms
[2026-09-22T15:40:28.815+0000][3.602s][info][gc,phases,start] GC(3) Compaction Phase
[2026-09-22T15:40:28.851+0000][3.639s][info][gc,phases      ] GC(3) Compaction Phase 36.749ms
[2026-09-22T15:40:28.851+0000][3.639s][info][gc,phases,start] GC(3) Post Compact
[2026-09-22T15:40:28.852+0000][3.640s][info][gc,phases      ] GC(3) Post Compact 0.985ms
[2026-09-22T15:40:28.852+0000][3.640s][info][gc,heap        ] GC(3) PSYoungGen: 51049K(1223168K)->0K(1223168K) Eden: 0K(1048576K)->0K(1048576K) From: 51049K(174592K)->0K(174592K)
[2026-09-22T15:40:28.852+0000][3.640s][info][gc,heap        ] GC(3) ParOldGen: 13585K(2796544K)->64244K(2796544K)
[2026-09-22T15:40:28.852+0000][3.640s][info][gc,metaspace   ] GC(3) Metaspace: 35388K(35840K)->35388K(35840K) NonClass: 31283K(31552K)->31283K(31552K) Class: 4105K(4288K)->4105K(4288K)
[2026-09-22T15:40:28.852+0000][3.640s][info][gc             ] GC(3) Pause Full (Metadata GC Threshold) 63M->62M(3925M) 62.713ms
[2026-09-22T15:40:28.852+0000][3.640s][info][gc,cpu         ] GC(3) User=0.22s Sys=0.01s Real=0.07s
[2026-09-22T15:40:30.904+0000][5.691s][info][gc,start       ] GC(4) Pause Young (Metadata GC Threshold)
[2026-09-22T15:40:30.934+0000][5.721s][info][gc,heap        ] GC(4) PSYoungGen: 419764K(1223168K)->42945K(1223168K) Eden: 419764K(1048576K)->0K(1048576K) From: 0K(174592K)->42945K(174592K)
[2026-09-22T15:40:30.934+0000][5.721s][info][gc,heap        ] GC(4) ParOldGen: 64244K(2796544K)->64260K(2796544K)
[2026-09-22T15:40:30.934+0000][5.721s][info][gc,metaspace   ] GC(4) Metaspace: 59186K(59776K)->59186K(59776K) NonClass: 50574K(50880K)->50574K(50880K) Class: 8612K(8896K)->8612K(8896K)
[2026-09-22T15:40:30.934+0000][5.721s][info][gc             ] GC(4) Pause Young (Metadata GC Threshold) 472M->104M(3925M) 29.840ms
[2026-09-22T15:40:30.934+0000][5.721s][info][gc,cpu         ] GC(4) User=0.12s Sys=0.00s Real=0.03s
[2026-09-22T15:40:30.934+0000][5.721s][info][gc,start       ] GC(5) Pause Full (Metadata GC Threshold)
[2026-09-22T15:40:30.934+0000][5.721s][info][gc,phases,start] GC(5) Marking Phase
[2026-09-22T15:40:30.986+0000][5.773s][info][gc,phases      ] GC(5) Marking Phase 51.817ms
[2026-09-22T15:40:30.986+0000][5.773s][info][gc,phases,start] GC(5) Summary Phase
[2026-09-22T15:40:30.986+0000][5.773s][info][gc,phases      ] GC(5) Summary Phase 0.008ms
[2026-09-22T15:40:30.986+0000][5.773s][info][gc,phases,start] GC(5) Adjust Roots
[2026-09-22T15:40:30.992+0000][5.780s][info][gc,phases      ] GC(5) Adjust Roots 6.624ms
[2026-09-22T15:40:30.992+0000][5.780s][info][gc,phases,start] GC(5) Compaction Phase
[2026-09-22T15:40:31.077+0000][5.864s][info][gc,phases      ] GC(5) Compaction Phase 84.230ms
[2026-09-22T15:40:31.077+0000][5.864s][info][gc,phases,start] GC(5) Post Compact
[2026-09-22T15:40:31.078+0000][5.865s][info][gc,phases      ] GC(5) Post Compact 1.127ms
[2026-09-22T15:40:31.078+0000][5.865s][info][gc,heap        ] GC(5) PSYoungGen: 42945K(1223168K)->0K(1223168K) Eden: 0K(1048576K)->0K(1048576K) From: 42945K(174592K)->0K(174592K)
[2026-09-22T15:40:31.078+0000][5.865s][info][gc,heap        ] GC(5) ParOldGen: 64260K(2796544K)->103028K(2796544K)
[2026-09-22T15:40:31.078+0000][5.865s][info][gc,metaspace   ] GC(5) Metaspace: 59186K(59776K)->59186K(59776K) NonClass: 50574K(50880K)->50574K(50880K) Class: 8612K(8896K)->8612K(8896K)
[2026-09-22T15:40:31.078+0000][5.865s][info][gc             ] GC(5) Pause Full (Metadata GC Threshold) 104M->100M(3925M) 143.975ms
[2026-09-22T15:40:31.078+0000][5.865s][info][gc,cpu         ] GC(5) User=0.53s Sys=0.00s Real=0.14s
[2026-09-22T15:40:34.127+0000][8.915s][info][gc,start       ] GC(6) Pause Young (Metadata GC Threshold)
[2026-09-22T15:40:34.224+0000][9.012s][info][gc,heap        ] GC(6) PSYoungGen: 778601K(1223168K)->174580K(1223168K) Eden: 778601K(1048576K)->0K(1048576K) From: 0K(174592K)->174580K(174592K)
[2026-09-22T15:40:34.224+0000][9.012s][info][gc,heap        ] GC(6) ParOldGen: 103028K(2796544K)->105484K(2796544K)
[2026-09-22T15:40:34.224+0000][9.012s][info][gc,metaspace   ] GC(6) Metaspace: 98806K(99648K)->98806K(99648K) NonClass: 84841K(85312K)->84841K(85312K) Class: 13964K(14336K)->13964K(14336K)
[2026-09-22T15:40:34.224+0000][9.012s][info][gc             ] GC(6) Pause Young (Metadata GC Threshold) 860M->273M(3925M) 96.987ms
[2026-09-22T15:40:34.224+0000][9.012s][info][gc,cpu         ] GC(6) User=0.31s Sys=0.07s Real=0.10s
[2026-09-22T15:40:34.224+0000][9.012s][info][gc,start       ] GC(7) Pause Full (Metadata GC Threshold)
[2026-09-22T15:40:34.224+0000][9.012s][info][gc,phases,start] GC(7) Marking Phase
[2026-09-22T15:40:34.341+0000][9.128s][info][gc,phases      ] GC(7) Marking Phase 116.658ms
[2026-09-22T15:40:34.341+0000][9.128s][info][gc,phases,start] GC(7) Summary Phase
[2026-09-22T15:40:34.341+0000][9.128s][info][gc,phases      ] GC(7) Summary Phase 0.026ms
[2026-09-22T15:40:34.341+0000][9.128s][info][gc,phases,start] GC(7) Adjust Roots
[2026-09-22T15:40:34.351+0000][9.138s][info][gc,phases      ] GC(7) Adjust Roots 9.694ms
[2026-09-22T15:40:34.351+0000][9.138s][info][gc,phases,start] GC(7) Compaction Phase
[2026-09-22T15:40:34.641+0000][9.428s][info][gc,phases      ] GC(7) Compaction Phase 290.212ms
[2026-09-22T15:40:34.641+0000][9.428s][info][gc,phases,start] GC(7) Post Compact
[2026-09-22T15:40:34.643+0000][9.430s][info][gc,phases      ] GC(7) Post Compact 1.676ms
[2026-09-22T15:40:34.643+0000][9.430s][info][gc,heap        ] GC(7) PSYoungGen: 174580K(1223168K)->0K(1223168K) Eden: 0K(1048576K)->0K(1048576K) From: 174580K(174592K)->0K(174592K)
[2026-09-22T15:40:34.643+0000][9.430s][info][gc,heap        ] GC(7) ParOldGen: 105484K(2796544K)->278462K(2796544K)
[2026-09-22T15:40:34.643+0000][9.430s][info][gc,metaspace   ] GC(7) Metaspace: 98806K(99648K)->98806K(99648K) NonClass: 84841K(85312K)->84841K(85312K) Class: 13964K(14336K)->13964K(14336K)
[2026-09-22T15:40:34.643+0000][9.430s][info][gc             ] GC(7) Pause Full (Metadata GC Threshold) 273M->271M(3925M) 418.428ms
[2026-09-22T15:40:34.643+0000][9.430s][info][gc,cpu         ] GC(7) User=1.55s Sys=0.01s Real=0.42s
[2026-09-22T15:40:38.023+0000][12.811s][info][gc,start       ] GC(8) Pause Young (Allocation Failure)
[2026-09-22T15:40:38.048+0000][12.835s][info][gc,heap        ] GC(8) PSYoungGen: 1048576K(1223168K)->43649K(1223168K) Eden: 1048576K(1048576K)->0K(1048576K) From: 0K(174592K)->43649K(174592K)
[2026-09-22T15:40:38.048+0000][12.835s][info][gc,heap        ] GC(8) ParOldGen: 278462K(2796544K)->278478K(2796544K)
[2026-09-22T15:40:38.048+0000][12.835s][info][gc,metaspace   ] GC(8) Metaspace: 119622K(120576K)->119622K(120576K) NonClass: 102411K(102976K)->102411K(102976K) Class: 17211K(17600K)->17211K(17600K)
[2026-09-22T15:40:38.048+0000][12.835s][info][gc             ] GC(8) Pause Young (Allocation Failure) 1295M->314M(3925M) 24.740ms
[2026-09-22T15:40:38.048+0000][12.835s][info][gc,cpu         ] GC(8) User=0.10s Sys=0.00s Real=0.02s
[2026-09-22T15:40:44.815+0000][19.602s][info][gc,start       ] GC(9) Pause Young (Allocation Failure)
[2026-09-22T15:40:44.874+0000][19.662s][info][gc,heap        ] GC(9) PSYoungGen: 1092225K(1223168K)->119012K(2240000K) Eden: 1048576K(1048576K)->0K(2081792K) From: 43649K(174592K)->119012K(158208K)
[2026-09-22T15:40:44.874+0000][19.662s][info][gc,heap        ] GC(9) ParOldGen: 278478K(2796544K)->278526K(2796544K)
[2026-09-22T15:40:44.874+0000][19.662s][info][gc,metaspace   ] GC(9) Metaspace: 150369K(151616K)->150369K(151616K) NonClass: 125931K(126656K)->125931K(126656K) Class: 24437K(24960K)->24437K(24960K)
[2026-09-22T15:40:44.874+0000][19.662s][info][gc             ] GC(9) Pause Young (Allocation Failure) 1338M->388M(4918M) 59.735ms
[2026-09-22T15:40:44.874+0000][19.662s][info][gc,cpu         ] GC(9) User=0.17s Sys=0.04s Real=0.06s
[2026-09-22T15:40:45.807+0000][20.595s][info][gc,start       ] GC(10) Pause Young (CodeCache GC Threshold)
[2026-09-22T15:40:45.865+0000][20.652s][info][gc,heap        ] GC(10) PSYoungGen: 460211K(2240000K)->148248K(2255360K) Eden: 341198K(2081792K)->0K(2081792K) From: 119012K(158208K)->148248K(173568K)
[2026-09-22T15:40:45.865+0000][20.652s][info][gc,heap        ] GC(10) ParOldGen: 278526K(2796544K)->278534K(2796544K)
[2026-09-22T15:40:45.865+0000][20.652s][info][gc,metaspace   ] GC(10) Metaspace: 150583K(151808K)->150583K(151808K) NonClass: 126102K(126784K)->126102K(126784K) Class: 24481K(25024K)->24481K(25024K)
[2026-09-22T15:40:45.865+0000][20.652s][info][gc             ] GC(10) Pause Young (CodeCache GC Threshold) 721M->416M(4933M) 57.328ms
[2026-09-22T15:40:45.865+0000][20.652s][info][gc,cpu         ] GC(10) User=0.17s Sys=0.06s Real=0.06s
[2026-09-22T15:40:45.865+0000][20.652s][info][gc,start       ] GC(11) Pause Full (CodeCache GC Threshold)
[2026-09-22T15:40:45.865+0000][20.652s][info][gc,phases,start] GC(11) Marking Phase
[2026-09-22T15:40:46.045+0000][20.832s][info][gc,phases      ] GC(11) Marking Phase 180.025ms
[2026-09-22T15:40:46.045+0000][20.832s][info][gc,phases,start] GC(11) Summary Phase
[2026-09-22T15:40:46.045+0000][20.832s][info][gc,phases      ] GC(11) Summary Phase 0.025ms
[2026-09-22T15:40:46.045+0000][20.832s][info][gc,phases,start] GC(11) Adjust Roots
[2026-09-22T15:40:46.066+0000][20.854s][info][gc,phases      ] GC(11) Adjust Roots 21.432ms
[2026-09-22T15:40:46.066+0000][20.854s][info][gc,phases,start] GC(11) Compaction Phase
[2026-09-22T15:40:46.421+0000][21.208s][info][gc,phases      ] GC(11) Compaction Phase 354.178ms
[2026-09-22T15:40:46.421+0000][21.208s][info][gc,phases,start] GC(11) Post Compact
[2026-09-22T15:40:46.426+0000][21.213s][info][gc,phases      ] GC(11) Post Compact 5.378ms
[2026-09-22T15:40:46.426+0000][21.213s][info][gc,heap        ] GC(11) PSYoungGen: 148248K(2255360K)->0K(2255360K) Eden: 0K(2081792K)->0K(2081792K) From: 148248K(173568K)->0K(173568K)
[2026-09-22T15:40:46.426+0000][21.213s][info][gc,heap        ] GC(11) ParOldGen: 278534K(2796544K)->386969K(2796544K)
[2026-09-22T15:40:46.426+0000][21.214s][info][gc,metaspace   ] GC(11) Metaspace: 150583K(151808K)->150519K(151808K) NonClass: 126102K(126784K)->126053K(126784K) Class: 24481K(25024K)->24465K(25024K)
[2026-09-22T15:40:46.426+0000][21.214s][info][gc             ] GC(11) Pause Full (CodeCache GC Threshold) 416M->377M(4933M) 561.211ms
[2026-09-22T15:40:46.426+0000][21.214s][info][gc,cpu         ] GC(11) User=2.00s Sys=0.02s Real=0.56s
[2026-09-22T15:40:50.775+0000][25.563s][info][gc,start       ] GC(12) Pause Young (Allocation Failure)
[2026-09-22T15:40:50.859+0000][25.646s][info][gc,heap        ] GC(12) PSYoungGen: 2081792K(2255360K)->197104K(2231296K) Eden: 2081792K(2081792K)->0K(2034176K) From: 0K(173568K)->197104K(197120K)
[2026-09-22T15:40:50.859+0000][25.646s][info][gc,heap        ] GC(12) ParOldGen: 386969K(2796544K)->448968K(2796544K)
[2026-09-22T15:40:50.859+0000][25.646s][info][gc,metaspace   ] GC(12) Metaspace: 152772K(154176K)->152772K(154176K) NonClass: 127943K(128768K)->127943K(128768K) Class: 24829K(25408K)->24829K(25408K)
[2026-09-22T15:40:50.859+0000][25.646s][info][gc             ] GC(12) Pause Young (Allocation Failure) 2410M->630M(4910M) 83.316ms
[2026-09-22T15:40:50.859+0000][25.646s][info][gc,cpu         ] GC(12) User=0.27s Sys=0.06s Real=0.08s
[2026-09-22T15:40:54.947+0000][29.734s][info][gc,start       ] GC(13) Pause Young (Allocation Failure)
[2026-09-22T15:40:55.103+0000][29.891s][info][gc,heap        ] GC(13) PSYoungGen: 2231280K(2231296K)->260084K(2294272K) Eden: 2034176K(2034176K)->0K(2034176K) From: 197104K(197120K)->260084K(260096K)
[2026-09-22T15:40:55.103+0000][29.891s][info][gc,heap        ] GC(13) ParOldGen: 448968K(2796544K)->725271K(2796544K)
[2026-09-22T15:40:55.103+0000][29.891s][info][gc,metaspace   ] GC(13) Metaspace: 153449K(154880K)->153449K(154880K) NonClass: 128522K(129344K)->128522K(129344K) Class: 24927K(25536K)->24927K(25536K)
[2026-09-22T15:40:55.104+0000][29.891s][info][gc             ] GC(13) Pause Young (Allocation Failure) 2617M->962M(4971M) 156.509ms
[2026-09-22T15:40:55.104+0000][29.891s][info][gc,cpu         ] GC(13) User=0.52s Sys=0.09s Real=0.16s
[2026-09-22T15:40:58.711+0000][33.498s][info][gc,start       ] GC(14) Pause Young (Allocation Failure)
[2026-09-22T15:40:58.859+0000][33.646s][info][gc,heap        ] GC(14) PSYoungGen: 2294260K(2294272K)->386080K(2958336K) Eden: 2034176K(2034176K)->0K(2541568K) From: 260084K(260096K)->386080K(416768K)
[2026-09-22T15:40:58.859+0000][33.647s][info][gc,heap        ] GC(14) ParOldGen: 725271K(2796544K)->899190K(2796544K)
[2026-09-22T15:40:58.859+0000][33.647s][info][gc,metaspace   ] GC(14) Metaspace: 154088K(155584K)->154088K(155584K) NonClass: 129087K(129984K)->129087K(129984K) Class: 25001K(25600K)->25001K(25600K)
[2026-09-22T15:40:58.859+0000][33.647s][info][gc             ] GC(14) Pause Young (Allocation Failure) 2948M->1255M(5620M) 148.465ms
[2026-09-22T15:40:58.859+0000][33.647s][info][gc,cpu         ] GC(14) User=0.49s Sys=0.10s Real=0.15s
[2026-09-22T15:41:03.278+0000][38.066s][info][gc,start       ] GC(15) Pause Young (Allocation Failure)
[2026-09-22T15:41:03.486+0000][38.273s][info][gc,heap        ] GC(15) PSYoungGen: 2927648K(2958336K)->303933K(2845696K) Eden: 2541568K(2541568K)->0K(2541568K) From: 386080K(416768K)->303933K(304128K)
[2026-09-22T15:41:03.486+0000][38.274s][info][gc,heap        ] GC(15) ParOldGen: 899190K(2796544K)->1302587K(2796544K)
[2026-09-22T15:41:03.486+0000][38.274s][info][gc,metaspace   ] GC(15) Metaspace: 154625K(156032K)->154625K(156032K) NonClass: 129573K(130368K)->129573K(130368K) Class: 25052K(25664K)->25052K(25664K)
[2026-09-22T15:41:03.486+0000][38.274s][info][gc             ] GC(15) Pause Young (Allocation Failure) 3737M->1568M(5510M) 207.802ms
[2026-09-22T15:41:03.486+0000][38.274s][info][gc,cpu         ] GC(15) User=0.70s Sys=0.13s Real=0.21s
[2026-09-22T15:41:08.102+0000][42.889s][info][gc,start       ] GC(16) Pause Young (Allocation Failure)
[2026-09-22T15:41:08.301+0000][43.089s][info][gc,heap        ] GC(16) PSYoungGen: 2845501K(2845696K)->353149K(2940416K) Eden: 2541568K(2541568K)->0K(2446336K) From: 303933K(304128K)->353149K(494080K)
[2026-09-22T15:41:08.302+0000][43.089s][info][gc,heap        ] GC(16) ParOldGen: 1302587K(2796544K)->1619115K(2796544K)
[2026-09-22T15:41:08.302+0000][43.089s][info][gc,metaspace   ] GC(16) Metaspace: 155306K(156800K)->155306K(156800K) NonClass: 130219K(131072K)->130219K(131072K) Class: 25086K(25728K)->25086K(25728K)
[2026-09-22T15:41:08.302+0000][43.089s][info][gc             ] GC(16) Pause Young (Allocation Failure) 4050M->1926M(5602M) 199.988ms
[2026-09-22T15:41:08.302+0000][43.089s][info][gc,cpu         ] GC(16) User=0.68s Sys=0.11s Real=0.20s
[2026-09-22T15:41:13.933+0000][48.721s][info][gc,start       ] GC(17) Pause Young (Allocation Failure)
[2026-09-22T15:41:14.153+0000][48.940s][info][gc,heap        ] GC(17) PSYoungGen: 2799485K(2940416K)->413024K(2859520K) Eden: 2446336K(2446336K)->0K(2446336K) From: 353149K(494080K)->413024K(413184K)
[2026-09-22T15:41:14.153+0000][48.940s][info][gc,heap        ] GC(17) ParOldGen: 1619115K(2796544K)->1986399K(2796544K)
[2026-09-22T15:41:14.153+0000][48.940s][info][gc,metaspace   ] GC(17) Metaspace: 156908K(158400K)->156908K(158400K) NonClass: 131742K(132608K)->131742K(132608K) Class: 25165K(25792K)->25165K(25792K)
[2026-09-22T15:41:14.153+0000][48.940s][info][gc             ] GC(17) Pause Young (Allocation Failure) 4315M->2343M(5523M) 219.112ms
[2026-09-22T15:41:14.153+0000][48.940s][info][gc,cpu         ] GC(17) User=0.78s Sys=0.09s Real=0.22s
[2026-09-22T15:41:15.367+0000][50.154s][info][gc,start       ] GC(18) Pause Young (CodeCache GC Threshold)
[2026-09-22T15:41:15.535+0000][50.322s][info][gc,heap        ] GC(18) PSYoungGen: 866554K(2859520K)->60231K(2931712K) Eden: 453530K(2446336K)->0K(2362368K) From: 413024K(413184K)->60231K(569344K)
[2026-09-22T15:41:15.535+0000][50.322s][info][gc,heap        ] GC(18) ParOldGen: 1986399K(2796544K)->2414030K(2796544K)
[2026-09-22T15:41:15.535+0000][50.322s][info][gc,metaspace   ] GC(18) Metaspace: 160556K(162112K)->160556K(162112K) NonClass: 134647K(135552K)->134647K(135552K) Class: 25908K(26560K)->25908K(26560K)
[2026-09-22T15:41:15.535+0000][50.322s][info][gc             ] GC(18) Pause Young (CodeCache GC Threshold) 2786M->2416M(5594M) 167.953ms
[2026-09-22T15:41:15.535+0000][50.322s][info][gc,cpu         ] GC(18) User=0.50s Sys=0.14s Real=0.17s
[2026-09-22T15:41:15.535+0000][50.322s][info][gc,start       ] GC(19) Pause Full (CodeCache GC Threshold)
[2026-09-22T15:41:15.535+0000][50.322s][info][gc,phases,start] GC(19) Marking Phase
[2026-09-22T15:41:15.922+0000][50.710s][info][gc,phases      ] GC(19) Marking Phase 387.456ms
[2026-09-22T15:41:15.922+0000][50.710s][info][gc,phases,start] GC(19) Summary Phase
[2026-09-22T15:41:15.922+0000][50.710s][info][gc,phases      ] GC(19) Summary Phase 0.104ms
[2026-09-22T15:41:15.922+0000][50.710s][info][gc,phases,start] GC(19) Adjust Roots
[2026-09-22T15:41:15.941+0000][50.729s][info][gc,phases      ] GC(19) Adjust Roots 18.830ms
[2026-09-22T15:41:15.941+0000][50.729s][info][gc,phases,start] GC(19) Compaction Phase
[2026-09-22T15:41:16.336+0000][51.124s][info][gc,phases      ] GC(19) Compaction Phase 395.154ms
[2026-09-22T15:41:16.336+0000][51.124s][info][gc,phases,start] GC(19) Post Compact
[2026-09-22T15:41:16.346+0000][51.134s][info][gc,phases      ] GC(19) Post Compact 9.826ms
[2026-09-22T15:41:16.346+0000][51.134s][info][gc,heap        ] GC(19) PSYoungGen: 60231K(2931712K)->0K(2931712K) Eden: 0K(2362368K)->0K(2362368K) From: 60231K(569344K)->0K(569344K)
[2026-09-22T15:41:16.346+0000][51.134s][info][gc,heap        ] GC(19) ParOldGen: 2414030K(2796544K)->1343974K(2796544K)
[2026-09-22T15:41:16.346+0000][51.134s][info][gc,metaspace   ] GC(19) Metaspace: 160556K(162112K)->160503K(162112K) NonClass: 134647K(135552K)->134608K(135552K) Class: 25908K(26560K)->25894K(26560K)
[2026-09-22T15:41:16.346+0000][51.134s][info][gc             ] GC(19) Pause Full (CodeCache GC Threshold) 2416M->1312M(5594M) 811.569ms
[2026-09-22T15:41:16.346+0000][51.134s][info][gc,cpu         ] GC(19) User=2.99s Sys=0.01s Real=0.81s
[2026-09-22T15:41:25.511+0000][60.298s][info][gc,start       ] GC(20) Pause Young (CodeCache GC Threshold)
[2026-09-22T15:41:25.610+0000][60.397s][info][gc,heap        ] GC(20) PSYoungGen: 1873183K(2931712K)->338041K(2700800K) Eden: 1873183K(2362368K)->0K(2362368K) From: 0K(569344K)->338041K(338432K)
[2026-09-22T15:41:25.610+0000][60.397s][info][gc,heap        ] GC(20) ParOldGen: 1343974K(2796544K)->1343982K(2796544K)
[2026-09-22T15:41:25.610+0000][60.397s][info][gc,metaspace   ] GC(20) Metaspace: 166151K(167744K)->166151K(167744K) NonClass: 139750K(140672K)->139750K(140672K) Class: 26401K(27072K)->26401K(27072K)
[2026-09-22T15:41:25.610+0000][60.397s][info][gc             ] GC(20) Pause Young (CodeCache GC Threshold) 3141M->1642M(5368M) 98.874ms
[2026-09-22T15:41:25.610+0000][60.397s][info][gc,cpu         ] GC(20) User=0.38s Sys=0.00s Real=0.09s
[2026-09-22T15:41:25.610+0000][60.397s][info][gc,start       ] GC(21) Pause Full (CodeCache GC Threshold)
[2026-09-22T15:41:25.610+0000][60.397s][info][gc,phases,start] GC(21) Marking Phase
[2026-09-22T15:41:26.093+0000][60.880s][info][gc,phases      ] GC(21) Marking Phase 482.801ms
[2026-09-22T15:41:26.093+0000][60.880s][info][gc,phases,start] GC(21) Summary Phase
[2026-09-22T15:41:26.093+0000][60.880s][info][gc,phases      ] GC(21) Summary Phase 0.034ms
[2026-09-22T15:41:26.093+0000][60.880s][info][gc,phases,start] GC(21) Adjust Roots
[2026-09-22T15:41:26.116+0000][60.904s][info][gc,phases      ] GC(21) Adjust Roots 23.416ms
[2026-09-22T15:41:26.116+0000][60.904s][info][gc,phases,start] GC(21) Compaction Phase
[2026-09-22T15:41:26.665+0000][61.452s][info][gc,phases      ] GC(21) Compaction Phase 548.411ms
[2026-09-22T15:41:26.665+0000][61.452s][info][gc,phases,start] GC(21) Post Compact
[2026-09-22T15:41:26.677+0000][61.464s][info][gc,phases      ] GC(21) Post Compact 12.356ms
[2026-09-22T15:41:26.677+0000][61.465s][info][gc,heap        ] GC(21) PSYoungGen: 338041K(2700800K)->0K(2700800K) Eden: 0K(2362368K)->0K(2362368K) From: 338041K(338432K)->0K(338432K)
[2026-09-22T15:41:26.677+0000][61.465s][info][gc,heap        ] GC(21) ParOldGen: 1343982K(2796544K)->1664649K(2796544K)
[2026-09-22T15:41:26.677+0000][61.465s][info][gc,metaspace   ] GC(21) Metaspace: 166151K(167744K)->166108K(167744K) NonClass: 139750K(140672K)->139718K(140672K) Class: 26401K(27072K)->26390K(27072K)
[2026-09-22T15:41:26.677+0000][61.465s][info][gc             ] GC(21) Pause Full (CodeCache GC Threshold) 1642M->1625M(5368M) 1067.225ms
[2026-09-22T15:41:26.677+0000][61.465s][info][gc,cpu         ] GC(21) User=3.95s Sys=0.02s Real=1.07s
[2026-09-22T15:41:32.549+0000][67.336s][info][gc,start       ] GC(22) Pause Young (Allocation Failure)
[2026-09-22T15:41:32.667+0000][67.454s][info][gc,heap        ] GC(22) PSYoungGen: 2362368K(2700800K)->216072K(2953728K) Eden: 2362368K(2362368K)->0K(2378240K) From: 0K(338432K)->216072K(575488K)
[2026-09-22T15:41:32.667+0000][67.454s][info][gc,heap        ] GC(22) ParOldGen: 1664649K(2796544K)->1664657K(2796544K)
[2026-09-22T15:41:32.667+0000][67.454s][info][gc,metaspace   ] GC(22) Metaspace: 166144K(167744K)->166144K(167744K) NonClass: 139750K(140672K)->139750K(140672K) Class: 26394K(27072K)->26394K(27072K)
[2026-09-22T15:41:32.667+0000][67.454s][info][gc             ] GC(22) Pause Young (Allocation Failure) 3932M->1836M(5615M) 117.874ms
[2026-09-22T15:41:32.667+0000][67.454s][info][gc,cpu         ] GC(22) User=0.44s Sys=0.01s Real=0.12s
[2026-09-22T15:41:36.719+0000][71.507s][info][gc,start       ] GC(23) Pause Young (Allocation Failure)
[2026-09-22T15:41:36.855+0000][71.643s][info][gc,heap        ] GC(23) PSYoungGen: 2594312K(2953728K)->180320K(2558976K) Eden: 2378240K(2378240K)->0K(2378240K) From: 216072K(575488K)->180320K(180736K)
[2026-09-22T15:41:36.855+0000][71.643s][info][gc,heap        ] GC(23) ParOldGen: 1664657K(2796544K)->1867597K(2796544K)
[2026-09-22T15:41:36.855+0000][71.643s][info][gc,metaspace   ] GC(23) Metaspace: 166180K(167872K)->166180K(167872K) NonClass: 139774K(140736K)->139774K(140736K) Class: 26405K(27136K)->26405K(27136K)
[2026-09-22T15:41:36.855+0000][71.643s][info][gc             ] GC(23) Pause Young (Allocation Failure) 4159M->1999M(5230M) 136.077ms
[2026-09-22T15:41:36.855+0000][71.643s][info][gc,cpu         ] GC(23) User=0.54s Sys=0.00s Real=0.14s
[2026-09-22T15:41:40.262+0000][75.049s][info][gc,start       ] GC(24) Pause Young (Allocation Failure)
[2026-09-22T15:41:40.392+0000][75.180s][info][gc,heap        ] GC(24) PSYoungGen: 2558560K(2558976K)->154304K(2913280K) Eden: 2378240K(2378240K)->0K(2397184K) From: 180320K(180736K)->154304K(516096K)
[2026-09-22T15:41:40.392+0000][75.180s][info][gc,heap        ] GC(24) ParOldGen: 1867597K(2796544K)->2031768K(2796544K)
[2026-09-22T15:41:40.392+0000][75.180s][info][gc,metaspace   ] GC(24) Metaspace: 166203K(167872K)->166203K(167872K) NonClass: 139788K(140736K)->139788K(140736K) Class: 26414K(27136K)->26414K(27136K)
[2026-09-22T15:41:40.392+0000][75.180s][info][gc             ] GC(24) Pause Young (Allocation Failure) 4322M->2134M(5576M) 130.283ms
[2026-09-22T15:41:40.392+0000][75.180s][info][gc,cpu         ] GC(24) User=0.51s Sys=0.01s Real=0.13s
[2026-09-22T15:41:43.484+0000][78.271s][info][gc,start       ] GC(25) Pause Young (Allocation Failure)
[2026-09-22T15:41:43.603+0000][78.390s][info][gc,heap        ] GC(25) PSYoungGen: 2551488K(2913280K)->148352K(2894336K) Eden: 2397184K(2397184K)->0K(2397184K) From: 154304K(516096K)->148352K(497152K)
[2026-09-22T15:41:43.603+0000][78.390s][info][gc,heap        ] GC(25) ParOldGen: 2031768K(2796544K)->2167702K(2796544K)
[2026-09-22T15:41:43.603+0000][78.390s][info][gc,metaspace   ] GC(25) Metaspace: 166272K(167872K)->166272K(167872K) NonClass: 139829K(140736K)->139829K(140736K) Class: 26443K(27136K)->26443K(27136K)
[2026-09-22T15:41:43.603+0000][78.390s][info][gc             ] GC(25) Pause Young (Allocation Failure) 4475M->2261M(5557M) 119.010ms
[2026-09-22T15:41:43.603+0000][78.390s][info][gc,cpu         ] GC(25) User=0.47s Sys=0.00s Real=0.12s
[2026-09-22T15:41:46.471+0000][81.259s][info][gc,start       ] GC(26) Pause Young (Allocation Failure)
[2026-09-22T15:41:46.601+0000][81.388s][info][gc,heap        ] GC(26) PSYoungGen: 2545536K(2894336K)->138272K(2976768K) Eden: 2397184K(2397184K)->0K(2497536K) From: 148352K(497152K)->138272K(479232K)
[2026-09-22T15:41:46.601+0000][81.388s][info][gc,heap        ] GC(26) ParOldGen: 2167702K(2796544K)->2295491K(2796544K)
[2026-09-22T15:41:46.601+0000][81.388s][info][gc,metaspace   ] GC(26) Metaspace: 166402K(168000K)->166402K(168000K) NonClass: 139954K(140864K)->139954K(140864K) Class: 26447K(27136K)->26447K(27136K)
[2026-09-22T15:41:46.601+0000][81.388s][info][gc             ] GC(26) Pause Young (Allocation Failure) 4602M->2376M(5638M) 129.475ms
[2026-09-22T15:41:46.601+0000][81.388s][info][gc,cpu         ] GC(26) User=0.51s Sys=0.01s Real=0.12s
[2026-09-22T15:41:49.610+0000][84.397s][info][gc,start       ] GC(27) Pause Young (Allocation Failure)
[2026-09-22T15:41:49.736+0000][84.524s][info][gc,heap        ] GC(27) PSYoungGen: 2635808K(2976768K)->133776K(2960896K) Eden: 2497536K(2497536K)->0K(2497536K) From: 138272K(479232K)->133776K(463360K)
[2026-09-22T15:41:49.736+0000][84.524s][info][gc,heap        ] GC(27) ParOldGen: 2295491K(2796544K)->2411297K(2796544K)
[2026-09-22T15:41:49.736+0000][84.524s][info][gc,metaspace   ] GC(27) Metaspace: 166497K(168192K)->166497K(168192K) NonClass: 140042K(141056K)->140042K(141056K) Class: 26454K(27136K)->26454K(27136K)
[2026-09-22T15:41:49.736+0000][84.524s][info][gc             ] GC(27) Pause Young (Allocation Failure) 4815M->2485M(5622M) 126.438ms
[2026-09-22T15:41:49.736+0000][84.524s][info][gc,cpu         ] GC(27) User=0.50s Sys=0.00s Real=0.13s
[2026-09-22T15:41:52.586+0000][87.374s][info][gc,start       ] GC(28) Pause Young (Allocation Failure)
[2026-09-22T15:41:52.747+0000][87.534s][info][gc,heap        ] GC(28) PSYoungGen: 2631312K(2960896K)->118912K(3013632K) Eden: 2497536K(2497536K)->0K(2565632K) From: 133776K(463360K)->118912K(448000K)
[2026-09-22T15:41:52.747+0000][87.534s][info][gc,heap        ] GC(28) ParOldGen: 2411297K(2796544K)->2520251K(2796544K)
[2026-09-22T15:41:52.747+0000][87.534s][info][gc,metaspace   ] GC(28) Metaspace: 166531K(168192K)->166531K(168192K) NonClass: 140076K(141056K)->140076K(141056K) Class: 26454K(27136K)->26454K(27136K)
[2026-09-22T15:41:52.747+0000][87.534s][info][gc             ] GC(28) Pause Young (Allocation Failure) 4924M->2577M(5674M) 160.324ms
[2026-09-22T15:41:52.747+0000][87.534s][info][gc,cpu         ] GC(28) User=0.60s Sys=0.04s Real=0.16s
[2026-09-22T15:41:55.831+0000][90.619s][info][gc,start       ] GC(29) Pause Young (Allocation Failure)
[2026-09-22T15:41:55.967+0000][90.755s][info][gc,heap        ] GC(29) PSYoungGen: 2684544K(3013632K)->122608K(3000320K) Eden: 2565632K(2565632K)->0K(2565632K) From: 118912K(448000K)->122608K(434688K)
[2026-09-22T15:41:55.967+0000][90.755s][info][gc,heap        ] GC(29) ParOldGen: 2520251K(2796544K)->2612168K(2796544K)
[2026-09-22T15:41:55.967+0000][90.755s][info][gc,metaspace   ] GC(29) Metaspace: 166597K(168256K)->166597K(168256K) NonClass: 140141K(141120K)->140141K(141120K) Class: 26455K(27136K)->26455K(27136K)
[2026-09-22T15:41:55.967+0000][90.755s][info][gc             ] GC(29) Pause Young (Allocation Failure) 5082M->2670M(5661M) 136.067ms
[2026-09-22T15:41:55.967+0000][90.755s][info][gc,cpu         ] GC(29) User=0.51s Sys=0.01s Real=0.13s
[2026-09-22T15:41:56.344+0000][91.131s][info][gc,start       ] GC(30) Pause Young (CodeCache GC Threshold)
[2026-09-22T15:41:56.455+0000][91.242s][info][gc,heap        ] GC(30) PSYoungGen: 456805K(3000320K)->31520K(3032064K) Eden: 334197K(2565632K)->0K(2611712K) From: 122608K(434688K)->31520K(420352K)
[2026-09-22T15:41:56.455+0000][91.242s][info][gc,heap        ] GC(30) ParOldGen: 2612168K(2796544K)->2718317K(2796544K)
[2026-09-22T15:41:56.455+0000][91.242s][info][gc,metaspace   ] GC(30) Metaspace: 166613K(168256K)->166613K(168256K) NonClass: 140156K(141120K)->140156K(141120K) Class: 26456K(27136K)->26456K(27136K)
[2026-09-22T15:41:56.455+0000][91.242s][info][gc             ] GC(30) Pause Young (CodeCache GC Threshold) 2997M->2685M(5692M) 111.134ms
[2026-09-22T15:41:56.455+0000][91.242s][info][gc,cpu         ] GC(30) User=0.39s Sys=0.02s Real=0.11s
[2026-09-22T15:41:56.455+0000][91.242s][info][gc,start       ] GC(31) Pause Full (CodeCache GC Threshold)
[2026-09-22T15:41:56.455+0000][91.242s][info][gc,phases,start] GC(31) Marking Phase
[2026-09-22T15:41:57.302+0000][92.090s][info][gc,phases      ] GC(31) Marking Phase 847.043ms
[2026-09-22T15:41:57.302+0000][92.090s][info][gc,phases,start] GC(31) Summary Phase
[2026-09-22T15:41:57.302+0000][92.090s][info][gc,phases      ] GC(31) Summary Phase 0.050ms
[2026-09-22T15:41:57.302+0000][92.090s][info][gc,phases,start] GC(31) Adjust Roots
[2026-09-22T15:41:57.325+0000][92.112s][info][gc,phases      ] GC(31) Adjust Roots 22.742ms
[2026-09-22T15:41:57.325+0000][92.112s][info][gc,phases,start] GC(31) Compaction Phase
[2026-09-22T15:41:58.298+0000][93.085s][info][gc,phases      ] GC(31) Compaction Phase 972.879ms
[2026-09-22T15:41:58.298+0000][93.085s][info][gc,phases,start] GC(31) Post Compact
[2026-09-22T15:41:58.305+0000][93.093s][info][gc,phases      ] GC(31) Post Compact 7.506ms
[2026-09-22T15:41:58.305+0000][93.093s][info][gc,heap        ] GC(31) PSYoungGen: 31520K(3032064K)->0K(3032064K) Eden: 0K(2611712K)->0K(2611712K) From: 31520K(420352K)->0K(420352K)
[2026-09-22T15:41:58.305+0000][93.093s][info][gc,heap        ] GC(31) ParOldGen: 2718317K(2796544K)->2686687K(2796544K)
[2026-09-22T15:41:58.305+0000][93.093s][info][gc,metaspace   ] GC(31) Metaspace: 166613K(168256K)->166613K(168256K) NonClass: 140156K(141120K)->140156K(141120K) Class: 26456K(27136K)->26456K(27136K)
[2026-09-22T15:41:58.305+0000][93.093s][info][gc             ] GC(31) Pause Full (CodeCache GC Threshold) 2685M->2623M(5692M) 1850.398ms
[2026-09-22T15:41:58.305+0000][93.093s][info][gc,cpu         ] GC(31) User=7.02s Sys=0.04s Real=1.85s
[2026-09-22T15:42:01.246+0000][96.033s][info][gc,start       ] GC(32) Pause Young (Allocation Failure)
[2026-09-22T15:42:01.353+0000][96.141s][info][gc,heap        ] GC(32) PSYoungGen: 2611712K(3032064K)->126928K(3032576K) Eden: 2611712K(2611712K)->0K(2611712K) From: 0K(420352K)->126928K(420864K)
[2026-09-22T15:42:01.353+0000][96.141s][info][gc,heap        ] GC(32) ParOldGen: 2686687K(2796544K)->2686687K(2796544K)
[2026-09-22T15:42:01.353+0000][96.141s][info][gc,metaspace   ] GC(32) Metaspace: 166616K(168256K)->166616K(168256K) NonClass: 140160K(141120K)->140160K(141120K) Class: 26456K(27136K)->26456K(27136K)
[2026-09-22T15:42:01.353+0000][96.141s][info][gc             ] GC(32) Pause Young (Allocation Failure) 5174M->2747M(5692M) 107.427ms
[2026-09-22T15:42:01.353+0000][96.141s][info][gc,cpu         ] GC(32) User=0.41s Sys=0.00s Real=0.11s
[2026-09-22T15:42:04.318+0000][99.105s][info][gc,start       ] GC(33) Pause Young (Allocation Failure)
[2026-09-22T15:42:04.462+0000][99.249s][info][gc,heap        ] GC(33) PSYoungGen: 2738640K(3032576K)->114192K(3057664K) Eden: 2611712K(2611712K)->0K(2670080K) From: 126928K(420864K)->114192K(387584K)
[2026-09-22T15:42:04.462+0000][99.249s][info][gc,heap        ] GC(33) ParOldGen: 2686687K(2796544K)->2783761K(2796544K)
[2026-09-22T15:42:04.462+0000][99.249s][info][gc,metaspace   ] GC(33) Metaspace: 166626K(168256K)->166626K(168256K) NonClass: 140169K(141120K)->140169K(141120K) Class: 26457K(27136K)->26457K(27136K)
[2026-09-22T15:42:04.462+0000][99.249s][info][gc             ] GC(33) Pause Young (Allocation Failure) 5298M->2830M(5717M) 144.113ms
[2026-09-22T15:42:04.462+0000][99.249s][info][gc,cpu         ] GC(33) User=0.53s Sys=0.02s Real=0.15s
[2026-09-22T15:42:07.527+0000][102.315s][info][gc,start       ] GC(34) Pause Young (Allocation Failure)
[2026-09-22T15:42:07.678+0000][102.465s][info][gc,heap        ] GC(34) PSYoungGen: 2784272K(3057664K)->110624K(3055104K) Eden: 2670080K(2670080K)->0K(2670080K) From: 114192K(387584K)->110624K(385024K)
[2026-09-22T15:42:07.678+0000][102.465s][info][gc,heap        ] GC(34) ParOldGen: 2783761K(2796544K)->2865353K(2865664K)
[2026-09-22T15:42:07.678+0000][102.465s][info][gc,metaspace   ] GC(34) Metaspace: 166705K(168384K)->166705K(168384K) NonClass: 140229K(141184K)->140229K(141184K) Class: 26475K(27200K)->26475K(27200K)
[2026-09-22T15:42:07.678+0000][102.465s][info][gc             ] GC(34) Pause Young (Allocation Failure) 5437M->2906M(5782M) 150.629ms
[2026-09-22T15:42:07.678+0000][102.465s][info][gc,cpu         ] GC(34) User=0.51s Sys=0.07s Real=0.15s
[2026-09-22T15:42:10.808+0000][105.596s][info][gc,start       ] GC(35) Pause Young (Allocation Failure)
[2026-09-22T15:42:10.925+0000][105.713s][info][gc,heap        ] GC(35) PSYoungGen: 2780704K(3055104K)->40640K(3095040K) Eden: 2670080K(2670080K)->0K(2725376K) From: 110624K(385024K)->40640K(369664K)
[2026-09-22T15:42:10.925+0000][105.713s][info][gc,heap        ] GC(35) ParOldGen: 2865353K(2865664K)->2942987K(2943488K)
[2026-09-22T15:42:10.925+0000][105.713s][info][gc,metaspace   ] GC(35) Metaspace: 166711K(168384K)->166711K(168384K) NonClass: 140235K(141184K)->140235K(141184K) Class: 26476K(27200K)->26476K(27200K)
[2026-09-22T15:42:10.925+0000][105.713s][info][gc             ] GC(35) Pause Young (Allocation Failure) 5513M->2913M(5897M) 116.816ms
[2026-09-22T15:42:10.925+0000][105.713s][info][gc,cpu         ] GC(35) User=0.41s Sys=0.04s Real=0.12s
[2026-09-22T15:42:14.031+0000][108.818s][info][gc,start       ] GC(36) Pause Young (Allocation Failure)
[2026-09-22T15:42:14.118+0000][108.906s][info][gc,heap        ] GC(36) PSYoungGen: 2766016K(3095040K)->40688K(3091968K) Eden: 2725376K(2725376K)->0K(2725376K) From: 40640K(369664K)->40688K(366592K)
[2026-09-22T15:42:14.118+0000][108.906s][info][gc,heap        ] GC(36) ParOldGen: 2942987K(2943488K)->2951671K(2951680K)
[2026-09-22T15:42:14.118+0000][108.906s][info][gc,metaspace   ] GC(36) Metaspace: 166725K(168384K)->166725K(168384K) NonClass: 140238K(141184K)->140238K(141184K) Class: 26487K(27200K)->26487K(27200K)
[2026-09-22T15:42:14.118+0000][108.906s][info][gc             ] GC(36) Pause Young (Allocation Failure) 5575M->2922M(5902M) 87.416ms
[2026-09-22T15:42:14.118+0000][108.906s][info][gc,cpu         ] GC(36) User=0.34s Sys=0.00s Real=0.08s
[2026-09-22T15:42:17.312+0000][112.099s][info][gc,start       ] GC(37) Pause Young (Allocation Failure)
[2026-09-22T15:42:17.402+0000][112.189s][info][gc,heap        ] GC(37) PSYoungGen: 2766064K(3091968K)->40576K(3120640K) Eden: 2725376K(2725376K)->0K(2766336K) From: 40688K(366592K)->40576K(354304K)
[2026-09-22T15:42:17.402+0000][112.189s][info][gc,heap        ] GC(37) ParOldGen: 2951671K(2951680K)->2959600K(2959872K)
[2026-09-22T15:42:17.402+0000][112.189s][info][gc,metaspace   ] GC(37) Metaspace: 166726K(168384K)->166726K(168384K) NonClass: 140239K(141184K)->140239K(141184K) Class: 26487K(27200K)->26487K(27200K)
[2026-09-22T15:42:17.402+0000][112.189s][info][gc             ] GC(37) Pause Young (Allocation Failure) 5583M->2929M(5938M) 90.311ms
[2026-09-22T15:42:17.402+0000][112.189s][info][gc,cpu         ] GC(37) User=0.34s Sys=0.00s Real=0.09s
[2026-09-22T15:42:20.588+0000][115.375s][info][gc,start       ] GC(38) Pause Young (Allocation Failure)
[2026-09-22T15:42:20.674+0000][115.462s][info][gc,heap        ] GC(38) PSYoungGen: 2806912K(3120640K)->38864K(3119616K) Eden: 2766336K(2766336K)->0K(2766336K) From: 40576K(354304K)->38864K(353280K)
[2026-09-22T15:42:20.674+0000][115.462s][info][gc,heap        ] GC(38) ParOldGen: 2959600K(2959872K)->2968473K(2968576K)
[2026-09-22T15:42:20.674+0000][115.462s][info][gc,metaspace   ] GC(38) Metaspace: 166727K(168384K)->166727K(168384K) NonClass: 140240K(141184K)->140240K(141184K) Class: 26487K(27200K)->26487K(27200K)
[2026-09-22T15:42:20.674+0000][115.462s][info][gc             ] GC(38) Pause Young (Allocation Failure) 5631M->2936M(5945M) 86.525ms
[2026-09-22T15:42:20.674+0000][115.462s][info][gc,cpu         ] GC(38) User=0.34s Sys=0.00s Real=0.09s
[2026-09-22T15:42:23.950+0000][118.737s][info][gc,start       ] GC(39) Pause Young (Allocation Failure)
[2026-09-22T15:42:24.057+0000][118.845s][info][gc,heap        ] GC(39) PSYoungGen: 2805200K(3119616K)->38800K(3130368K) Eden: 2766336K(2766336K)->0K(2797568K) From: 38864K(353280K)->38800K(332800K)
[2026-09-22T15:42:24.057+0000][118.845s][info][gc,heap        ] GC(39) ParOldGen: 2968473K(2968576K)->2975733K(2975744K)
[2026-09-22T15:42:24.057+0000][118.845s][info][gc,metaspace   ] GC(39) Metaspace: 166734K(168448K)->166734K(168448K) NonClass: 140245K(141248K)->140245K(141248K) Class: 26489K(27200K)->26489K(27200K)
[2026-09-22T15:42:24.057+0000][118.845s][info][gc             ] GC(39) Pause Young (Allocation Failure) 5638M->2943M(5963M) 107.437ms
[2026-09-22T15:42:24.057+0000][118.845s][info][gc,cpu         ] GC(39) User=0.37s Sys=0.03s Real=0.11s
[2026-09-22T15:42:27.262+0000][122.050s][info][gc,start       ] GC(40) Pause Young (Allocation Failure)
[2026-09-22T15:42:27.347+0000][122.135s][info][gc,heap        ] GC(40) PSYoungGen: 2836368K(3130368K)->40144K(3130880K) Eden: 2797568K(2797568K)->0K(2797568K) From: 38800K(332800K)->40144K(333312K)
[2026-09-22T15:42:27.347+0000][122.135s][info][gc,heap        ] GC(40) ParOldGen: 2975733K(2975744K)->2982946K(2983424K)
[2026-09-22T15:42:27.347+0000][122.135s][info][gc,metaspace   ] GC(40) Metaspace: 166736K(168448K)->166736K(168448K) NonClass: 140246K(141248K)->140246K(141248K) Class: 26489K(27200K)->26489K(27200K)
[2026-09-22T15:42:27.347+0000][122.135s][info][gc             ] GC(40) Pause Young (Allocation Failure) 5675M->2952M(5971M) 84.793ms
[2026-09-22T15:42:27.347+0000][122.135s][info][gc,cpu         ] GC(40) User=0.33s Sys=0.00s Real=0.08s
[2026-09-22T15:42:30.628+0000][125.415s][info][gc,start       ] GC(41) Pause Young (Allocation Failure)
[2026-09-22T15:42:30.714+0000][125.501s][info][gc,heap        ] GC(41) PSYoungGen: 2837712K(3130880K)->38512K(3149312K) Eden: 2797568K(2797568K)->0K(2840064K) From: 40144K(333312K)->38512K(309248K)
[2026-09-22T15:42:30.714+0000][125.501s][info][gc,heap        ] GC(41) ParOldGen: 2982946K(2983424K)->2991331K(2991616K)
[2026-09-22T15:42:30.714+0000][125.501s][info][gc,metaspace   ] GC(41) Metaspace: 166736K(168448K)->166736K(168448K) NonClass: 140246K(141248K)->140246K(141248K) Class: 26489K(27200K)->26489K(27200K)
[2026-09-22T15:42:30.714+0000][125.501s][info][gc             ] GC(41) Pause Young (Allocation Failure) 5684M->2958M(5997M) 85.800ms
[2026-09-22T15:42:30.714+0000][125.501s][info][gc,cpu         ] GC(41) User=0.32s Sys=0.01s Real=0.09s
[2026-09-22T15:42:34.212+0000][128.999s][info][gc,start       ] GC(42) Pause Young (Allocation Failure)
[2026-09-22T15:42:34.318+0000][129.106s][info][gc,heap        ] GC(42) PSYoungGen: 2878576K(3149312K)->37184K(3149824K) Eden: 2840064K(2840064K)->0K(2840064K) From: 38512K(309248K)->37184K(309760K)
[2026-09-22T15:42:34.318+0000][129.106s][info][gc,heap        ] GC(42) ParOldGen: 2991333K(2991616K)->2997798K(2998272K)
[2026-09-22T15:42:34.318+0000][129.106s][info][gc,metaspace   ] GC(42) Metaspace: 166737K(168448K)->166737K(168448K) NonClass: 140247K(141248K)->140247K(141248K) Class: 26489K(27200K)->26489K(27200K)
[2026-09-22T15:42:34.318+0000][129.106s][info][gc             ] GC(42) Pause Young (Allocation Failure) 5732M->2963M(6004M) 106.489ms
[2026-09-22T15:42:34.318+0000][129.106s][info][gc,cpu         ] GC(42) User=0.35s Sys=0.05s Real=0.10s
[2026-09-22T15:42:37.703+0000][132.490s][info][gc,start       ] GC(43) Pause Young (Allocation Failure)
[2026-09-22T15:42:37.786+0000][132.573s][info][gc,heap        ] GC(43) PSYoungGen: 2877248K(3149824K)->37312K(3172352K) Eden: 2840064K(2840064K)->0K(2887680K) From: 37184K(309760K)->37312K(284672K)
[2026-09-22T15:42:37.786+0000][132.573s][info][gc,heap        ] GC(43) ParOldGen: 2997798K(2998272K)->3004770K(3004928K)
[2026-09-22T15:42:37.786+0000][132.573s][info][gc,metaspace   ] GC(43) Metaspace: 166749K(168448K)->166749K(168448K) NonClass: 140259K(141248K)->140259K(141248K) Class: 26489K(27200K)->26489K(27200K)
[2026-09-22T15:42:37.786+0000][132.573s][info][gc             ] GC(43) Pause Young (Allocation Failure) 5737M->2970M(6032M) 83.310ms
[2026-09-22T15:42:37.786+0000][132.573s][info][gc,cpu         ] GC(43) User=0.32s Sys=0.00s Real=0.08s
[2026-09-22T15:42:41.243+0000][136.031s][info][gc,start       ] GC(44) Pause Young (Allocation Failure)
[2026-09-22T15:42:41.328+0000][136.116s][info][gc,heap        ] GC(44) PSYoungGen: 2924992K(3172352K)->39280K(3172864K) Eden: 2887680K(2887680K)->0K(2887680K) From: 37312K(284672K)->39280K(285184K)
[2026-09-22T15:42:41.328+0000][136.116s][info][gc,heap        ] GC(44) ParOldGen: 3004770K(3004928K)->3011238K(3011584K)
[2026-09-22T15:42:41.328+0000][136.116s][info][gc,metaspace   ] GC(44) Metaspace: 166757K(168512K)->166757K(168512K) NonClass: 140266K(141312K)->140266K(141312K) Class: 26491K(27200K)->26491K(27200K)
[2026-09-22T15:42:41.328+0000][136.116s][info][gc             ] GC(44) Pause Young (Allocation Failure) 5790M->2979M(6039M) 85.004ms
[2026-09-22T15:42:41.328+0000][136.116s][info][gc,cpu         ] GC(44) User=0.33s Sys=0.01s Real=0.08s
[2026-09-22T15:42:44.772+0000][139.559s][info][gc,start       ] GC(45) Pause Young (Allocation Failure)
[2026-09-22T15:42:44.858+0000][139.645s][info][gc,heap        ] GC(45) PSYoungGen: 2926960K(3172864K)->37168K(3197440K) Eden: 2887680K(2887680K)->0K(2937344K) From: 39280K(285184K)->37168K(260096K)
[2026-09-22T15:42:44.858+0000][139.645s][info][gc,heap        ] GC(45) ParOldGen: 3011238K(3011584K)->3018847K(3019264K)
[2026-09-22T15:42:44.858+0000][139.645s][info][gc,metaspace   ] GC(45) Metaspace: 166759K(168512K)->166759K(168512K) NonClass: 140268K(141312K)->140268K(141312K) Class: 26491K(27200K)->26491K(27200K)
[2026-09-22T15:42:44.858+0000][139.645s][info][gc             ] GC(45) Pause Young (Allocation Failure) 5799M->2984M(6071M) 85.934ms
[2026-09-22T15:42:44.858+0000][139.645s][info][gc,cpu         ] GC(45) User=0.33s Sys=0.00s Real=0.08s
[2026-09-22T15:42:48.203+0000][142.991s][info][gc,start       ] GC(46) Pause Young (GCLocker Initiated GC)
[2026-09-22T15:42:48.287+0000][143.074s][info][gc,heap        ] GC(46) PSYoungGen: 2974512K(3197440K)->38688K(2976256K) Eden: 2937344K(2937344K)->0K(2937344K) From: 37168K(260096K)->38688K(38912K)
[2026-09-22T15:42:48.287+0000][143.074s][info][gc,heap        ] GC(46) ParOldGen: 3018847K(3019264K)->3025724K(3025920K)
[2026-09-22T15:42:48.287+0000][143.074s][info][gc,metaspace   ] GC(46) Metaspace: 166761K(168512K)->166761K(168512K) NonClass: 140269K(141312K)->140269K(141312K) Class: 26491K(27200K)->26491K(27200K)
[2026-09-22T15:42:48.287+0000][143.074s][info][gc             ] GC(46) Pause Young (GCLocker Initiated GC) 5852M->2992M(5861M) 83.955ms
[2026-09-22T15:42:48.287+0000][143.074s][info][gc,cpu         ] GC(46) User=0.33s Sys=0.00s Real=0.08s
[2026-09-22T15:42:51.790+0000][146.577s][info][gc,start       ] GC(47) Pause Young (Allocation Failure)
[2026-09-22T15:42:51.879+0000][146.667s][info][gc,heap        ] GC(47) PSYoungGen: 2976032K(2976256K)->37824K(3197440K) Eden: 2937344K(2937344K)->0K(2950144K) From: 38688K(38912K)->37824K(247296K)
[2026-09-22T15:42:51.879+0000][146.667s][info][gc,heap        ] GC(47) ParOldGen: 3025726K(3025920K)->3032447K(3032576K)
[2026-09-22T15:42:51.879+0000][146.667s][info][gc,metaspace   ] GC(47) Metaspace: 166779K(168512K)->166779K(168512K) NonClass: 140286K(141312K)->140286K(141312K) Class: 26492K(27200K)->26492K(27200K)
[2026-09-22T15:42:51.879+0000][146.667s][info][gc             ] GC(47) Pause Young (Allocation Failure) 5861M->2998M(6084M) 89.443ms
[2026-09-22T15:42:51.879+0000][146.667s][info][gc,cpu         ] GC(47) User=0.33s Sys=0.00s Real=0.09s
[2026-09-22T15:42:55.482+0000][150.269s][info][gc,start       ] GC(48) Pause Young (Allocation Failure)
[2026-09-22T15:42:55.565+0000][150.352s][info][gc,heap        ] GC(48) PSYoungGen: 2987968K(3197440K)->36416K(3185152K) Eden: 2950144K(2950144K)->0K(2950144K) From: 37824K(247296K)->36416K(235008K)
[2026-09-22T15:42:55.565+0000][150.352s][info][gc,heap        ] GC(48) ParOldGen: 3032447K(3032576K)->3039624K(3039744K)
[2026-09-22T15:42:55.565+0000][150.352s][info][gc,metaspace   ] GC(48) Metaspace: 166779K(168512K)->166779K(168512K) NonClass: 140287K(141312K)->140287K(141312K) Class: 26492K(27200K)->26492K(27200K)
[2026-09-22T15:42:55.565+0000][150.352s][info][gc             ] GC(48) Pause Young (Allocation Failure) 5879M->3003M(6079M) 83.389ms
[2026-09-22T15:42:55.565+0000][150.352s][info][gc,cpu         ] GC(48) User=0.32s Sys=0.01s Real=0.08s
[2026-09-22T15:42:58.942+0000][153.730s][info][gc,start       ] GC(49) Pause Young (Allocation Failure)
[2026-09-22T15:42:59.025+0000][153.812s][info][gc,heap        ] GC(49) PSYoungGen: 2986560K(3185152K)->37152K(3247104K) Eden: 2950144K(2950144K)->0K(3023872K) From: 36416K(235008K)->37152K(223232K)
[2026-09-22T15:42:59.025+0000][153.812s][info][gc,heap        ] GC(49) ParOldGen: 3039624K(3039744K)->3046697K(3046912K)
[2026-09-22T15:42:59.025+0000][153.812s][info][gc,metaspace   ] GC(49) Metaspace: 166800K(168512K)->166800K(168512K) NonClass: 140307K(141312K)->140307K(141312K) Class: 26492K(27200K)->26492K(27200K)
[2026-09-22T15:42:59.025+0000][153.812s][info][gc             ] GC(49) Pause Young (Allocation Failure) 5884M->3011M(6146M) 82.492ms
[2026-09-22T15:42:59.025+0000][153.812s][info][gc,cpu         ] GC(49) User=0.32s Sys=0.00s Real=0.08s
[2026-09-22T15:43:02.875+0000][157.662s][info][gc,start       ] GC(50) Pause Young (Allocation Failure)
[2026-09-22T15:43:02.957+0000][157.744s][info][gc,heap        ] GC(50) PSYoungGen: 3061024K(3247104K)->37648K(3235840K) Eden: 3023872K(3023872K)->0K(3023872K) From: 37152K(223232K)->37648K(211968K)
[2026-09-22T15:43:02.957+0000][157.744s][info][gc,heap        ] GC(50) ParOldGen: 3046697K(3046912K)->3052877K(3053056K)
[2026-09-22T15:43:02.957+0000][157.744s][info][gc,metaspace   ] GC(50) Metaspace: 166854K(168640K)->166854K(168640K) NonClass: 140353K(141376K)->140353K(141376K) Class: 26501K(27264K)->26501K(27264K)
[2026-09-22T15:43:02.957+0000][157.744s][info][gc             ] GC(50) Pause Young (Allocation Failure) 5964M->3018M(6141M) 82.160ms
[2026-09-22T15:43:02.957+0000][157.745s][info][gc,cpu         ] GC(50) User=0.32s Sys=0.01s Real=0.08s
[2026-09-22T15:43:06.575+0000][161.362s][info][gc,start       ] GC(51) Pause Young (Allocation Failure)
[2026-09-22T15:43:06.659+0000][161.446s][info][gc,heap        ] GC(51) PSYoungGen: 3061520K(3235840K)->36112K(3271168K) Eden: 3023872K(3023872K)->0K(3069952K) From: 37648K(211968K)->36112K(201216K)
[2026-09-22T15:43:06.659+0000][161.446s][info][gc,heap        ] GC(51) ParOldGen: 3052877K(3053056K)->3061111K(3061248K)
[2026-09-22T15:43:06.659+0000][161.446s][info][gc,metaspace   ] GC(51) Metaspace: 166873K(168640K)->166873K(168640K) NonClass: 140365K(141376K)->140365K(141376K) Class: 26507K(27264K)->26507K(27264K)
[2026-09-22T15:43:06.659+0000][161.446s][info][gc             ] GC(51) Pause Young (Allocation Failure) 5971M->3024M(6184M) 83.603ms
[2026-09-22T15:43:06.659+0000][161.446s][info][gc,cpu         ] GC(51) User=0.33s Sys=0.00s Real=0.08s
[2026-09-22T15:43:10.649+0000][165.437s][info][gc,start       ] GC(52) Pause Young (Allocation Failure)
[2026-09-22T15:43:10.732+0000][165.520s][info][gc,heap        ] GC(52) PSYoungGen: 3106064K(3271168K)->36688K(3260928K) Eden: 3069952K(3069952K)->0K(3069952K) From: 36112K(201216K)->36688K(190976K)
[2026-09-22T15:43:10.733+0000][165.520s][info][gc,heap        ] GC(52) ParOldGen: 3061111K(3061248K)->3067836K(3067904K)
[2026-09-22T15:43:10.733+0000][165.520s][info][gc,metaspace   ] GC(52) Metaspace: 166895K(168640K)->166895K(168640K) NonClass: 140388K(141376K)->140388K(141376K) Class: 26507K(27264K)->26507K(27264K)
[2026-09-22T15:43:10.733+0000][165.520s][info][gc             ] GC(52) Pause Young (Allocation Failure) 6022M->3031M(6180M) 83.205ms
[2026-09-22T15:43:10.733+0000][165.520s][info][gc,cpu         ] GC(52) User=0.33s Sys=0.00s Real=0.09s
[2026-09-22T15:43:14.687+0000][169.474s][info][gc,start       ] GC(53) Pause Young (Allocation Failure)
[2026-09-22T15:43:14.774+0000][169.561s][info][gc,heap        ] GC(53) PSYoungGen: 3106640K(3260928K)->44320K(3293184K) Eden: 3069952K(3069952K)->0K(3113472K) From: 36688K(190976K)->44320K(179712K)
[2026-09-22T15:43:14.774+0000][169.561s][info][gc,heap        ] GC(53) ParOldGen: 3067836K(3067904K)->3076333K(3076608K)
[2026-09-22T15:43:14.774+0000][169.561s][info][gc,metaspace   ] GC(53) Metaspace: 167043K(168768K)->167043K(168768K) NonClass: 140507K(141504K)->140507K(141504K) Class: 26536K(27264K)->26536K(27264K)
[2026-09-22T15:43:14.774+0000][169.561s][info][gc             ] GC(53) Pause Young (Allocation Failure) 6029M->3047M(6220M) 86.852ms
[2026-09-22T15:43:14.774+0000][169.561s][info][gc,cpu         ] GC(53) User=0.34s Sys=0.01s Real=0.09s
[2026-09-22T15:43:18.552+0000][173.339s][info][gc,start       ] GC(54) Pause Young (GCLocker Initiated GC)
[2026-09-22T15:43:18.639+0000][173.426s][info][gc,heap        ] GC(54) PSYoungGen: 3157792K(3293184K)->39776K(3283456K) Eden: 3113472K(3113472K)->0K(3113472K) From: 44320K(179712K)->39776K(169984K)
[2026-09-22T15:43:18.639+0000][173.427s][info][gc,heap        ] GC(54) ParOldGen: 3076333K(3076608K)->3092587K(3092992K)
[2026-09-22T15:43:18.639+0000][173.427s][info][gc,metaspace   ] GC(54) Metaspace: 167179K(168960K)->167179K(168960K) NonClass: 140629K(141632K)->140629K(141632K) Class: 26549K(27328K)->26549K(27328K)
[2026-09-22T15:43:18.639+0000][173.427s][info][gc             ] GC(54) Pause Young (GCLocker Initiated GC) 6088M->3058M(6227M) 87.331ms
[2026-09-22T15:43:18.639+0000][173.427s][info][gc,cpu         ] GC(54) User=0.34s Sys=0.01s Real=0.08s
[2026-09-22T15:43:22.457+0000][177.245s][info][gc,start       ] GC(55) Pause Young (Allocation Failure)
[2026-09-22T15:43:22.545+0000][177.333s][info][gc,heap        ] GC(55) PSYoungGen: 3153248K(3283456K)->40544K(3292672K) Eden: 3113472K(3113472K)->0K(3131904K) From: 39776K(169984K)->40544K(160768K)
[2026-09-22T15:43:22.545+0000][177.333s][info][gc,heap        ] GC(55) ParOldGen: 3092590K(3092992K)->3104592K(3104768K)
[2026-09-22T15:43:22.545+0000][177.333s][info][gc,metaspace   ] GC(55) Metaspace: 167186K(168960K)->167186K(168960K) NonClass: 140637K(141632K)->140637K(141632K) Class: 26549K(27328K)->26549K(27328K)
[2026-09-22T15:43:22.545+0000][177.333s][info][gc             ] GC(55) Pause Young (Allocation Failure) 6099M->3071M(6247M) 87.854ms
[2026-09-22T15:43:22.545+0000][177.333s][info][gc,cpu         ] GC(55) User=0.35s Sys=0.00s Real=0.09s
[2026-09-22T15:43:26.507+0000][181.294s][info][gc,start       ] GC(56) Pause Young (Allocation Failure)
[2026-09-22T15:43:26.595+0000][181.383s][info][gc,heap        ] GC(56) PSYoungGen: 3172448K(3292672K)->42256K(3283968K) Eden: 3131904K(3131904K)->0K(3131904K) From: 40544K(160768K)->42256K(152064K)
[2026-09-22T15:43:26.595+0000][181.383s][info][gc,heap        ] GC(56) ParOldGen: 3104592K(3104768K)->3115382K(3115520K)
[2026-09-22T15:43:26.595+0000][181.383s][info][gc,metaspace   ] GC(56) Metaspace: 167201K(169024K)->167201K(169024K) NonClass: 140651K(141696K)->140651K(141696K) Class: 26550K(27328K)->26550K(27328K)
[2026-09-22T15:43:26.595+0000][181.383s][info][gc             ] GC(56) Pause Young (Allocation Failure) 6129M->3083M(6249M) 88.772ms
[2026-09-22T15:43:26.595+0000][181.383s][info][gc,cpu         ] GC(56) User=0.34s Sys=0.01s Real=0.09s
[2026-09-22T15:43:30.542+0000][185.329s][info][gc,start       ] GC(57) Pause Young (Allocation Failure)
[2026-09-22T15:43:30.637+0000][185.425s][info][gc,heap        ] GC(57) PSYoungGen: 3174160K(3283968K)->40800K(3333120K) Eden: 3131904K(3131904K)->0K(3189760K) From: 42256K(152064K)->40800K(143360K)
[2026-09-22T15:43:30.637+0000][185.425s][info][gc,heap        ] GC(57) ParOldGen: 3115382K(3115520K)->3128556K(3128832K)
[2026-09-22T15:43:30.637+0000][185.425s][info][gc,metaspace   ] GC(57) Metaspace: 167233K(169024K)->167233K(169024K) NonClass: 140677K(141696K)->140677K(141696K) Class: 26556K(27328K)->26556K(27328K)
[2026-09-22T15:43:30.637+0000][185.425s][info][gc             ] GC(57) Pause Young (Allocation Failure) 6142M->3095M(6310M) 95.614ms
[2026-09-22T15:43:30.637+0000][185.425s][info][gc,cpu         ] GC(57) User=0.36s Sys=0.01s Real=0.09s
[2026-09-22T15:43:34.825+0000][189.612s][info][gc,start       ] GC(58) Pause Young (Allocation Failure)
[2026-09-22T15:43:34.910+0000][189.697s][info][gc,heap        ] GC(58) PSYoungGen: 3230560K(3333120K)->34560K(3325440K) Eden: 3189760K(3189760K)->0K(3189760K) From: 40800K(143360K)->34560K(135680K)
[2026-09-22T15:43:34.910+0000][189.697s][info][gc,heap        ] GC(58) ParOldGen: 3128556K(3128832K)->3139687K(3140096K)
[2026-09-22T15:43:34.910+0000][189.697s][info][gc,metaspace   ] GC(58) Metaspace: 167289K(169088K)->167289K(169088K) NonClass: 140727K(141760K)->140727K(141760K) Class: 26561K(27328K)->26561K(27328K)
[2026-09-22T15:43:34.910+0000][189.697s][info][gc             ] GC(58) Pause Young (Allocation Failure) 6210M->3099M(6314M) 84.936ms
[2026-09-22T15:43:34.910+0000][189.697s][info][gc,cpu         ] GC(58) User=0.33s Sys=0.00s Real=0.08s
[2026-09-22T15:43:39.040+0000][193.827s][info][gc,start       ] GC(59) Pause Young (GCLocker Initiated GC)
[2026-09-22T15:43:39.125+0000][193.912s][info][gc,heap        ] GC(59) PSYoungGen: 3224320K(3325440K)->37200K(3333120K) Eden: 3189760K(3189760K)->0K(3215872K) From: 34560K(135680K)->37200K(117248K)
[2026-09-22T15:43:39.125+0000][193.912s][info][gc,heap        ] GC(59) ParOldGen: 3139687K(3140096K)->3147712K(3147776K)
[2026-09-22T15:43:39.125+0000][193.912s][info][gc,metaspace   ] GC(59) Metaspace: 167338K(169088K)->167338K(169088K) NonClass: 140775K(141760K)->140775K(141760K) Class: 26562K(27328K)->26562K(27328K)
[2026-09-22T15:43:39.125+0000][193.912s][info][gc             ] GC(59) Pause Young (GCLocker Initiated GC) 6214M->3110M(6329M) 84.674ms
[2026-09-22T15:43:39.125+0000][193.912s][info][gc,cpu         ] GC(59) User=0.32s Sys=0.01s Real=0.09s
[2026-09-22T15:43:43.187+0000][197.974s][info][gc,start       ] GC(60) Pause Young (Allocation Failure)
[2026-09-22T15:43:43.274+0000][198.061s][info][gc,heap        ] GC(60) PSYoungGen: 3253072K(3333120K)->36256K(3339264K) Eden: 3215872K(3215872K)->0K(3215872K) From: 37200K(117248K)->36256K(123392K)
[2026-09-22T15:43:43.274+0000][198.061s][info][gc,heap        ] GC(60) ParOldGen: 3147716K(3147776K)->3158631K(3159040K)
[2026-09-22T15:43:43.274+0000][198.061s][info][gc,metaspace   ] GC(60) Metaspace: 167357K(169152K)->167357K(169152K) NonClass: 140794K(141824K)->140794K(141824K) Class: 26562K(27328K)->26562K(27328K)
[2026-09-22T15:43:43.274+0000][198.061s][info][gc             ] GC(60) Pause Young (Allocation Failure) 6250M->3120M(6346M) 86.710ms
[2026-09-22T15:43:43.274+0000][198.061s][info][gc,cpu         ] GC(60) User=0.34s Sys=0.01s Real=0.09s
[2026-09-22T15:43:47.567+0000][202.355s][info][gc,start       ] GC(61) Pause Young (Allocation Failure)
[2026-09-22T15:43:47.653+0000][202.440s][info][gc,heap        ] GC(61) PSYoungGen: 3252128K(3339264K)->37632K(3360256K) Eden: 3215872K(3215872K)->0K(3254272K) From: 36256K(123392K)->37632K(105984K)
[2026-09-22T15:43:47.653+0000][202.440s][info][gc,heap        ] GC(61) ParOldGen: 3158631K(3159040K)->3167532K(3167744K)
[2026-09-22T15:43:47.653+0000][202.440s][info][gc,metaspace   ] GC(61) Metaspace: 167376K(169152K)->167376K(169152K) NonClass: 140813K(141824K)->140813K(141824K) Class: 26562K(27328K)->26562K(27328K)
[2026-09-22T15:43:47.653+0000][202.440s][info][gc             ] GC(61) Pause Young (Allocation Failure) 6260M->3130M(6375M) 85.752ms
[2026-09-22T15:43:47.653+0000][202.440s][info][gc,cpu         ] GC(61) User=0.34s Sys=0.01s Real=0.09s
[2026-09-22T15:43:51.972+0000][206.760s][info][gc,start       ] GC(62) Pause Young (Allocation Failure)
[2026-09-22T15:43:52.060+0000][206.847s][info][gc,heap        ] GC(62) PSYoungGen: 3291904K(3360256K)->37776K(3365888K) Eden: 3254272K(3254272K)->0K(3254272K) From: 37632K(105984K)->37776K(111616K)
[2026-09-22T15:43:52.060+0000][206.847s][info][gc,heap        ] GC(62) ParOldGen: 3167532K(3167744K)->3176986K(3177472K)
[2026-09-22T15:43:52.060+0000][206.847s][info][gc,metaspace   ] GC(62) Metaspace: 167401K(169152K)->167401K(169152K) NonClass: 140836K(141824K)->140836K(141824K) Class: 26564K(27328K)->26564K(27328K)
[2026-09-22T15:43:52.060+0000][206.847s][info][gc             ] GC(62) Pause Young (Allocation Failure) 6308M->3139M(6390M) 87.673ms
[2026-09-22T15:43:52.060+0000][206.847s][info][gc,cpu         ] GC(62) User=0.34s Sys=0.00s Real=0.08s
[2026-09-22T15:43:56.286+0000][211.074s][info][gc,start       ] GC(63) Pause Young (Allocation Failure)
[2026-09-22T15:43:56.372+0000][211.160s][info][gc,heap        ] GC(63) PSYoungGen: 3292048K(3365888K)->35968K(3374080K) Eden: 3254272K(3254272K)->0K(3277312K) From: 37776K(111616K)->35968K(96768K)
[2026-09-22T15:43:56.372+0000][211.160s][info][gc,heap        ] GC(63) ParOldGen: 3176986K(3177472K)->3187020K(3187200K)
[2026-09-22T15:43:56.372+0000][211.160s][info][gc,metaspace   ] GC(63) Metaspace: 167423K(169216K)->167423K(169216K) NonClass: 140858K(141888K)->140858K(141888K) Class: 26564K(27328K)->26564K(27328K)
[2026-09-22T15:43:56.372+0000][211.160s][info][gc             ] GC(63) Pause Young (Allocation Failure) 6317M->3147M(6407M) 86.076ms
[2026-09-22T15:43:56.372+0000][211.160s][info][gc,cpu         ] GC(63) User=0.32s Sys=0.01s Real=0.09s
[2026-09-22T15:44:00.623+0000][215.410s][info][gc,start       ] GC(64) Pause Young (Allocation Failure)
[2026-09-22T15:44:00.709+0000][215.497s][info][gc,heap        ] GC(64) PSYoungGen: 3313280K(3374080K)->36768K(3378688K) Eden: 3277312K(3277312K)->0K(3277312K) From: 35968K(96768K)->36768K(101376K)
[2026-09-22T15:44:00.709+0000][215.497s][info][gc,heap        ] GC(64) ParOldGen: 3187020K(3187200K)->3195811K(3195904K)
[2026-09-22T15:44:00.709+0000][215.497s][info][gc,metaspace   ] GC(64) Metaspace: 167443K(169280K)->167443K(169280K) NonClass: 140875K(141888K)->140875K(141888K) Class: 26567K(27392K)->26567K(27392K)
[2026-09-22T15:44:00.709+0000][215.497s][info][gc             ] GC(64) Pause Young (Allocation Failure) 6347M->3156M(6420M) 86.448ms
[2026-09-22T15:44:00.709+0000][215.497s][info][gc,cpu         ] GC(64) User=0.34s Sys=0.00s Real=0.08s
[2026-09-22T15:44:05.251+0000][220.038s][info][gc,start       ] GC(65) Pause Young (GCLocker Initiated GC)
[2026-09-22T15:44:05.337+0000][220.124s][info][gc,heap        ] GC(65) PSYoungGen: 3314080K(3378688K)->34592K(3385344K) Eden: 3277312K(3277312K)->0K(3296768K) From: 36768K(101376K)->34592K(88576K)
[2026-09-22T15:44:05.337+0000][220.124s][info][gc,heap        ] GC(65) ParOldGen: 3195812K(3195904K)->3204785K(3205120K)
[2026-09-22T15:44:05.337+0000][220.124s][info][gc,metaspace   ] GC(65) Metaspace: 167464K(169280K)->167464K(169280K) NonClass: 140896K(141888K)->140896K(141888K) Class: 26567K(27392K)->26567K(27392K)
[2026-09-22T15:44:05.337+0000][220.124s][info][gc             ] GC(65) Pause Young (GCLocker Initiated GC) 6357M->3163M(6436M) 86.092ms
[2026-09-22T15:44:05.337+0000][220.124s][info][gc,cpu         ] GC(65) User=0.32s Sys=0.01s Real=0.08s
[2026-09-22T15:44:10.127+0000][224.914s][info][gc,start       ] GC(66) Pause Young (Allocation Failure)
[2026-09-22T15:44:10.214+0000][225.001s][info][gc,heap        ] GC(66) PSYoungGen: 3331360K(3385344K)->36896K(3389440K) Eden: 3296768K(3296768K)->0K(3296768K) From: 34592K(88576K)->36896K(92672K)
[2026-09-22T15:44:10.214+0000][225.001s][info][gc,heap        ] GC(66) ParOldGen: 3204787K(3205120K)->3212049K(3212288K)
[2026-09-22T15:44:10.214+0000][225.001s][info][gc,metaspace   ] GC(66) Metaspace: 167474K(169280K)->167474K(169280K) NonClass: 140906K(141888K)->140906K(141888K) Class: 26568K(27392K)->26568K(27392K)
[2026-09-22T15:44:10.214+0000][225.001s][info][gc             ] GC(66) Pause Young (Allocation Failure) 6382M->3172M(6447M) 87.096ms
[2026-09-22T15:44:10.214+0000][225.001s][info][gc,cpu         ] GC(66) User=0.34s Sys=0.01s Real=0.09s
[2026-09-22T15:44:15.983+0000][230.770s][info][gc,start       ] GC(67) Pause Young (GCLocker Initiated GC)
[2026-09-22T15:44:16.074+0000][230.861s][info][gc,heap        ] GC(67) PSYoungGen: 3333664K(3389440K)->41584K(3393024K) Eden: 3296768K(3296768K)->0K(3313664K) From: 36896K(92672K)->41584K(79360K)
[2026-09-22T15:44:16.074+0000][230.861s][info][gc,heap        ] GC(67) ParOldGen: 3212049K(3212288K)->3220810K(3220992K)
[2026-09-22T15:44:16.074+0000][230.861s][info][gc,metaspace   ] GC(67) Metaspace: 167531K(169344K)->167531K(169344K) NonClass: 140963K(141952K)->140963K(141952K) Class: 26568K(27392K)->26568K(27392K)
[2026-09-22T15:44:16.074+0000][230.861s][info][gc             ] GC(67) Pause Young (GCLocker Initiated GC) 6392M->3185M(6459M) 90.736ms
[2026-09-22T15:44:16.074+0000][230.861s][info][gc,cpu         ] GC(67) User=0.35s Sys=0.01s Real=0.09s
[2026-09-22T15:44:25.333+0000][240.121s][info][gc,start       ] GC(68) Pause Young (GCLocker Initiated GC)
[2026-09-22T15:44:25.424+0000][240.212s][info][gc,heap        ] GC(68) PSYoungGen: 3355248K(3393024K)->41072K(3355136K) Eden: 3313664K(3313664K)->0K(3313664K) From: 41584K(79360K)->41072K(41472K)
[2026-09-22T15:44:25.424+0000][240.212s][info][gc,heap        ] GC(68) ParOldGen: 3220941K(3220992K)->3234839K(3235328K)
[2026-09-22T15:44:25.424+0000][240.212s][info][gc,metaspace   ] GC(68) Metaspace: 167549K(169344K)->167549K(169344K) NonClass: 140979K(141952K)->140979K(141952K) Class: 26569K(27392K)->26569K(27392K)
[2026-09-22T15:44:25.424+0000][240.212s][info][gc             ] GC(68) Pause Young (GCLocker Initiated GC) 6422M->3199M(6436M) 91.002ms
[2026-09-22T15:44:25.424+0000][240.212s][info][gc,cpu         ] GC(68) User=0.36s Sys=0.01s Real=0.09s
[2026-09-22T15:44:55.339+0000][270.126s][info][gc,start       ] GC(69) Pause Young (GCLocker Initiated GC)
[2026-09-22T15:44:55.430+0000][270.217s][info][gc,heap        ] GC(69) PSYoungGen: 3354736K(3355136K)->40576K(3386368K) Eden: 3313664K(3313664K)->0K(3313664K) From: 41072K(41472K)->40576K(72704K)
[2026-09-22T15:44:55.430+0000][270.217s][info][gc,heap        ] GC(69) ParOldGen: 3235023K(3235328K)->3248365K(3248640K)
[2026-09-22T15:44:55.430+0000][270.217s][info][gc,metaspace   ] GC(69) Metaspace: 167575K(169344K)->167575K(169344K) NonClass: 141003K(141952K)->141003K(141952K) Class: 26572K(27392K)->26572K(27392K)
[2026-09-22T15:44:55.430+0000][270.217s][info][gc             ] GC(69) Pause Young (GCLocker Initiated GC) 6435M->3211M(6479M) 90.964ms
[2026-09-22T15:44:55.430+0000][270.217s][info][gc,cpu         ] GC(69) User=0.35s Sys=0.01s Real=0.09s
