[0.003s][info][gc] Using G1
[0.332s][info][gc] GC(0) Pause Young (Concurrent Start) (G1 Humongous Allocation) 242M->3M(513M) 3.665ms
[0.332s][info][gc] GC(1) Concurrent Undo Cycle
[0.335s][info][gc] GC(1) Concurrent Undo Cycle 3.180ms
[0.418s][info][gc] GC(2) Pause Young (Normal) (G1 Evacuation Pause) 215M->2M(513M) 2.671ms
[1.719s][info][gc] GC(3) Pause Young (Concurrent Start) (Metadata GC Threshold) 313M->15M(513M) 25.016ms
[1.719s][info][gc] GC(4) Concurrent Mark Cycle
[1.729s][info][gc] GC(4) Pause Remark 15M->15M(512M) 4.115ms
[1.734s][info][gc] GC(4) Pause Cleanup 16M->16M(512M) 0.116ms
[1.735s][info][gc] GC(4) Concurrent Mark Cycle 16.478ms
[2.122s][info][gc] GC(5) Pause Young (Prepare Mixed) (G1 Evacuation Pause) 64M->32M(512M) 45.402ms
[2.163s][info][gc] GC(6) Pause Young (Mixed) (G1 Evacuation Pause) 49M->40M(512M) 24.315ms
[2.228s][info][gc] GC(7) Pause Young (Normal) (G1 Evacuation Pause) 65M->52M(512M) 12.426ms
[2.267s][info][gc] GC(8) Pause Young (Normal) (G1 Evacuation Pause) 81M->67M(512M) 12.864ms
[2.339s][info][gc] GC(9) Pause Young (Normal) (G1 Evacuation Pause) 99M->84M(1122M) 16.286ms
[2.515s][info][gc] GC(10) Pause Young (Normal) (G1 Evacuation Pause) 140M->113M(1122M) 51.081ms
[2.673s][info][gc] GC(11) Pause Young (Normal) (G1 Evacuation Pause) 162M->140M(1122M) 38.423ms
[3.273s][info][gc] GC(12) Pause Young (Concurrent Start) (Metadata GC Threshold) 183M->155M(1122M) 21.062ms
[3.273s][info][gc] GC(13) Concurrent Mark Cycle
[3.569s][info][gc] GC(13) Pause Remark 168M->164M(547M) 9.474ms
[3.734s][info][gc] GC(13) Pause Cleanup 171M->171M(547M) 0.182ms
[3.742s][info][gc] GC(13) Concurrent Mark Cycle 468.690ms
[4.119s][info][gc] GC(14) Pause Young (Prepare Mixed) (G1 Evacuation Pause) 221M->160M(547M) 40.460ms
[4.469s][info][gc] GC(15) Pause Young (Mixed) (G1 Evacuation Pause) 250M->167M(963M) 27.058ms
[5.116s][info][gc] GC(16) Pause Young (Normal) (G1 Evacuation Pause) 280M->183M(963M) 47.995ms
[6.347s][info][gc] GC(17) Pause Young (Normal) (G1 Evacuation Pause) 336M->221M(963M) 71.482ms
[6.560s][info][gc] GC(18) Pause Young (Normal) (G1 Evacuation Pause) 355M->265M(963M) 75.726ms
[6.641s][info][gc] GC(19) Pause Young (Concurrent Start) (Metadata GC Threshold) 266M->266M(963M) 14.522ms
[6.641s][info][gc] GC(20) Concurrent Mark Cycle
[6.942s][info][gc] GC(20) Pause Remark 267M->236M(794M) 7.841ms
[7.075s][info][gc] GC(20) Pause Cleanup 236M->236M(794M) 0.268ms
[7.077s][info][gc] GC(20) Concurrent Mark Cycle 435.992ms
[10.036s][info][gc] GC(21) Pause Young (Prepare Mixed) (G1 Evacuation Pause) 526M->266M(794M) 60.618ms
[11.184s][info][gc] GC(22) Pause Young (Mixed) (G1 Evacuation Pause) 490M->272M(794M) 40.816ms
[12.777s][info][gc] GC(23) Pause Young (Mixed) (G1 Evacuation Pause) 649M->308M(794M) 101.485ms
[13.442s][info][gc] GC(24) Pause Young (Concurrent Start) (Metadata GC Threshold) 392M->319M(1045M) 72.870ms
[13.442s][info][gc] GC(25) Concurrent Mark Cycle
[13.926s][info][gc] GC(25) Pause Remark 343M->341M(1045M) 14.497ms
[14.218s][info][gc] GC(25) Pause Cleanup 348M->348M(1045M) 0.447ms
[14.221s][info][gc] GC(25) Concurrent Mark Cycle 778.883ms
[27.281s][info][gc] GC(26) Pause Young (Prepare Mixed) (G1 Evacuation Pause) 884M->342M(1045M) 37.896ms
[31.173s][info][gc] GC(27) Pause Young (Mixed) (G1 Evacuation Pause) 900M->361M(1045M) 47.762ms
[36.570s][info][gc] GC(28) Pause Young (Concurrent Start) (G1 Evacuation Pause) 914M->380M(1045M) 86.825ms
[36.570s][info][gc] GC(29) Concurrent Mark Cycle
[37.485s][info][gc] GC(29) Pause Remark 499M->460M(1045M) 26.752ms
[37.868s][info][gc] GC(29) Pause Cleanup 486M->486M(1045M) 0.403ms
[37.873s][info][gc] GC(29) Concurrent Mark Cycle 1303.461ms
[40.686s][info][gc] GC(30) Pause Young (Prepare Mixed) (G1 Evacuation Pause) 892M->363M(1045M) 47.210ms
[49.270s][info][gc] GC(31) Pause Young (Mixed) (G1 Evacuation Pause) 937M->366M(1045M) 38.538ms
