[2026-09-19T07:19:24.433+0000][0.010s][debug][gc,remset] Card Set container configuration: InlinePtr #cards 4 size 8 Array Of Cards #cards 64 size 144 Howl #buckets 8 coarsen threshold 14745 Howl Bitmap #cards 2048 size 272 coarsen threshold 1843 Card regions per heap region 1 cards per card region 16384
[2026-09-19T07:19:25.985+0000][1.562s][debug][gc,remset] GC(0) Visited cards 896 Total dirty 16384 (5.47%) Total old 1703936 (0.05%)
[2026-09-19T07:19:25.988+0000][1.564s][debug][gc,remset] GC(0) Coarsening (recent): Inline->AoC 0 (0) AoC->Howl 0 (0) Howl->Full 0 (0) Inline->AoC 0 (0) AoC->BitMap 0 (0) BitMap->Full 0 (0) 
[2026-09-19T07:19:25.988+0000][1.564s][debug][gc,remset] GC(0) Coarsening (all): Inline->AoC 0 (0) AoC->Howl 0 (0) Howl->Full 0 (0) Inline->AoC 0 (0) AoC->BitMap 0 (0) BitMap->Full 0 (0) 
[2026-09-19T07:19:27.294+0000][2.871s][debug][gc,remset] GC(1) Visited cards 896 Total dirty 16384 (5.47%) Total old 1589248 (0.06%)
[2026-09-19T07:19:27.300+0000][2.876s][debug][gc,remset] GC(1) Coarsening (recent): Inline->AoC 0 (0) AoC->Howl 0 (0) Howl->Full 0 (0) Inline->AoC 0 (0) AoC->BitMap 0 (0) BitMap->Full 0 (0) 
[2026-09-19T07:19:27.300+0000][2.876s][debug][gc,remset] GC(1) Coarsening (all): Inline->AoC 0 (0) AoC->Howl 0 (0) Howl->Full 0 (0) Inline->AoC 0 (0) AoC->BitMap 0 (0) BitMap->Full 0 (0) 
[2026-09-19T07:19:27.691+0000][3.267s][debug][gc,remset] GC(3) Visited cards 768 Total dirty 16384 (4.69%) Total old 835584 (0.09%)
[2026-09-19T07:19:27.742+0000][3.319s][debug][gc,remset] GC(3) Coarsening (recent): Inline->AoC 2 (0) AoC->Howl 2 (0) Howl->Full 0 (0) Inline->AoC 2 (0) AoC->BitMap 2 (0) BitMap->Full 0 (0) 
[2026-09-19T07:19:27.742+0000][3.319s][debug][gc,remset] GC(3) Coarsening (all): Inline->AoC 2 (0) AoC->Howl 2 (0) Howl->Full 0 (0) Inline->AoC 2 (0) AoC->BitMap 2 (0) BitMap->Full 0 (0) 
[2026-09-19T07:19:28.566+0000][4.142s][debug][gc,remset] GC(4) Visited cards 126336 Total dirty 147456 (85.68%) Total old 999424 (12.64%)
[2026-09-19T07:19:28.638+0000][4.215s][debug][gc,remset] GC(4) Coarsening (recent): Inline->AoC 0 (0) AoC->Howl 0 (0) Howl->Full 0 (0) Inline->AoC 0 (0) AoC->BitMap 0 (0) BitMap->Full 0 (0) 
[2026-09-19T07:19:28.638+0000][4.215s][debug][gc,remset] GC(4) Coarsening (all): Inline->AoC 2 (0) AoC->Howl 2 (0) Howl->Full 0 (0) Inline->AoC 2 (0) AoC->BitMap 2 (0) BitMap->Full 0 (0) 
[2026-09-19T07:19:28.744+0000][4.321s][debug][gc,remset] GC(5) Visited cards 155520 Total dirty 245760 (63.28%) Total old 425984 (36.51%)
[2026-09-19T07:19:28.765+0000][4.342s][debug][gc,remset] GC(5) Coarsening (recent): Inline->AoC 0 (0) AoC->Howl 0 (0) Howl->Full 0 (0) Inline->AoC 0 (0) AoC->BitMap 0 (0) BitMap->Full 0 (0) 
[2026-09-19T07:19:28.765+0000][4.342s][debug][gc,remset] GC(5) Coarsening (all): Inline->AoC 2 (0) AoC->Howl 2 (0) Howl->Full 0 (0) Inline->AoC 2 (0) AoC->BitMap 2 (0) BitMap->Full 0 (0) 
[2026-09-19T07:19:29.834+0000][5.411s][debug][gc,remset] GC(7) Visited cards 16640 Total dirty 163840 (10.16%) Total old 1146880 (1.45%)
[2026-09-19T07:19:29.849+0000][5.426s][debug][gc,remset] GC(7) Coarsening (recent): Inline->AoC 59 (0) AoC->Howl 31 (0) Howl->Full 0 (0) Inline->AoC 99 (0) AoC->BitMap 73 (0) BitMap->Full 0 (0) 
[2026-09-19T07:19:29.849+0000][5.426s][debug][gc,remset] GC(7) Coarsening (all): Inline->AoC 61 (0) AoC->Howl 33 (0) Howl->Full 0 (0) Inline->AoC 101 (0) AoC->BitMap 75 (0) BitMap->Full 0 (0) 
[2026-09-19T07:19:31.094+0000][6.671s][debug][gc,remset] GC(8) Visited cards 17024 Total dirty 163840 (10.39%) Total old 1130496 (1.51%)
[2026-09-19T07:19:31.118+0000][6.694s][debug][gc,remset] GC(8) Coarsening (recent): Inline->AoC 0 (0) AoC->Howl 0 (0) Howl->Full 0 (0) Inline->AoC 0 (0) AoC->BitMap 0 (0) BitMap->Full 0 (0) 
[2026-09-19T07:19:31.118+0000][6.694s][debug][gc,remset] GC(8) Coarsening (all): Inline->AoC 61 (0) AoC->Howl 33 (0) Howl->Full 0 (0) Inline->AoC 101 (0) AoC->BitMap 75 (0) BitMap->Full 0 (0) 
[2026-09-19T07:19:31.161+0000][6.738s][debug][gc,remset] GC(9) Visited cards 31232 Total dirty 212992 (14.66%) Total old 524288 (5.96%)
[2026-09-19T07:19:31.181+0000][6.758s][debug][gc,remset] GC(9) Coarsening (recent): Inline->AoC 0 (0) AoC->Howl 0 (0) Howl->Full 0 (0) Inline->AoC 0 (0) AoC->BitMap 0 (0) BitMap->Full 0 (0) 
[2026-09-19T07:19:31.181+0000][6.758s][debug][gc,remset] GC(9) Coarsening (all): Inline->AoC 61 (0) AoC->Howl 33 (0) Howl->Full 0 (0) Inline->AoC 101 (0) AoC->BitMap 75 (0) BitMap->Full 0 (0) 
[2026-09-19T07:19:31.475+0000][7.051s][debug][gc,remset] GC(11) Visited cards 40192 Total dirty 245760 (16.35%) Total old 1245184 (3.23%)
[2026-09-19T07:19:31.509+0000][7.086s][debug][gc,remset] GC(11) Coarsening (recent): Inline->AoC 149 (0) AoC->Howl 105 (0) Howl->Full 0 (0) Inline->AoC 351 (0) AoC->BitMap 226 (0) BitMap->Full 19 (0) 
[2026-09-19T07:19:31.509+0000][7.086s][debug][gc,remset] GC(11) Coarsening (all): Inline->AoC 210 (0) AoC->Howl 138 (0) Howl->Full 0 (0) Inline->AoC 452 (0) AoC->BitMap 301 (0) BitMap->Full 19 (0) 
[2026-09-19T07:19:33.400+0000][8.977s][debug][gc,remset] GC(12) Visited cards 77568 Total dirty 311296 (24.92%) Total old 1327104 (5.84%)
[2026-09-19T07:19:33.434+0000][9.011s][debug][gc,remset] GC(12) Coarsening (recent): Inline->AoC 0 (0) AoC->Howl 0 (0) Howl->Full 0 (0) Inline->AoC 0 (0) AoC->BitMap 0 (0) BitMap->Full 0 (0) 
[2026-09-19T07:19:33.434+0000][9.011s][debug][gc,remset] GC(12) Coarsening (all): Inline->AoC 210 (0) AoC->Howl 138 (0) Howl->Full 0 (0) Inline->AoC 452 (0) AoC->BitMap 301 (0) BitMap->Full 19 (0) 
[2026-09-19T07:19:35.814+0000][11.390s][debug][gc,remset] GC(13) Visited cards 83328 Total dirty 344064 (24.22%) Total old 4079616 (2.04%)
[2026-09-19T07:19:35.908+0000][11.485s][debug][gc,remset] GC(13) Coarsening (recent): Inline->AoC 0 (0) AoC->Howl 0 (0) Howl->Full 0 (0) Inline->AoC 0 (0) AoC->BitMap 0 (0) BitMap->Full 0 (0) 
[2026-09-19T07:19:35.908+0000][11.485s][debug][gc,remset] GC(13) Coarsening (all): Inline->AoC 210 (0) AoC->Howl 138 (0) Howl->Full 0 (0) Inline->AoC 452 (0) AoC->BitMap 301 (0) BitMap->Full 19 (0) 
[2026-09-19T07:19:36.088+0000][11.665s][debug][gc,remset] GC(14) Visited cards 77696 Total dirty 311296 (24.96%) Total old 1376256 (5.65%)
[2026-09-19T07:19:36.159+0000][11.736s][debug][gc,remset] GC(14) Coarsening (recent): Inline->AoC 0 (0) AoC->Howl 0 (0) Howl->Full 0 (0) Inline->AoC 0 (0) AoC->BitMap 0 (0) BitMap->Full 0 (0) 
[2026-09-19T07:19:36.159+0000][11.736s][debug][gc,remset] GC(14) Coarsening (all): Inline->AoC 210 (0) AoC->Howl 138 (0) Howl->Full 0 (0) Inline->AoC 452 (0) AoC->BitMap 301 (0) BitMap->Full 19 (0) 
[2026-09-19T07:19:37.559+0000][13.136s][debug][gc,remset] GC(16) Visited cards 44160 Total dirty 475136 (9.29%) Total old 2162688 (2.04%)
[2026-09-19T07:19:37.574+0000][13.151s][debug][gc,remset] GC(16) Coarsening (recent): Inline->AoC 367 (0) AoC->Howl 225 (0) Howl->Full 5 (0) Inline->AoC 1022 (0) AoC->BitMap 627 (0) BitMap->Full 66 (0) 
[2026-09-19T07:19:37.574+0000][13.151s][debug][gc,remset] GC(16) Coarsening (all): Inline->AoC 577 (0) AoC->Howl 363 (0) Howl->Full 5 (0) Inline->AoC 1474 (0) AoC->BitMap 928 (0) BitMap->Full 85 (0) 
[2026-09-19T07:19:46.046+0000][21.623s][debug][gc,remset] GC(17) Visited cards 171520 Total dirty 589824 (29.08%) Total old 7454720 (2.30%)
[2026-09-19T07:19:46.113+0000][21.690s][debug][gc,remset] GC(17) Coarsening (recent): Inline->AoC 0 (0) AoC->Howl 0 (0) Howl->Full 0 (0) Inline->AoC 0 (0) AoC->BitMap 0 (0) BitMap->Full 0 (0) 
[2026-09-19T07:19:46.113+0000][21.690s][debug][gc,remset] GC(17) Coarsening (all): Inline->AoC 577 (0) AoC->Howl 363 (0) Howl->Full 5 (0) Inline->AoC 1474 (0) AoC->BitMap 928 (0) BitMap->Full 85 (0) 
[2026-09-19T07:19:46.180+0000][21.757s][debug][gc,remset] GC(18) Visited cards 161152 Total dirty 573440 (28.10%) Total old 1572864 (10.25%)
[2026-09-19T07:19:46.229+0000][21.805s][debug][gc,remset] GC(18) Coarsening (recent): Inline->AoC 0 (0) AoC->Howl 0 (0) Howl->Full 0 (0) Inline->AoC 0 (0) AoC->BitMap 0 (0) BitMap->Full 0 (0) 
[2026-09-19T07:19:46.229+0000][21.805s][debug][gc,remset] GC(18) Coarsening (all): Inline->AoC 577 (0) AoC->Howl 363 (0) Howl->Full 5 (0) Inline->AoC 1474 (0) AoC->BitMap 928 (0) BitMap->Full 85 (0) 
[2026-09-19T07:19:47.690+0000][23.267s][debug][gc,remset] GC(19) Visited cards 81664 Total dirty 655360 (12.46%) Total old 3833856 (2.13%)
[2026-09-19T07:19:47.725+0000][23.302s][debug][gc,remset] GC(19) Coarsening (recent): Inline->AoC 0 (0) AoC->Howl 0 (0) Howl->Full 0 (0) Inline->AoC 0 (0) AoC->BitMap 0 (0) BitMap->Full 0 (0) 
[2026-09-19T07:19:47.725+0000][23.302s][debug][gc,remset] GC(19) Coarsening (all): Inline->AoC 577 (0) AoC->Howl 363 (0) Howl->Full 5 (0) Inline->AoC 1474 (0) AoC->BitMap 928 (0) BitMap->Full 85 (0) 
[2026-09-19T07:19:48.062+0000][23.639s][debug][gc,remset] GC(20) Visited cards 89216 Total dirty 770048 (11.59%) Total old 2211840 (4.03%)
[2026-09-19T07:19:48.096+0000][23.672s][debug][gc,remset] GC(20) Coarsening (recent): Inline->AoC 0 (0) AoC->Howl 0 (0) Howl->Full 0 (0) Inline->AoC 0 (0) AoC->BitMap 0 (0) BitMap->Full 0 (0) 
[2026-09-19T07:19:48.096+0000][23.672s][debug][gc,remset] GC(20) Coarsening (all): Inline->AoC 577 (0) AoC->Howl 363 (0) Howl->Full 5 (0) Inline->AoC 1474 (0) AoC->BitMap 928 (0) BitMap->Full 85 (0) 
[2026-09-19T07:19:48.594+0000][24.171s][debug][gc,remset] GC(21) Visited cards 73600 Total dirty 868352 (8.48%) Total old 2097152 (3.51%)
[2026-09-19T07:19:48.613+0000][24.190s][debug][gc,remset] GC(21) Coarsening (recent): Inline->AoC 0 (0) AoC->Howl 0 (0) Howl->Full 0 (0) Inline->AoC 0 (0) AoC->BitMap 0 (0) BitMap->Full 0 (0) 
[2026-09-19T07:19:48.613+0000][24.190s][debug][gc,remset] GC(21) Coarsening (all): Inline->AoC 577 (0) AoC->Howl 363 (0) Howl->Full 5 (0) Inline->AoC 1474 (0) AoC->BitMap 928 (0) BitMap->Full 85 (0) 
[2026-09-19T07:19:50.017+0000][25.594s][debug][gc,remset] GC(23) Visited cards 112768 Total dirty 901120 (12.51%) Total old 3571712 (3.16%)
[2026-09-19T07:19:50.065+0000][25.642s][debug][gc,remset] GC(23) Coarsening (recent): Inline->AoC 856 (0) AoC->Howl 431 (0) Howl->Full 5 (0) Inline->AoC 2157 (0) AoC->BitMap 1240 (0) BitMap->Full 51 (0) 
[2026-09-19T07:19:50.065+0000][25.642s][debug][gc,remset] GC(23) Coarsening (all): Inline->AoC 1433 (0) AoC->Howl 794 (0) Howl->Full 10 (0) Inline->AoC 3631 (0) AoC->BitMap 2168 (0) BitMap->Full 136 (0) 
[2026-09-19T07:19:53.240+0000][28.817s][debug][gc,remset] GC(24) Visited cards 156672 Total dirty 1064960 (14.71%) Total old 6930432 (2.26%)
[2026-09-19T07:19:53.324+0000][28.900s][debug][gc,remset] GC(24) Coarsening (recent): Inline->AoC 0 (0) AoC->Howl 0 (0) Howl->Full 0 (0) Inline->AoC 0 (0) AoC->BitMap 0 (0) BitMap->Full 0 (0) 
[2026-09-19T07:19:53.324+0000][28.900s][debug][gc,remset] GC(24) Coarsening (all): Inline->AoC 1433 (0) AoC->Howl 794 (0) Howl->Full 10 (0) Inline->AoC 3631 (0) AoC->BitMap 2168 (0) BitMap->Full 136 (0) 
[2026-09-19T07:19:55.357+0000][30.934s][debug][gc,remset] GC(25) Visited cards 167424 Total dirty 1294336 (12.94%) Total old 7028736 (2.38%)
[2026-09-19T07:19:55.443+0000][31.020s][debug][gc,remset] GC(25) Coarsening (recent): Inline->AoC 0 (0) AoC->Howl 0 (0) Howl->Full 0 (0) Inline->AoC 0 (0) AoC->BitMap 0 (0) BitMap->Full 0 (0) 
[2026-09-19T07:19:55.443+0000][31.020s][debug][gc,remset] GC(25) Coarsening (all): Inline->AoC 1433 (0) AoC->Howl 794 (0) Howl->Full 10 (0) Inline->AoC 3631 (0) AoC->BitMap 2168 (0) BitMap->Full 136 (0) 
[2026-09-19T07:19:57.866+0000][33.443s][debug][gc,remset] GC(26) Visited cards 151552 Total dirty 1294336 (11.71%) Total old 8110080 (1.87%)
[2026-09-19T07:19:57.959+0000][33.536s][debug][gc,remset] GC(26) Coarsening (recent): Inline->AoC 0 (0) AoC->Howl 0 (0) Howl->Full 0 (0) Inline->AoC 0 (0) AoC->BitMap 0 (0) BitMap->Full 0 (0) 
[2026-09-19T07:19:57.959+0000][33.536s][debug][gc,remset] GC(26) Coarsening (all): Inline->AoC 1433 (0) AoC->Howl 794 (0) Howl->Full 10 (0) Inline->AoC 3631 (0) AoC->BitMap 2168 (0) BitMap->Full 136 (0) 
[2026-09-19T07:20:00.769+0000][36.346s][debug][gc,remset] GC(27) Visited cards 165760 Total dirty 1458176 (11.37%) Total old 9502720 (1.74%)
[2026-09-19T07:20:00.880+0000][36.456s][debug][gc,remset] GC(27) Coarsening (recent): Inline->AoC 0 (0) AoC->Howl 0 (0) Howl->Full 0 (0) Inline->AoC 0 (0) AoC->BitMap 0 (0) BitMap->Full 0 (0) 
[2026-09-19T07:20:00.880+0000][36.456s][debug][gc,remset] GC(27) Coarsening (all): Inline->AoC 1433 (0) AoC->Howl 794 (0) Howl->Full 10 (0) Inline->AoC 3631 (0) AoC->BitMap 2168 (0) BitMap->Full 136 (0) 
[2026-09-19T07:20:00.887+0000][36.464s][debug][gc,remset] GC(28) Visited cards 109568 Total dirty 1343488 (8.16%) Total old 3588096 (3.05%)
[2026-09-19T07:20:00.944+0000][36.521s][debug][gc,remset] GC(28) Coarsening (recent): Inline->AoC 0 (0) AoC->Howl 0 (0) Howl->Full 0 (0) Inline->AoC 0 (0) AoC->BitMap 0 (0) BitMap->Full 0 (0) 
[2026-09-19T07:20:00.944+0000][36.521s][debug][gc,remset] GC(28) Coarsening (all): Inline->AoC 1433 (0) AoC->Howl 794 (0) Howl->Full 10 (0) Inline->AoC 3631 (0) AoC->BitMap 2168 (0) BitMap->Full 136 (0) 
[2026-09-19T07:20:02.561+0000][38.138s][debug][gc,remset] GC(30) Visited cards 134144 Total dirty 1523712 (8.80%) Total old 5472256 (2.45%)
[2026-09-19T07:20:02.602+0000][38.179s][debug][gc,remset] GC(30) Coarsening (recent): Inline->AoC 2271 (0) AoC->Howl 970 (0) Howl->Full 5 (0) Inline->AoC 4781 (0) AoC->BitMap 2673 (0) BitMap->Full 58 (0) 
[2026-09-19T07:20:02.602+0000][38.179s][debug][gc,remset] GC(30) Coarsening (all): Inline->AoC 3704 (0) AoC->Howl 1764 (0) Howl->Full 15 (0) Inline->AoC 8412 (0) AoC->BitMap 4841 (0) BitMap->Full 194 (0) 
[2026-09-19T07:20:05.961+0000][41.538s][debug][gc,remset] GC(31) Visited cards 207616 Total dirty 1671168 (12.42%) Total old 10305536 (2.01%)
[2026-09-19T07:20:06.112+0000][41.689s][debug][gc,remset] GC(31) Coarsening (recent): Inline->AoC 0 (0) AoC->Howl 0 (0) Howl->Full 0 (0) Inline->AoC 0 (0) AoC->BitMap 0 (0) BitMap->Full 0 (0) 
[2026-09-19T07:20:06.112+0000][41.689s][debug][gc,remset] GC(31) Coarsening (all): Inline->AoC 3704 (0) AoC->Howl 1764 (0) Howl->Full 15 (0) Inline->AoC 8412 (0) AoC->BitMap 4841 (0) BitMap->Full 194 (0) 
[2026-09-19T07:20:06.271+0000][41.848s][debug][gc,remset] GC(32) Visited cards 172928 Total dirty 1622016 (10.66%) Total old 4063232 (4.26%)
[2026-09-19T07:20:06.337+0000][41.914s][debug][gc,remset] GC(32) Coarsening (recent): Inline->AoC 0 (0) AoC->Howl 0 (0) Howl->Full 0 (0) Inline->AoC 0 (0) AoC->BitMap 0 (0) BitMap->Full 0 (0) 
[2026-09-19T07:20:06.337+0000][41.914s][debug][gc,remset] GC(32) Coarsening (all): Inline->AoC 3704 (0) AoC->Howl 1764 (0) Howl->Full 15 (0) Inline->AoC 8412 (0) AoC->BitMap 4841 (0) BitMap->Full 194 (0) 
[2026-09-19T07:20:08.910+0000][44.487s][debug][gc,remset] GC(34) Visited cards 177920 Total dirty 1982464 (8.97%) Total old 7667712 (2.32%)
[2026-09-19T07:20:08.971+0000][44.548s][debug][gc,remset] GC(34) Coarsening (recent): Inline->AoC 3025 (0) AoC->Howl 1238 (0) Howl->Full 5 (0) Inline->AoC 6018 (0) AoC->BitMap 3329 (0) BitMap->Full 61 (0) 
[2026-09-19T07:20:08.971+0000][44.548s][debug][gc,remset] GC(34) Coarsening (all): Inline->AoC 6729 (0) AoC->Howl 3002 (0) Howl->Full 20 (0) Inline->AoC 14430 (0) AoC->BitMap 8170 (0) BitMap->Full 255 (0) 
[2026-09-19T07:20:12.364+0000][47.941s][debug][gc,remset] GC(35) Visited cards 225664 Total dirty 2080768 (10.85%) Total old 10616832 (2.13%)
[2026-09-19T07:20:12.481+0000][48.058s][debug][gc,remset] GC(35) Coarsening (recent): Inline->AoC 0 (0) AoC->Howl 0 (0) Howl->Full 0 (0) Inline->AoC 0 (0) AoC->BitMap 0 (0) BitMap->Full 0 (0) 
[2026-09-19T07:20:12.481+0000][48.058s][debug][gc,remset] GC(35) Coarsening (all): Inline->AoC 6729 (0) AoC->Howl 3002 (0) Howl->Full 20 (0) Inline->AoC 14430 (0) AoC->BitMap 8170 (0) BitMap->Full 255 (0) 
[2026-09-19T07:20:16.375+0000][51.952s][debug][gc,remset] GC(36) Visited cards 743552 Total dirty 2834432 (26.23%) Total old 10240000 (7.26%)
[2026-09-19T07:20:16.505+0000][52.082s][debug][gc,remset] GC(36) Coarsening (recent): Inline->AoC 0 (0) AoC->Howl 0 (0) Howl->Full 0 (0) Inline->AoC 0 (0) AoC->BitMap 0 (0) BitMap->Full 0 (0) 
[2026-09-19T07:20:16.505+0000][52.082s][debug][gc,remset] GC(36) Coarsening (all): Inline->AoC 6729 (0) AoC->Howl 3002 (0) Howl->Full 20 (0) Inline->AoC 14430 (0) AoC->BitMap 8170 (0) BitMap->Full 255 (0) 
[2026-09-19T07:20:22.697+0000][58.273s][debug][gc,remset] GC(37) Visited cards 1471744 Total dirty 3260416 (45.14%) Total old 8781824 (16.76%)
[2026-09-19T07:20:22.812+0000][58.389s][debug][gc,remset] GC(37) Coarsening (recent): Inline->AoC 0 (0) AoC->Howl 0 (0) Howl->Full 0 (0) Inline->AoC 0 (0) AoC->BitMap 0 (0) BitMap->Full 0 (0) 
[2026-09-19T07:20:22.812+0000][58.389s][debug][gc,remset] GC(37) Coarsening (all): Inline->AoC 6729 (0) AoC->Howl 3002 (0) Howl->Full 20 (0) Inline->AoC 14430 (0) AoC->BitMap 8170 (0) BitMap->Full 255 (0) 
[2026-09-19T07:20:25.362+0000][60.939s][debug][gc,remset] GC(39) Visited cards 1694976 Total dirty 3604480 (47.02%) Total old 6799360 (24.93%)
[2026-09-19T07:20:25.470+0000][61.046s][debug][gc,remset] GC(39) Coarsening (recent): Inline->AoC 2252 (0) AoC->Howl 963 (0) Howl->Full 5 (0) Inline->AoC 4606 (0) AoC->BitMap 2213 (0) BitMap->Full 55 (0) 
[2026-09-19T07:20:25.470+0000][61.046s][debug][gc,remset] GC(39) Coarsening (all): Inline->AoC 8981 (0) AoC->Howl 3965 (0) Howl->Full 25 (0) Inline->AoC 19036 (0) AoC->BitMap 10383 (0) BitMap->Full 310 (0) 
[2026-09-19T07:20:28.327+0000][63.904s][debug][gc,remset] GC(40) Visited cards 1522560 Total dirty 3784704 (40.23%) Total old 8159232 (18.66%)
[2026-09-19T07:20:28.396+0000][63.973s][debug][gc,remset] GC(40) Coarsening (recent): Inline->AoC 3790 (4) AoC->Howl 1409 (7) Howl->Full 0 (0) Inline->AoC 6118 (9) AoC->BitMap 3165 (14) BitMap->Full 9 (0) 
[2026-09-19T07:20:28.396+0000][63.973s][debug][gc,remset] GC(40) Coarsening (all): Inline->AoC 12771 (4) AoC->Howl 5374 (7) Howl->Full 25 (0) Inline->AoC 25154 (9) AoC->BitMap 13548 (14) BitMap->Full 319 (0) 
[2026-09-19T07:20:32.127+0000][67.703s][debug][gc,remset] GC(41) Visited cards 1811328 Total dirty 3555328 (50.95%) Total old 11403264 (15.88%)
[2026-09-19T07:20:32.286+0000][67.863s][debug][gc,remset] GC(41) Coarsening (recent): Inline->AoC 2458 (0) AoC->Howl 459 (0) Howl->Full 0 (0) Inline->AoC 1694 (0) AoC->BitMap 317 (0) BitMap->Full 0 (0) 
[2026-09-19T07:20:32.286+0000][67.863s][debug][gc,remset] GC(41) Coarsening (all): Inline->AoC 15229 (4) AoC->Howl 5833 (7) Howl->Full 25 (0) Inline->AoC 26848 (9) AoC->BitMap 13865 (14) BitMap->Full 319 (0) 
[2026-09-19T07:20:33.297+0000][68.874s][debug][gc,remset] GC(42) Visited cards 1283840 Total dirty 3473408 (36.96%) Total old 6848512 (18.75%)
[2026-09-19T07:20:33.399+0000][68.975s][debug][gc,remset] GC(42) Coarsening (recent): Inline->AoC 1417 (0) AoC->Howl 464 (0) Howl->Full 0 (0) Inline->AoC 1866 (0) AoC->BitMap 415 (0) BitMap->Full 0 (0) 
[2026-09-19T07:20:33.399+0000][68.975s][debug][gc,remset] GC(42) Coarsening (all): Inline->AoC 16646 (4) AoC->Howl 6297 (7) Howl->Full 25 (0) Inline->AoC 28714 (9) AoC->BitMap 14280 (14) BitMap->Full 319 (0) 
[2026-09-19T07:20:36.364+0000][71.941s][debug][gc,remset] GC(44) Visited cards 1672448 Total dirty 3932160 (42.53%) Total old 9584640 (17.45%)
[2026-09-19T07:20:36.445+0000][72.022s][debug][gc,remset] GC(44) Coarsening (recent): Inline->AoC 5966 (0) AoC->Howl 1932 (0) Howl->Full 5 (0) Inline->AoC 10160 (0) AoC->BitMap 3878 (0) BitMap->Full 52 (0) 
[2026-09-19T07:20:36.445+0000][72.022s][debug][gc,remset] GC(44) Coarsening (all): Inline->AoC 22612 (4) AoC->Howl 8229 (7) Howl->Full 30 (0) Inline->AoC 38874 (9) AoC->BitMap 18158 (14) BitMap->Full 371 (0) 
[2026-09-19T07:20:38.160+0000][73.737s][debug][gc,remset] GC(45) Visited cards 1682688 Total dirty 3915776 (42.97%) Total old 8798208 (19.13%)
[2026-09-19T07:20:38.263+0000][73.840s][debug][gc,remset] GC(45) Coarsening (recent): Inline->AoC 5989 (0) AoC->Howl 2167 (0) Howl->Full 0 (0) Inline->AoC 11224 (0) AoC->BitMap 4589 (0) BitMap->Full 10 (0) 
[2026-09-19T07:20:38.263+0000][73.840s][debug][gc,remset] GC(45) Coarsening (all): Inline->AoC 28601 (4) AoC->Howl 10396 (7) Howl->Full 30 (0) Inline->AoC 50098 (9) AoC->BitMap 22747 (14) BitMap->Full 381 (0) 
[2026-09-19T07:20:40.414+0000][75.991s][debug][gc,remset] GC(46) Visited cards 1814912 Total dirty 3964928 (45.77%) Total old 11534336 (15.73%)
[2026-09-19T07:20:40.520+0000][76.097s][debug][gc,remset] GC(46) Coarsening (recent): Inline->AoC 5486 (0) AoC->Howl 1110 (2) Howl->Full 0 (0) Inline->AoC 5640 (3) AoC->BitMap 575 (2) BitMap->Full 0 (0) 
[2026-09-19T07:20:40.520+0000][76.097s][debug][gc,remset] GC(46) Coarsening (all): Inline->AoC 34087 (4) AoC->Howl 11506 (9) Howl->Full 30 (0) Inline->AoC 55738 (12) AoC->BitMap 23322 (16) BitMap->Full 381 (0) 
[2026-09-19T07:20:41.814+0000][77.391s][debug][gc,remset] GC(47) Visited cards 1751424 Total dirty 3981312 (43.99%) Total old 8699904 (20.13%)
[2026-09-19T07:20:41.926+0000][77.502s][debug][gc,remset] GC(47) Coarsening (recent): Inline->AoC 3414 (0) AoC->Howl 1009 (0) Howl->Full 0 (0) Inline->AoC 5310 (0) AoC->BitMap 1050 (0) BitMap->Full 0 (0) 
[2026-09-19T07:20:41.926+0000][77.502s][debug][gc,remset] GC(47) Coarsening (all): Inline->AoC 37501 (4) AoC->Howl 12515 (9) Howl->Full 30 (0) Inline->AoC 61048 (12) AoC->BitMap 24372 (16) BitMap->Full 381 (0) 
[2026-09-19T07:20:44.689+0000][80.266s][debug][gc,remset] GC(49) Visited cards 2042496 Total dirty 4292608 (47.58%) Total old 11288576 (18.09%)
[2026-09-19T07:20:44.789+0000][80.366s][debug][gc,remset] GC(49) Coarsening (recent): Inline->AoC 7785 (2) AoC->Howl 1706 (4) Howl->Full 0 (0) Inline->AoC 9026 (3) AoC->BitMap 1339 (1) BitMap->Full 6 (0) 
[2026-09-19T07:20:44.789+0000][80.366s][debug][gc,remset] GC(49) Coarsening (all): Inline->AoC 45286 (6) AoC->Howl 14221 (13) Howl->Full 30 (0) Inline->AoC 70074 (15) AoC->BitMap 25711 (17) BitMap->Full 387 (0) 
[2026-09-19T07:20:46.110+0000][81.686s][debug][gc,remset] GC(50) Visited cards 2100992 Total dirty 4259840 (49.32%) Total old 8929280 (23.53%)
[2026-09-19T07:20:46.230+0000][81.806s][debug][gc,remset] GC(50) Coarsening (recent): Inline->AoC 8344 (0) AoC->Howl 4005 (1) Howl->Full 5 (0) Inline->AoC 21651 (0) AoC->BitMap 9527 (1) BitMap->Full 57 (0) 
[2026-09-19T07:20:46.230+0000][81.806s][debug][gc,remset] GC(50) Coarsening (all): Inline->AoC 53630 (6) AoC->Howl 18226 (14) Howl->Full 35 (0) Inline->AoC 91725 (15) AoC->BitMap 35238 (18) BitMap->Full 444 (0) 
[2026-09-19T07:20:48.159+0000][83.736s][debug][gc,remset] GC(51) Visited cards 2334976 Total dirty 4456448 (52.40%) Total old 11124736 (20.99%)
[2026-09-19T07:20:48.251+0000][83.828s][debug][gc,remset] GC(51) Coarsening (recent): Inline->AoC 7897 (0) AoC->Howl 2725 (2) Howl->Full 0 (0) Inline->AoC 14221 (0) AoC->BitMap 2421 (1) BitMap->Full 0 (0) 
[2026-09-19T07:20:48.251+0000][83.828s][debug][gc,remset] GC(51) Coarsening (all): Inline->AoC 61527 (6) AoC->Howl 20951 (16) Howl->Full 35 (0) Inline->AoC 105946 (15) AoC->BitMap 37659 (19) BitMap->Full 444 (0) 
[2026-09-19T07:20:50.068+0000][85.645s][debug][gc,remset] GC(52) Visited cards 2443904 Total dirty 4358144 (56.08%) Total old 11354112 (21.52%)
[2026-09-19T07:20:50.195+0000][85.772s][debug][gc,remset] GC(52) Coarsening (recent): Inline->AoC 6689 (0) AoC->Howl 2476 (0) Howl->Full 0 (0) Inline->AoC 13535 (0) AoC->BitMap 1668 (0) BitMap->Full 0 (0) 
[2026-09-19T07:20:50.195+0000][85.772s][debug][gc,remset] GC(52) Coarsening (all): Inline->AoC 68216 (6) AoC->Howl 23427 (16) Howl->Full 35 (0) Inline->AoC 119481 (15) AoC->BitMap 39327 (19) BitMap->Full 444 (0) 
[2026-09-19T07:20:52.035+0000][87.611s][debug][gc,remset] GC(53) Visited cards 2426880 Total dirty 4554752 (53.28%) Total old 11223040 (21.62%)
[2026-09-19T07:20:52.163+0000][87.740s][debug][gc,remset] GC(53) Coarsening (recent): Inline->AoC 6668 (0) AoC->Howl 2426 (0) Howl->Full 0 (0) Inline->AoC 13126 (0) AoC->BitMap 1649 (0) BitMap->Full 0 (0) 
[2026-09-19T07:20:52.163+0000][87.740s][debug][gc,remset] GC(53) Coarsening (all): Inline->AoC 74884 (6) AoC->Howl 25853 (16) Howl->Full 35 (0) Inline->AoC 132607 (15) AoC->BitMap 40976 (19) BitMap->Full 444 (0) 
[2026-09-19T07:20:54.210+0000][89.787s][debug][gc,remset] GC(55) Visited cards 2413440 Total dirty 4882432 (49.43%) Total old 11042816 (21.86%)
[2026-09-19T07:20:54.312+0000][89.889s][debug][gc,remset] GC(55) Coarsening (recent): Inline->AoC 7676 (0) AoC->Howl 3055 (1) Howl->Full 0 (0) Inline->AoC 16612 (1) AoC->BitMap 2122 (2) BitMap->Full 0 (0) 
[2026-09-19T07:20:54.312+0000][89.889s][debug][gc,remset] GC(55) Coarsening (all): Inline->AoC 82560 (6) AoC->Howl 28908 (17) Howl->Full 35 (0) Inline->AoC 149219 (16) AoC->BitMap 43098 (21) BitMap->Full 444 (0) 
[2026-09-19T07:20:56.424+0000][92.001s][debug][gc,remset] GC(56) Visited cards 2484992 Total dirty 4849664 (51.24%) Total old 11075584 (22.44%)
[2026-09-19T07:20:56.553+0000][92.129s][debug][gc,remset] GC(56) Coarsening (recent): Inline->AoC 11138 (1) AoC->Howl 5134 (1) Howl->Full 5 (0) Inline->AoC 29977 (2) AoC->BitMap 9932 (2) BitMap->Full 56 (0) 
[2026-09-19T07:20:56.553+0000][92.129s][debug][gc,remset] GC(56) Coarsening (all): Inline->AoC 93698 (7) AoC->Howl 34042 (18) Howl->Full 40 (0) Inline->AoC 179196 (18) AoC->BitMap 53030 (23) BitMap->Full 500 (0) 
[2026-09-19T07:20:58.723+0000][94.299s][debug][gc,remset] GC(57) Visited cards 2548224 Total dirty 4947968 (51.50%) Total old 12009472 (21.22%)
[2026-09-19T07:20:58.853+0000][94.430s][debug][gc,remset] GC(57) Coarsening (recent): Inline->AoC 10723 (1) AoC->Howl 4487 (4) Howl->Full 0 (0) Inline->AoC 24540 (3) AoC->BitMap 6258 (15) BitMap->Full 10 (0) 
[2026-09-19T07:20:58.853+0000][94.430s][debug][gc,remset] GC(57) Coarsening (all): Inline->AoC 104421 (8) AoC->Howl 38529 (22) Howl->Full 40 (0) Inline->AoC 203736 (21) AoC->BitMap 59288 (38) BitMap->Full 510 (0) 
[2026-09-19T07:21:00.609+0000][96.185s][debug][gc,remset] GC(58) Visited cards 2858240 Total dirty 4882432 (58.54%) Total old 12075008 (23.67%)
[2026-09-19T07:21:00.748+0000][96.324s][debug][gc,remset] GC(58) Coarsening (recent): Inline->AoC 7857 (0) AoC->Howl 3301 (1) Howl->Full 0 (0) Inline->AoC 18326 (0) AoC->BitMap 3286 (0) BitMap->Full 1 (0) 
[2026-09-19T07:21:00.748+0000][96.324s][debug][gc,remset] GC(58) Coarsening (all): Inline->AoC 112278 (8) AoC->Howl 41830 (23) Howl->Full 40 (0) Inline->AoC 222062 (21) AoC->BitMap 62574 (38) BitMap->Full 511 (0) 
[2026-09-19T07:21:03.175+0000][98.752s][debug][gc,remset] GC(59) Visited cards 2770688 Total dirty 5046272 (54.91%) Total old 13467648 (20.57%)
[2026-09-19T07:21:03.314+0000][98.891s][debug][gc,remset] GC(59) Coarsening (recent): Inline->AoC 9900 (0) AoC->Howl 4289 (0) Howl->Full 0 (0) Inline->AoC 24191 (0) AoC->BitMap 3462 (0) BitMap->Full 0 (0) 
[2026-09-19T07:21:03.314+0000][98.891s][debug][gc,remset] GC(59) Coarsening (all): Inline->AoC 122178 (8) AoC->Howl 46119 (23) Howl->Full 40 (0) Inline->AoC 246253 (21) AoC->BitMap 66036 (38) BitMap->Full 511 (0) 
[2026-09-19T07:21:06.522+0000][102.099s][debug][gc,remset] GC(61) Visited cards 2909568 Total dirty 5226496 (55.67%) Total old 13991936 (20.79%)
[2026-09-19T07:21:06.663+0000][102.240s][debug][gc,remset] GC(61) Coarsening (recent): Inline->AoC 11251 (0) AoC->Howl 4806 (0) Howl->Full 0 (0) Inline->AoC 26880 (3) AoC->BitMap 4097 (1) BitMap->Full 0 (0) 
[2026-09-19T07:21:06.663+0000][102.240s][debug][gc,remset] GC(61) Coarsening (all): Inline->AoC 133429 (8) AoC->Howl 50925 (23) Howl->Full 40 (0) Inline->AoC 273133 (24) AoC->BitMap 70133 (39) BitMap->Full 511 (0) 
[2026-09-19T07:21:08.920+0000][104.497s][debug][gc,remset] GC(62) Visited cards 2983040 Total dirty 5357568 (55.68%) Total old 12009472 (24.84%)
[2026-09-19T07:21:09.080+0000][104.657s][debug][gc,remset] GC(62) Coarsening (recent): Inline->AoC 14750 (1) AoC->Howl 6818 (0) Howl->Full 5 (0) Inline->AoC 40037 (1) AoC->BitMap 15111 (1) BitMap->Full 62 (0) 
[2026-09-19T07:21:09.080+0000][104.657s][debug][gc,remset] GC(62) Coarsening (all): Inline->AoC 148179 (9) AoC->Howl 57743 (23) Howl->Full 45 (0) Inline->AoC 313170 (25) AoC->BitMap 85244 (40) BitMap->Full 573 (0) 
[2026-09-19T07:21:12.286+0000][107.863s][debug][gc,remset] GC(63) Visited cards 3333120 Total dirty 5652480 (58.97%) Total old 16203776 (20.57%)
[2026-09-19T07:21:12.417+0000][107.994s][debug][gc,remset] GC(63) Coarsening (recent): Inline->AoC 15318 (2) AoC->Howl 6691 (13) Howl->Full 0 (0) Inline->AoC 38298 (9) AoC->BitMap 5624 (20) BitMap->Full 2 (0) 
[2026-09-19T07:21:12.417+0000][107.994s][debug][gc,remset] GC(63) Coarsening (all): Inline->AoC 163497 (11) AoC->Howl 64434 (36) Howl->Full 45 (0) Inline->AoC 351468 (34) AoC->BitMap 90868 (60) BitMap->Full 575 (0) 
[2026-09-19T07:21:14.088+0000][109.665s][debug][gc,remset] GC(64) Visited cards 3540992 Total dirty 5603328 (63.19%) Total old 12173312 (29.09%)
[2026-09-19T07:21:14.245+0000][109.822s][debug][gc,remset] GC(64) Coarsening (recent): Inline->AoC 7821 (1) AoC->Howl 3285 (2) Howl->Full 0 (0) Inline->AoC 18796 (2) AoC->BitMap 3125 (2) BitMap->Full 0 (0) 
[2026-09-19T07:21:14.245+0000][109.822s][debug][gc,remset] GC(64) Coarsening (all): Inline->AoC 171318 (12) AoC->Howl 67719 (38) Howl->Full 45 (0) Inline->AoC 370264 (36) AoC->BitMap 93993 (62) BitMap->Full 575 (0) 
[2026-09-19T07:21:17.101+0000][112.677s][debug][gc,remset] GC(65) Visited cards 3471872 Total dirty 5685248 (61.07%) Total old 15777792 (22.00%)
[2026-09-19T07:21:17.237+0000][112.814s][debug][gc,remset] GC(65) Coarsening (recent): Inline->AoC 13991 (0) AoC->Howl 6273 (0) Howl->Full 0 (0) Inline->AoC 36325 (0) AoC->BitMap 4227 (0) BitMap->Full 0 (0) 
[2026-09-19T07:21:17.237+0000][112.814s][debug][gc,remset] GC(65) Coarsening (all): Inline->AoC 185309 (12) AoC->Howl 73992 (38) Howl->Full 45 (0) Inline->AoC 406589 (36) AoC->BitMap 98220 (62) BitMap->Full 575 (0) 
[2026-09-19T07:21:20.747+0000][116.324s][debug][gc,remset] GC(67) Visited cards 3501056 Total dirty 5832704 (60.02%) Total old 15646720 (22.38%)
[2026-09-19T07:21:20.900+0000][116.477s][debug][gc,remset] GC(67) Coarsening (recent): Inline->AoC 13368 (0) AoC->Howl 5708 (0) Howl->Full 0 (0) Inline->AoC 32860 (0) AoC->BitMap 4670 (0) BitMap->Full 0 (0) 
[2026-09-19T07:21:20.900+0000][116.477s][debug][gc,remset] GC(67) Coarsening (all): Inline->AoC 198677 (12) AoC->Howl 79700 (38) Howl->Full 45 (0) Inline->AoC 439449 (36) AoC->BitMap 102890 (62) BitMap->Full 575 (0) 
[2026-09-19T07:21:22.934+0000][118.510s][debug][gc,remset] GC(68) Visited cards 3526656 Total dirty 5963776 (59.13%) Total old 12402688 (28.43%)
[2026-09-19T07:21:23.123+0000][118.700s][debug][gc,remset] GC(68) Coarsening (recent): Inline->AoC 13263 (0) AoC->Howl 6240 (0) Howl->Full 5 (0) Inline->AoC 38194 (0) AoC->BitMap 13979 (1) BitMap->Full 55 (0) 
[2026-09-19T07:21:23.123+0000][118.700s][debug][gc,remset] GC(68) Coarsening (all): Inline->AoC 211940 (12) AoC->Howl 85940 (38) Howl->Full 50 (0) Inline->AoC 477643 (36) AoC->BitMap 116869 (63) BitMap->Full 630 (0) 
[2026-09-19T07:21:26.215+0000][121.792s][debug][gc,remset] GC(69) Visited cards 3534976 Total dirty 6144000 (57.54%) Total old 15695872 (22.52%)
[2026-09-19T07:21:26.326+0000][121.902s][debug][gc,remset] GC(69) Coarsening (recent): Inline->AoC 16708 (2) AoC->Howl 7490 (17) Howl->Full 0 (0) Inline->AoC 42712 (17) AoC->BitMap 8296 (42) BitMap->Full 9 (0) 
[2026-09-19T07:21:26.326+0000][121.902s][debug][gc,remset] GC(69) Coarsening (all): Inline->AoC 228648 (14) AoC->Howl 93430 (55) Howl->Full 50 (0) Inline->AoC 520355 (53) AoC->BitMap 125165 (105) BitMap->Full 639 (0) 
[2026-09-19T07:21:29.001+0000][124.578s][debug][gc,remset] GC(70) Visited cards 3753984 Total dirty 6160384 (60.94%) Total old 16023552 (23.43%)
[2026-09-19T07:21:29.132+0000][124.709s][debug][gc,remset] GC(70) Coarsening (recent): Inline->AoC 13816 (0) AoC->Howl 6313 (2) Howl->Full 0 (0) Inline->AoC 36752 (1) AoC->BitMap 4613 (0) BitMap->Full 0 (0) 
[2026-09-19T07:21:29.132+0000][124.709s][debug][gc,remset] GC(70) Coarsening (all): Inline->AoC 242464 (14) AoC->Howl 99743 (57) Howl->Full 50 (0) Inline->AoC 557107 (54) AoC->BitMap 129778 (105) BitMap->Full 639 (0) 
[2026-09-19T07:21:31.998+0000][127.575s][debug][gc,remset] GC(71) Visited cards 3590528 Total dirty 6127616 (58.60%) Total old 15974400 (22.48%)
[2026-09-19T07:21:32.121+0000][127.698s][debug][gc,remset] GC(71) Coarsening (recent): Inline->AoC 14284 (0) AoC->Howl 6386 (1) Howl->Full 0 (0) Inline->AoC 36758 (0) AoC->BitMap 4795 (1) BitMap->Full 0 (0) 
[2026-09-19T07:21:32.121+0000][127.698s][debug][gc,remset] GC(71) Coarsening (all): Inline->AoC 256748 (14) AoC->Howl 106129 (58) Howl->Full 50 (0) Inline->AoC 593865 (54) AoC->BitMap 134573 (106) BitMap->Full 639 (0) 
[2026-09-19T07:21:35.684+0000][131.261s][debug][gc,remset] GC(73) Visited cards 3618816 Total dirty 6193152 (58.43%) Total old 15974400 (22.65%)
[2026-09-19T07:21:35.811+0000][131.388s][debug][gc,remset] GC(73) Coarsening (recent): Inline->AoC 14350 (0) AoC->Howl 6395 (0) Howl->Full 0 (0) Inline->AoC 36971 (0) AoC->BitMap 4696 (0) BitMap->Full 0 (0) 
[2026-09-19T07:21:35.811+0000][131.388s][debug][gc,remset] GC(73) Coarsening (all): Inline->AoC 271098 (14) AoC->Howl 112524 (58) Howl->Full 50 (0) Inline->AoC 630836 (54) AoC->BitMap 139269 (106) BitMap->Full 639 (0) 
[2026-09-19T07:21:39.371+0000][134.948s][debug][gc,remset] GC(74) Visited cards 3643008 Total dirty 6193152 (58.82%) Total old 15974400 (22.81%)
[2026-09-19T07:21:39.503+0000][135.080s][debug][gc,remset] GC(74) Coarsening (recent): Inline->AoC 22852 (1) AoC->Howl 10781 (8) Howl->Full 5 (0) Inline->AoC 65432 (7) AoC->BitMap 19244 (1) BitMap->Full 63 (0) 
[2026-09-19T07:21:39.503+0000][135.080s][debug][gc,remset] GC(74) Coarsening (all): Inline->AoC 293950 (15) AoC->Howl 123305 (66) Howl->Full 55 (0) Inline->AoC 696268 (61) AoC->BitMap 158513 (107) BitMap->Full 702 (0) 
[2026-09-19T07:21:42.328+0000][137.904s][debug][gc,remset] GC(75) Visited cards 3657344 Total dirty 6193152 (59.05%) Total old 15974400 (22.90%)
[2026-09-19T07:21:42.462+0000][138.039s][debug][gc,remset] GC(75) Coarsening (recent): Inline->AoC 14721 (2) AoC->Howl 6503 (17) Howl->Full 0 (0) Inline->AoC 37805 (16) AoC->BitMap 5338 (51) BitMap->Full 0 (0) 
[2026-09-19T07:21:42.462+0000][138.039s][debug][gc,remset] GC(75) Coarsening (all): Inline->AoC 308671 (17) AoC->Howl 129808 (83) Howl->Full 55 (0) Inline->AoC 734073 (77) AoC->BitMap 163851 (158) BitMap->Full 702 (0) 
[2026-09-19T07:21:45.189+0000][140.766s][debug][gc,remset] GC(76) Visited cards 3864960 Total dirty 6094848 (63.41%) Total old 16138240 (23.95%)
[2026-09-19T07:21:45.340+0000][140.917s][debug][gc,remset] GC(76) Coarsening (recent): Inline->AoC 13833 (2) AoC->Howl 6204 (2) Howl->Full 0 (0) Inline->AoC 35932 (0) AoC->BitMap 5189 (0) BitMap->Full 0 (0) 
[2026-09-19T07:21:45.340+0000][140.917s][debug][gc,remset] GC(76) Coarsening (all): Inline->AoC 322504 (19) AoC->Howl 136012 (85) Howl->Full 55 (0) Inline->AoC 770005 (77) AoC->BitMap 169040 (158) BitMap->Full 702 (0) 
[2026-09-19T07:21:48.142+0000][143.719s][debug][gc,remset] GC(77) Visited cards 3677440 Total dirty 6176768 (59.54%) Total old 16007168 (22.97%)
[2026-09-19T07:21:48.274+0000][143.850s][debug][gc,remset] GC(77) Coarsening (recent): Inline->AoC 14254 (0) AoC->Howl 6482 (2) Howl->Full 0 (0) Inline->AoC 38113 (0) AoC->BitMap 4816 (1) BitMap->Full 0 (0) 
[2026-09-19T07:21:48.274+0000][143.850s][debug][gc,remset] GC(77) Coarsening (all): Inline->AoC 336758 (19) AoC->Howl 142494 (87) Howl->Full 55 (0) Inline->AoC 808118 (77) AoC->BitMap 173856 (159) BitMap->Full 702 (0) 
[2026-09-19T07:21:51.972+0000][147.549s][debug][gc,remset] GC(79) Visited cards 3695488 Total dirty 6160384 (59.99%) Total old 16007168 (23.09%)
[2026-09-19T07:21:52.103+0000][147.679s][debug][gc,remset] GC(79) Coarsening (recent): Inline->AoC 15089 (0) AoC->Howl 6571 (2) Howl->Full 0 (0) Inline->AoC 38523 (1) AoC->BitMap 4597 (2) BitMap->Full 0 (0) 
[2026-09-19T07:21:52.103+0000][147.679s][debug][gc,remset] GC(79) Coarsening (all): Inline->AoC 351847 (19) AoC->Howl 149065 (89) Howl->Full 55 (0) Inline->AoC 846641 (78) AoC->BitMap 178453 (161) BitMap->Full 702 (0) 
[2026-09-19T07:21:55.478+0000][151.055s][debug][gc,remset] GC(80) Visited cards 3702528 Total dirty 6193152 (59.78%) Total old 15974400 (23.18%)
[2026-09-19T07:21:55.619+0000][151.195s][debug][gc,remset] GC(80) Coarsening (recent): Inline->AoC 23215 (0) AoC->Howl 10463 (4) Howl->Full 5 (0) Inline->AoC 63411 (4) AoC->BitMap 19050 (2) BitMap->Full 62 (0) 
[2026-09-19T07:21:55.619+0000][151.195s][debug][gc,remset] GC(80) Coarsening (all): Inline->AoC 375062 (19) AoC->Howl 159528 (93) Howl->Full 60 (0) Inline->AoC 910052 (82) AoC->BitMap 197503 (163) BitMap->Full 764 (0) 
[2026-09-19T07:21:58.498+0000][154.075s][debug][gc,remset] GC(81) Visited cards 3711232 Total dirty 6225920 (59.61%) Total old 15941632 (23.28%)
[2026-09-19T07:21:58.628+0000][154.205s][debug][gc,remset] GC(81) Coarsening (recent): Inline->AoC 14514 (1) AoC->Howl 6281 (13) Howl->Full 0 (0) Inline->AoC 36518 (15) AoC->BitMap 5853 (34) BitMap->Full 0 (0) 
[2026-09-19T07:21:58.628+0000][154.205s][debug][gc,remset] GC(81) Coarsening (all): Inline->AoC 389576 (20) AoC->Howl 165809 (106) Howl->Full 60 (0) Inline->AoC 946570 (97) AoC->BitMap 203356 (197) BitMap->Full 764 (0) 
[2026-09-19T07:22:01.398+0000][156.975s][debug][gc,remset] GC(82) Visited cards 4076544 Total dirty 6209536 (65.65%) Total old 16105472 (25.31%)
[2026-09-19T07:22:01.549+0000][157.126s][debug][gc,remset] GC(82) Coarsening (recent): Inline->AoC 14946 (0) AoC->Howl 6594 (1) Howl->Full 0 (0) Inline->AoC 38857 (1) AoC->BitMap 4884 (0) BitMap->Full 0 (0) 
[2026-09-19T07:22:01.549+0000][157.126s][debug][gc,remset] GC(82) Coarsening (all): Inline->AoC 404522 (20) AoC->Howl 172403 (107) Howl->Full 60 (0) Inline->AoC 985427 (98) AoC->BitMap 208240 (197) BitMap->Full 764 (0) 
[2026-09-19T07:22:04.199+0000][159.775s][debug][gc,remset] GC(83) Visited cards 3733120 Total dirty 6209536 (60.12%) Total old 15974400 (23.37%)
[2026-09-19T07:22:04.331+0000][159.908s][debug][gc,remset] GC(83) Coarsening (recent): Inline->AoC 15309 (0) AoC->Howl 6299 (0) Howl->Full 0 (0) Inline->AoC 36574 (0) AoC->BitMap 4500 (0) BitMap->Full 0 (0) 
[2026-09-19T07:22:04.331+0000][159.908s][debug][gc,remset] GC(83) Coarsening (all): Inline->AoC 419831 (20) AoC->Howl 178702 (107) Howl->Full 60 (0) Inline->AoC 1022001 (98) AoC->BitMap 212740 (197) BitMap->Full 764 (0) 
[2026-09-19T07:22:07.958+0000][163.535s][debug][gc,remset] GC(85) Visited cards 3739776 Total dirty 6160384 (60.71%) Total old 15941632 (23.46%)
[2026-09-19T07:22:08.088+0000][163.665s][debug][gc,remset] GC(85) Coarsening (recent): Inline->AoC 15822 (1) AoC->Howl 6460 (5) Howl->Full 0 (0) Inline->AoC 37239 (2) AoC->BitMap 4746 (7) BitMap->Full 0 (0) 
[2026-09-19T07:22:08.088+0000][163.665s][debug][gc,remset] GC(85) Coarsening (all): Inline->AoC 435653 (21) AoC->Howl 185162 (112) Howl->Full 60 (0) Inline->AoC 1059240 (100) AoC->BitMap 217486 (204) BitMap->Full 764 (0) 
[2026-09-19T07:22:11.608+0000][167.184s][debug][gc,remset] GC(86) Visited cards 3754112 Total dirty 6176768 (60.78%) Total old 15908864 (23.60%)
[2026-09-19T07:22:11.736+0000][167.313s][debug][gc,remset] GC(86) Coarsening (recent): Inline->AoC 24409 (0) AoC->Howl 10813 (6) Howl->Full 5 (0) Inline->AoC 66033 (3) AoC->BitMap 19506 (1) BitMap->Full 62 (0) 
[2026-09-19T07:22:11.736+0000][167.313s][debug][gc,remset] GC(86) Coarsening (all): Inline->AoC 460062 (21) AoC->Howl 195975 (118) Howl->Full 65 (0) Inline->AoC 1125273 (103) AoC->BitMap 236992 (205) BitMap->Full 826 (0) 
[2026-09-19T07:22:14.330+0000][169.907s][debug][gc,remset] GC(87) Visited cards 3990528 Total dirty 6176768 (64.61%) Total old 16023552 (24.90%)
[2026-09-19T07:22:14.478+0000][170.054s][debug][gc,remset] GC(87) Coarsening (recent): Inline->AoC 14919 (1) AoC->Howl 6120 (2) Howl->Full 0 (0) Inline->AoC 35675 (1) AoC->BitMap 4843 (0) BitMap->Full 0 (0) 
[2026-09-19T07:22:14.478+0000][170.054s][debug][gc,remset] GC(87) Coarsening (all): Inline->AoC 474981 (22) AoC->Howl 202095 (120) Howl->Full 65 (0) Inline->AoC 1160948 (104) AoC->BitMap 241835 (205) BitMap->Full 826 (0) 
[2026-09-19T07:22:17.228+0000][172.804s][debug][gc,remset] GC(88) Visited cards 3760000 Total dirty 6176768 (60.87%) Total old 15925248 (23.61%)
[2026-09-19T07:22:17.360+0000][172.937s][debug][gc,remset] GC(88) Coarsening (recent): Inline->AoC 16045 (0) AoC->Howl 6226 (1) Howl->Full 0 (0) Inline->AoC 35999 (1) AoC->BitMap 4800 (0) BitMap->Full 0 (0) 
[2026-09-19T07:22:17.360+0000][172.937s][debug][gc,remset] GC(88) Coarsening (all): Inline->AoC 491026 (22) AoC->Howl 208321 (121) Howl->Full 65 (0) Inline->AoC 1196947 (105) AoC->BitMap 246635 (205) BitMap->Full 826 (0) 
[2026-09-19T07:22:20.747+0000][176.324s][debug][gc,remset] GC(90) Visited cards 3764224 Total dirty 6193152 (60.78%) Total old 15892480 (23.69%)
[2026-09-19T07:22:20.879+0000][176.456s][debug][gc,remset] GC(90) Coarsening (recent): Inline->AoC 16297 (0) AoC->Howl 6350 (0) Howl->Full 0 (0) Inline->AoC 37204 (1) AoC->BitMap 4659 (0) BitMap->Full 0 (0) 
[2026-09-19T07:22:20.879+0000][176.456s][debug][gc,remset] GC(90) Coarsening (all): Inline->AoC 507323 (22) AoC->Howl 214671 (121) Howl->Full 65 (0) Inline->AoC 1234151 (106) AoC->BitMap 251294 (205) BitMap->Full 826 (0) 
[2026-09-19T07:22:24.362+0000][179.939s][debug][gc,remset] GC(91) Visited cards 3777792 Total dirty 6225920 (60.68%) Total old 15876096 (23.80%)
[2026-09-19T07:22:24.501+0000][180.078s][debug][gc,remset] GC(91) Coarsening (recent): Inline->AoC 22886 (1) AoC->Howl 9662 (1) Howl->Full 5 (0) Inline->AoC 59249 (1) AoC->BitMap 18534 (7) BitMap->Full 60 (0) 
[2026-09-19T07:22:24.501+0000][180.078s][debug][gc,remset] GC(91) Coarsening (all): Inline->AoC 530209 (23) AoC->Howl 224333 (122) Howl->Full 70 (0) Inline->AoC 1293400 (107) AoC->BitMap 269828 (212) BitMap->Full 886 (0) 
[2026-09-19T07:22:27.406+0000][182.983s][debug][gc,remset] GC(92) Visited cards 3788032 Total dirty 6275072 (60.37%) Total old 15843328 (23.91%)
[2026-09-19T07:22:27.535+0000][183.112s][debug][gc,remset] GC(92) Coarsening (recent): Inline->AoC 16902 (0) AoC->Howl 6402 (3) Howl->Full 0 (0) Inline->AoC 37259 (3) AoC->BitMap 5467 (12) BitMap->Full 0 (0) 
[2026-09-19T07:22:27.535+0000][183.112s][debug][gc,remset] GC(92) Coarsening (all): Inline->AoC 547111 (23) AoC->Howl 230735 (125) Howl->Full 70 (0) Inline->AoC 1330659 (110) AoC->BitMap 275295 (224) BitMap->Full 886 (0) 
[2026-09-19T07:22:30.125+0000][185.702s][debug][gc,remset] GC(93) Visited cards 3895296 Total dirty 6258688 (62.24%) Total old 15958016 (24.41%)
[2026-09-19T07:22:30.274+0000][185.850s][debug][gc,remset] GC(93) Coarsening (recent): Inline->AoC 15516 (0) AoC->Howl 6027 (1) Howl->Full 0 (0) Inline->AoC 35318 (0) AoC->BitMap 4906 (1) BitMap->Full 0 (0) 
[2026-09-19T07:22:30.274+0000][185.850s][debug][gc,remset] GC(93) Coarsening (all): Inline->AoC 562627 (23) AoC->Howl 236762 (126) Howl->Full 70 (0) Inline->AoC 1365977 (110) AoC->BitMap 280201 (225) BitMap->Full 886 (0) 
[2026-09-19T07:22:33.030+0000][188.607s][debug][gc,remset] GC(94) Visited cards 3804800 Total dirty 6356992 (59.85%) Total old 15843328 (24.02%)
[2026-09-19T07:22:33.161+0000][188.738s][debug][gc,remset] GC(94) Coarsening (recent): Inline->AoC 15454 (0) AoC->Howl 5973 (1) Howl->Full 0 (0) Inline->AoC 34826 (2) AoC->BitMap 4790 (2) BitMap->Full 0 (0) 
[2026-09-19T07:22:33.161+0000][188.738s][debug][gc,remset] GC(94) Coarsening (all): Inline->AoC 578081 (23) AoC->Howl 242735 (127) Howl->Full 70 (0) Inline->AoC 1400803 (112) AoC->BitMap 284991 (227) BitMap->Full 886 (0) 
[2026-09-19T07:22:36.692+0000][192.269s][debug][gc,remset] GC(96) Visited cards 3808768 Total dirty 6406144 (59.45%) Total old 15810560 (24.09%)
[2026-09-19T07:22:36.825+0000][192.402s][debug][gc,remset] GC(96) Coarsening (recent): Inline->AoC 15474 (1) AoC->Howl 5889 (1) Howl->Full 0 (0) Inline->AoC 34102 (1) AoC->BitMap 4362 (1) BitMap->Full 0 (0) 
[2026-09-19T07:22:36.825+0000][192.402s][debug][gc,remset] GC(96) Coarsening (all): Inline->AoC 593555 (24) AoC->Howl 248624 (128) Howl->Full 70 (0) Inline->AoC 1434905 (113) AoC->BitMap 289353 (228) BitMap->Full 886 (0) 
[2026-09-19T07:22:40.214+0000][195.791s][debug][gc,remset] GC(97) Visited cards 3824256 Total dirty 6406144 (59.70%) Total old 15777792 (24.24%)
[2026-09-19T07:22:40.354+0000][195.931s][debug][gc,remset] GC(97) Coarsening (recent): Inline->AoC 24154 (0) AoC->Howl 9975 (1) Howl->Full 5 (0) Inline->AoC 60799 (0) AoC->BitMap 18903 (0) BitMap->Full 60 (0) 
[2026-09-19T07:22:40.354+0000][195.931s][debug][gc,remset] GC(97) Coarsening (all): Inline->AoC 617709 (24) AoC->Howl 258599 (129) Howl->Full 75 (0) Inline->AoC 1495704 (113) AoC->BitMap 308256 (228) BitMap->Full 946 (0) 
[2026-09-19T07:22:42.950+0000][198.527s][debug][gc,remset] GC(98) Visited cards 3801728 Total dirty 6455296 (58.89%) Total old 15876096 (23.95%)
[2026-09-19T07:22:43.079+0000][198.656s][debug][gc,remset] GC(98) Coarsening (recent): Inline->AoC 16539 (0) AoC->Howl 6200 (1) Howl->Full 0 (0) Inline->AoC 36069 (0) AoC->BitMap 4775 (0) BitMap->Full 0 (0) 
[2026-09-19T07:22:43.079+0000][198.656s][debug][gc,remset] GC(98) Coarsening (all): Inline->AoC 634248 (24) AoC->Howl 264799 (130) Howl->Full 75 (0) Inline->AoC 1531773 (113) AoC->BitMap 313031 (228) BitMap->Full 946 (0) 
[2026-09-19T07:22:45.721+0000][201.297s][debug][gc,remset] GC(99) Visited cards 4043008 Total dirty 6373376 (63.44%) Total old 16007168 (25.26%)
[2026-09-19T07:22:45.870+0000][201.447s][debug][gc,remset] GC(99) Coarsening (recent): Inline->AoC 15451 (0) AoC->Howl 5859 (1) Howl->Full 0 (0) Inline->AoC 34223 (2) AoC->BitMap 4763 (2) BitMap->Full 0 (0) 
[2026-09-19T07:22:45.870+0000][201.447s][debug][gc,remset] GC(99) Coarsening (all): Inline->AoC 649699 (24) AoC->Howl 270658 (131) Howl->Full 75 (0) Inline->AoC 1565996 (115) AoC->BitMap 317794 (230) BitMap->Full 946 (0) 
[2026-09-19T07:22:48.532+0000][204.109s][debug][gc,remset] GC(100) Visited cards 3826816 Total dirty 6438912 (59.43%) Total old 15892480 (24.08%)
[2026-09-19T07:22:48.661+0000][204.237s][debug][gc,remset] GC(100) Coarsening (recent): Inline->AoC 16372 (0) AoC->Howl 6041 (2) Howl->Full 0 (0) Inline->AoC 35317 (2) AoC->BitMap 4704 (2) BitMap->Full 0 (0) 
[2026-09-19T07:22:48.661+0000][204.237s][debug][gc,remset] GC(100) Coarsening (all): Inline->AoC 666071 (24) AoC->Howl 276699 (133) Howl->Full 75 (0) Inline->AoC 1601313 (117) AoC->BitMap 322498 (232) BitMap->Full 946 (0) 
[2026-09-19T07:22:51.936+0000][207.513s][debug][gc,remset] GC(102) Visited cards 3833600 Total dirty 6488064 (59.09%) Total old 15859712 (24.17%)
[2026-09-19T07:22:52.069+0000][207.646s][debug][gc,remset] GC(102) Coarsening (recent): Inline->AoC 15999 (0) AoC->Howl 5812 (0) Howl->Full 0 (0) Inline->AoC 34393 (0) AoC->BitMap 4651 (1) BitMap->Full 0 (0) 
[2026-09-19T07:22:52.069+0000][207.646s][debug][gc,remset] GC(102) Coarsening (all): Inline->AoC 682070 (24) AoC->Howl 282511 (133) Howl->Full 75 (0) Inline->AoC 1635706 (117) AoC->BitMap 327149 (233) BitMap->Full 946 (0) 
[2026-09-19T07:22:55.477+0000][211.054s][debug][gc,remset] GC(103) Visited cards 3841920 Total dirty 6520832 (58.92%) Total old 15876096 (24.20%)
[2026-09-19T07:22:55.616+0000][211.193s][debug][gc,remset] GC(103) Coarsening (recent): Inline->AoC 23461 (0) AoC->Howl 9569 (1) Howl->Full 5 (0) Inline->AoC 59381 (1) AoC->BitMap 17949 (2) BitMap->Full 58 (0) 
[2026-09-19T07:22:55.616+0000][211.193s][debug][gc,remset] GC(103) Coarsening (all): Inline->AoC 705531 (24) AoC->Howl 292080 (134) Howl->Full 80 (0) Inline->AoC 1695087 (118) AoC->BitMap 345098 (235) BitMap->Full 1004 (0) 
[2026-09-19T07:22:58.605+0000][214.182s][debug][gc,remset] GC(104) Visited cards 3843584 Total dirty 6520832 (58.94%) Total old 16056320 (23.94%)
[2026-09-19T07:22:58.753+0000][214.329s][debug][gc,remset] GC(104) Coarsening (recent): Inline->AoC 16394 (1) AoC->Howl 6081 (2) Howl->Full 0 (0) Inline->AoC 36251 (0) AoC->BitMap 5927 (0) BitMap->Full 0 (0) 
[2026-09-19T07:22:58.753+0000][214.329s][debug][gc,remset] GC(104) Coarsening (all): Inline->AoC 721925 (25) AoC->Howl 298161 (136) Howl->Full 80 (0) Inline->AoC 1731338 (118) AoC->BitMap 351025 (235) BitMap->Full 1004 (0) 
[2026-09-19T07:23:01.486+0000][217.063s][debug][gc,remset] GC(105) Visited cards 3984768 Total dirty 6504448 (61.26%) Total old 16154624 (24.67%)
[2026-09-19T07:23:01.633+0000][217.210s][debug][gc,remset] GC(105) Coarsening (recent): Inline->AoC 15676 (0) AoC->Howl 5890 (3) Howl->Full 0 (0) Inline->AoC 35253 (0) AoC->BitMap 4569 (2) BitMap->Full 0 (0) 
[2026-09-19T07:23:01.633+0000][217.210s][debug][gc,remset] GC(105) Coarsening (all): Inline->AoC 737601 (25) AoC->Howl 304051 (139) Howl->Full 80 (0) Inline->AoC 1766591 (118) AoC->BitMap 355594 (237) BitMap->Full 1004 (0) 
[2026-09-19T07:23:04.438+0000][220.015s][debug][gc,remset] GC(106) Visited cards 3856512 Total dirty 6520832 (59.14%) Total old 16039936 (24.04%)
[2026-09-19T07:23:04.572+0000][220.149s][debug][gc,remset] GC(106) Coarsening (recent): Inline->AoC 16521 (0) AoC->Howl 5824 (0) Howl->Full 0 (0) Inline->AoC 34476 (0) AoC->BitMap 4508 (1) BitMap->Full 0 (0) 
[2026-09-19T07:23:04.573+0000][220.149s][debug][gc,remset] GC(106) Coarsening (all): Inline->AoC 754122 (25) AoC->Howl 309875 (139) Howl->Full 80 (0) Inline->AoC 1801067 (118) AoC->BitMap 360102 (238) BitMap->Full 1004 (0) 
[2026-09-19T07:23:08.248+0000][223.825s][debug][gc,remset] GC(108) Visited cards 3876736 Total dirty 6553600 (59.15%) Total old 16023552 (24.19%)
[2026-09-19T07:23:08.382+0000][223.959s][debug][gc,remset] GC(108) Coarsening (recent): Inline->AoC 16687 (0) AoC->Howl 5699 (1) Howl->Full 0 (0) Inline->AoC 33414 (0) AoC->BitMap 4435 (0) BitMap->Full 0 (0) 
[2026-09-19T07:23:08.382+0000][223.959s][debug][gc,remset] GC(108) Coarsening (all): Inline->AoC 770809 (25) AoC->Howl 315574 (140) Howl->Full 80 (0) Inline->AoC 1834481 (118) AoC->BitMap 364537 (238) BitMap->Full 1004 (0) 
[2026-09-19T07:23:11.844+0000][227.421s][debug][gc,remset] GC(109) Visited cards 3895040 Total dirty 6586368 (59.14%) Total old 15958016 (24.41%)
[2026-09-19T07:23:11.982+0000][227.559s][debug][gc,remset] GC(109) Coarsening (recent): Inline->AoC 24413 (0) AoC->Howl 9357 (0) Howl->Full 5 (0) Inline->AoC 58283 (0) AoC->BitMap 18821 (0) BitMap->Full 57 (0) 
[2026-09-19T07:23:11.982+0000][227.559s][debug][gc,remset] GC(109) Coarsening (all): Inline->AoC 795222 (25) AoC->Howl 324931 (140) Howl->Full 85 (0) Inline->AoC 1892764 (118) AoC->BitMap 383358 (238) BitMap->Full 1061 (0) 
[2026-09-19T07:23:14.678+0000][230.255s][debug][gc,remset] GC(110) Visited cards 3892096 Total dirty 6635520 (58.66%) Total old 16220160 (24.00%)
[2026-09-19T07:23:14.812+0000][230.388s][debug][gc,remset] GC(110) Coarsening (recent): Inline->AoC 17762 (0) AoC->Howl 6145 (0) Howl->Full 0 (0) Inline->AoC 36319 (2) AoC->BitMap 5107 (1) BitMap->Full 0 (0) 
[2026-09-19T07:23:14.812+0000][230.388s][debug][gc,remset] GC(110) Coarsening (all): Inline->AoC 812984 (25) AoC->Howl 331076 (140) Howl->Full 85 (0) Inline->AoC 1929083 (120) AoC->BitMap 388465 (239) BitMap->Full 1061 (0) 
[2026-09-19T07:23:17.514+0000][233.090s][debug][gc,remset] GC(111) Visited cards 4011392 Total dirty 6537216 (61.36%) Total old 16334848 (24.56%)
[2026-09-19T07:23:17.660+0000][233.237s][debug][gc,remset] GC(111) Coarsening (recent): Inline->AoC 17046 (0) AoC->Howl 6021 (3) Howl->Full 0 (0) Inline->AoC 35616 (0) AoC->BitMap 4856 (1) BitMap->Full 0 (0) 
[2026-09-19T07:23:17.660+0000][233.237s][debug][gc,remset] GC(111) Coarsening (all): Inline->AoC 830030 (25) AoC->Howl 337097 (143) Howl->Full 85 (0) Inline->AoC 1964699 (120) AoC->BitMap 393321 (240) BitMap->Full 1061 (0) 
[2026-09-19T07:23:20.473+0000][236.050s][debug][gc,remset] GC(112) Visited cards 3919360 Total dirty 6619136 (59.21%) Total old 16220160 (24.16%)
[2026-09-19T07:23:20.604+0000][236.181s][debug][gc,remset] GC(112) Coarsening (recent): Inline->AoC 18082 (0) AoC->Howl 6128 (1) Howl->Full 0 (0) Inline->AoC 36465 (2) AoC->BitMap 4425 (0) BitMap->Full 0 (0) 
[2026-09-19T07:23:20.604+0000][236.181s][debug][gc,remset] GC(112) Coarsening (all): Inline->AoC 848112 (25) AoC->Howl 343225 (144) Howl->Full 85 (0) Inline->AoC 2001164 (122) AoC->BitMap 397746 (240) BitMap->Full 1061 (0) 
[2026-09-19T07:23:24.152+0000][239.729s][debug][gc,remset] GC(114) Visited cards 3929344 Total dirty 6635520 (59.22%) Total old 16203776 (24.25%)
[2026-09-19T07:23:24.283+0000][239.860s][debug][gc,remset] GC(114) Coarsening (recent): Inline->AoC 17901 (1) AoC->Howl 6126 (1) Howl->Full 0 (0) Inline->AoC 36424 (0) AoC->BitMap 4562 (1) BitMap->Full 0 (0) 
[2026-09-19T07:23:24.283+0000][239.860s][debug][gc,remset] GC(114) Coarsening (all): Inline->AoC 866013 (26) AoC->Howl 349351 (145) Howl->Full 85 (0) Inline->AoC 2037588 (122) AoC->BitMap 402308 (241) BitMap->Full 1061 (0) 
[2026-09-19T07:23:27.815+0000][243.392s][debug][gc,remset] GC(115) Visited cards 3931392 Total dirty 6619136 (59.39%) Total old 16154624 (24.34%)
[2026-09-19T07:23:27.951+0000][243.528s][debug][gc,remset] GC(115) Coarsening (recent): Inline->AoC 27757 (0) AoC->Howl 9986 (4) Howl->Full 5 (0) Inline->AoC 61785 (0) AoC->BitMap 18705 (4) BitMap->Full 57 (0) 
[2026-09-19T07:23:27.951+0000][243.528s][debug][gc,remset] GC(115) Coarsening (all): Inline->AoC 893770 (26) AoC->Howl 359337 (149) Howl->Full 90 (0) Inline->AoC 2099373 (122) AoC->BitMap 421013 (245) BitMap->Full 1118 (0) 
[2026-09-19T07:23:30.751+0000][246.328s][debug][gc,remset] GC(116) Visited cards 3935232 Total dirty 6635520 (59.31%) Total old 16334848 (24.09%)
[2026-09-19T07:23:30.883+0000][246.460s][debug][gc,remset] GC(116) Coarsening (recent): Inline->AoC 19285 (0) AoC->Howl 6192 (1) Howl->Full 0 (0) Inline->AoC 36615 (0) AoC->BitMap 5058 (0) BitMap->Full 0 (0) 
[2026-09-19T07:23:30.883+0000][246.460s][debug][gc,remset] GC(116) Coarsening (all): Inline->AoC 913055 (26) AoC->Howl 365529 (150) Howl->Full 90 (0) Inline->AoC 2135988 (122) AoC->BitMap 426071 (245) BitMap->Full 1118 (0) 
[2026-09-19T07:23:33.772+0000][249.349s][debug][gc,remset] GC(117) Visited cards 4151936 Total dirty 6619136 (62.73%) Total old 16449536 (25.24%)
[2026-09-19T07:23:33.924+0000][249.500s][debug][gc,remset] GC(117) Coarsening (recent): Inline->AoC 17720 (1) AoC->Howl 5887 (2) Howl->Full 0 (0) Inline->AoC 34716 (0) AoC->BitMap 4595 (1) BitMap->Full 0 (0) 
[2026-09-19T07:23:33.924+0000][249.500s][debug][gc,remset] GC(117) Coarsening (all): Inline->AoC 930775 (27) AoC->Howl 371416 (152) Howl->Full 90 (0) Inline->AoC 2170704 (122) AoC->BitMap 430666 (246) BitMap->Full 1118 (0) 
[2026-09-19T07:23:36.636+0000][252.213s][debug][gc,remset] GC(118) Visited cards 3975168 Total dirty 6701056 (59.32%) Total old 16318464 (24.36%)
[2026-09-19T07:23:36.771+0000][252.348s][debug][gc,remset] GC(118) Coarsening (recent): Inline->AoC 18853 (0) AoC->Howl 5964 (1) Howl->Full 0 (0) Inline->AoC 35196 (1) AoC->BitMap 4584 (1) BitMap->Full 0 (0) 
[2026-09-19T07:23:36.771+0000][252.348s][debug][gc,remset] GC(118) Coarsening (all): Inline->AoC 949628 (27) AoC->Howl 377380 (153) Howl->Full 90 (0) Inline->AoC 2205900 (123) AoC->BitMap 435250 (247) BitMap->Full 1118 (0) 
[2026-09-19T07:23:40.420+0000][255.997s][debug][gc,remset] GC(120) Visited cards 3988864 Total dirty 6750208 (59.09%) Total old 16285696 (24.49%)
[2026-09-19T07:23:40.553+0000][256.130s][debug][gc,remset] GC(120) Coarsening (recent): Inline->AoC 19175 (0) AoC->Howl 6116 (1) Howl->Full 0 (0) Inline->AoC 35874 (0) AoC->BitMap 4084 (2) BitMap->Full 0 (0) 
[2026-09-19T07:23:40.553+0000][256.130s][debug][gc,remset] GC(120) Coarsening (all): Inline->AoC 968803 (27) AoC->Howl 383496 (154) Howl->Full 90 (0) Inline->AoC 2241774 (123) AoC->BitMap 439334 (249) BitMap->Full 1118 (0) 
[2026-09-19T07:23:43.966+0000][259.542s][debug][gc,remset] GC(121) Visited cards 3987456 Total dirty 6684672 (59.65%) Total old 16269312 (24.51%)
[2026-09-19T07:23:44.101+0000][259.677s][debug][gc,remset] GC(121) Coarsening (recent): Inline->AoC 29994 (0) AoC->Howl 9853 (0) Howl->Full 5 (0) Inline->AoC 61008 (0) AoC->BitMap 19136 (0) BitMap->Full 57 (0) 
[2026-09-19T07:23:44.101+0000][259.677s][debug][gc,remset] GC(121) Coarsening (all): Inline->AoC 998797 (27) AoC->Howl 393349 (154) Howl->Full 95 (0) Inline->AoC 2302782 (123) AoC->BitMap 458470 (249) BitMap->Full 1175 (0) 
[2026-09-19T07:23:46.932+0000][262.509s][debug][gc,remset] GC(122) Visited cards 4115968 Total dirty 6717440 (61.27%) Total old 16678912 (24.68%)
[2026-09-19T07:23:47.080+0000][262.657s][debug][gc,remset] GC(122) Coarsening (recent): Inline->AoC 18735 (0) AoC->Howl 5998 (1) Howl->Full 0 (0) Inline->AoC 35710 (0) AoC->BitMap 4602 (0) BitMap->Full 0 (0) 
[2026-09-19T07:23:47.080+0000][262.657s][debug][gc,remset] GC(122) Coarsening (all): Inline->AoC 1017532 (27) AoC->Howl 399347 (155) Howl->Full 95 (0) Inline->AoC 2338492 (123) AoC->BitMap 463072 (249) BitMap->Full 1175 (0) 
[2026-09-19T07:23:49.949+0000][265.526s][debug][gc,remset] GC(123) Visited cards 4010624 Total dirty 6651904 (60.29%) Total old 16580608 (24.19%)
[2026-09-19T07:23:50.084+0000][265.661s][debug][gc,remset] GC(123) Coarsening (recent): Inline->AoC 19544 (0) AoC->Howl 6150 (0) Howl->Full 0 (0) Inline->AoC 36467 (0) AoC->BitMap 4867 (0) BitMap->Full 0 (0) 
[2026-09-19T07:23:50.084+0000][265.661s][debug][gc,remset] GC(123) Coarsening (all): Inline->AoC 1037076 (27) AoC->Howl 405497 (155) Howl->Full 95 (0) Inline->AoC 2374959 (123) AoC->BitMap 467939 (249) BitMap->Full 1175 (0) 
[2026-09-19T07:23:53.762+0000][269.338s][debug][gc,remset] GC(125) Visited cards 4030080 Total dirty 6701056 (60.14%) Total old 16547840 (24.35%)
[2026-09-19T07:23:53.895+0000][269.472s][debug][gc,remset] GC(125) Coarsening (recent): Inline->AoC 19965 (1) AoC->Howl 6082 (1) Howl->Full 0 (0) Inline->AoC 35840 (0) AoC->BitMap 4316 (0) BitMap->Full 0 (0) 
[2026-09-19T07:23:53.895+0000][269.472s][debug][gc,remset] GC(125) Coarsening (all): Inline->AoC 1057041 (28) AoC->Howl 411579 (156) Howl->Full 95 (0) Inline->AoC 2410799 (123) AoC->BitMap 472255 (249) BitMap->Full 1175 (0) 
[2026-09-19T07:23:57.541+0000][273.118s][debug][gc,remset] GC(126) Visited cards 4024576 Total dirty 6717440 (59.91%) Total old 16515072 (24.37%)
[2026-09-19T07:23:57.679+0000][273.256s][debug][gc,remset] GC(126) Coarsening (recent): Inline->AoC 30891 (0) AoC->Howl 9893 (3) Howl->Full 5 (0) Inline->AoC 61284 (0) AoC->BitMap 18530 (1) BitMap->Full 56 (0) 
[2026-09-19T07:23:57.679+0000][273.256s][debug][gc,remset] GC(126) Coarsening (all): Inline->AoC 1087932 (28) AoC->Howl 421472 (159) Howl->Full 100 (0) Inline->AoC 2472083 (123) AoC->BitMap 490785 (250) BitMap->Full 1231 (0) 
[2026-09-19T07:24:00.695+0000][276.272s][debug][gc,remset] GC(127) Visited cards 4046720 Total dirty 6766592 (59.80%) Total old 16695296 (24.24%)
[2026-09-19T07:24:00.829+0000][276.405s][debug][gc,remset] GC(127) Coarsening (recent): Inline->AoC 21818 (3) AoC->Howl 6249 (11) Howl->Full 0 (0) Inline->AoC 36998 (11) AoC->BitMap 4736 (19) BitMap->Full 0 (0) 
[2026-09-19T07:24:00.829+0000][276.405s][debug][gc,remset] GC(127) Coarsening (all): Inline->AoC 1109750 (31) AoC->Howl 427721 (170) Howl->Full 100 (0) Inline->AoC 2509081 (134) AoC->BitMap 495521 (269) BitMap->Full 1231 (0) 
[2026-09-19T07:24:03.688+0000][279.264s][debug][gc,remset] GC(128) Visited cards 4105600 Total dirty 6717440 (61.12%) Total old 16826368 (24.40%)
[2026-09-19T07:24:03.836+0000][279.412s][debug][gc,remset] GC(128) Coarsening (recent): Inline->AoC 20522 (1) AoC->Howl 6310 (0) Howl->Full 0 (0) Inline->AoC 37685 (0) AoC->BitMap 4560 (0) BitMap->Full 0 (0) 
[2026-09-19T07:24:03.836+0000][279.412s][debug][gc,remset] GC(128) Coarsening (all): Inline->AoC 1130272 (32) AoC->Howl 434031 (170) Howl->Full 100 (0) Inline->AoC 2546766 (134) AoC->BitMap 500081 (269) BitMap->Full 1231 (0) 
[2026-09-19T07:24:06.755+0000][282.331s][debug][gc,remset] GC(129) Visited cards 4066944 Total dirty 6799360 (59.81%) Total old 16695296 (24.36%)
[2026-09-19T07:24:06.888+0000][282.465s][debug][gc,remset] GC(129) Coarsening (recent): Inline->AoC 19609 (0) AoC->Howl 5948 (0) Howl->Full 0 (0) Inline->AoC 35341 (0) AoC->BitMap 4303 (0) BitMap->Full 0 (0) 
[2026-09-19T07:24:06.888+0000][282.465s][debug][gc,remset] GC(129) Coarsening (all): Inline->AoC 1149881 (32) AoC->Howl 439979 (170) Howl->Full 100 (0) Inline->AoC 2582107 (134) AoC->BitMap 504384 (269) BitMap->Full 1231 (0) 
[2026-09-19T07:24:10.533+0000][286.110s][debug][gc,remset] GC(131) Visited cards 4070144 Total dirty 6799360 (59.86%) Total old 16678912 (24.40%)
[2026-09-19T07:24:10.668+0000][286.244s][debug][gc,remset] GC(131) Coarsening (recent): Inline->AoC 19813 (1) AoC->Howl 5998 (1) Howl->Full 0 (0) Inline->AoC 35622 (0) AoC->BitMap 4210 (0) BitMap->Full 0 (0) 
[2026-09-19T07:24:10.668+0000][286.244s][debug][gc,remset] GC(131) Coarsening (all): Inline->AoC 1169694 (33) AoC->Howl 445977 (171) Howl->Full 100 (0) Inline->AoC 2617729 (134) AoC->BitMap 508594 (269) BitMap->Full 1231 (0) 
[2026-09-19T07:24:14.288+0000][289.865s][debug][gc,remset] GC(132) Visited cards 4066688 Total dirty 6799360 (59.81%) Total old 16613376 (24.48%)
[2026-09-19T07:24:14.419+0000][289.996s][debug][gc,remset] GC(132) Coarsening (recent): Inline->AoC 32150 (0) AoC->Howl 10451 (2) Howl->Full 5 (0) Inline->AoC 64731 (1) AoC->BitMap 19547 (0) BitMap->Full 56 (0) 
[2026-09-19T07:24:14.419+0000][289.996s][debug][gc,remset] GC(132) Coarsening (all): Inline->AoC 1201844 (33) AoC->Howl 456428 (173) Howl->Full 105 (0) Inline->AoC 2682460 (135) AoC->BitMap 528141 (269) BitMap->Full 1287 (0) 
[2026-09-19T07:24:17.300+0000][292.877s][debug][gc,remset] GC(133) Visited cards 4131072 Total dirty 6733824 (61.35%) Total old 16973824 (24.34%)
[2026-09-19T07:24:17.449+0000][293.026s][debug][gc,remset] GC(133) Coarsening (recent): Inline->AoC 20245 (0) AoC->Howl 6138 (0) Howl->Full 0 (0) Inline->AoC 36537 (0) AoC->BitMap 4659 (0) BitMap->Full 0 (0) 
[2026-09-19T07:24:17.449+0000][293.026s][debug][gc,remset] GC(133) Coarsening (all): Inline->AoC 1222089 (33) AoC->Howl 462566 (173) Howl->Full 105 (0) Inline->AoC 2718997 (135) AoC->BitMap 532800 (269) BitMap->Full 1287 (0) 
[2026-09-19T07:24:20.328+0000][295.905s][debug][gc,remset] GC(134) Visited cards 4086528 Total dirty 6782976 (60.25%) Total old 16859136 (24.24%)
[2026-09-19T07:24:20.464+0000][296.040s][debug][gc,remset] GC(134) Coarsening (recent): Inline->AoC 20995 (0) AoC->Howl 6381 (0) Howl->Full 0 (0) Inline->AoC 38038 (0) AoC->BitMap 4710 (0) BitMap->Full 0 (0) 
[2026-09-19T07:24:20.464+0000][296.040s][debug][gc,remset] GC(134) Coarsening (all): Inline->AoC 1243084 (33) AoC->Howl 468947 (173) Howl->Full 105 (0) Inline->AoC 2757035 (135) AoC->BitMap 537510 (269) BitMap->Full 1287 (0) 
[2026-09-19T07:24:24.320+0000][299.897s][debug][gc,remset] GC(136) Visited cards 4101120 Total dirty 6864896 (59.74%) Total old 16826368 (24.37%)
[2026-09-19T07:24:24.452+0000][300.029s][debug][gc,remset] GC(136) Coarsening (recent): Inline->AoC 21652 (0) AoC->Howl 6253 (0) Howl->Full 0 (0) Inline->AoC 37355 (0) AoC->BitMap 4288 (1) BitMap->Full 0 (0) 
[2026-09-19T07:24:24.452+0000][300.029s][debug][gc,remset] GC(136) Coarsening (all): Inline->AoC 1264736 (33) AoC->Howl 475200 (173) Howl->Full 105 (0) Inline->AoC 2794390 (135) AoC->BitMap 541798 (270) BitMap->Full 1287 (0) 
[2026-09-19T07:24:28.117+0000][303.694s][debug][gc,remset] GC(137) Visited cards 4103552 Total dirty 6881280 (59.63%) Total old 16793600 (24.44%)
[2026-09-19T07:24:28.252+0000][303.829s][debug][gc,remset] GC(137) Coarsening (recent): Inline->AoC 33387 (1) AoC->Howl 10670 (1) Howl->Full 5 (0) Inline->AoC 66077 (1) AoC->BitMap 19543 (1) BitMap->Full 56 (0) 
[2026-09-19T07:24:28.252+0000][303.829s][debug][gc,remset] GC(137) Coarsening (all): Inline->AoC 1298123 (34) AoC->Howl 485870 (174) Howl->Full 110 (0) Inline->AoC 2860467 (136) AoC->BitMap 561341 (271) BitMap->Full 1343 (0) 
[2026-09-19T07:24:31.320+0000][306.896s][debug][gc,remset] GC(138) Visited cards 4353408 Total dirty 6881280 (63.26%) Total old 17104896 (25.45%)
[2026-09-19T07:24:31.473+0000][307.050s][debug][gc,remset] GC(138) Coarsening (recent): Inline->AoC 21904 (0) AoC->Howl 6432 (0) Howl->Full 0 (0) Inline->AoC 38225 (0) AoC->BitMap 4419 (0) BitMap->Full 0 (0) 
[2026-09-19T07:24:31.473+0000][307.050s][debug][gc,remset] GC(138) Coarsening (all): Inline->AoC 1320027 (34) AoC->Howl 492302 (174) Howl->Full 110 (0) Inline->AoC 2898692 (136) AoC->BitMap 565760 (271) BitMap->Full 1343 (0) 
[2026-09-19T07:24:34.811+0000][310.388s][debug][gc,remset] GC(139) Visited cards 4142336 Total dirty 6881280 (60.20%) Total old 16973824 (24.40%)
[2026-09-19T07:24:34.946+0000][310.522s][debug][gc,remset] GC(139) Coarsening (recent): Inline->AoC 20974 (1) AoC->Howl 6322 (2) Howl->Full 0 (0) Inline->AoC 37851 (2) AoC->BitMap 4601 (2) BitMap->Full 0 (0) 
[2026-09-19T07:24:34.946+0000][310.522s][debug][gc,remset] GC(139) Coarsening (all): Inline->AoC 1341001 (35) AoC->Howl 498624 (176) Howl->Full 110 (0) Inline->AoC 2936543 (138) AoC->BitMap 570361 (273) BitMap->Full 1343 (0) 
[2026-09-19T07:24:38.847+0000][314.424s][debug][gc,remset] GC(141) Visited cards 4166656 Total dirty 6946816 (59.98%) Total old 16941056 (24.60%)
[2026-09-19T07:24:38.982+0000][314.559s][debug][gc,remset] GC(141) Coarsening (recent): Inline->AoC 21963 (0) AoC->Howl 6307 (0) Howl->Full 0 (0) Inline->AoC 37891 (0) AoC->BitMap 4225 (0) BitMap->Full 0 (0) 
[2026-09-19T07:24:38.982+0000][314.559s][debug][gc,remset] GC(141) Coarsening (all): Inline->AoC 1362964 (35) AoC->Howl 504931 (176) Howl->Full 110 (0) Inline->AoC 2974434 (138) AoC->BitMap 574586 (273) BitMap->Full 1343 (0) 
[2026-09-19T07:24:42.754+0000][318.331s][debug][gc,remset] GC(142) Visited cards 4173824 Total dirty 6963200 (59.94%) Total old 16891904 (24.71%)
[2026-09-19T07:24:42.891+0000][318.468s][debug][gc,remset] GC(142) Coarsening (recent): Inline->AoC 34074 (1) AoC->Howl 10667 (1) Howl->Full 5 (0) Inline->AoC 66131 (0) AoC->BitMap 19268 (0) BitMap->Full 56 (0) 
[2026-09-19T07:24:42.891+0000][318.468s][debug][gc,remset] GC(142) Coarsening (all): Inline->AoC 1397038 (36) AoC->Howl 515598 (177) Howl->Full 115 (0) Inline->AoC 3040565 (138) AoC->BitMap 593854 (273) BitMap->Full 1399 (0) 
[2026-09-19T07:24:46.378+0000][321.955s][debug][gc,remset] GC(143) Visited cards 4331264 Total dirty 6832128 (63.40%) Total old 17317888 (25.01%)
[2026-09-19T07:24:46.532+0000][322.109s][debug][gc,remset] GC(143) Coarsening (recent): Inline->AoC 23065 (0) AoC->Howl 6704 (0) Howl->Full 0 (0) Inline->AoC 40212 (0) AoC->BitMap 4535 (1) BitMap->Full 0 (0) 
[2026-09-19T07:24:46.532+0000][322.109s][debug][gc,remset] GC(143) Coarsening (all): Inline->AoC 1420103 (36) AoC->Howl 522302 (177) Howl->Full 115 (0) Inline->AoC 3080777 (138) AoC->BitMap 598389 (274) BitMap->Full 1399 (0) 
[2026-09-19T07:24:49.785+0000][325.361s][debug][gc,remset] GC(144) Visited cards 4189952 Total dirty 6914048 (60.60%) Total old 17170432 (24.40%)
[2026-09-19T07:24:49.920+0000][325.497s][debug][gc,remset] GC(144) Coarsening (recent): Inline->AoC 23220 (0) AoC->Howl 6766 (1) Howl->Full 0 (0) Inline->AoC 40947 (0) AoC->BitMap 4145 (0) BitMap->Full 0 (0) 
[2026-09-19T07:24:49.920+0000][325.497s][debug][gc,remset] GC(144) Coarsening (all): Inline->AoC 1443323 (36) AoC->Howl 529068 (178) Howl->Full 115 (0) Inline->AoC 3121724 (138) AoC->BitMap 602534 (274) BitMap->Full 1399 (0) 
[2026-09-19T07:24:53.999+0000][329.576s][debug][gc,remset] GC(146) Visited cards 4206848 Total dirty 6995968 (60.13%) Total old 17137664 (24.55%)
[2026-09-19T07:24:54.137+0000][329.714s][debug][gc,remset] GC(146) Coarsening (recent): Inline->AoC 22671 (0) AoC->Howl 6378 (1) Howl->Full 0 (0) Inline->AoC 38446 (0) AoC->BitMap 4218 (1) BitMap->Full 0 (0) 
[2026-09-19T07:24:54.137+0000][329.714s][debug][gc,remset] GC(146) Coarsening (all): Inline->AoC 1465994 (36) AoC->Howl 535446 (179) Howl->Full 115 (0) Inline->AoC 3160170 (138) AoC->BitMap 606752 (275) BitMap->Full 1399 (0) 
[2026-09-19T07:24:57.949+0000][333.526s][debug][gc,remset] GC(147) Visited cards 4238208 Total dirty 7045120 (60.16%) Total old 17055744 (24.85%)
[2026-09-19T07:24:58.085+0000][333.662s][debug][gc,remset] GC(147) Coarsening (recent): Inline->AoC 36198 (0) AoC->Howl 11452 (0) Howl->Full 5 (0) Inline->AoC 71217 (0) AoC->BitMap 19859 (0) BitMap->Full 56 (0) 
[2026-09-19T07:24:58.085+0000][333.662s][debug][gc,remset] GC(147) Coarsening (all): Inline->AoC 1502192 (36) AoC->Howl 546898 (179) Howl->Full 120 (0) Inline->AoC 3231387 (138) AoC->BitMap 626611 (275) BitMap->Full 1455 (0) 
[2026-09-19T07:25:01.403+0000][336.979s][debug][gc,remset] GC(148) Visited cards 4418816 Total dirty 6864896 (64.37%) Total old 17465344 (25.30%)
[2026-09-19T07:25:01.560+0000][337.136s][debug][gc,remset] GC(148) Coarsening (recent): Inline->AoC 23092 (0) AoC->Howl 6875 (2) Howl->Full 0 (0) Inline->AoC 41459 (2) AoC->BitMap 4684 (3) BitMap->Full 0 (0) 
[2026-09-19T07:25:01.560+0000][337.136s][debug][gc,remset] GC(148) Coarsening (all): Inline->AoC 1525284 (36) AoC->Howl 553773 (181) Howl->Full 120 (0) Inline->AoC 3272846 (140) AoC->BitMap 631295 (278) BitMap->Full 1455 (0) 
[2026-09-19T07:25:04.867+0000][340.444s][debug][gc,remset] GC(149) Visited cards 4265984 Total dirty 7028736 (60.69%) Total old 17301504 (24.66%)
[2026-09-19T07:25:05.002+0000][340.579s][debug][gc,remset] GC(149) Coarsening (recent): Inline->AoC 23424 (1) AoC->Howl 6726 (2) Howl->Full 0 (0) Inline->AoC 40600 (3) AoC->BitMap 4158 (1) BitMap->Full 0 (0) 
[2026-09-19T07:25:05.002+0000][340.579s][debug][gc,remset] GC(149) Coarsening (all): Inline->AoC 1548708 (37) AoC->Howl 560499 (183) Howl->Full 120 (0) Inline->AoC 3313446 (143) AoC->BitMap 635453 (279) BitMap->Full 1455 (0) 
[2026-09-19T07:25:09.269+0000][344.846s][debug][gc,remset] GC(151) Visited cards 4283776 Total dirty 7077888 (60.52%) Total old 17268736 (24.81%)
[2026-09-19T07:25:09.418+0000][344.995s][debug][gc,remset] GC(151) Coarsening (recent): Inline->AoC 27400 (0) AoC->Howl 7830 (4) Howl->Full 1 (0) Inline->AoC 47923 (1) AoC->BitMap 5689 (0) BitMap->Full 25 (0) 
[2026-09-19T07:25:09.418+0000][344.995s][debug][gc,remset] GC(151) Coarsening (all): Inline->AoC 1576108 (37) AoC->Howl 568329 (187) Howl->Full 121 (0) Inline->AoC 3361369 (144) AoC->BitMap 641142 (279) BitMap->Full 1480 (0) 
[2026-09-19T07:25:13.477+0000][349.054s][debug][gc,remset] GC(152) Visited cards 4269952 Total dirty 7077888 (60.33%) Total old 17301504 (24.68%)
[2026-09-19T07:25:13.610+0000][349.186s][debug][gc,remset] GC(152) Coarsening (recent): Inline->AoC 34682 (0) AoC->Howl 10562 (0) Howl->Full 4 (0) Inline->AoC 65413 (0) AoC->BitMap 18295 (1) BitMap->Full 31 (0) 
[2026-09-19T07:25:13.610+0000][349.186s][debug][gc,remset] GC(152) Coarsening (all): Inline->AoC 1610790 (37) AoC->Howl 578891 (187) Howl->Full 125 (0) Inline->AoC 3426782 (144) AoC->BitMap 659437 (280) BitMap->Full 1511 (0) 
[2026-09-19T07:25:16.805+0000][352.382s][debug][gc,remset] GC(153) Visited cards 4582912 Total dirty 6914048 (66.28%) Total old 17498112 (26.19%)
[2026-09-19T07:25:16.964+0000][352.541s][debug][gc,remset] GC(153) Coarsening (recent): Inline->AoC 23182 (1) AoC->Howl 6590 (0) Howl->Full 0 (0) Inline->AoC 39758 (0) AoC->BitMap 4515 (1) BitMap->Full 0 (0) 
[2026-09-19T07:25:16.964+0000][352.541s][debug][gc,remset] GC(153) Coarsening (all): Inline->AoC 1633972 (38) AoC->Howl 585481 (187) Howl->Full 125 (0) Inline->AoC 3466540 (144) AoC->BitMap 663952 (281) BitMap->Full 1511 (0) 
[2026-09-19T07:25:20.344+0000][355.921s][debug][gc,remset] GC(154) Visited cards 4306048 Total dirty 7077888 (60.84%) Total old 17317888 (24.86%)
[2026-09-19T07:25:20.480+0000][356.057s][debug][gc,remset] GC(154) Coarsening (recent): Inline->AoC 24240 (0) AoC->Howl 6765 (0) Howl->Full 0 (0) Inline->AoC 41252 (0) AoC->BitMap 4263 (0) BitMap->Full 0 (0) 
[2026-09-19T07:25:20.480+0000][356.057s][debug][gc,remset] GC(154) Coarsening (all): Inline->AoC 1658212 (38) AoC->Howl 592246 (187) Howl->Full 125 (0) Inline->AoC 3507792 (144) AoC->BitMap 668215 (281) BitMap->Full 1511 (0) 
[2026-09-19T07:25:24.888+0000][360.465s][debug][gc,remset] GC(156) Visited cards 4325632 Total dirty 7110656 (60.83%) Total old 17285120 (25.03%)
[2026-09-19T07:25:25.025+0000][360.601s][debug][gc,remset] GC(156) Coarsening (recent): Inline->AoC 24535 (0) AoC->Howl 6905 (0) Howl->Full 0 (0) Inline->AoC 41699 (0) AoC->BitMap 4099 (1) BitMap->Full 0 (0) 
[2026-09-19T07:25:25.025+0000][360.601s][debug][gc,remset] GC(156) Coarsening (all): Inline->AoC 1682747 (38) AoC->Howl 599151 (187) Howl->Full 125 (0) Inline->AoC 3549491 (144) AoC->BitMap 672314 (282) BitMap->Full 1511 (0) 
[2026-09-19T07:25:29.060+0000][364.637s][debug][gc,remset] GC(157) Visited cards 4322432 Total dirty 7127040 (60.65%) Total old 17252352 (25.05%)
[2026-09-19T07:25:29.195+0000][364.771s][debug][gc,remset] GC(157) Coarsening (recent): Inline->AoC 39765 (1) AoC->Howl 11644 (1) Howl->Full 5 (0) Inline->AoC 73134 (0) AoC->BitMap 19568 (0) BitMap->Full 56 (0) 
[2026-09-19T07:25:29.195+0000][364.771s][debug][gc,remset] GC(157) Coarsening (all): Inline->AoC 1722512 (39) AoC->Howl 610795 (188) Howl->Full 130 (0) Inline->AoC 3622625 (144) AoC->BitMap 691882 (282) BitMap->Full 1567 (0) 
[2026-09-19T07:25:32.743+0000][368.319s][debug][gc,remset] GC(158) Visited cards 4436992 Total dirty 6963200 (63.72%) Total old 17678336 (25.10%)
[2026-09-19T07:25:32.902+0000][368.478s][debug][gc,remset] GC(158) Coarsening (recent): Inline->AoC 24793 (0) AoC->Howl 6747 (0) Howl->Full 0 (0) Inline->AoC 40818 (0) AoC->BitMap 3998 (0) BitMap->Full 0 (0) 
[2026-09-19T07:25:32.902+0000][368.478s][debug][gc,remset] GC(158) Coarsening (all): Inline->AoC 1747305 (39) AoC->Howl 617542 (188) Howl->Full 130 (0) Inline->AoC 3663443 (144) AoC->BitMap 695880 (282) BitMap->Full 1567 (0) 
[2026-09-19T07:25:36.351+0000][371.927s][debug][gc,remset] GC(159) Visited cards 4365824 Total dirty 7127040 (61.26%) Total old 17514496 (24.93%)
[2026-09-19T07:25:36.485+0000][372.062s][debug][gc,remset] GC(159) Coarsening (recent): Inline->AoC 24876 (0) AoC->Howl 6860 (0) Howl->Full 0 (0) Inline->AoC 41638 (1) AoC->BitMap 4359 (1) BitMap->Full 0 (0) 
[2026-09-19T07:25:36.485+0000][372.062s][debug][gc,remset] GC(159) Coarsening (all): Inline->AoC 1772181 (39) AoC->Howl 624402 (188) Howl->Full 130 (0) Inline->AoC 3705081 (145) AoC->BitMap 700239 (283) BitMap->Full 1567 (0) 
[2026-09-19T07:25:40.912+0000][376.488s][debug][gc,remset] GC(161) Visited cards 4347904 Total dirty 7176192 (60.59%) Total old 17481728 (24.87%)
[2026-09-19T07:25:41.054+0000][376.630s][debug][gc,remset] GC(161) Coarsening (recent): Inline->AoC 26001 (0) AoC->Howl 6818 (0) Howl->Full 0 (0) Inline->AoC 41712 (0) AoC->BitMap 3888 (0) BitMap->Full 1 (0) 
[2026-09-19T07:25:41.054+0000][376.630s][debug][gc,remset] GC(161) Coarsening (all): Inline->AoC 1798182 (39) AoC->Howl 631220 (188) Howl->Full 130 (0) Inline->AoC 3746793 (145) AoC->BitMap 704127 (283) BitMap->Full 1568 (0) 
[2026-09-19T07:25:45.160+0000][380.737s][debug][gc,remset] GC(162) Visited cards 4344320 Total dirty 7192576 (60.40%) Total old 17547264 (24.76%)
[2026-09-19T07:25:45.294+0000][380.871s][debug][gc,remset] GC(162) Coarsening (recent): Inline->AoC 40986 (2) AoC->Howl 11978 (6) Howl->Full 5 (0) Inline->AoC 74985 (12) AoC->BitMap 19564 (62) BitMap->Full 55 (0) 
[2026-09-19T07:25:45.294+0000][380.871s][debug][gc,remset] GC(162) Coarsening (all): Inline->AoC 1839168 (41) AoC->Howl 643198 (194) Howl->Full 135 (0) Inline->AoC 3821778 (157) AoC->BitMap 723691 (345) BitMap->Full 1623 (0) 
[2026-09-19T07:25:49.080+0000][384.656s][debug][gc,remset] GC(163) Visited cards 4559872 Total dirty 7176192 (63.54%) Total old 17743872 (25.70%)
[2026-09-19T07:25:49.237+0000][384.814s][debug][gc,remset] GC(163) Coarsening (recent): Inline->AoC 24388 (0) AoC->Howl 6648 (0) Howl->Full 0 (0) Inline->AoC 40637 (1) AoC->BitMap 4387 (0) BitMap->Full 0 (0) 
[2026-09-19T07:25:49.237+0000][384.814s][debug][gc,remset] GC(163) Coarsening (all): Inline->AoC 1863556 (41) AoC->Howl 649846 (194) Howl->Full 135 (0) Inline->AoC 3862415 (158) AoC->BitMap 728078 (345) BitMap->Full 1623 (0) 
[2026-09-19T07:25:52.914+0000][388.491s][debug][gc,remset] GC(164) Visited cards 4381696 Total dirty 7208960 (60.78%) Total old 17580032 (24.92%)
[2026-09-19T07:25:53.051+0000][388.628s][debug][gc,remset] GC(164) Coarsening (recent): Inline->AoC 25566 (0) AoC->Howl 6503 (1) Howl->Full 0 (0) Inline->AoC 39849 (0) AoC->BitMap 3984 (0) BitMap->Full 0 (0) 
[2026-09-19T07:25:53.051+0000][388.628s][debug][gc,remset] GC(164) Coarsening (all): Inline->AoC 1889122 (41) AoC->Howl 656349 (195) Howl->Full 135 (0) Inline->AoC 3902264 (158) AoC->BitMap 732062 (345) BitMap->Full 1623 (0) 
[2026-09-19T07:25:57.575+0000][393.152s][debug][gc,remset] GC(166) Visited cards 4372608 Total dirty 7225344 (60.52%) Total old 17514496 (24.97%)
[2026-09-19T07:25:57.723+0000][393.300s][debug][gc,remset] GC(166) Coarsening (recent): Inline->AoC 30806 (0) AoC->Howl 8194 (0) Howl->Full 5 (0) Inline->AoC 50644 (1) AoC->BitMap 5850 (0) BitMap->Full 49 (0) 
[2026-09-19T07:25:57.723+0000][393.300s][debug][gc,remset] GC(166) Coarsening (all): Inline->AoC 1919928 (41) AoC->Howl 664543 (195) Howl->Full 140 (0) Inline->AoC 3952908 (159) AoC->BitMap 737912 (345) BitMap->Full 1672 (0) 
[2026-09-19T07:26:01.912+0000][397.489s][debug][gc,remset] GC(167) Visited cards 4375040 Total dirty 7241728 (60.41%) Total old 17645568 (24.79%)
[2026-09-19T07:26:02.052+0000][397.629s][debug][gc,remset] GC(167) Coarsening (recent): Inline->AoC 37360 (6) AoC->Howl 10934 (13) Howl->Full 0 (0) Inline->AoC 68209 (10) AoC->BitMap 18334 (24) BitMap->Full 7 (0) 
[2026-09-19T07:26:02.052+0000][397.629s][debug][gc,remset] GC(167) Coarsening (all): Inline->AoC 1957288 (47) AoC->Howl 675477 (208) Howl->Full 140 (0) Inline->AoC 4021117 (169) AoC->BitMap 756246 (369) BitMap->Full 1679 (0) 
[2026-09-19T07:26:06.584+0000][402.161s][debug][gc,remset] GC(168) Visited cards 4542464 Total dirty 7077888 (64.18%) Total old 17858560 (25.44%)
[2026-09-19T07:26:06.755+0000][402.332s][debug][gc,remset] GC(168) Coarsening (recent): Inline->AoC 26612 (0) AoC->Howl 6806 (1) Howl->Full 0 (0) Inline->AoC 41845 (0) AoC->BitMap 4352 (0) BitMap->Full 0 (0) 
[2026-09-19T07:26:06.755+0000][402.332s][debug][gc,remset] GC(168) Coarsening (all): Inline->AoC 1983900 (47) AoC->Howl 682283 (209) Howl->Full 140 (0) Inline->AoC 4062962 (169) AoC->BitMap 760598 (369) BitMap->Full 1679 (0) 
[2026-09-19T07:26:10.392+0000][405.968s][debug][gc,remset] GC(169) Visited cards 4359296 Total dirty 7225344 (60.33%) Total old 17645568 (24.70%)
[2026-09-19T07:26:10.530+0000][406.106s][debug][gc,remset] GC(169) Coarsening (recent): Inline->AoC 25499 (0) AoC->Howl 6623 (0) Howl->Full 0 (0) Inline->AoC 40519 (0) AoC->BitMap 3899 (0) BitMap->Full 0 (0) 
[2026-09-19T07:26:10.530+0000][406.106s][debug][gc,remset] GC(169) Coarsening (all): Inline->AoC 2009399 (47) AoC->Howl 688906 (209) Howl->Full 140 (0) Inline->AoC 4103481 (169) AoC->BitMap 764497 (369) BitMap->Full 1679 (0) 
[2026-09-19T07:26:15.414+0000][410.991s][debug][gc,remset] GC(171) Visited cards 4379648 Total dirty 7274496 (60.21%) Total old 17612800 (24.87%)
[2026-09-19T07:26:15.560+0000][411.137s][debug][gc,remset] GC(171) Coarsening (recent): Inline->AoC 32046 (0) AoC->Howl 8639 (1) Howl->Full 5 (0) Inline->AoC 53590 (2) AoC->BitMap 5959 (1) BitMap->Full 51 (0) 
[2026-09-19T07:26:15.560+0000][411.137s][debug][gc,remset] GC(171) Coarsening (all): Inline->AoC 2041445 (47) AoC->Howl 697545 (210) Howl->Full 145 (0) Inline->AoC 4157071 (171) AoC->BitMap 770456 (370) BitMap->Full 1730 (0) 
[2026-09-19T07:26:19.795+0000][415.372s][debug][gc,remset] GC(172) Visited cards 4334720 Total dirty 7290880 (59.45%) Total old 17809408 (24.34%)
[2026-09-19T07:26:19.932+0000][415.509s][debug][gc,remset] GC(172) Coarsening (recent): Inline->AoC 40732 (2) AoC->Howl 11082 (8) Howl->Full 0 (0) Inline->AoC 68875 (7) AoC->BitMap 17980 (6) BitMap->Full 5 (0) 
[2026-09-19T07:26:19.932+0000][415.509s][debug][gc,remset] GC(172) Coarsening (all): Inline->AoC 2082177 (49) AoC->Howl 708627 (218) Howl->Full 145 (0) Inline->AoC 4225946 (178) AoC->BitMap 788436 (376) BitMap->Full 1735 (0) 
[2026-09-19T07:26:23.585+0000][419.161s][debug][gc,remset] GC(173) Visited cards 4550528 Total dirty 7094272 (64.14%) Total old 18038784 (25.23%)
[2026-09-19T07:26:23.748+0000][419.325s][debug][gc,remset] GC(173) Coarsening (recent): Inline->AoC 25438 (0) AoC->Howl 6633 (0) Howl->Full 0 (0) Inline->AoC 40943 (0) AoC->BitMap 4124 (0) BitMap->Full 0 (0) 
[2026-09-19T07:26:23.748+0000][419.325s][debug][gc,remset] GC(173) Coarsening (all): Inline->AoC 2107615 (49) AoC->Howl 715260 (218) Howl->Full 145 (0) Inline->AoC 4266889 (178) AoC->BitMap 792560 (376) BitMap->Full 1735 (0) 
[2026-09-19T07:26:27.388+0000][422.965s][debug][gc,remset] GC(174) Visited cards 4334848 Total dirty 7258112 (59.72%) Total old 17842176 (24.30%)
[2026-09-19T07:26:27.527+0000][423.104s][debug][gc,remset] GC(174) Coarsening (recent): Inline->AoC 26556 (0) AoC->Howl 6596 (0) Howl->Full 0 (0) Inline->AoC 40617 (0) AoC->BitMap 3673 (0) BitMap->Full 0 (0) 
[2026-09-19T07:26:27.527+0000][423.104s][debug][gc,remset] GC(174) Coarsening (all): Inline->AoC 2134171 (49) AoC->Howl 721856 (218) Howl->Full 145 (0) Inline->AoC 4307506 (178) AoC->BitMap 796233 (376) BitMap->Full 1735 (0) 
[2026-09-19T07:26:32.356+0000][427.933s][debug][gc,remset] GC(176) Visited cards 4342784 Total dirty 7307264 (59.43%) Total old 17793024 (24.41%)
[2026-09-19T07:26:32.503+0000][428.080s][debug][gc,remset] GC(176) Coarsening (recent): Inline->AoC 35509 (2) AoC->Howl 9850 (2) Howl->Full 5 (0) Inline->AoC 62386 (1) AoC->BitMap 9731 (0) BitMap->Full 51 (0) 
[2026-09-19T07:26:32.503+0000][428.080s][debug][gc,remset] GC(176) Coarsening (all): Inline->AoC 2169680 (51) AoC->Howl 731706 (220) Howl->Full 150 (0) Inline->AoC 4369892 (179) AoC->BitMap 805964 (376) BitMap->Full 1786 (0) 
[2026-09-19T07:26:37.857+0000][433.434s][debug][gc,remset] GC(177) Visited cards 4391552 Total dirty 7421952 (59.17%) Total old 18071552 (24.30%)
[2026-09-19T07:26:38.003+0000][433.579s][debug][gc,remset] GC(177) Coarsening (recent): Inline->AoC 39993 (0) AoC->Howl 10362 (21) Howl->Full 0 (0) Inline->AoC 62207 (14) AoC->BitMap 14998 (40) BitMap->Full 5 (0) 
[2026-09-19T07:26:38.003+0000][433.579s][debug][gc,remset] GC(177) Coarsening (all): Inline->AoC 2209673 (51) AoC->Howl 742068 (241) Howl->Full 150 (0) Inline->AoC 4432099 (193) AoC->BitMap 820962 (416) BitMap->Full 1791 (0) 
[2026-09-19T07:26:41.687+0000][437.264s][debug][gc,remset] GC(178) Visited cards 4514048 Total dirty 7208960 (62.62%) Total old 18022400 (25.05%)
[2026-09-19T07:26:41.851+0000][437.427s][debug][gc,remset] GC(178) Visited cards 615680 Total dirty 6062080 (10.16%) Total old 18644992 (3.30%)
[2026-09-19T07:26:41.860+0000][437.436s][debug][gc,remset] GC(178) Coarsening (recent): Inline->AoC 26571 (0) AoC->Howl 6755 (0) Howl->Full 0 (0) Inline->AoC 41746 (0) AoC->BitMap 3541 (1) BitMap->Full 0 (0) 
[2026-09-19T07:26:41.860+0000][437.436s][debug][gc,remset] GC(178) Coarsening (all): Inline->AoC 2236244 (51) AoC->Howl 748823 (241) Howl->Full 150 (0) Inline->AoC 4473845 (193) AoC->BitMap 824503 (417) BitMap->Full 1791 (0) 
[2026-09-19T07:26:45.586+0000][441.162s][debug][gc,remset] GC(179) Visited cards 4383488 Total dirty 7421952 (59.06%) Total old 17793024 (24.64%)
[2026-09-19T07:26:45.727+0000][441.304s][debug][gc,remset] GC(179) Coarsening (recent): Inline->AoC 26005 (0) AoC->Howl 6842 (0) Howl->Full 0 (0) Inline->AoC 42267 (0) AoC->BitMap 3570 (0) BitMap->Full 0 (0) 
[2026-09-19T07:26:45.727+0000][441.304s][debug][gc,remset] GC(179) Coarsening (all): Inline->AoC 2262249 (51) AoC->Howl 755665 (241) Howl->Full 150 (0) Inline->AoC 4516112 (193) AoC->BitMap 828073 (417) BitMap->Full 1791 (0) 
[2026-09-19T07:26:50.598+0000][446.174s][debug][gc,remset] GC(181) Visited cards 4392960 Total dirty 7421952 (59.19%) Total old 17645568 (24.90%)
[2026-09-19T07:26:50.743+0000][446.319s][debug][gc,remset] GC(181) Coarsening (recent): Inline->AoC 37840 (0) AoC->Howl 10628 (1) Howl->Full 5 (0) Inline->AoC 67638 (0) AoC->BitMap 10643 (3) BitMap->Full 51 (0) 
[2026-09-19T07:26:50.743+0000][446.319s][debug][gc,remset] GC(181) Coarsening (all): Inline->AoC 2300089 (51) AoC->Howl 766293 (242) Howl->Full 155 (0) Inline->AoC 4583750 (193) AoC->BitMap 838716 (420) BitMap->Full 1842 (0) 
[2026-09-19T07:26:55.314+0000][450.890s][debug][gc,remset] GC(182) Visited cards 4420352 Total dirty 7454720 (59.30%) Total old 17907712 (24.68%)
[2026-09-19T07:26:55.449+0000][451.026s][debug][gc,remset] GC(182) Coarsening (recent): Inline->AoC 45912 (3) AoC->Howl 11133 (11) Howl->Full 0 (0) Inline->AoC 66522 (9) AoC->BitMap 14751 (24) BitMap->Full 5 (0) 
[2026-09-19T07:26:55.449+0000][451.026s][debug][gc,remset] GC(182) Coarsening (all): Inline->AoC 2346001 (54) AoC->Howl 777426 (253) Howl->Full 155 (0) Inline->AoC 4650272 (202) AoC->BitMap 853467 (444) BitMap->Full 1847 (0) 
[2026-09-19T07:26:59.401+0000][454.978s][debug][gc,remset] GC(183) Visited cards 4733696 Total dirty 7192576 (65.81%) Total old 18219008 (25.98%)
[2026-09-19T07:26:59.570+0000][455.146s][debug][gc,remset] GC(183) Visited cards 892672 Total dirty 5668864 (15.75%) Total old 18874368 (4.73%)
[2026-09-19T07:26:59.581+0000][455.158s][debug][gc,remset] GC(183) Coarsening (recent): Inline->AoC 27430 (0) AoC->Howl 7265 (0) Howl->Full 0 (0) Inline->AoC 45411 (0) AoC->BitMap 3800 (0) BitMap->Full 0 (0) 
[2026-09-19T07:26:59.581+0000][455.158s][debug][gc,remset] GC(183) Coarsening (all): Inline->AoC 2373431 (54) AoC->Howl 784691 (253) Howl->Full 155 (0) Inline->AoC 4695683 (202) AoC->BitMap 857267 (444) BitMap->Full 1847 (0) 
[2026-09-19T07:27:03.570+0000][459.147s][debug][gc,remset] GC(184) Visited cards 4448256 Total dirty 7340032 (60.60%) Total old 18022400 (24.68%)
[2026-09-19T07:27:03.710+0000][459.287s][debug][gc,remset] GC(184) Coarsening (recent): Inline->AoC 27959 (0) AoC->Howl 7061 (0) Howl->Full 0 (0) Inline->AoC 43800 (1) AoC->BitMap 3366 (1) BitMap->Full 0 (0) 
[2026-09-19T07:27:03.710+0000][459.287s][debug][gc,remset] GC(184) Coarsening (all): Inline->AoC 2401390 (54) AoC->Howl 791752 (253) Howl->Full 155 (0) Inline->AoC 4739483 (203) AoC->BitMap 860633 (445) BitMap->Full 1847 (0) 
[2026-09-19T07:27:09.735+0000][465.311s][debug][gc,remset] GC(186) Visited cards 4589568 Total dirty 7389184 (62.11%) Total old 17989632 (25.51%)
[2026-09-19T07:27:09.888+0000][465.465s][debug][gc,remset] GC(186) Coarsening (recent): Inline->AoC 42892 (0) AoC->Howl 12220 (0) Howl->Full 5 (0) Inline->AoC 77604 (0) AoC->BitMap 16183 (0) BitMap->Full 56 (0) 
[2026-09-19T07:27:09.888+0000][465.465s][debug][gc,remset] GC(186) Coarsening (all): Inline->AoC 2444282 (54) AoC->Howl 803972 (253) Howl->Full 160 (0) Inline->AoC 4817087 (203) AoC->BitMap 876816 (445) BitMap->Full 1903 (0) 
[2026-09-19T07:27:14.529+0000][470.106s][debug][gc,remset] GC(187) Visited cards 4699520 Total dirty 7438336 (63.18%) Total old 17940480 (26.20%)
[2026-09-19T07:27:14.667+0000][470.244s][debug][gc,remset] GC(187) Coarsening (recent): Inline->AoC 11862 (3) AoC->Howl 2404 (10) Howl->Full 0 (0) Inline->AoC 12278 (13) AoC->BitMap 7336 (22) BitMap->Full 0 (0) 
[2026-09-19T07:27:14.667+0000][470.244s][debug][gc,remset] GC(187) Coarsening (all): Inline->AoC 2456144 (57) AoC->Howl 806376 (263) Howl->Full 160 (0) Inline->AoC 4829365 (216) AoC->BitMap 884152 (467) BitMap->Full 1903 (0) 
[2026-09-19T07:27:18.900+0000][474.477s][debug][gc,remset] GC(188) Visited cards 5058944 Total dirty 7208960 (70.18%) Total old 18186240 (27.82%)
[2026-09-19T07:27:19.068+0000][474.645s][debug][gc,remset] GC(188) Visited cards 924416 Total dirty 6209536 (14.89%) Total old 18792448 (4.92%)
[2026-09-19T07:27:19.080+0000][474.657s][debug][gc,remset] GC(188) Coarsening (recent): Inline->AoC 1358 (0) AoC->Howl 549 (0) Howl->Full 0 (0) Inline->AoC 3696 (0) AoC->BitMap 2469 (0) BitMap->Full 0 (0) 
[2026-09-19T07:27:19.080+0000][474.657s][debug][gc,remset] GC(188) Coarsening (all): Inline->AoC 2457502 (57) AoC->Howl 806925 (263) Howl->Full 160 (0) Inline->AoC 4833061 (216) AoC->BitMap 886621 (467) BitMap->Full 1903 (0) 
[2026-09-19T07:27:23.358+0000][478.935s][debug][gc,remset] GC(189) Visited cards 5071872 Total dirty 7389184 (68.64%) Total old 17989632 (28.19%)
[2026-09-19T07:27:23.503+0000][479.080s][debug][gc,remset] GC(189) Coarsening (recent): Inline->AoC 1628 (0) AoC->Howl 613 (0) Howl->Full 0 (0) Inline->AoC 3992 (0) AoC->BitMap 2546 (0) BitMap->Full 0 (0) 
[2026-09-19T07:27:23.503+0000][479.080s][debug][gc,remset] GC(189) Coarsening (all): Inline->AoC 2459130 (57) AoC->Howl 807538 (263) Howl->Full 160 (0) Inline->AoC 4837053 (216) AoC->BitMap 889167 (467) BitMap->Full 1903 (0) 
[2026-09-19T07:27:28.241+0000][483.818s][debug][gc,remset] GC(191) Visited cards 5294208 Total dirty 7389184 (71.65%) Total old 17989632 (29.43%)
[2026-09-19T07:27:28.407+0000][483.984s][debug][gc,remset] GC(191) Coarsening (recent): Inline->AoC 27916 (0) AoC->Howl 6946 (0) Howl->Full 5 (0) Inline->AoC 43013 (0) AoC->BitMap 19840 (0) BitMap->Full 56 (0) 
[2026-09-19T07:27:28.407+0000][483.984s][debug][gc,remset] GC(191) Coarsening (all): Inline->AoC 2487046 (57) AoC->Howl 814484 (263) Howl->Full 165 (0) Inline->AoC 4880066 (216) AoC->BitMap 909007 (467) BitMap->Full 1959 (0) 
[2026-09-19T07:27:28.868+0000][484.445s][debug][gc,remset] GC(192) Visited cards 5297664 Total dirty 7389184 (71.69%) Total old 9273344 (57.13%)
[2026-09-19T07:27:29.022+0000][484.598s][debug][gc,remset] GC(192) Coarsening (recent): Inline->AoC 5530 (5) AoC->Howl 1012 (45) Howl->Full 0 (0) Inline->AoC 5491 (51) AoC->BitMap 3061 (212) BitMap->Full 0 (0) 
[2026-09-19T07:27:29.022+0000][484.598s][debug][gc,remset] GC(192) Coarsening (all): Inline->AoC 2492576 (62) AoC->Howl 815496 (308) Howl->Full 165 (0) Inline->AoC 4885557 (267) AoC->BitMap 912068 (679) BitMap->Full 1959 (0) 
[2026-09-19T07:27:33.223+0000][488.800s][debug][gc,remset] GC(193) Visited cards 5042432 Total dirty 7520256 (67.05%) Total old 17760256 (28.39%)
[2026-09-19T07:27:33.308+0000][488.885s][debug][gc,remset] GC(193) Coarsening (recent): Inline->AoC 752 (0) AoC->Howl 449 (0) Howl->Full 0 (0) Inline->AoC 3156 (0) AoC->BitMap 1648 (0) BitMap->Full 0 (0) 
[2026-09-19T07:27:33.308+0000][488.885s][debug][gc,remset] GC(193) Coarsening (all): Inline->AoC 2493328 (62) AoC->Howl 815945 (308) Howl->Full 165 (0) Inline->AoC 4888713 (267) AoC->BitMap 913716 (679) BitMap->Full 1959 (0) 
