[0.003s][info][gc] Using G1
[0.350s][info][gc] GC(0) Pause Young (Concurrent Start) (G1 Humongous Allocation) 242M->3M(513M) 3.568ms
[0.350s][info][gc] GC(1) Concurrent Undo Cycle
[0.350s][info][gc] GC(1) Concurrent Undo Cycle 0.095ms
[0.438s][info][gc] GC(2) Pause Young (Normal) (G1 Evacuation Pause) 215M->2M(513M) 3.087ms
[1.755s][info][gc] GC(3) Pause Young (Concurrent Start) (Metadata GC Threshold) 312M->15M(513M) 11.899ms
[1.755s][info][gc] GC(4) Concurrent Mark Cycle
[1.767s][info][gc] GC(4) Pause Remark 16M->16M(512M) 4.541ms
[1.774s][info][gc] GC(4) Pause Cleanup 17M->17M(512M) 0.134ms
[1.780s][info][gc] GC(4) Concurrent Mark Cycle 24.408ms
[2.162s][info][gc] GC(5) Pause Young (Prepare Mixed) (G1 Evacuation Pause) 65M->31M(512M) 21.416ms
[2.204s][info][gc] GC(6) Pause Young (Mixed) (G1 Evacuation Pause) 48M->40M(512M) 17.138ms
[2.286s][info][gc] GC(7) Pause Young (Normal) (G1 Evacuation Pause) 67M->53M(512M) 15.713ms
[2.362s][info][gc] GC(8) Pause Young (Normal) (G1 Evacuation Pause) 83M->68M(512M) 14.004ms
[2.406s][info][gc] GC(9) Pause Young (Normal) (G1 Evacuation Pause) 103M->88M(930M) 16.830ms
[2.563s][info][gc] GC(10) Pause Young (Normal) (G1 Evacuation Pause) 133M->110M(930M) 21.949ms
[2.682s][info][gc] GC(11) Pause Young (Normal) (G1 Evacuation Pause) 150M->133M(930M) 31.195ms
[3.011s][info][gc] GC(12) Pause Young (Normal) (G1 Evacuation Pause) 173M->153M(930M) 27.637ms
[3.279s][info][gc] GC(13) Pause Young (Concurrent Start) (Metadata GC Threshold) 170M->156M(1201M) 11.177ms
[3.279s][info][gc] GC(14) Concurrent Mark Cycle
[3.498s][info][gc] GC(14) Pause Remark 161M->157M(527M) 6.629ms
[3.595s][info][gc] GC(14) Pause Cleanup 160M->160M(527M) 0.257ms
[3.597s][info][gc] GC(14) Concurrent Mark Cycle 317.254ms
[4.135s][info][gc] GC(15) Pause Young (Prepare Mixed) (G1 Evacuation Pause) 261M->163M(527M) 41.728ms
[6.168s][info][gc] GC(16) Pause Young (Mixed) (G1 Evacuation Pause) 434M->200M(527M) 78.706ms
[6.342s][info][gc] GC(17) Pause Young (Normal) (G1 Evacuation Pause) 303M->240M(527M) 78.134ms
[6.460s][info][gc] GC(18) Pause Young (Concurrent Start) (Metadata GC Threshold) 318M->265M(527M) 51.159ms
[6.460s][info][gc] GC(19) Concurrent Mark Cycle
[6.805s][info][gc] GC(19) Pause Remark 267M->242M(527M) 9.472ms
[6.945s][info][gc] GC(19) Pause Cleanup 243M->243M(527M) 0.264ms
[6.955s][info][gc] GC(19) Concurrent Mark Cycle 494.852ms
[9.035s][info][gc] GC(20) Pause Young (Prepare Mixed) (G1 Evacuation Pause) 382M->264M(527M) 61.482ms
[9.863s][info][gc] GC(21) Pause Young (Mixed) (G1 Evacuation Pause) 421M->258M(527M) 27.870ms
[10.852s][info][gc] GC(22) Pause Young (Mixed) (G1 Evacuation Pause) 428M->245M(527M) 51.529ms
[11.289s][info][gc] GC(23) Pause Young (Concurrent Start) (G1 Humongous Allocation) 408M->249M(527M) 22.222ms
[11.289s][info][gc] GC(24) Concurrent Mark Cycle
[11.895s][info][gc] GC(24) Pause Remark 328M->328M(549M) 16.607ms
[12.199s][info][gc] GC(24) Pause Cleanup 355M->355M(549M) 0.283ms
[12.202s][info][gc] GC(24) Concurrent Mark Cycle 913.541ms
[12.686s][info][gc] GC(25) Pause Young (Prepare Mixed) (G1 Evacuation Pause) 454M->299M(549M) 83.159ms
[13.779s][info][gc] GC(26) Pause Young (Mixed) (G1 Evacuation Pause) 473M->327M(909M) 81.742ms
[14.540s][info][gc] GC(27) Pause Young (Normal) (G1 Evacuation Pause) 505M->333M(909M) 58.530ms
[33.260s][info][gc] GC(28) Pause Young (Normal) (G1 Evacuation Pause) 740M->355M(909M) 62.841ms
[35.778s][info][gc] GC(29) Pause Young (Concurrent Start) (G1 Evacuation Pause) 783M->376M(909M) 55.263ms
[35.778s][info][gc] GC(30) Concurrent Mark Cycle
[36.567s][info][gc] GC(30) Pause Remark 450M->408M(909M) 24.097ms
[36.968s][info][gc] GC(30) Pause Cleanup 445M->445M(909M) 0.454ms
[36.979s][info][gc] GC(30) Concurrent Mark Cycle 1201.530ms
[40.056s][info][gc] GC(31) Pause Young (Prepare Mixed) (G1 Evacuation Pause) 753M->347M(909M) 75.051ms
[43.253s][info][gc] GC(32) Pause Young (Mixed) (G1 Evacuation Pause) 809M->331M(909M) 71.105ms
[46.079s][info][gc] GC(33) Pause Young (Concurrent Start) (G1 Evacuation Pause) 813M->344M(909M) 36.410ms
[46.079s][info][gc] GC(34) Concurrent Mark Cycle
[46.748s][info][gc] GC(34) Pause Remark 427M->427M(909M) 74.370ms
[47.059s][info][gc] GC(34) Pause Cleanup 458M->458M(909M) 0.440ms
[47.061s][info][gc] GC(34) Concurrent Mark Cycle 981.826ms
[54.297s][info][gc] GC(35) Pause Young (Prepare Mixed) (G1 Evacuation Pause) 824M->355M(909M) 35.385ms
[55.063s][info][gc] GC(36) Pause Young (Mixed) (G1 Evacuation Pause) 833M->344M(909M) 19.525ms
