2026-09-24T21:45:22.7155703Z Current runner version: '2.337.0'
2026-09-24T21:45:22.7183072Z ##[group]Runner Image Provisioner
2026-09-24T21:45:22.7183975Z Hosted Compute Agent
2026-09-24T21:45:22.7184541Z Version: 20260828.587
2026-09-24T21:45:22.7185169Z Commit: abac92662cab4cc7352de4f9f9d2e2419aad9c29
2026-09-24T21:45:22.7185836Z Build Date: 2026-08-28T16:44:25Z
2026-09-24T21:45:22.7186550Z Worker ID: {9be83b65-fab9-4d8c-a55e-fb3952170940}
2026-09-24T21:45:22.7187248Z Azure Region: centralus
2026-09-24T21:45:22.7187786Z ##[endgroup]
2026-09-24T21:45:22.7189152Z ##[group]Operating System
2026-09-24T21:45:22.7189767Z Ubuntu
2026-09-24T21:45:22.7190301Z 24.04.5
2026-09-24T21:45:22.7190824Z LTS
2026-09-24T21:45:22.7191331Z ##[endgroup]
2026-09-24T21:45:22.7191874Z ##[group]Runner Image
2026-09-24T21:45:22.7192435Z Image: ubuntu-24.04
2026-09-24T21:45:22.7193411Z Version: 20260920.314.1
2026-09-24T21:45:22.7194761Z Included Software: https://github.com/actions/runner-images/blob/ubuntu24/20260920.314/images/ubuntu/Ubuntu2404-Readme.md
2026-09-24T21:45:22.7196217Z Image Release: https://github.com/actions/runner-images/releases/tag/ubuntu24%2F20260920.314
2026-09-24T21:45:22.7197090Z ##[endgroup]
2026-09-24T21:45:22.7198156Z ##[group]GITHUB_TOKEN Permissions
2026-09-24T21:45:22.7200656Z Contents: read
2026-09-24T21:45:22.7201257Z Metadata: read
2026-09-24T21:45:22.7201828Z ##[endgroup]
2026-09-24T21:45:22.7204076Z Secret source: Actions
2026-09-24T21:45:22.7205109Z Cache mode: write
2026-09-24T21:45:22.7205988Z Prepare workflow directory
2026-09-24T21:45:22.7511827Z Prepare all required actions
2026-09-24T21:45:22.7560798Z Getting action download info
2026-09-24T21:45:23.0859504Z Download action repository 'actions/checkout@v4' (SHA:11d5960a326750d5838078e36cf38b85af677262)
2026-09-24T21:45:23.1647659Z Download action repository 'dtolnay/rust-toolchain@stable' (SHA:6bed0761d98439e5a578e2877258200ad565ba87)
2026-09-24T21:45:23.3484933Z Download action repository 'Swatinem/rust-cache@v2' (SHA:6323deb102c322ba6fcbdcafc7e3dddab59af2b6)
2026-09-24T21:45:23.8497810Z Download action repository 'actions/setup-java@v4' (SHA:cf277c60eb25467037889841efdb72551f06f6c3)
2026-09-24T21:45:24.5160500Z Download action repository 'actions/upload-artifact@v4' (SHA:ea165f8d65b6e75b540449e92b4886f43607fa02)
2026-09-24T21:45:24.8669421Z Complete job name: world-bench
2026-09-24T21:45:24.9461660Z ##[group]Run actions/checkout@v4
2026-09-24T21:45:24.9463092Z with:
2026-09-24T21:45:24.9464015Z   repository: PLANETA9091/c-crussty
2026-09-24T21:45:24.9470821Z   token: ***
2026-09-24T21:45:24.9471663Z   ssh-strict: true
2026-09-24T21:45:24.9472613Z   ssh-user: git
2026-09-24T21:45:24.9473465Z   persist-credentials: true
2026-09-24T21:45:24.9474389Z   clean: true
2026-09-24T21:45:24.9475267Z   sparse-checkout-cone-mode: true
2026-09-24T21:45:24.9476232Z   fetch-depth: 1
2026-09-24T21:45:24.9477045Z   fetch-tags: false
2026-09-24T21:45:24.9477869Z   show-progress: true
2026-09-24T21:45:24.9478730Z   lfs: false
2026-09-24T21:45:24.9479530Z   submodules: false
2026-09-24T21:45:24.9480407Z   set-safe-directory: true
2026-09-24T21:45:24.9481366Z   allow-unsafe-pr-checkout: false
2026-09-24T21:45:24.9482666Z ##[endgroup]
2026-09-24T21:45:25.0482854Z Syncing repository: PLANETA9091/c-crussty
2026-09-24T21:45:25.0486968Z ##[group]Getting Git version info
2026-09-24T21:45:25.0489050Z Working directory is '/home/runner/work/c-crussty/c-crussty'
2026-09-24T21:45:25.0491778Z [command]/usr/bin/git version
2026-09-24T21:45:25.0502184Z git version 2.55.0
2026-09-24T21:45:25.0521181Z ##[endgroup]
2026-09-24T21:45:25.0534338Z Temporarily overriding HOME='/home/runner/work/_temp/f9e0157d-25a4-47ef-a7b4-d69cabd94c01' before making global git config changes
2026-09-24T21:45:25.0538266Z Adding repository directory to the temporary git global config as a safe directory
2026-09-24T21:45:25.0541432Z [command]/usr/bin/git config --global --add safe.directory /home/runner/work/c-crussty/c-crussty
2026-09-24T21:45:25.0585705Z Deleting the contents of '/home/runner/work/c-crussty/c-crussty'
2026-09-24T21:45:25.0601101Z ##[group]Initializing the repository
2026-09-24T21:45:25.0604237Z [command]/usr/bin/git init /home/runner/work/c-crussty/c-crussty
2026-09-24T21:45:25.0700995Z hint: Using 'master' as the name for the initial branch. This default branch name
2026-09-24T21:45:25.0703373Z hint: will change to "main" in Git 3.0. To configure the initial branch name
2026-09-24T21:45:25.0705970Z hint: to use in all of your new repositories, which will suppress this warning,
2026-09-24T21:45:25.0707890Z hint: call:
2026-09-24T21:45:25.0708993Z hint:
2026-09-24T21:45:25.0709995Z hint: 	git config --global init.defaultBranch <name>
2026-09-24T21:45:25.0711203Z hint:
2026-09-24T21:45:25.0712365Z hint: Names commonly chosen instead of 'master' are 'main', 'trunk' and
2026-09-24T21:45:25.0714270Z hint: 'development'. The just-created branch can be renamed via this command:
2026-09-24T21:45:25.0715634Z hint:
2026-09-24T21:45:25.0716962Z hint: 	git branch -m <name>
2026-09-24T21:45:25.0718252Z hint:
2026-09-24T21:45:25.0719408Z hint: Disable this message with "git config set advice.defaultBranchName false"
2026-09-24T21:45:25.0721233Z Initialized empty Git repository in /home/runner/work/c-crussty/c-crussty/.git/
2026-09-24T21:45:25.0728272Z [command]/usr/bin/git remote add origin https://github.com/PLANETA9091/c-crussty
2026-09-24T21:45:25.0767022Z ##[endgroup]
2026-09-24T21:45:25.0769060Z ##[group]Disabling automatic garbage collection
2026-09-24T21:45:25.0770855Z [command]/usr/bin/git config --local gc.auto 0
2026-09-24T21:45:25.0800692Z ##[endgroup]
2026-09-24T21:45:25.0802403Z ##[group]Setting up auth
2026-09-24T21:45:25.0808299Z [command]/usr/bin/git config --local --name-only --get-regexp core\.sshCommand
2026-09-24T21:45:25.0838222Z [command]/usr/bin/git submodule foreach --recursive sh -c "git config --local --name-only --get-regexp 'core\.sshCommand' && git config --local --unset-all 'core.sshCommand' || :"
2026-09-24T21:45:25.1165969Z [command]/usr/bin/git config --local --name-only --get-regexp http\.https\:\/\/github\.com\/\.extraheader
2026-09-24T21:45:25.1199477Z [command]/usr/bin/git submodule foreach --recursive sh -c "git config --local --name-only --get-regexp 'http\.https\:\/\/github\.com\/\.extraheader' && git config --local --unset-all 'http.https://github.com/.extraheader' || :"
2026-09-24T21:45:25.1390681Z [command]/usr/bin/git config --local --name-only --get-regexp ^includeIf\.gitdir:
2026-09-24T21:45:25.1420591Z [command]/usr/bin/git submodule foreach --recursive git config --local --show-origin --name-only --get-regexp remote.origin.url
2026-09-24T21:45:25.1606312Z [command]/usr/bin/git config --local http.https://github.com/.extraheader AUTHORIZATION: basic ***
2026-09-24T21:45:25.1641302Z ##[endgroup]
2026-09-24T21:45:25.1643487Z ##[group]Fetching the repository
2026-09-24T21:45:25.1652314Z [command]/usr/bin/git -c protocol.version=2 fetch --no-tags --prune --no-recurse-submodules --depth=1 origin +d02a29777eda74eb9e9d48430ee382baa59147e3:refs/remotes/origin/round-450-anchor-39
2026-09-24T21:45:38.8526294Z From https://github.com/PLANETA9091/c-crussty
2026-09-24T21:45:38.8527484Z  * [new ref]         d02a29777eda74eb9e9d48430ee382baa59147e3 -> origin/round-450-anchor-39
2026-09-24T21:45:38.8530110Z ##[endgroup]
2026-09-24T21:45:38.8531051Z ##[group]Determining the checkout info
2026-09-24T21:45:38.8533021Z ##[endgroup]
2026-09-24T21:45:38.8540086Z [command]/usr/bin/git sparse-checkout disable
2026-09-24T21:45:38.8590555Z [command]/usr/bin/git config --local --unset-all extensions.worktreeConfig
2026-09-24T21:45:38.8618305Z ##[group]Checking out the ref
2026-09-24T21:45:38.8623147Z [command]/usr/bin/git checkout --progress --force -B round-450-anchor-39 refs/remotes/origin/round-450-anchor-39
2026-09-24T21:45:39.8852222Z Updating files:  86% (3598/4164)
2026-09-24T21:45:39.9100991Z Updating files:  87% (3623/4164)
2026-09-24T21:45:39.9124109Z Updating files:  88% (3665/4164)
2026-09-24T21:45:39.9195535Z Updating files:  89% (3706/4164)
2026-09-24T21:45:39.9221020Z Updating files:  90% (3748/4164)
2026-09-24T21:45:39.9234649Z Updating files:  91% (3790/4164)
2026-09-24T21:45:39.9248576Z Updating files:  92% (3831/4164)
2026-09-24T21:45:39.9267655Z Updating files:  93% (3873/4164)
2026-09-24T21:45:39.9287883Z Updating files:  94% (3915/4164)
2026-09-24T21:45:39.9306837Z Updating files:  95% (3956/4164)
2026-09-24T21:45:39.9361131Z Updating files:  96% (3998/4164)
2026-09-24T21:45:39.9405655Z Updating files:  97% (4040/4164)
2026-09-24T21:45:39.9444286Z Updating files:  98% (4081/4164)
2026-09-24T21:45:39.9572800Z Updating files:  99% (4123/4164)
2026-09-24T21:45:39.9573462Z Updating files: 100% (4164/4164)
2026-09-24T21:45:39.9573971Z Updating files: 100% (4164/4164), done.
2026-09-24T21:45:39.9631823Z Switched to a new branch 'round-450-anchor-39'
2026-09-24T21:45:39.9635551Z branch 'round-450-anchor-39' set up to track 'origin/round-450-anchor-39'.
2026-09-24T21:45:39.9659872Z ##[endgroup]
2026-09-24T21:45:39.9698862Z [command]/usr/bin/git log -1 --format=%H
2026-09-24T21:45:39.9720760Z d02a29777eda74eb9e9d48430ee382baa59147e3
2026-09-24T21:45:39.9947323Z ##[group]Run set -euo pipefail
2026-09-24T21:45:39.9947785Z [36;1mset -euo pipefail[0m
2026-09-24T21:45:39.9948069Z [36;1mIDX=$(python3 -c '[0m
2026-09-24T21:45:39.9948290Z [36;1mimport time[0m
2026-09-24T21:45:39.9948495Z [36;1mt=time.time(); x=1[0m
2026-09-24T21:45:39.9948716Z [36;1mfor _ in range(6000000):[0m
2026-09-24T21:45:39.9948967Z [36;1m    x=(x*1103515245+12345)&0x7fffffff[0m
2026-09-24T21:45:39.9949252Z [36;1mprint(f"{6000000/(time.time()-t):.0f}")')[0m
2026-09-24T21:45:39.9949564Z [36;1mecho "runner_cpu_index=$IDX band=[6000000,9500000]"[0m
2026-09-24T21:45:39.9949906Z [36;1mif [ "$IDX" -lt "6000000" ] || [ "$IDX" -gt "9500000" ]; then[0m
2026-09-24T21:45:39.9950441Z [36;1m  echo "::notice::runner_cpu_index=$IDX OUTSIDE band — fast-fail pre-download (pairing discard, not a bench failure)"[0m
2026-09-24T21:45:39.9950875Z [36;1m  exit 1[0m
2026-09-24T21:45:39.9951057Z [36;1mfi[0m
2026-09-24T21:45:40.0125783Z shell: /usr/bin/bash -e {0}
2026-09-24T21:45:40.0126421Z ##[endgroup]
2026-09-24T21:45:40.6568919Z runner_cpu_index=9683316 band=[6000000,9500000]
2026-09-24T21:45:40.6589125Z ##[notice]runner_cpu_index=9683316 OUTSIDE band — fast-fail pre-download (pairing discard, not a bench failure)
2026-09-24T21:45:40.6599099Z ##[error]Process completed with exit code 1.
2026-09-24T21:45:40.6721755Z ##[group]Run actions/upload-artifact@v4
2026-09-24T21:45:40.6722026Z with:
2026-09-24T21:45:40.6722234Z   name: world3-bench
2026-09-24T21:45:40.6723798Z   path: world3-run/BOTTLENECKS_3.md
world3-run/cpu-collapsed.txt
world3-run/wall-collapsed.txt
world3-run/alloc-collapsed.txt
world3-run/cpu-flamegraph.html
world3-run/server-stdout.log
world3-run/gc.log
world3-run/remset.log
world3-run/refine.log
world3-run/recon.jfr
world3-run/ap.log
world3-run/run-env.txt
world3-run/pclip-materialize.log
world3-run/chunk-parse-diag.txt
world3-run/entity-recon.txt
world3-run/patched-kernel.jar
world3-run/spark-report/

2026-09-24T21:45:40.6725283Z   if-no-files-found: warn
2026-09-24T21:45:40.6725545Z   compression-level: 6
2026-09-24T21:45:40.6725761Z   overwrite: false
2026-09-24T21:45:40.6725980Z   include-hidden-files: false
2026-09-24T21:45:40.6726221Z ##[endgroup]
2026-09-24T21:45:40.8251497Z (node:2218) [DEP0040] DeprecationWarning: The `punycode` module is deprecated. Please use a userland alternative instead.
2026-09-24T21:45:40.8252719Z (Use `node --trace-deprecation ...` to show where the warning was created)
2026-09-24T21:45:40.8342297Z Multiple search paths detected. Calculating the least common ancestor of all paths
2026-09-24T21:45:40.8349065Z The least common ancestor is /home/runner/work/c-crussty/c-crussty/world3-run. This will be the root directory of the artifact
2026-09-24T21:45:40.8361526Z ##[warning]No files were found with the provided path: world3-run/BOTTLENECKS_3.md
world3-run/cpu-collapsed.txt
world3-run/wall-collapsed.txt
world3-run/alloc-collapsed.txt
world3-run/cpu-flamegraph.html
world3-run/server-stdout.log
world3-run/gc.log
world3-run/remset.log
world3-run/refine.log
world3-run/recon.jfr
world3-run/ap.log
world3-run/run-env.txt
world3-run/pclip-materialize.log
world3-run/chunk-parse-diag.txt
world3-run/entity-recon.txt
world3-run/patched-kernel.jar
world3-run/spark-report/. No artifacts will be uploaded.
2026-09-24T21:45:40.8516376Z Post job cleanup.
2026-09-24T21:45:40.9323738Z [command]/usr/bin/git version
2026-09-24T21:45:40.9365508Z git version 2.55.0
2026-09-24T21:45:40.9415836Z Temporarily overriding HOME='/home/runner/work/_temp/5e497ff5-419a-4836-b57d-39aee74cd7f3' before making global git config changes
2026-09-24T21:45:40.9416489Z Adding repository directory to the temporary git global config as a safe directory
2026-09-24T21:45:40.9417024Z [command]/usr/bin/git config --global --add safe.directory /home/runner/work/c-crussty/c-crussty
2026-09-24T21:45:40.9447002Z [command]/usr/bin/git config --local --name-only --get-regexp core\.sshCommand
2026-09-24T21:45:40.9476813Z [command]/usr/bin/git submodule foreach --recursive sh -c "git config --local --name-only --get-regexp 'core\.sshCommand' && git config --local --unset-all 'core.sshCommand' || :"
2026-09-24T21:45:40.9717540Z [command]/usr/bin/git config --local --name-only --get-regexp http\.https\:\/\/github\.com\/\.extraheader
2026-09-24T21:45:40.9746153Z http.https://github.com/.extraheader
2026-09-24T21:45:40.9767912Z [command]/usr/bin/git config --local --unset-all http.https://github.com/.extraheader
2026-09-24T21:45:40.9813134Z [command]/usr/bin/git submodule foreach --recursive sh -c "git config --local --name-only --get-regexp 'http\.https\:\/\/github\.com\/\.extraheader' && git config --local --unset-all 'http.https://github.com/.extraheader' || :"
2026-09-24T21:45:41.0127697Z [command]/usr/bin/git config --local --name-only --get-regexp ^includeIf\.gitdir:
2026-09-24T21:45:41.0167362Z [command]/usr/bin/git submodule foreach --recursive git config --local --show-origin --name-only --get-regexp remote.origin.url
2026-09-24T21:45:41.0526576Z Cleaning up orphan processes
2026-09-24T21:45:41.0723299Z ##[warning]Node.js 20 is deprecated. The following actions target Node.js 20 but are being forced to run on Node.js 24: actions/checkout@v4, actions/upload-artifact@v4. For more information see: https://github.blog/changelog/2025-09-19-deprecation-of-node-20-on-github-actions-runners/
