[2026-09-22T11:55:40.579+0000][0.014s][info][gc,init] CardTable entry size: 512
[2026-09-22T11:55:40.579+0000][0.014s][info][gc     ] Using Parallel
[2026-09-22T11:55:40.590+0000][0.024s][info][gc,init] Version: 21.0.12.1+1-LTS (release)
[2026-09-22T11:55:40.590+0000][0.024s][info][gc,init] CPUs: 4 total, 4 available
[2026-09-22T11:55:40.590+0000][0.024s][info][gc,init] Memory: 15989M
[2026-09-22T11:55:40.590+0000][0.024s][info][gc,init] Large Page Support: Disabled
[2026-09-22T11:55:40.590+0000][0.024s][info][gc,init] NUMA Support: Disabled
[2026-09-22T11:55:40.590+0000][0.025s][info][gc,init] Compressed Oops: Enabled (Zero based)
[2026-09-22T11:55:40.590+0000][0.025s][info][gc,init] Alignments: Space 512K, Generation 512K, Heap 2M
[2026-09-22T11:55:40.590+0000][0.025s][info][gc,init] Heap Min Capacity: 4G
[2026-09-22T11:55:40.590+0000][0.025s][info][gc,init] Heap Initial Capacity: 4G
[2026-09-22T11:55:40.590+0000][0.025s][info][gc,init] Heap Max Capacity: 10G
[2026-09-22T11:55:40.590+0000][0.025s][info][gc,init] Pre-touch: Disabled
[2026-09-22T11:55:40.590+0000][0.025s][info][gc,init] Parallel Workers: 4
[2026-09-22T11:55:40.599+0000][0.034s][info][gc,metaspace] CDS archive(s) mapped at: [0x00007f1058000000-0x00007f1058c9c000-0x00007f1058c9c000), size 13221888, SharedBaseAddress: 0x00007f1058000000, ArchiveRelocationMode: 1.
[2026-09-22T11:55:40.599+0000][0.034s][info][gc,metaspace] Compressed class space mapped at: 0x00007f1059000000-0x00007f1099000000, reserved size: 1073741824
[2026-09-22T11:55:40.599+0000][0.034s][info][gc,metaspace] Narrow klass base: 0x00007f1058000000, Narrow klass shift: 0, Narrow klass range: 0x100000000
[2026-09-22T11:55:42.949+0000][2.384s][info][gc,start    ] GC(0) Pause Young (Metadata GC Threshold)
[2026-09-22T11:55:42.955+0000][2.390s][info][gc,heap     ] GC(0) PSYoungGen: 919402K(1223168K)->12689K(1223168K) Eden: 919402K(1048576K)->0K(1048576K) From: 0K(174592K)->12689K(174592K)
[2026-09-22T11:55:42.955+0000][2.390s][info][gc,heap     ] GC(0) ParOldGen: 1073K(2796544K)->1145K(2796544K)
[2026-09-22T11:55:42.955+0000][2.390s][info][gc,metaspace] GC(0) Metaspace: 21078K(21504K)->21078K(21504K) NonClass: 18702K(18944K)->18702K(18944K) Class: 2376K(2560K)->2376K(2560K)
[2026-09-22T11:55:42.955+0000][2.390s][info][gc          ] GC(0) Pause Young (Metadata GC Threshold) 898M->13M(3925M) 6.152ms
[2026-09-22T11:55:42.955+0000][2.390s][info][gc,cpu      ] GC(0) User=0.02s Sys=0.00s Real=0.01s
[2026-09-22T11:55:42.955+0000][2.390s][info][gc,start    ] GC(1) Pause Full (Metadata GC Threshold)
[2026-09-22T11:55:42.955+0000][2.390s][info][gc,phases,start] GC(1) Marking Phase
[2026-09-22T11:55:42.963+0000][2.398s][info][gc,phases      ] GC(1) Marking Phase 7.829ms
[2026-09-22T11:55:42.963+0000][2.398s][info][gc,phases,start] GC(1) Summary Phase
[2026-09-22T11:55:42.963+0000][2.398s][info][gc,phases      ] GC(1) Summary Phase 0.009ms
[2026-09-22T11:55:42.963+0000][2.398s][info][gc,phases,start] GC(1) Adjust Roots
[2026-09-22T11:55:42.966+0000][2.401s][info][gc,phases      ] GC(1) Adjust Roots 2.895ms
[2026-09-22T11:55:42.966+0000][2.401s][info][gc,phases,start] GC(1) Compaction Phase
[2026-09-22T11:55:42.973+0000][2.408s][info][gc,phases      ] GC(1) Compaction Phase 7.122ms
[2026-09-22T11:55:42.973+0000][2.408s][info][gc,phases,start] GC(1) Post Compact
[2026-09-22T11:55:42.974+0000][2.409s][info][gc,phases      ] GC(1) Post Compact 1.259ms
[2026-09-22T11:55:42.974+0000][2.409s][info][gc,heap        ] GC(1) PSYoungGen: 12689K(1223168K)->0K(1223168K) Eden: 0K(1048576K)->0K(1048576K) From: 12689K(174592K)->0K(174592K)
[2026-09-22T11:55:42.974+0000][2.409s][info][gc,heap        ] GC(1) ParOldGen: 1145K(2796544K)->13582K(2796544K)
[2026-09-22T11:55:42.974+0000][2.409s][info][gc,metaspace   ] GC(1) Metaspace: 21078K(21504K)->21078K(21504K) NonClass: 18702K(18944K)->18702K(18944K) Class: 2376K(2560K)->2376K(2560K)
[2026-09-22T11:55:42.974+0000][2.409s][info][gc             ] GC(1) Pause Full (Metadata GC Threshold) 13M->13M(3925M) 19.269ms
[2026-09-22T11:55:42.974+0000][2.409s][info][gc,cpu         ] GC(1) User=0.05s Sys=0.00s Real=0.02s
[2026-09-22T11:55:44.106+0000][3.541s][info][gc,start       ] GC(2) Pause Young (Metadata GC Threshold)
[2026-09-22T11:55:44.127+0000][3.562s][info][gc,heap        ] GC(2) PSYoungGen: 458905K(1223168K)->50937K(1223168K) Eden: 458905K(1048576K)->0K(1048576K) From: 0K(174592K)->50937K(174592K)
[2026-09-22T11:55:44.127+0000][3.562s][info][gc,heap        ] GC(2) ParOldGen: 13582K(2796544K)->13590K(2796544K)
[2026-09-22T11:55:44.127+0000][3.562s][info][gc,metaspace   ] GC(2) Metaspace: 35383K(35840K)->35383K(35840K) NonClass: 31276K(31552K)->31276K(31552K) Class: 4107K(4288K)->4107K(4288K)
[2026-09-22T11:55:44.127+0000][3.562s][info][gc             ] GC(2) Pause Young (Metadata GC Threshold) 461M->63M(3925M) 21.314ms
[2026-09-22T11:55:44.127+0000][3.562s][info][gc,cpu         ] GC(2) User=0.07s Sys=0.01s Real=0.02s
[2026-09-22T11:55:44.127+0000][3.562s][info][gc,start       ] GC(3) Pause Full (Metadata GC Threshold)
[2026-09-22T11:55:44.127+0000][3.562s][info][gc,phases,start] GC(3) Marking Phase
[2026-09-22T11:55:44.150+0000][3.585s][info][gc,phases      ] GC(3) Marking Phase 22.655ms
[2026-09-22T11:55:44.150+0000][3.585s][info][gc,phases,start] GC(3) Summary Phase
[2026-09-22T11:55:44.150+0000][3.585s][info][gc,phases      ] GC(3) Summary Phase 0.019ms
[2026-09-22T11:55:44.150+0000][3.585s][info][gc,phases,start] GC(3) Adjust Roots
[2026-09-22T11:55:44.153+0000][3.588s][info][gc,phases      ] GC(3) Adjust Roots 3.265ms
[2026-09-22T11:55:44.153+0000][3.588s][info][gc,phases,start] GC(3) Compaction Phase
[2026-09-22T11:55:44.192+0000][3.627s][info][gc,phases      ] GC(3) Compaction Phase 39.102ms
[2026-09-22T11:55:44.192+0000][3.627s][info][gc,phases,start] GC(3) Post Compact
[2026-09-22T11:55:44.193+0000][3.628s][info][gc,phases      ] GC(3) Post Compact 0.832ms
[2026-09-22T11:55:44.193+0000][3.628s][info][gc,heap        ] GC(3) PSYoungGen: 50937K(1223168K)->0K(1223168K) Eden: 0K(1048576K)->0K(1048576K) From: 50937K(174592K)->0K(174592K)
[2026-09-22T11:55:44.193+0000][3.628s][info][gc,heap        ] GC(3) ParOldGen: 13590K(2796544K)->64232K(2796544K)
[2026-09-22T11:55:44.193+0000][3.628s][info][gc,metaspace   ] GC(3) Metaspace: 35383K(35840K)->35383K(35840K) NonClass: 31276K(31552K)->31276K(31552K) Class: 4107K(4288K)->4107K(4288K)
[2026-09-22T11:55:44.193+0000][3.628s][info][gc             ] GC(3) Pause Full (Metadata GC Threshold) 63M->62M(3925M) 66.019ms
[2026-09-22T11:55:44.193+0000][3.628s][info][gc,cpu         ] GC(3) User=0.22s Sys=0.00s Real=0.07s
[2026-09-22T11:55:46.021+0000][5.456s][info][gc,start       ] GC(4) Pause Young (Metadata GC Threshold)
[2026-09-22T11:55:46.060+0000][5.495s][info][gc,heap        ] GC(4) PSYoungGen: 402921K(1223168K)->42929K(1223168K) Eden: 402921K(1048576K)->0K(1048576K) From: 0K(174592K)->42929K(174592K)
[2026-09-22T11:55:46.060+0000][5.495s][info][gc,heap        ] GC(4) ParOldGen: 64232K(2796544K)->64248K(2796544K)
[2026-09-22T11:55:46.060+0000][5.495s][info][gc,metaspace   ] GC(4) Metaspace: 59160K(59776K)->59160K(59776K) NonClass: 50545K(50880K)->50545K(50880K) Class: 8614K(8896K)->8614K(8896K)
[2026-09-22T11:55:46.061+0000][5.495s][info][gc             ] GC(4) Pause Young (Metadata GC Threshold) 456M->104M(3925M) 39.599ms
[2026-09-22T11:55:46.061+0000][5.495s][info][gc,cpu         ] GC(4) User=0.15s Sys=0.00s Real=0.04s
[2026-09-22T11:55:46.061+0000][5.495s][info][gc,start       ] GC(5) Pause Full (Metadata GC Threshold)
[2026-09-22T11:55:46.061+0000][5.495s][info][gc,phases,start] GC(5) Marking Phase
[2026-09-22T11:55:46.116+0000][5.551s][info][gc,phases      ] GC(5) Marking Phase 55.102ms
[2026-09-22T11:55:46.116+0000][5.551s][info][gc,phases,start] GC(5) Summary Phase
[2026-09-22T11:55:46.116+0000][5.551s][info][gc,phases      ] GC(5) Summary Phase 0.011ms
[2026-09-22T11:55:46.116+0000][5.551s][info][gc,phases,start] GC(5) Adjust Roots
[2026-09-22T11:55:46.123+0000][5.558s][info][gc,phases      ] GC(5) Adjust Roots 7.336ms
[2026-09-22T11:55:46.123+0000][5.558s][info][gc,phases,start] GC(5) Compaction Phase
[2026-09-22T11:55:46.207+0000][5.642s][info][gc,phases      ] GC(5) Compaction Phase 83.959ms
[2026-09-22T11:55:46.207+0000][5.642s][info][gc,phases,start] GC(5) Post Compact
[2026-09-22T11:55:46.208+0000][5.643s][info][gc,phases      ] GC(5) Post Compact 1.014ms
[2026-09-22T11:55:46.208+0000][5.643s][info][gc,heap        ] GC(5) PSYoungGen: 42929K(1223168K)->0K(1223168K) Eden: 0K(1048576K)->0K(1048576K) From: 42929K(174592K)->0K(174592K)
[2026-09-22T11:55:46.208+0000][5.643s][info][gc,heap        ] GC(5) ParOldGen: 64248K(2796544K)->103012K(2796544K)
[2026-09-22T11:55:46.208+0000][5.643s][info][gc,metaspace   ] GC(5) Metaspace: 59160K(59776K)->59160K(59776K) NonClass: 50545K(50880K)->50545K(50880K) Class: 8614K(8896K)->8614K(8896K)
[2026-09-22T11:55:46.208+0000][5.643s][info][gc             ] GC(5) Pause Full (Metadata GC Threshold) 104M->100M(3925M) 147.640ms
[2026-09-22T11:55:46.208+0000][5.643s][info][gc,cpu         ] GC(5) User=0.54s Sys=0.01s Real=0.14s
[2026-09-22T11:55:49.206+0000][8.641s][info][gc,start       ] GC(6) Pause Young (Metadata GC Threshold)
[2026-09-22T11:55:49.307+0000][8.742s][info][gc,heap        ] GC(6) PSYoungGen: 798936K(1223168K)->174578K(1223168K) Eden: 798936K(1048576K)->0K(1048576K) From: 0K(174592K)->174578K(174592K)
[2026-09-22T11:55:49.307+0000][8.742s][info][gc,heap        ] GC(6) ParOldGen: 103012K(2796544K)->105420K(2796544K)
[2026-09-22T11:55:49.307+0000][8.742s][info][gc,metaspace   ] GC(6) Metaspace: 98759K(99648K)->98759K(99648K) NonClass: 84801K(85312K)->84801K(85312K) Class: 13958K(14336K)->13958K(14336K)
[2026-09-22T11:55:49.307+0000][8.742s][info][gc             ] GC(6) Pause Young (Metadata GC Threshold) 880M->273M(3925M) 101.848ms
[2026-09-22T11:55:49.307+0000][8.742s][info][gc,cpu         ] GC(6) User=0.39s Sys=0.02s Real=0.10s
[2026-09-22T11:55:49.308+0000][8.742s][info][gc,start       ] GC(7) Pause Full (Metadata GC Threshold)
[2026-09-22T11:55:49.308+0000][8.742s][info][gc,phases,start] GC(7) Marking Phase
[2026-09-22T11:55:49.423+0000][8.858s][info][gc,phases      ] GC(7) Marking Phase 115.545ms
[2026-09-22T11:55:49.423+0000][8.858s][info][gc,phases,start] GC(7) Summary Phase
[2026-09-22T11:55:49.423+0000][8.858s][info][gc,phases      ] GC(7) Summary Phase 0.032ms
[2026-09-22T11:55:49.423+0000][8.858s][info][gc,phases,start] GC(7) Adjust Roots
[2026-09-22T11:55:49.433+0000][8.868s][info][gc,phases      ] GC(7) Adjust Roots 9.990ms
[2026-09-22T11:55:49.433+0000][8.868s][info][gc,phases,start] GC(7) Compaction Phase
[2026-09-22T11:55:49.716+0000][9.151s][info][gc,phases      ] GC(7) Compaction Phase 282.850ms
[2026-09-22T11:55:49.716+0000][9.151s][info][gc,phases,start] GC(7) Post Compact
[2026-09-22T11:55:49.718+0000][9.153s][info][gc,phases      ] GC(7) Post Compact 1.613ms
[2026-09-22T11:55:49.718+0000][9.153s][info][gc,heap        ] GC(7) PSYoungGen: 174578K(1223168K)->0K(1223168K) Eden: 0K(1048576K)->0K(1048576K) From: 174578K(174592K)->0K(174592K)
[2026-09-22T11:55:49.718+0000][9.153s][info][gc,heap        ] GC(7) ParOldGen: 105420K(2796544K)->278446K(2796544K)
[2026-09-22T11:55:49.718+0000][9.153s][info][gc,metaspace   ] GC(7) Metaspace: 98759K(99648K)->98759K(99648K) NonClass: 84801K(85312K)->84801K(85312K) Class: 13958K(14336K)->13958K(14336K)
[2026-09-22T11:55:49.718+0000][9.153s][info][gc             ] GC(7) Pause Full (Metadata GC Threshold) 273M->271M(3925M) 410.231ms
[2026-09-22T11:55:49.718+0000][9.153s][info][gc,cpu         ] GC(7) User=1.53s Sys=0.01s Real=0.41s
[2026-09-22T11:55:52.851+0000][12.286s][info][gc,start       ] GC(8) Pause Young (Allocation Failure)
[2026-09-22T11:55:52.880+0000][12.315s][info][gc,heap        ] GC(8) PSYoungGen: 1048576K(1223168K)->43007K(1223168K) Eden: 1048576K(1048576K)->0K(1048576K) From: 0K(174592K)->43007K(174592K)
[2026-09-22T11:55:52.880+0000][12.315s][info][gc,heap        ] GC(8) ParOldGen: 278446K(2796544K)->278454K(2796544K)
[2026-09-22T11:55:52.880+0000][12.315s][info][gc,metaspace   ] GC(8) Metaspace: 117270K(118272K)->117270K(118272K) NonClass: 100377K(100928K)->100377K(100928K) Class: 16892K(17344K)->16892K(17344K)
[2026-09-22T11:55:52.880+0000][12.315s][info][gc             ] GC(8) Pause Young (Allocation Failure) 1295M->313M(3925M) 28.644ms
[2026-09-22T11:55:52.880+0000][12.315s][info][gc,cpu         ] GC(8) User=0.11s Sys=0.00s Real=0.03s
[2026-09-22T11:55:59.805+0000][19.240s][info][gc,start       ] GC(9) Pause Young (Allocation Failure)
[2026-09-22T11:55:59.861+0000][19.296s][info][gc,heap        ] GC(9) PSYoungGen: 1091583K(1223168K)->121658K(2238976K) Eden: 1048576K(1048576K)->0K(2080256K) From: 43007K(174592K)->121658K(158720K)
[2026-09-22T11:55:59.861+0000][19.296s][info][gc,heap        ] GC(9) ParOldGen: 278454K(2796544K)->278486K(2796544K)
[2026-09-22T11:55:59.861+0000][19.296s][info][gc,metaspace   ] GC(9) Metaspace: 150129K(151360K)->150129K(151360K) NonClass: 125695K(126400K)->125695K(126400K) Class: 24434K(24960K)->24434K(24960K)
[2026-09-22T11:55:59.861+0000][19.296s][info][gc             ] GC(9) Pause Young (Allocation Failure) 1337M->390M(4917M) 56.145ms
[2026-09-22T11:55:59.861+0000][19.296s][info][gc,cpu         ] GC(9) User=0.21s Sys=0.02s Real=0.06s
[2026-09-22T11:56:00.584+0000][20.019s][info][gc,start       ] GC(10) Pause Young (CodeCache GC Threshold)
[2026-09-22T11:56:00.643+0000][20.078s][info][gc,heap        ] GC(10) PSYoungGen: 396608K(2238976K)->138918K(2255872K) Eden: 274949K(2080256K)->0K(2080256K) From: 121658K(158720K)->138918K(175616K)
[2026-09-22T11:56:00.643+0000][20.078s][info][gc,heap        ] GC(10) ParOldGen: 278486K(2796544K)->278494K(2796544K)
[2026-09-22T11:56:00.643+0000][20.078s][info][gc,metaspace   ] GC(10) Metaspace: 150634K(151872K)->150634K(151872K) NonClass: 126156K(126848K)->126156K(126848K) Class: 24477K(25024K)->24477K(25024K)
[2026-09-22T11:56:00.643+0000][20.078s][info][gc             ] GC(10) Pause Young (CodeCache GC Threshold) 659M->407M(4934M) 59.003ms
[2026-09-22T11:56:00.643+0000][20.078s][info][gc,cpu         ] GC(10) User=0.21s Sys=0.02s Real=0.06s
[2026-09-22T11:56:00.643+0000][20.078s][info][gc,start       ] GC(11) Pause Full (CodeCache GC Threshold)
[2026-09-22T11:56:00.643+0000][20.078s][info][gc,phases,start] GC(11) Marking Phase
[2026-09-22T11:56:00.821+0000][20.256s][info][gc,phases      ] GC(11) Marking Phase 178.606ms
[2026-09-22T11:56:00.821+0000][20.256s][info][gc,phases,start] GC(11) Summary Phase
[2026-09-22T11:56:00.821+0000][20.256s][info][gc,phases      ] GC(11) Summary Phase 0.031ms
[2026-09-22T11:56:00.821+0000][20.256s][info][gc,phases,start] GC(11) Adjust Roots
[2026-09-22T11:56:00.843+0000][20.278s][info][gc,phases      ] GC(11) Adjust Roots 21.541ms
[2026-09-22T11:56:00.843+0000][20.278s][info][gc,phases,start] GC(11) Compaction Phase
[2026-09-22T11:56:01.188+0000][20.623s][info][gc,phases      ] GC(11) Compaction Phase 345.005ms
[2026-09-22T11:56:01.188+0000][20.623s][info][gc,phases,start] GC(11) Post Compact
[2026-09-22T11:56:01.195+0000][20.630s][info][gc,phases      ] GC(11) Post Compact 6.572ms
[2026-09-22T11:56:01.195+0000][20.630s][info][gc,heap        ] GC(11) PSYoungGen: 138918K(2255872K)->0K(2255872K) Eden: 0K(2080256K)->0K(2080256K) From: 138918K(175616K)->0K(175616K)
[2026-09-22T11:56:01.195+0000][20.630s][info][gc,heap        ] GC(11) ParOldGen: 278494K(2796544K)->377920K(2796544K)
[2026-09-22T11:56:01.195+0000][20.630s][info][gc,metaspace   ] GC(11) Metaspace: 150634K(151872K)->150568K(151872K) NonClass: 126156K(126848K)->126107K(126848K) Class: 24477K(25024K)->24461K(25024K)
[2026-09-22T11:56:01.195+0000][20.630s][info][gc             ] GC(11) Pause Full (CodeCache GC Threshold) 407M->369M(4934M) 551.954ms
[2026-09-22T11:56:01.195+0000][20.630s][info][gc,cpu         ] GC(11) User=1.96s Sys=0.03s Real=0.55s
[2026-09-22T11:56:05.562+0000][24.997s][info][gc,start       ] GC(12) Pause Young (Allocation Failure)
[2026-09-22T11:56:05.646+0000][25.081s][info][gc,heap        ] GC(12) PSYoungGen: 2080256K(2255872K)->193527K(2221056K) Eden: 2080256K(2080256K)->0K(2027520K) From: 0K(175616K)->193527K(193536K)
[2026-09-22T11:56:05.646+0000][25.081s][info][gc,heap        ] GC(12) ParOldGen: 377920K(2796544K)->457612K(2796544K)
[2026-09-22T11:56:05.646+0000][25.081s][info][gc,metaspace   ] GC(12) Metaspace: 152896K(154240K)->152896K(154240K) NonClass: 128056K(128832K)->128056K(128832K) Class: 24839K(25408K)->24839K(25408K)
[2026-09-22T11:56:05.646+0000][25.081s][info][gc             ] GC(12) Pause Young (Allocation Failure) 2400M->635M(4900M) 83.934ms
[2026-09-22T11:56:05.646+0000][25.081s][info][gc,cpu         ] GC(12) User=0.29s Sys=0.03s Real=0.08s
[2026-09-22T11:56:09.720+0000][29.155s][info][gc,start       ] GC(13) Pause Young (Allocation Failure)
[2026-09-22T11:56:09.794+0000][29.229s][info][gc,heap        ] GC(13) PSYoungGen: 2221047K(2221056K)->263155K(2290688K) Eden: 2027520K(2027520K)->0K(2027520K) From: 193527K(193536K)->263155K(263168K)
[2026-09-22T11:56:09.794+0000][29.229s][info][gc,heap        ] GC(13) ParOldGen: 457612K(2796544K)->535490K(2796544K)
[2026-09-22T11:56:09.794+0000][29.229s][info][gc,metaspace   ] GC(13) Metaspace: 153305K(154688K)->153305K(154688K) NonClass: 128419K(129216K)->128419K(129216K) Class: 24885K(25472K)->24885K(25472K)
[2026-09-22T11:56:09.794+0000][29.229s][info][gc             ] GC(13) Pause Young (Allocation Failure) 2615M->779M(4968M) 74.080ms
[2026-09-22T11:56:09.794+0000][29.229s][info][gc,cpu         ] GC(13) User=0.28s Sys=0.01s Real=0.07s
[2026-09-22T11:56:13.301+0000][32.736s][info][gc,start       ] GC(14) Pause Young (Allocation Failure)
[2026-09-22T11:56:13.398+0000][32.833s][info][gc,heap        ] GC(14) PSYoungGen: 2290675K(2290688K)->238792K(3117056K) Eden: 2027520K(2027520K)->0K(2776064K) From: 263155K(263168K)->238792K(340992K)
[2026-09-22T11:56:13.398+0000][32.833s][info][gc,heap        ] GC(14) ParOldGen: 535490K(2796544K)->705360K(2796544K)
[2026-09-22T11:56:13.398+0000][32.833s][info][gc,metaspace   ] GC(14) Metaspace: 154132K(155584K)->154132K(155584K) NonClass: 129137K(129984K)->129137K(129984K) Class: 24994K(25600K)->24994K(25600K)
[2026-09-22T11:56:13.398+0000][32.833s][info][gc             ] GC(14) Pause Young (Allocation Failure) 2759M->922M(5775M) 97.571ms
[2026-09-22T11:56:13.398+0000][32.833s][info][gc,cpu         ] GC(14) User=0.31s Sys=0.07s Real=0.09s
[2026-09-22T11:56:18.259+0000][37.694s][info][gc,start       ] GC(15) Pause Young (Allocation Failure)
[2026-09-22T11:56:18.356+0000][37.791s][info][gc,heap        ] GC(15) PSYoungGen: 3014856K(3117056K)->162137K(3135488K) Eden: 2776064K(2776064K)->0K(2776064K) From: 238792K(340992K)->162137K(359424K)
[2026-09-22T11:56:18.356+0000][37.791s][info][gc,heap        ] GC(15) ParOldGen: 705360K(2796544K)->957585K(2796544K)
[2026-09-22T11:56:18.356+0000][37.791s][info][gc,metaspace   ] GC(15) Metaspace: 154744K(156288K)->154744K(156288K) NonClass: 129680K(130560K)->129680K(130560K) Class: 25063K(25728K)->25063K(25728K)
[2026-09-22T11:56:18.356+0000][37.791s][info][gc             ] GC(15) Pause Young (Allocation Failure) 3633M->1093M(5793M) 96.880ms
[2026-09-22T11:56:18.356+0000][37.791s][info][gc,cpu         ] GC(15) User=0.33s Sys=0.05s Real=0.10s
[2026-09-22T11:56:23.331+0000][42.766s][info][gc,start       ] GC(16) Pause Young (Allocation Failure)
[2026-09-22T11:56:23.417+0000][42.852s][info][gc,heap        ] GC(16) PSYoungGen: 2938201K(3135488K)->190453K(3125248K) Eden: 2776064K(2776064K)->0K(2790400K) From: 162137K(359424K)->190453K(334848K)
[2026-09-22T11:56:23.417+0000][42.852s][info][gc,heap        ] GC(16) ParOldGen: 957585K(2796544K)->1129877K(2796544K)
[2026-09-22T11:56:23.417+0000][42.852s][info][gc,metaspace   ] GC(16) Metaspace: 155856K(157312K)->155856K(157312K) NonClass: 130741K(131584K)->130741K(131584K) Class: 25115K(25728K)->25115K(25728K)
[2026-09-22T11:56:23.417+0000][42.852s][info][gc             ] GC(16) Pause Young (Allocation Failure) 3804M->1289M(5783M) 86.513ms
[2026-09-22T11:56:23.417+0000][42.852s][info][gc,cpu         ] GC(16) User=0.32s Sys=0.03s Real=0.08s
[2026-09-22T11:56:29.218+0000][48.652s][info][gc,start       ] GC(17) Pause Young (CodeCache GC Threshold)
[2026-09-22T11:56:29.322+0000][48.757s][info][gc,heap        ] GC(17) PSYoungGen: 2915392K(3125248K)->270955K(3061760K) Eden: 2724938K(2790400K)->0K(2790400K) From: 190453K(334848K)->270955K(271360K)
[2026-09-22T11:56:29.322+0000][48.757s][info][gc,heap        ] GC(17) ParOldGen: 1129877K(2796544K)->1326847K(2796544K)
[2026-09-22T11:56:29.322+0000][48.757s][info][gc,metaspace   ] GC(17) Metaspace: 160637K(162176K)->160637K(162176K) NonClass: 134693K(135616K)->134693K(135616K) Class: 25944K(26560K)->25944K(26560K)
[2026-09-22T11:56:29.322+0000][48.757s][info][gc             ] GC(17) Pause Young (CodeCache GC Threshold) 3950M->1560M(5721M) 104.351ms
[2026-09-22T11:56:29.322+0000][48.757s][info][gc,cpu         ] GC(17) User=0.38s Sys=0.04s Real=0.11s
[2026-09-22T11:56:29.322+0000][48.757s][info][gc,start       ] GC(18) Pause Full (CodeCache GC Threshold)
[2026-09-22T11:56:29.322+0000][48.757s][info][gc,phases,start] GC(18) Marking Phase
[2026-09-22T11:56:29.728+0000][49.163s][info][gc,phases      ] GC(18) Marking Phase 405.708ms
[2026-09-22T11:56:29.728+0000][49.163s][info][gc,phases,start] GC(18) Summary Phase
[2026-09-22T11:56:29.728+0000][49.163s][info][gc,phases      ] GC(18) Summary Phase 0.052ms
[2026-09-22T11:56:29.728+0000][49.163s][info][gc,phases,start] GC(18) Adjust Roots
[2026-09-22T11:56:29.749+0000][49.184s][info][gc,phases      ] GC(18) Adjust Roots 21.082ms
[2026-09-22T11:56:29.749+0000][49.184s][info][gc,phases,start] GC(18) Compaction Phase
[2026-09-22T11:56:30.161+0000][49.596s][info][gc,phases      ] GC(18) Compaction Phase 412.056ms
[2026-09-22T11:56:30.161+0000][49.596s][info][gc,phases,start] GC(18) Post Compact
[2026-09-22T11:56:30.170+0000][49.605s][info][gc,phases      ] GC(18) Post Compact 8.952ms
[2026-09-22T11:56:30.170+0000][49.605s][info][gc,heap        ] GC(18) PSYoungGen: 270955K(3061760K)->0K(3061760K) Eden: 0K(2790400K)->0K(2790400K) From: 270955K(271360K)->0K(271360K)
[2026-09-22T11:56:30.170+0000][49.605s][info][gc,heap        ] GC(18) ParOldGen: 1326847K(2796544K)->1405673K(2796544K)
[2026-09-22T11:56:30.170+0000][49.605s][info][gc,metaspace   ] GC(18) Metaspace: 160637K(162176K)->160579K(162176K) NonClass: 134693K(135616K)->134650K(135616K) Class: 25944K(26560K)->25929K(26560K)
[2026-09-22T11:56:30.170+0000][49.605s][info][gc             ] GC(18) Pause Full (CodeCache GC Threshold) 1560M->1372M(5721M) 848.061ms
[2026-09-22T11:56:30.170+0000][49.605s][info][gc,cpu         ] GC(18) User=3.08s Sys=0.03s Real=0.85s
[2026-09-22T11:56:38.969+0000][58.404s][info][gc,start       ] GC(19) Pause Young (CodeCache GC Threshold)
[2026-09-22T11:56:39.086+0000][58.521s][info][gc,heap        ] GC(19) PSYoungGen: 2126272K(3061760K)->313773K(3056128K) Eden: 2126272K(2790400K)->0K(2688000K) From: 0K(271360K)->313773K(368128K)
[2026-09-22T11:56:39.086+0000][58.521s][info][gc,heap        ] GC(19) ParOldGen: 1405673K(2796544K)->1405681K(2796544K)
[2026-09-22T11:56:39.086+0000][58.521s][info][gc,metaspace   ] GC(19) Metaspace: 165162K(166848K)->165162K(166848K) NonClass: 138811K(139776K)->138811K(139776K) Class: 26350K(27072K)->26350K(27072K)
[2026-09-22T11:56:39.086+0000][58.521s][info][gc             ] GC(19) Pause Young (CodeCache GC Threshold) 3449M->1679M(5715M) 117.264ms
[2026-09-22T11:56:39.086+0000][58.521s][info][gc,cpu         ] GC(19) User=0.45s Sys=0.01s Real=0.12s
[2026-09-22T11:56:39.086+0000][58.521s][info][gc,start       ] GC(20) Pause Full (CodeCache GC Threshold)
[2026-09-22T11:56:39.086+0000][58.521s][info][gc,phases,start] GC(20) Marking Phase
[2026-09-22T11:56:39.601+0000][59.036s][info][gc,phases      ] GC(20) Marking Phase 515.495ms
[2026-09-22T11:56:39.601+0000][59.036s][info][gc,phases,start] GC(20) Summary Phase
[2026-09-22T11:56:39.602+0000][59.036s][info][gc,phases      ] GC(20) Summary Phase 0.059ms
[2026-09-22T11:56:39.602+0000][59.036s][info][gc,phases,start] GC(20) Adjust Roots
[2026-09-22T11:56:39.627+0000][59.062s][info][gc,phases      ] GC(20) Adjust Roots 25.783ms
[2026-09-22T11:56:39.627+0000][59.062s][info][gc,phases,start] GC(20) Compaction Phase
[2026-09-22T11:56:40.315+0000][59.750s][info][gc,phases      ] GC(20) Compaction Phase 687.330ms
[2026-09-22T11:56:40.315+0000][59.750s][info][gc,phases,start] GC(20) Post Compact
[2026-09-22T11:56:40.324+0000][59.758s][info][gc,phases      ] GC(20) Post Compact 8.753ms
[2026-09-22T11:56:40.324+0000][59.758s][info][gc,heap        ] GC(20) PSYoungGen: 313773K(3056128K)->0K(3056128K) Eden: 0K(2688000K)->0K(2688000K) From: 313773K(368128K)->0K(368128K)
[2026-09-22T11:56:40.324+0000][59.758s][info][gc,heap        ] GC(20) ParOldGen: 1405681K(2796544K)->1703615K(2796544K)
[2026-09-22T11:56:40.324+0000][59.758s][info][gc,metaspace   ] GC(20) Metaspace: 165162K(166848K)->165103K(166848K) NonClass: 138811K(139776K)->138768K(139776K) Class: 26350K(27072K)->26335K(27072K)
[2026-09-22T11:56:40.324+0000][59.758s][info][gc             ] GC(20) Pause Full (CodeCache GC Threshold) 1679M->1663M(5715M) 1237.671ms
[2026-09-22T11:56:40.324+0000][59.759s][info][gc,cpu         ] GC(20) User=4.57s Sys=0.04s Real=1.24s
[2026-09-22T11:56:46.853+0000][66.287s][info][gc,start       ] GC(21) Pause Young (Allocation Failure)
[2026-09-22T11:56:46.975+0000][66.409s][info][gc,heap        ] GC(21) PSYoungGen: 2688000K(3056128K)->233489K(3091456K) Eden: 2688000K(2688000K)->0K(2688000K) From: 0K(368128K)->233489K(403456K)
[2026-09-22T11:56:46.975+0000][66.410s][info][gc,heap        ] GC(21) ParOldGen: 1703615K(2796544K)->1703623K(2796544K)
[2026-09-22T11:56:46.975+0000][66.410s][info][gc,metaspace   ] GC(21) Metaspace: 165421K(167168K)->165421K(167168K) NonClass: 139036K(140096K)->139036K(140096K) Class: 26384K(27072K)->26384K(27072K)
[2026-09-22T11:56:46.975+0000][66.410s][info][gc             ] GC(21) Pause Young (Allocation Failure) 4288M->1891M(5750M) 122.062ms
[2026-09-22T11:56:46.975+0000][66.410s][info][gc,cpu         ] GC(21) User=0.48s Sys=0.00s Real=0.12s
[2026-09-22T11:56:51.430+0000][70.864s][info][gc,start       ] GC(22) Pause Young (Allocation Failure)
[2026-09-22T11:56:51.601+0000][71.036s][info][gc,heap        ] GC(22) PSYoungGen: 2921489K(3091456K)->188560K(3051008K) Eden: 2688000K(2688000K)->0K(2689536K) From: 233489K(403456K)->188560K(361472K)
[2026-09-22T11:56:51.601+0000][71.036s][info][gc,heap        ] GC(22) ParOldGen: 1703623K(2796544K)->1922980K(2796544K)
[2026-09-22T11:56:51.601+0000][71.036s][info][gc,metaspace   ] GC(22) Metaspace: 165699K(167360K)->165699K(167360K) NonClass: 139252K(140224K)->139252K(140224K) Class: 26447K(27136K)->26447K(27136K)
[2026-09-22T11:56:51.601+0000][71.036s][info][gc             ] GC(22) Pause Young (Allocation Failure) 4516M->2062M(5710M) 171.706ms
[2026-09-22T11:56:51.601+0000][71.036s][info][gc,cpu         ] GC(22) User=0.66s Sys=0.02s Real=0.18s
[2026-09-22T11:56:55.052+0000][74.487s][info][gc,start       ] GC(23) Pause Young (Allocation Failure)
[2026-09-22T11:56:55.206+0000][74.641s][info][gc,heap        ] GC(23) PSYoungGen: 2878096K(3051008K)->171296K(3072000K) Eden: 2689536K(2689536K)->0K(2689536K) From: 188560K(361472K)->171296K(382464K)
[2026-09-22T11:56:55.206+0000][74.641s][info][gc,heap        ] GC(23) ParOldGen: 1922980K(2796544K)->2094163K(2796544K)
[2026-09-22T11:56:55.206+0000][74.641s][info][gc,metaspace   ] GC(23) Metaspace: 165863K(167488K)->165863K(167488K) NonClass: 139406K(140352K)->139406K(140352K) Class: 26457K(27136K)->26457K(27136K)
[2026-09-22T11:56:55.206+0000][74.641s][info][gc             ] GC(23) Pause Young (Allocation Failure) 4688M->2212M(5731M) 154.052ms
[2026-09-22T11:56:55.206+0000][74.641s][info][gc,cpu         ] GC(23) User=0.57s Sys=0.03s Real=0.15s
[2026-09-22T11:56:58.573+0000][78.008s][info][gc,start       ] GC(24) Pause Young (Allocation Failure)
[2026-09-22T11:56:58.737+0000][78.172s][info][gc,heap        ] GC(24) PSYoungGen: 2860832K(3072000K)->158496K(3080704K) Eden: 2689536K(2689536K)->0K(2747904K) From: 171296K(382464K)->158496K(332800K)
[2026-09-22T11:56:58.737+0000][78.172s][info][gc,heap        ] GC(24) ParOldGen: 2094163K(2796544K)->2245542K(2796544K)
[2026-09-22T11:56:58.737+0000][78.172s][info][gc,metaspace   ] GC(24) Metaspace: 166157K(167808K)->166157K(167808K) NonClass: 139672K(140608K)->139672K(140608K) Class: 26485K(27200K)->26485K(27200K)
[2026-09-22T11:56:58.737+0000][78.172s][info][gc             ] GC(24) Pause Young (Allocation Failure) 4838M->2347M(5739M) 164.568ms
[2026-09-22T11:56:58.738+0000][78.172s][info][gc,cpu         ] GC(24) User=0.57s Sys=0.07s Real=0.16s
[2026-09-22T11:57:02.297+0000][81.732s][info][gc,start       ] GC(25) Pause Young (Allocation Failure)
[2026-09-22T11:57:02.462+0000][81.897s][info][gc,heap        ] GC(25) PSYoungGen: 2906400K(3080704K)->151216K(3098112K) Eden: 2747904K(2747904K)->0K(2747904K) From: 158496K(332800K)->151216K(350208K)
[2026-09-22T11:57:02.462+0000][81.897s][info][gc,heap        ] GC(25) ParOldGen: 2245542K(2796544K)->2381579K(2796544K)
[2026-09-22T11:57:02.462+0000][81.897s][info][gc,metaspace   ] GC(25) Metaspace: 166266K(167936K)->166266K(167936K) NonClass: 139773K(140736K)->139773K(140736K) Class: 26493K(27200K)->26493K(27200K)
[2026-09-22T11:57:02.462+0000][81.897s][info][gc             ] GC(25) Pause Young (Allocation Failure) 5031M->2473M(5756M) 164.752ms
[2026-09-22T11:57:02.462+0000][81.897s][info][gc,cpu         ] GC(25) User=0.57s Sys=0.06s Real=0.17s
[2026-09-22T11:57:05.136+0000][84.571s][info][gc,start       ] GC(26) Pause Young (CodeCache GC Threshold)
[2026-09-22T11:57:05.286+0000][84.721s][info][gc,heap        ] GC(26) PSYoungGen: 2408911K(3098112K)->116944K(3137536K) Eden: 2257694K(2747904K)->0K(2811904K) From: 151216K(350208K)->116944K(325632K)
[2026-09-22T11:57:05.286+0000][84.721s][info][gc,heap        ] GC(26) ParOldGen: 2381579K(2796544K)->2509004K(2796544K)
[2026-09-22T11:57:05.286+0000][84.721s][info][gc,metaspace   ] GC(26) Metaspace: 166373K(168064K)->166373K(168064K) NonClass: 139878K(140864K)->139878K(140864K) Class: 26494K(27200K)->26494K(27200K)
[2026-09-22T11:57:05.286+0000][84.721s][info][gc             ] GC(26) Pause Young (CodeCache GC Threshold) 4678M->2564M(5795M) 150.579ms
[2026-09-22T11:57:05.286+0000][84.721s][info][gc,cpu         ] GC(26) User=0.56s Sys=0.02s Real=0.15s
[2026-09-22T11:57:05.286+0000][84.721s][info][gc,start       ] GC(27) Pause Full (CodeCache GC Threshold)
[2026-09-22T11:57:05.287+0000][84.721s][info][gc,phases,start] GC(27) Marking Phase
[2026-09-22T11:57:06.194+0000][85.629s][info][gc,phases      ] GC(27) Marking Phase 907.302ms
[2026-09-22T11:57:06.194+0000][85.629s][info][gc,phases,start] GC(27) Summary Phase
[2026-09-22T11:57:06.194+0000][85.629s][info][gc,phases      ] GC(27) Summary Phase 0.106ms
[2026-09-22T11:57:06.194+0000][85.629s][info][gc,phases,start] GC(27) Adjust Roots
[2026-09-22T11:57:06.221+0000][85.656s][info][gc,phases      ] GC(27) Adjust Roots 26.837ms
[2026-09-22T11:57:06.221+0000][85.656s][info][gc,phases,start] GC(27) Compaction Phase
[2026-09-22T11:57:07.179+0000][86.614s][info][gc,phases      ] GC(27) Compaction Phase 957.791ms
[2026-09-22T11:57:07.179+0000][86.614s][info][gc,phases,start] GC(27) Post Compact
[2026-09-22T11:57:07.188+0000][86.623s][info][gc,phases      ] GC(27) Post Compact 8.926ms
[2026-09-22T11:57:07.188+0000][86.623s][info][gc,heap        ] GC(27) PSYoungGen: 116944K(3137536K)->0K(3137536K) Eden: 0K(2811904K)->0K(2811904K) From: 116944K(325632K)->0K(325632K)
[2026-09-22T11:57:07.188+0000][86.623s][info][gc,heap        ] GC(27) ParOldGen: 2509004K(2796544K)->2573241K(2796544K)
[2026-09-22T11:57:07.188+0000][86.623s][info][gc,metaspace   ] GC(27) Metaspace: 166373K(168064K)->166373K(168064K) NonClass: 139878K(140864K)->139878K(140864K) Class: 26494K(27200K)->26494K(27200K)
[2026-09-22T11:57:07.188+0000][86.623s][info][gc             ] GC(27) Pause Full (CodeCache GC Threshold) 2564M->2512M(5795M) 1901.174ms
[2026-09-22T11:57:07.188+0000][86.623s][info][gc,cpu         ] GC(27) User=7.12s Sys=0.05s Real=1.90s
[2026-09-22T11:57:10.393+0000][89.828s][info][gc,start       ] GC(28) Pause Young (Allocation Failure)
[2026-09-22T11:57:10.522+0000][89.957s][info][gc,heap        ] GC(28) PSYoungGen: 2811904K(3137536K)->124928K(3143680K) Eden: 2811904K(2811904K)->0K(2811904K) From: 0K(325632K)->124928K(331776K)
[2026-09-22T11:57:10.522+0000][89.957s][info][gc,heap        ] GC(28) ParOldGen: 2573241K(2796544K)->2573241K(2796544K)
[2026-09-22T11:57:10.522+0000][89.957s][info][gc,metaspace   ] GC(28) Metaspace: 166406K(168064K)->166406K(168064K) NonClass: 139911K(140864K)->139911K(140864K) Class: 26494K(27200K)->26494K(27200K)
[2026-09-22T11:57:10.522+0000][89.957s][info][gc             ] GC(28) Pause Young (Allocation Failure) 5258M->2634M(5801M) 128.388ms
[2026-09-22T11:57:10.522+0000][89.957s][info][gc,cpu         ] GC(28) User=0.46s Sys=0.03s Real=0.13s
[2026-09-22T11:57:13.980+0000][93.415s][info][gc,start       ] GC(29) Pause Young (GCLocker Initiated GC)
[2026-09-22T11:57:14.131+0000][93.566s][info][gc,heap        ] GC(29) PSYoungGen: 2936832K(3143680K)->137712K(3139584K) Eden: 2811904K(2811904K)->0K(2837504K) From: 124928K(331776K)->137712K(302080K)
[2026-09-22T11:57:14.131+0000][93.566s][info][gc,heap        ] GC(29) ParOldGen: 2573242K(2796544K)->2669836K(2796544K)
[2026-09-22T11:57:14.131+0000][93.566s][info][gc,metaspace   ] GC(29) Metaspace: 166506K(168192K)->166506K(168192K) NonClass: 140012K(140992K)->140012K(140992K) Class: 26494K(27200K)->26494K(27200K)
[2026-09-22T11:57:14.131+0000][93.566s][info][gc             ] GC(29) Pause Young (GCLocker Initiated GC) 5380M->2741M(5797M) 150.581ms
[2026-09-22T11:57:14.131+0000][93.566s][info][gc,cpu         ] GC(29) User=0.57s Sys=0.02s Real=0.15s
[2026-09-22T11:57:17.545+0000][96.980s][info][gc,start       ] GC(30) Pause Young (Allocation Failure)
[2026-09-22T11:57:17.705+0000][97.140s][info][gc,heap        ] GC(30) PSYoungGen: 2975216K(3139584K)->127200K(3150336K) Eden: 2837504K(2837504K)->0K(2837504K) From: 137712K(302080K)->127200K(312832K)
[2026-09-22T11:57:17.705+0000][97.140s][info][gc,heap        ] GC(30) ParOldGen: 2669838K(2796544K)->2778716K(2796544K)
[2026-09-22T11:57:17.706+0000][97.140s][info][gc,metaspace   ] GC(30) Metaspace: 166577K(168256K)->166577K(168256K) NonClass: 140076K(141056K)->140076K(141056K) Class: 26501K(27200K)->26501K(27200K)
[2026-09-22T11:57:17.706+0000][97.140s][info][gc             ] GC(30) Pause Young (Allocation Failure) 5512M->2837M(5807M) 160.615ms
[2026-09-22T11:57:17.706+0000][97.140s][info][gc,cpu         ] GC(30) User=0.60s Sys=0.02s Real=0.16s
[2026-09-22T11:57:20.757+0000][100.191s][info][gc,start       ] GC(31) Pause Young (Allocation Failure)
[2026-09-22T11:57:20.928+0000][100.363s][info][gc,heap        ] GC(31) PSYoungGen: 2964704K(3150336K)->113616K(3166720K) Eden: 2837504K(2837504K)->0K(2877952K) From: 127200K(312832K)->113616K(288768K)
[2026-09-22T11:57:20.928+0000][100.363s][info][gc,heap        ] GC(31) ParOldGen: 2778716K(2796544K)->2875310K(2875392K)
[2026-09-22T11:57:20.928+0000][100.363s][info][gc,metaspace   ] GC(31) Metaspace: 166661K(168320K)->166661K(168320K) NonClass: 140152K(141120K)->140152K(141120K) Class: 26509K(27200K)->26509K(27200K)
[2026-09-22T11:57:20.928+0000][100.363s][info][gc             ] GC(31) Pause Young (Allocation Failure) 5608M->2918M(5900M) 171.407ms
[2026-09-22T11:57:20.928+0000][100.363s][info][gc,cpu         ] GC(31) User=0.59s Sys=0.07s Real=0.17s
[2026-09-22T11:57:24.180+0000][103.615s][info][gc,start       ] GC(32) Pause Young (Allocation Failure)
[2026-09-22T11:57:24.323+0000][103.757s][info][gc,heap        ] GC(32) PSYoungGen: 2991568K(3166720K)->56656K(3175424K) Eden: 2877952K(2877952K)->0K(2877952K) From: 113616K(288768K)->56656K(297472K)
[2026-09-22T11:57:24.323+0000][103.757s][info][gc,heap        ] GC(32) ParOldGen: 2875310K(2875392K)->2955076K(2955264K)
[2026-09-22T11:57:24.323+0000][103.757s][info][gc,metaspace   ] GC(32) Metaspace: 166736K(168448K)->166736K(168448K) NonClass: 140217K(141184K)->140217K(141184K) Class: 26518K(27264K)->26518K(27264K)
[2026-09-22T11:57:24.323+0000][103.757s][info][gc             ] GC(32) Pause Young (Allocation Failure) 5729M->2941M(5987M) 142.193ms
[2026-09-22T11:57:24.323+0000][103.757s][info][gc,cpu         ] GC(32) User=0.49s Sys=0.05s Real=0.14s
[2026-09-22T11:57:27.564+0000][106.999s][info][gc,start       ] GC(33) Pause Young (Allocation Failure)
[2026-09-22T11:57:27.674+0000][107.109s][info][gc,heap        ] GC(33) PSYoungGen: 2934608K(3175424K)->42544K(3190784K) Eden: 2877952K(2877952K)->0K(2890752K) From: 56656K(297472K)->42544K(300032K)
[2026-09-22T11:57:27.674+0000][107.109s][info][gc,heap        ] GC(33) ParOldGen: 2955076K(2955264K)->2977577K(2977792K)
[2026-09-22T11:57:27.674+0000][107.109s][info][gc,metaspace   ] GC(33) Metaspace: 166799K(168512K)->166799K(168512K) NonClass: 140277K(141248K)->140277K(141248K) Class: 26521K(27264K)->26521K(27264K)
[2026-09-22T11:57:27.674+0000][107.109s][info][gc             ] GC(33) Pause Young (Allocation Failure) 5751M->2949M(6024M) 110.296ms
[2026-09-22T11:57:27.674+0000][107.109s][info][gc,cpu         ] GC(33) User=0.42s Sys=0.01s Real=0.11s
[2026-09-22T11:57:31.014+0000][110.449s][info][gc,start       ] GC(34) Pause Young (Allocation Failure)
[2026-09-22T11:57:31.117+0000][110.552s][info][gc,heap        ] GC(34) PSYoungGen: 2933296K(3190784K)->41360K(3192832K) Eden: 2890752K(2890752K)->0K(2890752K) From: 42544K(300032K)->41360K(302080K)
[2026-09-22T11:57:31.117+0000][110.552s][info][gc,heap        ] GC(34) ParOldGen: 2977577K(2977792K)->2986925K(2987008K)
[2026-09-22T11:57:31.117+0000][110.552s][info][gc,metaspace   ] GC(34) Metaspace: 166891K(168576K)->166891K(168576K) NonClass: 140357K(141312K)->140357K(141312K) Class: 26533K(27264K)->26533K(27264K)
[2026-09-22T11:57:31.117+0000][110.552s][info][gc             ] GC(34) Pause Young (Allocation Failure) 5772M->2957M(6035M) 102.706ms
[2026-09-22T11:57:31.117+0000][110.552s][info][gc,cpu         ] GC(34) User=0.40s Sys=0.01s Real=0.10s
[2026-09-22T11:57:34.489+0000][113.924s][info][gc,start       ] GC(35) Pause Young (Allocation Failure)
[2026-09-22T11:57:34.591+0000][114.025s][info][gc,heap        ] GC(35) PSYoungGen: 2932112K(3192832K)->38960K(3186688K) Eden: 2890752K(2890752K)->0K(2891776K) From: 41360K(302080K)->38960K(294912K)
[2026-09-22T11:57:34.591+0000][114.025s][info][gc,heap        ] GC(35) ParOldGen: 2986925K(2987008K)->2995374K(2995712K)
[2026-09-22T11:57:34.591+0000][114.025s][info][gc,metaspace   ] GC(35) Metaspace: 166929K(168640K)->166929K(168640K) NonClass: 140395K(141376K)->140395K(141376K) Class: 26534K(27264K)->26534K(27264K)
[2026-09-22T11:57:34.591+0000][114.025s][info][gc             ] GC(35) Pause Young (Allocation Failure) 5780M->2963M(6037M) 101.724ms
[2026-09-22T11:57:34.591+0000][114.026s][info][gc,cpu         ] GC(35) User=0.40s Sys=0.01s Real=0.11s
[2026-09-22T11:57:37.962+0000][117.397s][info][gc,start       ] GC(36) Pause Young (GCLocker Initiated GC)
[2026-09-22T11:57:38.063+0000][117.498s][info][gc,heap        ] GC(36) PSYoungGen: 2930736K(3186688K)->39136K(2931200K) Eden: 2891776K(2891776K)->0K(2891776K) From: 38960K(294912K)->39136K(39424K)
[2026-09-22T11:57:38.063+0000][117.498s][info][gc,heap        ] GC(36) ParOldGen: 2995374K(2995712K)->3003538K(3003904K)
[2026-09-22T11:57:38.063+0000][117.498s][info][gc,metaspace   ] GC(36) Metaspace: 166981K(168640K)->166981K(168640K) NonClass: 140447K(141376K)->140447K(141376K) Class: 26534K(27264K)->26534K(27264K)
[2026-09-22T11:57:38.063+0000][117.498s][info][gc             ] GC(36) Pause Young (GCLocker Initiated GC) 5787M->2971M(5796M) 100.793ms
[2026-09-22T11:57:38.063+0000][117.498s][info][gc,cpu         ] GC(36) User=0.39s Sys=0.01s Real=0.10s
[2026-09-22T11:57:41.282+0000][120.717s][info][gc,start       ] GC(37) Pause Young (Allocation Failure)
[2026-09-22T11:57:41.382+0000][120.816s][info][gc,heap        ] GC(37) PSYoungGen: 2930912K(2931200K)->39600K(3191808K) Eden: 2891776K(2891776K)->0K(2898432K) From: 39136K(39424K)->39600K(293376K)
[2026-09-22T11:57:41.382+0000][120.816s][info][gc,heap        ] GC(37) ParOldGen: 3003541K(3003904K)->3011414K(3011584K)
[2026-09-22T11:57:41.382+0000][120.816s][info][gc,metaspace   ] GC(37) Metaspace: 167019K(168704K)->167019K(168704K) NonClass: 140484K(141440K)->140484K(141440K) Class: 26534K(27264K)->26534K(27264K)
[2026-09-22T11:57:41.382+0000][120.816s][info][gc             ] GC(37) Pause Young (Allocation Failure) 5795M->2979M(6058M) 99.702ms
[2026-09-22T11:57:41.382+0000][120.816s][info][gc,cpu         ] GC(37) User=0.39s Sys=0.00s Real=0.10s
[2026-09-22T11:57:44.791+0000][124.226s][info][gc,start       ] GC(38) Pause Young (Allocation Failure)
[2026-09-22T11:57:44.892+0000][124.326s][info][gc,heap        ] GC(38) PSYoungGen: 2938032K(3191808K)->37504K(3185152K) Eden: 2898432K(2898432K)->0K(2898432K) From: 39600K(293376K)->37504K(286720K)
[2026-09-22T11:57:44.892+0000][124.326s][info][gc,heap        ] GC(38) ParOldGen: 3011414K(3011584K)->3019303K(3019776K)
[2026-09-22T11:57:44.892+0000][124.326s][info][gc,metaspace   ] GC(38) Metaspace: 167053K(168704K)->167053K(168704K) NonClass: 140519K(141440K)->140519K(141440K) Class: 26534K(27264K)->26534K(27264K)
[2026-09-22T11:57:44.892+0000][124.326s][info][gc             ] GC(38) Pause Young (Allocation Failure) 5810M->2985M(6059M) 100.427ms
[2026-09-22T11:57:44.892+0000][124.326s][info][gc,cpu         ] GC(38) User=0.40s Sys=0.01s Real=0.10s
[2026-09-22T11:57:48.131+0000][127.566s][info][gc,start       ] GC(39) Pause Young (GCLocker Initiated GC)
[2026-09-22T11:57:48.228+0000][127.663s][info][gc,heap        ] GC(39) PSYoungGen: 2935936K(3185152K)->37616K(3176960K) Eden: 2898432K(2898432K)->0K(2914816K) From: 37504K(286720K)->37616K(262144K)
[2026-09-22T11:57:48.228+0000][127.663s][info][gc,heap        ] GC(39) ParOldGen: 3019303K(3019776K)->3026723K(3026944K)
[2026-09-22T11:57:48.228+0000][127.663s][info][gc,metaspace   ] GC(39) Metaspace: 167075K(168768K)->167075K(168768K) NonClass: 140537K(141504K)->140537K(141504K) Class: 26537K(27264K)->26537K(27264K)
[2026-09-22T11:57:48.228+0000][127.663s][info][gc             ] GC(39) Pause Young (GCLocker Initiated GC) 5815M->2992M(6058M) 97.182ms
[2026-09-22T11:57:48.228+0000][127.663s][info][gc,cpu         ] GC(39) User=0.38s Sys=0.01s Real=0.09s
[2026-09-22T11:57:51.528+0000][130.963s][info][gc,start       ] GC(40) Pause Young (Allocation Failure)
[2026-09-22T11:57:51.628+0000][131.063s][info][gc,heap        ] GC(40) PSYoungGen: 2952432K(3176960K)->38656K(3185664K) Eden: 2914816K(2914816K)->0K(2914816K) From: 37616K(262144K)->38656K(270848K)
[2026-09-22T11:57:51.628+0000][131.063s][info][gc,heap        ] GC(40) ParOldGen: 3026726K(3026944K)->3033438K(3033600K)
[2026-09-22T11:57:51.628+0000][131.063s][info][gc,metaspace   ] GC(40) Metaspace: 167097K(168832K)->167097K(168832K) NonClass: 140558K(141568K)->140558K(141568K) Class: 26538K(27264K)->26538K(27264K)
[2026-09-22T11:57:51.628+0000][131.063s][info][gc             ] GC(40) Pause Young (Allocation Failure) 5839M->3000M(6073M) 100.451ms
[2026-09-22T11:57:51.628+0000][131.063s][info][gc,cpu         ] GC(40) User=0.39s Sys=0.01s Real=0.10s
[2026-09-22T11:57:55.136+0000][134.571s][info][gc,start       ] GC(41) Pause Young (Allocation Failure)
[2026-09-22T11:57:55.239+0000][134.674s][info][gc,heap        ] GC(41) PSYoungGen: 2953472K(3185664K)->37600K(3205120K) Eden: 2914816K(2914816K)->0K(2962432K) From: 38656K(270848K)->37600K(242688K)
[2026-09-22T11:57:55.239+0000][134.674s][info][gc,heap        ] GC(41) ParOldGen: 3033438K(3033600K)->3040399K(3040768K)
[2026-09-22T11:57:55.239+0000][134.674s][info][gc,metaspace   ] GC(41) Metaspace: 167153K(168896K)->167153K(168896K) NonClass: 140605K(141632K)->140605K(141632K) Class: 26548K(27264K)->26548K(27264K)
[2026-09-22T11:57:55.240+0000][134.674s][info][gc             ] GC(41) Pause Young (Allocation Failure) 5846M->3005M(6099M) 103.721ms
[2026-09-22T11:57:55.240+0000][134.674s][info][gc,cpu         ] GC(41) User=0.39s Sys=0.01s Real=0.10s
[2026-09-22T11:57:58.608+0000][138.043s][info][gc,start       ] GC(42) Pause Young (Allocation Failure)
[2026-09-22T11:57:58.710+0000][138.145s][info][gc,heap        ] GC(42) PSYoungGen: 3000032K(3205120K)->39424K(3214336K) Eden: 2962432K(2962432K)->0K(2962432K) From: 37600K(242688K)->39424K(251904K)
[2026-09-22T11:57:58.710+0000][138.145s][info][gc,heap        ] GC(42) ParOldGen: 3040399K(3040768K)->3047908K(3047936K)
[2026-09-22T11:57:58.710+0000][138.145s][info][gc,metaspace   ] GC(42) Metaspace: 167169K(168896K)->167169K(168896K) NonClass: 140618K(141632K)->140618K(141632K) Class: 26551K(27264K)->26551K(27264K)
[2026-09-22T11:57:58.710+0000][138.145s][info][gc             ] GC(42) Pause Young (Allocation Failure) 5898M->3014M(6115M) 101.955ms
[2026-09-22T11:57:58.710+0000][138.145s][info][gc,cpu         ] GC(42) User=0.40s Sys=0.00s Real=0.11s
[2026-09-22T11:58:02.183+0000][141.618s][info][gc,start       ] GC(43) Pause Young (Allocation Failure)
[2026-09-22T11:58:02.279+0000][141.714s][info][gc,heap        ] GC(43) PSYoungGen: 3001856K(3214336K)->37104K(3224576K) Eden: 2962432K(2962432K)->0K(3001344K) From: 39424K(251904K)->37104K(223232K)
[2026-09-22T11:58:02.279+0000][141.714s][info][gc,heap        ] GC(43) ParOldGen: 3047908K(3047936K)->3055929K(3056128K)
[2026-09-22T11:58:02.279+0000][141.714s][info][gc,metaspace   ] GC(43) Metaspace: 167198K(168896K)->167198K(168896K) NonClass: 140647K(141632K)->140647K(141632K) Class: 26551K(27264K)->26551K(27264K)
[2026-09-22T11:58:02.279+0000][141.714s][info][gc             ] GC(43) Pause Young (Allocation Failure) 5907M->3020M(6133M) 96.375ms
[2026-09-22T11:58:02.279+0000][141.714s][info][gc,cpu         ] GC(43) User=0.38s Sys=0.01s Real=0.09s
[2026-09-22T11:58:05.678+0000][145.113s][info][gc,start       ] GC(44) Pause Young (Allocation Failure)
[2026-09-22T11:58:05.776+0000][145.210s][info][gc,heap        ] GC(44) PSYoungGen: 3038448K(3224576K)->37952K(3233280K) Eden: 3001344K(3001344K)->0K(3001344K) From: 37104K(223232K)->37952K(231936K)
[2026-09-22T11:58:05.776+0000][145.210s][info][gc,heap        ] GC(44) ParOldGen: 3055929K(3056128K)->3062934K(3063296K)
[2026-09-22T11:58:05.776+0000][145.210s][info][gc,metaspace   ] GC(44) Metaspace: 167234K(168960K)->167234K(168960K) NonClass: 140681K(141696K)->140681K(141696K) Class: 26552K(27264K)->26552K(27264K)
[2026-09-22T11:58:05.776+0000][145.210s][info][gc             ] GC(44) Pause Young (Allocation Failure) 5951M->3028M(6149M) 97.894ms
[2026-09-22T11:58:05.776+0000][145.210s][info][gc,cpu         ] GC(44) User=0.38s Sys=0.00s Real=0.10s
[2026-09-22T11:58:09.350+0000][148.785s][info][gc,start       ] GC(45) Pause Young (Allocation Failure)
[2026-09-22T11:58:09.447+0000][148.881s][info][gc,heap        ] GC(45) PSYoungGen: 3039296K(3233280K)->36672K(3245056K) Eden: 3001344K(3001344K)->0K(3041280K) From: 37952K(231936K)->36672K(203776K)
[2026-09-22T11:58:09.447+0000][148.881s][info][gc,heap        ] GC(45) ParOldGen: 3062934K(3063296K)->3069214K(3069440K)
[2026-09-22T11:58:09.447+0000][148.881s][info][gc,metaspace   ] GC(45) Metaspace: 167253K(168960K)->167253K(168960K) NonClass: 140701K(141696K)->140701K(141696K) Class: 26552K(27264K)->26552K(27264K)
[2026-09-22T11:58:09.447+0000][148.882s][info][gc             ] GC(45) Pause Young (Allocation Failure) 5959M->3033M(6166M) 96.949ms
[2026-09-22T11:58:09.447+0000][148.882s][info][gc,cpu         ] GC(45) User=0.38s Sys=0.00s Real=0.10s
[2026-09-22T11:58:13.107+0000][152.542s][info][gc,start       ] GC(46) Pause Young (Allocation Failure)
[2026-09-22T11:58:13.210+0000][152.645s][info][gc,heap        ] GC(46) PSYoungGen: 3077952K(3245056K)->36528K(3253248K) Eden: 3041280K(3041280K)->0K(3041280K) From: 36672K(203776K)->36528K(211968K)
[2026-09-22T11:58:13.210+0000][152.645s][info][gc,heap        ] GC(46) ParOldGen: 3069214K(3069440K)->3075347K(3075584K)
[2026-09-22T11:58:13.210+0000][152.645s][info][gc,metaspace   ] GC(46) Metaspace: 167284K(168960K)->167284K(168960K) NonClass: 140732K(141696K)->140732K(141696K) Class: 26552K(27264K)->26552K(27264K)
[2026-09-22T11:58:13.210+0000][152.645s][info][gc             ] GC(46) Pause Young (Allocation Failure) 6003M->3038M(6180M) 102.768ms
[2026-09-22T11:58:13.210+0000][152.645s][info][gc,cpu         ] GC(46) User=0.38s Sys=0.01s Real=0.11s
[2026-09-22T11:58:17.002+0000][156.437s][info][gc,start       ] GC(47) Pause Young (Allocation Failure)
[2026-09-22T11:58:17.098+0000][156.533s][info][gc,heap        ] GC(47) PSYoungGen: 3077808K(3253248K)->36528K(3265024K) Eden: 3041280K(3041280K)->0K(3080704K) From: 36528K(211968K)->36528K(184320K)
[2026-09-22T11:58:17.098+0000][156.533s][info][gc,heap        ] GC(47) ParOldGen: 3075347K(3075584K)->3082315K(3082752K)
[2026-09-22T11:58:17.098+0000][156.533s][info][gc,metaspace   ] GC(47) Metaspace: 167328K(169088K)->167328K(169088K) NonClass: 140768K(141760K)->140768K(141760K) Class: 26559K(27328K)->26559K(27328K)
[2026-09-22T11:58:17.098+0000][156.533s][info][gc             ] GC(47) Pause Young (Allocation Failure) 6008M->3045M(6199M) 96.460ms
[2026-09-22T11:58:17.098+0000][156.533s][info][gc,cpu         ] GC(47) User=0.38s Sys=0.01s Real=0.09s
[2026-09-22T11:58:20.941+0000][160.376s][info][gc,start       ] GC(48) Pause Young (Allocation Failure)
[2026-09-22T11:58:21.038+0000][160.473s][info][gc,heap        ] GC(48) PSYoungGen: 3117232K(3265024K)->36544K(3273216K) Eden: 3080704K(3080704K)->0K(3080704K) From: 36528K(184320K)->36544K(192512K)
[2026-09-22T11:58:21.038+0000][160.473s][info][gc,heap        ] GC(48) ParOldGen: 3082315K(3082752K)->3089532K(3089920K)
[2026-09-22T11:58:21.038+0000][160.473s][info][gc,metaspace   ] GC(48) Metaspace: 167339K(169088K)->167339K(169088K) NonClass: 140779K(141760K)->140779K(141760K) Class: 26560K(27328K)->26560K(27328K)
[2026-09-22T11:58:21.038+0000][160.473s][info][gc             ] GC(48) Pause Young (Allocation Failure) 6054M->3052M(6214M) 97.314ms
[2026-09-22T11:58:21.039+0000][160.473s][info][gc,cpu         ] GC(48) User=0.39s Sys=0.00s Real=0.09s
[2026-09-22T11:58:24.629+0000][164.064s][info][gc,start       ] GC(49) Pause Young (Allocation Failure)
[2026-09-22T11:58:24.726+0000][164.161s][info][gc,heap        ] GC(49) PSYoungGen: 3117248K(3273216K)->36096K(3286016K) Eden: 3080704K(3080704K)->0K(3119104K) From: 36544K(192512K)->36096K(166912K)
[2026-09-22T11:58:24.726+0000][164.161s][info][gc,heap        ] GC(49) ParOldGen: 3089532K(3089920K)->3097702K(3098112K)
[2026-09-22T11:58:24.726+0000][164.161s][info][gc,metaspace   ] GC(49) Metaspace: 167369K(169152K)->167369K(169152K) NonClass: 140808K(141824K)->140808K(141824K) Class: 26560K(27328K)->26560K(27328K)
[2026-09-22T11:58:24.726+0000][164.161s][info][gc             ] GC(49) Pause Young (Allocation Failure) 6061M->3060M(6234M) 96.781ms
[2026-09-22T11:58:24.726+0000][164.161s][info][gc,cpu         ] GC(49) User=0.37s Sys=0.01s Real=0.10s
[2026-09-22T11:58:28.741+0000][168.176s][info][gc,start       ] GC(50) Pause Young (Allocation Failure)
[2026-09-22T11:58:28.839+0000][168.274s][info][gc,heap        ] GC(50) PSYoungGen: 3155200K(3286016K)->43056K(3293696K) Eden: 3119104K(3119104K)->0K(3119104K) From: 36096K(166912K)->43056K(174592K)
[2026-09-22T11:58:28.839+0000][168.274s][info][gc,heap        ] GC(50) ParOldGen: 3097702K(3098112K)->3105235K(3105280K)
[2026-09-22T11:58:28.839+0000][168.274s][info][gc,metaspace   ] GC(50) Metaspace: 167528K(169280K)->167528K(169280K) NonClass: 140937K(141952K)->140937K(141952K) Class: 26591K(27328K)->26591K(27328K)
[2026-09-22T11:58:28.839+0000][168.274s][info][gc             ] GC(50) Pause Young (Allocation Failure) 6106M->3074M(6249M) 97.832ms
[2026-09-22T11:58:28.839+0000][168.274s][info][gc,cpu         ] GC(50) User=0.38s Sys=0.00s Real=0.09s
[2026-09-22T11:58:32.447+0000][171.882s][info][gc,start       ] GC(51) Pause Young (Allocation Failure)
[2026-09-22T11:58:32.564+0000][171.999s][info][gc,heap        ] GC(51) PSYoungGen: 3162160K(3293696K)->39264K(3304960K) Eden: 3119104K(3119104K)->0K(3155456K) From: 43056K(174592K)->39264K(149504K)
[2026-09-22T11:58:32.564+0000][171.999s][info][gc,heap        ] GC(51) ParOldGen: 3105235K(3105280K)->3120377K(3120640K)
[2026-09-22T11:58:32.564+0000][171.999s][info][gc,metaspace   ] GC(51) Metaspace: 167667K(169472K)->167667K(169472K) NonClass: 141062K(142080K)->141062K(142080K) Class: 26605K(27392K)->26605K(27392K)
[2026-09-22T11:58:32.564+0000][171.999s][info][gc             ] GC(51) Pause Young (Allocation Failure) 6120M->3085M(6275M) 117.328ms
[2026-09-22T11:58:32.564+0000][171.999s][info][gc,cpu         ] GC(51) User=0.41s Sys=0.04s Real=0.12s
[2026-09-22T11:58:36.547+0000][175.982s][info][gc,start       ] GC(52) Pause Young (Allocation Failure)
[2026-09-22T11:58:36.665+0000][176.100s][info][gc,heap        ] GC(52) PSYoungGen: 3194720K(3304960K)->40224K(3311616K) Eden: 3155456K(3155456K)->0K(3155456K) From: 39264K(149504K)->40224K(156160K)
[2026-09-22T11:58:36.665+0000][176.100s][info][gc,heap        ] GC(52) ParOldGen: 3120377K(3120640K)->3130498K(3130880K)
[2026-09-22T11:58:36.665+0000][176.100s][info][gc,metaspace   ] GC(52) Metaspace: 167679K(169472K)->167679K(169472K) NonClass: 141074K(142080K)->141074K(142080K) Class: 26605K(27392K)->26605K(27392K)
[2026-09-22T11:58:36.665+0000][176.100s][info][gc             ] GC(52) Pause Young (Allocation Failure) 6167M->3096M(6291M) 117.911ms
[2026-09-22T11:58:36.665+0000][176.100s][info][gc,cpu         ] GC(52) User=0.40s Sys=0.05s Real=0.12s
[2026-09-22T11:58:40.543+0000][179.978s][info][gc,start       ] GC(53) Pause Young (GCLocker Initiated GC)
[2026-09-22T11:58:40.651+0000][180.086s][info][gc,heap        ] GC(53) PSYoungGen: 3195680K(3311616K)->41104K(3321856K) Eden: 3155456K(3155456K)->0K(3189248K) From: 40224K(156160K)->41104K(132608K)
[2026-09-22T11:58:40.651+0000][180.086s][info][gc,heap        ] GC(53) ParOldGen: 3130498K(3130880K)->3142172K(3142656K)
[2026-09-22T11:58:40.651+0000][180.086s][info][gc,metaspace   ] GC(53) Metaspace: 167697K(169472K)->167697K(169472K) NonClass: 141092K(142080K)->141092K(142080K) Class: 26605K(27392K)->26605K(27392K)
[2026-09-22T11:58:40.651+0000][180.086s][info][gc             ] GC(53) Pause Young (GCLocker Initiated GC) 6177M->3108M(6313M) 107.771ms
[2026-09-22T11:58:40.651+0000][180.086s][info][gc,cpu         ] GC(53) User=0.41s Sys=0.01s Real=0.11s
[2026-09-22T11:58:44.694+0000][184.129s][info][gc,start       ] GC(54) Pause Young (Allocation Failure)
[2026-09-22T11:58:44.807+0000][184.242s][info][gc,heap        ] GC(54) PSYoungGen: 3230352K(3321856K)->35776K(3329536K) Eden: 3189248K(3189248K)->0K(3189248K) From: 41104K(132608K)->35776K(140288K)
[2026-09-22T11:58:44.807+0000][184.242s][info][gc,heap        ] GC(54) ParOldGen: 3142175K(3142656K)->3154262K(3154432K)
[2026-09-22T11:58:44.807+0000][184.242s][info][gc,metaspace   ] GC(54) Metaspace: 167739K(169536K)->167739K(169536K) NonClass: 141133K(142144K)->141133K(142144K) Class: 26605K(27392K)->26605K(27392K)
[2026-09-22T11:58:44.807+0000][184.242s][info][gc             ] GC(54) Pause Young (Allocation Failure) 6223M->3115M(6332M) 113.566ms
[2026-09-22T11:58:44.807+0000][184.242s][info][gc,cpu         ] GC(54) User=0.40s Sys=0.05s Real=0.11s
[2026-09-22T11:58:49.153+0000][188.587s][info][gc,start       ] GC(55) Pause Young (GCLocker Initiated GC)
[2026-09-22T11:58:49.270+0000][188.705s][info][gc,heap        ] GC(55) PSYoungGen: 3225024K(3329536K)->36688K(3343360K) Eden: 3189248K(3189248K)->0K(3222016K) From: 35776K(140288K)->36688K(121344K)
[2026-09-22T11:58:49.270+0000][188.705s][info][gc,heap        ] GC(55) ParOldGen: 3154262K(3154432K)->3162524K(3162624K)
[2026-09-22T11:58:49.270+0000][188.705s][info][gc,metaspace   ] GC(55) Metaspace: 167825K(169600K)->167825K(169600K) NonClass: 141218K(142208K)->141218K(142208K) Class: 26606K(27392K)->26606K(27392K)
[2026-09-22T11:58:49.270+0000][188.705s][info][gc             ] GC(55) Pause Young (GCLocker Initiated GC) 6229M->3124M(6353M) 117.188ms
[2026-09-22T11:58:49.270+0000][188.705s][info][gc,cpu         ] GC(55) User=0.43s Sys=0.01s Real=0.12s
[2026-09-22T11:58:53.462+0000][192.897s][info][gc,start       ] GC(56) Pause Young (Allocation Failure)
[2026-09-22T11:58:53.565+0000][193.000s][info][gc,heap        ] GC(56) PSYoungGen: 3258704K(3343360K)->36368K(3349504K) Eden: 3222016K(3222016K)->0K(3222016K) From: 36688K(121344K)->36368K(127488K)
[2026-09-22T11:58:53.565+0000][193.000s][info][gc,heap        ] GC(56) ParOldGen: 3162527K(3162624K)->3172334K(3172352K)
[2026-09-22T11:58:53.565+0000][193.000s][info][gc,metaspace   ] GC(56) Metaspace: 167842K(169600K)->167842K(169600K) NonClass: 141235K(142208K)->141235K(142208K) Class: 26606K(27392K)->26606K(27392K)
[2026-09-22T11:58:53.565+0000][193.000s][info][gc             ] GC(56) Pause Young (Allocation Failure) 6270M->3133M(6369M) 102.928ms
[2026-09-22T11:58:53.565+0000][193.000s][info][gc,cpu         ] GC(56) User=0.40s Sys=0.01s Real=0.10s
[2026-09-22T11:58:57.747+0000][197.182s][info][gc,start       ] GC(57) Pause Young (Allocation Failure)
[2026-09-22T11:58:57.850+0000][197.285s][info][gc,heap        ] GC(57) PSYoungGen: 3258384K(3349504K)->36880K(3356160K) Eden: 3222016K(3222016K)->0K(3246080K) From: 36368K(127488K)->36880K(110080K)
[2026-09-22T11:58:57.850+0000][197.285s][info][gc,heap        ] GC(57) ParOldGen: 3172334K(3172352K)->3181172K(3181568K)
[2026-09-22T11:58:57.850+0000][197.285s][info][gc,metaspace   ] GC(57) Metaspace: 167868K(169664K)->167868K(169664K) NonClass: 141261K(142272K)->141261K(142272K) Class: 26607K(27392K)->26607K(27392K)
[2026-09-22T11:58:57.850+0000][197.285s][info][gc             ] GC(57) Pause Young (Allocation Failure) 6279M->3142M(6384M) 102.632ms
[2026-09-22T11:58:57.850+0000][197.285s][info][gc,cpu         ] GC(57) User=0.40s Sys=0.00s Real=0.11s
[2026-09-22T11:59:01.947+0000][201.381s][info][gc,start       ] GC(58) Pause Young (GCLocker Initiated GC)
[2026-09-22T11:59:02.053+0000][201.488s][info][gc,heap        ] GC(58) PSYoungGen: 3282960K(3356160K)->38736K(3284992K) Eden: 3246080K(3246080K)->0K(3246080K) From: 36880K(110080K)->38736K(38912K)
[2026-09-22T11:59:02.053+0000][201.488s][info][gc,heap        ] GC(58) ParOldGen: 3181174K(3181568K)->3190452K(3190784K)
[2026-09-22T11:59:02.053+0000][201.488s][info][gc,metaspace   ] GC(58) Metaspace: 167886K(169664K)->167886K(169664K) NonClass: 141278K(142272K)->141278K(142272K) Class: 26608K(27392K)->26608K(27392K)
[2026-09-22T11:59:02.053+0000][201.488s][info][gc             ] GC(58) Pause Young (GCLocker Initiated GC) 6312M->3153M(6324M) 106.905ms
[2026-09-22T11:59:02.054+0000][201.488s][info][gc,cpu         ] GC(58) User=0.41s Sys=0.01s Real=0.11s
[2026-09-22T11:59:06.322+0000][205.757s][info][gc,start       ] GC(59) Pause Young (Allocation Failure)
[2026-09-22T11:59:06.425+0000][205.860s][info][gc,heap        ] GC(59) PSYoungGen: 3284816K(3284992K)->36672K(3360256K) Eden: 3246080K(3246080K)->0K(3250688K) From: 38736K(38912K)->36672K(109568K)
[2026-09-22T11:59:06.425+0000][205.860s][info][gc,heap        ] GC(59) ParOldGen: 3190453K(3190784K)->3201780K(3202048K)
[2026-09-22T11:59:06.425+0000][205.860s][info][gc,metaspace   ] GC(59) Metaspace: 167894K(169664K)->167894K(169664K) NonClass: 141286K(142272K)->141286K(142272K) Class: 26608K(27392K)->26608K(27392K)
[2026-09-22T11:59:06.425+0000][205.860s][info][gc             ] GC(59) Pause Young (Allocation Failure) 6323M->3162M(6408M) 102.963ms
[2026-09-22T11:59:06.425+0000][205.860s][info][gc,cpu         ] GC(59) User=0.40s Sys=0.01s Real=0.10s
[2026-09-22T11:59:10.674+0000][210.109s][info][gc,start       ] GC(60) Pause Young (Allocation Failure)
[2026-09-22T11:59:10.779+0000][210.214s][info][gc,heap        ] GC(60) PSYoungGen: 3287360K(3360256K)->37632K(3355648K) Eden: 3250688K(3250688K)->0K(3250688K) From: 36672K(109568K)->37632K(104960K)
[2026-09-22T11:59:10.779+0000][210.214s][info][gc,heap        ] GC(60) ParOldGen: 3201780K(3202048K)->3211747K(3211776K)
[2026-09-22T11:59:10.779+0000][210.214s][info][gc,metaspace   ] GC(60) Metaspace: 167914K(169664K)->167914K(169664K) NonClass: 141305K(142272K)->141305K(142272K) Class: 26608K(27392K)->26608K(27392K)
[2026-09-22T11:59:10.779+0000][210.214s][info][gc             ] GC(60) Pause Young (Allocation Failure) 6337M->3173M(6413M) 104.986ms
[2026-09-22T11:59:10.779+0000][210.214s][info][gc,cpu         ] GC(60) User=0.40s Sys=0.01s Real=0.10s
[2026-09-22T11:59:14.901+0000][214.336s][info][gc,start       ] GC(61) Pause Young (Allocation Failure)
[2026-09-22T11:59:15.003+0000][214.438s][info][gc,heap        ] GC(61) PSYoungGen: 3288320K(3355648K)->36800K(3384832K) Eden: 3250688K(3250688K)->0K(3284992K) From: 37632K(104960K)->36800K(99840K)
[2026-09-22T11:59:15.003+0000][214.438s][info][gc,heap        ] GC(61) ParOldGen: 3211747K(3211776K)->3221810K(3222016K)
[2026-09-22T11:59:15.003+0000][214.438s][info][gc,metaspace   ] GC(61) Metaspace: 167928K(169664K)->167928K(169664K) NonClass: 141320K(142272K)->141320K(142272K) Class: 26608K(27392K)->26608K(27392K)
[2026-09-22T11:59:15.003+0000][214.438s][info][gc             ] GC(61) Pause Young (Allocation Failure) 6347M->3182M(6452M) 102.549ms
[2026-09-22T11:59:15.003+0000][214.438s][info][gc,cpu         ] GC(61) User=0.40s Sys=0.01s Real=0.10s
[2026-09-22T11:59:19.522+0000][218.957s][info][gc,start       ] GC(62) Pause Young (GCLocker Initiated GC)
[2026-09-22T11:59:19.629+0000][219.064s][info][gc,heap        ] GC(62) PSYoungGen: 3321792K(3384832K)->34496K(3380224K) Eden: 3284992K(3284992K)->0K(3284992K) From: 36800K(99840K)->34496K(95232K)
[2026-09-22T11:59:19.629+0000][219.064s][info][gc,heap        ] GC(62) ParOldGen: 3221810K(3222016K)->3230452K(3230720K)
[2026-09-22T11:59:19.629+0000][219.064s][info][gc,metaspace   ] GC(62) Metaspace: 167946K(169728K)->167946K(169728K) NonClass: 141337K(142336K)->141337K(142336K) Class: 26609K(27392K)->26609K(27392K)
[2026-09-22T11:59:19.629+0000][219.064s][info][gc             ] GC(62) Pause Young (GCLocker Initiated GC) 6390M->3188M(6456M) 107.138ms
[2026-09-22T11:59:19.629+0000][219.064s][info][gc,cpu         ] GC(62) User=0.41s Sys=0.02s Real=0.10s
[2026-09-22T11:59:24.074+0000][223.509s][info][gc,start       ] GC(63) Pause Young (Allocation Failure)
[2026-09-22T11:59:24.178+0000][223.613s][info][gc,heap        ] GC(63) PSYoungGen: 3319488K(3380224K)->35840K(3385856K) Eden: 3284992K(3284992K)->0K(3294208K) From: 34496K(95232K)->35840K(91648K)
[2026-09-22T11:59:24.178+0000][223.613s][info][gc,heap        ] GC(63) ParOldGen: 3230454K(3230720K)->3238896K(3238912K)
[2026-09-22T11:59:24.178+0000][223.613s][info][gc,metaspace   ] GC(63) Metaspace: 168126K(169856K)->168126K(169856K) NonClass: 141498K(142464K)->141498K(142464K) Class: 26628K(27392K)->26628K(27392K)
[2026-09-22T11:59:24.178+0000][223.613s][info][gc             ] GC(63) Pause Young (Allocation Failure) 6396M->3197M(6469M) 103.859ms
[2026-09-22T11:59:24.178+0000][223.613s][info][gc,cpu         ] GC(63) User=0.39s Sys=0.02s Real=0.10s
[2026-09-22T11:59:29.946+0000][229.381s][info][gc,start       ] GC(64) Pause Young (Allocation Failure)
[2026-09-22T11:59:30.052+0000][229.487s][info][gc,heap        ] GC(64) PSYoungGen: 3330048K(3385856K)->43920K(3381760K) Eden: 3294208K(3294208K)->0K(3294208K) From: 35840K(91648K)->43920K(87552K)
[2026-09-22T11:59:30.052+0000][229.487s][info][gc,heap        ] GC(64) ParOldGen: 3238896K(3238912K)->3246610K(3247104K)
[2026-09-22T11:59:30.052+0000][229.487s][info][gc,metaspace   ] GC(64) Metaspace: 168183K(169984K)->168183K(169984K) NonClass: 141554K(142592K)->141554K(142592K) Class: 26629K(27392K)->26629K(27392K)
[2026-09-22T11:59:30.052+0000][229.487s][info][gc             ] GC(64) Pause Young (Allocation Failure) 6414M->3213M(6473M) 105.638ms
[2026-09-22T11:59:30.052+0000][229.487s][info][gc,cpu         ] GC(64) User=0.39s Sys=0.03s Real=0.11s
[2026-09-22T11:59:37.921+0000][237.356s][info][gc,start       ] GC(65) Pause Young (Allocation Failure)
[2026-09-22T11:59:38.030+0000][237.464s][info][gc,heap        ] GC(65) PSYoungGen: 3338128K(3381760K)->39392K(3403264K) Eden: 3294208K(3294208K)->0K(3319296K) From: 43920K(87552K)->39392K(83968K)
[2026-09-22T11:59:38.030+0000][237.465s][info][gc,heap        ] GC(65) ParOldGen: 3246610K(3247104K)->3262808K(3262976K)
[2026-09-22T11:59:38.030+0000][237.465s][info][gc,metaspace   ] GC(65) Metaspace: 168201K(169984K)->168201K(169984K) NonClass: 141569K(142592K)->141569K(142592K) Class: 26631K(27392K)->26631K(27392K)
[2026-09-22T11:59:38.030+0000][237.465s][info][gc             ] GC(65) Pause Young (Allocation Failure) 6430M->3224M(6510M) 109.011ms
[2026-09-22T11:59:38.030+0000][237.465s][info][gc,cpu         ] GC(65) User=0.41s Sys=0.01s Real=0.10s
[2026-09-22T12:00:07.158+0000][266.593s][info][gc,start       ] GC(66) Pause Young (Allocation Failure)
[2026-09-22T12:00:07.272+0000][266.707s][info][gc,heap        ] GC(66) PSYoungGen: 3358688K(3403264K)->41344K(3399680K) Eden: 3319296K(3319296K)->0K(3319296K) From: 39392K(83968K)->41344K(80384K)
[2026-09-22T12:00:07.272+0000][266.707s][info][gc,heap        ] GC(66) ParOldGen: 3262808K(3262976K)->3274142K(3274240K)
[2026-09-22T12:00:07.272+0000][266.707s][info][gc,metaspace   ] GC(66) Metaspace: 168216K(169984K)->168216K(169984K) NonClass: 141583K(142592K)->141583K(142592K) Class: 26632K(27392K)->26632K(27392K)
[2026-09-22T12:00:07.272+0000][266.707s][info][gc             ] GC(66) Pause Young (Allocation Failure) 6466M->3237M(6517M) 113.816ms
[2026-09-22T12:00:07.272+0000][266.707s][info][gc,cpu         ] GC(66) User=0.42s Sys=0.02s Real=0.12s
[2026-09-22T12:02:33.546+0000][412.980s][info][gc,start       ] GC(67) Pause Young (GCLocker Initiated GC)
[2026-09-22T12:02:33.653+0000][413.088s][info][gc,heap        ] GC(67) PSYoungGen: 3360640K(3399680K)->41584K(3399680K) Eden: 3319296K(3319296K)->0K(3330560K) From: 41344K(80384K)->41584K(69120K)
[2026-09-22T12:02:33.653+0000][413.088s][info][gc,heap        ] GC(67) ParOldGen: 3274349K(3274752K)->3287943K(3288064K)
[2026-09-22T12:02:33.653+0000][413.088s][info][gc,metaspace   ] GC(67) Metaspace: 169044K(170880K)->169044K(170880K) NonClass: 142335K(143360K)->142335K(143360K) Class: 26708K(27520K)->26708K(27520K)
[2026-09-22T12:02:33.653+0000][413.088s][info][gc             ] GC(67) Pause Young (GCLocker Initiated GC) 6479M->3251M(6531M) 107.533ms
[2026-09-22T12:02:33.653+0000][413.088s][info][gc,cpu         ] GC(67) User=0.41s Sys=0.02s Real=0.11s
[2026-09-22T12:02:39.023+0000][418.458s][info][gc,start       ] GC(68) Pause Young (GCLocker Initiated GC)
[2026-09-22T12:02:39.099+0000][418.534s][info][gc,heap        ] GC(68) PSYoungGen: 135043K(3399680K)->7391K(3403264K) Eden: 93458K(3330560K)->0K(3330560K) From: 41584K(69120K)->7391K(72704K)
[2026-09-22T12:02:39.099+0000][418.534s][info][gc,heap        ] GC(68) ParOldGen: 3287943K(3288064K)->3328429K(3328512K)
[2026-09-22T12:02:39.099+0000][418.534s][info][gc,metaspace   ] GC(68) Metaspace: 170500K(172224K)->170500K(172224K) NonClass: 143667K(144640K)->143667K(144640K) Class: 26833K(27584K)->26833K(27584K)
[2026-09-22T12:02:39.099+0000][418.534s][info][gc             ] GC(68) Pause Young (GCLocker Initiated GC) 3342M->3257M(6574M) 75.727ms
[2026-09-22T12:02:39.099+0000][418.534s][info][gc,cpu         ] GC(68) User=0.25s Sys=0.03s Real=0.07s
[2026-09-22T12:03:28.406+0000][467.841s][info][gc,start       ] GC(69) Pause Young (Allocation Failure)
[2026-09-22T12:03:28.456+0000][467.891s][info][gc,heap        ] GC(69) PSYoungGen: 3337951K(3403264K)->30017K(3234304K) Eden: 3330559K(3330560K)->0K(3204096K) From: 7391K(72704K)->30017K(30208K)
[2026-09-22T12:03:28.456+0000][467.891s][info][gc,heap        ] GC(69) ParOldGen: 3328433K(3328512K)->3335221K(3335680K)
[2026-09-22T12:03:28.456+0000][467.891s][info][gc,metaspace   ] GC(69) Metaspace: 171798K(173568K)->171798K(173568K) NonClass: 144805K(145792K)->144805K(145792K) Class: 26993K(27776K)->26993K(27776K)
[2026-09-22T12:03:28.456+0000][467.891s][info][gc             ] GC(69) Pause Young (Allocation Failure) 6510M->3286M(6416M) 50.252ms
[2026-09-22T12:03:28.456+0000][467.891s][info][gc,cpu         ] GC(69) User=0.19s Sys=0.01s Real=0.05s
[2026-09-22T12:03:34.101+0000][473.536s][info][gc,start       ] GC(70) Pause Young (Allocation Failure)
[2026-09-22T12:03:34.155+0000][473.590s][info][gc,heap        ] GC(70) PSYoungGen: 3234113K(3234304K)->11328K(3095552K) Eden: 3204096K(3204096K)->0K(3083776K) From: 30017K(30208K)->11328K(11776K)
[2026-09-22T12:03:34.155+0000][473.590s][info][gc,heap        ] GC(70) ParOldGen: 3335221K(3335680K)->3353411K(3353600K)
[2026-09-22T12:03:34.155+0000][473.590s][info][gc,metaspace   ] GC(70) Metaspace: 171880K(173696K)->171880K(173696K) NonClass: 144878K(145920K)->144878K(145920K) Class: 27002K(27776K)->27002K(27776K)
[2026-09-22T12:03:34.155+0000][473.590s][info][gc             ] GC(70) Pause Young (Allocation Failure) 6415M->3285M(6298M) 53.977ms
[2026-09-22T12:03:34.155+0000][473.590s][info][gc,cpu         ] GC(70) User=0.20s Sys=0.01s Real=0.05s
[2026-09-22T12:03:39.729+0000][479.164s][info][gc,start       ] GC(71) Pause Young (Allocation Failure)
[2026-09-22T12:03:39.770+0000][479.205s][info][gc,heap        ] GC(71) PSYoungGen: 3095104K(3095552K)->9536K(2978816K) Eden: 3083776K(3083776K)->0K(2969088K) From: 11328K(11776K)->9536K(9728K)
[2026-09-22T12:03:39.770+0000][479.205s][info][gc,heap        ] GC(71) ParOldGen: 3353411K(3353600K)->3356635K(3356672K)
[2026-09-22T12:03:39.770+0000][479.205s][info][gc,metaspace   ] GC(71) Metaspace: 171895K(173696K)->171895K(173696K) NonClass: 144892K(145920K)->144892K(145920K) Class: 27002K(27776K)->27002K(27776K)
[2026-09-22T12:03:39.770+0000][479.205s][info][gc             ] GC(71) Pause Young (Allocation Failure) 6297M->3287M(6187M) 41.342ms
[2026-09-22T12:03:39.770+0000][479.205s][info][gc,cpu         ] GC(71) User=0.15s Sys=0.01s Real=0.05s
