[2026-09-22T15:42:23.637+0000][0.010s][info][gc,init] CardTable entry size: 512
[2026-09-22T15:42:23.637+0000][0.010s][info][gc     ] Using Parallel
[2026-09-22T15:42:23.647+0000][0.020s][info][gc,init] Version: 21.0.12.1+1-LTS (release)
[2026-09-22T15:42:23.647+0000][0.020s][info][gc,init] CPUs: 4 total, 4 available
[2026-09-22T15:42:23.647+0000][0.020s][info][gc,init] Memory: 15988M
[2026-09-22T15:42:23.647+0000][0.020s][info][gc,init] Large Page Support: Disabled
[2026-09-22T15:42:23.647+0000][0.020s][info][gc,init] NUMA Support: Disabled
[2026-09-22T15:42:23.647+0000][0.020s][info][gc,init] Compressed Oops: Enabled (Zero based)
[2026-09-22T15:42:23.647+0000][0.020s][info][gc,init] Alignments: Space 512K, Generation 512K, Heap 2M
[2026-09-22T15:42:23.647+0000][0.020s][info][gc,init] Heap Min Capacity: 4G
[2026-09-22T15:42:23.647+0000][0.020s][info][gc,init] Heap Initial Capacity: 4G
[2026-09-22T15:42:23.647+0000][0.020s][info][gc,init] Heap Max Capacity: 10G
[2026-09-22T15:42:23.647+0000][0.020s][info][gc,init] Pre-touch: Disabled
[2026-09-22T15:42:23.647+0000][0.020s][info][gc,init] Parallel Workers: 4
[2026-09-22T15:42:23.656+0000][0.029s][info][gc,metaspace] CDS archive(s) mapped at: [0x00007fe213000000-0x00007fe213c9c000-0x00007fe213c9c000), size 13221888, SharedBaseAddress: 0x00007fe213000000, ArchiveRelocationMode: 1.
[2026-09-22T15:42:23.656+0000][0.030s][info][gc,metaspace] Compressed class space mapped at: 0x00007fe214000000-0x00007fe254000000, reserved size: 1073741824
[2026-09-22T15:42:23.656+0000][0.030s][info][gc,metaspace] Narrow klass base: 0x00007fe213000000, Narrow klass shift: 0, Narrow klass range: 0x100000000
[2026-09-22T15:42:25.846+0000][2.220s][info][gc,start    ] GC(0) Pause Young (Metadata GC Threshold)
[2026-09-22T15:42:25.855+0000][2.228s][info][gc,heap     ] GC(0) PSYoungGen: 919414K(1223168K)->12653K(1223168K) Eden: 919414K(1048576K)->0K(1048576K) From: 0K(174592K)->12653K(174592K)
[2026-09-22T15:42:25.855+0000][2.228s][info][gc,heap     ] GC(0) ParOldGen: 1073K(2796544K)->1145K(2796544K)
[2026-09-22T15:42:25.855+0000][2.228s][info][gc,metaspace] GC(0) Metaspace: 21066K(21504K)->21066K(21504K) NonClass: 18693K(18944K)->18693K(18944K) Class: 2372K(2560K)->2372K(2560K)
[2026-09-22T15:42:25.855+0000][2.228s][info][gc          ] GC(0) Pause Young (Metadata GC Threshold) 898M->13M(3925M) 8.133ms
[2026-09-22T15:42:25.855+0000][2.228s][info][gc,cpu      ] GC(0) User=0.02s Sys=0.01s Real=0.01s
[2026-09-22T15:42:25.855+0000][2.228s][info][gc,start    ] GC(1) Pause Full (Metadata GC Threshold)
[2026-09-22T15:42:25.855+0000][2.228s][info][gc,phases,start] GC(1) Marking Phase
[2026-09-22T15:42:25.864+0000][2.237s][info][gc,phases      ] GC(1) Marking Phase 9.184ms
[2026-09-22T15:42:25.864+0000][2.237s][info][gc,phases,start] GC(1) Summary Phase
[2026-09-22T15:42:25.864+0000][2.237s][info][gc,phases      ] GC(1) Summary Phase 0.009ms
[2026-09-22T15:42:25.864+0000][2.237s][info][gc,phases,start] GC(1) Adjust Roots
[2026-09-22T15:42:25.867+0000][2.240s][info][gc,phases      ] GC(1) Adjust Roots 2.987ms
[2026-09-22T15:42:25.867+0000][2.240s][info][gc,phases,start] GC(1) Compaction Phase
[2026-09-22T15:42:25.875+0000][2.248s][info][gc,phases      ] GC(1) Compaction Phase 7.904ms
[2026-09-22T15:42:25.875+0000][2.248s][info][gc,phases,start] GC(1) Post Compact
[2026-09-22T15:42:25.876+0000][2.250s][info][gc,phases      ] GC(1) Post Compact 1.286ms
[2026-09-22T15:42:25.876+0000][2.250s][info][gc,heap        ] GC(1) PSYoungGen: 12653K(1223168K)->0K(1223168K) Eden: 0K(1048576K)->0K(1048576K) From: 12653K(174592K)->0K(174592K)
[2026-09-22T15:42:25.876+0000][2.250s][info][gc,heap        ] GC(1) ParOldGen: 1145K(2796544K)->13574K(2796544K)
[2026-09-22T15:42:25.876+0000][2.250s][info][gc,metaspace   ] GC(1) Metaspace: 21066K(21504K)->21066K(21504K) NonClass: 18693K(18944K)->18693K(18944K) Class: 2372K(2560K)->2372K(2560K)
[2026-09-22T15:42:25.876+0000][2.250s][info][gc             ] GC(1) Pause Full (Metadata GC Threshold) 13M->13M(3925M) 21.522ms
[2026-09-22T15:42:25.876+0000][2.250s][info][gc,cpu         ] GC(1) User=0.06s Sys=0.01s Real=0.02s
[2026-09-22T15:42:26.997+0000][3.371s][info][gc,start       ] GC(2) Pause Young (Metadata GC Threshold)
[2026-09-22T15:42:27.023+0000][3.397s][info][gc,heap        ] GC(2) PSYoungGen: 454700K(1223168K)->50985K(1223168K) Eden: 454700K(1048576K)->0K(1048576K) From: 0K(174592K)->50985K(174592K)
[2026-09-22T15:42:27.023+0000][3.397s][info][gc,heap        ] GC(2) ParOldGen: 13574K(2796544K)->13582K(2796544K)
[2026-09-22T15:42:27.023+0000][3.397s][info][gc,metaspace   ] GC(2) Metaspace: 35345K(35840K)->35345K(35840K) NonClass: 31260K(31552K)->31260K(31552K) Class: 4084K(4288K)->4084K(4288K)
[2026-09-22T15:42:27.023+0000][3.397s][info][gc             ] GC(2) Pause Young (Metadata GC Threshold) 457M->63M(3925M) 26.143ms
[2026-09-22T15:42:27.023+0000][3.397s][info][gc,cpu         ] GC(2) User=0.08s Sys=0.02s Real=0.02s
[2026-09-22T15:42:27.023+0000][3.397s][info][gc,start       ] GC(3) Pause Full (Metadata GC Threshold)
[2026-09-22T15:42:27.023+0000][3.397s][info][gc,phases,start] GC(3) Marking Phase
[2026-09-22T15:42:27.054+0000][3.428s][info][gc,phases      ] GC(3) Marking Phase 30.869ms
[2026-09-22T15:42:27.054+0000][3.428s][info][gc,phases,start] GC(3) Summary Phase
[2026-09-22T15:42:27.054+0000][3.428s][info][gc,phases      ] GC(3) Summary Phase 0.019ms
[2026-09-22T15:42:27.054+0000][3.428s][info][gc,phases,start] GC(3) Adjust Roots
[2026-09-22T15:42:27.058+0000][3.431s][info][gc,phases      ] GC(3) Adjust Roots 3.348ms
[2026-09-22T15:42:27.058+0000][3.431s][info][gc,phases,start] GC(3) Compaction Phase
[2026-09-22T15:42:27.105+0000][3.479s][info][gc,phases      ] GC(3) Compaction Phase 47.424ms
[2026-09-22T15:42:27.105+0000][3.479s][info][gc,phases,start] GC(3) Post Compact
[2026-09-22T15:42:27.106+0000][3.480s][info][gc,phases      ] GC(3) Post Compact 1.173ms
[2026-09-22T15:42:27.106+0000][3.480s][info][gc,heap        ] GC(3) PSYoungGen: 50985K(1223168K)->0K(1223168K) Eden: 0K(1048576K)->0K(1048576K) From: 50985K(174592K)->0K(174592K)
[2026-09-22T15:42:27.106+0000][3.480s][info][gc,heap        ] GC(3) ParOldGen: 13582K(2796544K)->64208K(2796544K)
[2026-09-22T15:42:27.106+0000][3.480s][info][gc,metaspace   ] GC(3) Metaspace: 35345K(35840K)->35343K(35840K) NonClass: 31260K(31552K)->31259K(31552K) Class: 4084K(4288K)->4084K(4288K)
[2026-09-22T15:42:27.106+0000][3.480s][info][gc             ] GC(3) Pause Full (Metadata GC Threshold) 63M->62M(3925M) 82.979ms
[2026-09-22T15:42:27.106+0000][3.480s][info][gc,cpu         ] GC(3) User=0.28s Sys=0.01s Real=0.08s
[2026-09-22T15:42:28.749+0000][5.122s][info][gc,start       ] GC(4) Pause Young (Metadata GC Threshold)
[2026-09-22T15:42:28.777+0000][5.150s][info][gc,heap        ] GC(4) PSYoungGen: 368754K(1223168K)->43002K(1223168K) Eden: 368754K(1048576K)->0K(1048576K) From: 0K(174592K)->43002K(174592K)
[2026-09-22T15:42:28.777+0000][5.150s][info][gc,heap        ] GC(4) ParOldGen: 64208K(2796544K)->64216K(2796544K)
[2026-09-22T15:42:28.777+0000][5.150s][info][gc,metaspace   ] GC(4) Metaspace: 59085K(59776K)->59085K(59776K) NonClass: 50512K(50880K)->50512K(50880K) Class: 8573K(8896K)->8573K(8896K)
[2026-09-22T15:42:28.777+0000][5.150s][info][gc             ] GC(4) Pause Young (Metadata GC Threshold) 422M->104M(3925M) 27.952ms
[2026-09-22T15:42:28.777+0000][5.150s][info][gc,cpu         ] GC(4) User=0.08s Sys=0.03s Real=0.02s
[2026-09-22T15:42:28.777+0000][5.150s][info][gc,start       ] GC(5) Pause Full (Metadata GC Threshold)
[2026-09-22T15:42:28.777+0000][5.150s][info][gc,phases,start] GC(5) Marking Phase
[2026-09-22T15:42:28.832+0000][5.205s][info][gc,phases      ] GC(5) Marking Phase 55.088ms
[2026-09-22T15:42:28.832+0000][5.205s][info][gc,phases,start] GC(5) Summary Phase
[2026-09-22T15:42:28.832+0000][5.205s][info][gc,phases      ] GC(5) Summary Phase 0.007ms
[2026-09-22T15:42:28.832+0000][5.205s][info][gc,phases,start] GC(5) Adjust Roots
[2026-09-22T15:42:28.838+0000][5.211s][info][gc,phases      ] GC(5) Adjust Roots 5.913ms
[2026-09-22T15:42:28.838+0000][5.211s][info][gc,phases,start] GC(5) Compaction Phase
[2026-09-22T15:42:28.922+0000][5.296s][info][gc,phases      ] GC(5) Compaction Phase 84.659ms
[2026-09-22T15:42:28.922+0000][5.296s][info][gc,phases,start] GC(5) Post Compact
[2026-09-22T15:42:28.924+0000][5.297s][info][gc,phases      ] GC(5) Post Compact 1.351ms
[2026-09-22T15:42:28.924+0000][5.297s][info][gc,heap        ] GC(5) PSYoungGen: 43002K(1223168K)->0K(1223168K) Eden: 0K(1048576K)->0K(1048576K) From: 43002K(174592K)->0K(174592K)
[2026-09-22T15:42:28.924+0000][5.297s][info][gc,heap        ] GC(5) ParOldGen: 64216K(2796544K)->103047K(2796544K)
[2026-09-22T15:42:28.924+0000][5.297s][info][gc,metaspace   ] GC(5) Metaspace: 59085K(59776K)->59085K(59776K) NonClass: 50512K(50880K)->50512K(50880K) Class: 8573K(8896K)->8573K(8896K)
[2026-09-22T15:42:28.924+0000][5.297s][info][gc             ] GC(5) Pause Full (Metadata GC Threshold) 104M->100M(3925M) 147.191ms
[2026-09-22T15:42:28.924+0000][5.297s][info][gc,cpu         ] GC(5) User=0.55s Sys=0.00s Real=0.15s
[2026-09-22T15:42:31.653+0000][8.026s][info][gc,start       ] GC(6) Pause Young (Metadata GC Threshold)
[2026-09-22T15:42:31.767+0000][8.141s][info][gc,heap        ] GC(6) PSYoungGen: 829012K(1223168K)->174560K(1223168K) Eden: 829012K(1048576K)->0K(1048576K) From: 0K(174592K)->174560K(174592K)
[2026-09-22T15:42:31.767+0000][8.141s][info][gc,heap        ] GC(6) ParOldGen: 103047K(2796544K)->105471K(2796544K)
[2026-09-22T15:42:31.767+0000][8.141s][info][gc,metaspace   ] GC(6) Metaspace: 98767K(99648K)->98767K(99648K) NonClass: 84818K(85312K)->84818K(85312K) Class: 13949K(14336K)->13949K(14336K)
[2026-09-22T15:42:31.767+0000][8.141s][info][gc             ] GC(6) Pause Young (Metadata GC Threshold) 910M->273M(3925M) 114.577ms
[2026-09-22T15:42:31.767+0000][8.141s][info][gc,cpu         ] GC(6) User=0.38s Sys=0.06s Real=0.12s
[2026-09-22T15:42:31.767+0000][8.141s][info][gc,start       ] GC(7) Pause Full (Metadata GC Threshold)
[2026-09-22T15:42:31.767+0000][8.141s][info][gc,phases,start] GC(7) Marking Phase
[2026-09-22T15:42:31.931+0000][8.305s][info][gc,phases      ] GC(7) Marking Phase 163.938ms
[2026-09-22T15:42:31.931+0000][8.305s][info][gc,phases,start] GC(7) Summary Phase
[2026-09-22T15:42:31.931+0000][8.305s][info][gc,phases      ] GC(7) Summary Phase 0.025ms
[2026-09-22T15:42:31.931+0000][8.305s][info][gc,phases,start] GC(7) Adjust Roots
[2026-09-22T15:42:31.942+0000][8.315s][info][gc,phases      ] GC(7) Adjust Roots 10.404ms
[2026-09-22T15:42:31.942+0000][8.315s][info][gc,phases,start] GC(7) Compaction Phase
[2026-09-22T15:42:32.278+0000][8.652s][info][gc,phases      ] GC(7) Compaction Phase 336.279ms
[2026-09-22T15:42:32.278+0000][8.652s][info][gc,phases,start] GC(7) Post Compact
[2026-09-22T15:42:32.280+0000][8.654s][info][gc,phases      ] GC(7) Post Compact 2.084ms
[2026-09-22T15:42:32.280+0000][8.654s][info][gc,heap        ] GC(7) PSYoungGen: 174560K(1223168K)->0K(1223168K) Eden: 0K(1048576K)->0K(1048576K) From: 174560K(174592K)->0K(174592K)
[2026-09-22T15:42:32.280+0000][8.654s][info][gc,heap        ] GC(7) ParOldGen: 105471K(2796544K)->278440K(2796544K)
[2026-09-22T15:42:32.280+0000][8.654s][info][gc,metaspace   ] GC(7) Metaspace: 98767K(99648K)->98767K(99648K) NonClass: 84818K(85312K)->84818K(85312K) Class: 13949K(14336K)->13949K(14336K)
[2026-09-22T15:42:32.280+0000][8.654s][info][gc             ] GC(7) Pause Full (Metadata GC Threshold) 273M->271M(3925M) 512.903ms
[2026-09-22T15:42:32.280+0000][8.654s][info][gc,cpu         ] GC(7) User=1.92s Sys=0.04s Real=0.51s
[2026-09-22T15:42:35.284+0000][11.657s][info][gc,start       ] GC(8) Pause Young (Allocation Failure)
[2026-09-22T15:42:35.312+0000][11.686s][info][gc,heap        ] GC(8) PSYoungGen: 1048576K(1223168K)->43671K(1223168K) Eden: 1048576K(1048576K)->0K(1048576K) From: 0K(174592K)->43671K(174592K)
[2026-09-22T15:42:35.312+0000][11.686s][info][gc,heap        ] GC(8) ParOldGen: 278440K(2796544K)->278456K(2796544K)
[2026-09-22T15:42:35.312+0000][11.686s][info][gc,metaspace   ] GC(8) Metaspace: 119171K(120192K)->119171K(120192K) NonClass: 102014K(102592K)->102014K(102592K) Class: 17156K(17600K)->17156K(17600K)
[2026-09-22T15:42:35.312+0000][11.686s][info][gc             ] GC(8) Pause Young (Allocation Failure) 1295M->314M(3925M) 28.364ms
[2026-09-22T15:42:35.312+0000][11.686s][info][gc,cpu         ] GC(8) User=0.11s Sys=0.00s Real=0.03s
[2026-09-22T15:42:41.387+0000][17.760s][info][gc,start       ] GC(9) Pause Young (Allocation Failure)
[2026-09-22T15:42:41.456+0000][17.830s][info][gc,heap        ] GC(9) PSYoungGen: 1092247K(1223168K)->118025K(2240512K) Eden: 1048576K(1048576K)->0K(2082304K) From: 43671K(174592K)->118025K(158208K)
[2026-09-22T15:42:41.456+0000][17.830s][info][gc,heap        ] GC(9) ParOldGen: 278456K(2796544K)->278512K(2796544K)
[2026-09-22T15:42:41.456+0000][17.830s][info][gc,metaspace   ] GC(9) Metaspace: 149722K(150976K)->149722K(150976K) NonClass: 125323K(126016K)->125323K(126016K) Class: 24399K(24960K)->24399K(24960K)
[2026-09-22T15:42:41.456+0000][17.830s][info][gc             ] GC(9) Pause Young (Allocation Failure) 1338M->387M(4919M) 69.733ms
[2026-09-22T15:42:41.456+0000][17.830s][info][gc,cpu         ] GC(9) User=0.23s Sys=0.03s Real=0.07s
[2026-09-22T15:42:42.487+0000][18.860s][info][gc,start       ] GC(10) Pause Young (CodeCache GC Threshold)
[2026-09-22T15:42:42.556+0000][18.930s][info][gc,heap        ] GC(10) PSYoungGen: 446576K(2240512K)->144586K(2255360K) Eden: 328551K(2082304K)->0K(2082304K) From: 118025K(158208K)->144586K(173056K)
[2026-09-22T15:42:42.556+0000][18.930s][info][gc,heap        ] GC(10) ParOldGen: 278512K(2796544K)->278528K(2796544K)
[2026-09-22T15:42:42.556+0000][18.930s][info][gc,metaspace   ] GC(10) Metaspace: 150554K(151808K)->150554K(151808K) NonClass: 126066K(126784K)->126066K(126784K) Class: 24487K(25024K)->24487K(25024K)
[2026-09-22T15:42:42.556+0000][18.930s][info][gc             ] GC(10) Pause Young (CodeCache GC Threshold) 708M->413M(4933M) 69.597ms
[2026-09-22T15:42:42.556+0000][18.930s][info][gc,cpu         ] GC(10) User=0.21s Sys=0.07s Real=0.07s
[2026-09-22T15:42:42.556+0000][18.930s][info][gc,start       ] GC(11) Pause Full (CodeCache GC Threshold)
[2026-09-22T15:42:42.556+0000][18.930s][info][gc,phases,start] GC(11) Marking Phase
[2026-09-22T15:42:42.786+0000][19.160s][info][gc,phases      ] GC(11) Marking Phase 229.765ms
[2026-09-22T15:42:42.786+0000][19.160s][info][gc,phases,start] GC(11) Summary Phase
[2026-09-22T15:42:42.786+0000][19.160s][info][gc,phases      ] GC(11) Summary Phase 0.024ms
[2026-09-22T15:42:42.786+0000][19.160s][info][gc,phases,start] GC(11) Adjust Roots
[2026-09-22T15:42:42.807+0000][19.181s][info][gc,phases      ] GC(11) Adjust Roots 21.045ms
[2026-09-22T15:42:42.807+0000][19.181s][info][gc,phases,start] GC(11) Compaction Phase
[2026-09-22T15:42:43.216+0000][19.589s][info][gc,phases      ] GC(11) Compaction Phase 408.781ms
[2026-09-22T15:42:43.216+0000][19.590s][info][gc,phases,start] GC(11) Post Compact
[2026-09-22T15:42:43.221+0000][19.595s][info][gc,phases      ] GC(11) Post Compact 5.330ms
[2026-09-22T15:42:43.221+0000][19.595s][info][gc,heap        ] GC(11) PSYoungGen: 144586K(2255360K)->0K(2255360K) Eden: 0K(2082304K)->0K(2082304K) From: 144586K(173056K)->0K(173056K)
[2026-09-22T15:42:43.221+0000][19.595s][info][gc,heap        ] GC(11) ParOldGen: 278528K(2796544K)->383554K(2796544K)
[2026-09-22T15:42:43.221+0000][19.595s][info][gc,metaspace   ] GC(11) Metaspace: 150554K(151808K)->150489K(151808K) NonClass: 126066K(126784K)->126017K(126784K) Class: 24487K(25024K)->24472K(25024K)
[2026-09-22T15:42:43.221+0000][19.595s][info][gc             ] GC(11) Pause Full (CodeCache GC Threshold) 413M->374M(4933M) 665.142ms
[2026-09-22T15:42:43.221+0000][19.595s][info][gc,cpu         ] GC(11) User=2.45s Sys=0.02s Real=0.67s
[2026-09-22T15:42:47.877+0000][24.250s][info][gc,start       ] GC(12) Pause Young (Allocation Failure)
[2026-09-22T15:42:47.993+0000][24.366s][info][gc,heap        ] GC(12) PSYoungGen: 2082304K(2255360K)->194536K(2222080K) Eden: 2082304K(2082304K)->0K(2027520K) From: 0K(173056K)->194536K(194560K)
[2026-09-22T15:42:47.993+0000][24.366s][info][gc,heap        ] GC(12) ParOldGen: 383554K(2796544K)->462470K(2796544K)
[2026-09-22T15:42:47.993+0000][24.366s][info][gc,metaspace   ] GC(12) Metaspace: 152780K(154112K)->152780K(154112K) NonClass: 127957K(128704K)->127957K(128704K) Class: 24822K(25408K)->24822K(25408K)
[2026-09-22T15:42:47.993+0000][24.366s][info][gc             ] GC(12) Pause Young (Allocation Failure) 2408M->641M(4901M) 115.956ms
[2026-09-22T15:42:47.993+0000][24.366s][info][gc,cpu         ] GC(12) User=0.36s Sys=0.09s Real=0.12s
[2026-09-22T15:42:52.369+0000][28.742s][info][gc,start       ] GC(13) Pause Young (Allocation Failure)
[2026-09-22T15:42:52.581+0000][28.955s][info][gc,heap        ] GC(13) PSYoungGen: 2222056K(2222080K)->264172K(2291712K) Eden: 2027520K(2027520K)->0K(2027520K) From: 194536K(194560K)->264172K(264192K)
[2026-09-22T15:42:52.581+0000][28.955s][info][gc,heap        ] GC(13) ParOldGen: 462470K(2796544K)->719243K(2796544K)
[2026-09-22T15:42:52.581+0000][28.955s][info][gc,metaspace   ] GC(13) Metaspace: 153376K(154816K)->153376K(154816K) NonClass: 128462K(129280K)->128462K(129280K) Class: 24914K(25536K)->24914K(25536K)
[2026-09-22T15:42:52.581+0000][28.955s][info][gc             ] GC(13) Pause Young (Allocation Failure) 2621M->960M(4969M) 212.670ms
[2026-09-22T15:42:52.581+0000][28.955s][info][gc,cpu         ] GC(13) User=0.73s Sys=0.12s Real=0.21s
[2026-09-22T15:42:56.246+0000][32.619s][info][gc,start       ] GC(14) Pause Young (Allocation Failure)
[2026-09-22T15:42:56.469+0000][32.843s][info][gc,heap        ] GC(14) PSYoungGen: 2291692K(2291712K)->414192K(2809344K) Eden: 2027520K(2027520K)->0K(2395136K) From: 264172K(264192K)->414192K(414208K)
[2026-09-22T15:42:56.469+0000][32.843s][info][gc,heap        ] GC(14) ParOldGen: 719243K(2796544K)->894538K(2796544K)
[2026-09-22T15:42:56.469+0000][32.843s][info][gc,metaspace   ] GC(14) Metaspace: 154047K(155456K)->154047K(155456K) NonClass: 129056K(129856K)->129056K(129856K) Class: 24991K(25600K)->24991K(25600K)
[2026-09-22T15:42:56.469+0000][32.843s][info][gc             ] GC(14) Pause Young (Allocation Failure) 2940M->1278M(5474M) 223.233ms
[2026-09-22T15:42:56.469+0000][32.843s][info][gc,cpu         ] GC(14) User=0.66s Sys=0.23s Real=0.23s
[2026-09-22T15:43:00.613+0000][36.986s][info][gc,start       ] GC(15) Pause Young (Allocation Failure)
[2026-09-22T15:43:00.906+0000][37.279s][info][gc,heap        ] GC(15) PSYoungGen: 2809328K(2809344K)->310841K(2706432K) Eden: 2395136K(2395136K)->0K(2395136K) From: 414192K(414208K)->310841K(311296K)
[2026-09-22T15:43:00.906+0000][37.279s][info][gc,heap        ] GC(15) ParOldGen: 894538K(2796544K)->1327203K(2796544K)
[2026-09-22T15:43:00.906+0000][37.279s][info][gc,metaspace   ] GC(15) Metaspace: 154563K(156032K)->154563K(156032K) NonClass: 129520K(130368K)->129520K(130368K) Class: 25042K(25664K)->25042K(25664K)
[2026-09-22T15:43:00.906+0000][37.279s][info][gc             ] GC(15) Pause Young (Allocation Failure) 3617M->1599M(5374M) 292.775ms
[2026-09-22T15:43:00.906+0000][37.279s][info][gc,cpu         ] GC(15) User=0.92s Sys=0.24s Real=0.29s
[2026-09-22T15:43:05.284+0000][41.658s][info][gc,start       ] GC(16) Pause Young (Allocation Failure)
[2026-09-22T15:43:05.570+0000][41.943s][info][gc,heap        ] GC(16) PSYoungGen: 2705977K(2706432K)->357850K(2895872K) Eden: 2395136K(2395136K)->0K(2338816K) From: 310841K(311296K)->357850K(557056K)
[2026-09-22T15:43:05.570+0000][41.943s][info][gc,heap        ] GC(16) ParOldGen: 1327203K(2796544K)->1649714K(2796544K)
[2026-09-22T15:43:05.570+0000][41.943s][info][gc,metaspace   ] GC(16) Metaspace: 155253K(156736K)->155253K(156736K) NonClass: 130171K(131008K)->130171K(131008K) Class: 25082K(25728K)->25082K(25728K)
[2026-09-22T15:43:05.570+0000][41.943s][info][gc             ] GC(16) Pause Young (Allocation Failure) 3938M->1960M(5559M) 285.375ms
[2026-09-22T15:43:05.570+0000][41.943s][info][gc,cpu         ] GC(16) User=0.94s Sys=0.19s Real=0.29s
[2026-09-22T15:43:11.130+0000][47.503s][info][gc,start       ] GC(17) Pause Young (GCLocker Initiated GC)
[2026-09-22T15:43:11.438+0000][47.811s][info][gc,heap        ] GC(17) PSYoungGen: 2696666K(2895872K)->397490K(2736640K) Eden: 2338816K(2338816K)->0K(2338816K) From: 357850K(557056K)->397490K(397824K)
[2026-09-22T15:43:11.438+0000][47.811s][info][gc,heap        ] GC(17) ParOldGen: 1649722K(2796544K)->2019113K(2796544K)
[2026-09-22T15:43:11.438+0000][47.811s][info][gc,metaspace   ] GC(17) Metaspace: 156793K(158272K)->156793K(158272K) NonClass: 131632K(132480K)->131632K(132480K) Class: 25160K(25792K)->25160K(25792K)
[2026-09-22T15:43:11.438+0000][47.811s][info][gc             ] GC(17) Pause Young (GCLocker Initiated GC) 4244M->2359M(5403M) 307.807ms
[2026-09-22T15:43:11.438+0000][47.811s][info][gc,cpu         ] GC(17) User=1.05s Sys=0.18s Real=0.31s
[2026-09-22T15:43:13.310+0000][49.683s][info][gc,start       ] GC(18) Pause Young (CodeCache GC Threshold)
[2026-09-22T15:43:13.582+0000][49.956s][info][gc,heap        ] GC(18) PSYoungGen: 1415215K(2736640K)->150086K(2909184K) Eden: 1017724K(2338816K)->0K(2301952K) From: 397490K(397824K)->150086K(607232K)
[2026-09-22T15:43:13.582+0000][49.956s][info][gc,heap        ] GC(18) ParOldGen: 2019113K(2796544K)->2431607K(2796544K)
[2026-09-22T15:43:13.582+0000][49.956s][info][gc,metaspace   ] GC(18) Metaspace: 158888K(160384K)->158888K(160384K) NonClass: 133224K(134080K)->133224K(134080K) Class: 25664K(26304K)->25664K(26304K)
[2026-09-22T15:43:13.582+0000][49.956s][info][gc             ] GC(18) Pause Young (CodeCache GC Threshold) 3353M->2521M(5572M) 272.431ms
[2026-09-22T15:43:13.582+0000][49.956s][info][gc,cpu         ] GC(18) User=0.87s Sys=0.20s Real=0.27s
[2026-09-22T15:43:13.582+0000][49.956s][info][gc,start       ] GC(19) Pause Full (CodeCache GC Threshold)
[2026-09-22T15:43:13.582+0000][49.956s][info][gc,phases,start] GC(19) Marking Phase
[2026-09-22T15:43:14.072+0000][50.446s][info][gc,phases      ] GC(19) Marking Phase 489.817ms
[2026-09-22T15:43:14.072+0000][50.446s][info][gc,phases,start] GC(19) Summary Phase
[2026-09-22T15:43:14.072+0000][50.446s][info][gc,phases      ] GC(19) Summary Phase 0.111ms
[2026-09-22T15:43:14.072+0000][50.446s][info][gc,phases,start] GC(19) Adjust Roots
[2026-09-22T15:43:14.088+0000][50.462s][info][gc,phases      ] GC(19) Adjust Roots 15.771ms
[2026-09-22T15:43:14.088+0000][50.462s][info][gc,phases,start] GC(19) Compaction Phase
[2026-09-22T15:43:14.561+0000][50.934s][info][gc,phases      ] GC(19) Compaction Phase 472.622ms
[2026-09-22T15:43:14.561+0000][50.934s][info][gc,phases,start] GC(19) Post Compact
[2026-09-22T15:43:14.576+0000][50.949s][info][gc,phases      ] GC(19) Post Compact 14.899ms
[2026-09-22T15:43:14.576+0000][50.949s][info][gc,heap        ] GC(19) PSYoungGen: 150086K(2909184K)->0K(2909184K) Eden: 0K(2301952K)->0K(2301952K) From: 150086K(607232K)->0K(607232K)
[2026-09-22T15:43:14.576+0000][50.949s][info][gc,heap        ] GC(19) ParOldGen: 2431607K(2796544K)->1344438K(2796544K)
[2026-09-22T15:43:14.576+0000][50.949s][info][gc,metaspace   ] GC(19) Metaspace: 158888K(160384K)->158835K(160384K) NonClass: 133224K(134080K)->133184K(134080K) Class: 25664K(26304K)->25650K(26304K)
[2026-09-22T15:43:14.576+0000][50.949s][info][gc             ] GC(19) Pause Full (CodeCache GC Threshold) 2521M->1312M(5572M) 993.408ms
[2026-09-22T15:43:14.576+0000][50.949s][info][gc,cpu         ] GC(19) User=3.70s Sys=0.02s Real=0.99s
[2026-09-22T15:43:22.745+0000][59.119s][info][gc,start       ] GC(20) Pause Young (Allocation Failure)
[2026-09-22T15:43:22.869+0000][59.243s][info][gc,heap        ] GC(20) PSYoungGen: 2301952K(2909184K)->374993K(2887680K) Eden: 2301952K(2301952K)->0K(2301952K) From: 0K(607232K)->374993K(585728K)
[2026-09-22T15:43:22.869+0000][59.243s][info][gc,heap        ] GC(20) ParOldGen: 1344440K(2796544K)->1344448K(2796544K)
[2026-09-22T15:43:22.869+0000][59.243s][info][gc,metaspace   ] GC(20) Metaspace: 165692K(167360K)->165692K(167360K) NonClass: 139309K(140288K)->139309K(140288K) Class: 26383K(27072K)->26383K(27072K)
[2026-09-22T15:43:22.869+0000][59.243s][info][gc             ] GC(20) Pause Young (Allocation Failure) 3560M->1679M(5551M) 123.953ms
[2026-09-22T15:43:22.869+0000][59.243s][info][gc,cpu         ] GC(20) User=0.49s Sys=0.00s Real=0.13s
[2026-09-22T15:43:24.130+0000][60.504s][info][gc,start       ] GC(21) Pause Young (CodeCache GC Threshold)
[2026-09-22T15:43:24.308+0000][60.682s][info][gc,heap        ] GC(21) PSYoungGen: 973719K(2887680K)->60032K(2895872K) Eden: 598725K(2301952K)->0K(2292224K) From: 374993K(585728K)->60032K(603648K)
[2026-09-22T15:43:24.308+0000][60.682s][info][gc,heap        ] GC(21) ParOldGen: 1344448K(2796544K)->1712715K(2796544K)
[2026-09-22T15:43:24.308+0000][60.682s][info][gc,metaspace   ] GC(21) Metaspace: 165866K(167488K)->165866K(167488K) NonClass: 139463K(140416K)->139463K(140416K) Class: 26403K(27072K)->26403K(27072K)
[2026-09-22T15:43:24.308+0000][60.682s][info][gc             ] GC(21) Pause Young (CodeCache GC Threshold) 2263M->1731M(5559M) 177.874ms
[2026-09-22T15:43:24.308+0000][60.682s][info][gc,cpu         ] GC(21) User=0.69s Sys=0.02s Real=0.18s
[2026-09-22T15:43:24.308+0000][60.682s][info][gc,start       ] GC(22) Pause Full (CodeCache GC Threshold)
[2026-09-22T15:43:24.308+0000][60.682s][info][gc,phases,start] GC(22) Marking Phase
[2026-09-22T15:43:24.965+0000][61.339s][info][gc,phases      ] GC(22) Marking Phase 656.868ms
[2026-09-22T15:43:24.965+0000][61.339s][info][gc,phases,start] GC(22) Summary Phase
[2026-09-22T15:43:24.965+0000][61.339s][info][gc,phases      ] GC(22) Summary Phase 0.046ms
[2026-09-22T15:43:24.965+0000][61.339s][info][gc,phases,start] GC(22) Adjust Roots
[2026-09-22T15:43:24.988+0000][61.362s][info][gc,phases      ] GC(22) Adjust Roots 23.115ms
[2026-09-22T15:43:24.988+0000][61.362s][info][gc,phases,start] GC(22) Compaction Phase
[2026-09-22T15:43:25.815+0000][62.189s][info][gc,phases      ] GC(22) Compaction Phase 826.996ms
[2026-09-22T15:43:25.815+0000][62.189s][info][gc,phases,start] GC(22) Post Compact
[2026-09-22T15:43:25.825+0000][62.199s][info][gc,phases      ] GC(22) Post Compact 10.187ms
[2026-09-22T15:43:25.826+0000][62.199s][info][gc,heap        ] GC(22) PSYoungGen: 60032K(2895872K)->0K(2895872K) Eden: 0K(2292224K)->0K(2292224K) From: 60032K(603648K)->0K(603648K)
[2026-09-22T15:43:25.826+0000][62.199s][info][gc,heap        ] GC(22) ParOldGen: 1712715K(2796544K)->1751109K(2796544K)
[2026-09-22T15:43:25.826+0000][62.199s][info][gc,metaspace   ] GC(22) Metaspace: 165866K(167488K)->165819K(167488K) NonClass: 139463K(140416K)->139428K(140416K) Class: 26403K(27072K)->26390K(27072K)
[2026-09-22T15:43:25.826+0000][62.199s][info][gc             ] GC(22) Pause Full (CodeCache GC Threshold) 1731M->1710M(5559M) 1517.412ms
[2026-09-22T15:43:25.826+0000][62.199s][info][gc,cpu         ] GC(22) User=5.78s Sys=0.00s Real=1.51s
[2026-09-22T15:43:30.829+0000][67.203s][info][gc,start       ] GC(23) Pause Young (Allocation Failure)
[2026-09-22T15:43:30.921+0000][67.294s][info][gc,heap        ] GC(23) PSYoungGen: 2292224K(2895872K)->198864K(2491392K) Eden: 2292224K(2292224K)->0K(2292224K) From: 0K(603648K)->198864K(199168K)
[2026-09-22T15:43:30.921+0000][67.294s][info][gc,heap        ] GC(23) ParOldGen: 1751109K(2796544K)->1751117K(2796544K)
[2026-09-22T15:43:30.921+0000][67.294s][info][gc,metaspace   ] GC(23) Metaspace: 166087K(167744K)->166087K(167744K) NonClass: 139696K(140672K)->139696K(140672K) Class: 26391K(27072K)->26391K(27072K)
[2026-09-22T15:43:30.921+0000][67.294s][info][gc             ] GC(23) Pause Young (Allocation Failure) 3948M->1904M(5164M) 91.713ms
[2026-09-22T15:43:30.921+0000][67.294s][info][gc,cpu         ] GC(23) User=0.36s Sys=0.01s Real=0.09s
[2026-09-22T15:43:34.631+0000][71.004s][info][gc,start       ] GC(24) Pause Young (Allocation Failure)
[2026-09-22T15:43:34.790+0000][71.164s][info][gc,heap        ] GC(24) PSYoungGen: 2491088K(2491392K)->153712K(2881536K) Eden: 2292224K(2292224K)->0K(2314752K) From: 198864K(199168K)->153712K(566784K)
[2026-09-22T15:43:34.790+0000][71.164s][info][gc,heap        ] GC(24) ParOldGen: 1751117K(2796544K)->1935455K(2796544K)
[2026-09-22T15:43:34.790+0000][71.164s][info][gc,metaspace   ] GC(24) Metaspace: 166110K(167744K)->166110K(167744K) NonClass: 139717K(140672K)->139717K(140672K) Class: 26392K(27072K)->26392K(27072K)
[2026-09-22T15:43:34.790+0000][71.164s][info][gc             ] GC(24) Pause Young (Allocation Failure) 4142M->2040M(5545M) 159.622ms
[2026-09-22T15:43:34.790+0000][71.164s][info][gc,cpu         ] GC(24) User=0.61s Sys=0.01s Real=0.16s
[2026-09-22T15:43:38.036+0000][74.410s][info][gc,start       ] GC(25) Pause Young (Allocation Failure)
[2026-09-22T15:43:38.190+0000][74.564s][info][gc,heap        ] GC(25) PSYoungGen: 2468464K(2881536K)->154464K(2859008K) Eden: 2314752K(2314752K)->0K(2314752K) From: 153712K(566784K)->154464K(544256K)
[2026-09-22T15:43:38.190+0000][74.564s][info][gc,heap        ] GC(25) ParOldGen: 1935455K(2796544K)->2071741K(2796544K)
[2026-09-22T15:43:38.190+0000][74.564s][info][gc,metaspace   ] GC(25) Metaspace: 166129K(167744K)->166129K(167744K) NonClass: 139724K(140672K)->139724K(140672K) Class: 26404K(27072K)->26404K(27072K)
[2026-09-22T15:43:38.190+0000][74.564s][info][gc             ] GC(25) Pause Young (Allocation Failure) 4300M->2174M(5523M) 153.975ms
[2026-09-22T15:43:38.190+0000][74.564s][info][gc,cpu         ] GC(25) User=0.60s Sys=0.00s Real=0.16s
[2026-09-22T15:43:41.295+0000][77.669s][info][gc,start       ] GC(26) Pause Young (Allocation Failure)
[2026-09-22T15:43:41.438+0000][77.812s][info][gc,heap        ] GC(26) PSYoungGen: 2469216K(2859008K)->135920K(2924544K) Eden: 2314752K(2314752K)->0K(2402304K) From: 154464K(544256K)->135920K(522240K)
[2026-09-22T15:43:41.438+0000][77.812s][info][gc,heap        ] GC(26) ParOldGen: 2071741K(2796544K)->2207350K(2796544K)
[2026-09-22T15:43:41.438+0000][77.812s][info][gc,metaspace   ] GC(26) Metaspace: 166180K(167872K)->166180K(167872K) NonClass: 139749K(140736K)->139749K(140736K) Class: 26430K(27136K)->26430K(27136K)
[2026-09-22T15:43:41.438+0000][77.812s][info][gc             ] GC(26) Pause Young (Allocation Failure) 4434M->2288M(5587M) 143.092ms
[2026-09-22T15:43:41.438+0000][77.812s][info][gc,cpu         ] GC(26) User=0.56s Sys=0.01s Real=0.15s
[2026-09-22T15:43:44.517+0000][80.890s][info][gc,start       ] GC(27) Pause Young (GCLocker Initiated GC)
[2026-09-22T15:43:44.660+0000][81.033s][info][gc,heap        ] GC(27) PSYoungGen: 2538224K(2924544K)->144304K(2906112K) Eden: 2402304K(2402304K)->0K(2402304K) From: 135920K(522240K)->144304K(503808K)
[2026-09-22T15:43:44.660+0000][81.033s][info][gc,heap        ] GC(27) ParOldGen: 2207350K(2796544K)->2321812K(2796544K)
[2026-09-22T15:43:44.660+0000][81.033s][info][gc,metaspace   ] GC(27) Metaspace: 166234K(167872K)->166234K(167872K) NonClass: 139803K(140736K)->139803K(140736K) Class: 26431K(27136K)->26431K(27136K)
[2026-09-22T15:43:44.660+0000][81.033s][info][gc             ] GC(27) Pause Young (GCLocker Initiated GC) 4634M->2408M(5569M) 142.805ms
[2026-09-22T15:43:44.660+0000][81.033s][info][gc,cpu         ] GC(27) User=0.57s Sys=0.00s Real=0.15s
[2026-09-22T15:43:47.571+0000][83.945s][info][gc,start       ] GC(28) Pause Young (GCLocker Initiated GC)
[2026-09-22T15:43:47.715+0000][84.089s][info][gc,heap        ] GC(28) PSYoungGen: 2546608K(2906112K)->135584K(2876416K) Eden: 2402304K(2402304K)->0K(2428416K) From: 144304K(503808K)->135584K(448000K)
[2026-09-22T15:43:47.715+0000][84.089s][info][gc,heap        ] GC(28) ParOldGen: 2321815K(2796544K)->2442765K(2796544K)
[2026-09-22T15:43:47.715+0000][84.089s][info][gc,metaspace   ] GC(28) Metaspace: 166501K(168128K)->166501K(168128K) NonClass: 140019K(140928K)->140019K(140928K) Class: 26481K(27200K)->26481K(27200K)
[2026-09-22T15:43:47.715+0000][84.089s][info][gc             ] GC(28) Pause Young (GCLocker Initiated GC) 4754M->2517M(5540M) 143.927ms
[2026-09-22T15:43:47.715+0000][84.089s][info][gc,cpu         ] GC(28) User=0.57s Sys=0.01s Real=0.14s
[2026-09-22T15:43:50.338+0000][86.712s][info][gc,start       ] GC(29) Pause Young (Allocation Failure)
[2026-09-22T15:43:50.493+0000][86.866s][info][gc,heap        ] GC(29) PSYoungGen: 2564000K(2876416K)->118912K(2894336K) Eden: 2428416K(2428416K)->0K(2428416K) From: 135584K(448000K)->118912K(465920K)
[2026-09-22T15:43:50.493+0000][86.866s][info][gc,heap        ] GC(29) ParOldGen: 2442768K(2796544K)->2554094K(2796544K)
[2026-09-22T15:43:50.493+0000][86.866s][info][gc,metaspace   ] GC(29) Metaspace: 166606K(168256K)->166606K(168256K) NonClass: 140123K(141056K)->140123K(141056K) Class: 26482K(27200K)->26482K(27200K)
[2026-09-22T15:43:50.493+0000][86.866s][info][gc             ] GC(29) Pause Young (Allocation Failure) 4889M->2610M(5557M) 154.683ms
[2026-09-22T15:43:50.493+0000][86.866s][info][gc,cpu         ] GC(29) User=0.56s Sys=0.05s Real=0.15s
[2026-09-22T15:43:53.099+0000][89.472s][info][gc,start       ] GC(30) Pause Young (Allocation Failure)
[2026-09-22T15:43:53.258+0000][89.632s][info][gc,heap        ] GC(30) PSYoungGen: 2547328K(2894336K)->118128K(2995712K) Eden: 2428416K(2428416K)->0K(2578432K) From: 118912K(465920K)->118128K(417280K)
[2026-09-22T15:43:53.259+0000][89.632s][info][gc,heap        ] GC(30) ParOldGen: 2554094K(2796544K)->2646720K(2796544K)
[2026-09-22T15:43:53.259+0000][89.632s][info][gc,metaspace   ] GC(30) Metaspace: 166645K(168256K)->166645K(168256K) NonClass: 140162K(141056K)->140162K(141056K) Class: 26482K(27200K)->26482K(27200K)
[2026-09-22T15:43:53.259+0000][89.632s][info][gc             ] GC(30) Pause Young (Allocation Failure) 4981M->2700M(5656M) 159.767ms
[2026-09-22T15:43:53.259+0000][89.632s][info][gc,cpu         ] GC(30) User=0.58s Sys=0.04s Real=0.16s
[2026-09-22T15:43:53.677+0000][90.050s][info][gc,start       ] GC(31) Pause Young (CodeCache GC Threshold)
[2026-09-22T15:43:53.805+0000][90.179s][info][gc,heap        ] GC(31) PSYoungGen: 539789K(2995712K)->32512K(2611200K) Eden: 421661K(2578432K)->0K(2578432K) From: 118128K(417280K)->32512K(32768K)
[2026-09-22T15:43:53.805+0000][90.179s][info][gc,heap        ] GC(31) ParOldGen: 2646720K(2796544K)->2741541K(2796544K)
[2026-09-22T15:43:53.805+0000][90.179s][info][gc,metaspace   ] GC(31) Metaspace: 166671K(168320K)->166671K(168320K) NonClass: 140188K(141120K)->140188K(141120K) Class: 26482K(27200K)->26482K(27200K)
[2026-09-22T15:43:53.805+0000][90.179s][info][gc             ] GC(31) Pause Young (CodeCache GC Threshold) 3111M->2709M(5281M) 128.615ms
[2026-09-22T15:43:53.805+0000][90.179s][info][gc,cpu         ] GC(31) User=0.44s Sys=0.05s Real=0.13s
[2026-09-22T15:43:53.805+0000][90.179s][info][gc,start       ] GC(32) Pause Full (CodeCache GC Threshold)
[2026-09-22T15:43:53.805+0000][90.179s][info][gc,phases,start] GC(32) Marking Phase
[2026-09-22T15:43:54.841+0000][91.215s][info][gc,phases      ] GC(32) Marking Phase 1035.621ms
[2026-09-22T15:43:54.841+0000][91.215s][info][gc,phases,start] GC(32) Summary Phase
[2026-09-22T15:43:54.841+0000][91.215s][info][gc,phases      ] GC(32) Summary Phase 0.068ms
[2026-09-22T15:43:54.841+0000][91.215s][info][gc,phases,start] GC(32) Adjust Roots
[2026-09-22T15:43:54.858+0000][91.232s][info][gc,phases      ] GC(32) Adjust Roots 16.983ms
[2026-09-22T15:43:54.858+0000][91.232s][info][gc,phases,start] GC(32) Compaction Phase
[2026-09-22T15:43:55.961+0000][92.335s][info][gc,phases      ] GC(32) Compaction Phase 1103.087ms
[2026-09-22T15:43:55.961+0000][92.335s][info][gc,phases,start] GC(32) Post Compact
[2026-09-22T15:43:55.974+0000][92.347s][info][gc,phases      ] GC(32) Post Compact 12.590ms
[2026-09-22T15:43:55.974+0000][92.347s][info][gc,heap        ] GC(32) PSYoungGen: 32512K(2611200K)->0K(2611200K) Eden: 0K(2578432K)->0K(2578432K) From: 32512K(32768K)->0K(32768K)
[2026-09-22T15:43:55.974+0000][92.347s][info][gc,heap        ] GC(32) ParOldGen: 2741541K(2796544K)->2707832K(2796544K)
[2026-09-22T15:43:55.974+0000][92.347s][info][gc,metaspace   ] GC(32) Metaspace: 166671K(168320K)->166671K(168320K) NonClass: 140188K(141120K)->140188K(141120K) Class: 26482K(27200K)->26482K(27200K)
[2026-09-22T15:43:55.974+0000][92.347s][info][gc             ] GC(32) Pause Full (CodeCache GC Threshold) 2709M->2644M(5281M) 2168.538ms
[2026-09-22T15:43:55.974+0000][92.347s][info][gc,cpu         ] GC(32) User=8.31s Sys=0.01s Real=2.17s
[2026-09-22T15:43:58.561+0000][94.934s][info][gc,start       ] GC(33) Pause Young (Allocation Failure)
[2026-09-22T15:43:58.672+0000][95.046s][info][gc,heap        ] GC(33) PSYoungGen: 2578432K(2611200K)->123696K(3033088K) Eden: 2578432K(2578432K)->0K(2598912K) From: 0K(32768K)->123696K(434176K)
[2026-09-22T15:43:58.673+0000][95.046s][info][gc,heap        ] GC(33) ParOldGen: 2707832K(2796544K)->2707832K(2796544K)
[2026-09-22T15:43:58.673+0000][95.046s][info][gc,metaspace   ] GC(33) Metaspace: 166758K(168384K)->166758K(168384K) NonClass: 140272K(141184K)->140272K(141184K) Class: 26486K(27200K)->26486K(27200K)
[2026-09-22T15:43:58.673+0000][95.046s][info][gc             ] GC(33) Pause Young (Allocation Failure) 5162M->2765M(5693M) 111.703ms
[2026-09-22T15:43:58.673+0000][95.046s][info][gc,cpu         ] GC(33) User=0.43s Sys=0.01s Real=0.11s
[2026-09-22T15:44:01.371+0000][97.745s][info][gc,start       ] GC(34) Pause Young (GCLocker Initiated GC)
[2026-09-22T15:44:01.536+0000][97.909s][info][gc,heap        ] GC(34) PSYoungGen: 2722608K(3033088K)->125648K(3012608K) Eden: 2598912K(2598912K)->0K(2598912K) From: 123696K(434176K)->125648K(413696K)
[2026-09-22T15:44:01.536+0000][97.909s][info][gc,heap        ] GC(34) ParOldGen: 2707832K(2796544K)->2801297K(2801664K)
[2026-09-22T15:44:01.536+0000][97.909s][info][gc,metaspace   ] GC(34) Metaspace: 166825K(168448K)->166825K(168448K) NonClass: 140327K(141248K)->140327K(141248K) Class: 26497K(27200K)->26497K(27200K)
[2026-09-22T15:44:01.536+0000][97.909s][info][gc             ] GC(34) Pause Young (GCLocker Initiated GC) 5303M->2858M(5678M) 164.499ms
[2026-09-22T15:44:01.536+0000][97.909s][info][gc,cpu         ] GC(34) User=0.62s Sys=0.03s Real=0.16s
[2026-09-22T15:44:04.250+0000][100.624s][info][gc,start       ] GC(35) Pause Young (Allocation Failure)
[2026-09-22T15:44:04.403+0000][100.777s][info][gc,heap        ] GC(35) PSYoungGen: 2724560K(3012608K)->97136K(3033600K) Eden: 2598912K(2598912K)->0K(2687488K) From: 125648K(413696K)->97136K(346112K)
[2026-09-22T15:44:04.403+0000][100.777s][info][gc,heap        ] GC(35) ParOldGen: 2801300K(2801664K)->2896133K(2896384K)
[2026-09-22T15:44:04.403+0000][100.777s][info][gc,metaspace   ] GC(35) Metaspace: 166955K(168704K)->166955K(168704K) NonClass: 140431K(141440K)->140431K(141440K) Class: 26523K(27264K)->26523K(27264K)
[2026-09-22T15:44:04.403+0000][100.777s][info][gc             ] GC(35) Pause Young (Allocation Failure) 5396M->2923M(5791M) 152.865ms
[2026-09-22T15:44:04.403+0000][100.777s][info][gc,cpu         ] GC(35) User=0.56s Sys=0.04s Real=0.15s
[2026-09-22T15:44:07.222+0000][103.596s][info][gc,start       ] GC(36) Pause Young (Allocation Failure)
[2026-09-22T15:44:07.342+0000][103.716s][info][gc,heap        ] GC(36) PSYoungGen: 2784624K(3033600K)->41024K(3067392K) Eden: 2687488K(2687488K)->0K(2687488K) From: 97136K(346112K)->41024K(379904K)
[2026-09-22T15:44:07.343+0000][103.716s][info][gc,heap        ] GC(36) ParOldGen: 2896133K(2896384K)->2960027K(2960384K)
[2026-09-22T15:44:07.343+0000][103.716s][info][gc,metaspace   ] GC(36) Metaspace: 166981K(168704K)->166981K(168704K) NonClass: 140458K(141440K)->140458K(141440K) Class: 26523K(27264K)->26523K(27264K)
[2026-09-22T15:44:07.343+0000][103.716s][info][gc             ] GC(36) Pause Young (Allocation Failure) 5547M->2930M(5886M) 120.330ms
[2026-09-22T15:44:07.343+0000][103.716s][info][gc,cpu         ] GC(36) User=0.45s Sys=0.03s Real=0.12s
[2026-09-22T15:44:10.043+0000][106.416s][info][gc,start       ] GC(37) Pause Young (GCLocker Initiated GC)
[2026-09-22T15:44:10.133+0000][106.507s][info][gc,heap        ] GC(37) PSYoungGen: 2728512K(3067392K)->40832K(3126272K) Eden: 2687488K(2687488K)->0K(2750976K) From: 41024K(379904K)->40832K(375296K)
[2026-09-22T15:44:10.133+0000][106.507s][info][gc,heap        ] GC(37) ParOldGen: 2960027K(2960384K)->2969056K(2969088K)
[2026-09-22T15:44:10.133+0000][106.507s][info][gc,metaspace   ] GC(37) Metaspace: 167027K(168768K)->167027K(168768K) NonClass: 140500K(141504K)->140500K(141504K) Class: 26526K(27264K)->26526K(27264K)
[2026-09-22T15:44:10.133+0000][106.507s][info][gc             ] GC(37) Pause Young (GCLocker Initiated GC) 5555M->2939M(5952M) 90.508ms
[2026-09-22T15:44:10.133+0000][106.507s][info][gc,cpu         ] GC(37) User=0.36s Sys=0.00s Real=0.09s
[2026-09-22T15:44:13.175+0000][109.549s][info][gc,start       ] GC(38) Pause Young (Allocation Failure)
[2026-09-22T15:44:13.273+0000][109.647s][info][gc,heap        ] GC(38) PSYoungGen: 2791808K(3126272K)->40736K(2791936K) Eden: 2750976K(2750976K)->0K(2750976K) From: 40832K(375296K)->40736K(40960K)
[2026-09-22T15:44:13.273+0000][109.647s][info][gc,heap        ] GC(38) ParOldGen: 2969059K(2969088K)->2977212K(2977280K)
[2026-09-22T15:44:13.273+0000][109.647s][info][gc,metaspace   ] GC(38) Metaspace: 167099K(168832K)->167099K(168832K) NonClass: 140554K(141568K)->140554K(141568K) Class: 26545K(27264K)->26545K(27264K)
[2026-09-22T15:44:13.273+0000][109.647s][info][gc             ] GC(38) Pause Young (Allocation Failure) 5625M->2947M(5634M) 98.267ms
[2026-09-22T15:44:13.273+0000][109.647s][info][gc,cpu         ] GC(38) User=0.36s Sys=0.03s Real=0.10s
[2026-09-22T15:44:16.197+0000][112.571s][info][gc,start       ] GC(39) Pause Young (Allocation Failure)
[2026-09-22T15:44:16.287+0000][112.660s][info][gc,heap        ] GC(39) PSYoungGen: 2791712K(2791936K)->39232K(3120128K) Eden: 2750976K(2750976K)->0K(2760704K) From: 40736K(40960K)->39232K(359424K)
[2026-09-22T15:44:16.287+0000][112.660s][info][gc,heap        ] GC(39) ParOldGen: 2977212K(2977280K)->2985968K(2985984K)
[2026-09-22T15:44:16.287+0000][112.660s][info][gc,metaspace   ] GC(39) Metaspace: 167122K(168832K)->167122K(168832K) NonClass: 140577K(141568K)->140577K(141568K) Class: 26545K(27264K)->26545K(27264K)
[2026-09-22T15:44:16.287+0000][112.660s][info][gc             ] GC(39) Pause Young (Allocation Failure) 5633M->2954M(5963M) 89.517ms
[2026-09-22T15:44:16.287+0000][112.660s][info][gc,cpu         ] GC(39) User=0.35s Sys=0.00s Real=0.08s
[2026-09-22T15:44:19.275+0000][115.649s][info][gc,start       ] GC(40) Pause Young (Allocation Failure)
[2026-09-22T15:44:19.365+0000][115.739s][info][gc,heap        ] GC(40) PSYoungGen: 2799936K(3120128K)->39168K(3110400K) Eden: 2760704K(2760704K)->0K(2760704K) From: 39232K(359424K)->39168K(349696K)
[2026-09-22T15:44:19.365+0000][115.739s][info][gc,heap        ] GC(40) ParOldGen: 2985968K(2985984K)->2993637K(2993664K)
[2026-09-22T15:44:19.365+0000][115.739s][info][gc,metaspace   ] GC(40) Metaspace: 167158K(168832K)->167158K(168832K) NonClass: 140612K(141568K)->140612K(141568K) Class: 26546K(27264K)->26546K(27264K)
[2026-09-22T15:44:19.365+0000][115.739s][info][gc             ] GC(40) Pause Young (Allocation Failure) 5650M->2961M(5961M) 90.134ms
[2026-09-22T15:44:19.365+0000][115.739s][info][gc,cpu         ] GC(40) User=0.35s Sys=0.01s Real=0.09s
[2026-09-22T15:44:22.255+0000][118.629s][info][gc,start       ] GC(41) Pause Young (Allocation Failure)
[2026-09-22T15:44:22.344+0000][118.717s][info][gc,heap        ] GC(41) PSYoungGen: 2799872K(3110400K)->39728K(3132928K) Eden: 2760704K(2760704K)->0K(2798080K) From: 39168K(349696K)->39728K(334848K)
[2026-09-22T15:44:22.344+0000][118.717s][info][gc,heap        ] GC(41) ParOldGen: 2993637K(2993664K)->3001347K(3001856K)
[2026-09-22T15:44:22.344+0000][118.717s][info][gc,metaspace   ] GC(41) Metaspace: 167226K(168896K)->167226K(168896K) NonClass: 140679K(141632K)->140679K(141632K) Class: 26547K(27264K)->26547K(27264K)
[2026-09-22T15:44:22.344+0000][118.717s][info][gc             ] GC(41) Pause Young (Allocation Failure) 5657M->2969M(5991M) 88.563ms
[2026-09-22T15:44:22.344+0000][118.717s][info][gc,cpu         ] GC(41) User=0.35s Sys=0.01s Real=0.09s
[2026-09-22T15:44:25.302+0000][121.675s][info][gc,start       ] GC(42) Pause Young (Allocation Failure)
[2026-09-22T15:44:25.399+0000][121.772s][info][gc,heap        ] GC(42) PSYoungGen: 2837808K(3132928K)->38960K(3124224K) Eden: 2798080K(2798080K)->0K(2798080K) From: 39728K(334848K)->38960K(326144K)
[2026-09-22T15:44:25.399+0000][121.773s][info][gc,heap        ] GC(42) ParOldGen: 3001347K(3001856K)->3009475K(3009536K)
[2026-09-22T15:44:25.399+0000][121.773s][info][gc,metaspace   ] GC(42) Metaspace: 167234K(168960K)->167234K(168960K) NonClass: 140686K(141696K)->140686K(141696K) Class: 26547K(27264K)->26547K(27264K)
[2026-09-22T15:44:25.399+0000][121.773s][info][gc             ] GC(42) Pause Young (Allocation Failure) 5702M->2976M(5990M) 97.305ms
[2026-09-22T15:44:25.399+0000][121.773s][info][gc,cpu         ] GC(42) User=0.37s Sys=0.01s Real=0.10s
[2026-09-22T15:44:28.397+0000][124.770s][info][gc,start       ] GC(43) Pause Young (Allocation Failure)
[2026-09-22T15:44:28.483+0000][124.857s][info][gc,heap        ] GC(43) PSYoungGen: 2837040K(3124224K)->38256K(3155968K) Eden: 2798080K(2798080K)->0K(2846720K) From: 38960K(326144K)->38256K(309248K)
[2026-09-22T15:44:28.483+0000][124.857s][info][gc,heap        ] GC(43) ParOldGen: 3009475K(3009536K)->3016560K(3016704K)
[2026-09-22T15:44:28.483+0000][124.857s][info][gc,metaspace   ] GC(43) Metaspace: 167262K(168960K)->167262K(168960K) NonClass: 140714K(141696K)->140714K(141696K) Class: 26547K(27264K)->26547K(27264K)
[2026-09-22T15:44:28.483+0000][124.857s][info][gc             ] GC(43) Pause Young (Allocation Failure) 5709M->2983M(6028M) 86.828ms
[2026-09-22T15:44:28.483+0000][124.857s][info][gc,cpu         ] GC(43) User=0.34s Sys=0.01s Real=0.09s
[2026-09-22T15:44:31.530+0000][127.904s][info][gc,start       ] GC(44) Pause Young (GCLocker Initiated GC)
[2026-09-22T15:44:31.651+0000][128.025s][info][gc,heap        ] GC(44) PSYoungGen: 2884976K(3155968K)->36592K(2883584K) Eden: 2846720K(2846720K)->0K(2846720K) From: 38256K(309248K)->36592K(36864K)
[2026-09-22T15:44:31.651+0000][128.025s][info][gc,heap        ] GC(44) ParOldGen: 3016560K(3016704K)->3023488K(3023872K)
[2026-09-22T15:44:31.651+0000][128.025s][info][gc,metaspace   ] GC(44) Metaspace: 167284K(168960K)->167284K(168960K) NonClass: 140736K(141696K)->140736K(141696K) Class: 26547K(27264K)->26547K(27264K)
[2026-09-22T15:44:31.651+0000][128.025s][info][gc             ] GC(44) Pause Young (GCLocker Initiated GC) 5763M->2988M(5769M) 121.044ms
[2026-09-22T15:44:31.651+0000][128.025s][info][gc,cpu         ] GC(44) User=0.47s Sys=0.01s Real=0.12s
[2026-09-22T15:44:34.701+0000][131.075s][info][gc,start       ] GC(45) Pause Young (Allocation Failure)
[2026-09-22T15:44:34.793+0000][131.166s][info][gc,heap        ] GC(45) PSYoungGen: 2883312K(2883584K)->38288K(3156480K) Eden: 2846720K(2846720K)->0K(2868736K) From: 36592K(36864K)->38288K(287744K)
[2026-09-22T15:44:34.793+0000][131.166s][info][gc,heap        ] GC(45) ParOldGen: 3023491K(3023872K)->3030108K(3030528K)
[2026-09-22T15:44:34.793+0000][131.166s][info][gc,metaspace   ] GC(45) Metaspace: 167336K(169024K)->167336K(169024K) NonClass: 140781K(141760K)->140781K(141760K) Class: 26554K(27264K)->26554K(27264K)
[2026-09-22T15:44:34.793+0000][131.166s][info][gc             ] GC(45) Pause Young (Allocation Failure) 5768M->2996M(6042M) 91.508ms
[2026-09-22T15:44:34.793+0000][131.166s][info][gc,cpu         ] GC(45) User=0.34s Sys=0.01s Real=0.09s
[2026-09-22T15:44:37.865+0000][134.238s][info][gc,start       ] GC(46) Pause Young (Allocation Failure)
[2026-09-22T15:44:37.952+0000][134.326s][info][gc,heap        ] GC(46) PSYoungGen: 2907024K(3156480K)->38624K(3143168K) Eden: 2868736K(2868736K)->0K(2868736K) From: 38288K(287744K)->38624K(274432K)
[2026-09-22T15:44:37.952+0000][134.326s][info][gc,heap        ] GC(46) ParOldGen: 3030108K(3030528K)->3037565K(3037696K)
[2026-09-22T15:44:37.952+0000][134.326s][info][gc,metaspace   ] GC(46) Metaspace: 167348K(169024K)->167348K(169024K) NonClass: 140793K(141760K)->140793K(141760K) Class: 26554K(27264K)->26554K(27264K)
[2026-09-22T15:44:37.952+0000][134.326s][info][gc             ] GC(46) Pause Young (Allocation Failure) 5797M->3004M(6036M) 87.283ms
[2026-09-22T15:44:37.952+0000][134.326s][info][gc,cpu         ] GC(46) User=0.34s Sys=0.00s Real=0.09s
[2026-09-22T15:44:41.092+0000][137.466s][info][gc,start       ] GC(47) Pause Young (Allocation Failure)
[2026-09-22T15:44:41.179+0000][137.552s][info][gc,heap        ] GC(47) PSYoungGen: 2907360K(3143168K)->36880K(3207168K) Eden: 2868736K(2868736K)->0K(2945536K) From: 38624K(274432K)->36880K(261632K)
[2026-09-22T15:44:41.179+0000][137.552s][info][gc,heap        ] GC(47) ParOldGen: 3037565K(3037696K)->3044582K(3044864K)
[2026-09-22T15:44:41.179+0000][137.552s][info][gc,metaspace   ] GC(47) Metaspace: 167372K(169024K)->167372K(169024K) NonClass: 140817K(141760K)->140817K(141760K) Class: 26555K(27264K)->26555K(27264K)
[2026-09-22T15:44:41.179+0000][137.552s][info][gc             ] GC(47) Pause Young (Allocation Failure) 5805M->3009M(6105M) 86.677ms
[2026-09-22T15:44:41.179+0000][137.552s][info][gc,cpu         ] GC(47) User=0.33s Sys=0.00s Real=0.09s
[2026-09-22T15:44:44.311+0000][140.684s][info][gc,start       ] GC(48) Pause Young (Allocation Failure)
[2026-09-22T15:44:44.398+0000][140.772s][info][gc,heap        ] GC(48) PSYoungGen: 2982416K(3207168K)->37216K(3194368K) Eden: 2945536K(2945536K)->0K(2945536K) From: 36880K(261632K)->37216K(248832K)
[2026-09-22T15:44:44.398+0000][140.772s][info][gc,heap        ] GC(48) ParOldGen: 3044582K(3044864K)->3051511K(3051520K)
[2026-09-22T15:44:44.398+0000][140.772s][info][gc,metaspace   ] GC(48) Metaspace: 167387K(169088K)->167387K(169088K) NonClass: 140832K(141824K)->140832K(141824K) Class: 26555K(27264K)->26555K(27264K)
[2026-09-22T15:44:44.398+0000][140.772s][info][gc             ] GC(48) Pause Young (Allocation Failure) 5885M->3016M(6099M) 87.573ms
[2026-09-22T15:44:44.398+0000][140.772s][info][gc,cpu         ] GC(48) User=0.34s Sys=0.00s Real=0.09s
[2026-09-22T15:44:47.897+0000][144.270s][info][gc,start       ] GC(49) Pause Young (Allocation Failure)
[2026-09-22T15:44:47.989+0000][144.362s][info][gc,heap        ] GC(49) PSYoungGen: 2982752K(3194368K)->38048K(3232768K) Eden: 2945536K(2945536K)->0K(2996224K) From: 37216K(248832K)->38048K(236544K)
[2026-09-22T15:44:47.989+0000][144.362s][info][gc,heap        ] GC(49) ParOldGen: 3051511K(3051520K)->3057743K(3058176K)
[2026-09-22T15:44:47.989+0000][144.362s][info][gc,metaspace   ] GC(49) Metaspace: 167421K(169088K)->167421K(169088K) NonClass: 140864K(141824K)->140864K(141824K) Class: 26557K(27264K)->26557K(27264K)
[2026-09-22T15:44:47.989+0000][144.362s][info][gc             ] GC(49) Pause Young (Allocation Failure) 5892M->3023M(6143M) 91.965ms
[2026-09-22T15:44:47.989+0000][144.362s][info][gc,cpu         ] GC(49) User=0.35s Sys=0.00s Real=0.10s
[2026-09-22T15:44:51.189+0000][147.563s][info][gc,start       ] GC(50) Pause Young (GCLocker Initiated GC)
[2026-09-22T15:44:51.277+0000][147.650s][info][gc,heap        ] GC(50) PSYoungGen: 3034272K(3232768K)->36816K(3220992K) Eden: 2996224K(2996224K)->0K(2996224K) From: 38048K(236544K)->36816K(224768K)
[2026-09-22T15:44:51.277+0000][147.650s][info][gc,heap        ] GC(50) ParOldGen: 3057743K(3058176K)->3064172K(3064320K)
[2026-09-22T15:44:51.277+0000][147.650s][info][gc,metaspace   ] GC(50) Metaspace: 167446K(169088K)->167446K(169088K) NonClass: 140889K(141824K)->140889K(141824K) Class: 26557K(27264K)->26557K(27264K)
[2026-09-22T15:44:51.277+0000][147.650s][info][gc             ] GC(50) Pause Young (GCLocker Initiated GC) 5949M->3028M(6138M) 87.315ms
[2026-09-22T15:44:51.277+0000][147.650s][info][gc,cpu         ] GC(50) User=0.34s Sys=0.00s Real=0.08s
[2026-09-22T15:44:54.680+0000][151.054s][info][gc,start       ] GC(51) Pause Young (GCLocker Initiated GC)
[2026-09-22T15:44:54.766+0000][151.140s][info][gc,heap        ] GC(51) PSYoungGen: 3033040K(3220992K)->36416K(3201024K) Eden: 2996224K(2996224K)->0K(3009536K) From: 36816K(224768K)->36416K(191488K)
[2026-09-22T15:44:54.766+0000][151.140s][info][gc,heap        ] GC(51) ParOldGen: 3064175K(3064320K)->3070032K(3070464K)
[2026-09-22T15:44:54.766+0000][151.140s][info][gc,metaspace   ] GC(51) Metaspace: 167462K(169088K)->167462K(169088K) NonClass: 140903K(141824K)->140903K(141824K) Class: 26558K(27264K)->26558K(27264K)
[2026-09-22T15:44:54.766+0000][151.140s][info][gc             ] GC(51) Pause Young (GCLocker Initiated GC) 5954M->3033M(6124M) 86.042ms
[2026-09-22T15:44:54.766+0000][151.140s][info][gc,cpu         ] GC(51) User=0.34s Sys=0.01s Real=0.08s
[2026-09-22T15:44:58.332+0000][154.706s][info][gc,start       ] GC(52) Pause Young (Allocation Failure)
[2026-09-22T15:44:58.417+0000][154.791s][info][gc,heap        ] GC(52) PSYoungGen: 3045952K(3201024K)->35888K(3211776K) Eden: 3009536K(3009536K)->0K(3009536K) From: 36416K(191488K)->35888K(202240K)
[2026-09-22T15:44:58.417+0000][154.791s][info][gc,heap        ] GC(52) ParOldGen: 3070035K(3070464K)->3076391K(3076608K)
[2026-09-22T15:44:58.417+0000][154.791s][info][gc,metaspace   ] GC(52) Metaspace: 167500K(169216K)->167500K(169216K) NonClass: 140934K(141888K)->140934K(141888K) Class: 26565K(27328K)->26565K(27328K)
[2026-09-22T15:44:58.417+0000][154.791s][info][gc             ] GC(52) Pause Young (Allocation Failure) 5972M->3039M(6141M) 85.304ms
[2026-09-22T15:44:58.417+0000][154.791s][info][gc,cpu         ] GC(52) User=0.34s Sys=0.00s Real=0.09s
[2026-09-22T15:45:01.811+0000][158.184s][info][gc,start       ] GC(53) Pause Young (Allocation Failure)
[2026-09-22T15:45:01.897+0000][158.270s][info][gc,heap        ] GC(53) PSYoungGen: 3045424K(3211776K)->36176K(3271680K) Eden: 3009536K(3009536K)->0K(3100672K) From: 35888K(202240K)->36176K(171008K)
[2026-09-22T15:45:01.897+0000][158.270s][info][gc,heap        ] GC(53) ParOldGen: 3076391K(3076608K)->3084273K(3084288K)
[2026-09-22T15:45:01.897+0000][158.270s][info][gc,metaspace   ] GC(53) Metaspace: 167521K(169216K)->167521K(169216K) NonClass: 140954K(141888K)->140954K(141888K) Class: 26567K(27328K)->26567K(27328K)
[2026-09-22T15:45:01.897+0000][158.270s][info][gc             ] GC(53) Pause Young (Allocation Failure) 5978M->3047M(6207M) 86.081ms
[2026-09-22T15:45:01.897+0000][158.270s][info][gc,cpu         ] GC(53) User=0.34s Sys=0.00s Real=0.08s
[2026-09-22T15:45:05.537+0000][161.911s][info][gc,start       ] GC(54) Pause Young (GCLocker Initiated GC)
[2026-09-22T15:45:05.628+0000][162.001s][info][gc,heap        ] GC(54) PSYoungGen: 3136848K(3271680K)->38304K(3139072K) Eden: 3100672K(3100672K)->0K(3100672K) From: 36176K(171008K)->38304K(38400K)
[2026-09-22T15:45:05.628+0000][162.001s][info][gc,heap        ] GC(54) ParOldGen: 3084273K(3084288K)->3092379K(3092480K)
[2026-09-22T15:45:05.628+0000][162.001s][info][gc,metaspace   ] GC(54) Metaspace: 167585K(169280K)->167585K(169280K) NonClass: 141004K(141952K)->141004K(141952K) Class: 26580K(27328K)->26580K(27328K)
[2026-09-22T15:45:05.628+0000][162.001s][info][gc             ] GC(54) Pause Young (GCLocker Initiated GC) 6075M->3057M(6085M) 90.227ms
[2026-09-22T15:45:05.628+0000][162.001s][info][gc,cpu         ] GC(54) User=0.35s Sys=0.00s Real=0.09s
[2026-09-22T15:45:09.222+0000][165.596s][info][gc,start       ] GC(55) Pause Young (Allocation Failure)
[2026-09-22T15:45:09.310+0000][165.683s][info][gc,heap        ] GC(55) PSYoungGen: 3138976K(3139072K)->39360K(3281408K) Eden: 3100672K(3100672K)->0K(3109888K) From: 38304K(38400K)->39360K(171520K)
[2026-09-22T15:45:09.310+0000][165.683s][info][gc,heap        ] GC(55) ParOldGen: 3092382K(3092480K)->3100634K(3100672K)
[2026-09-22T15:45:09.310+0000][165.683s][info][gc,metaspace   ] GC(55) Metaspace: 167604K(169280K)->167604K(169280K) NonClass: 141023K(141952K)->141023K(141952K) Class: 26580K(27328K)->26580K(27328K)
[2026-09-22T15:45:09.310+0000][165.683s][info][gc             ] GC(55) Pause Young (Allocation Failure) 6085M->3066M(6232M) 87.441ms
[2026-09-22T15:45:09.310+0000][165.683s][info][gc,cpu         ] GC(55) User=0.34s Sys=0.00s Real=0.09s
[2026-09-22T15:45:13.057+0000][169.431s][info][gc,start       ] GC(56) Pause Young (Allocation Failure)
[2026-09-22T15:45:13.150+0000][169.524s][info][gc,heap        ] GC(56) PSYoungGen: 3149248K(3281408K)->46336K(3272192K) Eden: 3109888K(3109888K)->0K(3109888K) From: 39360K(171520K)->46336K(162304K)
[2026-09-22T15:45:13.150+0000][169.524s][info][gc,heap        ] GC(56) ParOldGen: 3100634K(3100672K)->3112128K(3112448K)
[2026-09-22T15:45:13.150+0000][169.524s][info][gc,metaspace   ] GC(56) Metaspace: 167685K(169408K)->167685K(169408K) NonClass: 141089K(142080K)->141089K(142080K) Class: 26596K(27328K)->26596K(27328K)
[2026-09-22T15:45:13.151+0000][169.524s][info][gc             ] GC(56) Pause Young (Allocation Failure) 6103M->3084M(6235M) 93.394ms
[2026-09-22T15:45:13.151+0000][169.524s][info][gc,cpu         ] GC(56) User=0.37s Sys=0.00s Real=0.09s
[2026-09-22T15:45:16.600+0000][172.974s][info][gc,start       ] GC(57) Pause Young (GCLocker Initiated GC)
[2026-09-22T15:45:16.699+0000][173.072s][info][gc,heap        ] GC(57) PSYoungGen: 3156224K(3272192K)->41328K(3295744K) Eden: 3109888K(3109888K)->0K(3161088K) From: 46336K(162304K)->41328K(134656K)
[2026-09-22T15:45:16.699+0000][173.072s][info][gc,heap        ] GC(57) ParOldGen: 3112128K(3112448K)->3129518K(3129856K)
[2026-09-22T15:45:16.699+0000][173.072s][info][gc,metaspace   ] GC(57) Metaspace: 167846K(169600K)->167846K(169600K) NonClass: 141236K(142208K)->141236K(142208K) Class: 26610K(27392K)->26610K(27392K)
[2026-09-22T15:45:16.699+0000][173.072s][info][gc             ] GC(57) Pause Young (GCLocker Initiated GC) 6121M->3096M(6275M) 98.508ms
[2026-09-22T15:45:16.699+0000][173.072s][info][gc,cpu         ] GC(57) User=0.38s Sys=0.00s Real=0.10s
[2026-09-22T15:45:20.288+0000][176.662s][info][gc,start       ] GC(58) Pause Young (GCLocker Initiated GC)
[2026-09-22T15:45:20.379+0000][176.753s][info][gc,heap        ] GC(58) PSYoungGen: 3202416K(3295744K)->38448K(3200000K) Eden: 3161088K(3161088K)->0K(3161088K) From: 41328K(134656K)->38448K(38912K)
[2026-09-22T15:45:20.379+0000][176.753s][info][gc,heap        ] GC(58) ParOldGen: 3129520K(3129856K)->3141354K(3141632K)
[2026-09-22T15:45:20.379+0000][176.753s][info][gc,metaspace   ] GC(58) Metaspace: 167874K(169600K)->167874K(169600K) NonClass: 141263K(142208K)->141263K(142208K) Class: 26610K(27392K)->26610K(27392K)
[2026-09-22T15:45:20.379+0000][176.753s][info][gc             ] GC(58) Pause Young (GCLocker Initiated GC) 6183M->3105M(6193M) 90.712ms
[2026-09-22T15:45:20.379+0000][176.753s][info][gc,cpu         ] GC(58) User=0.35s Sys=0.01s Real=0.09s
[2026-09-22T15:45:24.231+0000][180.605s][info][gc,start       ] GC(59) Pause Young (GCLocker Initiated GC)
[2026-09-22T15:45:24.320+0000][180.693s][info][gc,heap        ] GC(59) PSYoungGen: 3199536K(3200000K)->38304K(3282944K) Eden: 3161088K(3161088K)->0K(3161088K) From: 38448K(38912K)->38304K(121856K)
[2026-09-22T15:45:24.320+0000][180.693s][info][gc,heap        ] GC(59) ParOldGen: 3141357K(3141632K)->3151335K(3151360K)
[2026-09-22T15:45:24.320+0000][180.693s][info][gc,metaspace   ] GC(59) Metaspace: 167953K(169664K)->167953K(169664K) NonClass: 141338K(142272K)->141338K(142272K) Class: 26615K(27392K)->26615K(27392K)
[2026-09-22T15:45:24.320+0000][180.693s][info][gc             ] GC(59) Pause Young (GCLocker Initiated GC) 6192M->3114M(6283M) 88.780ms
[2026-09-22T15:45:24.320+0000][180.694s][info][gc,cpu         ] GC(59) User=0.34s Sys=0.01s Real=0.09s
[2026-09-22T15:45:27.923+0000][184.297s][info][gc,start       ] GC(60) Pause Young (Allocation Failure)
[2026-09-22T15:45:28.014+0000][184.388s][info][gc,heap        ] GC(60) PSYoungGen: 3199392K(3282944K)->36000K(3290112K) Eden: 3161088K(3161088K)->0K(3161088K) From: 38304K(121856K)->36000K(129024K)
[2026-09-22T15:45:28.014+0000][184.388s][info][gc,heap        ] GC(60) ParOldGen: 3151337K(3151360K)->3162148K(3162624K)
[2026-09-22T15:45:28.014+0000][184.388s][info][gc,metaspace   ] GC(60) Metaspace: 167972K(169728K)->167972K(169728K) NonClass: 141356K(142336K)->141356K(142336K) Class: 26616K(27392K)->26616K(27392K)
[2026-09-22T15:45:28.014+0000][184.388s][info][gc             ] GC(60) Pause Young (Allocation Failure) 6201M->3123M(6301M) 90.926ms
[2026-09-22T15:45:28.014+0000][184.388s][info][gc,cpu         ] GC(60) User=0.36s Sys=0.01s Real=0.09s
[2026-09-22T15:45:31.851+0000][188.225s][info][gc,start       ] GC(61) Pause Young (Allocation Failure)
[2026-09-22T15:45:31.946+0000][188.320s][info][gc,heap        ] GC(61) PSYoungGen: 3197088K(3290112K)->36912K(3353600K) Eden: 3161088K(3161088K)->0K(3243008K) From: 36000K(129024K)->36912K(110592K)
[2026-09-22T15:45:31.946+0000][188.320s][info][gc,heap        ] GC(61) ParOldGen: 3162148K(3162624K)->3170190K(3170304K)
[2026-09-22T15:45:31.946+0000][188.320s][info][gc,metaspace   ] GC(61) Metaspace: 167993K(169792K)->167993K(169792K) NonClass: 141377K(142400K)->141377K(142400K) Class: 26616K(27392K)->26616K(27392K)
[2026-09-22T15:45:31.946+0000][188.320s][info][gc             ] GC(61) Pause Young (Allocation Failure) 6210M->3131M(6371M) 95.258ms
[2026-09-22T15:45:31.946+0000][188.320s][info][gc,cpu         ] GC(61) User=0.33s Sys=0.04s Real=0.09s
[2026-09-22T15:45:35.740+0000][192.114s][info][gc,start       ] GC(62) Pause Young (Allocation Failure)
[2026-09-22T15:45:35.829+0000][192.203s][info][gc,heap        ] GC(62) PSYoungGen: 3279920K(3353600K)->38896K(3360256K) Eden: 3243008K(3243008K)->0K(3243008K) From: 36912K(110592K)->38896K(117248K)
[2026-09-22T15:45:35.829+0000][192.203s][info][gc,heap        ] GC(62) ParOldGen: 3170190K(3170304K)->3179709K(3180032K)
[2026-09-22T15:45:35.829+0000][192.203s][info][gc,metaspace   ] GC(62) Metaspace: 168006K(169792K)->168006K(169792K) NonClass: 141390K(142400K)->141390K(142400K) Class: 26616K(27392K)->26616K(27392K)
[2026-09-22T15:45:35.829+0000][192.203s][info][gc             ] GC(62) Pause Young (Allocation Failure) 6298M->3143M(6387M) 88.906ms
[2026-09-22T15:45:35.829+0000][192.203s][info][gc,cpu         ] GC(62) User=0.35s Sys=0.01s Real=0.09s
[2026-09-22T15:45:39.735+0000][196.108s][info][gc,start       ] GC(63) Pause Young (Allocation Failure)
[2026-09-22T15:45:39.828+0000][196.201s][info][gc,heap        ] GC(63) PSYoungGen: 3281904K(3360256K)->39424K(3365888K) Eden: 3243008K(3243008K)->0K(3266560K) From: 38896K(117248K)->39424K(99328K)
[2026-09-22T15:45:39.828+0000][196.202s][info][gc,heap        ] GC(63) ParOldGen: 3179709K(3180032K)->3191728K(3191808K)
[2026-09-22T15:45:39.828+0000][196.202s][info][gc,metaspace   ] GC(63) Metaspace: 168019K(169792K)->168019K(169792K) NonClass: 141403K(142400K)->141403K(142400K) Class: 26616K(27392K)->26616K(27392K)
[2026-09-22T15:45:39.828+0000][196.202s][info][gc             ] GC(63) Pause Young (Allocation Failure) 6310M->3155M(6404M) 93.065ms
[2026-09-22T15:45:39.828+0000][196.202s][info][gc,cpu         ] GC(63) User=0.35s Sys=0.02s Real=0.10s
[2026-09-22T15:45:43.736+0000][200.109s][info][gc,start       ] GC(64) Pause Young (GCLocker Initiated GC)
[2026-09-22T15:45:43.825+0000][200.199s][info][gc,heap        ] GC(64) PSYoungGen: 3305984K(3365888K)->37712K(3304448K) Eden: 3266560K(3266560K)->0K(3266560K) From: 39424K(99328K)->37712K(37888K)
[2026-09-22T15:45:43.825+0000][200.199s][info][gc,heap        ] GC(64) ParOldGen: 3191728K(3191808K)->3202828K(3203072K)
[2026-09-22T15:45:43.825+0000][200.199s][info][gc,metaspace   ] GC(64) Metaspace: 168055K(169856K)->168055K(169856K) NonClass: 141438K(142464K)->141438K(142464K) Class: 26616K(27392K)->26616K(27392K)
[2026-09-22T15:45:43.825+0000][200.199s][info][gc             ] GC(64) Pause Young (GCLocker Initiated GC) 6345M->3164M(6355M) 89.917ms
[2026-09-22T15:45:43.825+0000][200.199s][info][gc,cpu         ] GC(64) User=0.35s Sys=0.01s Real=0.09s
[2026-09-22T15:45:47.710+0000][204.083s][info][gc,start       ] GC(65) Pause Young (Allocation Failure)
[2026-09-22T15:45:47.799+0000][204.173s][info][gc,heap        ] GC(65) PSYoungGen: 3304272K(3304448K)->34976K(3371008K) Eden: 3266560K(3266560K)->0K(3270656K) From: 37712K(37888K)->34976K(100352K)
[2026-09-22T15:45:47.799+0000][204.173s][info][gc,heap        ] GC(65) ParOldGen: 3202831K(3203072K)->3213958K(3214336K)
[2026-09-22T15:45:47.799+0000][204.173s][info][gc,metaspace   ] GC(65) Metaspace: 168065K(169856K)->168065K(169856K) NonClass: 141448K(142464K)->141448K(142464K) Class: 26616K(27392K)->26616K(27392K)
[2026-09-22T15:45:47.799+0000][204.173s][info][gc             ] GC(65) Pause Young (Allocation Failure) 6354M->3172M(6431M) 89.548ms
[2026-09-22T15:45:47.799+0000][204.173s][info][gc,cpu         ] GC(65) User=0.35s Sys=0.01s Real=0.09s
[2026-09-22T15:45:51.893+0000][208.266s][info][gc,start       ] GC(66) Pause Young (GCLocker Initiated GC)
[2026-09-22T15:45:51.986+0000][208.359s][info][gc,heap        ] GC(66) PSYoungGen: 3305632K(3371008K)->37152K(3366912K) Eden: 3270656K(3270656K)->0K(3270656K) From: 34976K(100352K)->37152K(96256K)
[2026-09-22T15:45:51.986+0000][208.359s][info][gc,heap        ] GC(66) ParOldGen: 3213959K(3214336K)->3221608K(3222016K)
[2026-09-22T15:45:51.986+0000][208.359s][info][gc,metaspace   ] GC(66) Metaspace: 168086K(169856K)->168086K(169856K) NonClass: 141469K(142464K)->141469K(142464K) Class: 26616K(27392K)->26616K(27392K)
[2026-09-22T15:45:51.986+0000][208.359s][info][gc             ] GC(66) Pause Young (GCLocker Initiated GC) 6366M->3182M(6434M) 93.039ms
[2026-09-22T15:45:51.986+0000][208.359s][info][gc,cpu         ] GC(66) User=0.36s Sys=0.00s Real=0.09s
[2026-09-22T15:45:56.526+0000][212.900s][info][gc,start       ] GC(67) Pause Young (Allocation Failure)
[2026-09-22T15:45:56.617+0000][212.990s][info][gc,heap        ] GC(67) PSYoungGen: 3307808K(3366912K)->35120K(3386368K) Eden: 3270656K(3270656K)->0K(3306496K) From: 37152K(96256K)->35120K(79872K)
[2026-09-22T15:45:56.617+0000][212.990s][info][gc,heap        ] GC(67) ParOldGen: 3221613K(3222016K)->3231291K(3231744K)
[2026-09-22T15:45:56.617+0000][212.990s][info][gc,metaspace   ] GC(67) Metaspace: 168119K(169920K)->168119K(169920K) NonClass: 141501K(142528K)->141501K(142528K) Class: 26618K(27392K)->26618K(27392K)
[2026-09-22T15:45:56.617+0000][212.990s][info][gc             ] GC(67) Pause Young (Allocation Failure) 6376M->3189M(6463M) 90.541ms
[2026-09-22T15:45:56.617+0000][212.990s][info][gc,cpu         ] GC(67) User=0.35s Sys=0.01s Real=0.09s
[2026-09-22T15:46:02.973+0000][219.347s][info][gc,start       ] GC(68) Pause Young (Allocation Failure)
[2026-09-22T15:46:03.065+0000][219.439s][info][gc,heap        ] GC(68) PSYoungGen: 3341616K(3386368K)->38720K(3394560K) Eden: 3306496K(3306496K)->0K(3306496K) From: 35120K(79872K)->38720K(88064K)
[2026-09-22T15:46:03.065+0000][219.439s][info][gc,heap        ] GC(68) ParOldGen: 3231291K(3231744K)->3239502K(3239936K)
[2026-09-22T15:46:03.065+0000][219.439s][info][gc,metaspace   ] GC(68) Metaspace: 168137K(169920K)->168137K(169920K) NonClass: 141519K(142528K)->141519K(142528K) Class: 26618K(27392K)->26618K(27392K)
[2026-09-22T15:46:03.065+0000][219.439s][info][gc             ] GC(68) Pause Young (Allocation Failure) 6418M->3201M(6479M) 91.922ms
[2026-09-22T15:46:03.065+0000][219.439s][info][gc,cpu         ] GC(68) User=0.35s Sys=0.01s Real=0.09s
[2026-09-22T15:46:11.571+0000][227.944s][info][gc,start       ] GC(69) Pause Young (Allocation Failure)
[2026-09-22T15:46:11.666+0000][228.040s][info][gc,heap        ] GC(69) PSYoungGen: 3345216K(3394560K)->43568K(3396608K) Eden: 3306496K(3306496K)->0K(3322880K) From: 38720K(88064K)->43568K(73728K)
[2026-09-22T15:46:11.666+0000][228.040s][info][gc,heap        ] GC(69) ParOldGen: 3239502K(3239936K)->3250840K(3251200K)
[2026-09-22T15:46:11.666+0000][228.040s][info][gc,metaspace   ] GC(69) Metaspace: 168185K(169920K)->168185K(169920K) NonClass: 141567K(142528K)->141567K(142528K) Class: 26618K(27392K)->26618K(27392K)
[2026-09-22T15:46:11.666+0000][228.040s][info][gc             ] GC(69) Pause Young (Allocation Failure) 6430M->3217M(6492M) 95.651ms
[2026-09-22T15:46:11.666+0000][228.040s][info][gc,cpu         ] GC(69) User=0.37s Sys=0.01s Real=0.09s
[2026-09-22T15:46:43.702+0000][260.076s][info][gc,start       ] GC(70) Pause Young (GCLocker Initiated GC)
[2026-09-22T15:46:43.803+0000][260.176s][info][gc,heap        ] GC(70) PSYoungGen: 3366448K(3396608K)->39472K(3362816K) Eden: 3322880K(3322880K)->0K(3322880K) From: 43568K(73728K)->39472K(39936K)
[2026-09-22T15:46:43.803+0000][260.176s][info][gc,heap        ] GC(70) ParOldGen: 3250842K(3251200K)->3266340K(3266560K)
[2026-09-22T15:46:43.803+0000][260.176s][info][gc,metaspace   ] GC(70) Metaspace: 168197K(169984K)->168197K(169984K) NonClass: 141578K(142592K)->141578K(142592K) Class: 26618K(27392K)->26618K(27392K)
[2026-09-22T15:46:43.803+0000][260.176s][info][gc             ] GC(70) Pause Young (GCLocker Initiated GC) 6462M->3228M(6474M) 100.853ms
[2026-09-22T15:46:43.803+0000][260.176s][info][gc,cpu         ] GC(70) User=0.37s Sys=0.03s Real=0.10s
