FILLABI handles a=139831200015312/139831200015344 b=139831200021952/139831200022928 vfa=1.3333333333333333 vfb=1.25
FILLABI FillPositions obj=A cand=[C1:4th=vf,raw] rc=64 finite=64/64 bitparity=64/64  <-- WINNER
FILLABI FillPositions obj=A cand=[C2:4th=1.0,raw] rc=64 finite=64/64 bitparity=0/64
FILLABI FillPositions obj=A cand=[C3:4th=IF,raw] rc=64 finite=64/64 bitparity=0/64
FILLABI FillPositions obj=B cand=[C1:4th=vf,raw] rc=64 finite=64/64 bitparity=64/64  <-- WINNER
FILLABI FillPositions obj=B cand=[C2:4th=1.0,raw] rc=64 finite=64/64 bitparity=0/64
FILLABI FillPositions obj=B cand=[C3:4th=IF,raw] rc=64 finite=64/64 bitparity=0/64
FILLABI FillScaled obj=A cand=[C:vf,sxz=1.0,sy=1.0] rc=64 finite=64/64 bitparity=64/64  <-- WINNER
FILLABI FillScaled obj=B cand=[C:vf,sxz=1.0,sy=1.0] rc=64 finite=64/64 bitparity=64/64  <-- WINNER
FILLABI FillShiftA obj=A cand=[vs-wantA] rc=64 finite=64/64 bitparity=64/64  <-- WINNER
FILLABI FillShiftA obj=A cand=[vs-wantB] rc=64 finite=64/64 bitparity=0/64
FILLABI FillShiftB obj=A cand=[vs-wantA] rc=64 finite=64/64 bitparity=0/64
FILLABI FillShiftB obj=A cand=[vs-wantB] rc=64 finite=64/64 bitparity=64/64  <-- WINNER
FILLABI FillShiftA obj=B cand=[vs-wantA] rc=64 finite=64/64 bitparity=64/64  <-- WINNER
FILLABI FillShiftA obj=B cand=[vs-wantB] rc=64 finite=64/64 bitparity=0/64
FILLABI FillShiftB obj=B cand=[vs-wantA] rc=64 finite=64/64 bitparity=0/64
FILLABI FillShiftB obj=B cand=[vs-wantB] rc=64 finite=64/64 bitparity=64/64  <-- WINNER
FILLABI FillShiftA obj=A-swap-swap cand=[vs-wantA] rc=64 finite=64/64 bitparity=64/64  <-- WINNER
FILLABI FillShiftA obj=A-swap-swap cand=[vs-wantB] rc=64 finite=64/64 bitparity=0/64
FILLABI FillShiftB obj=A-swap-swap cand=[vs-wantA] rc=64 finite=64/64 bitparity=0/64
FILLABI FillShiftB obj=A-swap-swap cand=[vs-wantB] rc=64 finite=64/64 bitparity=64/64  <-- WINNER
FILLABI FillShiftA obj=B-swap-swap cand=[vs-wantA] rc=64 finite=64/64 bitparity=64/64  <-- WINNER
FILLABI FillShiftA obj=B-swap-swap cand=[vs-wantB] rc=64 finite=64/64 bitparity=0/64
FILLABI FillShiftB obj=B-swap-swap cand=[vs-wantA] rc=64 finite=64/64 bitparity=0/64
FILLABI FillShiftB obj=B-swap-swap cand=[vs-wantB] rc=64 finite=64/64 bitparity=64/64  <-- WINNER
