[19:16:31] JDKs: TEMU=openjdk version "21.0.12.1" 2026-08-18 LTS | GRAAL=openjdk version "21.0.2" 2024-01-16
[19:16:31] TASK-100 bundle begin: 10 runs total, executing 2..4
[19:17:44] run GC2D2 done: Done (15.424s) dormant t_warm=26.4s t_burst=12.0s cpu_burst=13.0s
[19:18:53] run GD3 done: Done (15.037s) dormant t_warm=19.4s t_burst=14.0s cpu_burst=14.5s
[19:20:13] run TC2A4 done: Done (16.695s) armed-verified(0s) t_warm=27.3s t_burst=17.6s cpu_burst=18.3s
[19:20:13] === SUMMARY (partial view) ===
[19:20:13] TASK-100 bundle range 2..4 complete
[19:22:06] JDKs: TEMU=openjdk version "21.0.12.1" 2026-08-18 LTS | GRAAL=openjdk version "21.0.2" 2024-01-16
[19:22:06] TASK-100 bundle begin: 15 runs total, executing 1..5
[19:23:34] run TC2D1 done: Done (16.601s) dormant t_warm=30.0s t_burst=17.6s cpu_burst=18.8s
[19:24:46] run GC2D2 done: Done (16.055s) dormant t_warm=22.3s t_burst=15.5s cpu_burst=16.2s
[19:25:56] run GD3 done: Done (15.496s) dormant t_warm=22.3s t_burst=14.0s cpu_burst=15.1s
[19:27:24] run TC2A4 done: Done (16.471s) armed-verified(0s) t_warm=30.5s t_burst=22.7s cpu_burst=22.9s
[19:28:43] run GA5 done: Done (15.811s) armed-verified(0s) t_warm=22.7s t_burst=21.2s cpu_burst=18.6s
[19:28:43] === SUMMARY (partial view) ===
[19:28:43] TASK-100 bundle range 1..5 complete
[19:29:58] JDKs: TEMU=openjdk version "21.0.12.1" 2026-08-18 LTS | GRAAL=openjdk version "21.0.2" 2024-01-16
[19:29:58] TASK-100 bundle begin: 14 runs total, executing 1..4
[19:31:13] run TC2D1 done: Done (15.802s) dormant t_warm=25.3s t_burst=14.9s cpu_burst=14.0s
[19:32:28] run GC2D2 done: Done (15.911s) dormant t_warm=25.8s t_burst=15.0s cpu_burst=17.1s
[19:33:40] run GD3 done: Done (16.620s) dormant t_warm=22.3s t_burst=14.5s cpu_burst=15.3s
[19:34:59] run TC2AD4 done: Done (16.244s) dormant t_warm=28.9s t_burst=16.1s cpu_burst=18.3s
[19:34:59] === SUMMARY (partial view) ===
[19:34:59] TASK-100 bundle range 1..4 complete
[19:35:16] JDKs: TEMU=openjdk version "21.0.12.1" 2026-08-18 LTS | GRAAL=openjdk version "21.0.2" 2024-01-16
[19:35:16] TASK-100 bundle begin: 14 runs total, executing 5..7
[19:36:27] run GAD5 done: Done (17.190s) dormant t_warm=20.3s t_burst=12.5s cpu_burst=13.8s
[19:37:49] run TC2A6 done: Done (16.823s) armed-verified(0s) t_warm=27.0s t_burst=18.0s cpu_burst=18.4s
[19:39:02] run GA7 done: Done (15.143s) armed-verified(0s) t_warm=20.8s t_burst=19.0s cpu_burst=19.3s
[19:39:02] === SUMMARY (partial view) ===
[19:39:02] TASK-100 bundle range 5..7 complete
[19:39:36] JDKs: TEMU=openjdk version "21.0.12.1" 2026-08-18 LTS | GRAAL=openjdk version "21.0.2" 2024-01-16
[19:39:36] TASK-100 bundle begin: 14 runs total, executing 8..11
[19:40:59] run GA8 done: Done (16.379s) armed-verified(0s) t_warm=25.8s t_burst=23.0s cpu_burst=19.3s
[19:42:23] run TC2A9 done: Done (16.104s) armed-verified(0s) t_warm=28.3s t_burst=21.8s cpu_burst=23.0s
[19:43:36] run GAD10 done: Done (16.123s) dormant t_warm=20.8s t_burst=14.9s cpu_burst=13.8s
[19:44:49] run TC2AD11 done: Done (16.104s) dormant t_warm=21.3s t_burst=12.9s cpu_burst=13.5s
[19:44:49] === SUMMARY (partial view) ===
[19:44:49] TASK-100 bundle range 8..11 complete
[19:45:08] JDKs: TEMU=openjdk version "21.0.12.1" 2026-08-18 LTS | GRAAL=openjdk version "21.0.2" 2024-01-16
[19:45:08] TASK-100 bundle begin: 14 runs total, executing 12..14
[19:46:16] run GD12 done: Done (15.398s) dormant t_warm=20.9s t_burst=14.0s cpu_burst=15.7s
[19:47:31] run GC2D13 done: Done (15.610s) dormant t_warm=20.3s t_burst=17.9s cpu_burst=15.4s
[19:49:00] run TC2D14 done: Done (15.862s) dormant t_warm=27.2s t_burst=27.0s cpu_burst=19.6s
[19:49:00] === SUMMARY (partial view) ===
[19:49:00] TASK-100 bundle range 12..14 complete
[19:51:20] JDKs: TEMU=openjdk version "21.0.12.1" 2026-08-18 LTS | GRAAL=openjdk version "21.0.2" 2024-01-16
[19:51:20] TASK-100 bundle begin: 18 runs total, executing 8..11
[19:52:44] run TC2I8 done: Done (16.011s) armed-verified(0s) t_warm=28.5s t_burst=20.1s cpu_burst=18.9s
[19:54:08] run TC2P9 done: Done (16.215s) armed-verified(0s) t_warm=26.3s t_burst=23.1s cpu_burst=21.1s
[19:55:35] run TC2P10 done: Done (16.273s) armed-verified(0s) t_warm=23.4s t_burst=24.7s cpu_burst=23.5s
[19:56:59] run TC2I11 done: Done (16.394s) armed-verified(0s) t_warm=29.4s t_burst=19.2s cpu_burst=19.9s
[19:56:59] === SUMMARY (partial view) ===
[19:56:59] TASK-100 bundle range 8..11 complete
[19:59:04] JDKs: TEMU=openjdk version "21.0.12.1" 2026-08-18 LTS | GRAAL=openjdk version "21.0.2" 2024-01-16
[19:59:04] TASK-100 bundle begin: 18 runs total, executing 12..15
[20:00:22] run GA12 done: Done (16.782s) armed-verified(0s) t_warm=21.4s t_burst=18.5s cpu_burst=18.6s
[20:01:53] run TC2A13 done: Done (16.590s) armed-verified(0s) t_warm=20.8s t_burst=27.9s cpu_burst=22.8s
[20:03:02] run GAD14 done: Done (16.701s) dormant t_warm=21.3s t_burst=13.0s cpu_burst=14.6s
[20:04:20] run TC2AD15 done: Done (16.873s) dormant t_warm=25.3s t_burst=17.4s cpu_burst=15.8s
[20:04:20] === SUMMARY (partial view) ===
[20:04:20] TASK-100 bundle range 12..15 complete
[20:04:25] JDKs: TEMU=openjdk version "21.0.12.1" 2026-08-18 LTS | GRAAL=openjdk version "21.0.2" 2024-01-16
[20:04:25] TASK-100 bundle begin: 18 runs total, executing 16..18
[20:05:37] run GD16 done: Done (15.989s) dormant t_warm=25.4s t_burst=12.4s cpu_burst=14.1s
[20:07:04] run GC2D17 done: Done (16.033s) dormant t_warm=21.8s t_burst=23.6s cpu_burst=19.9s
[20:08:28] run TC2D18 done: Done (16.465s) dormant t_warm=20.9s t_burst=25.0s cpu_burst=18.7s
[20:08:28] === SUMMARY (partial view) ===
[20:08:28] TASK-100 bundle range 16..18 complete
