[0.003s][info][gc] Using G1
[0.326s][info][gc] GC(0) Pause Young (Concurrent Start) (G1 Humongous Allocation) 241M->3M(513M) 3.755ms
[0.326s][info][gc] GC(1) Concurrent Undo Cycle
[0.326s][info][gc] GC(1) Concurrent Undo Cycle 0.407ms
[0.418s][info][gc] GC(2) Pause Young (Normal) (G1 Evacuation Pause) 215M->2M(513M) 3.069ms
[1.749s][info][gc] GC(3) Pause Young (Concurrent Start) (Metadata GC Threshold) 311M->15M(513M) 11.443ms
[1.749s][info][gc] GC(4) Concurrent Mark Cycle
[1.760s][info][gc] GC(4) Pause Remark 16M->16M(512M) 4.500ms
[1.770s][info][gc] GC(4) Pause Cleanup 17M->17M(512M) 0.138ms
[1.772s][info][gc] GC(4) Concurrent Mark Cycle 22.680ms
[2.149s][info][gc] GC(5) Pause Young (Prepare Mixed) (G1 Evacuation Pause) 69M->33M(512M) 23.703ms
[2.213s][info][gc] GC(6) Pause Young (Mixed) (G1 Evacuation Pause) 50M->41M(512M) 40.458ms
[2.263s][info][gc] GC(7) Pause Young (Normal) (G1 Evacuation Pause) 68M->55M(512M) 14.811ms
[2.337s][info][gc] GC(8) Pause Young (Normal) (G1 Evacuation Pause) 84M->70M(512M) 13.726ms
[2.419s][info][gc] GC(9) Pause Young (Normal) (G1 Evacuation Pause) 109M->90M(1099M) 18.373ms
[2.566s][info][gc] GC(10) Pause Young (Normal) (G1 Evacuation Pause) 139M->115M(1099M) 27.372ms
[2.759s][info][gc] GC(11) Pause Young (Normal) (G1 Evacuation Pause) 162M->141M(1099M) 40.088ms
[3.334s][info][gc] GC(12) Pause Young (Concurrent Start) (Metadata GC Threshold) 182M->154M(1099M) 13.791ms
[3.334s][info][gc] GC(13) Concurrent Mark Cycle
[3.619s][info][gc] GC(13) Pause Remark 163M->158M(530M) 6.527ms
[3.708s][info][gc] GC(13) Pause Cleanup 162M->162M(530M) 0.169ms
[3.710s][info][gc] GC(13) Concurrent Mark Cycle 375.498ms
[4.157s][info][gc] GC(14) Pause Young (Prepare Mixed) (G1 Evacuation Pause) 222M->159M(530M) 16.869ms
[4.521s][info][gc] GC(15) Pause Young (Mixed) (G1 Evacuation Pause) 266M->168M(530M) 46.214ms
[5.556s][info][gc] GC(16) Pause Young (Normal) (G1 Evacuation Pause) 298M->190M(894M) 35.396ms
[6.649s][info][gc] GC(17) Pause Young (Concurrent Start) (Metadata GC Threshold) 442M->264M(894M) 100.168ms
[6.649s][info][gc] GC(18) Concurrent Mark Cycle
[6.863s][info][gc] GC(18) Pause Remark 264M->238M(800M) 8.826ms
[7.020s][info][gc] GC(18) Pause Cleanup 239M->239M(800M) 2.825ms
[7.023s][info][gc] GC(18) Concurrent Mark Cycle 373.524ms
[9.109s][info][gc] GC(19) Pause Young (Prepare Mixed) (G1 Evacuation Pause) 385M->261M(800M) 78.549ms
[9.956s][info][gc] GC(20) Pause Young (Mixed) (G1 Evacuation Pause) 426M->266M(800M) 28.679ms
[11.618s][info][gc] GC(21) Pause Young (Mixed) (G1 Evacuation Pause) 637M->266M(800M) 71.051ms
[12.164s][info][gc] GC(22) Pause Young (Concurrent Start) (Metadata GC Threshold) 325M->271M(800M) 32.621ms
[12.164s][info][gc] GC(23) Concurrent Mark Cycle
[12.805s][info][gc] GC(23) Pause Remark 410M->409M(800M) 40.153ms
[12.956s][info][gc] GC(23) Pause Cleanup 427M->427M(800M) 0.281ms
[12.958s][info][gc] GC(23) Concurrent Mark Cycle 793.281ms
[14.455s][info][gc] GC(24) Pause Young (Prepare Mixed) (G1 Evacuation Pause) 677M->290M(800M) 79.564ms
[27.103s][info][gc] GC(25) Pause Young (Mixed) (G1 Evacuation Pause) 684M->305M(800M) 94.910ms
[29.604s][info][gc] GC(26) Pause Young (Concurrent Start) (G1 Evacuation Pause) 694M->325M(800M) 86.447ms
[29.604s][info][gc] GC(27) Concurrent Mark Cycle
[30.149s][info][gc] GC(27) Pause Remark 381M->344M(800M) 25.335ms
[30.616s][info][gc] GC(27) Pause Cleanup 380M->380M(800M) 1.620ms
[30.618s][info][gc] GC(27) Concurrent Mark Cycle 1013.712ms
[33.626s][info][gc] GC(28) Pause Young (Prepare Mixed) (G1 Evacuation Pause) 667M->301M(800M) 68.096ms
[36.442s][info][gc] GC(29) Pause Young (Mixed) (G1 Evacuation Pause) 700M->309M(800M) 38.946ms
[39.420s][info][gc] GC(30) Pause Young (Concurrent Start) (G1 Evacuation Pause) 713M->326M(800M) 61.171ms
[39.420s][info][gc] GC(31) Concurrent Mark Cycle
[40.109s][info][gc] GC(31) Pause Remark 346M->346M(800M) 66.506ms
[40.519s][info][gc] GC(31) Pause Cleanup 407M->407M(800M) 0.453ms
[40.527s][info][gc] GC(31) Concurrent Mark Cycle 1106.976ms
[46.467s][info][gc] GC(32) Pause Young (Prepare Mixed) (G1 Evacuation Pause) 721M->337M(800M) 33.087ms
[50.755s][info][gc] GC(33) Pause Young (Mixed) (G1 Evacuation Pause) 731M->337M(800M) 30.361ms
[82.932s][info][gc] GC(34) Pause Young (Concurrent Start) (G1 Evacuation Pause) 734M->327M(800M) 12.549ms
[82.932s][info][gc] GC(35) Concurrent Mark Cycle
[83.264s][info][gc] GC(35) Pause Remark 328M->328M(800M) 23.077ms
[83.413s][info][gc] GC(35) Pause Cleanup 328M->328M(800M) 0.422ms
[83.414s][info][gc] GC(35) Concurrent Mark Cycle 482.032ms
