[0.003s][info][gc] Using G1
[0.349s][info][gc] GC(0) Pause Young (Concurrent Start) (G1 Humongous Allocation) 241M->3M(513M) 4.657ms
[0.349s][info][gc] GC(1) Concurrent Undo Cycle
[0.349s][info][gc] GC(1) Concurrent Undo Cycle 0.096ms
[0.438s][info][gc] GC(2) Pause Young (Normal) (G1 Evacuation Pause) 215M->2M(513M) 3.032ms
[1.841s][info][gc] GC(3) Pause Young (Concurrent Start) (Metadata GC Threshold) 312M->15M(513M) 32.328ms
[1.841s][info][gc] GC(4) Concurrent Mark Cycle
[1.858s][info][gc] GC(4) Pause Remark 17M->17M(512M) 3.006ms
[1.859s][info][gc] GC(4) Pause Cleanup 17M->17M(512M) 0.099ms
[1.860s][info][gc] GC(4) Concurrent Mark Cycle 19.350ms
[2.303s][info][gc] GC(5) Pause Young (Prepare Mixed) (G1 Evacuation Pause) 64M->30M(512M) 25.864ms
[2.366s][info][gc] GC(6) Pause Young (Mixed) (G1 Evacuation Pause) 47M->40M(512M) 17.000ms
[2.413s][info][gc] GC(7) Pause Young (Normal) (G1 Evacuation Pause) 67M->49M(512M) 9.368ms
[2.491s][info][gc] GC(8) Pause Young (Normal) (GCLocker Initiated GC) 80M->64M(831M) 15.479ms
[2.582s][info][gc] GC(9) Pause Young (Normal) (GCLocker Initiated GC) 103M->83M(831M) 24.831ms
[2.682s][info][gc] GC(10) Pause Young (Normal) (G1 Evacuation Pause) 119M->102M(831M) 28.532ms
[2.788s][info][gc] GC(11) Pause Young (Normal) (G1 Evacuation Pause) 137M->121M(831M) 28.217ms
[2.949s][info][gc] GC(12) Pause Young (Normal) (G1 Evacuation Pause) 156M->140M(1197M) 52.695ms
[3.402s][info][gc] GC(13) Pause Young (Concurrent Start) (Metadata GC Threshold) 174M->150M(1197M) 14.158ms
[3.402s][info][gc] GC(14) Concurrent Mark Cycle
[3.645s][info][gc] GC(14) Pause Remark 157M->157M(530M) 4.851ms
[3.786s][info][gc] GC(14) Pause Cleanup 168M->168M(530M) 0.204ms
[3.787s][info][gc] GC(14) Concurrent Mark Cycle 384.293ms
[4.176s][info][gc] GC(15) Pause Young (Prepare Mixed) (G1 Evacuation Pause) 221M->159M(530M) 17.427ms
[4.447s][info][gc] GC(16) Pause Young (Mixed) (G1 Evacuation Pause) 262M->168M(530M) 42.901ms
[5.947s][info][gc] GC(17) Pause Young (Normal) (G1 Evacuation Pause) 325M->192M(530M) 54.624ms
[6.342s][info][gc] GC(18) Pause Young (Normal) (G1 Evacuation Pause) 357M->246M(530M) 81.227ms
[6.497s][info][gc] GC(19) Pause Young (Concurrent Start) (Metadata GC Threshold) 311M->265M(890M) 35.969ms
[6.497s][info][gc] GC(20) Concurrent Mark Cycle
[6.853s][info][gc] GC(20) Pause Remark 266M->247M(827M) 9.183ms
[7.007s][info][gc] GC(20) Pause Cleanup 248M->248M(827M) 0.404ms
[7.036s][info][gc] GC(20) Concurrent Mark Cycle 539.823ms
[9.867s][info][gc] GC(21) Pause Young (Prepare Mixed) (G1 Evacuation Pause) 531M->278M(827M) 70.387ms
[11.091s][info][gc] GC(22) Pause Young (Mixed) (G1 Evacuation Pause) 515M->283M(827M) 44.534ms
[12.775s][info][gc] GC(23) Pause Young (Mixed) (G1 Evacuation Pause) 675M->315M(827M) 105.419ms
[13.638s][info][gc] GC(24) Pause Young (Concurrent Start) (Metadata GC Threshold) 425M->322M(827M) 76.529ms
[13.638s][info][gc] GC(25) Concurrent Mark Cycle
[14.285s][info][gc] GC(25) Pause Remark 348M->347M(827M) 15.706ms
[14.680s][info][gc] GC(25) Pause Cleanup 475M->475M(827M) 0.384ms
[14.682s][info][gc] GC(25) Concurrent Mark Cycle 1043.893ms
[29.042s][info][gc] GC(26) Pause Young (Prepare Mixed) (G1 Evacuation Pause) 700M->338M(827M) 57.599ms
[30.999s][info][gc] GC(27) Pause Young (Mixed) (G1 Evacuation Pause) 717M->349M(827M) 39.590ms
[33.751s][info][gc] GC(28) Pause Young (Concurrent Start) (G1 Evacuation Pause) 725M->361M(827M) 71.610ms
[33.751s][info][gc] GC(29) Concurrent Mark Cycle
[34.409s][info][gc] GC(29) Pause Remark 411M->371M(827M) 24.896ms
[34.938s][info][gc] GC(29) Pause Cleanup 394M->394M(827M) 0.362ms
[34.947s][info][gc] GC(29) Concurrent Mark Cycle 1196.390ms
[38.176s][info][gc] GC(30) Pause Young (Prepare Mixed) (G1 Evacuation Pause) 698M->333M(827M) 35.813ms
[41.460s][info][gc] GC(31) Pause Young (Mixed) (G1 Evacuation Pause) 746M->324M(827M) 64.390ms
[44.869s][info][gc] GC(32) Pause Young (Concurrent Start) (G1 Evacuation Pause) 743M->339M(827M) 65.991ms
[44.869s][info][gc] GC(33) Concurrent Mark Cycle
[45.749s][info][gc] GC(33) Pause Remark 453M->453M(827M) 64.024ms
[46.159s][info][gc] GC(33) Pause Cleanup 515M->515M(827M) 0.341ms
[46.161s][info][gc] GC(33) Concurrent Mark Cycle 1291.485ms
[47.711s][info][gc] GC(34) Pause Young (Prepare Mixed) (G1 Evacuation Pause) 740M->349M(827M) 38.236ms
[58.396s][info][gc] GC(35) Pause Young (Mixed) (G1 Evacuation Pause) 758M->352M(827M) 30.649ms
[60.748s][info][gc] GC(36) Pause Young (Concurrent Start) (G1 Evacuation Pause) 748M->367M(827M) 61.800ms
[60.748s][info][gc] GC(37) Concurrent Mark Cycle
[61.600s][info][gc] GC(37) Pause Remark 477M->477M(827M) 27.452ms
[61.885s][info][gc] GC(37) Pause Cleanup 503M->503M(827M) 0.380ms
[61.887s][info][gc] GC(37) Concurrent Mark Cycle 1138.656ms
[83.788s][info][gc] GC(38) Pause Young (Prepare Mixed) (G1 Evacuation Pause) 748M->377M(827M) 37.980ms
[85.739s][info][gc] GC(39) Pause Young (Mixed) (G1 Evacuation Pause) 746M->380M(827M) 62.876ms
[87.573s][info][gc] GC(40) Pause Young (Concurrent Start) (G1 Evacuation Pause) 747M->390M(827M) 31.243ms
[87.573s][info][gc] GC(41) Concurrent Mark Cycle
[88.510s][info][gc] GC(41) Pause Remark 558M->558M(932M) 31.942ms
[88.787s][info][gc] GC(41) Pause Cleanup 572M->572M(932M) 0.381ms
[88.789s][info][gc] GC(41) Concurrent Mark Cycle 1216.127ms
[106.795s][info][gc] GC(42) Pause Young (Prepare Mixed) (G1 Evacuation Pause) 743M->399M(932M) 28.692ms
[108.935s][info][gc] GC(43) Pause Young (Mixed) (G1 Evacuation Pause) 850M->405M(932M) 59.246ms
[110.777s][info][gc] GC(44) Pause Young (Concurrent Start) (G1 Evacuation Pause) 850M->417M(932M) 28.993ms
[110.777s][info][gc] GC(45) Concurrent Mark Cycle
[111.681s][info][gc] GC(45) Pause Remark 560M->560M(935M) 39.936ms
[111.936s][info][gc] GC(45) Pause Cleanup 564M->564M(935M) 0.458ms
[111.938s][info][gc] GC(45) Concurrent Mark Cycle 1161.031ms
[117.759s][info][gc] GC(46) Pause Young (Prepare Mixed) (G1 Evacuation Pause) 848M->429M(935M) 55.830ms
[119.921s][info][gc] GC(47) Pause Young (Mixed) (G1 Evacuation Pause) 848M->432M(935M) 34.801ms
[128.886s][info][gc] GC(48) Pause Young (Concurrent Start) (G1 Evacuation Pause) 850M->443M(935M) 29.401ms
[128.886s][info][gc] GC(49) Concurrent Mark Cycle
[129.500s][info][gc] GC(49) Pause Remark 542M->542M(935M) 27.043ms
[129.778s][info][gc] GC(49) Pause Cleanup 602M->602M(935M) 0.455ms
[129.780s][info][gc] GC(49) Concurrent Mark Cycle 893.973ms
[131.066s][info][gc] GC(50) Pause Young (Prepare Mixed) (G1 Evacuation Pause) 850M->453M(935M) 27.265ms
[132.287s][info][gc] GC(51) Pause Young (Mixed) (G1 Evacuation Pause) 851M->447M(935M) 28.094ms
[138.124s][info][gc] GC(52) Pause Young (Concurrent Start) (G1 Evacuation Pause) 859M->458M(935M) 25.390ms
[138.124s][info][gc] GC(53) Concurrent Mark Cycle
[138.588s][info][gc] GC(53) Pause Remark 460M->460M(935M) 20.625ms
[138.793s][info][gc] GC(53) Pause Cleanup 461M->461M(935M) 0.520ms
[138.795s][info][gc] GC(53) Concurrent Mark Cycle 671.070ms
[142.866s][info][gc] GC(54) Pause Young (Prepare Mixed) (G1 Evacuation Pause) 848M->459M(935M) 25.022ms
[144.604s][info][gc] GC(55) Pause Young (Mixed) (G1 Evacuation Pause) 857M->454M(935M) 27.456ms
[146.963s][info][gc] GC(56) Pause Young (Concurrent Start) (G1 Evacuation Pause) 863M->466M(935M) 26.644ms
[146.963s][info][gc] GC(57) Concurrent Mark Cycle
[147.739s][info][gc] GC(57) Pause Remark 547M->547M(935M) 44.407ms
[148.205s][info][gc] GC(57) Pause Cleanup 636M->636M(935M) 0.492ms
[148.207s][info][gc] GC(57) Concurrent Mark Cycle 1244.028ms
[153.179s][info][gc] GC(58) Pause Young (Prepare Mixed) (G1 Evacuation Pause) 851M->476M(935M) 28.505ms
[163.478s][info][gc] GC(59) Pause Young (Mixed) (G1 Evacuation Pause) 855M->477M(935M) 34.955ms
[165.565s][info][gc] GC(60) Pause Young (Concurrent Start) (G1 Evacuation Pause) 853M->488M(935M) 29.955ms
[165.565s][info][gc] GC(61) Concurrent Mark Cycle
[166.842s][info][gc] GC(61) Pause Remark 619M->619M(1034M) 56.684ms
[167.352s][info][gc] GC(61) Pause Cleanup 695M->695M(1034M) 0.558ms
[167.355s][info][gc] GC(61) Concurrent Mark Cycle 1789.953ms
[168.159s][info][gc] GC(62) Pause Young (Prepare Mixed) (G1 Evacuation Pause) 850M->498M(1034M) 44.355ms
[191.993s][info][gc] GC(63) Pause Young (Mixed) (G1 Evacuation Pause) 950M->498M(1034M) 33.351ms
[194.075s][info][gc] GC(64) Pause Young (Concurrent Start) (G1 Evacuation Pause) 949M->511M(1034M) 28.183ms
[194.075s][info][gc] GC(65) Concurrent Mark Cycle
[194.967s][info][gc] GC(65) Pause Remark 671M->671M(1122M) 27.012ms
[195.452s][info][gc] GC(65) Pause Cleanup 757M->757M(1122M) 0.525ms
[195.455s][info][gc] GC(65) Concurrent Mark Cycle 1380.242ms
[199.762s][info][gc] GC(66) Pause Young (Prepare Mixed) (G1 Evacuation Pause) 932M->520M(1122M) 33.590ms
[202.275s][info][gc] GC(67) Pause Young (Mixed) (G1 Evacuation Pause) 1033M->524M(1122M) 36.108ms
[204.343s][info][gc] GC(68) Pause Young (Concurrent Start) (G1 Evacuation Pause) 1018M->533M(1122M) 31.660ms
[204.343s][info][gc] GC(69) Concurrent Mark Cycle
[205.005s][info][gc] GC(69) Pause Remark 611M->611M(1122M) 27.726ms
[205.264s][info][gc] GC(69) Pause Cleanup 615M->615M(1122M) 0.560ms
[205.267s][info][gc] GC(69) Concurrent Mark Cycle 923.813ms
[212.493s][info][gc] GC(70) Pause Young (Prepare Mixed) (G1 Evacuation Pause) 1027M->546M(1122M) 29.653ms
[214.651s][info][gc] GC(71) Pause Young (Mixed) (G1 Evacuation Pause) 1028M->548M(1122M) 34.397ms
[219.766s][info][gc] GC(72) Pause Young (Concurrent Start) (G1 Evacuation Pause) 1027M->559M(1122M) 30.423ms
[219.766s][info][gc] GC(73) Concurrent Mark Cycle
[220.536s][info][gc] GC(73) Pause Remark 726M->726M(1212M) 39.906ms
[220.873s][info][gc] GC(73) Pause Cleanup 805M->805M(1212M) 0.659ms
[220.876s][info][gc] GC(73) Concurrent Mark Cycle 1110.271ms
[222.009s][info][gc] GC(74) Pause Young (Prepare Mixed) (G1 Evacuation Pause) 1024M->569M(1212M) 29.093ms
[228.841s][info][gc] GC(75) Pause Young (Mixed) (G1 Evacuation Pause) 1113M->571M(1212M) 59.212ms
[231.260s][info][gc] GC(76) Pause Young (Concurrent Start) (G1 Evacuation Pause) 1100M->582M(1212M) 56.612ms
[231.260s][info][gc] GC(77) Concurrent Mark Cycle
[232.041s][info][gc] GC(77) Pause Remark 721M->721M(1212M) 40.771ms
[232.494s][info][gc] GC(77) Pause Cleanup 801M->801M(1212M) 0.589ms
[232.502s][info][gc] GC(77) Concurrent Mark Cycle 1242.503ms
[239.849s][info][gc] GC(78) Pause Young (Prepare Mixed) (G1 Evacuation Pause) 1101M->589M(1212M) 54.920ms
[242.362s][info][gc] GC(79) Pause Young (Mixed) (G1 Evacuation Pause) 1114M->593M(1212M) 60.650ms
[244.256s][info][gc] GC(80) Pause Young (Concurrent Start) (G1 Evacuation Pause) 1102M->600M(1212M) 45.206ms
[244.256s][info][gc] GC(81) Concurrent Mark Cycle
[244.865s][info][gc] GC(81) Pause Remark 614M->614M(1212M) 16.052ms
[245.128s][info][gc] GC(81) Pause Cleanup 616M->616M(1212M) 0.495ms
[245.131s][info][gc] GC(81) Concurrent Mark Cycle 874.972ms
[250.560s][info][gc] GC(82) Pause Young (Prepare Mixed) (G1 Evacuation Pause) 1114M->613M(1212M) 55.191ms
[252.547s][info][gc] GC(83) Pause Young (Mixed) (G1 Evacuation Pause) 1103M->611M(1212M) 39.120ms
[257.974s][info][gc] GC(84) Pause Young (Concurrent Start) (G1 Evacuation Pause) 1114M->624M(1212M) 30.906ms
[257.974s][info][gc] GC(85) Concurrent Mark Cycle
[258.760s][info][gc] GC(85) Pause Remark 778M->778M(1297M) 14.925ms
[259.302s][info][gc] GC(85) Pause Cleanup 903M->903M(1297M) 0.633ms
[259.305s][info][gc] GC(85) Concurrent Mark Cycle 1330.958ms
[260.036s][info][gc] GC(86) Pause Young (Prepare Mixed) (G1 Evacuation Pause) 1109M->634M(1297M) 38.168ms
[265.541s][info][gc] GC(87) Pause Young (Mixed) (G1 Evacuation Pause) 1192M->638M(1297M) 62.322ms
[267.942s][info][gc] GC(88) Pause Young (Concurrent Start) (G1 Evacuation Pause) 1180M->648M(1297M) 56.122ms
[267.942s][info][gc] GC(89) Concurrent Mark Cycle
[268.705s][info][gc] GC(89) Pause Remark 741M->741M(1297M) 15.201ms
[268.994s][info][gc] GC(89) Pause Cleanup 746M->746M(1297M) 0.513ms
[268.996s][info][gc] GC(89) Concurrent Mark Cycle 1054.653ms
[275.058s][info][gc] GC(90) Pause Young (Prepare Mixed) (G1 Evacuation Pause) 1193M->659M(1297M) 54.227ms
[277.236s][info][gc] GC(91) Pause Young (Mixed) (G1 Evacuation Pause) 1192M->663M(1297M) 35.934ms
[282.506s][info][gc] GC(92) Pause Young (Concurrent Start) (G1 Evacuation Pause) 1191M->674M(1297M) 30.920ms
[282.506s][info][gc] GC(93) Concurrent Mark Cycle
[283.396s][info][gc] GC(93) Pause Remark 856M->856M(1429M) 18.554ms
[283.852s][info][gc] GC(93) Pause Cleanup 922M->922M(1429M) 0.598ms
[283.856s][info][gc] GC(93) Concurrent Mark Cycle 1350.064ms
[284.880s][info][gc] GC(94) Pause Young (Prepare Mixed) (G1 Evacuation Pause) 1190M->685M(1429M) 29.185ms
[290.456s][info][gc] GC(95) Pause Young (Mixed) (G1 Evacuation Pause) 1318M->688M(1429M) 60.207ms
[293.086s][info][gc] GC(96) Pause Young (Concurrent Start) (G1 Evacuation Pause) 1307M->700M(1429M) 35.440ms
[293.086s][info][gc] GC(97) Concurrent Mark Cycle
[293.765s][info][gc] GC(97) Pause Remark 722M->722M(1429M) 15.038ms
[294.071s][info][gc] GC(97) Pause Cleanup 726M->726M(1429M) 0.681ms
[294.074s][info][gc] GC(97) Concurrent Mark Cycle 987.942ms
[300.681s][info][gc] GC(98) Pause Young (Prepare Mixed) (G1 Evacuation Pause) 1307M->711M(1429M) 35.468ms
[302.958s][info][gc] GC(99) Pause Young (Mixed) (G1 Evacuation Pause) 1305M->713M(1429M) 40.005ms
[308.476s][info][gc] GC(100) Pause Young (Concurrent Start) (G1 Evacuation Pause) 1317M->724M(1429M) 31.644ms
[308.476s][info][gc] GC(101) Concurrent Mark Cycle
[309.660s][info][gc] GC(101) Pause Remark 956M->956M(1597M) 17.812ms
[310.144s][info][gc] GC(101) Pause Cleanup 1033M->1033M(1597M) 1.115ms
[310.149s][info][gc] GC(101) Concurrent Mark Cycle 1672.887ms
[312.287s][info][gc] GC(102) Pause Young (Prepare Mixed) (G1 Evacuation Pause) 1297M->731M(1597M) 37.426ms
[319.398s][info][gc] GC(103) Pause Young (Mixed) (G1 Evacuation Pause) 1470M->739M(1597M) 43.155ms
[329.140s][info][gc] GC(104) Pause Young (Concurrent Start) (G1 Evacuation Pause) 1456M->749M(1597M) 64.668ms
[329.140s][info][gc] GC(105) Concurrent Mark Cycle
[330.141s][info][gc] GC(105) Pause Remark 957M->957M(1597M) 39.963ms
[330.598s][info][gc] GC(105) Pause Cleanup 1041M->1041M(1597M) 2.509ms
[330.601s][info][gc] GC(105) Concurrent Mark Cycle 1460.593ms
[332.345s][info][gc] GC(106) Pause Young (Prepare Mixed) (G1 Evacuation Pause) 1457M->763M(1597M) 41.567ms
[338.367s][info][gc] GC(107) Pause Young (Mixed) (G1 Evacuation Pause) 1461M->771M(1597M) 74.790ms
[344.081s][info][gc] GC(108) Pause Young (Concurrent Start) (G1 Evacuation Pause) 1459M->779M(1597M) 38.832ms
[344.081s][info][gc] GC(109) Concurrent Mark Cycle
[345.198s][info][gc] GC(109) Pause Remark 946M->946M(1597M) 17.241ms
[345.689s][info][gc] GC(109) Pause Cleanup 1037M->1037M(1597M) 0.615ms
[345.693s][info][gc] GC(109) Concurrent Mark Cycle 1611.561ms
[347.797s][info][gc] GC(110) Pause Young (Prepare Mixed) (G1 Evacuation Pause) 1462M->792M(1597M) 38.643ms
[353.304s][info][gc] GC(111) Pause Young (Mixed) (G1 Evacuation Pause) 1461M->796M(1597M) 46.836ms
[356.359s][info][gc] GC(112) Pause Young (Concurrent Start) (G1 Evacuation Pause) 1465M->809M(1597M) 37.267ms
[356.359s][info][gc] GC(113) Concurrent Mark Cycle
[357.761s][info][gc] GC(113) Pause Remark 1117M->1117M(1864M) 17.614ms
[358.144s][info][gc] GC(113) Pause Cleanup 1129M->1129M(1864M) 0.733ms
[358.150s][info][gc] GC(113) Concurrent Mark Cycle 1790.812ms
[362.637s][info][gc] GC(114) Pause Young (Prepare Mixed) (G1 Evacuation Pause) 1451M->817M(1864M) 62.316ms
[369.667s][info][gc] GC(115) Pause Young (Mixed) (G1 Evacuation Pause) 1720M->826M(1864M) 73.511ms
[373.268s][info][gc] GC(116) Pause Young (Concurrent Start) (G1 Evacuation Pause) 1707M->841M(1864M) 43.257ms
[373.268s][info][gc] GC(117) Concurrent Mark Cycle
[374.546s][info][gc] GC(117) Pause Remark 1058M->1058M(1864M) 17.583ms
[374.925s][info][gc] GC(117) Pause Cleanup 1064M->1064M(1864M) 0.719ms
[374.930s][info][gc] GC(117) Concurrent Mark Cycle 1661.277ms
[382.401s][info][gc] GC(118) Pause Young (Prepare Mixed) (G1 Evacuation Pause) 1701M->856M(1864M) 48.506ms
[389.154s][info][gc] GC(119) Pause Young (Mixed) (G1 Evacuation Pause) 1698M->866M(1864M) 79.448ms
[395.843s][info][gc] GC(120) Pause Young (Concurrent Start) (G1 Evacuation Pause) 1705M->878M(1864M) 42.307ms
[395.843s][info][gc] GC(121) Concurrent Mark Cycle
[397.050s][info][gc] GC(121) Pause Remark 1116M->1116M(1864M) 42.522ms
[397.574s][info][gc] GC(121) Pause Cleanup 1224M->1224M(1864M) 0.674ms
[397.578s][info][gc] GC(121) Concurrent Mark Cycle 1735.365ms
[399.428s][info][gc] GC(122) Pause Young (Prepare Mixed) (G1 Evacuation Pause) 1708M->894M(1864M) 44.387ms
[406.387s][info][gc] GC(123) Pause Young (Mixed) (G1 Evacuation Pause) 1705M->905M(1864M) 51.172ms
[414.881s][info][gc] GC(124) Pause Young (Concurrent Start) (G1 Evacuation Pause) 1704M->918M(1864M) 45.270ms
[414.881s][info][gc] GC(125) Concurrent Mark Cycle
[416.264s][info][gc] GC(125) Pause Remark 1152M->1152M(1922M) 23.073ms
[416.858s][info][gc] GC(125) Pause Cleanup 1271M->1271M(1922M) 0.737ms
[416.864s][info][gc] GC(125) Concurrent Mark Cycle 1982.920ms
[421.863s][info][gc] GC(126) Pause Young (Prepare Mixed) (G1 Evacuation Pause) 1703M->932M(1922M) 67.882ms
[432.247s][info][gc] GC(127) Pause Young (Mixed) (G1 Evacuation Pause) 1763M->943M(1922M) 71.923ms
[436.996s][info][gc] GC(128) Pause Young (Concurrent Start) (G1 Evacuation Pause) 1761M->957M(1922M) 45.078ms
[436.996s][info][gc] GC(129) Concurrent Mark Cycle
[437.959s][info][gc] GC(129) Pause Remark 976M->976M(1922M) 20.499ms
[438.387s][info][gc] GC(129) Pause Cleanup 983M->983M(1922M) 0.814ms
[438.391s][info][gc] GC(129) Concurrent Mark Cycle 1395.541ms
[458.371s][info][gc] GC(130) Pause Young (Prepare Mixed) (G1 Evacuation Pause) 1763M->967M(1922M) 70.534ms
[469.603s][info][gc] GC(131) Pause Young (Mixed) (G1 Evacuation Pause) 1766M->972M(1922M) 49.258ms
[476.646s][info][gc] GC(132) Pause Young (Concurrent Start) (G1 Evacuation Pause) 1772M->986M(1922M) 41.889ms
[476.647s][info][gc] GC(133) Concurrent Mark Cycle
[477.978s][info][gc] GC(133) Pause Remark 1229M->1229M(2048M) 22.380ms
[478.426s][info][gc] GC(133) Pause Cleanup 1244M->1244M(2048M) 0.766ms
[478.431s][info][gc] GC(133) Concurrent Mark Cycle 1784.081ms
[484.337s][info][gc] GC(134) Pause Young (Prepare Mixed) (G1 Evacuation Pause) 1752M->999M(2048M) 73.527ms
[492.583s][info][gc] GC(135) Pause Young (Mixed) (G1 Evacuation Pause) 1879M->1012M(2048M) 80.321ms
[502.041s][info][gc] GC(136) Pause Young (Concurrent Start) (G1 Evacuation Pause) 1880M->1024M(2048M) 85.710ms
[502.041s][info][gc] GC(137) Concurrent Mark Cycle
[503.802s][info][gc] GC(137) Pause Remark 1717M->1717M(2048M) 21.643ms
[504.137s][info][gc] GC(138) Pause Young (Normal) (G1 Evacuation Pause) 1874M->1023M(2048M) 73.110ms
[504.787s][info][gc] GC(137) Pause Cleanup 1392M->1392M(2048M) 0.696ms
[504.793s][info][gc] GC(137) Concurrent Mark Cycle 2752.622ms
[505.416s][info][gc] GC(139) Pause Young (Prepare Mixed) (G1 Evacuation Pause) 1897M->1024M(2048M) 33.955ms
[506.481s][info][gc] GC(140) Pause Young (Mixed) (G1 Evacuation Pause) 1896M->1021M(2048M) 38.186ms
[507.536s][info][gc] GC(141) Pause Young (Concurrent Start) (G1 Evacuation Pause) 1895M->1020M(2048M) 46.940ms
[507.536s][info][gc] GC(142) Concurrent Mark Cycle
[509.159s][info][gc] GC(143) Pause Young (Normal) (G1 Evacuation Pause) 1896M->1021M(2048M) 56.447ms
[509.257s][info][gc] GC(142) Pause Remark 1064M->1064M(2048M) 19.201ms
[509.856s][info][gc] GC(142) Pause Cleanup 1398M->1398M(2048M) 0.752ms
[509.860s][info][gc] GC(142) Concurrent Mark Cycle 2323.518ms
[510.461s][info][gc] GC(144) Pause Young (Prepare Mixed) (G1 Evacuation Pause) 1897M->1022M(2048M) 33.912ms
[511.389s][info][gc] GC(145) Pause Young (Mixed) (G1 Evacuation Pause) 1896M->1018M(2048M) 38.052ms
[512.319s][info][gc] GC(146) Pause Young (Concurrent Start) (G1 Evacuation Pause) 1897M->1019M(2048M) 37.501ms
[512.319s][info][gc] GC(147) Concurrent Mark Cycle
[513.638s][info][gc] GC(147) Pause Remark 1837M->1837M(2048M) 43.925ms
[513.755s][info][gc] GC(148) Pause Young (Normal) (G1 Evacuation Pause) 1896M->1017M(2048M) 59.586ms
[514.365s][info][gc] GC(147) Pause Cleanup 1405M->1405M(2048M) 0.759ms
[514.373s][info][gc] GC(147) Concurrent Mark Cycle 2053.397ms
