[0.003s][info][gc] Using G1
[0.324s][info][gc] GC(0) Pause Young (Concurrent Start) (G1 Humongous Allocation) 241M->3M(513M) 5.834ms
[0.324s][info][gc] GC(1) Concurrent Undo Cycle
[0.324s][info][gc] GC(1) Concurrent Undo Cycle 0.086ms
[0.445s][info][gc] GC(2) Pause Young (Normal) (G1 Evacuation Pause) 215M->2M(513M) 2.316ms
[1.756s][info][gc] GC(3) Pause Young (Concurrent Start) (Metadata GC Threshold) 313M->15M(513M) 11.875ms
[1.756s][info][gc] GC(4) Concurrent Mark Cycle
[1.768s][info][gc] GC(4) Pause Remark 17M->17M(512M) 4.296ms
[1.772s][info][gc] GC(4) Pause Cleanup 17M->17M(512M) 0.106ms
[1.773s][info][gc] GC(4) Concurrent Mark Cycle 17.249ms
[2.130s][info][gc] GC(5) Pause Young (Prepare Mixed) (G1 Evacuation Pause) 64M->31M(512M) 20.532ms
[2.198s][info][gc] GC(6) Pause Young (Mixed) (G1 Evacuation Pause) 48M->39M(512M) 39.111ms
[2.248s][info][gc] GC(7) Pause Young (Normal) (G1 Evacuation Pause) 64M->52M(512M) 11.671ms
[2.325s][info][gc] GC(8) Pause Young (Normal) (G1 Evacuation Pause) 87M->70M(512M) 12.635ms
[2.412s][info][gc] GC(9) Pause Young (Normal) (G1 Evacuation Pause) 104M->86M(1026M) 38.603ms
[2.542s][info][gc] GC(10) Pause Young (Normal) (G1 Evacuation Pause) 132M->109M(1026M) 22.052ms
[2.697s][info][gc] GC(11) Pause Young (Normal) (G1 Evacuation Pause) 153M->134M(1026M) 57.644ms
[3.122s][info][gc] GC(12) Pause Young (Normal) (G1 Evacuation Pause) 178M->153M(1026M) 22.873ms
[3.265s][info][gc] GC(13) Pause Young (Concurrent Start) (Metadata GC Threshold) 163M->155M(1026M) 8.042ms
[3.265s][info][gc] GC(14) Concurrent Mark Cycle
[3.527s][info][gc] GC(14) Pause Remark 165M->160M(537M) 5.242ms
[3.699s][info][gc] GC(14) Pause Cleanup 169M->169M(537M) 0.258ms
[3.700s][info][gc] GC(14) Concurrent Mark Cycle 434.968ms
[4.061s][info][gc] GC(15) Pause Young (Prepare Mixed) (G1 Evacuation Pause) 263M->162M(537M) 16.148ms
[6.054s][info][gc] GC(16) Pause Young (Mixed) (G1 Evacuation Pause) 397M->189M(1038M) 51.943ms
[6.260s][info][gc] GC(17) Pause Young (Normal) (G1 Evacuation Pause) 317M->234M(1038M) 54.117ms
[6.446s][info][gc] GC(18) Pause Young (Concurrent Start) (Metadata GC Threshold) 317M->260M(1038M) 30.538ms
[6.446s][info][gc] GC(19) Concurrent Mark Cycle
[6.740s][info][gc] GC(19) Pause Remark 261M->242M(807M) 9.604ms
[6.865s][info][gc] GC(19) Pause Cleanup 242M->242M(807M) 0.328ms
[6.867s][info][gc] GC(19) Concurrent Mark Cycle 420.601ms
[9.168s][info][gc] GC(20) Pause Young (Prepare Mixed) (G1 Evacuation Pause) 424M->269M(807M) 44.206ms
[10.412s][info][gc] GC(21) Pause Young (Mixed) (G1 Evacuation Pause) 512M->255M(807M) 58.255ms
[11.997s][info][gc] GC(22) Pause Young (Normal) (G1 Evacuation Pause) 629M->297M(807M) 82.603ms
[12.632s][info][gc] GC(23) Pause Young (Concurrent Start) (G1 Humongous Allocation) 429M->339M(807M) 101.285ms
[12.633s][info][gc] GC(24) Concurrent Mark Cycle
[13.218s][info][gc] GC(24) Pause Remark 389M->388M(807M) 14.868ms
[13.410s][info][gc] GC(24) Pause Cleanup 392M->392M(807M) 0.310ms
[13.411s][info][gc] GC(24) Concurrent Mark Cycle 778.472ms
[14.156s][info][gc] GC(25) Pause Young (Prepare Mixed) (G1 Evacuation Pause) 501M->347M(807M) 49.540ms
[29.062s][info][gc] GC(26) Pause Young (Mixed) (G1 Evacuation Pause) 646M->357M(807M) 30.959ms
[30.400s][info][gc] GC(27) Pause Young (Concurrent Start) (G1 Evacuation Pause) 664M->371M(807M) 63.212ms
[30.401s][info][gc] GC(28) Concurrent Mark Cycle
[31.140s][info][gc] GC(28) Pause Remark 440M->400M(807M) 24.172ms
[31.457s][info][gc] GC(28) Pause Cleanup 436M->436M(807M) 0.798ms
[31.459s][info][gc] GC(28) Concurrent Mark Cycle 1057.988ms
[33.326s][info][gc] GC(29) Pause Young (Prepare Mixed) (G1 Evacuation Pause) 640M->342M(807M) 62.138ms
[37.649s][info][gc] GC(30) Pause Young (Mixed) (G1 Evacuation Pause) 687M->305M(807M) 34.571ms
[40.500s][info][gc] GC(31) Pause Young (Concurrent Start) (G1 Evacuation Pause) 689M->319M(807M) 58.983ms
[40.500s][info][gc] GC(32) Concurrent Mark Cycle
[41.410s][info][gc] GC(32) Pause Remark 394M->393M(807M) 62.098ms
[41.867s][info][gc] GC(32) Pause Cleanup 425M->425M(807M) 0.507ms
[41.871s][info][gc] GC(32) Concurrent Mark Cycle 1370.321ms
[43.826s][info][gc] GC(33) Pause Young (Prepare Mixed) (G1 Evacuation Pause) 708M->330M(807M) 65.361ms
[46.229s][info][gc] GC(34) Pause Young (Mixed) (G1 Evacuation Pause) 723M->332M(807M) 65.787ms
[59.228s][info][gc] GC(35) Pause Young (Concurrent Start) (G1 Evacuation Pause) 727M->344M(807M) 61.260ms
[59.228s][info][gc] GC(36) Concurrent Mark Cycle
[60.206s][info][gc] GC(36) Pause Remark 491M->491M(820M) 52.221ms
[60.623s][info][gc] GC(36) Pause Cleanup 535M->535M(820M) 0.339ms
[60.624s][info][gc] GC(36) Concurrent Mark Cycle 1396.434ms
[61.664s][info][gc] GC(37) Pause Young (Prepare Mixed) (G1 Evacuation Pause) 730M->358M(820M) 35.699ms
[63.666s][info][gc] GC(38) Pause Young (Mixed) (G1 Evacuation Pause) 741M->365M(820M) 40.660ms
[75.344s][info][gc] GC(39) Pause Young (Concurrent Start) (G1 Evacuation Pause) 739M->377M(820M) 34.390ms
[75.344s][info][gc] GC(40) Concurrent Mark Cycle
[76.048s][info][gc] GC(40) Pause Remark 496M->496M(829M) 32.897ms
[76.326s][info][gc] GC(40) Pause Cleanup 529M->529M(829M) 0.347ms
[76.330s][info][gc] GC(40) Concurrent Mark Cycle 985.763ms
[77.460s][info][gc] GC(41) Pause Young (Prepare Mixed) (G1 Evacuation Pause) 751M->389M(829M) 25.222ms
[79.216s][info][gc] GC(42) Pause Young (Mixed) (G1 Evacuation Pause) 761M->393M(829M) 27.684ms
[91.718s][info][gc] GC(43) Pause Young (Concurrent Start) (G1 Evacuation Pause) 751M->403M(829M) 54.833ms
[91.718s][info][gc] GC(44) Concurrent Mark Cycle
[92.527s][info][gc] GC(44) Pause Remark 546M->546M(912M) 29.786ms
[92.860s][info][gc] GC(44) Pause Cleanup 588M->588M(912M) 0.420ms
[92.863s][info][gc] GC(44) Concurrent Mark Cycle 1144.842ms
[93.648s][info][gc] GC(45) Pause Young (Prepare Mixed) (G1 Evacuation Pause) 747M->413M(912M) 34.764ms
[95.335s][info][gc] GC(46) Pause Young (Mixed) (G1 Evacuation Pause) 830M->423M(912M) 29.237ms
[102.265s][info][gc] GC(47) Pause Young (Mixed) (G1 Evacuation Pause) 831M->427M(912M) 33.039ms
[104.128s][info][gc] GC(48) Pause Young (Concurrent Start) (G1 Evacuation Pause) 830M->440M(912M) 28.916ms
[104.128s][info][gc] GC(49) Concurrent Mark Cycle
[105.023s][info][gc] GC(49) Pause Remark 575M->575M(960M) 67.866ms
[105.364s][info][gc] GC(49) Pause Cleanup 656M->656M(960M) 2.348ms
[105.366s][info][gc] GC(49) Concurrent Mark Cycle 1238.410ms
[115.657s][info][gc] GC(50) Pause Young (Prepare Mixed) (G1 Evacuation Pause) 826M->451M(960M) 28.395ms
[117.709s][info][gc] GC(51) Pause Young (Mixed) (G1 Evacuation Pause) 875M->452M(960M) 55.661ms
[119.107s][info][gc] GC(52) Pause Young (Concurrent Start) (G1 Evacuation Pause) 877M->457M(960M) 56.357ms
[119.107s][info][gc] GC(53) Concurrent Mark Cycle
[119.938s][info][gc] GC(53) Pause Remark 563M->563M(960M) 23.630ms
[120.433s][info][gc] GC(53) Pause Cleanup 663M->663M(960M) 0.483ms
[120.436s][info][gc] GC(53) Concurrent Mark Cycle 1328.948ms
[124.972s][info][gc] GC(54) Pause Young (Prepare Mixed) (G1 Evacuation Pause) 883M->467M(960M) 27.531ms
[126.049s][info][gc] GC(55) Pause Young (Mixed) (G1 Evacuation Pause) 873M->456M(960M) 28.204ms
[128.009s][info][gc] GC(56) Pause Young (Concurrent Start) (G1 Evacuation Pause) 884M->466M(960M) 49.358ms
[128.009s][info][gc] GC(57) Concurrent Mark Cycle
[128.667s][info][gc] GC(57) Pause Remark 584M->584M(975M) 18.283ms
[129.037s][info][gc] GC(57) Pause Cleanup 614M->614M(975M) 0.525ms
[129.046s][info][gc] GC(57) Concurrent Mark Cycle 1036.709ms
[130.536s][info][gc] GC(58) Pause Young (Prepare Mixed) (G1 Evacuation Pause) 872M->477M(975M) 31.464ms
[157.345s][info][gc] GC(59) Pause Young (Mixed) (G1 Evacuation Pause) 886M->476M(975M) 35.702ms
[160.651s][info][gc] GC(60) Pause Young (Concurrent Start) (G1 Evacuation Pause) 892M->487M(975M) 29.180ms
[160.651s][info][gc] GC(61) Concurrent Mark Cycle
[161.348s][info][gc] GC(61) Pause Remark 563M->563M(975M) 18.059ms
[161.715s][info][gc] GC(61) Pause Cleanup 623M->623M(975M) 0.564ms
[161.718s][info][gc] GC(61) Concurrent Mark Cycle 1066.753ms
[163.201s][info][gc] GC(62) Pause Young (Prepare Mixed) (G1 Evacuation Pause) 891M->500M(975M) 57.151ms
[176.502s][info][gc] GC(63) Pause Young (Mixed) (G1 Evacuation Pause) 890M->498M(975M) 31.069ms
[183.709s][info][gc] GC(64) Pause Young (Concurrent Start) (G1 Evacuation Pause) 894M->509M(975M) 53.858ms
[183.709s][info][gc] GC(65) Concurrent Mark Cycle
[184.670s][info][gc] GC(65) Pause Remark 672M->672M(1122M) 31.320ms
[185.109s][info][gc] GC(65) Pause Cleanup 716M->716M(1122M) 0.602ms
[185.112s][info][gc] GC(65) Concurrent Mark Cycle 1403.282ms
[185.902s][info][gc] GC(66) Pause Young (Prepare Mixed) (G1 Evacuation Pause) 885M->521M(1122M) 27.493ms
[191.168s][info][gc] GC(67) Pause Young (Mixed) (G1 Evacuation Pause) 1033M->525M(1122M) 36.127ms
[193.466s][info][gc] GC(68) Pause Young (Concurrent Start) (G1 Evacuation Pause) 1021M->536M(1122M) 44.711ms
[193.466s][info][gc] GC(69) Concurrent Mark Cycle
[194.403s][info][gc] GC(69) Pause Remark 721M->721M(1204M) 46.747ms
[194.862s][info][gc] GC(69) Pause Cleanup 806M->806M(1204M) 0.500ms
[194.865s][info][gc] GC(69) Concurrent Mark Cycle 1399.176ms
[199.227s][info][gc] GC(70) Pause Young (Prepare Mixed) (G1 Evacuation Pause) 1022M->547M(1204M) 29.489ms
[201.761s][info][gc] GC(71) Pause Young (Mixed) (G1 Evacuation Pause) 1105M->552M(1204M) 36.132ms
[203.752s][info][gc] GC(72) Pause Young (Concurrent Start) (G1 Evacuation Pause) 1091M->558M(1204M) 32.568ms
[203.752s][info][gc] GC(73) Concurrent Mark Cycle
[204.266s][info][gc] GC(73) Pause Remark 566M->566M(1204M) 15.620ms
[204.532s][info][gc] GC(73) Pause Cleanup 569M->569M(1204M) 0.516ms
[204.534s][info][gc] GC(73) Concurrent Mark Cycle 781.892ms
[209.839s][info][gc] GC(74) Pause Young (Prepare Mixed) (G1 Evacuation Pause) 1107M->571M(1204M) 30.086ms
[211.955s][info][gc] GC(75) Pause Young (Mixed) (G1 Evacuation Pause) 1096M->571M(1204M) 41.298ms
[217.258s][info][gc] GC(76) Pause Young (Concurrent Start) (G1 Evacuation Pause) 1097M->581M(1204M) 32.494ms
[217.258s][info][gc] GC(77) Concurrent Mark Cycle
[217.961s][info][gc] GC(77) Pause Remark 709M->709M(1204M) 18.794ms
[218.514s][info][gc] GC(77) Pause Cleanup 833M->833M(1204M) 3.943ms
[218.516s][info][gc] GC(77) Concurrent Mark Cycle 1258.045ms
[219.473s][info][gc] GC(78) Pause Young (Prepare Mixed) (G1 Evacuation Pause) 1106M->591M(1204M) 28.959ms
[232.134s][info][gc] GC(79) Pause Young (Mixed) (G1 Evacuation Pause) 1098M->588M(1204M) 36.730ms
[234.185s][info][gc] GC(80) Pause Young (Concurrent Start) (G1 Evacuation Pause) 1109M->597M(1204M) 34.400ms
[234.185s][info][gc] GC(81) Concurrent Mark Cycle
[235.019s][info][gc] GC(81) Pause Remark 736M->736M(1229M) 16.196ms
[235.413s][info][gc] GC(81) Pause Cleanup 793M->793M(1229M) 0.666ms
[235.416s][info][gc] GC(81) Concurrent Mark Cycle 1231.331ms
[247.813s][info][gc] GC(82) Pause Young (Prepare Mixed) (G1 Evacuation Pause) 1097M->604M(1229M) 59.872ms
[250.131s][info][gc] GC(83) Pause Young (Mixed) (G1 Evacuation Pause) 1134M->609M(1229M) 35.762ms
[260.048s][info][gc] GC(84) Pause Young (Concurrent Start) (G1 Evacuation Pause) 1123M->617M(1229M) 32.629ms
[260.048s][info][gc] GC(85) Concurrent Mark Cycle
[260.856s][info][gc] GC(85) Pause Remark 782M->782M(1305M) 19.189ms
[261.301s][info][gc] GC(85) Pause Cleanup 863M->863M(1305M) 0.634ms
[261.304s][info][gc] GC(85) Concurrent Mark Cycle 1256.254ms
[262.418s][info][gc] GC(86) Pause Young (Prepare Mixed) (G1 Evacuation Pause) 1127M->628M(1305M) 47.912ms
[267.760s][info][gc] GC(87) Pause Young (Mixed) (G1 Evacuation Pause) 1192M->629M(1305M) 46.221ms
[270.429s][info][gc] GC(88) Pause Young (Concurrent Start) (G1 Evacuation Pause) 1193M->641M(1305M) 35.968ms
[270.429s][info][gc] GC(89) Concurrent Mark Cycle
[271.422s][info][gc] GC(89) Pause Remark 822M->822M(1372M) 18.375ms
[271.933s][info][gc] GC(89) Pause Cleanup 915M->915M(1372M) 0.598ms
[271.937s][info][gc] GC(89) Concurrent Mark Cycle 1507.505ms
[278.610s][info][gc] GC(90) Pause Young (Prepare Mixed) (G1 Evacuation Pause) 1189M->649M(1372M) 56.785ms
[281.109s][info][gc] GC(91) Pause Young (Mixed) (G1 Evacuation Pause) 1256M->654M(1372M) 60.783ms
[286.700s][info][gc] GC(92) Pause Young (Concurrent Start) (G1 Evacuation Pause) 1253M->665M(1372M) 58.973ms
[286.700s][info][gc] GC(93) Concurrent Mark Cycle
[287.623s][info][gc] GC(93) Pause Remark 879M->879M(1467M) 17.809ms
[288.319s][info][gc] GC(93) Pause Cleanup 1012M->1012M(1467M) 0.669ms
[288.323s][info][gc] GC(93) Concurrent Mark Cycle 1622.808ms
[289.105s][info][gc] GC(94) Pause Young (Prepare Mixed) (G1 Evacuation Pause) 1249M->675M(1467M) 35.171ms
[295.140s][info][gc] GC(95) Pause Young (Mixed) (G1 Evacuation Pause) 1344M->681M(1467M) 42.854ms
[300.810s][info][gc] GC(96) Pause Young (Concurrent Start) (G1 Evacuation Pause) 1342M->692M(1467M) 61.618ms
[300.810s][info][gc] GC(97) Concurrent Mark Cycle
[301.744s][info][gc] GC(97) Pause Remark 824M->824M(1467M) 19.882ms
[302.222s][info][gc] GC(97) Pause Cleanup 908M->908M(1467M) 0.680ms
[302.226s][info][gc] GC(97) Concurrent Mark Cycle 1415.147ms
[304.598s][info][gc] GC(98) Pause Young (Prepare Mixed) (G1 Evacuation Pause) 1342M->704M(1467M) 65.775ms
[309.524s][info][gc] GC(99) Pause Young (Mixed) (G1 Evacuation Pause) 1341M->706M(1467M) 66.365ms
[312.322s][info][gc] GC(100) Pause Young (Concurrent Start) (G1 Evacuation Pause) 1343M->720M(1467M) 37.884ms
[312.322s][info][gc] GC(101) Concurrent Mark Cycle
[313.365s][info][gc] GC(101) Pause Remark 924M->924M(1542M) 19.182ms
[313.975s][info][gc] GC(101) Pause Cleanup 1039M->1039M(1542M) 0.602ms
[313.979s][info][gc] GC(101) Concurrent Mark Cycle 1656.685ms
[323.639s][info][gc] GC(102) Pause Young (Prepare Mixed) (G1 Evacuation Pause) 1336M->727M(1542M) 36.453ms
[326.308s][info][gc] GC(103) Pause Young (Mixed) (G1 Evacuation Pause) 1417M->735M(1542M) 54.593ms
[332.224s][info][gc] GC(104) Pause Young (Concurrent Start) (G1 Evacuation Pause) 1405M->746M(1542M) 65.262ms
[332.224s][info][gc] GC(105) Concurrent Mark Cycle
[333.350s][info][gc] GC(105) Pause Remark 973M->973M(1622M) 16.744ms
[334.046s][info][gc] GC(105) Pause Cleanup 1075M->1075M(1622M) 0.903ms
[334.050s][info][gc] GC(105) Concurrent Mark Cycle 1825.777ms
[338.566s][info][gc] GC(106) Pause Young (Prepare Mixed) (G1 Evacuation Pause) 1411M->756M(1622M) 43.779ms
[344.725s][info][gc] GC(107) Pause Young (Mixed) (G1 Evacuation Pause) 1490M->766M(1622M) 76.013ms
[350.853s][info][gc] GC(108) Pause Young (Concurrent Start) (G1 Evacuation Pause) 1475M->774M(1622M) 40.603ms
[350.853s][info][gc] GC(109) Concurrent Mark Cycle
[351.952s][info][gc] GC(109) Pause Remark 990M->990M(1652M) 15.508ms
[352.533s][info][gc] GC(109) Pause Cleanup 1098M->1098M(1652M) 0.674ms
[352.537s][info][gc] GC(109) Concurrent Mark Cycle 1683.188ms
[354.331s][info][gc] GC(110) Pause Young (Prepare Mixed) (G1 Evacuation Pause) 1485M->787M(1652M) 38.952ms
[362.400s][info][gc] GC(111) Pause Young (Mixed) (G1 Evacuation Pause) 1513M->795M(1652M) 72.017ms
[364.968s][info][gc] GC(112) Pause Young (Concurrent Start) (G1 Evacuation Pause) 1513M->806M(1652M) 39.418ms
[364.968s][info][gc] GC(113) Concurrent Mark Cycle
[365.814s][info][gc] GC(113) Pause Remark 845M->845M(1652M) 15.204ms
[366.199s][info][gc] GC(113) Pause Cleanup 850M->850M(1652M) 0.698ms
[366.203s][info][gc] GC(113) Concurrent Mark Cycle 1235.244ms
[372.346s][info][gc] GC(114) Pause Young (Prepare Mixed) (G1 Evacuation Pause) 1514M->818M(1652M) 37.217ms
[377.925s][info][gc] GC(115) Pause Young (Mixed) (G1 Evacuation Pause) 1515M->824M(1652M) 67.599ms
[380.650s][info][gc] GC(116) Pause Young (Concurrent Start) (G1 Evacuation Pause) 1514M->837M(1652M) 37.342ms
[380.650s][info][gc] GC(117) Concurrent Mark Cycle
[381.970s][info][gc] GC(117) Pause Remark 1112M->1112M(1855M) 13.950ms
[382.364s][info][gc] GC(117) Pause Cleanup 1118M->1118M(1855M) 0.669ms
[382.370s][info][gc] GC(117) Concurrent Mark Cycle 1719.613ms
[387.518s][info][gc] GC(118) Pause Young (Prepare Mixed) (G1 Evacuation Pause) 1504M->847M(1855M) 61.904ms
[394.323s][info][gc] GC(119) Pause Young (Mixed) (G1 Evacuation Pause) 1709M->859M(1855M) 70.363ms
[397.723s][info][gc] GC(120) Pause Young (Concurrent Start) (G1 Evacuation Pause) 1694M->875M(1855M) 44.842ms
[397.723s][info][gc] GC(121) Concurrent Mark Cycle
[398.888s][info][gc] GC(121) Pause Remark 1037M->1037M(1855M) 14.192ms
[399.306s][info][gc] GC(121) Pause Cleanup 1043M->1043M(1855M) 0.617ms
[399.310s][info][gc] GC(121) Concurrent Mark Cycle 1587.159ms
[405.147s][info][gc] GC(122) Pause Young (Prepare Mixed) (G1 Evacuation Pause) 1692M->889M(1855M) 49.362ms
[411.336s][info][gc] GC(123) Pause Young (Mixed) (G1 Evacuation Pause) 1698M->898M(1855M) 71.735ms
[417.630s][info][gc] GC(124) Pause Young (Concurrent Start) (G1 Evacuation Pause) 1698M->913M(1855M) 69.744ms
[417.630s][info][gc] GC(125) Concurrent Mark Cycle
[418.835s][info][gc] GC(125) Pause Remark 1148M->1148M(1914M) 22.470ms
[419.515s][info][gc] GC(125) Pause Cleanup 1278M->1278M(1914M) 0.672ms
[419.526s][info][gc] GC(125) Concurrent Mark Cycle 1895.682ms
[424.098s][info][gc] GC(126) Pause Young (Prepare Mixed) (G1 Evacuation Pause) 1696M->926M(1914M) 70.585ms
[428.779s][info][gc] GC(127) Pause Young (Mixed) (G1 Evacuation Pause) 1755M->937M(1914M) 53.815ms
[451.666s][info][gc] GC(128) Pause Young (Concurrent Start) (G1 Evacuation Pause) 1752M->946M(1914M) 47.560ms
[451.666s][info][gc] GC(129) Concurrent Mark Cycle
[453.232s][info][gc] GC(129) Pause Remark 1246M->1246M(2048M) 17.262ms
[454.161s][info][gc] GC(129) Pause Cleanup 1409M->1409M(2048M) 0.863ms
[454.166s][info][gc] GC(129) Concurrent Mark Cycle 2499.886ms
[458.931s][info][gc] GC(130) Pause Young (Prepare Mixed) (G1 Evacuation Pause) 1752M->961M(2048M) 73.612ms
[467.957s][info][gc] GC(131) Pause Young (Mixed) (G1 Evacuation Pause) 1888M->972M(2048M) 52.171ms
[471.902s][info][gc] GC(132) Pause Young (Concurrent Start) (G1 Evacuation Pause) 1875M->987M(2048M) 49.304ms
[471.903s][info][gc] GC(133) Concurrent Mark Cycle
[472.882s][info][gc] GC(133) Pause Remark 1021M->1021M(2048M) 19.560ms
[473.339s][info][gc] GC(133) Pause Cleanup 1030M->1030M(2048M) 0.717ms
[473.345s][info][gc] GC(133) Concurrent Mark Cycle 1442.854ms
[480.110s][info][gc] GC(134) Pause Young (Prepare Mixed) (G1 Evacuation Pause) 1872M->1002M(2048M) 52.595ms
[487.669s][info][gc] GC(135) Pause Young (Mixed) (G1 Evacuation Pause) 1872M->1015M(2048M) 54.304ms
[499.950s][info][gc] GC(136) Pause Young (Concurrent Start) (G1 Evacuation Pause) 1880M->1020M(2048M) 43.942ms
[499.951s][info][gc] GC(137) Concurrent Mark Cycle
[501.817s][info][gc] GC(138) Pause Young (Normal) (G1 Evacuation Pause) 1888M->1023M(2048M) 59.330ms
[501.925s][info][gc] GC(137) Pause Remark 1078M->1078M(2048M) 18.503ms
[502.734s][info][gc] GC(137) Pause Cleanup 1459M->1459M(2048M) 0.734ms
[502.739s][info][gc] GC(137) Concurrent Mark Cycle 2788.435ms
[503.297s][info][gc] GC(139) Pause Young (Prepare Mixed) (G1 Evacuation Pause) 1885M->1021M(2048M) 48.182ms
[504.341s][info][gc] GC(140) Pause Young (Mixed) (G1 Evacuation Pause) 1887M->1017M(2048M) 38.158ms
[505.416s][info][gc] GC(141) Pause Young (Concurrent Start) (GCLocker Initiated GC) 1886M->1018M(2048M) 51.202ms
[505.416s][info][gc] GC(142) Concurrent Mark Cycle
[507.036s][info][gc] GC(143) Pause Young (Normal) (G1 Evacuation Pause) 1885M->1017M(2048M) 38.800ms
[507.072s][info][gc] GC(142) Pause Remark 1030M->1030M(2048M) 19.105ms
[507.898s][info][gc] GC(142) Pause Cleanup 1453M->1453M(2048M) 0.678ms
[507.903s][info][gc] GC(142) Concurrent Mark Cycle 2486.528ms
[508.402s][info][gc] GC(144) Pause Young (Prepare Mixed) (G1 Evacuation Pause) 1888M->1019M(2048M) 38.447ms
[509.335s][info][gc] GC(145) Pause Young (Mixed) (G1 Evacuation Pause) 1886M->1016M(2048M) 47.730ms
[510.248s][info][gc] GC(146) Pause Young (Concurrent Start) (G1 Evacuation Pause) 1885M->1015M(2048M) 41.412ms
[510.248s][info][gc] GC(147) Concurrent Mark Cycle
[511.565s][info][gc] GC(147) Pause Remark 1835M->1835M(2048M) 16.621ms
[511.713s][info][gc] GC(148) Pause Young (Normal) (G1 Evacuation Pause) 1886M->1017M(2048M) 66.008ms
[512.242s][info][gc] GC(147) Concurrent Mark Cycle 1993.719ms
