cost-boot: patched map bytes 3320 B
SCRATCH escalated (one real d=16 move pair), sink=0
VERIFY d=8 m=1 expected=34 fwd=34 back=34 ok=true
COST d=8 m=1 n=34 arm=direct pass=0 window=0 ns_per_update=1210.0
COST d=8 m=1 n=34 arm=direct pass=0 window=1 ns_per_update=1205.7
COST d=8 m=1 n=34 arm=direct pass=0 window=2 ns_per_update=1206.8
COST d=8 m=1 n=34 arm=direct pass=0 window=3 ns_per_update=1227.5
COST d=8 m=1 n=34 arm=direct pass=0 window=4 ns_per_update=1203.5
COSTMED d=8 m=1 n=34 arm=direct pass=0 median=1206.8
COST d=8 m=1 n=34 arm=empty pass=0 window=0 ns_per_update=1333.1
COST d=8 m=1 n=34 arm=empty pass=0 window=1 ns_per_update=1262.3
COST d=8 m=1 n=34 arm=empty pass=0 window=2 ns_per_update=1279.2
COST d=8 m=1 n=34 arm=empty pass=0 window=3 ns_per_update=1264.7
COST d=8 m=1 n=34 arm=empty pass=0 window=4 ns_per_update=1248.2
COSTMED d=8 m=1 n=34 arm=empty pass=0 median=1264.7
COST d=8 m=1 n=34 arm=count pass=0 window=0 ns_per_update=1397.2
COST d=8 m=1 n=34 arm=count pass=0 window=1 ns_per_update=1348.6
COST d=8 m=1 n=34 arm=count pass=0 window=2 ns_per_update=1374.3
COST d=8 m=1 n=34 arm=count pass=0 window=3 ns_per_update=1329.7
COST d=8 m=1 n=34 arm=count pass=0 window=4 ns_per_update=1310.9
COSTMED d=8 m=1 n=34 arm=count pass=0 median=1348.6
COST d=8 m=1 n=34 arm=chunk_solo pass=0 window=0 ns_per_update=5826.9
COST d=8 m=1 n=34 arm=chunk_solo pass=0 window=1 ns_per_update=5959.1
COST d=8 m=1 n=34 arm=chunk_solo pass=0 window=2 ns_per_update=5514.8
COST d=8 m=1 n=34 arm=chunk_solo pass=0 window=3 ns_per_update=16310.5
COST d=8 m=1 n=34 arm=chunk_solo pass=0 window=4 ns_per_update=5361.5
COSTMED d=8 m=1 n=34 arm=chunk_solo pass=0 median=5826.9
COST d=8 m=1 n=34 arm=chunk_shared pass=0 window=0 ns_per_update=4769.1
COST d=8 m=1 n=34 arm=chunk_shared pass=0 window=1 ns_per_update=4952.5
COST d=8 m=1 n=34 arm=chunk_shared pass=0 window=2 ns_per_update=4808.6
COST d=8 m=1 n=34 arm=chunk_shared pass=0 window=3 ns_per_update=15583.1
COST d=8 m=1 n=34 arm=chunk_shared pass=0 window=4 ns_per_update=4614.9
COSTMED d=8 m=1 n=34 arm=chunk_shared pass=0 median=4808.6
VERIFY d=8 m=2 expected=68 fwd=68 back=68 ok=true
COST d=8 m=2 n=68 arm=direct pass=0 window=0 ns_per_update=1365.3
COST d=8 m=2 n=68 arm=direct pass=0 window=1 ns_per_update=1360.4
COST d=8 m=2 n=68 arm=direct pass=0 window=2 ns_per_update=1421.8
COST d=8 m=2 n=68 arm=direct pass=0 window=3 ns_per_update=1365.0
COST d=8 m=2 n=68 arm=direct pass=0 window=4 ns_per_update=1373.7
COSTMED d=8 m=2 n=68 arm=direct pass=0 median=1365.3
COST d=8 m=2 n=68 arm=empty pass=0 window=0 ns_per_update=1602.6
COST d=8 m=2 n=68 arm=empty pass=0 window=1 ns_per_update=1573.4
COST d=8 m=2 n=68 arm=empty pass=0 window=2 ns_per_update=1563.1
COST d=8 m=2 n=68 arm=empty pass=0 window=3 ns_per_update=1578.0
COST d=8 m=2 n=68 arm=empty pass=0 window=4 ns_per_update=1574.4
COSTMED d=8 m=2 n=68 arm=empty pass=0 median=1574.4
COST d=8 m=2 n=68 arm=count pass=0 window=0 ns_per_update=1601.9
COST d=8 m=2 n=68 arm=count pass=0 window=1 ns_per_update=1612.0
COST d=8 m=2 n=68 arm=count pass=0 window=2 ns_per_update=1616.5
COST d=8 m=2 n=68 arm=count pass=0 window=3 ns_per_update=1601.3
COST d=8 m=2 n=68 arm=count pass=0 window=4 ns_per_update=1632.3
COSTMED d=8 m=2 n=68 arm=count pass=0 median=1612.0
COST d=8 m=2 n=68 arm=chunk_solo pass=0 window=0 ns_per_update=8798.8
COST d=8 m=2 n=68 arm=chunk_solo pass=0 window=1 ns_per_update=8691.0
COST d=8 m=2 n=68 arm=chunk_solo pass=0 window=2 ns_per_update=8509.8
COST d=8 m=2 n=68 arm=chunk_solo pass=0 window=3 ns_per_update=8802.9
COST d=8 m=2 n=68 arm=chunk_solo pass=0 window=4 ns_per_update=8804.4
COSTMED d=8 m=2 n=68 arm=chunk_solo pass=0 median=8798.8
COST d=8 m=2 n=68 arm=chunk_shared pass=0 window=0 ns_per_update=9100.1
COST d=8 m=2 n=68 arm=chunk_shared pass=0 window=1 ns_per_update=8512.0
COST d=8 m=2 n=68 arm=chunk_shared pass=0 window=2 ns_per_update=7480.5
COST d=8 m=2 n=68 arm=chunk_shared pass=0 window=3 ns_per_update=7476.1
COST d=8 m=2 n=68 arm=chunk_shared pass=0 window=4 ns_per_update=7562.1
COSTMED d=8 m=2 n=68 arm=chunk_shared pass=0 median=7562.1
VERIFY d=8 m=3 expected=102 fwd=102 back=102 ok=true
COST d=8 m=3 n=102 arm=direct pass=0 window=0 ns_per_update=1534.6
COST d=8 m=3 n=102 arm=direct pass=0 window=1 ns_per_update=1520.5
COST d=8 m=3 n=102 arm=direct pass=0 window=2 ns_per_update=1529.8
COST d=8 m=3 n=102 arm=direct pass=0 window=3 ns_per_update=1521.9
COST d=8 m=3 n=102 arm=direct pass=0 window=4 ns_per_update=1522.5
COSTMED d=8 m=3 n=102 arm=direct pass=0 median=1522.5
COST d=8 m=3 n=102 arm=empty pass=0 window=0 ns_per_update=1797.5
COST d=8 m=3 n=102 arm=empty pass=0 window=1 ns_per_update=1744.1
COST d=8 m=3 n=102 arm=empty pass=0 window=2 ns_per_update=1736.1
COST d=8 m=3 n=102 arm=empty pass=0 window=3 ns_per_update=1735.0
COST d=8 m=3 n=102 arm=empty pass=0 window=4 ns_per_update=1750.5
COSTMED d=8 m=3 n=102 arm=empty pass=0 median=1744.1
COST d=8 m=3 n=102 arm=count pass=0 window=0 ns_per_update=1807.5
COST d=8 m=3 n=102 arm=count pass=0 window=1 ns_per_update=1804.0
COST d=8 m=3 n=102 arm=count pass=0 window=2 ns_per_update=1858.3
COST d=8 m=3 n=102 arm=count pass=0 window=3 ns_per_update=1957.0
COST d=8 m=3 n=102 arm=count pass=0 window=4 ns_per_update=2389.8
COSTMED d=8 m=3 n=102 arm=count pass=0 median=1858.3
COST d=8 m=3 n=102 arm=chunk_solo pass=0 window=0 ns_per_update=12460.8
COST d=8 m=3 n=102 arm=chunk_solo pass=0 window=1 ns_per_update=12441.6
COST d=8 m=3 n=102 arm=chunk_solo pass=0 window=2 ns_per_update=13341.4
COST d=8 m=3 n=102 arm=chunk_solo pass=0 window=3 ns_per_update=8150.0
COST d=8 m=3 n=102 arm=chunk_solo pass=0 window=4 ns_per_update=8165.7
COSTMED d=8 m=3 n=102 arm=chunk_solo pass=0 median=12441.6
COST d=8 m=3 n=102 arm=chunk_shared pass=0 window=0 ns_per_update=6749.0
COST d=8 m=3 n=102 arm=chunk_shared pass=0 window=1 ns_per_update=6937.9
COST d=8 m=3 n=102 arm=chunk_shared pass=0 window=2 ns_per_update=7074.6
COST d=8 m=3 n=102 arm=chunk_shared pass=0 window=3 ns_per_update=7152.4
COST d=8 m=3 n=102 arm=chunk_shared pass=0 window=4 ns_per_update=7086.3
COSTMED d=8 m=3 n=102 arm=chunk_shared pass=0 median=7074.6
VERIFY d=8 m=4 expected=136 fwd=136 back=136 ok=true
COST d=8 m=4 n=136 arm=direct pass=0 window=0 ns_per_update=1685.3
COST d=8 m=4 n=136 arm=direct pass=0 window=1 ns_per_update=1651.6
COST d=8 m=4 n=136 arm=direct pass=0 window=2 ns_per_update=1658.7
COST d=8 m=4 n=136 arm=direct pass=0 window=3 ns_per_update=1654.0
COST d=8 m=4 n=136 arm=direct pass=0 window=4 ns_per_update=1644.2
COSTMED d=8 m=4 n=136 arm=direct pass=0 median=1654.0
COST d=8 m=4 n=136 arm=empty pass=0 window=0 ns_per_update=1970.1
COST d=8 m=4 n=136 arm=empty pass=0 window=1 ns_per_update=1953.2
COST d=8 m=4 n=136 arm=empty pass=0 window=2 ns_per_update=2009.5
COST d=8 m=4 n=136 arm=empty pass=0 window=3 ns_per_update=1952.6
COST d=8 m=4 n=136 arm=empty pass=0 window=4 ns_per_update=1949.8
COSTMED d=8 m=4 n=136 arm=empty pass=0 median=1953.2
COST d=8 m=4 n=136 arm=count pass=0 window=0 ns_per_update=2094.4
COST d=8 m=4 n=136 arm=count pass=0 window=1 ns_per_update=2083.9
COST d=8 m=4 n=136 arm=count pass=0 window=2 ns_per_update=1906.5
COST d=8 m=4 n=136 arm=count pass=0 window=3 ns_per_update=1900.2
COST d=8 m=4 n=136 arm=count pass=0 window=4 ns_per_update=1898.7
COSTMED d=8 m=4 n=136 arm=count pass=0 median=1906.5
COST d=8 m=4 n=136 arm=chunk_solo pass=0 window=0 ns_per_update=10171.7
COST d=8 m=4 n=136 arm=chunk_solo pass=0 window=1 ns_per_update=10230.7
COST d=8 m=4 n=136 arm=chunk_solo pass=0 window=2 ns_per_update=10221.9
COST d=8 m=4 n=136 arm=chunk_solo pass=0 window=3 ns_per_update=9999.5
COST d=8 m=4 n=136 arm=chunk_solo pass=0 window=4 ns_per_update=10077.2
COSTMED d=8 m=4 n=136 arm=chunk_solo pass=0 median=10171.7
COST d=8 m=4 n=136 arm=chunk_shared pass=0 window=0 ns_per_update=8966.9
COST d=8 m=4 n=136 arm=chunk_shared pass=0 window=1 ns_per_update=8819.8
COST d=8 m=4 n=136 arm=chunk_shared pass=0 window=2 ns_per_update=9103.8
COST d=8 m=4 n=136 arm=chunk_shared pass=0 window=3 ns_per_update=9117.6
COST d=8 m=4 n=136 arm=chunk_shared pass=0 window=4 ns_per_update=9224.3
COSTMED d=8 m=4 n=136 arm=chunk_shared pass=0 median=9103.8
VERIFY d=8 m=6 expected=204 fwd=204 back=204 ok=true
COST d=8 m=6 n=204 arm=direct pass=0 window=0 ns_per_update=1913.4
COST d=8 m=6 n=204 arm=direct pass=0 window=1 ns_per_update=1905.3
COST d=8 m=6 n=204 arm=direct pass=0 window=2 ns_per_update=1901.7
COST d=8 m=6 n=204 arm=direct pass=0 window=3 ns_per_update=1907.2
COST d=8 m=6 n=204 arm=direct pass=0 window=4 ns_per_update=1919.8
COSTMED d=8 m=6 n=204 arm=direct pass=0 median=1907.2
COST d=8 m=6 n=204 arm=empty pass=0 window=0 ns_per_update=2334.8
COST d=8 m=6 n=204 arm=empty pass=0 window=1 ns_per_update=2315.1
COST d=8 m=6 n=204 arm=empty pass=0 window=2 ns_per_update=2360.3
COST d=8 m=6 n=204 arm=empty pass=0 window=3 ns_per_update=2299.2
COST d=8 m=6 n=204 arm=empty pass=0 window=4 ns_per_update=2354.3
COSTMED d=8 m=6 n=204 arm=empty pass=0 median=2334.8
COST d=8 m=6 n=204 arm=count pass=0 window=0 ns_per_update=2460.4
COST d=8 m=6 n=204 arm=count pass=0 window=1 ns_per_update=2425.9
COST d=8 m=6 n=204 arm=count pass=0 window=2 ns_per_update=2392.4
COST d=8 m=6 n=204 arm=count pass=0 window=3 ns_per_update=2365.1
COST d=8 m=6 n=204 arm=count pass=0 window=4 ns_per_update=2367.5
COSTMED d=8 m=6 n=204 arm=count pass=0 median=2392.4
COST d=8 m=6 n=204 arm=chunk_solo pass=0 window=0 ns_per_update=14469.6
COST d=8 m=6 n=204 arm=chunk_solo pass=0 window=1 ns_per_update=14380.0
COST d=8 m=6 n=204 arm=chunk_solo pass=0 window=2 ns_per_update=14603.4
COST d=8 m=6 n=204 arm=chunk_solo pass=0 window=3 ns_per_update=16610.0
COST d=8 m=6 n=204 arm=chunk_solo pass=0 window=4 ns_per_update=14503.5
COSTMED d=8 m=6 n=204 arm=chunk_solo pass=0 median=14503.5
COST d=8 m=6 n=204 arm=chunk_shared pass=0 window=0 ns_per_update=12306.6
COST d=8 m=6 n=204 arm=chunk_shared pass=0 window=1 ns_per_update=12588.5
COST d=8 m=6 n=204 arm=chunk_shared pass=0 window=2 ns_per_update=12570.6
COST d=8 m=6 n=204 arm=chunk_shared pass=0 window=3 ns_per_update=12434.1
COST d=8 m=6 n=204 arm=chunk_shared pass=0 window=4 ns_per_update=12347.8
COSTMED d=8 m=6 n=204 arm=chunk_shared pass=0 median=12434.1
VERIFY d=8 m=8 expected=272 fwd=272 back=272 ok=true
COST d=8 m=8 n=272 arm=direct pass=0 window=0 ns_per_update=2206.8
COST d=8 m=8 n=272 arm=direct pass=0 window=1 ns_per_update=2210.0
COST d=8 m=8 n=272 arm=direct pass=0 window=2 ns_per_update=2218.1
COST d=8 m=8 n=272 arm=direct pass=0 window=3 ns_per_update=2219.5
COST d=8 m=8 n=272 arm=direct pass=0 window=4 ns_per_update=2207.6
COSTMED d=8 m=8 n=272 arm=direct pass=0 median=2210.0
COST d=8 m=8 n=272 arm=empty pass=0 window=0 ns_per_update=2700.5
COST d=8 m=8 n=272 arm=empty pass=0 window=1 ns_per_update=2754.8
COST d=8 m=8 n=272 arm=empty pass=0 window=2 ns_per_update=2755.7
COST d=8 m=8 n=272 arm=empty pass=0 window=3 ns_per_update=2722.4
COST d=8 m=8 n=272 arm=empty pass=0 window=4 ns_per_update=2695.6
COSTMED d=8 m=8 n=272 arm=empty pass=0 median=2722.4
COST d=8 m=8 n=272 arm=count pass=0 window=0 ns_per_update=2800.7
COST d=8 m=8 n=272 arm=count pass=0 window=1 ns_per_update=2803.4
COST d=8 m=8 n=272 arm=count pass=0 window=2 ns_per_update=2921.2
COST d=8 m=8 n=272 arm=count pass=0 window=3 ns_per_update=2817.0
COST d=8 m=8 n=272 arm=count pass=0 window=4 ns_per_update=2828.0
COSTMED d=8 m=8 n=272 arm=count pass=0 median=2817.0
COST d=8 m=8 n=272 arm=chunk_solo pass=0 window=0 ns_per_update=18822.4
COST d=8 m=8 n=272 arm=chunk_solo pass=0 window=1 ns_per_update=19408.3
COST d=8 m=8 n=272 arm=chunk_solo pass=0 window=2 ns_per_update=19345.4
COST d=8 m=8 n=272 arm=chunk_solo pass=0 window=3 ns_per_update=18738.9
COST d=8 m=8 n=272 arm=chunk_solo pass=0 window=4 ns_per_update=19341.2
COSTMED d=8 m=8 n=272 arm=chunk_solo pass=0 median=19341.2
COST d=8 m=8 n=272 arm=chunk_shared pass=0 window=0 ns_per_update=16941.4
COST d=8 m=8 n=272 arm=chunk_shared pass=0 window=1 ns_per_update=17065.2
COST d=8 m=8 n=272 arm=chunk_shared pass=0 window=2 ns_per_update=17304.7
COST d=8 m=8 n=272 arm=chunk_shared pass=0 window=3 ns_per_update=16782.7
COST d=8 m=8 n=272 arm=chunk_shared pass=0 window=4 ns_per_update=17098.4
COSTMED d=8 m=8 n=272 arm=chunk_shared pass=0 median=17065.2
VERIFY d=8 m=12 expected=408 fwd=408 back=408 ok=true
COST d=8 m=12 n=408 arm=direct pass=0 window=0 ns_per_update=2764.5
COST d=8 m=12 n=408 arm=direct pass=0 window=1 ns_per_update=2786.0
COST d=8 m=12 n=408 arm=direct pass=0 window=2 ns_per_update=2800.5
COST d=8 m=12 n=408 arm=direct pass=0 window=3 ns_per_update=2795.1
COST d=8 m=12 n=408 arm=direct pass=0 window=4 ns_per_update=2759.4
COSTMED d=8 m=12 n=408 arm=direct pass=0 median=2786.0
COST d=8 m=12 n=408 arm=empty pass=0 window=0 ns_per_update=3549.9
COST d=8 m=12 n=408 arm=empty pass=0 window=1 ns_per_update=3515.9
COST d=8 m=12 n=408 arm=empty pass=0 window=2 ns_per_update=3548.1
COST d=8 m=12 n=408 arm=empty pass=0 window=3 ns_per_update=3652.0
COST d=8 m=12 n=408 arm=empty pass=0 window=4 ns_per_update=3573.4
COSTMED d=8 m=12 n=408 arm=empty pass=0 median=3549.9
COST d=8 m=12 n=408 arm=count pass=0 window=0 ns_per_update=3679.0
COST d=8 m=12 n=408 arm=count pass=0 window=1 ns_per_update=4679.2
COST d=8 m=12 n=408 arm=count pass=0 window=2 ns_per_update=3667.6
COST d=8 m=12 n=408 arm=count pass=0 window=3 ns_per_update=3710.4
COST d=8 m=12 n=408 arm=count pass=0 window=4 ns_per_update=3687.2
COSTMED d=8 m=12 n=408 arm=count pass=0 median=3687.2
COST d=8 m=12 n=408 arm=chunk_solo pass=0 window=0 ns_per_update=27780.9
COST d=8 m=12 n=408 arm=chunk_solo pass=0 window=1 ns_per_update=28347.5
COST d=8 m=12 n=408 arm=chunk_solo pass=0 window=2 ns_per_update=28255.6
COST d=8 m=12 n=408 arm=chunk_solo pass=0 window=3 ns_per_update=28745.0
COST d=8 m=12 n=408 arm=chunk_solo pass=0 window=4 ns_per_update=28619.8
COSTMED d=8 m=12 n=408 arm=chunk_solo pass=0 median=28347.5
COST d=8 m=12 n=408 arm=chunk_shared pass=0 window=0 ns_per_update=23929.8
COST d=8 m=12 n=408 arm=chunk_shared pass=0 window=1 ns_per_update=24643.5
COST d=8 m=12 n=408 arm=chunk_shared pass=0 window=2 ns_per_update=24903.0
COST d=8 m=12 n=408 arm=chunk_shared pass=0 window=3 ns_per_update=24395.9
COST d=8 m=12 n=408 arm=chunk_shared pass=0 window=4 ns_per_update=24834.0
COSTMED d=8 m=12 n=408 arm=chunk_shared pass=0 median=24643.5
VERIFY d=16 m=1 expected=66 fwd=66 back=66 ok=true
COST d=16 m=1 n=66 arm=direct pass=0 window=0 ns_per_update=1387.7
COST d=16 m=1 n=66 arm=direct pass=0 window=1 ns_per_update=1362.5
COST d=16 m=1 n=66 arm=direct pass=0 window=2 ns_per_update=1339.9
COST d=16 m=1 n=66 arm=direct pass=0 window=3 ns_per_update=1341.8
COST d=16 m=1 n=66 arm=direct pass=0 window=4 ns_per_update=1322.6
COSTMED d=16 m=1 n=66 arm=direct pass=0 median=1341.8
COST d=16 m=1 n=66 arm=empty pass=0 window=0 ns_per_update=1497.8
COST d=16 m=1 n=66 arm=empty pass=0 window=1 ns_per_update=1506.7
COST d=16 m=1 n=66 arm=empty pass=0 window=2 ns_per_update=1495.0
COST d=16 m=1 n=66 arm=empty pass=0 window=3 ns_per_update=1495.3
COST d=16 m=1 n=66 arm=empty pass=0 window=4 ns_per_update=1493.8
COSTMED d=16 m=1 n=66 arm=empty pass=0 median=1495.3
COST d=16 m=1 n=66 arm=count pass=0 window=0 ns_per_update=1531.2
COST d=16 m=1 n=66 arm=count pass=0 window=1 ns_per_update=1502.5
COST d=16 m=1 n=66 arm=count pass=0 window=2 ns_per_update=1510.3
COST d=16 m=1 n=66 arm=count pass=0 window=3 ns_per_update=1505.2
COST d=16 m=1 n=66 arm=count pass=0 window=4 ns_per_update=1509.3
COSTMED d=16 m=1 n=66 arm=count pass=0 median=1509.3
COST d=16 m=1 n=66 arm=chunk_solo pass=0 window=0 ns_per_update=5763.6
COST d=16 m=1 n=66 arm=chunk_solo pass=0 window=1 ns_per_update=5543.3
COST d=16 m=1 n=66 arm=chunk_solo pass=0 window=2 ns_per_update=5592.1
COST d=16 m=1 n=66 arm=chunk_solo pass=0 window=3 ns_per_update=5775.3
COST d=16 m=1 n=66 arm=chunk_solo pass=0 window=4 ns_per_update=5811.1
COSTMED d=16 m=1 n=66 arm=chunk_solo pass=0 median=5763.6
COST d=16 m=1 n=66 arm=chunk_shared pass=0 window=0 ns_per_update=5054.7
COST d=16 m=1 n=66 arm=chunk_shared pass=0 window=1 ns_per_update=5004.6
COST d=16 m=1 n=66 arm=chunk_shared pass=0 window=2 ns_per_update=4872.7
COST d=16 m=1 n=66 arm=chunk_shared pass=0 window=3 ns_per_update=4864.8
COST d=16 m=1 n=66 arm=chunk_shared pass=0 window=4 ns_per_update=5014.0
COSTMED d=16 m=1 n=66 arm=chunk_shared pass=0 median=5004.6
VERIFY d=16 m=2 expected=132 fwd=132 back=132 ok=true
COST d=16 m=2 n=132 arm=direct pass=0 window=0 ns_per_update=1631.4
COST d=16 m=2 n=132 arm=direct pass=0 window=1 ns_per_update=1596.3
COST d=16 m=2 n=132 arm=direct pass=0 window=2 ns_per_update=1614.0
COST d=16 m=2 n=132 arm=direct pass=0 window=3 ns_per_update=1595.2
COST d=16 m=2 n=132 arm=direct pass=0 window=4 ns_per_update=1592.7
COSTMED d=16 m=2 n=132 arm=direct pass=0 median=1596.3
COST d=16 m=2 n=132 arm=empty pass=0 window=0 ns_per_update=1919.3
COST d=16 m=2 n=132 arm=empty pass=0 window=1 ns_per_update=1876.2
COST d=16 m=2 n=132 arm=empty pass=0 window=2 ns_per_update=1883.2
COST d=16 m=2 n=132 arm=empty pass=0 window=3 ns_per_update=1897.6
COST d=16 m=2 n=132 arm=empty pass=0 window=4 ns_per_update=1885.7
COSTMED d=16 m=2 n=132 arm=empty pass=0 median=1885.7
COST d=16 m=2 n=132 arm=count pass=0 window=0 ns_per_update=1928.1
COST d=16 m=2 n=132 arm=count pass=0 window=1 ns_per_update=1935.9
COST d=16 m=2 n=132 arm=count pass=0 window=2 ns_per_update=1976.2
COST d=16 m=2 n=132 arm=count pass=0 window=3 ns_per_update=1931.2
COST d=16 m=2 n=132 arm=count pass=0 window=4 ns_per_update=1970.1
COSTMED d=16 m=2 n=132 arm=count pass=0 median=1935.9
COST d=16 m=2 n=132 arm=chunk_solo pass=0 window=0 ns_per_update=9982.6
COST d=16 m=2 n=132 arm=chunk_solo pass=0 window=1 ns_per_update=9909.9
COST d=16 m=2 n=132 arm=chunk_solo pass=0 window=2 ns_per_update=10129.7
COST d=16 m=2 n=132 arm=chunk_solo pass=0 window=3 ns_per_update=10070.5
COST d=16 m=2 n=132 arm=chunk_solo pass=0 window=4 ns_per_update=10022.1
COSTMED d=16 m=2 n=132 arm=chunk_solo pass=0 median=10022.1
COST d=16 m=2 n=132 arm=chunk_shared pass=0 window=0 ns_per_update=8698.4
COST d=16 m=2 n=132 arm=chunk_shared pass=0 window=1 ns_per_update=8577.7
COST d=16 m=2 n=132 arm=chunk_shared pass=0 window=2 ns_per_update=8502.9
COST d=16 m=2 n=132 arm=chunk_shared pass=0 window=3 ns_per_update=8525.6
COST d=16 m=2 n=132 arm=chunk_shared pass=0 window=4 ns_per_update=8354.2
COSTMED d=16 m=2 n=132 arm=chunk_shared pass=0 median=8525.6
VERIFY d=16 m=4 expected=264 fwd=264 back=264 ok=true
COST d=16 m=4 n=264 arm=direct pass=0 window=0 ns_per_update=2130.5
COST d=16 m=4 n=264 arm=direct pass=0 window=1 ns_per_update=2133.7
COST d=16 m=4 n=264 arm=direct pass=0 window=2 ns_per_update=2166.4
COST d=16 m=4 n=264 arm=direct pass=0 window=3 ns_per_update=2167.0
COST d=16 m=4 n=264 arm=direct pass=0 window=4 ns_per_update=2200.1
COSTMED d=16 m=4 n=264 arm=direct pass=0 median=2166.4
COST d=16 m=4 n=264 arm=empty pass=0 window=0 ns_per_update=2673.5
COST d=16 m=4 n=264 arm=empty pass=0 window=1 ns_per_update=2703.6
COST d=16 m=4 n=264 arm=empty pass=0 window=2 ns_per_update=2713.0
COST d=16 m=4 n=264 arm=empty pass=0 window=3 ns_per_update=2726.1
COST d=16 m=4 n=264 arm=empty pass=0 window=4 ns_per_update=2661.0
COSTMED d=16 m=4 n=264 arm=empty pass=0 median=2703.6
COST d=16 m=4 n=264 arm=count pass=0 window=0 ns_per_update=2761.9
COST d=16 m=4 n=264 arm=count pass=0 window=1 ns_per_update=2823.3
COST d=16 m=4 n=264 arm=count pass=0 window=2 ns_per_update=2757.0
COST d=16 m=4 n=264 arm=count pass=0 window=3 ns_per_update=2834.5
COST d=16 m=4 n=264 arm=count pass=0 window=4 ns_per_update=2804.3
COSTMED d=16 m=4 n=264 arm=count pass=0 median=2804.3
COST d=16 m=4 n=264 arm=chunk_solo pass=0 window=0 ns_per_update=19311.1
COST d=16 m=4 n=264 arm=chunk_solo pass=0 window=1 ns_per_update=19693.9
COST d=16 m=4 n=264 arm=chunk_solo pass=0 window=2 ns_per_update=19672.3
COST d=16 m=4 n=264 arm=chunk_solo pass=0 window=3 ns_per_update=19101.9
COST d=16 m=4 n=264 arm=chunk_solo pass=0 window=4 ns_per_update=19740.7
COSTMED d=16 m=4 n=264 arm=chunk_solo pass=0 median=19672.3
COST d=16 m=4 n=264 arm=chunk_shared pass=0 window=0 ns_per_update=17444.9
COST d=16 m=4 n=264 arm=chunk_shared pass=0 window=1 ns_per_update=17567.4
COST d=16 m=4 n=264 arm=chunk_shared pass=0 window=2 ns_per_update=17657.8
COST d=16 m=4 n=264 arm=chunk_shared pass=0 window=3 ns_per_update=17316.0
COST d=16 m=4 n=264 arm=chunk_shared pass=0 window=4 ns_per_update=18801.3
COSTMED d=16 m=4 n=264 arm=chunk_shared pass=0 median=17567.4
VERIFY d=16 m=8 expected=528 fwd=528 back=528 ok=true
COST d=16 m=8 n=528 arm=direct pass=0 window=0 ns_per_update=3427.8
COST d=16 m=8 n=528 arm=direct pass=0 window=1 ns_per_update=3277.0
COST d=16 m=8 n=528 arm=direct pass=0 window=2 ns_per_update=3334.8
COST d=16 m=8 n=528 arm=direct pass=0 window=3 ns_per_update=3358.7
COST d=16 m=8 n=528 arm=direct pass=0 window=4 ns_per_update=3293.1
COSTMED d=16 m=8 n=528 arm=direct pass=0 median=3334.8
COST d=16 m=8 n=528 arm=empty pass=0 window=0 ns_per_update=4453.3
COST d=16 m=8 n=528 arm=empty pass=0 window=1 ns_per_update=4341.9
COST d=16 m=8 n=528 arm=empty pass=0 window=2 ns_per_update=4361.8
COST d=16 m=8 n=528 arm=empty pass=0 window=3 ns_per_update=4353.2
COST d=16 m=8 n=528 arm=empty pass=0 window=4 ns_per_update=4371.2
COSTMED d=16 m=8 n=528 arm=empty pass=0 median=4361.8
COST d=16 m=8 n=528 arm=count pass=0 window=0 ns_per_update=4517.0
COST d=16 m=8 n=528 arm=count pass=0 window=1 ns_per_update=4516.3
COST d=16 m=8 n=528 arm=count pass=0 window=2 ns_per_update=4770.4
COST d=16 m=8 n=528 arm=count pass=0 window=3 ns_per_update=4620.3
COST d=16 m=8 n=528 arm=count pass=0 window=4 ns_per_update=4576.3
COSTMED d=16 m=8 n=528 arm=count pass=0 median=4576.3
COST d=16 m=8 n=528 arm=chunk_solo pass=0 window=0 ns_per_update=37085.5
COST d=16 m=8 n=528 arm=chunk_solo pass=0 window=1 ns_per_update=36917.1
COST d=16 m=8 n=528 arm=chunk_solo pass=0 window=2 ns_per_update=38509.1
COST d=16 m=8 n=528 arm=chunk_solo pass=0 window=3 ns_per_update=37889.6
COST d=16 m=8 n=528 arm=chunk_solo pass=0 window=4 ns_per_update=37065.5
COSTMED d=16 m=8 n=528 arm=chunk_solo pass=0 median=37085.5
COST d=16 m=8 n=528 arm=chunk_shared pass=0 window=0 ns_per_update=33098.1
COST d=16 m=8 n=528 arm=chunk_shared pass=0 window=1 ns_per_update=33001.0
COST d=16 m=8 n=528 arm=chunk_shared pass=0 window=2 ns_per_update=32858.9
COST d=16 m=8 n=528 arm=chunk_shared pass=0 window=3 ns_per_update=34095.8
COST d=16 m=8 n=528 arm=chunk_shared pass=0 window=4 ns_per_update=33289.2
COSTMED d=16 m=8 n=528 arm=chunk_shared pass=0 median=33098.1
VERIFY d=8 m=12 expected=408 fwd=408 back=408 ok=true
COST d=8 m=12 n=408 arm=chunk_shared pass=1 window=0 ns_per_update=23901.2
COST d=8 m=12 n=408 arm=chunk_shared pass=1 window=1 ns_per_update=25561.6
COST d=8 m=12 n=408 arm=chunk_shared pass=1 window=2 ns_per_update=24785.5
COST d=8 m=12 n=408 arm=chunk_shared pass=1 window=3 ns_per_update=24499.9
COST d=8 m=12 n=408 arm=chunk_shared pass=1 window=4 ns_per_update=24966.1
COSTMED d=8 m=12 n=408 arm=chunk_shared pass=1 median=24785.5
COST d=8 m=12 n=408 arm=chunk_solo pass=1 window=0 ns_per_update=27874.9
COST d=8 m=12 n=408 arm=chunk_solo pass=1 window=1 ns_per_update=28419.5
COST d=8 m=12 n=408 arm=chunk_solo pass=1 window=2 ns_per_update=28194.1
COST d=8 m=12 n=408 arm=chunk_solo pass=1 window=3 ns_per_update=28200.8
COST d=8 m=12 n=408 arm=chunk_solo pass=1 window=4 ns_per_update=28803.7
COSTMED d=8 m=12 n=408 arm=chunk_solo pass=1 median=28200.8
COST d=8 m=12 n=408 arm=count pass=1 window=0 ns_per_update=3873.1
COST d=8 m=12 n=408 arm=count pass=1 window=1 ns_per_update=3733.2
COST d=8 m=12 n=408 arm=count pass=1 window=2 ns_per_update=3733.2
COST d=8 m=12 n=408 arm=count pass=1 window=3 ns_per_update=3708.9
COST d=8 m=12 n=408 arm=count pass=1 window=4 ns_per_update=3776.8
COSTMED d=8 m=12 n=408 arm=count pass=1 median=3733.2
COST d=8 m=12 n=408 arm=empty pass=1 window=0 ns_per_update=3692.9
COST d=8 m=12 n=408 arm=empty pass=1 window=1 ns_per_update=3892.6
COST d=8 m=12 n=408 arm=empty pass=1 window=2 ns_per_update=3611.9
COST d=8 m=12 n=408 arm=empty pass=1 window=3 ns_per_update=3619.7
COST d=8 m=12 n=408 arm=empty pass=1 window=4 ns_per_update=3576.7
COSTMED d=8 m=12 n=408 arm=empty pass=1 median=3619.7
COST d=8 m=12 n=408 arm=direct pass=1 window=0 ns_per_update=2773.2
COST d=8 m=12 n=408 arm=direct pass=1 window=1 ns_per_update=2776.6
COST d=8 m=12 n=408 arm=direct pass=1 window=2 ns_per_update=2788.0
COST d=8 m=12 n=408 arm=direct pass=1 window=3 ns_per_update=2784.5
COST d=8 m=12 n=408 arm=direct pass=1 window=4 ns_per_update=2887.7
COSTMED d=8 m=12 n=408 arm=direct pass=1 median=2784.5
VERIFY d=8 m=8 expected=272 fwd=272 back=272 ok=true
COST d=8 m=8 n=272 arm=chunk_shared pass=1 window=0 ns_per_update=16294.2
COST d=8 m=8 n=272 arm=chunk_shared pass=1 window=1 ns_per_update=16348.3
COST d=8 m=8 n=272 arm=chunk_shared pass=1 window=2 ns_per_update=15912.9
COST d=8 m=8 n=272 arm=chunk_shared pass=1 window=3 ns_per_update=16265.6
COST d=8 m=8 n=272 arm=chunk_shared pass=1 window=4 ns_per_update=17028.0
COSTMED d=8 m=8 n=272 arm=chunk_shared pass=1 median=16294.2
COST d=8 m=8 n=272 arm=chunk_solo pass=1 window=0 ns_per_update=18969.2
COST d=8 m=8 n=272 arm=chunk_solo pass=1 window=1 ns_per_update=19163.2
COST d=8 m=8 n=272 arm=chunk_solo pass=1 window=2 ns_per_update=18585.8
COST d=8 m=8 n=272 arm=chunk_solo pass=1 window=3 ns_per_update=19199.5
COST d=8 m=8 n=272 arm=chunk_solo pass=1 window=4 ns_per_update=19626.1
COSTMED d=8 m=8 n=272 arm=chunk_solo pass=1 median=19163.2
COST d=8 m=8 n=272 arm=count pass=1 window=0 ns_per_update=2869.0
COST d=8 m=8 n=272 arm=count pass=1 window=1 ns_per_update=2862.1
COST d=8 m=8 n=272 arm=count pass=1 window=2 ns_per_update=2871.0
COST d=8 m=8 n=272 arm=count pass=1 window=3 ns_per_update=2863.3
COST d=8 m=8 n=272 arm=count pass=1 window=4 ns_per_update=2874.5
COSTMED d=8 m=8 n=272 arm=count pass=1 median=2869.0
COST d=8 m=8 n=272 arm=empty pass=1 window=0 ns_per_update=2784.5
COST d=8 m=8 n=272 arm=empty pass=1 window=1 ns_per_update=2780.6
COST d=8 m=8 n=272 arm=empty pass=1 window=2 ns_per_update=2777.3
COST d=8 m=8 n=272 arm=empty pass=1 window=3 ns_per_update=2757.7
COST d=8 m=8 n=272 arm=empty pass=1 window=4 ns_per_update=2772.1
COSTMED d=8 m=8 n=272 arm=empty pass=1 median=2777.3
COST d=8 m=8 n=272 arm=direct pass=1 window=0 ns_per_update=2252.2
COST d=8 m=8 n=272 arm=direct pass=1 window=1 ns_per_update=2241.9
COST d=8 m=8 n=272 arm=direct pass=1 window=2 ns_per_update=2243.9
COST d=8 m=8 n=272 arm=direct pass=1 window=3 ns_per_update=2245.5
COST d=8 m=8 n=272 arm=direct pass=1 window=4 ns_per_update=2233.4
COSTMED d=8 m=8 n=272 arm=direct pass=1 median=2243.9
VERIFY d=8 m=6 expected=204 fwd=204 back=204 ok=true
COST d=8 m=6 n=204 arm=chunk_shared pass=1 window=0 ns_per_update=12322.6
COST d=8 m=6 n=204 arm=chunk_shared pass=1 window=1 ns_per_update=12437.0
COST d=8 m=6 n=204 arm=chunk_shared pass=1 window=2 ns_per_update=12415.1
COST d=8 m=6 n=204 arm=chunk_shared pass=1 window=3 ns_per_update=12107.6
COST d=8 m=6 n=204 arm=chunk_shared pass=1 window=4 ns_per_update=12427.5
COSTMED d=8 m=6 n=204 arm=chunk_shared pass=1 median=12415.1
COST d=8 m=6 n=204 arm=chunk_solo pass=1 window=0 ns_per_update=15949.3
COST d=8 m=6 n=204 arm=chunk_solo pass=1 window=1 ns_per_update=14609.3
COST d=8 m=6 n=204 arm=chunk_solo pass=1 window=2 ns_per_update=14176.0
COST d=8 m=6 n=204 arm=chunk_solo pass=1 window=3 ns_per_update=14474.8
COST d=8 m=6 n=204 arm=chunk_solo pass=1 window=4 ns_per_update=14528.4
COSTMED d=8 m=6 n=204 arm=chunk_solo pass=1 median=14528.4
COST d=8 m=6 n=204 arm=count pass=1 window=0 ns_per_update=2456.9
COST d=8 m=6 n=204 arm=count pass=1 window=1 ns_per_update=2450.6
COST d=8 m=6 n=204 arm=count pass=1 window=2 ns_per_update=2459.9
COST d=8 m=6 n=204 arm=count pass=1 window=3 ns_per_update=2452.6
COST d=8 m=6 n=204 arm=count pass=1 window=4 ns_per_update=2445.4
COSTMED d=8 m=6 n=204 arm=count pass=1 median=2452.6
COST d=8 m=6 n=204 arm=empty pass=1 window=0 ns_per_update=2389.9
COST d=8 m=6 n=204 arm=empty pass=1 window=1 ns_per_update=2640.7
COST d=8 m=6 n=204 arm=empty pass=1 window=2 ns_per_update=2377.1
COST d=8 m=6 n=204 arm=empty pass=1 window=3 ns_per_update=2408.7
COST d=8 m=6 n=204 arm=empty pass=1 window=4 ns_per_update=2386.5
COSTMED d=8 m=6 n=204 arm=empty pass=1 median=2389.9
COST d=8 m=6 n=204 arm=direct pass=1 window=0 ns_per_update=2021.2
COST d=8 m=6 n=204 arm=direct pass=1 window=1 ns_per_update=2007.8
COST d=8 m=6 n=204 arm=direct pass=1 window=2 ns_per_update=1943.1
COST d=8 m=6 n=204 arm=direct pass=1 window=3 ns_per_update=1946.4
COST d=8 m=6 n=204 arm=direct pass=1 window=4 ns_per_update=1935.8
COSTMED d=8 m=6 n=204 arm=direct pass=1 median=1946.4
VERIFY d=8 m=4 expected=136 fwd=136 back=136 ok=true
COST d=8 m=4 n=136 arm=chunk_shared pass=1 window=0 ns_per_update=8716.4
COST d=8 m=4 n=136 arm=chunk_shared pass=1 window=1 ns_per_update=8727.4
COST d=8 m=4 n=136 arm=chunk_shared pass=1 window=2 ns_per_update=8723.4
COST d=8 m=4 n=136 arm=chunk_shared pass=1 window=3 ns_per_update=8406.6
COST d=8 m=4 n=136 arm=chunk_shared pass=1 window=4 ns_per_update=8740.4
COSTMED d=8 m=4 n=136 arm=chunk_shared pass=1 median=8723.4
COST d=8 m=4 n=136 arm=chunk_solo pass=1 window=0 ns_per_update=9883.4
COST d=8 m=4 n=136 arm=chunk_solo pass=1 window=1 ns_per_update=9952.0
COST d=8 m=4 n=136 arm=chunk_solo pass=1 window=2 ns_per_update=10134.8
COST d=8 m=4 n=136 arm=chunk_solo pass=1 window=3 ns_per_update=10117.6
COST d=8 m=4 n=136 arm=chunk_solo pass=1 window=4 ns_per_update=10216.9
COSTMED d=8 m=4 n=136 arm=chunk_solo pass=1 median=10117.6
COST d=8 m=4 n=136 arm=count pass=1 window=0 ns_per_update=2019.6
COST d=8 m=4 n=136 arm=count pass=1 window=1 ns_per_update=2006.0
COST d=8 m=4 n=136 arm=count pass=1 window=2 ns_per_update=2002.5
COST d=8 m=4 n=136 arm=count pass=1 window=3 ns_per_update=2162.8
COST d=8 m=4 n=136 arm=count pass=1 window=4 ns_per_update=2009.3
COSTMED d=8 m=4 n=136 arm=count pass=1 median=2009.3
COST d=8 m=4 n=136 arm=empty pass=1 window=0 ns_per_update=1971.8
COST d=8 m=4 n=136 arm=empty pass=1 window=1 ns_per_update=1972.3
COST d=8 m=4 n=136 arm=empty pass=1 window=2 ns_per_update=2075.0
COST d=8 m=4 n=136 arm=empty pass=1 window=3 ns_per_update=1966.4
COST d=8 m=4 n=136 arm=empty pass=1 window=4 ns_per_update=2006.1
COSTMED d=8 m=4 n=136 arm=empty pass=1 median=1972.3
COST d=8 m=4 n=136 arm=direct pass=1 window=0 ns_per_update=1697.2
COST d=8 m=4 n=136 arm=direct pass=1 window=1 ns_per_update=1694.5
COST d=8 m=4 n=136 arm=direct pass=1 window=2 ns_per_update=1834.5
COST d=8 m=4 n=136 arm=direct pass=1 window=3 ns_per_update=1695.2
COST d=8 m=4 n=136 arm=direct pass=1 window=4 ns_per_update=1693.6
COSTMED d=8 m=4 n=136 arm=direct pass=1 median=1695.2
VERIFY d=8 m=3 expected=102 fwd=102 back=102 ok=true
COST d=8 m=3 n=102 arm=chunk_shared pass=1 window=0 ns_per_update=7031.0
COST d=8 m=3 n=102 arm=chunk_shared pass=1 window=1 ns_per_update=6947.7
COST d=8 m=3 n=102 arm=chunk_shared pass=1 window=2 ns_per_update=6945.7
COST d=8 m=3 n=102 arm=chunk_shared pass=1 window=3 ns_per_update=7013.6
COST d=8 m=3 n=102 arm=chunk_shared pass=1 window=4 ns_per_update=6851.3
COSTMED d=8 m=3 n=102 arm=chunk_shared pass=1 median=6947.7
COST d=8 m=3 n=102 arm=chunk_solo pass=1 window=0 ns_per_update=8120.1
COST d=8 m=3 n=102 arm=chunk_solo pass=1 window=1 ns_per_update=8087.8
COST d=8 m=3 n=102 arm=chunk_solo pass=1 window=2 ns_per_update=8723.6
COST d=8 m=3 n=102 arm=chunk_solo pass=1 window=3 ns_per_update=7693.1
COST d=8 m=3 n=102 arm=chunk_solo pass=1 window=4 ns_per_update=8053.4
COSTMED d=8 m=3 n=102 arm=chunk_solo pass=1 median=8087.8
COST d=8 m=3 n=102 arm=count pass=1 window=0 ns_per_update=1803.0
COST d=8 m=3 n=102 arm=count pass=1 window=1 ns_per_update=1796.5
COST d=8 m=3 n=102 arm=count pass=1 window=2 ns_per_update=1802.3
COST d=8 m=3 n=102 arm=count pass=1 window=3 ns_per_update=1807.7
COST d=8 m=3 n=102 arm=count pass=1 window=4 ns_per_update=1831.1
COSTMED d=8 m=3 n=102 arm=count pass=1 median=1803.0
COST d=8 m=3 n=102 arm=empty pass=1 window=0 ns_per_update=1769.2
COST d=8 m=3 n=102 arm=empty pass=1 window=1 ns_per_update=1795.7
COST d=8 m=3 n=102 arm=empty pass=1 window=2 ns_per_update=1771.1
COST d=8 m=3 n=102 arm=empty pass=1 window=3 ns_per_update=1766.6
COST d=8 m=3 n=102 arm=empty pass=1 window=4 ns_per_update=1790.5
COSTMED d=8 m=3 n=102 arm=empty pass=1 median=1771.1
COST d=8 m=3 n=102 arm=direct pass=1 window=0 ns_per_update=1547.1
COST d=8 m=3 n=102 arm=direct pass=1 window=1 ns_per_update=1539.6
COST d=8 m=3 n=102 arm=direct pass=1 window=2 ns_per_update=1538.1
COST d=8 m=3 n=102 arm=direct pass=1 window=3 ns_per_update=1539.4
COST d=8 m=3 n=102 arm=direct pass=1 window=4 ns_per_update=1539.4
COSTMED d=8 m=3 n=102 arm=direct pass=1 median=1539.4
VERIFY d=8 m=2 expected=68 fwd=68 back=68 ok=true
COST d=8 m=2 n=68 arm=chunk_shared pass=1 window=0 ns_per_update=4971.5
COST d=8 m=2 n=68 arm=chunk_shared pass=1 window=1 ns_per_update=5002.7
COST d=8 m=2 n=68 arm=chunk_shared pass=1 window=2 ns_per_update=4960.1
COST d=8 m=2 n=68 arm=chunk_shared pass=1 window=3 ns_per_update=4947.5
COST d=8 m=2 n=68 arm=chunk_shared pass=1 window=4 ns_per_update=4883.4
COSTMED d=8 m=2 n=68 arm=chunk_shared pass=1 median=4960.1
COST d=8 m=2 n=68 arm=chunk_solo pass=1 window=0 ns_per_update=5772.8
COST d=8 m=2 n=68 arm=chunk_solo pass=1 window=1 ns_per_update=5792.0
COST d=8 m=2 n=68 arm=chunk_solo pass=1 window=2 ns_per_update=5794.6
COST d=8 m=2 n=68 arm=chunk_solo pass=1 window=3 ns_per_update=5776.5
COST d=8 m=2 n=68 arm=chunk_solo pass=1 window=4 ns_per_update=5777.1
COSTMED d=8 m=2 n=68 arm=chunk_solo pass=1 median=5777.1
COST d=8 m=2 n=68 arm=count pass=1 window=0 ns_per_update=1595.2
COST d=8 m=2 n=68 arm=count pass=1 window=1 ns_per_update=1579.8
COST d=8 m=2 n=68 arm=count pass=1 window=2 ns_per_update=1576.3
COST d=8 m=2 n=68 arm=count pass=1 window=3 ns_per_update=1590.6
COST d=8 m=2 n=68 arm=count pass=1 window=4 ns_per_update=1610.4
COSTMED d=8 m=2 n=68 arm=count pass=1 median=1590.6
COST d=8 m=2 n=68 arm=empty pass=1 window=0 ns_per_update=1570.2
COST d=8 m=2 n=68 arm=empty pass=1 window=1 ns_per_update=1566.9
COST d=8 m=2 n=68 arm=empty pass=1 window=2 ns_per_update=1564.4
COST d=8 m=2 n=68 arm=empty pass=1 window=3 ns_per_update=1593.8
COST d=8 m=2 n=68 arm=empty pass=1 window=4 ns_per_update=1565.6
COSTMED d=8 m=2 n=68 arm=empty pass=1 median=1566.9
COST d=8 m=2 n=68 arm=direct pass=1 window=0 ns_per_update=1420.4
COST d=8 m=2 n=68 arm=direct pass=1 window=1 ns_per_update=1430.8
COST d=8 m=2 n=68 arm=direct pass=1 window=2 ns_per_update=1413.5
COST d=8 m=2 n=68 arm=direct pass=1 window=3 ns_per_update=1401.6
COST d=8 m=2 n=68 arm=direct pass=1 window=4 ns_per_update=1400.7
COSTMED d=8 m=2 n=68 arm=direct pass=1 median=1413.5
VERIFY d=8 m=1 expected=34 fwd=34 back=34 ok=true
COST d=8 m=1 n=34 arm=chunk_shared pass=1 window=0 ns_per_update=3110.4
COST d=8 m=1 n=34 arm=chunk_shared pass=1 window=1 ns_per_update=3013.4
COST d=8 m=1 n=34 arm=chunk_shared pass=1 window=2 ns_per_update=2989.3
COST d=8 m=1 n=34 arm=chunk_shared pass=1 window=3 ns_per_update=2982.7
COST d=8 m=1 n=34 arm=chunk_shared pass=1 window=4 ns_per_update=3008.7
COSTMED d=8 m=1 n=34 arm=chunk_shared pass=1 median=3008.7
COST d=8 m=1 n=34 arm=chunk_solo pass=1 window=0 ns_per_update=3432.4
COST d=8 m=1 n=34 arm=chunk_solo pass=1 window=1 ns_per_update=3441.1
COST d=8 m=1 n=34 arm=chunk_solo pass=1 window=2 ns_per_update=3457.6
COST d=8 m=1 n=34 arm=chunk_solo pass=1 window=3 ns_per_update=3446.6
COST d=8 m=1 n=34 arm=chunk_solo pass=1 window=4 ns_per_update=3433.6
COSTMED d=8 m=1 n=34 arm=chunk_solo pass=1 median=3441.1
COST d=8 m=1 n=34 arm=count pass=1 window=0 ns_per_update=1365.3
COST d=8 m=1 n=34 arm=count pass=1 window=1 ns_per_update=1372.3
COST d=8 m=1 n=34 arm=count pass=1 window=2 ns_per_update=1366.5
COST d=8 m=1 n=34 arm=count pass=1 window=3 ns_per_update=1364.6
COST d=8 m=1 n=34 arm=count pass=1 window=4 ns_per_update=1367.2
COSTMED d=8 m=1 n=34 arm=count pass=1 median=1366.5
COST d=8 m=1 n=34 arm=empty pass=1 window=0 ns_per_update=1352.2
COST d=8 m=1 n=34 arm=empty pass=1 window=1 ns_per_update=1354.1
COST d=8 m=1 n=34 arm=empty pass=1 window=2 ns_per_update=1355.4
COST d=8 m=1 n=34 arm=empty pass=1 window=3 ns_per_update=1361.9
COST d=8 m=1 n=34 arm=empty pass=1 window=4 ns_per_update=1358.4
COSTMED d=8 m=1 n=34 arm=empty pass=1 median=1355.4
COST d=8 m=1 n=34 arm=direct pass=1 window=0 ns_per_update=1267.2
COST d=8 m=1 n=34 arm=direct pass=1 window=1 ns_per_update=1266.9
COST d=8 m=1 n=34 arm=direct pass=1 window=2 ns_per_update=1265.9
COST d=8 m=1 n=34 arm=direct pass=1 window=3 ns_per_update=1268.1
COST d=8 m=1 n=34 arm=direct pass=1 window=4 ns_per_update=1274.2
COSTMED d=8 m=1 n=34 arm=direct pass=1 median=1267.2
VERIFY d=16 m=8 expected=528 fwd=528 back=528 ok=true
COST d=16 m=8 n=528 arm=chunk_shared pass=1 window=0 ns_per_update=32754.8
COST d=16 m=8 n=528 arm=chunk_shared pass=1 window=1 ns_per_update=32797.4
COST d=16 m=8 n=528 arm=chunk_shared pass=1 window=2 ns_per_update=33651.4
COST d=16 m=8 n=528 arm=chunk_shared pass=1 window=3 ns_per_update=33155.0
COST d=16 m=8 n=528 arm=chunk_shared pass=1 window=4 ns_per_update=33232.8
COSTMED d=16 m=8 n=528 arm=chunk_shared pass=1 median=33155.0
COST d=16 m=8 n=528 arm=chunk_solo pass=1 window=0 ns_per_update=37343.2
COST d=16 m=8 n=528 arm=chunk_solo pass=1 window=1 ns_per_update=36907.8
COST d=16 m=8 n=528 arm=chunk_solo pass=1 window=2 ns_per_update=36924.9
COST d=16 m=8 n=528 arm=chunk_solo pass=1 window=3 ns_per_update=38802.1
COST d=16 m=8 n=528 arm=chunk_solo pass=1 window=4 ns_per_update=37324.8
COSTMED d=16 m=8 n=528 arm=chunk_solo pass=1 median=37324.8
COST d=16 m=8 n=528 arm=count pass=1 window=0 ns_per_update=4475.0
COST d=16 m=8 n=528 arm=count pass=1 window=1 ns_per_update=4545.3
COST d=16 m=8 n=528 arm=count pass=1 window=2 ns_per_update=4558.5
COST d=16 m=8 n=528 arm=count pass=1 window=3 ns_per_update=4494.8
COST d=16 m=8 n=528 arm=count pass=1 window=4 ns_per_update=4516.7
COSTMED d=16 m=8 n=528 arm=count pass=1 median=4516.7
COST d=16 m=8 n=528 arm=empty pass=1 window=0 ns_per_update=4364.1
COST d=16 m=8 n=528 arm=empty pass=1 window=1 ns_per_update=4297.1
COST d=16 m=8 n=528 arm=empty pass=1 window=2 ns_per_update=4294.5
COST d=16 m=8 n=528 arm=empty pass=1 window=3 ns_per_update=4304.4
COST d=16 m=8 n=528 arm=empty pass=1 window=4 ns_per_update=4313.5
COSTMED d=16 m=8 n=528 arm=empty pass=1 median=4304.4
COST d=16 m=8 n=528 arm=direct pass=1 window=0 ns_per_update=3292.2
COST d=16 m=8 n=528 arm=direct pass=1 window=1 ns_per_update=3249.9
COST d=16 m=8 n=528 arm=direct pass=1 window=2 ns_per_update=3353.3
COST d=16 m=8 n=528 arm=direct pass=1 window=3 ns_per_update=3299.1
COST d=16 m=8 n=528 arm=direct pass=1 window=4 ns_per_update=3276.6
COSTMED d=16 m=8 n=528 arm=direct pass=1 median=3292.2
VERIFY d=16 m=4 expected=264 fwd=264 back=264 ok=true
COST d=16 m=4 n=264 arm=chunk_shared pass=1 window=0 ns_per_update=15631.2
COST d=16 m=4 n=264 arm=chunk_shared pass=1 window=1 ns_per_update=15984.3
COST d=16 m=4 n=264 arm=chunk_shared pass=1 window=2 ns_per_update=17560.1
COST d=16 m=4 n=264 arm=chunk_shared pass=1 window=3 ns_per_update=16490.8
COST d=16 m=4 n=264 arm=chunk_shared pass=1 window=4 ns_per_update=18310.3
COSTMED d=16 m=4 n=264 arm=chunk_shared pass=1 median=16490.8
COST d=16 m=4 n=264 arm=chunk_solo pass=1 window=0 ns_per_update=19327.4
COST d=16 m=4 n=264 arm=chunk_solo pass=1 window=1 ns_per_update=19293.8
COST d=16 m=4 n=264 arm=chunk_solo pass=1 window=2 ns_per_update=20658.1
COST d=16 m=4 n=264 arm=chunk_solo pass=1 window=3 ns_per_update=18824.7
COST d=16 m=4 n=264 arm=chunk_solo pass=1 window=4 ns_per_update=19573.4
COSTMED d=16 m=4 n=264 arm=chunk_solo pass=1 median=19327.4
COST d=16 m=4 n=264 arm=count pass=1 window=0 ns_per_update=2846.6
COST d=16 m=4 n=264 arm=count pass=1 window=1 ns_per_update=2822.8
COST d=16 m=4 n=264 arm=count pass=1 window=2 ns_per_update=2809.3
COST d=16 m=4 n=264 arm=count pass=1 window=3 ns_per_update=2827.3
COST d=16 m=4 n=264 arm=count pass=1 window=4 ns_per_update=2813.9
COSTMED d=16 m=4 n=264 arm=count pass=1 median=2822.8
COST d=16 m=4 n=264 arm=empty pass=1 window=0 ns_per_update=2869.8
COST d=16 m=4 n=264 arm=empty pass=1 window=1 ns_per_update=2721.2
COST d=16 m=4 n=264 arm=empty pass=1 window=2 ns_per_update=2812.2
COST d=16 m=4 n=264 arm=empty pass=1 window=3 ns_per_update=2718.1
COST d=16 m=4 n=264 arm=empty pass=1 window=4 ns_per_update=2725.9
COSTMED d=16 m=4 n=264 arm=empty pass=1 median=2725.9
COST d=16 m=4 n=264 arm=direct pass=1 window=0 ns_per_update=2207.7
COST d=16 m=4 n=264 arm=direct pass=1 window=1 ns_per_update=2342.6
COST d=16 m=4 n=264 arm=direct pass=1 window=2 ns_per_update=2303.5
COST d=16 m=4 n=264 arm=direct pass=1 window=3 ns_per_update=2211.3
COST d=16 m=4 n=264 arm=direct pass=1 window=4 ns_per_update=2248.5
COSTMED d=16 m=4 n=264 arm=direct pass=1 median=2248.5
VERIFY d=16 m=2 expected=132 fwd=132 back=132 ok=true
COST d=16 m=2 n=132 arm=chunk_shared pass=1 window=0 ns_per_update=8468.1
COST d=16 m=2 n=132 arm=chunk_shared pass=1 window=1 ns_per_update=8576.9
COST d=16 m=2 n=132 arm=chunk_shared pass=1 window=2 ns_per_update=8519.9
COST d=16 m=2 n=132 arm=chunk_shared pass=1 window=3 ns_per_update=8490.3
COST d=16 m=2 n=132 arm=chunk_shared pass=1 window=4 ns_per_update=8527.8
COSTMED d=16 m=2 n=132 arm=chunk_shared pass=1 median=8519.9
COST d=16 m=2 n=132 arm=chunk_solo pass=1 window=0 ns_per_update=9626.2
COST d=16 m=2 n=132 arm=chunk_solo pass=1 window=1 ns_per_update=10866.3
COST d=16 m=2 n=132 arm=chunk_solo pass=1 window=2 ns_per_update=9987.0
COST d=16 m=2 n=132 arm=chunk_solo pass=1 window=3 ns_per_update=9980.1
COST d=16 m=2 n=132 arm=chunk_solo pass=1 window=4 ns_per_update=9964.6
COSTMED d=16 m=2 n=132 arm=chunk_solo pass=1 median=9980.1
COST d=16 m=2 n=132 arm=count pass=1 window=0 ns_per_update=1984.3
COST d=16 m=2 n=132 arm=count pass=1 window=1 ns_per_update=1984.1
COST d=16 m=2 n=132 arm=count pass=1 window=2 ns_per_update=2092.5
COST d=16 m=2 n=132 arm=count pass=1 window=3 ns_per_update=1982.0
COST d=16 m=2 n=132 arm=count pass=1 window=4 ns_per_update=2001.6
COSTMED d=16 m=2 n=132 arm=count pass=1 median=1984.3
COST d=16 m=2 n=132 arm=empty pass=1 window=0 ns_per_update=1946.4
COST d=16 m=2 n=132 arm=empty pass=1 window=1 ns_per_update=1982.6
COST d=16 m=2 n=132 arm=empty pass=1 window=2 ns_per_update=1943.3
COST d=16 m=2 n=132 arm=empty pass=1 window=3 ns_per_update=1946.1
COST d=16 m=2 n=132 arm=empty pass=1 window=4 ns_per_update=1948.2
COSTMED d=16 m=2 n=132 arm=empty pass=1 median=1946.4
COST d=16 m=2 n=132 arm=direct pass=1 window=0 ns_per_update=1662.9
COST d=16 m=2 n=132 arm=direct pass=1 window=1 ns_per_update=1822.2
COST d=16 m=2 n=132 arm=direct pass=1 window=2 ns_per_update=1774.9
COST d=16 m=2 n=132 arm=direct pass=1 window=3 ns_per_update=1664.4
COST d=16 m=2 n=132 arm=direct pass=1 window=4 ns_per_update=1683.4
COSTMED d=16 m=2 n=132 arm=direct pass=1 median=1683.4
VERIFY d=16 m=1 expected=66 fwd=66 back=66 ok=true
COST d=16 m=1 n=66 arm=chunk_shared pass=1 window=0 ns_per_update=4927.1
COST d=16 m=1 n=66 arm=chunk_shared pass=1 window=1 ns_per_update=4901.0
COST d=16 m=1 n=66 arm=chunk_shared pass=1 window=2 ns_per_update=4887.9
COST d=16 m=1 n=66 arm=chunk_shared pass=1 window=3 ns_per_update=4962.8
COST d=16 m=1 n=66 arm=chunk_shared pass=1 window=4 ns_per_update=4883.2
COSTMED d=16 m=1 n=66 arm=chunk_shared pass=1 median=4901.0
COST d=16 m=1 n=66 arm=chunk_solo pass=1 window=0 ns_per_update=5499.3
COST d=16 m=1 n=66 arm=chunk_solo pass=1 window=1 ns_per_update=5777.8
COST d=16 m=1 n=66 arm=chunk_solo pass=1 window=2 ns_per_update=5762.4
COST d=16 m=1 n=66 arm=chunk_solo pass=1 window=3 ns_per_update=5826.3
COST d=16 m=1 n=66 arm=chunk_solo pass=1 window=4 ns_per_update=5826.3
COSTMED d=16 m=1 n=66 arm=chunk_solo pass=1 median=5777.8
COST d=16 m=1 n=66 arm=count pass=1 window=0 ns_per_update=1574.1
COST d=16 m=1 n=66 arm=count pass=1 window=1 ns_per_update=1564.6
COST d=16 m=1 n=66 arm=count pass=1 window=2 ns_per_update=1622.6
COST d=16 m=1 n=66 arm=count pass=1 window=3 ns_per_update=1571.1
COST d=16 m=1 n=66 arm=count pass=1 window=4 ns_per_update=1568.1
COSTMED d=16 m=1 n=66 arm=count pass=1 median=1571.1
COST d=16 m=1 n=66 arm=empty pass=1 window=0 ns_per_update=1561.9
COST d=16 m=1 n=66 arm=empty pass=1 window=1 ns_per_update=1549.3
COST d=16 m=1 n=66 arm=empty pass=1 window=2 ns_per_update=1548.6
COST d=16 m=1 n=66 arm=empty pass=1 window=3 ns_per_update=1638.1
COST d=16 m=1 n=66 arm=empty pass=1 window=4 ns_per_update=1596.5
COSTMED d=16 m=1 n=66 arm=empty pass=1 median=1561.9
COST d=16 m=1 n=66 arm=direct pass=1 window=0 ns_per_update=1408.2
COST d=16 m=1 n=66 arm=direct pass=1 window=1 ns_per_update=1406.4
COST d=16 m=1 n=66 arm=direct pass=1 window=2 ns_per_update=1391.8
COST d=16 m=1 n=66 arm=direct pass=1 window=3 ns_per_update=1390.5
COST d=16 m=1 n=66 arm=direct pass=1 window=4 ns_per_update=1402.0
COSTMED d=16 m=1 n=66 arm=direct pass=1 median=1402.0
DONE sink=697502748325360 elapsed_s=12.7
