Note: src/net/minecraft/world/level/levelgen/synth/Step0AbiBench.java uses or overrides a deprecated API.
Note: Recompile with -Xlint:deprecation for details.
lib loaded: /home/z/c-crussty/native/libpaper_native_jni.so
config cont(-3,8): slots=8 firstOctave=-3 inF=0.125000 valF=0.501961 present=8
  amplitudes: 1.0 1.0 1.0 1.0 1.0 1.0 1.0 1.0
config gap(0,2,4,6): slots=7 firstOctave=0 inF=1.00000 valF=0.503937 present=4
  amplitudes: 1.0 0.0 1.0 0.0 1.0 0.0 1.0
candidate P3/D1/F1     handle=139851792763248 mism=0
candidate P3/D1/F2     handle=139851797587376 mism=512
candidate P3/D2/F1     handle=139851797587088 mism=512
candidate P3/D2/F2     handle=139851797587664 mism=512
candidate P2/D1/F1     handle=0 mism=-1
candidate P2/D1/F2     handle=0 mism=-1
candidate P2/D2/F1     handle=0 mism=-1
candidate P2/D2/F2     handle=0 mism=-1
candidate P0/D1/F1     handle=0 mism=-1
candidate P0/D1/F2     handle=0 mism=-1
candidate P0/D2/F1     handle=0 mism=-1
candidate P0/D2/F2     handle=0 mism=-1
candidate P1/D1/F1     handle=0 mism=-1
candidate P1/D1/F2     handle=0 mism=-1
candidate P1/D2/F1     handle=0 mism=-1
candidate P1/D2/F2     handle=0 mism=-1
WINNER: P3/D1/F1 handle=139851792763248
FULL PARITY: gap=0/20000 gapFlagT=0/2000 cont=20000/20000 y0y1=5000/5000 flagT=2000/2000 noYScale_vs_canon=2000/2000
  J_getValue6              rep0: 297803 ops in 120.1 ms -> 403.2 ns/op
  J_getValue6              rep1: 285086 ops in 139.7 ms -> 490.0 ns/op
  J_getValue6              rep2: 306519 ops in 120.0 ms -> 391.5 ns/op
  J_getValue6              rep3: 309556 ops in 120.0 ms -> 387.7 ns/op
  J_getValue6              rep4: 291659 ops in 120.0 ms -> 411.4 ns/op
  N_getValue6              rep0: 535705 ops in 137.2 ms -> 256.2 ns/op
  N_getValue6              rep1: 565465 ops in 120.0 ms -> 212.2 ns/op
  N_getValue6              rep2: 598972 ops in 120.0 ms -> 200.3 ns/op
  N_getValue6              rep3: 600176 ops in 120.0 ms -> 199.9 ns/op
  N_getValue6              rep4: 540508 ops in 137.2 ms -> 253.8 ns/op
  [rev]N_getValue6         rep0: 592855 ops in 120.0 ms -> 202.4 ns/op
  [rev]N_getValue6         rep1: 593156 ops in 120.0 ms -> 202.3 ns/op
  [rev]N_getValue6         rep2: 568337 ops in 120.0 ms -> 211.1 ns/op
  [rev]N_getValue6         rep3: 503918 ops in 132.2 ms -> 262.3 ns/op
  [rev]N_getValue6         rep4: 592135 ops in 120.0 ms -> 202.7 ns/op
  [rev]J_getValue6         rep0: 286734 ops in 120.0 ms -> 418.5 ns/op
  [rev]J_getValue6         rep1: 303187 ops in 120.0 ms -> 395.8 ns/op
  [rev]J_getValue6         rep2: 255954 ops in 131.4 ms -> 513.2 ns/op
  [rev]J_getValue6         rep3: 287775 ops in 120.0 ms -> 417.0 ns/op
  [rev]J_getValue6         rep4: 277287 ops in 120.0 ms -> 432.8 ns/op
== G-ABI timing (ns/call, min-of-medians) ==
J_getValue6                   403.2 ns/call
N_getValue6                   202.7 ns/call
native/Java = 0.503x  (G-ABI GO iff ratio <= 1.00 and full parity 0)
--BEGIN_CSV--
candidate,handle,parity_mismatch_512_gapcfg
P3/D1/F1,139851792763248,0
P3/D1/F2,139851797587376,512
P3/D2/F1,139851797587088,512
P3/D2/F2,139851797587664,512
P2/D1/F1,0,-1
P2/D1/F2,0,-1
P2/D2/F1,0,-1
P2/D2/F2,0,-1
P0/D1/F1,0,-1
P0/D1/F2,0,-1
P0/D2/F1,0,-1
P0/D2/F2,0,-1
P1/D1/F1,0,-1
P1/D1/F2,0,-1
P1/D2/F1,0,-1
P1/D2/F2,0,-1
full_gap,0
flag_gap,0
full_cont,20000
y01_cont,5000
flag_cont,2000
noyscale,2000
J_getValue6,403.2
N_getValue6,202.7
ratio,0.503
--END_CSV--
sink=101114.67260393067 winner=P3/D1/F1
RUN3(final): Note: src/net/minecraft/world/level/levelgen/synth/Step0AbiBench.java uses or overrides a deprecated API.
RUN3(final): Note: Recompile with -Xlint:deprecation for details.
RUN3(final): lib loaded: /home/z/c-crussty/native/libpaper_native_jni.so
RUN3(final): config cont(-3,8): slots=8 firstOctave=-3 inF=0.125000 valF=0.501961 present=8
RUN3(final):   amplitudes: 1.0 1.0 1.0 1.0 1.0 1.0 1.0 1.0
RUN3(final): config gap(0,2,4,6): slots=7 firstOctave=0 inF=1.00000 valF=0.503937 present=4
RUN3(final):   amplitudes: 1.0 0.0 1.0 0.0 1.0 0.0 1.0
RUN3(final): candidate P3/D1/F1     handle=140124388938144 mism=0
RUN3(final): candidate P3/D1/F2     handle=140124393219760 mism=512
RUN3(final): candidate P3/D2/F1     handle=140124392952192 mism=512
RUN3(final): candidate P3/D2/F2     handle=140124393220096 mism=512
RUN3(final): candidate P2/D1/F1     handle=0 mism=-1
RUN3(final): candidate P2/D1/F2     handle=0 mism=-1
RUN3(final): candidate P2/D2/F1     handle=0 mism=-1
RUN3(final): candidate P2/D2/F2     handle=0 mism=-1
RUN3(final): candidate P0/D1/F1     handle=0 mism=-1
RUN3(final): candidate P0/D1/F2     handle=0 mism=-1
RUN3(final): candidate P0/D2/F1     handle=0 mism=-1
RUN3(final): candidate P0/D2/F2     handle=0 mism=-1
RUN3(final): candidate P1/D1/F1     handle=0 mism=-1
RUN3(final): candidate P1/D1/F2     handle=0 mism=-1
RUN3(final): candidate P1/D2/F1     handle=0 mism=-1
RUN3(final): candidate P1/D2/F2     handle=0 mism=-1
RUN3(final): WINNER: P3/D1/F1 handle(gap-obj)=140124388938144
RUN3(final): FULL PARITY: gap=0/20000 gapFlagT=0/2000 cont=0/20000 y0y1=0/5000 flagT=0/2000 noYScale_vs_canon=0/2000
RUN3(final):   J_getValue6              rep0: 266408 ops in 120.1 ms -> 450.7 ns/op
RUN3(final):   J_getValue6              rep1: 261382 ops in 120.0 ms -> 459.1 ns/op
RUN3(final):   J_getValue6              rep2: 280816 ops in 120.0 ms -> 427.3 ns/op
RUN3(final):   J_getValue6              rep3: 279557 ops in 120.0 ms -> 429.3 ns/op
RUN3(final):   J_getValue6              rep4: 286975 ops in 120.0 ms -> 418.2 ns/op
RUN3(final):   N_getValue6              rep0: 268923 ops in 120.0 ms -> 446.2 ns/op
RUN3(final):   N_getValue6              rep1: 339624 ops in 120.0 ms -> 353.3 ns/op
RUN3(final):   N_getValue6              rep2: 313259 ops in 135.2 ms -> 431.6 ns/op
RUN3(final):   N_getValue6              rep3: 338078 ops in 120.0 ms -> 354.9 ns/op
RUN3(final):   N_getValue6              rep4: 298027 ops in 120.0 ms -> 402.6 ns/op
RUN3(final):   [rev]N_getValue6         rep0: 359682 ops in 120.0 ms -> 333.6 ns/op
RUN3(final):   [rev]N_getValue6         rep1: 252549 ops in 142.1 ms -> 562.7 ns/op
RUN3(final):   [rev]N_getValue6         rep2: 319690 ops in 120.0 ms -> 375.4 ns/op
RUN3(final):   [rev]N_getValue6         rep3: 338721 ops in 120.0 ms -> 354.3 ns/op
RUN3(final):   [rev]N_getValue6         rep4: 339161 ops in 120.0 ms -> 353.8 ns/op
RUN3(final):   [rev]J_getValue6         rep0: 224279 ops in 127.7 ms -> 569.4 ns/op
RUN3(final):   [rev]J_getValue6         rep1: 287512 ops in 120.0 ms -> 417.4 ns/op
RUN3(final):   [rev]J_getValue6         rep2: 249428 ops in 120.0 ms -> 481.1 ns/op
RUN3(final):   [rev]J_getValue6         rep3: 275671 ops in 120.0 ms -> 435.3 ns/op
RUN3(final):   [rev]J_getValue6         rep4: 278039 ops in 133.3 ms -> 479.6 ns/op
RUN3(final): == G-ABI timing (ns/call, min-of-medians) ==
RUN3(final): J_getValue6                   429.3 ns/call
RUN3(final): N_getValue6                   354.3 ns/call
RUN3(final): native/Java = 0.825x  (G-ABI GO iff ratio <= 1.00 and full parity 0)
RUN3(final): --BEGIN_CSV--
RUN3(final): candidate,handle,parity_mismatch_512_gapcfg
RUN3(final): P3/D1/F1,140124388938144,0
RUN3(final): P3/D1/F2,140124393219760,512
RUN3(final): P3/D2/F1,140124392952192,512
RUN3(final): P3/D2/F2,140124393220096,512
RUN3(final): P2/D1/F1,0,-1
RUN3(final): P2/D1/F2,0,-1
RUN3(final): P2/D2/F1,0,-1
RUN3(final): P2/D2/F2,0,-1
RUN3(final): P0/D1/F1,0,-1
RUN3(final): P0/D1/F2,0,-1
RUN3(final): P0/D2/F1,0,-1
RUN3(final): P0/D2/F2,0,-1
RUN3(final): P1/D1/F1,0,-1
RUN3(final): P1/D1/F2,0,-1
RUN3(final): P1/D2/F1,0,-1
RUN3(final): P1/D2/F2,0,-1
RUN3(final): full_gap,0
RUN3(final): flag_gap,0
RUN3(final): full_cont,0
RUN3(final): y01_cont,0
RUN3(final): flag_cont,0
RUN3(final): noyscale,0
RUN3(final): J_getValue6,429.3
RUN3(final): N_getValue6,354.3
RUN3(final): ratio,0.825
RUN3(final): --END_CSV--
RUN3(final): sink=12965.085521908486 winner=P3/D1/F1
