Note: src/net/minecraft/world/level/levelgen/synth/Step0NoiseBench.java uses or overrides a deprecated API.
Note: Recompile with -Xlint:deprecation for details.
parity gate: 3-arg mismatches=0/20000, 5-arg mismatches=0/20000
  J3_java_noise3               rep0: 1303173 ops in 120.1 ms -> 92.1 ns/op
  J3_java_noise3               rep1: 1317163 ops in 120.0 ms -> 91.1 ns/op
  J3_java_noise3               rep2: 1246173 ops in 133.7 ms -> 107.3 ns/op
  J3_java_noise3               rep3: 1364868 ops in 120.0 ms -> 87.9 ns/op
  J3_java_noise3               rep4: 1362998 ops in 120.0 ms -> 88.0 ns/op
  N1_nativeNoiseNoYScale       rep0: 1169913 ops in 120.0 ms -> 102.6 ns/op
  N1_nativeNoiseNoYScale       rep1: 1170525 ops in 133.5 ms -> 114.0 ns/op
  N1_nativeNoiseNoYScale       rep2: 1294631 ops in 120.0 ms -> 92.7 ns/op
  N1_nativeNoiseNoYScale       rep3: 1299251 ops in 120.0 ms -> 92.4 ns/op
  N1_nativeNoiseNoYScale       rep4: 1351202 ops in 120.0 ms -> 88.8 ns/op
  J5_java_noise5               rep0: 943097 ops in 135.7 ms -> 143.8 ns/op
  J5_java_noise5               rep1: 1306511 ops in 120.0 ms -> 91.8 ns/op
  J5_java_noise5               rep2: 1318816 ops in 120.0 ms -> 91.0 ns/op
  J5_java_noise5               rep3: 1309522 ops in 120.0 ms -> 91.6 ns/op
  J5_java_noise5               rep4: 1141475 ops in 128.8 ms -> 112.8 ns/op
  N1_nativeNoise               rep0: 1267094 ops in 120.0 ms -> 94.7 ns/op
  N1_nativeNoise               rep1: 1204473 ops in 120.0 ms -> 99.6 ns/op
  N1_nativeNoise               rep2: 1173556 ops in 145.8 ms -> 124.3 ns/op
  N1_nativeNoise               rep3: 1213243 ops in 120.0 ms -> 98.9 ns/op
  N1_nativeNoise               rep4: 1261554 ops in 120.0 ms -> 95.1 ns/op
  NB16_nativeFillNoYScale      rep0: 2219984 ops in 120.0 ms -> 54.1 ns/op
  NB16_nativeFillNoYScale      rep1: 1989616 ops in 135.7 ms -> 68.2 ns/op
  NB16_nativeFillNoYScale      rep2: 2262992 ops in 120.0 ms -> 53.0 ns/op
  NB16_nativeFillNoYScale      rep3: 2220976 ops in 120.0 ms -> 54.0 ns/op
  NB16_nativeFillNoYScale      rep4: 2091920 ops in 120.0 ms -> 57.4 ns/op
  NB1024_nativeFill            rep0: 2838528 ops in 137.7 ms -> 48.5 ns/op
  NB1024_nativeFill            rep1: 3189760 ops in 120.0 ms -> 37.6 ns/op
  NB1024_nativeFill            rep2: 3189760 ops in 120.0 ms -> 37.6 ns/op
  NB1024_nativeFill            rep3: 3134464 ops in 120.0 ms -> 38.3 ns/op
  NB1024_nativeFill            rep4: 2727936 ops in 133.8 ms -> 49.1 ns/op
  NB16_nativeFill              rep0: 1393088 ops in 120.0 ms -> 86.1 ns/op
  NB16_nativeFill              rep1: 1555344 ops in 120.0 ms -> 77.2 ns/op
  NB16_nativeFill              rep2: 1553360 ops in 120.0 ms -> 77.3 ns/op
  NB16_nativeFill              rep3: 1477744 ops in 137.2 ms -> 92.8 ns/op
  NB16_nativeFill              rep4: 1647696 ops in 120.0 ms -> 72.8 ns/op
  [rev]NB16_nativeFill         rep0: 1554288 ops in 120.0 ms -> 77.2 ns/op
  [rev]NB16_nativeFill         rep1: 1560256 ops in 120.0 ms -> 76.9 ns/op
  [rev]NB16_nativeFill         rep2: 1317120 ops in 133.6 ms -> 101.4 ns/op
  [rev]NB16_nativeFill         rep3: 1659440 ops in 120.0 ms -> 72.3 ns/op
  [rev]NB16_nativeFill         rep4: 1563952 ops in 120.0 ms -> 76.7 ns/op
  [rev]NB1024_nativeFill       rep0: 3190784 ops in 120.0 ms -> 37.6 ns/op
  [rev]NB1024_nativeFill       rep1: 2842624 ops in 137.8 ms -> 48.5 ns/op
  [rev]NB1024_nativeFill       rep2: 3316736 ops in 120.0 ms -> 36.2 ns/op
  [rev]NB1024_nativeFill       rep3: 3341312 ops in 120.0 ms -> 35.9 ns/op
  [rev]NB1024_nativeFill       rep4: 3197952 ops in 120.0 ms -> 37.5 ns/op
  [rev]NB16_nativeFillNoYScale rep0: 1751744 ops in 136.9 ms -> 78.2 ns/op
  [rev]NB16_nativeFillNoYScale rep1: 2151728 ops in 120.0 ms -> 55.8 ns/op
  [rev]NB16_nativeFillNoYScale rep2: 2269104 ops in 120.0 ms -> 52.9 ns/op
  [rev]NB16_nativeFillNoYScale rep3: 2119664 ops in 120.0 ms -> 56.6 ns/op
  [rev]NB16_nativeFillNoYScale rep4: 1846384 ops in 135.4 ms -> 73.4 ns/op
  [rev]N1_nativeNoise          rep0: 1229462 ops in 120.0 ms -> 97.6 ns/op
  [rev]N1_nativeNoise          rep1: 1225496 ops in 120.0 ms -> 97.9 ns/op
  [rev]N1_nativeNoise          rep2: 1310664 ops in 120.0 ms -> 91.6 ns/op
  [rev]N1_nativeNoise          rep3: 1157941 ops in 138.3 ms -> 119.4 ns/op
  [rev]N1_nativeNoise          rep4: 1229631 ops in 120.0 ms -> 97.6 ns/op
  [rev]J5_java_noise5          rep0: 1299330 ops in 120.0 ms -> 92.4 ns/op
  [rev]J5_java_noise5          rep1: 1234396 ops in 120.0 ms -> 97.2 ns/op
  [rev]J5_java_noise5          rep2: 1261920 ops in 138.8 ms -> 110.0 ns/op
  [rev]J5_java_noise5          rep3: 1294215 ops in 120.0 ms -> 92.7 ns/op
  [rev]J5_java_noise5          rep4: 1297085 ops in 120.0 ms -> 92.5 ns/op
  [rev]N1_nativeNoiseNoYScale  rep0: 1325464 ops in 120.0 ms -> 90.5 ns/op
  [rev]N1_nativeNoiseNoYScale  rep1: 1315623 ops in 138.2 ms -> 105.0 ns/op
  [rev]N1_nativeNoiseNoYScale  rep2: 1354700 ops in 120.0 ms -> 88.6 ns/op
  [rev]N1_nativeNoiseNoYScale  rep3: 1286392 ops in 120.0 ms -> 93.3 ns/op
  [rev]N1_nativeNoiseNoYScale  rep4: 1289198 ops in 120.0 ms -> 93.1 ns/op
  [rev]J3_java_noise3          rep0: 1187528 ops in 136.2 ms -> 114.7 ns/op
  [rev]J3_java_noise3          rep1: 1329482 ops in 120.0 ms -> 90.3 ns/op
  [rev]J3_java_noise3          rep2: 1256837 ops in 120.0 ms -> 95.5 ns/op
  [rev]J3_java_noise3          rep3: 1294451 ops in 120.0 ms -> 92.7 ns/op
  [rev]J3_java_noise3          rep4: 1346727 ops in 137.4 ms -> 102.0 ns/op
== STEP-0 results (ns/sample, min-of-medians across orders) ==
J3_java_noise3                     91.1 ns/sample   (fwd 91.1 / rev 95.5)
N1_nativeNoiseNoYScale             92.7 ns/sample   (fwd 92.7 / rev 93.1)
J5_java_noise5                     91.8 ns/sample   (fwd 91.8 / rev 92.7)
N1_nativeNoise                     97.6 ns/sample   (fwd 98.9 / rev 97.6)
NB16_nativeFillNoYScale            54.1 ns/sample   (fwd 54.1 / rev 56.6)
NB1024_nativeFill                  37.5 ns/sample   (fwd 38.3 / rev 37.5)
NB16_nativeFill                    76.9 ns/sample   (fwd 77.3 / rev 76.9)
--BEGIN_CSV--
arm,ns_sample_min_of_medians
J3_java_noise3,91.1
N1_nativeNoiseNoYScale,92.7
J5_java_noise5,91.8
N1_nativeNoise,97.6
NB16_nativeFillNoYScale,54.1
NB1024_nativeFill,37.5
NB16_nativeFill,76.9
--END_CSV--
sink=-1829235.219364491
