[00:49:44] TASK-108 v3 FINAL A/B regime=warm n=3/arm; JDK: openjdk version "21.0.12.1" 2026-08-18 LTS
[00:49:44] A/B begin: 6 runs total, executing 1..2
[00:50:40] CD1 warm band done t=26.9s
[00:51:19] run CD1 done: Done (16.217s) dormant t_warm=26.9 t_burst=19.6s cpu_burst=18.3s
[00:52:16] CA2 warm band done t=28.1s
[00:52:51] run CA2 done: Done (15.860s) armed-verified t_warm=28.1 t_burst=14.9s cpu_burst=15.6s
[00:52:51] === SUMMARY (warm) ===
[00:52:51] A/B warm range 1..2 complete
[00:55:47] TASK-108 v3 FINAL A/B regime=warm n=3/arm; JDK: openjdk version "21.0.12.1" 2026-08-18 LTS
[00:55:47] A/B begin: 6 runs total, executing 3..4
[00:56:42] CA3 warm band done t=26.4s
[00:57:18] run CA3 done: Done (16.395s) armed-verified t_warm=26.4 t_burst=15.9s cpu_burst=14.3s
[00:58:13] CD4 warm band done t=27.3s
[00:58:51] run CD4 done: Done (16.423s) dormant t_warm=27.3 t_burst=17.4s cpu_burst=13.9s
[00:58:51] === SUMMARY (warm) ===
[00:58:51] A/B warm range 3..4 complete
[00:59:00] TASK-108 v3 FINAL A/B regime=warm n=3/arm; JDK: openjdk version "21.0.12.1" 2026-08-18 LTS
[00:59:00] A/B begin: 6 runs total, executing 5..6
[00:59:56] CD5 warm band done t=24.4s
[01:00:28] run CD5 done: Done (15.998s) dormant t_warm=24.4 t_burst=11.9s cpu_burst=12.6s
[01:01:19] CA6 warm band done t=23.1s
[01:02:00] run CA6 done: Done (15.868s) armed-verified t_warm=23.1 t_burst=20.6s cpu_burst=19.5s
[01:02:00] === SUMMARY (warm) ===
[01:02:00] A/B warm range 5..6 complete
