[2026-09-25T23:50:08.755+0000][0.012s][info][gc,init] CardTable entry size: 512
[2026-09-25T23:50:08.755+0000][0.012s][info][gc     ] Using Parallel
[2026-09-25T23:50:08.764+0000][0.022s][info][gc,init] Version: 21.0.12.1+1-LTS (release)
[2026-09-25T23:50:08.764+0000][0.022s][info][gc,init] CPUs: 4 total, 4 available
[2026-09-25T23:50:08.764+0000][0.022s][info][gc,init] Memory: 15989M
[2026-09-25T23:50:08.764+0000][0.022s][info][gc,init] Large Page Support: Disabled
[2026-09-25T23:50:08.764+0000][0.022s][info][gc,init] NUMA Support: Disabled
[2026-09-25T23:50:08.764+0000][0.022s][info][gc,init] Compressed Oops: Enabled (Zero based)
[2026-09-25T23:50:08.764+0000][0.022s][info][gc,init] Alignments: Space 512K, Generation 512K, Heap 2M
[2026-09-25T23:50:08.764+0000][0.022s][info][gc,init] Heap Min Capacity: 4G
[2026-09-25T23:50:08.764+0000][0.022s][info][gc,init] Heap Initial Capacity: 4G
[2026-09-25T23:50:08.764+0000][0.022s][info][gc,init] Heap Max Capacity: 10G
[2026-09-25T23:50:08.764+0000][0.022s][info][gc,init] Pre-touch: Disabled
[2026-09-25T23:50:08.764+0000][0.022s][info][gc,init] Parallel Workers: 4
[2026-09-25T23:50:08.773+0000][0.031s][info][gc,metaspace] CDS archive(s) mapped at: [0x00007fce63000000-0x00007fce63c9c000-0x00007fce63c9c000), size 13221888, SharedBaseAddress: 0x00007fce63000000, ArchiveRelocationMode: 1.
[2026-09-25T23:50:08.773+0000][0.031s][info][gc,metaspace] Compressed class space mapped at: 0x00007fce64000000-0x00007fcea4000000, reserved size: 1073741824
[2026-09-25T23:50:08.773+0000][0.031s][info][gc,metaspace] Narrow klass base: 0x00007fce63000000, Narrow klass shift: 0, Narrow klass range: 0x100000000
[2026-09-25T23:50:11.167+0000][2.424s][info][gc,start    ] GC(0) Pause Young (Metadata GC Threshold)
[2026-09-25T23:50:11.173+0000][2.431s][info][gc,heap     ] GC(0) PSYoungGen: 919414K(1223168K)->12685K(1223168K) Eden: 919414K(1048576K)->0K(1048576K) From: 0K(174592K)->12685K(174592K)
[2026-09-25T23:50:11.173+0000][2.431s][info][gc,heap     ] GC(0) ParOldGen: 1073K(2796544K)->1145K(2796544K)
[2026-09-25T23:50:11.173+0000][2.431s][info][gc,metaspace] GC(0) Metaspace: 21079K(21504K)->21079K(21504K) NonClass: 18705K(18944K)->18705K(18944K) Class: 2374K(2560K)->2374K(2560K)
[2026-09-25T23:50:11.173+0000][2.431s][info][gc          ] GC(0) Pause Young (Metadata GC Threshold) 898M->13M(3925M) 6.266ms
[2026-09-25T23:50:11.173+0000][2.431s][info][gc,cpu      ] GC(0) User=0.02s Sys=0.01s Real=0.00s
[2026-09-25T23:50:11.173+0000][2.431s][info][gc,start    ] GC(1) Pause Full (Metadata GC Threshold)
[2026-09-25T23:50:11.173+0000][2.431s][info][gc,phases,start] GC(1) Marking Phase
[2026-09-25T23:50:11.181+0000][2.438s][info][gc,phases      ] GC(1) Marking Phase 7.712ms
[2026-09-25T23:50:11.181+0000][2.438s][info][gc,phases,start] GC(1) Summary Phase
[2026-09-25T23:50:11.181+0000][2.438s][info][gc,phases      ] GC(1) Summary Phase 0.008ms
[2026-09-25T23:50:11.181+0000][2.438s][info][gc,phases,start] GC(1) Adjust Roots
[2026-09-25T23:50:11.184+0000][2.441s][info][gc,phases      ] GC(1) Adjust Roots 2.733ms
[2026-09-25T23:50:11.184+0000][2.441s][info][gc,phases,start] GC(1) Compaction Phase
[2026-09-25T23:50:11.191+0000][2.448s][info][gc,phases      ] GC(1) Compaction Phase 6.821ms
[2026-09-25T23:50:11.191+0000][2.448s][info][gc,phases,start] GC(1) Post Compact
[2026-09-25T23:50:11.192+0000][2.449s][info][gc,phases      ] GC(1) Post Compact 1.225ms
[2026-09-25T23:50:11.192+0000][2.449s][info][gc,heap        ] GC(1) PSYoungGen: 12685K(1223168K)->0K(1223168K) Eden: 0K(1048576K)->0K(1048576K) From: 12685K(174592K)->0K(174592K)
[2026-09-25T23:50:11.192+0000][2.449s][info][gc,heap        ] GC(1) ParOldGen: 1145K(2796544K)->13576K(2796544K)
[2026-09-25T23:50:11.192+0000][2.449s][info][gc,metaspace   ] GC(1) Metaspace: 21079K(21504K)->21079K(21504K) NonClass: 18705K(18944K)->18705K(18944K) Class: 2374K(2560K)->2374K(2560K)
[2026-09-25T23:50:11.192+0000][2.449s][info][gc             ] GC(1) Pause Full (Metadata GC Threshold) 13M->13M(3925M) 18.611ms
[2026-09-25T23:50:11.192+0000][2.449s][info][gc,cpu         ] GC(1) User=0.04s Sys=0.00s Real=0.02s
[2026-09-25T23:50:12.347+0000][3.604s][info][gc,start       ] GC(2) Pause Young (Metadata GC Threshold)
[2026-09-25T23:50:12.370+0000][3.627s][info][gc,heap        ] GC(2) PSYoungGen: 437923K(1223168K)->51049K(1223168K) Eden: 437923K(1048576K)->0K(1048576K) From: 0K(174592K)->51049K(174592K)
[2026-09-25T23:50:12.370+0000][3.627s][info][gc,heap        ] GC(2) ParOldGen: 13576K(2796544K)->13584K(2796544K)
[2026-09-25T23:50:12.370+0000][3.627s][info][gc,metaspace   ] GC(2) Metaspace: 35379K(35840K)->35379K(35840K) NonClass: 31272K(31552K)->31272K(31552K) Class: 4106K(4288K)->4106K(4288K)
[2026-09-25T23:50:12.370+0000][3.627s][info][gc             ] GC(2) Pause Young (Metadata GC Threshold) 440M->63M(3925M) 22.988ms
[2026-09-25T23:50:12.370+0000][3.627s][info][gc,cpu         ] GC(2) User=0.08s Sys=0.01s Real=0.02s
[2026-09-25T23:50:12.370+0000][3.627s][info][gc,start       ] GC(3) Pause Full (Metadata GC Threshold)
[2026-09-25T23:50:12.370+0000][3.627s][info][gc,phases,start] GC(3) Marking Phase
[2026-09-25T23:50:12.393+0000][3.651s][info][gc,phases      ] GC(3) Marking Phase 23.506ms
[2026-09-25T23:50:12.393+0000][3.651s][info][gc,phases,start] GC(3) Summary Phase
[2026-09-25T23:50:12.393+0000][3.651s][info][gc,phases      ] GC(3) Summary Phase 0.019ms
[2026-09-25T23:50:12.393+0000][3.651s][info][gc,phases,start] GC(3) Adjust Roots
[2026-09-25T23:50:12.397+0000][3.654s][info][gc,phases      ] GC(3) Adjust Roots 3.379ms
[2026-09-25T23:50:12.397+0000][3.654s][info][gc,phases,start] GC(3) Compaction Phase
[2026-09-25T23:50:12.436+0000][3.693s][info][gc,phases      ] GC(3) Compaction Phase 38.665ms
[2026-09-25T23:50:12.436+0000][3.693s][info][gc,phases,start] GC(3) Post Compact
[2026-09-25T23:50:12.437+0000][3.694s][info][gc,phases      ] GC(3) Post Compact 0.926ms
[2026-09-25T23:50:12.437+0000][3.694s][info][gc,heap        ] GC(3) PSYoungGen: 51049K(1223168K)->0K(1223168K) Eden: 0K(1048576K)->0K(1048576K) From: 51049K(174592K)->0K(174592K)
[2026-09-25T23:50:12.437+0000][3.694s][info][gc,heap        ] GC(3) ParOldGen: 13584K(2796544K)->64244K(2796544K)
[2026-09-25T23:50:12.437+0000][3.694s][info][gc,metaspace   ] GC(3) Metaspace: 35379K(35840K)->35377K(35840K) NonClass: 31272K(31552K)->31271K(31552K) Class: 4106K(4288K)->4106K(4288K)
[2026-09-25T23:50:12.437+0000][3.694s][info][gc             ] GC(3) Pause Full (Metadata GC Threshold) 63M->62M(3925M) 66.628ms
[2026-09-25T23:50:12.437+0000][3.694s][info][gc,cpu         ] GC(3) User=0.22s Sys=0.00s Real=0.07s
[2026-09-25T23:50:14.263+0000][5.520s][info][gc,start       ] GC(4) Pause Young (Metadata GC Threshold)
[2026-09-25T23:50:14.292+0000][5.549s][info][gc,heap        ] GC(4) PSYoungGen: 383759K(1223168K)->42936K(1223168K) Eden: 383759K(1048576K)->0K(1048576K) From: 0K(174592K)->42936K(174592K)
[2026-09-25T23:50:14.292+0000][5.549s][info][gc,heap        ] GC(4) ParOldGen: 64244K(2796544K)->64260K(2796544K)
[2026-09-25T23:50:14.292+0000][5.549s][info][gc,metaspace   ] GC(4) Metaspace: 59179K(59776K)->59179K(59776K) NonClass: 50564K(50880K)->50564K(50880K) Class: 8614K(8896K)->8614K(8896K)
[2026-09-25T23:50:14.292+0000][5.549s][info][gc             ] GC(4) Pause Young (Metadata GC Threshold) 437M->104M(3925M) 28.730ms
[2026-09-25T23:50:14.292+0000][5.549s][info][gc,cpu         ] GC(4) User=0.11s Sys=0.00s Real=0.03s
[2026-09-25T23:50:14.292+0000][5.549s][info][gc,start       ] GC(5) Pause Full (Metadata GC Threshold)
[2026-09-25T23:50:14.292+0000][5.549s][info][gc,phases,start] GC(5) Marking Phase
[2026-09-25T23:50:14.345+0000][5.603s][info][gc,phases      ] GC(5) Marking Phase 53.758ms
[2026-09-25T23:50:14.346+0000][5.603s][info][gc,phases,start] GC(5) Summary Phase
[2026-09-25T23:50:14.346+0000][5.603s][info][gc,phases      ] GC(5) Summary Phase 0.010ms
[2026-09-25T23:50:14.346+0000][5.603s][info][gc,phases,start] GC(5) Adjust Roots
[2026-09-25T23:50:14.355+0000][5.612s][info][gc,phases      ] GC(5) Adjust Roots 9.022ms
[2026-09-25T23:50:14.355+0000][5.612s][info][gc,phases,start] GC(5) Compaction Phase
[2026-09-25T23:50:14.428+0000][5.686s][info][gc,phases      ] GC(5) Compaction Phase 73.878ms
[2026-09-25T23:50:14.429+0000][5.686s][info][gc,phases,start] GC(5) Post Compact
[2026-09-25T23:50:14.430+0000][5.687s][info][gc,phases      ] GC(5) Post Compact 1.094ms
[2026-09-25T23:50:14.430+0000][5.687s][info][gc,heap        ] GC(5) PSYoungGen: 42936K(1223168K)->0K(1223168K) Eden: 0K(1048576K)->0K(1048576K) From: 42936K(174592K)->0K(174592K)
[2026-09-25T23:50:14.430+0000][5.687s][info][gc,heap        ] GC(5) ParOldGen: 64260K(2796544K)->103014K(2796544K)
[2026-09-25T23:50:14.430+0000][5.687s][info][gc,metaspace   ] GC(5) Metaspace: 59179K(59776K)->59179K(59776K) NonClass: 50564K(50880K)->50564K(50880K) Class: 8614K(8896K)->8614K(8896K)
[2026-09-25T23:50:14.430+0000][5.687s][info][gc             ] GC(5) Pause Full (Metadata GC Threshold) 104M->100M(3925M) 137.927ms
[2026-09-25T23:50:14.430+0000][5.687s][info][gc,cpu         ] GC(5) User=0.50s Sys=0.01s Real=0.14s
[2026-09-25T23:50:17.492+0000][8.750s][info][gc,start       ] GC(6) Pause Young (Metadata GC Threshold)
[2026-09-25T23:50:17.591+0000][8.849s][info][gc,heap        ] GC(6) PSYoungGen: 739486K(1223168K)->174574K(1223168K) Eden: 739486K(1048576K)->0K(1048576K) From: 0K(174592K)->174574K(174592K)
[2026-09-25T23:50:17.591+0000][8.849s][info][gc,heap        ] GC(6) ParOldGen: 103014K(2796544K)->105414K(2796544K)
[2026-09-25T23:50:17.591+0000][8.849s][info][gc,metaspace   ] GC(6) Metaspace: 98784K(99648K)->98784K(99648K) NonClass: 84826K(85312K)->84826K(85312K) Class: 13958K(14336K)->13958K(14336K)
[2026-09-25T23:50:17.591+0000][8.849s][info][gc             ] GC(6) Pause Young (Metadata GC Threshold) 822M->273M(3925M) 99.225ms
[2026-09-25T23:50:17.591+0000][8.849s][info][gc,cpu         ] GC(6) User=0.36s Sys=0.02s Real=0.10s
[2026-09-25T23:50:17.591+0000][8.849s][info][gc,start       ] GC(7) Pause Full (Metadata GC Threshold)
[2026-09-25T23:50:17.591+0000][8.849s][info][gc,phases,start] GC(7) Marking Phase
[2026-09-25T23:50:17.705+0000][8.963s][info][gc,phases      ] GC(7) Marking Phase 113.840ms
[2026-09-25T23:50:17.705+0000][8.963s][info][gc,phases,start] GC(7) Summary Phase
[2026-09-25T23:50:17.705+0000][8.963s][info][gc,phases      ] GC(7) Summary Phase 0.023ms
[2026-09-25T23:50:17.705+0000][8.963s][info][gc,phases,start] GC(7) Adjust Roots
[2026-09-25T23:50:17.715+0000][8.972s][info][gc,phases      ] GC(7) Adjust Roots 9.226ms
[2026-09-25T23:50:17.715+0000][8.972s][info][gc,phases,start] GC(7) Compaction Phase
[2026-09-25T23:50:17.980+0000][9.237s][info][gc,phases      ] GC(7) Compaction Phase 264.924ms
[2026-09-25T23:50:17.980+0000][9.237s][info][gc,phases,start] GC(7) Post Compact
[2026-09-25T23:50:17.981+0000][9.239s][info][gc,phases      ] GC(7) Post Compact 1.660ms
[2026-09-25T23:50:17.981+0000][9.239s][info][gc,heap        ] GC(7) PSYoungGen: 174574K(1223168K)->0K(1223168K) Eden: 0K(1048576K)->0K(1048576K) From: 174574K(174592K)->0K(174592K)
[2026-09-25T23:50:17.981+0000][9.239s][info][gc,heap        ] GC(7) ParOldGen: 105414K(2796544K)->278448K(2796544K)
[2026-09-25T23:50:17.981+0000][9.239s][info][gc,metaspace   ] GC(7) Metaspace: 98784K(99648K)->98784K(99648K) NonClass: 84826K(85312K)->84826K(85312K) Class: 13958K(14336K)->13958K(14336K)
[2026-09-25T23:50:17.981+0000][9.239s][info][gc             ] GC(7) Pause Full (Metadata GC Threshold) 273M->271M(3925M) 389.823ms
[2026-09-25T23:50:17.981+0000][9.239s][info][gc,cpu         ] GC(7) User=1.45s Sys=0.02s Real=0.39s
[2026-09-25T23:50:21.453+0000][12.710s][info][gc,start       ] GC(8) Pause Young (Allocation Failure)
[2026-09-25T23:50:21.482+0000][12.739s][info][gc,heap        ] GC(8) PSYoungGen: 1048576K(1223168K)->45383K(1223168K) Eden: 1048576K(1048576K)->0K(1048576K) From: 0K(174592K)->45383K(174592K)
[2026-09-25T23:50:21.482+0000][12.739s][info][gc,heap        ] GC(8) ParOldGen: 278448K(2796544K)->278464K(2796544K)
[2026-09-25T23:50:21.482+0000][12.739s][info][gc,metaspace   ] GC(8) Metaspace: 119901K(120896K)->119901K(120896K) NonClass: 102652K(103232K)->102652K(103232K) Class: 17249K(17664K)->17249K(17664K)
[2026-09-25T23:50:21.482+0000][12.739s][info][gc             ] GC(8) Pause Young (Allocation Failure) 1295M->316M(3925M) 29.172ms
[2026-09-25T23:50:21.482+0000][12.739s][info][gc,cpu         ] GC(8) User=0.11s Sys=0.00s Real=0.03s
[2026-09-25T23:50:28.708+0000][19.965s][info][gc,start       ] GC(9) Pause Young (Allocation Failure)
[2026-09-25T23:50:28.766+0000][20.024s][info][gc,heap        ] GC(9) PSYoungGen: 1093959K(1223168K)->129605K(2233344K) Eden: 1048576K(1048576K)->0K(2075648K) From: 45383K(174592K)->129605K(157696K)
[2026-09-25T23:50:28.766+0000][20.024s][info][gc,heap        ] GC(9) ParOldGen: 278464K(2796544K)->278488K(2796544K)
[2026-09-25T23:50:28.766+0000][20.024s][info][gc,metaspace   ] GC(9) Metaspace: 150468K(151744K)->150468K(151744K) NonClass: 125997K(126720K)->125997K(126720K) Class: 24470K(25024K)->24470K(25024K)
[2026-09-25T23:50:28.766+0000][20.024s][info][gc             ] GC(9) Pause Young (Allocation Failure) 1340M->398M(4912M) 58.287ms
[2026-09-25T23:50:28.766+0000][20.024s][info][gc,cpu         ] GC(9) User=0.19s Sys=0.04s Real=0.06s
[2026-09-25T23:50:29.200+0000][20.458s][info][gc,start       ] GC(10) Pause Young (CodeCache GC Threshold)
[2026-09-25T23:50:29.265+0000][20.522s][info][gc,heap        ] GC(10) PSYoungGen: 282539K(2233344K)->139790K(2254848K) Eden: 152933K(2075648K)->0K(2075648K) From: 129605K(157696K)->139790K(179200K)
[2026-09-25T23:50:29.265+0000][20.522s][info][gc,heap        ] GC(10) ParOldGen: 278488K(2796544K)->278520K(2796544K)
[2026-09-25T23:50:29.265+0000][20.522s][info][gc,metaspace   ] GC(10) Metaspace: 150500K(151744K)->150500K(151744K) NonClass: 126029K(126720K)->126029K(126720K) Class: 24470K(25024K)->24470K(25024K)
[2026-09-25T23:50:29.265+0000][20.522s][info][gc             ] GC(10) Pause Young (CodeCache GC Threshold) 547M->408M(4933M) 64.408ms
[2026-09-25T23:50:29.265+0000][20.522s][info][gc,cpu         ] GC(10) User=0.21s Sys=0.02s Real=0.06s
[2026-09-25T23:50:29.265+0000][20.522s][info][gc,start       ] GC(11) Pause Full (CodeCache GC Threshold)
[2026-09-25T23:50:29.265+0000][20.522s][info][gc,phases,start] GC(11) Marking Phase
[2026-09-25T23:50:29.446+0000][20.703s][info][gc,phases      ] GC(11) Marking Phase 180.569ms
[2026-09-25T23:50:29.446+0000][20.703s][info][gc,phases,start] GC(11) Summary Phase
[2026-09-25T23:50:29.446+0000][20.703s][info][gc,phases      ] GC(11) Summary Phase 0.028ms
[2026-09-25T23:50:29.446+0000][20.703s][info][gc,phases,start] GC(11) Adjust Roots
[2026-09-25T23:50:29.467+0000][20.724s][info][gc,phases      ] GC(11) Adjust Roots 21.542ms
[2026-09-25T23:50:29.467+0000][20.724s][info][gc,phases,start] GC(11) Compaction Phase
[2026-09-25T23:50:29.804+0000][21.062s][info][gc,phases      ] GC(11) Compaction Phase 337.341ms
[2026-09-25T23:50:29.805+0000][21.062s][info][gc,phases,start] GC(11) Post Compact
[2026-09-25T23:50:29.810+0000][21.068s][info][gc,phases      ] GC(11) Post Compact 5.945ms
[2026-09-25T23:50:29.810+0000][21.068s][info][gc,heap        ] GC(11) PSYoungGen: 139790K(2254848K)->0K(2254848K) Eden: 0K(2075648K)->0K(2075648K) From: 139790K(179200K)->0K(179200K)
[2026-09-25T23:50:29.810+0000][21.068s][info][gc,heap        ] GC(11) ParOldGen: 278520K(2796544K)->378786K(2796544K)
[2026-09-25T23:50:29.810+0000][21.068s][info][gc,metaspace   ] GC(11) Metaspace: 150500K(151744K)->150436K(151744K) NonClass: 126029K(126720K)->125981K(126720K) Class: 24470K(25024K)->24455K(25024K)
[2026-09-25T23:50:29.811+0000][21.068s][info][gc             ] GC(11) Pause Full (CodeCache GC Threshold) 408M->369M(4933M) 545.597ms
[2026-09-25T23:50:29.811+0000][21.068s][info][gc,cpu         ] GC(11) User=1.94s Sys=0.04s Real=0.55s
[2026-09-25T23:50:34.267+0000][25.524s][info][gc,start       ] GC(12) Pause Young (Allocation Failure)
[2026-09-25T23:50:34.386+0000][25.644s][info][gc,heap        ] GC(12) PSYoungGen: 2075648K(2254848K)->196607K(2194432K) Eden: 2075648K(2075648K)->0K(1997824K) From: 0K(179200K)->196607K(196608K)
[2026-09-25T23:50:34.386+0000][25.644s][info][gc,heap        ] GC(12) ParOldGen: 378786K(2796544K)->525314K(2796544K)
[2026-09-25T23:50:34.386+0000][25.644s][info][gc,metaspace   ] GC(12) Metaspace: 152716K(154112K)->152716K(154112K) NonClass: 127885K(128704K)->127885K(128704K) Class: 24830K(25408K)->24830K(25408K)
[2026-09-25T23:50:34.386+0000][25.644s][info][gc             ] GC(12) Pause Young (Allocation Failure) 2396M->705M(4874M) 119.324ms
[2026-09-25T23:50:34.386+0000][25.644s][info][gc,cpu         ] GC(12) User=0.39s Sys=0.08s Real=0.12s
[2026-09-25T23:50:38.524+0000][29.781s][info][gc,start       ] GC(13) Pause Young (Allocation Failure)
[2026-09-25T23:50:38.678+0000][29.935s][info][gc,heap        ] GC(13) PSYoungGen: 2194431K(2194432K)->295911K(2293760K) Eden: 1997824K(1997824K)->0K(1997824K) From: 196607K(196608K)->295911K(295936K)
[2026-09-25T23:50:38.678+0000][29.935s][info][gc,heap        ] GC(13) ParOldGen: 525314K(2796544K)->754154K(2796544K)
[2026-09-25T23:50:38.678+0000][29.935s][info][gc,metaspace   ] GC(13) Metaspace: 153317K(154752K)->153317K(154752K) NonClass: 128404K(129216K)->128404K(129216K) Class: 24912K(25536K)->24912K(25536K)
[2026-09-25T23:50:38.678+0000][29.935s][info][gc             ] GC(13) Pause Young (Allocation Failure) 2656M->1025M(4971M) 153.894ms
[2026-09-25T23:50:38.678+0000][29.935s][info][gc,cpu         ] GC(13) User=0.52s Sys=0.08s Real=0.16s
[2026-09-25T23:50:42.203+0000][33.460s][info][gc,start       ] GC(14) Pause Young (Allocation Failure)
[2026-09-25T23:50:42.357+0000][33.615s][info][gc,heap        ] GC(14) PSYoungGen: 2293735K(2293760K)->396564K(2934784K) Eden: 1997824K(1997824K)->0K(2493440K) From: 295911K(295936K)->396564K(441344K)
[2026-09-25T23:50:42.357+0000][33.615s][info][gc,heap        ] GC(14) ParOldGen: 754154K(2796544K)->934893K(2796544K)
[2026-09-25T23:50:42.357+0000][33.615s][info][gc,metaspace   ] GC(14) Metaspace: 154014K(155456K)->154014K(155456K) NonClass: 129014K(129856K)->129014K(129856K) Class: 25000K(25600K)->25000K(25600K)
[2026-09-25T23:50:42.357+0000][33.615s][info][gc             ] GC(14) Pause Young (Allocation Failure) 2976M->1300M(5597M) 154.574ms
[2026-09-25T23:50:42.357+0000][33.615s][info][gc,cpu         ] GC(14) User=0.50s Sys=0.12s Real=0.16s
[2026-09-25T23:50:46.773+0000][38.030s][info][gc,start       ] GC(15) Pause Young (Allocation Failure)
[2026-09-25T23:50:46.989+0000][38.246s][info][gc,heap        ] GC(15) PSYoungGen: 2890004K(2934784K)->312652K(2806272K) Eden: 2493440K(2493440K)->0K(2493440K) From: 396564K(441344K)->312652K(312832K)
[2026-09-25T23:50:46.989+0000][38.246s][info][gc,heap        ] GC(15) ParOldGen: 934893K(2796544K)->1349614K(2796544K)
[2026-09-25T23:50:46.989+0000][38.246s][info][gc,metaspace   ] GC(15) Metaspace: 154585K(156032K)->154585K(156032K) NonClass: 129524K(130368K)->129524K(130368K) Class: 25060K(25664K)->25060K(25664K)
[2026-09-25T23:50:46.989+0000][38.246s][info][gc             ] GC(15) Pause Young (Allocation Failure) 3735M->1623M(5471M) 216.315ms
[2026-09-25T23:50:46.989+0000][38.246s][info][gc,cpu         ] GC(15) User=0.69s Sys=0.18s Real=0.22s
[2026-09-25T23:50:51.378+0000][42.635s][info][gc,start       ] GC(16) Pause Young (Allocation Failure)
[2026-09-25T23:50:51.580+0000][42.837s][info][gc,heap        ] GC(16) PSYoungGen: 2806092K(2806272K)->355378K(2925056K) Eden: 2493440K(2493440K)->0K(2408448K) From: 312652K(312832K)->355378K(516608K)
[2026-09-25T23:50:51.580+0000][42.837s][info][gc,heap        ] GC(16) ParOldGen: 1349614K(2796544K)->1674027K(2796544K)
[2026-09-25T23:50:51.580+0000][42.837s][info][gc,metaspace   ] GC(16) Metaspace: 154884K(156416K)->154884K(156416K) NonClass: 129806K(130688K)->129806K(130688K) Class: 25078K(25728K)->25078K(25728K)
[2026-09-25T23:50:51.580+0000][42.837s][info][gc             ] GC(16) Pause Young (Allocation Failure) 4058M->1981M(5587M) 201.811ms
[2026-09-25T23:50:51.580+0000][42.837s][info][gc,cpu         ] GC(16) User=0.69s Sys=0.10s Real=0.20s
[2026-09-25T23:50:56.271+0000][47.528s][info][gc,start       ] GC(17) Pause Young (GCLocker Initiated GC)
[2026-09-25T23:50:56.500+0000][47.757s][info][gc,heap        ] GC(17) PSYoungGen: 2763826K(2925056K)->343378K(2752000K) Eden: 2408448K(2408448K)->0K(2408448K) From: 355378K(516608K)->343378K(343552K)
[2026-09-25T23:50:56.500+0000][47.757s][info][gc,heap        ] GC(17) ParOldGen: 1674035K(2796544K)->2041155K(2796544K)
[2026-09-25T23:50:56.500+0000][47.757s][info][gc,metaspace   ] GC(17) Metaspace: 156211K(157632K)->156211K(157632K) NonClass: 131079K(131904K)->131079K(131904K) Class: 25132K(25728K)->25132K(25728K)
[2026-09-25T23:50:56.500+0000][47.757s][info][gc             ] GC(17) Pause Young (GCLocker Initiated GC) 4333M->2328M(5418M) 229.249ms
[2026-09-25T23:50:56.500+0000][47.757s][info][gc,cpu         ] GC(17) User=0.68s Sys=0.17s Real=0.23s
[2026-09-25T23:50:58.393+0000][49.650s][info][gc,start       ] GC(18) Pause Young (CodeCache GC Threshold)
[2026-09-25T23:50:58.570+0000][49.827s][info][gc,heap        ] GC(18) PSYoungGen: 1235191K(2752000K)->218971K(2968576K) Eden: 891812K(2408448K)->0K(2410496K) From: 343378K(343552K)->218971K(558080K)
[2026-09-25T23:50:58.570+0000][49.827s][info][gc,heap        ] GC(18) ParOldGen: 2041155K(2796544K)->2397440K(2796544K)
[2026-09-25T23:50:58.570+0000][49.827s][info][gc,metaspace   ] GC(18) Metaspace: 160758K(162304K)->160758K(162304K) NonClass: 134727K(135616K)->134727K(135616K) Class: 26030K(26688K)->26030K(26688K)
[2026-09-25T23:50:58.570+0000][49.827s][info][gc             ] GC(18) Pause Young (CodeCache GC Threshold) 3199M->2555M(5630M) 176.607ms
[2026-09-25T23:50:58.570+0000][49.827s][info][gc,cpu         ] GC(18) User=0.56s Sys=0.12s Real=0.18s
[2026-09-25T23:50:58.570+0000][49.827s][info][gc,start       ] GC(19) Pause Full (CodeCache GC Threshold)
[2026-09-25T23:50:58.570+0000][49.827s][info][gc,phases,start] GC(19) Marking Phase
[2026-09-25T23:50:58.981+0000][50.238s][info][gc,phases      ] GC(19) Marking Phase 411.285ms
[2026-09-25T23:50:58.981+0000][50.238s][info][gc,phases,start] GC(19) Summary Phase
[2026-09-25T23:50:58.981+0000][50.238s][info][gc,phases      ] GC(19) Summary Phase 0.094ms
[2026-09-25T23:50:58.981+0000][50.238s][info][gc,phases,start] GC(19) Adjust Roots
[2026-09-25T23:50:59.001+0000][50.258s][info][gc,phases      ] GC(19) Adjust Roots 19.607ms
[2026-09-25T23:50:59.001+0000][50.258s][info][gc,phases,start] GC(19) Compaction Phase
[2026-09-25T23:50:59.404+0000][50.662s][info][gc,phases      ] GC(19) Compaction Phase 403.586ms
[2026-09-25T23:50:59.404+0000][50.662s][info][gc,phases,start] GC(19) Post Compact
[2026-09-25T23:50:59.438+0000][50.695s][info][gc,phases      ] GC(19) Post Compact 33.716ms
[2026-09-25T23:50:59.438+0000][50.695s][info][gc,heap        ] GC(19) PSYoungGen: 218971K(2968576K)->0K(2968576K) Eden: 0K(2410496K)->0K(2410496K) From: 218971K(558080K)->0K(558080K)
[2026-09-25T23:50:59.438+0000][50.695s][info][gc,heap        ] GC(19) ParOldGen: 2397440K(2796544K)->1460135K(2796544K)
[2026-09-25T23:50:59.438+0000][50.695s][info][gc,metaspace   ] GC(19) Metaspace: 160758K(162304K)->160701K(162304K) NonClass: 134727K(135616K)->134686K(135616K) Class: 26030K(26688K)->26015K(26688K)
[2026-09-25T23:50:59.438+0000][50.695s][info][gc             ] GC(19) Pause Full (CodeCache GC Threshold) 2555M->1425M(5630M) 868.483ms
[2026-09-25T23:50:59.438+0000][50.696s][info][gc,cpu         ] GC(19) User=3.05s Sys=0.08s Real=0.87s
[2026-09-25T23:51:09.053+0000][60.310s][info][gc,start       ] GC(20) Pause Young (Allocation Failure)
[2026-09-25T23:51:09.165+0000][60.423s][info][gc,heap        ] GC(20) PSYoungGen: 2410496K(2968576K)->325773K(2936832K) Eden: 2410496K(2410496K)->0K(2410496K) From: 0K(558080K)->325773K(526336K)
[2026-09-25T23:51:09.165+0000][60.423s][info][gc,heap        ] GC(20) ParOldGen: 1460137K(2796544K)->1460145K(2796544K)
[2026-09-25T23:51:09.165+0000][60.423s][info][gc,metaspace   ] GC(20) Metaspace: 164611K(166272K)->164611K(166272K) NonClass: 138289K(139264K)->138289K(139264K) Class: 26321K(27008K)->26321K(27008K)
[2026-09-25T23:51:09.165+0000][60.423s][info][gc             ] GC(20) Pause Young (Allocation Failure) 3779M->1744M(5599M) 112.180ms
[2026-09-25T23:51:09.165+0000][60.423s][info][gc,cpu         ] GC(20) User=0.45s Sys=0.00s Real=0.11s
[2026-09-25T23:51:13.331+0000][64.588s][info][gc,start       ] GC(21) Pause Young (CodeCache GC Threshold)
[2026-09-25T23:51:13.483+0000][64.740s][info][gc,heap        ] GC(21) PSYoungGen: 2178253K(2936832K)->165586K(2908160K) Eden: 1852480K(2410496K)->0K(2410496K) From: 325773K(526336K)->165586K(497664K)
[2026-09-25T23:51:13.483+0000][64.740s][info][gc,heap        ] GC(21) ParOldGen: 1460145K(2796544K)->1775620K(2796544K)
[2026-09-25T23:51:13.483+0000][64.740s][info][gc,metaspace   ] GC(21) Metaspace: 164951K(166592K)->164951K(166592K) NonClass: 138597K(139520K)->138597K(139520K) Class: 26354K(27072K)->26354K(27072K)
[2026-09-25T23:51:13.483+0000][64.740s][info][gc             ] GC(21) Pause Young (CodeCache GC Threshold) 3553M->1895M(5571M) 151.677ms
[2026-09-25T23:51:13.483+0000][64.740s][info][gc,cpu         ] GC(21) User=0.61s Sys=0.00s Real=0.15s
[2026-09-25T23:51:13.483+0000][64.740s][info][gc,start       ] GC(22) Pause Full (CodeCache GC Threshold)
[2026-09-25T23:51:13.483+0000][64.740s][info][gc,phases,start] GC(22) Marking Phase
[2026-09-25T23:51:14.028+0000][65.285s][info][gc,phases      ] GC(22) Marking Phase 545.011ms
[2026-09-25T23:51:14.028+0000][65.285s][info][gc,phases,start] GC(22) Summary Phase
[2026-09-25T23:51:14.028+0000][65.285s][info][gc,phases      ] GC(22) Summary Phase 0.042ms
[2026-09-25T23:51:14.028+0000][65.285s][info][gc,phases,start] GC(22) Adjust Roots
[2026-09-25T23:51:14.052+0000][65.310s][info][gc,phases      ] GC(22) Adjust Roots 24.504ms
[2026-09-25T23:51:14.052+0000][65.310s][info][gc,phases,start] GC(22) Compaction Phase
[2026-09-25T23:51:14.858+0000][66.115s][info][gc,phases      ] GC(22) Compaction Phase 805.862ms
[2026-09-25T23:51:14.858+0000][66.116s][info][gc,phases,start] GC(22) Post Compact
[2026-09-25T23:51:14.867+0000][66.125s][info][gc,phases      ] GC(22) Post Compact 9.084ms
[2026-09-25T23:51:14.867+0000][66.125s][info][gc,heap        ] GC(22) PSYoungGen: 165586K(2908160K)->0K(2908160K) Eden: 0K(2410496K)->0K(2410496K) From: 165586K(497664K)->0K(497664K)
[2026-09-25T23:51:14.867+0000][66.125s][info][gc,heap        ] GC(22) ParOldGen: 1775620K(2796544K)->1921170K(2796544K)
[2026-09-25T23:51:14.867+0000][66.125s][info][gc,metaspace   ] GC(22) Metaspace: 164951K(166592K)->164897K(166592K) NonClass: 138597K(139520K)->138556K(139520K) Class: 26354K(27072K)->26340K(27072K)
[2026-09-25T23:51:14.867+0000][66.125s][info][gc             ] GC(22) Pause Full (CodeCache GC Threshold) 1895M->1876M(5571M) 1384.698ms
[2026-09-25T23:51:14.867+0000][66.125s][info][gc,cpu         ] GC(22) User=5.16s Sys=0.03s Real=1.39s
[2026-09-25T23:51:19.485+0000][70.743s][info][gc,start       ] GC(23) Pause Young (Allocation Failure)
[2026-09-25T23:51:19.614+0000][70.871s][info][gc,heap        ] GC(23) PSYoungGen: 2410496K(2908160K)->187458K(2926080K) Eden: 2410496K(2410496K)->0K(2410496K) From: 0K(497664K)->187458K(515584K)
[2026-09-25T23:51:19.614+0000][70.871s][info][gc,heap        ] GC(23) ParOldGen: 1921170K(2796544K)->1921178K(2796544K)
[2026-09-25T23:51:19.614+0000][70.871s][info][gc,metaspace   ] GC(23) Metaspace: 164924K(166592K)->164924K(166592K) NonClass: 138581K(139520K)->138581K(139520K) Class: 26343K(27072K)->26343K(27072K)
[2026-09-25T23:51:19.614+0000][70.871s][info][gc             ] GC(23) Pause Young (Allocation Failure) 4230M->2059M(5588M) 128.730ms
[2026-09-25T23:51:19.614+0000][70.871s][info][gc,cpu         ] GC(23) User=0.50s Sys=0.01s Real=0.13s
[2026-09-25T23:51:23.657+0000][74.914s][info][gc,start       ] GC(24) Pause Young (Allocation Failure)
[2026-09-25T23:51:23.803+0000][75.060s][info][gc,heap        ] GC(24) PSYoungGen: 2597954K(2926080K)->170706K(2948608K) Eden: 2410496K(2410496K)->0K(2485760K) From: 187458K(515584K)->170706K(462848K)
[2026-09-25T23:51:23.803+0000][75.060s][info][gc,heap        ] GC(24) ParOldGen: 1921178K(2796544K)->2090182K(2796544K)
[2026-09-25T23:51:23.803+0000][75.060s][info][gc,metaspace   ] GC(24) Metaspace: 164985K(166592K)->164985K(166592K) NonClass: 138602K(139520K)->138602K(139520K) Class: 26382K(27072K)->26382K(27072K)
[2026-09-25T23:51:23.803+0000][75.060s][info][gc             ] GC(24) Pause Young (Allocation Failure) 4413M->2207M(5610M) 145.694ms
[2026-09-25T23:51:23.803+0000][75.060s][info][gc,cpu         ] GC(24) User=0.57s Sys=0.00s Real=0.14s
[2026-09-25T23:51:27.576+0000][78.834s][info][gc,start       ] GC(25) Pause Young (Allocation Failure)
[2026-09-25T23:51:27.713+0000][78.970s][info][gc,heap        ] GC(25) PSYoungGen: 2656466K(2948608K)->159426K(2961920K) Eden: 2485760K(2485760K)->0K(2485760K) From: 170706K(462848K)->159426K(476160K)
[2026-09-25T23:51:27.713+0000][78.970s][info][gc,heap        ] GC(25) ParOldGen: 2090182K(2796544K)->2238652K(2796544K)
[2026-09-25T23:51:27.713+0000][78.970s][info][gc,metaspace   ] GC(25) Metaspace: 165109K(166784K)->165109K(166784K) NonClass: 138691K(139648K)->138691K(139648K) Class: 26417K(27136K)->26417K(27136K)
[2026-09-25T23:51:27.713+0000][78.970s][info][gc             ] GC(25) Pause Young (Allocation Failure) 4635M->2341M(5623M) 136.563ms
[2026-09-25T23:51:27.713+0000][78.970s][info][gc,cpu         ] GC(25) User=0.53s Sys=0.00s Real=0.13s
[2026-09-25T23:51:31.091+0000][82.348s][info][gc,start       ] GC(26) Pause Young (Allocation Failure)
[2026-09-25T23:51:31.232+0000][82.490s][info][gc,heap        ] GC(26) PSYoungGen: 2645186K(2961920K)->157139K(2991616K) Eden: 2485760K(2485760K)->0K(2558464K) From: 159426K(476160K)->157139K(433152K)
[2026-09-25T23:51:31.232+0000][82.490s][info][gc,heap        ] GC(26) ParOldGen: 2238652K(2796544K)->2374333K(2796544K)
[2026-09-25T23:51:31.232+0000][82.490s][info][gc,metaspace   ] GC(26) Metaspace: 165212K(166848K)->165212K(166848K) NonClass: 138782K(139712K)->138782K(139712K) Class: 26429K(27136K)->26429K(27136K)
[2026-09-25T23:51:31.232+0000][82.490s][info][gc             ] GC(26) Pause Young (Allocation Failure) 4769M->2472M(5652M) 141.266ms
[2026-09-25T23:51:31.232+0000][82.490s][info][gc,cpu         ] GC(26) User=0.56s Sys=0.00s Real=0.14s
[2026-09-25T23:51:34.806+0000][86.063s][info][gc,start       ] GC(27) Pause Young (Allocation Failure)
[2026-09-25T23:51:34.938+0000][86.195s][info][gc,heap        ] GC(27) PSYoungGen: 2715603K(2991616K)->74177K(3003904K) Eden: 2558464K(2558464K)->0K(2558464K) From: 157139K(433152K)->74177K(445440K)
[2026-09-25T23:51:34.938+0000][86.195s][info][gc,heap        ] GC(27) ParOldGen: 2374333K(2796544K)->2506596K(2796544K)
[2026-09-25T23:51:34.938+0000][86.195s][info][gc,metaspace   ] GC(27) Metaspace: 165452K(167040K)->165452K(167040K) NonClass: 139018K(139904K)->139018K(139904K) Class: 26434K(27136K)->26434K(27136K)
[2026-09-25T23:51:34.938+0000][86.195s][info][gc             ] GC(27) Pause Young (Allocation Failure) 4970M->2520M(5664M) 132.218ms
[2026-09-25T23:51:34.938+0000][86.195s][info][gc,cpu         ] GC(27) User=0.48s Sys=0.03s Real=0.14s
[2026-09-25T23:51:38.467+0000][89.725s][info][gc,start       ] GC(28) Pause Young (Allocation Failure)
[2026-09-25T23:51:38.544+0000][89.802s][info][gc,heap        ] GC(28) PSYoungGen: 2632641K(3003904K)->12736K(3038720K) Eden: 2558464K(2558464K)->0K(2594816K) From: 74177K(445440K)->12736K(443904K)
[2026-09-25T23:51:38.545+0000][89.802s][info][gc,heap        ] GC(28) ParOldGen: 2506596K(2796544K)->2580041K(2796544K)
[2026-09-25T23:51:38.545+0000][89.802s][info][gc,metaspace   ] GC(28) Metaspace: 165452K(167040K)->165452K(167040K) NonClass: 139018K(139904K)->139018K(139904K) Class: 26434K(27136K)->26434K(27136K)
[2026-09-25T23:51:38.545+0000][89.802s][info][gc             ] GC(28) Pause Young (Allocation Failure) 5018M->2532M(5698M) 77.221ms
[2026-09-25T23:51:38.545+0000][89.802s][info][gc,cpu         ] GC(28) User=0.25s Sys=0.03s Real=0.07s
[2026-09-25T23:51:41.919+0000][93.176s][info][gc,start       ] GC(29) Pause Young (Allocation Failure)
[2026-09-25T23:51:41.930+0000][93.188s][info][gc,heap        ] GC(29) PSYoungGen: 2607552K(3038720K)->11744K(2606592K) Eden: 2594816K(2594816K)->0K(2594816K) From: 12736K(443904K)->11744K(11776K)
[2026-09-25T23:51:41.930+0000][93.188s][info][gc,heap        ] GC(29) ParOldGen: 2580041K(2796544K)->2590745K(2796544K)
[2026-09-25T23:51:41.930+0000][93.188s][info][gc,metaspace   ] GC(29) Metaspace: 165452K(167040K)->165452K(167040K) NonClass: 139018K(139904K)->139018K(139904K) Class: 26434K(27136K)->26434K(27136K)
[2026-09-25T23:51:41.930+0000][93.188s][info][gc             ] GC(29) Pause Young (Allocation Failure) 5066M->2541M(5276M) 11.384ms
[2026-09-25T23:51:41.930+0000][93.188s][info][gc,cpu         ] GC(29) User=0.03s Sys=0.01s Real=0.01s
[2026-09-25T23:51:45.291+0000][96.548s][info][gc,start       ] GC(30) Pause Young (Allocation Failure)
[2026-09-25T23:51:45.303+0000][96.560s][info][gc,heap        ] GC(30) PSYoungGen: 2606560K(2606592K)->11648K(3048448K) Eden: 2594816K(2594816K)->0K(2597888K) From: 11744K(11776K)->11648K(450560K)
[2026-09-25T23:51:45.303+0000][96.560s][info][gc,heap        ] GC(30) ParOldGen: 2590745K(2796544K)->2601465K(2796544K)
[2026-09-25T23:51:45.303+0000][96.560s][info][gc,metaspace   ] GC(30) Metaspace: 165452K(167040K)->165452K(167040K) NonClass: 139018K(139904K)->139018K(139904K) Class: 26434K(27136K)->26434K(27136K)
[2026-09-25T23:51:45.303+0000][96.560s][info][gc             ] GC(30) Pause Young (Allocation Failure) 5075M->2551M(5708M) 11.726ms
[2026-09-25T23:51:45.303+0000][96.560s][info][gc,cpu         ] GC(30) User=0.04s Sys=0.00s Real=0.01s
[2026-09-25T23:51:48.712+0000][99.969s][info][gc,start       ] GC(31) Pause Young (Allocation Failure)
[2026-09-25T23:51:48.727+0000][99.985s][info][gc,heap        ] GC(31) PSYoungGen: 2609536K(3048448K)->11584K(2609664K) Eden: 2597888K(2597888K)->0K(2597888K) From: 11648K(450560K)->11584K(11776K)
[2026-09-25T23:51:48.727+0000][99.985s][info][gc,heap        ] GC(31) ParOldGen: 2601465K(2796544K)->2612113K(2796544K)
[2026-09-25T23:51:48.727+0000][99.985s][info][gc,metaspace   ] GC(31) Metaspace: 165453K(167040K)->165453K(167040K) NonClass: 139019K(139904K)->139019K(139904K) Class: 26434K(27136K)->26434K(27136K)
[2026-09-25T23:51:48.727+0000][99.985s][info][gc             ] GC(31) Pause Young (Allocation Failure) 5088M->2562M(5279M) 15.363ms
[2026-09-25T23:51:48.727+0000][99.985s][info][gc,cpu         ] GC(31) User=0.03s Sys=0.01s Real=0.02s
[2026-09-25T23:51:52.267+0000][103.525s][info][gc,start       ] GC(32) Pause Young (Allocation Failure)
[2026-09-25T23:51:52.279+0000][103.536s][info][gc,heap        ] GC(32) PSYoungGen: 2609472K(2609664K)->12896K(3047936K) Eden: 2597888K(2597888K)->0K(2608640K) From: 11584K(11776K)->12896K(439296K)
[2026-09-25T23:51:52.279+0000][103.536s][info][gc,heap        ] GC(32) ParOldGen: 2612113K(2796544K)->2622665K(2796544K)
[2026-09-25T23:51:52.279+0000][103.536s][info][gc,metaspace   ] GC(32) Metaspace: 165455K(167040K)->165455K(167040K) NonClass: 139020K(139904K)->139020K(139904K) Class: 26434K(27136K)->26434K(27136K)
[2026-09-25T23:51:52.279+0000][103.536s][info][gc             ] GC(32) Pause Young (Allocation Failure) 5099M->2573M(5707M) 11.612ms
[2026-09-25T23:51:52.279+0000][103.536s][info][gc,cpu         ] GC(32) User=0.03s Sys=0.01s Real=0.01s
[2026-09-25T23:51:55.726+0000][106.983s][info][gc,start       ] GC(33) Pause Young (Allocation Failure)
[2026-09-25T23:51:55.738+0000][106.995s][info][gc,heap        ] GC(33) PSYoungGen: 2621536K(3047936K)->12384K(3037184K) Eden: 2608640K(2608640K)->0K(2608640K) From: 12896K(439296K)->12384K(428544K)
[2026-09-25T23:51:55.738+0000][106.995s][info][gc,heap        ] GC(33) ParOldGen: 2622665K(2796544K)->2633505K(2796544K)
[2026-09-25T23:51:55.738+0000][106.995s][info][gc,metaspace   ] GC(33) Metaspace: 165456K(167040K)->165456K(167040K) NonClass: 139022K(139904K)->139022K(139904K) Class: 26434K(27136K)->26434K(27136K)
[2026-09-25T23:51:55.738+0000][106.995s][info][gc             ] GC(33) Pause Young (Allocation Failure) 5121M->2583M(5697M) 12.367ms
[2026-09-25T23:51:55.738+0000][106.996s][info][gc,cpu         ] GC(33) User=0.04s Sys=0.01s Real=0.02s
[2026-09-25T23:51:59.216+0000][110.473s][info][gc,start       ] GC(34) Pause Young (Allocation Failure)
[2026-09-25T23:51:59.230+0000][110.487s][info][gc,heap        ] GC(34) PSYoungGen: 2621024K(3037184K)->11616K(2792960K) Eden: 2608640K(2608640K)->0K(2515968K) From: 12384K(428544K)->11616K(276992K)
[2026-09-25T23:51:59.230+0000][110.487s][info][gc,heap        ] GC(34) ParOldGen: 2633505K(2796544K)->2643825K(2796544K)
[2026-09-25T23:51:59.230+0000][110.487s][info][gc,metaspace   ] GC(34) Metaspace: 165460K(167104K)->165460K(167104K) NonClass: 139026K(139968K)->139026K(139968K) Class: 26434K(27136K)->26434K(27136K)
[2026-09-25T23:51:59.230+0000][110.487s][info][gc             ] GC(34) Pause Young (Allocation Failure) 5131M->2593M(5458M) 14.063ms
[2026-09-25T23:51:59.230+0000][110.487s][info][gc,cpu         ] GC(34) User=0.03s Sys=0.00s Real=0.02s
[2026-09-25T23:52:02.756+0000][114.013s][info][gc,start       ] GC(35) Pause Young (Allocation Failure)
[2026-09-25T23:52:02.767+0000][114.025s][info][gc,heap        ] GC(35) PSYoungGen: 2527584K(2792960K)->11488K(2439168K) Eden: 2515968K(2515968K)->0K(2427392K) From: 11616K(276992K)->11488K(11776K)
[2026-09-25T23:52:02.767+0000][114.025s][info][gc,heap        ] GC(35) ParOldGen: 2643825K(2796544K)->2654425K(2796544K)
[2026-09-25T23:52:02.767+0000][114.025s][info][gc,metaspace   ] GC(35) Metaspace: 165468K(167104K)->165468K(167104K) NonClass: 139033K(139968K)->139033K(139968K) Class: 26434K(27136K)->26434K(27136K)
[2026-09-25T23:52:02.767+0000][114.025s][info][gc             ] GC(35) Pause Young (Allocation Failure) 5050M->2603M(5113M) 11.144ms
[2026-09-25T23:52:02.767+0000][114.025s][info][gc,cpu         ] GC(35) User=0.03s Sys=0.00s Real=0.01s
[2026-09-25T23:52:06.075+0000][117.333s][info][gc,start       ] GC(36) Pause Young (Allocation Failure)
[2026-09-25T23:52:06.086+0000][117.344s][info][gc,heap        ] GC(36) PSYoungGen: 2438589K(2439168K)->10336K(2612224K) Eden: 2427101K(2427392K)->0K(2342912K) From: 11488K(11776K)->10336K(269312K)
[2026-09-25T23:52:06.086+0000][117.344s][info][gc,heap        ] GC(36) ParOldGen: 2654425K(2796544K)->2664929K(2796544K)
[2026-09-25T23:52:06.086+0000][117.344s][info][gc,metaspace   ] GC(36) Metaspace: 165469K(167104K)->165469K(167104K) NonClass: 139035K(139968K)->139035K(139968K) Class: 26434K(27136K)->26434K(27136K)
[2026-09-25T23:52:06.086+0000][117.344s][info][gc             ] GC(36) Pause Young (Allocation Failure) 4973M->2612M(5282M) 11.309ms
[2026-09-25T23:52:06.086+0000][117.344s][info][gc,cpu         ] GC(36) User=0.03s Sys=0.00s Real=0.02s
[2026-09-25T23:52:09.304+0000][120.561s][info][gc,start       ] GC(37) Pause Young (Allocation Failure)
[2026-09-25T23:52:09.316+0000][120.573s][info][gc,heap        ] GC(37) PSYoungGen: 2353248K(2612224K)->10688K(2272768K) Eden: 2342912K(2342912K)->0K(2262016K) From: 10336K(269312K)->10688K(10752K)
[2026-09-25T23:52:09.316+0000][120.573s][info][gc,heap        ] GC(37) ParOldGen: 2664929K(2796544K)->2675289K(2796544K)
[2026-09-25T23:52:09.316+0000][120.573s][info][gc,metaspace   ] GC(37) Metaspace: 165471K(167104K)->165471K(167104K) NonClass: 139036K(139968K)->139036K(139968K) Class: 26434K(27136K)->26434K(27136K)
[2026-09-25T23:52:09.316+0000][120.573s][info][gc             ] GC(37) Pause Young (Allocation Failure) 4900M->2623M(4950M) 12.004ms
[2026-09-25T23:52:09.316+0000][120.573s][info][gc,cpu         ] GC(37) User=0.04s Sys=0.01s Real=0.02s
[2026-09-25T23:52:12.447+0000][123.704s][info][gc,start       ] GC(38) Pause Young (Allocation Failure)
[2026-09-25T23:52:12.457+0000][123.714s][info][gc,heap        ] GC(38) PSYoungGen: 2272704K(2272768K)->9120K(2429440K) Eden: 2262016K(2262016K)->0K(2185216K) From: 10688K(10752K)->9120K(244224K)
[2026-09-25T23:52:12.457+0000][123.714s][info][gc,heap        ] GC(38) ParOldGen: 2675289K(2796544K)->2684985K(2796544K)
[2026-09-25T23:52:12.457+0000][123.714s][info][gc,metaspace   ] GC(38) Metaspace: 165471K(167104K)->165471K(167104K) NonClass: 139036K(139968K)->139036K(139968K) Class: 26434K(27136K)->26434K(27136K)
[2026-09-25T23:52:12.457+0000][123.715s][info][gc             ] GC(38) Pause Young (Allocation Failure) 4832M->2630M(5103M) 10.406ms
[2026-09-25T23:52:12.457+0000][123.715s][info][gc,cpu         ] GC(38) User=0.03s Sys=0.00s Real=0.01s
[2026-09-25T23:52:15.505+0000][126.762s][info][gc,start       ] GC(39) Pause Young (Allocation Failure)
[2026-09-25T23:52:15.514+0000][126.771s][info][gc,heap        ] GC(39) PSYoungGen: 2194336K(2429440K)->9600K(2121216K) Eden: 2185216K(2185216K)->0K(2111488K) From: 9120K(244224K)->9600K(9728K)
[2026-09-25T23:52:15.514+0000][126.772s][info][gc,heap        ] GC(39) ParOldGen: 2684985K(2796544K)->2694129K(2796544K)
[2026-09-25T23:52:15.514+0000][126.772s][info][gc,metaspace   ] GC(39) Metaspace: 165473K(167104K)->165473K(167104K) NonClass: 139039K(139968K)->139039K(139968K) Class: 26434K(27136K)->26434K(27136K)
[2026-09-25T23:52:15.514+0000][126.772s][info][gc             ] GC(39) Pause Young (Allocation Failure) 4764M->2640M(4802M) 9.651ms
[2026-09-25T23:52:15.514+0000][126.772s][info][gc,cpu         ] GC(39) User=0.03s Sys=0.00s Real=0.01s
[2026-09-25T23:52:18.494+0000][129.752s][info][gc,start       ] GC(40) Pause Young (Allocation Failure)
[2026-09-25T23:52:18.504+0000][129.761s][info][gc,heap        ] GC(40) PSYoungGen: 2121088K(2121216K)->10528K(2257920K) Eden: 2111488K(2111488K)->0K(2041344K) From: 9600K(9728K)->10528K(216576K)
[2026-09-25T23:52:18.504+0000][129.761s][info][gc,heap        ] GC(40) ParOldGen: 2694129K(2796544K)->2702689K(2796544K)
[2026-09-25T23:52:18.504+0000][129.761s][info][gc,metaspace   ] GC(40) Metaspace: 165475K(167104K)->165475K(167104K) NonClass: 139041K(139968K)->139041K(139968K) Class: 26434K(27136K)->26434K(27136K)
[2026-09-25T23:52:18.504+0000][129.761s][info][gc             ] GC(40) Pause Young (Allocation Failure) 4702M->2649M(4936M) 9.661ms
[2026-09-25T23:52:18.504+0000][129.761s][info][gc,cpu         ] GC(40) User=0.03s Sys=0.01s Real=0.01s
[2026-09-25T23:52:21.546+0000][132.803s][info][gc,start       ] GC(41) Pause Young (Allocation Failure)
[2026-09-25T23:52:21.555+0000][132.813s][info][gc,heap        ] GC(41) PSYoungGen: 2051872K(2257920K)->9536K(1984000K) Eden: 2041344K(2041344K)->0K(1974272K) From: 10528K(216576K)->9536K(9728K)
[2026-09-25T23:52:21.555+0000][132.813s][info][gc,heap        ] GC(41) ParOldGen: 2702689K(2796544K)->2711153K(2796544K)
[2026-09-25T23:52:21.555+0000][132.813s][info][gc,metaspace   ] GC(41) Metaspace: 165487K(167104K)->165487K(167104K) NonClass: 139053K(139968K)->139053K(139968K) Class: 26434K(27136K)->26434K(27136K)
[2026-09-25T23:52:21.555+0000][132.813s][info][gc             ] GC(41) Pause Young (Allocation Failure) 4643M->2656M(4668M) 9.572ms
[2026-09-25T23:52:21.555+0000][132.813s][info][gc,cpu         ] GC(41) User=0.03s Sys=0.01s Real=0.01s
[2026-09-25T23:52:24.504+0000][135.761s][info][gc,start       ] GC(42) Pause Young (Allocation Failure)
[2026-09-25T23:52:24.513+0000][135.771s][info][gc,heap        ] GC(42) PSYoungGen: 1983808K(1984000K)->9088K(2100736K) Eden: 1974272K(1974272K)->0K(1910272K) From: 9536K(9728K)->9088K(190464K)
[2026-09-25T23:52:24.513+0000][135.771s][info][gc,heap        ] GC(42) ParOldGen: 2711153K(2796544K)->2719609K(2796544K)
[2026-09-25T23:52:24.513+0000][135.771s][info][gc,metaspace   ] GC(42) Metaspace: 165489K(167104K)->165489K(167104K) NonClass: 139055K(139968K)->139055K(139968K) Class: 26434K(27136K)->26434K(27136K)
[2026-09-25T23:52:24.513+0000][135.771s][info][gc             ] GC(42) Pause Young (Allocation Failure) 4584M->2664M(4782M) 9.824ms
[2026-09-25T23:52:24.513+0000][135.771s][info][gc,cpu         ] GC(42) User=0.04s Sys=0.00s Real=0.01s
[2026-09-25T23:52:27.269+0000][138.526s][info][gc,start       ] GC(43) Pause Young (Allocation Failure)
[2026-09-25T23:52:27.278+0000][138.535s][info][gc,heap        ] GC(43) PSYoungGen: 1918555K(2100736K)->8896K(1858048K) Eden: 1909467K(1910272K)->0K(1848832K) From: 9088K(190464K)->8896K(9216K)
[2026-09-25T23:52:27.278+0000][138.535s][info][gc,heap        ] GC(43) ParOldGen: 2719609K(2796544K)->2727681K(2796544K)
[2026-09-25T23:52:27.278+0000][138.535s][info][gc,metaspace   ] GC(43) Metaspace: 165489K(167104K)->165489K(167104K) NonClass: 139055K(139968K)->139055K(139968K) Class: 26434K(27136K)->26434K(27136K)
[2026-09-25T23:52:27.278+0000][138.535s][info][gc             ] GC(43) Pause Young (Allocation Failure) 4529M->2672M(4545M) 9.301ms
[2026-09-25T23:52:27.278+0000][138.535s][info][gc,cpu         ] GC(43) User=0.03s Sys=0.00s Real=0.01s
[2026-09-25T23:52:29.997+0000][141.254s][info][gc,start       ] GC(44) Pause Young (Allocation Failure)
[2026-09-25T23:52:30.007+0000][141.264s][info][gc,heap        ] GC(44) PSYoungGen: 1857728K(1858048K)->10720K(1955840K) Eden: 1848832K(1848832K)->0K(1789952K) From: 8896K(9216K)->10720K(165888K)
[2026-09-25T23:52:30.007+0000][141.264s][info][gc,heap        ] GC(44) ParOldGen: 2727681K(2796544K)->2735521K(2796544K)
[2026-09-25T23:52:30.007+0000][141.264s][info][gc,metaspace   ] GC(44) Metaspace: 165495K(167168K)->165495K(167168K) NonClass: 139060K(140032K)->139060K(140032K) Class: 26434K(27136K)->26434K(27136K)
[2026-09-25T23:52:30.007+0000][141.264s][info][gc             ] GC(44) Pause Young (Allocation Failure) 4477M->2681M(4641M) 9.864ms
[2026-09-25T23:52:30.007+0000][141.264s][info][gc,cpu         ] GC(44) User=0.03s Sys=0.00s Real=0.01s
[2026-09-25T23:52:32.655+0000][143.912s][info][gc,start       ] GC(45) Pause Young (Allocation Failure)
[2026-09-25T23:52:32.664+0000][143.921s][info][gc,heap        ] GC(45) PSYoungGen: 1800672K(1955840K)->8608K(1742336K) Eden: 1789952K(1789952K)->0K(1733632K) From: 10720K(165888K)->8608K(8704K)
[2026-09-25T23:52:32.664+0000][143.921s][info][gc,heap        ] GC(45) ParOldGen: 2735521K(2796544K)->2744153K(2796544K)
[2026-09-25T23:52:32.664+0000][143.921s][info][gc,metaspace   ] GC(45) Metaspace: 165512K(167168K)->165512K(167168K) NonClass: 139076K(140032K)->139076K(140032K) Class: 26435K(27136K)->26435K(27136K)
[2026-09-25T23:52:32.664+0000][143.921s][info][gc             ] GC(45) Pause Young (Allocation Failure) 4429M->2688M(4432M) 9.355ms
[2026-09-25T23:52:32.664+0000][143.921s][info][gc,cpu         ] GC(45) User=0.02s Sys=0.01s Real=0.01s
[2026-09-25T23:52:35.286+0000][146.543s][info][gc,start       ] GC(46) Pause Young (Allocation Failure)
[2026-09-25T23:52:35.295+0000][146.552s][info][gc,heap        ] GC(46) PSYoungGen: 1742158K(1742336K)->8320K(1824256K) Eden: 1733550K(1733632K)->0K(1679872K) From: 8608K(8704K)->8320K(144384K)
[2026-09-25T23:52:35.295+0000][146.552s][info][gc,heap        ] GC(46) ParOldGen: 2744153K(2796544K)->2751697K(2796544K)
[2026-09-25T23:52:35.295+0000][146.552s][info][gc,metaspace   ] GC(46) Metaspace: 165512K(167168K)->165512K(167168K) NonClass: 139076K(140032K)->139076K(140032K) Class: 26435K(27136K)->26435K(27136K)
[2026-09-25T23:52:35.295+0000][146.552s][info][gc             ] GC(46) Pause Young (Allocation Failure) 4381M->2695M(4512M) 9.014ms
[2026-09-25T23:52:35.295+0000][146.552s][info][gc,cpu         ] GC(46) User=0.03s Sys=0.00s Real=0.00s
[2026-09-25T23:52:37.780+0000][149.037s][info][gc,start       ] GC(47) Pause Young (Allocation Failure)
[2026-09-25T23:52:37.789+0000][149.046s][info][gc,heap        ] GC(47) PSYoungGen: 1688192K(1824256K)->7168K(1635328K) Eden: 1679872K(1679872K)->0K(1628160K) From: 8320K(144384K)->7168K(7168K)
[2026-09-25T23:52:37.789+0000][149.046s][info][gc,heap        ] GC(47) ParOldGen: 2751697K(2796544K)->2758993K(2796544K)
[2026-09-25T23:52:37.789+0000][149.046s][info][gc,metaspace   ] GC(47) Metaspace: 165512K(167168K)->165512K(167168K) NonClass: 139076K(140032K)->139076K(140032K) Class: 26435K(27136K)->26435K(27136K)
[2026-09-25T23:52:37.789+0000][149.046s][info][gc             ] GC(47) Pause Young (Allocation Failure) 4335M->2701M(4328M) 8.635ms
[2026-09-25T23:52:37.789+0000][149.046s][info][gc,cpu         ] GC(47) User=0.03s Sys=0.01s Real=0.01s
[2026-09-25T23:52:40.261+0000][151.518s][info][gc,start       ] GC(48) Pause Young (Allocation Failure)
[2026-09-25T23:52:40.270+0000][151.527s][info][gc,heap        ] GC(48) PSYoungGen: 1635328K(1635328K)->6848K(1704448K) Eden: 1628160K(1628160K)->0K(1579008K) From: 7168K(7168K)->6848K(125440K)
[2026-09-25T23:52:40.270+0000][151.527s][info][gc,heap        ] GC(48) ParOldGen: 2758993K(2796544K)->2766137K(2796544K)
[2026-09-25T23:52:40.270+0000][151.527s][info][gc,metaspace   ] GC(48) Metaspace: 165512K(167168K)->165512K(167168K) NonClass: 139076K(140032K)->139076K(140032K) Class: 26435K(27136K)->26435K(27136K)
[2026-09-25T23:52:40.270+0000][151.527s][info][gc             ] GC(48) Pause Young (Allocation Failure) 4291M->2707M(4395M) 9.086ms
[2026-09-25T23:52:40.270+0000][151.527s][info][gc,cpu         ] GC(48) User=0.03s Sys=0.00s Real=0.01s
[2026-09-25T23:52:42.672+0000][153.929s][info][gc,start       ] GC(49) Pause Young (Allocation Failure)
[2026-09-25T23:52:42.680+0000][153.938s][info][gc,heap        ] GC(49) PSYoungGen: 1585856K(1704448K)->7808K(1540096K) Eden: 1579008K(1579008K)->0K(1531904K) From: 6848K(125440K)->7808K(8192K)
[2026-09-25T23:52:42.680+0000][153.938s][info][gc,heap        ] GC(49) ParOldGen: 2766137K(2796544K)->2772953K(2796544K)
[2026-09-25T23:52:42.680+0000][153.938s][info][gc,metaspace   ] GC(49) Metaspace: 165512K(167168K)->165512K(167168K) NonClass: 139076K(140032K)->139076K(140032K) Class: 26435K(27136K)->26435K(27136K)
[2026-09-25T23:52:42.680+0000][153.938s][info][gc             ] GC(49) Pause Young (Allocation Failure) 4249M->2715M(4235M) 8.389ms
[2026-09-25T23:52:42.681+0000][153.938s][info][gc,cpu         ] GC(49) User=0.03s Sys=0.00s Real=0.01s
[2026-09-25T23:52:45.006+0000][156.264s][info][gc,start       ] GC(50) Pause Young (Allocation Failure)
[2026-09-25T23:52:45.014+0000][156.272s][info][gc,heap        ] GC(50) PSYoungGen: 1539712K(1540096K)->6272K(1593856K) Eden: 1531904K(1531904K)->0K(1486848K) From: 7808K(8192K)->6272K(107008K)
[2026-09-25T23:52:45.014+0000][156.272s][info][gc,heap        ] GC(50) ParOldGen: 2772953K(2796544K)->2779721K(2796544K)
[2026-09-25T23:52:45.014+0000][156.272s][info][gc,metaspace   ] GC(50) Metaspace: 165514K(167168K)->165514K(167168K) NonClass: 139078K(140032K)->139078K(140032K) Class: 26435K(27136K)->26435K(27136K)
[2026-09-25T23:52:45.014+0000][156.272s][info][gc             ] GC(50) Pause Young (Allocation Failure) 4211M->2720M(4287M) 7.903ms
[2026-09-25T23:52:45.014+0000][156.272s][info][gc,cpu         ] GC(50) User=0.03s Sys=0.01s Real=0.00s
[2026-09-25T23:52:47.313+0000][158.570s][info][gc,start       ] GC(51) Pause Young (Allocation Failure)
[2026-09-25T23:52:47.321+0000][158.578s][info][gc,heap        ] GC(51) PSYoungGen: 1492647K(1593856K)->7360K(1451008K) Eden: 1486375K(1486848K)->0K(1443328K) From: 6272K(107008K)->7360K(7680K)
[2026-09-25T23:52:47.321+0000][158.578s][info][gc,heap        ] GC(51) ParOldGen: 2779721K(2796544K)->2785929K(2796544K)
[2026-09-25T23:52:47.321+0000][158.578s][info][gc,metaspace   ] GC(51) Metaspace: 165514K(167168K)->165514K(167168K) NonClass: 139078K(140032K)->139078K(140032K) Class: 26435K(27136K)->26435K(27136K)
[2026-09-25T23:52:47.321+0000][158.578s][info][gc             ] GC(51) Pause Young (Allocation Failure) 4172M->2727M(4148M) 7.846ms
[2026-09-25T23:52:47.321+0000][158.578s][info][gc,cpu         ] GC(51) User=0.02s Sys=0.00s Real=0.01s
[2026-09-25T23:52:49.615+0000][160.873s][info][gc,start       ] GC(52) Pause Young (Allocation Failure)
[2026-09-25T23:52:49.623+0000][160.880s][info][gc,heap        ] GC(52) PSYoungGen: 1450688K(1451008K)->6048K(1493504K) Eden: 1443328K(1443328K)->0K(1401856K) From: 7360K(7680K)->6048K(91648K)
[2026-09-25T23:52:49.623+0000][160.881s][info][gc,heap        ] GC(52) ParOldGen: 2785929K(2796544K)->2792249K(2796544K)
[2026-09-25T23:52:49.623+0000][160.881s][info][gc,metaspace   ] GC(52) Metaspace: 165514K(167168K)->165514K(167168K) NonClass: 139078K(140032K)->139078K(140032K) Class: 26435K(27136K)->26435K(27136K)
[2026-09-25T23:52:49.623+0000][160.881s][info][gc             ] GC(52) Pause Young (Allocation Failure) 4137M->2732M(4189M) 7.695ms
[2026-09-25T23:52:49.623+0000][160.881s][info][gc,cpu         ] GC(52) User=0.03s Sys=0.00s Real=0.01s
