[0.003s][info][gc] Using G1
[0.323s][info][gc] GC(0) Pause Young (Concurrent Start) (G1 Humongous Allocation) 241M->3M(513M) 3.443ms
[0.323s][info][gc] GC(1) Concurrent Undo Cycle
[0.324s][info][gc] GC(1) Concurrent Undo Cycle 0.277ms
[0.409s][info][gc] GC(2) Pause Young (Normal) (G1 Evacuation Pause) 215M->2M(513M) 3.175ms
[1.725s][info][gc] GC(3) Pause Young (Concurrent Start) (Metadata GC Threshold) 313M->15M(513M) 10.959ms
[1.725s][info][gc] GC(4) Concurrent Mark Cycle
[1.736s][info][gc] GC(4) Pause Remark 16M->16M(512M) 4.088ms
[1.741s][info][gc] GC(4) Pause Cleanup 16M->16M(512M) 0.104ms
[1.743s][info][gc] GC(4) Concurrent Mark Cycle 17.887ms
[2.155s][info][gc] GC(5) Pause Young (Prepare Mixed) (G1 Evacuation Pause) 68M->33M(512M) 28.380ms
[2.236s][info][gc] GC(6) Pause Young (Mixed) (G1 Evacuation Pause) 50M->41M(512M) 17.881ms
[2.311s][info][gc] GC(7) Pause Young (Normal) (G1 Evacuation Pause) 73M->53M(512M) 12.260ms
[2.373s][info][gc] GC(8) Pause Young (Normal) (G1 Evacuation Pause) 84M->67M(512M) 14.300ms
[2.463s][info][gc] GC(9) Pause Young (Normal) (G1 Evacuation Pause) 102M->83M(853M) 16.861ms
[2.600s][info][gc] GC(10) Pause Young (Normal) (G1 Evacuation Pause) 126M->104M(853M) 46.210ms
[2.704s][info][gc] GC(11) Pause Young (Normal) (GCLocker Initiated GC) 143M->126M(853M) 51.741ms
[2.915s][info][gc] GC(12) Pause Young (Normal) (G1 Evacuation Pause) 162M->147M(853M) 45.095ms
[3.274s][info][gc] GC(13) Pause Young (Concurrent Start) (Metadata GC Threshold) 167M->150M(1293M) 10.806ms
[3.274s][info][gc] GC(14) Concurrent Mark Cycle
[3.542s][info][gc] GC(14) Pause Remark 159M->159M(534M) 5.338ms
[3.653s][info][gc] GC(14) Pause Cleanup 164M->164M(534M) 0.187ms
[3.654s][info][gc] GC(14) Concurrent Mark Cycle 380.312ms
[4.124s][info][gc] GC(15) Pause Young (Prepare Mixed) (G1 Evacuation Pause) 265M->161M(534M) 19.338ms
[6.159s][info][gc] GC(16) Pause Young (Mixed) (G1 Evacuation Pause) 444M->206M(534M) 85.030ms
[6.266s][info][gc] GC(17) Pause Young (Normal) (G1 Evacuation Pause) 247M->223M(534M) 47.475ms
[6.514s][info][gc] GC(18) Pause Young (Concurrent Start) (Metadata GC Threshold) 348M->263M(534M) 57.843ms
[6.514s][info][gc] GC(19) Concurrent Mark Cycle
[6.772s][info][gc] GC(19) Pause Remark 263M->235M(534M) 9.229ms
[7.007s][info][gc] GC(19) Pause Cleanup 236M->236M(534M) 0.297ms
[7.008s][info][gc] GC(19) Concurrent Mark Cycle 494.141ms
[9.073s][info][gc] GC(20) Pause Young (Prepare Mixed) (G1 Evacuation Pause) 387M->259M(534M) 41.605ms
[10.117s][info][gc] GC(21) Pause Young (Mixed) (G1 Evacuation Pause) 425M->237M(534M) 61.718ms
[10.756s][info][gc] GC(22) Pause Young (Concurrent Start) (G1 Humongous Allocation) 336M->244M(837M) 18.840ms
[10.756s][info][gc] GC(23) Concurrent Undo Cycle
[10.757s][info][gc] GC(23) Concurrent Undo Cycle 0.384ms
[12.334s][info][gc] GC(24) Pause Young (Concurrent Start) (Metadata GC Threshold) 568M->259M(837M) 65.933ms
[12.334s][info][gc] GC(25) Concurrent Mark Cycle
[13.008s][info][gc] GC(25) Pause Remark 408M->408M(837M) 39.323ms
[13.210s][info][gc] GC(25) Pause Cleanup 432M->432M(837M) 0.286ms
[13.213s][info][gc] GC(25) Concurrent Mark Cycle 879.510ms
[14.506s][info][gc] GC(26) Pause Young (Prepare Mixed) (G1 Evacuation Pause) 602M->278M(837M) 83.464ms
[26.534s][info][gc] GC(27) Pause Young (Mixed) (G1 Evacuation Pause) 687M->292M(837M) 87.775ms
[29.605s][info][gc] GC(28) Pause Young (Concurrent Start) (G1 Evacuation Pause) 723M->315M(837M) 78.507ms
[29.605s][info][gc] GC(29) Concurrent Mark Cycle
[30.208s][info][gc] GC(29) Pause Remark 361M->329M(837M) 44.814ms
[30.559s][info][gc] GC(29) Pause Cleanup 352M->352M(837M) 0.340ms
[30.561s][info][gc] GC(29) Concurrent Mark Cycle 956.313ms
[34.455s][info][gc] GC(30) Pause Young (Prepare Mixed) (G1 Evacuation Pause) 697M->297M(837M) 45.881ms
[38.173s][info][gc] GC(31) Pause Young (Mixed) (G1 Evacuation Pause) 741M->311M(837M) 48.167ms
[41.602s][info][gc] GC(32) Pause Young (Concurrent Start) (G1 Evacuation Pause) 747M->326M(837M) 60.108ms
[41.602s][info][gc] GC(33) Concurrent Mark Cycle
[42.361s][info][gc] GC(33) Pause Remark 452M->452M(837M) 42.369ms
[42.721s][info][gc] GC(33) Pause Cleanup 495M->495M(837M) 0.400ms
[42.723s][info][gc] GC(33) Concurrent Mark Cycle 1120.933ms
[50.418s][info][gc] GC(34) Pause Young (Prepare Mixed) (G1 Evacuation Pause) 759M->338M(837M) 57.013ms
[51.329s][info][gc] GC(35) Pause Young (Mixed) (G1 Evacuation Pause) 763M->327M(837M) 21.772ms
[120.039s][info][gc] GC(36) Pause Young (Concurrent Start) (G1 Periodic Collection) 552M->323M(837M) 16.951ms
[120.039s][info][gc] GC(37) Concurrent Mark Cycle
[120.375s][info][gc] GC(37) Pause Remark 324M->324M(837M) 29.952ms
[120.528s][info][gc] GC(37) Pause Cleanup 324M->324M(837M) 0.353ms
[120.529s][info][gc] GC(37) Concurrent Mark Cycle 490.609ms
[180.053s][info][gc] GC(38) Pause Young (Prepare Mixed) (G1 Periodic Collection) 352M->317M(837M) 14.272ms
[240.069s][info][gc] GC(39) Pause Young (Mixed) (G1 Periodic Collection) 345M->306M(837M) 14.830ms
[300.083s][info][gc] GC(40) Pause Young (Concurrent Start) (G1 Periodic Collection) 335M->307M(837M) 13.452ms
[300.083s][info][gc] GC(41) Concurrent Mark Cycle
[300.426s][info][gc] GC(41) Pause Remark 309M->309M(837M) 42.077ms
[300.578s][info][gc] GC(41) Pause Cleanup 309M->309M(837M) 0.368ms
[300.579s][info][gc] GC(41) Concurrent Mark Cycle 496.503ms
[360.112s][info][gc] GC(42) Pause Young (Prepare Mixed) (G1 Periodic Collection) 336M->307M(837M) 28.476ms
[360.617s][info][gc] GC(43) Pause Full (Heap Inspection Initiated GC) 309M->238M(800M) 382.398ms
