# abiVersion=65548 (table=1 kernels=12) lib=/home/z/w-t24/after/target/release/libcrussty.so jdk=21.0.12.1
# parity OK kernel=2 directCount=4 (stub=oldBatchSummary: batch == direct, 4 lanes)
RESULT	kernel=2	K=1	batches=60000	rounds=11	batch_ns_median=997.2	batch_ns_min=989.4	batch_ns_max=1010.1	op_ns_median=997.2
RESULT_DIRECT	kernel=2	calls=60000	rounds=11	direct_ns_median=763.4	direct_ns_min=757.2	direct_ns_max=796.7
# parity OK kernel=2 directCount=4 (stub=oldBatchSummary: batch == direct, 4 lanes)
RESULT	kernel=2	K=8	batches=7500	rounds=11	batch_ns_median=6631.3	batch_ns_min=6586.6	batch_ns_max=6728.0	op_ns_median=828.9
RESULT_DIRECT	kernel=2	calls=60000	rounds=11	direct_ns_median=761.9	direct_ns_min=757.5	direct_ns_max=770.9
# parity OK kernel=2 directCount=4 (stub=oldBatchSummary: batch == direct, 4 lanes)
RESULT	kernel=2	K=16	batches=3750	rounds=11	batch_ns_median=13022.9	batch_ns_min=12958.4	batch_ns_max=13073.2	op_ns_median=813.9
RESULT_DIRECT	kernel=2	calls=60000	rounds=11	direct_ns_median=759.9	direct_ns_min=756.6	direct_ns_max=928.2
# parity OK kernel=2 directCount=4 (stub=oldBatchSummary: batch == direct, 4 lanes)
RESULT	kernel=2	K=64	batches=937	rounds=11	batch_ns_median=51551.9	batch_ns_min=51265.3	batch_ns_max=54356.6	op_ns_median=805.5
RESULT_DIRECT	kernel=2	calls=60000	rounds=11	direct_ns_median=762.5	direct_ns_min=757.1	direct_ns_max=980.9
# parity OK kernel=2 directCount=4 (stub=oldBatchSummary: batch == direct, 4 lanes)
RESULT	kernel=2	K=256	batches=500	rounds=11	batch_ns_median=204300.0	batch_ns_min=203651.2	batch_ns_max=208052.3	op_ns_median=798.0
RESULT_DIRECT	kernel=2	calls=60000	rounds=11	direct_ns_median=757.9	direct_ns_min=753.9	direct_ns_max=793.2
# parity OK kernel=3 directCount=4 (stub=newBatchSummary: batch == direct, 4 lanes)
RESULT	kernel=3	K=1	batches=60000	rounds=11	batch_ns_median=951.3	batch_ns_min=948.0	batch_ns_max=955.4	op_ns_median=951.3
RESULT_DIRECT	kernel=3	calls=60000	rounds=11	direct_ns_median=716.0	direct_ns_min=714.6	direct_ns_max=1080.5
# parity OK kernel=3 directCount=4 (stub=newBatchSummary: batch == direct, 4 lanes)
RESULT	kernel=3	K=8	batches=7500	rounds=11	batch_ns_median=6239.7	batch_ns_min=6210.9	batch_ns_max=6316.2	op_ns_median=780.0
RESULT_DIRECT	kernel=3	calls=60000	rounds=11	direct_ns_median=714.7	direct_ns_min=709.5	direct_ns_max=729.1
# parity OK kernel=3 directCount=4 (stub=newBatchSummary: batch == direct, 4 lanes)
RESULT	kernel=3	K=16	batches=3750	rounds=11	batch_ns_median=12242.4	batch_ns_min=12215.6	batch_ns_max=13466.8	op_ns_median=765.2
RESULT_DIRECT	kernel=3	calls=60000	rounds=11	direct_ns_median=709.9	direct_ns_min=708.0	direct_ns_max=811.3
# parity OK kernel=3 directCount=4 (stub=newBatchSummary: batch == direct, 4 lanes)
RESULT	kernel=3	K=64	batches=937	rounds=11	batch_ns_median=49005.5	batch_ns_min=48371.0	batch_ns_max=49449.4	op_ns_median=765.7
RESULT_DIRECT	kernel=3	calls=60000	rounds=11	direct_ns_median=714.0	direct_ns_min=710.9	direct_ns_max=730.4
# parity OK kernel=3 directCount=4 (stub=newBatchSummary: batch == direct, 4 lanes)
RESULT	kernel=3	K=256	batches=500	rounds=11	batch_ns_median=194172.2	batch_ns_min=192495.0	batch_ns_max=196554.5	op_ns_median=758.5
RESULT_DIRECT	kernel=3	calls=60000	rounds=11	direct_ns_median=709.4	direct_ns_min=707.8	direct_ns_max=723.9
# done
