# abiVersion=65548 (table=1 kernels=12) lib=/home/z/w-t24/before/target/release/libcrussty.so jdk=21.0.12.1
# parity OK kernel=2 directCount=4 (stub=oldBatchSummary: batch == direct, 4 lanes)
RESULT	kernel=2	K=1	batches=60000	rounds=11	batch_ns_median=1096.6	batch_ns_min=1093.8	batch_ns_max=1111.6	op_ns_median=1096.6
RESULT_DIRECT	kernel=2	calls=60000	rounds=11	direct_ns_median=757.1	direct_ns_min=753.7	direct_ns_max=763.5
# parity OK kernel=2 directCount=4 (stub=oldBatchSummary: batch == direct, 4 lanes)
RESULT	kernel=2	K=8	batches=7500	rounds=11	batch_ns_median=6707.0	batch_ns_min=6679.1	batch_ns_max=6758.3	op_ns_median=838.4
RESULT_DIRECT	kernel=2	calls=60000	rounds=11	direct_ns_median=760.8	direct_ns_min=757.0	direct_ns_max=764.6
# parity OK kernel=2 directCount=4 (stub=oldBatchSummary: batch == direct, 4 lanes)
RESULT	kernel=2	K=16	batches=3750	rounds=11	batch_ns_median=13034.5	batch_ns_min=13009.1	batch_ns_max=15868.2	op_ns_median=814.7
RESULT_DIRECT	kernel=2	calls=60000	rounds=11	direct_ns_median=755.8	direct_ns_min=753.3	direct_ns_max=934.1
# parity OK kernel=2 directCount=4 (stub=oldBatchSummary: batch == direct, 4 lanes)
RESULT	kernel=2	K=64	batches=937	rounds=11	batch_ns_median=51248.2	batch_ns_min=50995.4	batch_ns_max=52014.0	op_ns_median=800.8
RESULT_DIRECT	kernel=2	calls=60000	rounds=11	direct_ns_median=756.7	direct_ns_min=753.2	direct_ns_max=773.5
# parity OK kernel=2 directCount=4 (stub=oldBatchSummary: batch == direct, 4 lanes)
RESULT	kernel=2	K=256	batches=500	rounds=11	batch_ns_median=203537.8	batch_ns_min=203085.3	batch_ns_max=279517.0	op_ns_median=795.1
RESULT_DIRECT	kernel=2	calls=60000	rounds=11	direct_ns_median=753.1	direct_ns_min=752.2	direct_ns_max=769.3
# parity OK kernel=3 directCount=4 (stub=newBatchSummary: batch == direct, 4 lanes)
RESULT	kernel=3	K=1	batches=60000	rounds=11	batch_ns_median=1042.3	batch_ns_min=1040.7	batch_ns_max=1043.6	op_ns_median=1042.3
RESULT_DIRECT	kernel=3	calls=60000	rounds=11	direct_ns_median=712.7	direct_ns_min=707.9	direct_ns_max=719.0
# parity OK kernel=3 directCount=4 (stub=newBatchSummary: batch == direct, 4 lanes)
RESULT	kernel=3	K=8	batches=7500	rounds=11	batch_ns_median=6282.7	batch_ns_min=6266.0	batch_ns_max=6337.2	op_ns_median=785.3
RESULT_DIRECT	kernel=3	calls=60000	rounds=11	direct_ns_median=708.6	direct_ns_min=708.2	direct_ns_max=710.9
# parity OK kernel=3 directCount=4 (stub=newBatchSummary: batch == direct, 4 lanes)
RESULT	kernel=3	K=16	batches=3750	rounds=11	batch_ns_median=12304.1	batch_ns_min=12270.6	batch_ns_max=14670.3	op_ns_median=769.0
RESULT_DIRECT	kernel=3	calls=60000	rounds=11	direct_ns_median=710.5	direct_ns_min=708.7	direct_ns_max=718.9
# parity OK kernel=3 directCount=4 (stub=newBatchSummary: batch == direct, 4 lanes)
RESULT	kernel=3	K=64	batches=937	rounds=11	batch_ns_median=48290.1	batch_ns_min=48174.0	batch_ns_max=48573.8	op_ns_median=754.5
RESULT_DIRECT	kernel=3	calls=60000	rounds=11	direct_ns_median=712.8	direct_ns_min=708.5	direct_ns_max=716.1
# parity OK kernel=3 directCount=4 (stub=newBatchSummary: batch == direct, 4 lanes)
RESULT	kernel=3	K=256	batches=500	rounds=11	batch_ns_median=191659.3	batch_ns_min=191541.3	batch_ns_max=193436.8	op_ns_median=748.7
RESULT_DIRECT	kernel=3	calls=60000	rounds=11	direct_ns_median=709.2	direct_ns_min=707.8	direct_ns_max=712.4
# done
