dispatcher abiVersion() = 262165 (expect 262165 = (4<<16)|21)
PARITY OK g35 pair n=1 trial=0                 ret=1 dst0=da7f4acbbbbd30ae oldLane1=8 newLane1=0 (pinned delta)
PARITY OK g35 old-disp-vs-direct trial=0       ret=1 dsthash=f7b1c623
PARITY OK g35 pair n=2 trial=1                 ret=1 dst0=da7f4acbbbbd30ae oldLane1=8 newLane1=0 (pinned delta)
PARITY OK g35 old-disp-vs-direct trial=1       ret=1 dsthash=f7b1c623
PARITY OK g35 pair n=1 trial=2                 ret=1 dst0=da7f4acbbbbd30ae oldLane1=8 newLane1=0 (pinned delta)
PARITY OK g35 old-disp-vs-direct trial=2       ret=1 dsthash=f7b1c623
PARITY OK g35 pair n=2 trial=3                 ret=1 dst0=da7f4acbbbbd30ae oldLane1=8 newLane1=0 (pinned delta)
PARITY OK g35 old-disp-vs-direct trial=3       ret=1 dsthash=f7b1c623
PARITY OK g35 pair n=1 trial=4                 ret=1 dst0=da7f4acbbbbd30ae oldLane1=8 newLane1=0 (pinned delta)
PARITY OK g35 old-disp-vs-direct trial=4       ret=1 dsthash=f7b1c623
PARITY OK g35 pair n=2 trial=5                 ret=1 dst0=da7f4acbbbbd30ae oldLane1=8 newLane1=0 (pinned delta)
PARITY OK g35 old-disp-vs-direct trial=5       ret=1 dsthash=f7b1c623
PARITY OK g35 pair n=1 trial=6                 ret=1 dst0=da7f4acbbbbd30ae oldLane1=8 newLane1=0 (pinned delta)
PARITY OK g35 old-disp-vs-direct trial=6       ret=1 dsthash=f7b1c623
PARITY OK g35 pair n=2 trial=7                 ret=1 dst0=da7f4acbbbbd30ae oldLane1=8 newLane1=0 (pinned delta)
PARITY OK g35 old-disp-vs-direct trial=7       ret=1 dsthash=f7b1c623
PARITY OK g35 pair n=1 trial=8                 ret=1 dst0=da7f4acbbbbd30ae oldLane1=8 newLane1=0 (pinned delta)
PARITY OK g35 old-disp-vs-direct trial=8       ret=1 dsthash=f7b1c623
PARITY OK g35 pair n=2 trial=9                 ret=1 dst0=da7f4acbbbbd30ae oldLane1=8 newLane1=0 (pinned delta)
PARITY OK g35 old-disp-vs-direct trial=9       ret=1 dsthash=f7b1c623
PARITY OK g35 pair n=1 trial=10                ret=1 dst0=da7f4acbbbbd30ae oldLane1=8 newLane1=0 (pinned delta)
PARITY OK g35 old-disp-vs-direct trial=10      ret=1 dsthash=f7b1c623
PARITY OK g35 pair n=2 trial=11                ret=1 dst0=da7f4acbbbbd30ae oldLane1=8 newLane1=0 (pinned delta)
PARITY OK g35 old-disp-vs-direct trial=11      ret=1 dsthash=f7b1c623
PARITY OK g35 refusal n=4 (dst untouched both) ret=1 dsthash=31109800
PARITY OK g39 pair n=1 trial=0                 ret=1 dsthash=d0300a05
PARITY OK g39 old-disp-vs-direct trial=0       ret=1 dsthash=d0300a05
PARITY OK g39 pair n=4 trial=1                 ret=1 dsthash=24eafcfd
PARITY OK g39 old-disp-vs-direct trial=1       ret=1 dsthash=24eafcfd
PARITY OK g39 pair n=7 trial=2                 ret=1 dsthash=5b946457
PARITY OK g39 old-disp-vs-direct trial=2       ret=1 dsthash=5b946457
PARITY OK g39 pair n=10 trial=3                ret=1 dsthash=82bba12b
PARITY OK g39 old-disp-vs-direct trial=3       ret=1 dsthash=82bba12b
PARITY OK g39 pair n=13 trial=4                ret=1 dsthash=a495d5ee
PARITY OK g39 old-disp-vs-direct trial=4       ret=1 dsthash=a495d5ee
PARITY OK g39 pair n=1 trial=5                 ret=1 dsthash=169e0983
PARITY OK g39 old-disp-vs-direct trial=5       ret=1 dsthash=169e0983
PARITY OK g39 pair n=4 trial=6                 ret=1 dsthash=b5f71eb6
PARITY OK g39 old-disp-vs-direct trial=6       ret=1 dsthash=b5f71eb6
PARITY OK g39 pair n=7 trial=7                 ret=1 dsthash=d4f67844
PARITY OK g39 old-disp-vs-direct trial=7       ret=1 dsthash=d4f67844
PARITY OK g39 pair n=10 trial=8                ret=1 dsthash=57cb18ac
PARITY OK g39 old-disp-vs-direct trial=8       ret=1 dsthash=57cb18ac
PARITY OK g39 pair n=13 trial=9                ret=1 dsthash=9261de15
PARITY OK g39 old-disp-vs-direct trial=9       ret=1 dsthash=9261de15
PARITY OK g39 pair n=1 trial=10                ret=1 dsthash=83d2c5b7
PARITY OK g39 old-disp-vs-direct trial=10      ret=1 dsthash=83d2c5b7
PARITY OK g39 pair n=4 trial=11                ret=1 dsthash=57cd444c
PARITY OK g39 old-disp-vs-direct trial=11      ret=1 dsthash=57cd444c
PARITY OK g40 pair n=1 trial=0                 ret=1 dsthash=423f2672
PARITY OK g40 old-disp-vs-direct trial=0       ret=1 dsthash=423f2672
PARITY OK g40 pair n=3 trial=1                 ret=1 dsthash=c33f59ad
PARITY OK g40 old-disp-vs-direct trial=1       ret=1 dsthash=c33f59ad
PARITY OK g40 pair n=5 trial=2                 ret=1 dsthash=1f51d055
PARITY OK g40 old-disp-vs-direct trial=2       ret=1 dsthash=1f51d055
PARITY OK g40 pair n=7 trial=3                 ret=1 dsthash=4f96d8b7
PARITY OK g40 old-disp-vs-direct trial=3       ret=1 dsthash=4f96d8b7
PARITY OK g40 pair n=1 trial=4                 ret=1 dsthash=3ea1266c
PARITY OK g40 old-disp-vs-direct trial=4       ret=1 dsthash=3ea1266c
PARITY OK g40 pair n=3 trial=5                 ret=1 dsthash=342913af
PARITY OK g40 old-disp-vs-direct trial=5       ret=1 dsthash=342913af
PARITY OK g40 pair n=5 trial=6                 ret=1 dsthash=aa63c68c
PARITY OK g40 old-disp-vs-direct trial=6       ret=1 dsthash=aa63c68c
PARITY OK g40 pair n=7 trial=7                 ret=1 dsthash=637d7286
PARITY OK g40 old-disp-vs-direct trial=7       ret=1 dsthash=637d7286
PARITY OK g40 pair n=1 trial=8                 ret=1 dsthash=2a12096a
PARITY OK g40 old-disp-vs-direct trial=8       ret=1 dsthash=2a12096a
PARITY OK g40 pair n=3 trial=9                 ret=1 dsthash=c89219f
PARITY OK g40 old-disp-vs-direct trial=9       ret=1 dsthash=c89219f
PARITY OK g40 pair n=5 trial=10                ret=1 dsthash=35dbdfcd
PARITY OK g40 old-disp-vs-direct trial=10      ret=1 dsthash=35dbdfcd
PARITY OK g40 pair n=7 trial=11                ret=1 dsthash=8c26f92d
PARITY OK g40 old-disp-vs-direct trial=11      ret=1 dsthash=8c26f92d
PARITY OK g40 refusal flag=0 (dst untouched both) ret=1 dsthash=31109800
OLD-MEMBER PARITY PASS (3 pairs x lanes A/B + refusal legs; g35 delta pinned)
