[2026-09-22T14:33:33.189+0000][0.011s][info][gc,init] CardTable entry size: 512
[2026-09-22T14:33:33.189+0000][0.011s][info][gc     ] Using Parallel
[2026-09-22T14:33:33.217+0000][0.040s][info][gc,init] Version: 21.0.12.1+1-LTS (release)
[2026-09-22T14:33:33.217+0000][0.040s][info][gc,init] CPUs: 4 total, 4 available
[2026-09-22T14:33:33.217+0000][0.040s][info][gc,init] Memory: 15989M
[2026-09-22T14:33:33.217+0000][0.040s][info][gc,init] Large Page Support: Disabled
[2026-09-22T14:33:33.217+0000][0.040s][info][gc,init] NUMA Support: Disabled
[2026-09-22T14:33:33.217+0000][0.040s][info][gc,init] Compressed Oops: Enabled (Zero based)
[2026-09-22T14:33:33.217+0000][0.040s][info][gc,init] Alignments: Space 512K, Generation 512K, Heap 2M
[2026-09-22T14:33:33.217+0000][0.040s][info][gc,init] Heap Min Capacity: 4G
[2026-09-22T14:33:33.217+0000][0.040s][info][gc,init] Heap Initial Capacity: 4G
[2026-09-22T14:33:33.217+0000][0.040s][info][gc,init] Heap Max Capacity: 10G
[2026-09-22T14:33:33.217+0000][0.040s][info][gc,init] Pre-touch: Disabled
[2026-09-22T14:33:33.217+0000][0.040s][info][gc,init] Parallel Workers: 4
[2026-09-22T14:33:33.226+0000][0.049s][info][gc,metaspace] CDS archive(s) mapped at: [0x00007fc781000000-0x00007fc781c9c000-0x00007fc781c9c000), size 13221888, SharedBaseAddress: 0x00007fc781000000, ArchiveRelocationMode: 1.
[2026-09-22T14:33:33.226+0000][0.049s][info][gc,metaspace] Compressed class space mapped at: 0x00007fc782000000-0x00007fc7c2000000, reserved size: 1073741824
[2026-09-22T14:33:33.226+0000][0.049s][info][gc,metaspace] Narrow klass base: 0x00007fc781000000, Narrow klass shift: 0, Narrow klass range: 0x100000000
[2026-09-22T14:33:35.931+0000][2.753s][info][gc,start    ] GC(0) Pause Young (Metadata GC Threshold)
[2026-09-22T14:33:35.937+0000][2.759s][info][gc,heap     ] GC(0) PSYoungGen: 919414K(1223168K)->12660K(1223168K) Eden: 919414K(1048576K)->0K(1048576K) From: 0K(174592K)->12660K(174592K)
[2026-09-22T14:33:35.937+0000][2.759s][info][gc,heap     ] GC(0) ParOldGen: 1073K(2796544K)->1145K(2796544K)
[2026-09-22T14:33:35.937+0000][2.759s][info][gc,metaspace] GC(0) Metaspace: 21088K(21504K)->21088K(21504K) NonClass: 18714K(18944K)->18714K(18944K) Class: 2374K(2560K)->2374K(2560K)
[2026-09-22T14:33:35.937+0000][2.759s][info][gc          ] GC(0) Pause Young (Metadata GC Threshold) 898M->13M(3925M) 6.010ms
[2026-09-22T14:33:35.937+0000][2.759s][info][gc,cpu      ] GC(0) User=0.01s Sys=0.01s Real=0.01s
[2026-09-22T14:33:35.937+0000][2.759s][info][gc,start    ] GC(1) Pause Full (Metadata GC Threshold)
[2026-09-22T14:33:35.937+0000][2.759s][info][gc,phases,start] GC(1) Marking Phase
[2026-09-22T14:33:35.944+0000][2.766s][info][gc,phases      ] GC(1) Marking Phase 7.174ms
[2026-09-22T14:33:35.944+0000][2.766s][info][gc,phases,start] GC(1) Summary Phase
[2026-09-22T14:33:35.944+0000][2.766s][info][gc,phases      ] GC(1) Summary Phase 0.008ms
[2026-09-22T14:33:35.944+0000][2.766s][info][gc,phases,start] GC(1) Adjust Roots
[2026-09-22T14:33:35.947+0000][2.769s][info][gc,phases      ] GC(1) Adjust Roots 2.486ms
[2026-09-22T14:33:35.947+0000][2.769s][info][gc,phases,start] GC(1) Compaction Phase
[2026-09-22T14:33:35.953+0000][2.776s][info][gc,phases      ] GC(1) Compaction Phase 6.636ms
[2026-09-22T14:33:35.953+0000][2.776s][info][gc,phases,start] GC(1) Post Compact
[2026-09-22T14:33:35.954+0000][2.777s][info][gc,phases      ] GC(1) Post Compact 1.122ms
[2026-09-22T14:33:35.955+0000][2.777s][info][gc,heap        ] GC(1) PSYoungGen: 12660K(1223168K)->0K(1223168K) Eden: 0K(1048576K)->0K(1048576K) From: 12660K(174592K)->0K(174592K)
[2026-09-22T14:33:35.955+0000][2.777s][info][gc,heap        ] GC(1) ParOldGen: 1145K(2796544K)->13574K(2796544K)
[2026-09-22T14:33:35.955+0000][2.777s][info][gc,metaspace   ] GC(1) Metaspace: 21088K(21504K)->21088K(21504K) NonClass: 18714K(18944K)->18714K(18944K) Class: 2374K(2560K)->2374K(2560K)
[2026-09-22T14:33:35.955+0000][2.777s][info][gc             ] GC(1) Pause Full (Metadata GC Threshold) 13M->13M(3925M) 17.521ms
[2026-09-22T14:33:35.955+0000][2.777s][info][gc,cpu         ] GC(1) User=0.05s Sys=0.00s Real=0.01s
[2026-09-22T14:33:37.137+0000][3.959s][info][gc,start       ] GC(2) Pause Young (Metadata GC Threshold)
[2026-09-22T14:33:37.159+0000][3.981s][info][gc,heap        ] GC(2) PSYoungGen: 463121K(1223168K)->50985K(1223168K) Eden: 463121K(1048576K)->0K(1048576K) From: 0K(174592K)->50985K(174592K)
[2026-09-22T14:33:37.159+0000][3.981s][info][gc,heap        ] GC(2) ParOldGen: 13574K(2796544K)->13582K(2796544K)
[2026-09-22T14:33:37.159+0000][3.981s][info][gc,metaspace   ] GC(2) Metaspace: 35367K(35840K)->35367K(35840K) NonClass: 31274K(31552K)->31274K(31552K) Class: 4092K(4288K)->4092K(4288K)
[2026-09-22T14:33:37.159+0000][3.981s][info][gc             ] GC(2) Pause Young (Metadata GC Threshold) 465M->63M(3925M) 21.830ms
[2026-09-22T14:33:37.159+0000][3.981s][info][gc,cpu         ] GC(2) User=0.07s Sys=0.01s Real=0.02s
[2026-09-22T14:33:37.159+0000][3.981s][info][gc,start       ] GC(3) Pause Full (Metadata GC Threshold)
[2026-09-22T14:33:37.159+0000][3.981s][info][gc,phases,start] GC(3) Marking Phase
[2026-09-22T14:33:37.179+0000][4.002s][info][gc,phases      ] GC(3) Marking Phase 20.765ms
[2026-09-22T14:33:37.179+0000][4.002s][info][gc,phases,start] GC(3) Summary Phase
[2026-09-22T14:33:37.179+0000][4.002s][info][gc,phases      ] GC(3) Summary Phase 0.014ms
[2026-09-22T14:33:37.179+0000][4.002s][info][gc,phases,start] GC(3) Adjust Roots
[2026-09-22T14:33:37.182+0000][4.005s][info][gc,phases      ] GC(3) Adjust Roots 2.998ms
[2026-09-22T14:33:37.183+0000][4.005s][info][gc,phases,start] GC(3) Compaction Phase
[2026-09-22T14:33:37.223+0000][4.045s][info][gc,phases      ] GC(3) Compaction Phase 40.331ms
[2026-09-22T14:33:37.223+0000][4.045s][info][gc,phases,start] GC(3) Post Compact
[2026-09-22T14:33:37.224+0000][4.046s][info][gc,phases      ] GC(3) Post Compact 0.962ms
[2026-09-22T14:33:37.224+0000][4.046s][info][gc,heap        ] GC(3) PSYoungGen: 50985K(1223168K)->0K(1223168K) Eden: 0K(1048576K)->0K(1048576K) From: 50985K(174592K)->0K(174592K)
[2026-09-22T14:33:37.224+0000][4.046s][info][gc,heap        ] GC(3) ParOldGen: 13582K(2796544K)->64235K(2796544K)
[2026-09-22T14:33:37.224+0000][4.046s][info][gc,metaspace   ] GC(3) Metaspace: 35367K(35840K)->35367K(35840K) NonClass: 31274K(31552K)->31274K(31552K) Class: 4092K(4288K)->4092K(4288K)
[2026-09-22T14:33:37.224+0000][4.046s][info][gc             ] GC(3) Pause Full (Metadata GC Threshold) 63M->62M(3925M) 65.200ms
[2026-09-22T14:33:37.224+0000][4.046s][info][gc,cpu         ] GC(3) User=0.22s Sys=0.01s Real=0.06s
[2026-09-22T14:33:38.933+0000][5.755s][info][gc,start       ] GC(4) Pause Young (Metadata GC Threshold)
[2026-09-22T14:33:38.959+0000][5.781s][info][gc,heap        ] GC(4) PSYoungGen: 382127K(1223168K)->42993K(1223168K) Eden: 382127K(1048576K)->0K(1048576K) From: 0K(174592K)->42993K(174592K)
[2026-09-22T14:33:38.959+0000][5.781s][info][gc,heap        ] GC(4) ParOldGen: 64235K(2796544K)->64243K(2796544K)
[2026-09-22T14:33:38.959+0000][5.781s][info][gc,metaspace   ] GC(4) Metaspace: 59170K(59776K)->59170K(59776K) NonClass: 50567K(50880K)->50567K(50880K) Class: 8602K(8896K)->8602K(8896K)
[2026-09-22T14:33:38.959+0000][5.781s][info][gc             ] GC(4) Pause Young (Metadata GC Threshold) 435M->104M(3925M) 26.110ms
[2026-09-22T14:33:38.959+0000][5.781s][info][gc,cpu         ] GC(4) User=0.10s Sys=0.00s Real=0.03s
[2026-09-22T14:33:38.959+0000][5.781s][info][gc,start       ] GC(5) Pause Full (Metadata GC Threshold)
[2026-09-22T14:33:38.959+0000][5.781s][info][gc,phases,start] GC(5) Marking Phase
[2026-09-22T14:33:39.000+0000][5.822s][info][gc,phases      ] GC(5) Marking Phase 40.762ms
[2026-09-22T14:33:39.000+0000][5.822s][info][gc,phases,start] GC(5) Summary Phase
[2026-09-22T14:33:39.000+0000][5.822s][info][gc,phases      ] GC(5) Summary Phase 0.007ms
[2026-09-22T14:33:39.000+0000][5.822s][info][gc,phases,start] GC(5) Adjust Roots
[2026-09-22T14:33:39.005+0000][5.828s][info][gc,phases      ] GC(5) Adjust Roots 5.834ms
[2026-09-22T14:33:39.005+0000][5.828s][info][gc,phases,start] GC(5) Compaction Phase
[2026-09-22T14:33:39.077+0000][5.900s][info][gc,phases      ] GC(5) Compaction Phase 71.910ms
[2026-09-22T14:33:39.077+0000][5.900s][info][gc,phases,start] GC(5) Post Compact
[2026-09-22T14:33:39.079+0000][5.901s][info][gc,phases      ] GC(5) Post Compact 1.185ms
[2026-09-22T14:33:39.079+0000][5.901s][info][gc,heap        ] GC(5) PSYoungGen: 42993K(1223168K)->0K(1223168K) Eden: 0K(1048576K)->0K(1048576K) From: 42993K(174592K)->0K(174592K)
[2026-09-22T14:33:39.079+0000][5.901s][info][gc,heap        ] GC(5) ParOldGen: 64243K(2796544K)->103051K(2796544K)
[2026-09-22T14:33:39.079+0000][5.901s][info][gc,metaspace   ] GC(5) Metaspace: 59170K(59776K)->59170K(59776K) NonClass: 50567K(50880K)->50567K(50880K) Class: 8602K(8896K)->8602K(8896K)
[2026-09-22T14:33:39.079+0000][5.901s][info][gc             ] GC(5) Pause Full (Metadata GC Threshold) 104M->100M(3925M) 119.869ms
[2026-09-22T14:33:39.079+0000][5.901s][info][gc,cpu         ] GC(5) User=0.43s Sys=0.01s Real=0.12s
[2026-09-22T14:33:42.138+0000][8.960s][info][gc,start       ] GC(6) Pause Young (Metadata GC Threshold)
[2026-09-22T14:33:42.237+0000][9.059s][info][gc,heap        ] GC(6) PSYoungGen: 793966K(1223168K)->174591K(1223168K) Eden: 793966K(1048576K)->0K(1048576K) From: 0K(174592K)->174591K(174592K)
[2026-09-22T14:33:42.237+0000][9.059s][info][gc,heap        ] GC(6) ParOldGen: 103051K(2796544K)->105515K(2796544K)
[2026-09-22T14:33:42.237+0000][9.059s][info][gc,metaspace   ] GC(6) Metaspace: 98802K(99648K)->98802K(99648K) NonClass: 84844K(85312K)->84844K(85312K) Class: 13957K(14336K)->13957K(14336K)
[2026-09-22T14:33:42.237+0000][9.059s][info][gc             ] GC(6) Pause Young (Metadata GC Threshold) 875M->273M(3925M) 99.144ms
[2026-09-22T14:33:42.237+0000][9.059s][info][gc,cpu         ] GC(6) User=0.36s Sys=0.03s Real=0.10s
[2026-09-22T14:33:42.237+0000][9.059s][info][gc,start       ] GC(7) Pause Full (Metadata GC Threshold)
[2026-09-22T14:33:42.237+0000][9.059s][info][gc,phases,start] GC(7) Marking Phase
[2026-09-22T14:33:42.349+0000][9.171s][info][gc,phases      ] GC(7) Marking Phase 111.821ms
[2026-09-22T14:33:42.349+0000][9.171s][info][gc,phases,start] GC(7) Summary Phase
[2026-09-22T14:33:42.349+0000][9.171s][info][gc,phases      ] GC(7) Summary Phase 0.027ms
[2026-09-22T14:33:42.349+0000][9.171s][info][gc,phases,start] GC(7) Adjust Roots
[2026-09-22T14:33:42.358+0000][9.181s][info][gc,phases      ] GC(7) Adjust Roots 9.289ms
[2026-09-22T14:33:42.358+0000][9.181s][info][gc,phases,start] GC(7) Compaction Phase
[2026-09-22T14:33:42.648+0000][9.470s][info][gc,phases      ] GC(7) Compaction Phase 289.380ms
[2026-09-22T14:33:42.648+0000][9.470s][info][gc,phases,start] GC(7) Post Compact
[2026-09-22T14:33:42.649+0000][9.472s][info][gc,phases      ] GC(7) Post Compact 1.637ms
[2026-09-22T14:33:42.649+0000][9.472s][info][gc,heap        ] GC(7) PSYoungGen: 174591K(1223168K)->0K(1223168K) Eden: 0K(1048576K)->0K(1048576K) From: 174591K(174592K)->0K(174592K)
[2026-09-22T14:33:42.649+0000][9.472s][info][gc,heap        ] GC(7) ParOldGen: 105515K(2796544K)->278478K(2796544K)
[2026-09-22T14:33:42.649+0000][9.472s][info][gc,metaspace   ] GC(7) Metaspace: 98802K(99648K)->98802K(99648K) NonClass: 84844K(85312K)->84844K(85312K) Class: 13957K(14336K)->13957K(14336K)
[2026-09-22T14:33:42.649+0000][9.472s][info][gc             ] GC(7) Pause Full (Metadata GC Threshold) 273M->271M(3925M) 412.298ms
[2026-09-22T14:33:42.649+0000][9.472s][info][gc,cpu         ] GC(7) User=1.52s Sys=0.02s Real=0.41s
[2026-09-22T14:33:46.143+0000][12.965s][info][gc,start       ] GC(8) Pause Young (Allocation Failure)
[2026-09-22T14:33:46.170+0000][12.992s][info][gc,heap        ] GC(8) PSYoungGen: 1048576K(1223168K)->44479K(1223168K) Eden: 1048576K(1048576K)->0K(1048576K) From: 0K(174592K)->44479K(174592K)
[2026-09-22T14:33:46.170+0000][12.992s][info][gc,heap        ] GC(8) ParOldGen: 278478K(2796544K)->278494K(2796544K)
[2026-09-22T14:33:46.170+0000][12.992s][info][gc,metaspace   ] GC(8) Metaspace: 119839K(120896K)->119839K(120896K) NonClass: 102602K(103232K)->102602K(103232K) Class: 17236K(17664K)->17236K(17664K)
[2026-09-22T14:33:46.170+0000][12.992s][info][gc             ] GC(8) Pause Young (Allocation Failure) 1295M->315M(3925M) 26.927ms
[2026-09-22T14:33:46.170+0000][12.992s][info][gc,cpu         ] GC(8) User=0.10s Sys=0.00s Real=0.03s
[2026-09-22T14:33:53.651+0000][20.474s][info][gc,start       ] GC(9) Pause Young (Allocation Failure)
[2026-09-22T14:33:53.712+0000][20.534s][info][gc,heap        ] GC(9) PSYoungGen: 1093055K(1223168K)->124670K(2236928K) Eden: 1048576K(1048576K)->0K(2078720K) From: 44479K(174592K)->124670K(158208K)
[2026-09-22T14:33:53.712+0000][20.534s][info][gc,heap        ] GC(9) ParOldGen: 278494K(2796544K)->278502K(2796544K)
[2026-09-22T14:33:53.712+0000][20.534s][info][gc,metaspace   ] GC(9) Metaspace: 150343K(151552K)->150343K(151552K) NonClass: 125901K(126592K)->125901K(126592K) Class: 24442K(24960K)->24442K(24960K)
[2026-09-22T14:33:53.712+0000][20.534s][info][gc             ] GC(9) Pause Young (Allocation Failure) 1339M->393M(4915M) 60.635ms
[2026-09-22T14:33:53.712+0000][20.534s][info][gc,cpu         ] GC(9) User=0.20s Sys=0.04s Real=0.06s
[2026-09-22T14:33:54.397+0000][21.219s][info][gc,start       ] GC(10) Pause Young (CodeCache GC Threshold)
[2026-09-22T14:33:54.452+0000][21.275s][info][gc,heap        ] GC(10) PSYoungGen: 438417K(2236928K)->150151K(2255360K) Eden: 313747K(2078720K)->0K(2078720K) From: 124670K(158208K)->150151K(176640K)
[2026-09-22T14:33:54.452+0000][21.275s][info][gc,heap        ] GC(10) ParOldGen: 278502K(2796544K)->278542K(2796544K)
[2026-09-22T14:33:54.452+0000][21.275s][info][gc,metaspace   ] GC(10) Metaspace: 150554K(151872K)->150554K(151872K) NonClass: 126085K(126848K)->126085K(126848K) Class: 24469K(25024K)->24469K(25024K)
[2026-09-22T14:33:54.452+0000][21.275s][info][gc             ] GC(10) Pause Young (CodeCache GC Threshold) 700M->418M(4933M) 55.806ms
[2026-09-22T14:33:54.452+0000][21.275s][info][gc,cpu         ] GC(10) User=0.16s Sys=0.05s Real=0.05s
[2026-09-22T14:33:54.452+0000][21.275s][info][gc,start       ] GC(11) Pause Full (CodeCache GC Threshold)
[2026-09-22T14:33:54.453+0000][21.275s][info][gc,phases,start] GC(11) Marking Phase
[2026-09-22T14:33:54.623+0000][21.445s][info][gc,phases      ] GC(11) Marking Phase 170.092ms
[2026-09-22T14:33:54.623+0000][21.445s][info][gc,phases,start] GC(11) Summary Phase
[2026-09-22T14:33:54.623+0000][21.445s][info][gc,phases      ] GC(11) Summary Phase 0.025ms
[2026-09-22T14:33:54.623+0000][21.445s][info][gc,phases,start] GC(11) Adjust Roots
[2026-09-22T14:33:54.644+0000][21.466s][info][gc,phases      ] GC(11) Adjust Roots 21.394ms
[2026-09-22T14:33:54.644+0000][21.466s][info][gc,phases,start] GC(11) Compaction Phase
[2026-09-22T14:33:54.989+0000][21.812s][info][gc,phases      ] GC(11) Compaction Phase 345.371ms
[2026-09-22T14:33:54.989+0000][21.812s][info][gc,phases,start] GC(11) Post Compact
[2026-09-22T14:33:54.995+0000][21.817s][info][gc,phases      ] GC(11) Post Compact 5.708ms
[2026-09-22T14:33:54.995+0000][21.817s][info][gc,heap        ] GC(11) PSYoungGen: 150151K(2255360K)->0K(2255360K) Eden: 0K(2078720K)->0K(2078720K) From: 150151K(176640K)->0K(176640K)
[2026-09-22T14:33:54.995+0000][21.817s][info][gc,heap        ] GC(11) ParOldGen: 278542K(2796544K)->388779K(2796544K)
[2026-09-22T14:33:54.995+0000][21.817s][info][gc,metaspace   ] GC(11) Metaspace: 150554K(151872K)->150490K(151872K) NonClass: 126085K(126848K)->126036K(126848K) Class: 24469K(25024K)->24453K(25024K)
[2026-09-22T14:33:54.995+0000][21.817s][info][gc             ] GC(11) Pause Full (CodeCache GC Threshold) 418M->379M(4933M) 542.755ms
[2026-09-22T14:33:54.995+0000][21.817s][info][gc,cpu         ] GC(11) User=1.95s Sys=0.01s Real=0.55s
[2026-09-22T14:33:58.998+0000][25.820s][info][gc,start       ] GC(12) Pause Young (Allocation Failure)
[2026-09-22T14:33:59.082+0000][25.904s][info][gc,heap        ] GC(12) PSYoungGen: 2078720K(2255360K)->200176K(2234368K) Eden: 2078720K(2078720K)->0K(2034176K) From: 0K(176640K)->200176K(200192K)
[2026-09-22T14:33:59.082+0000][25.904s][info][gc,heap        ] GC(12) ParOldGen: 388779K(2796544K)->450294K(2796544K)
[2026-09-22T14:33:59.082+0000][25.904s][info][gc,metaspace   ] GC(12) Metaspace: 152739K(154112K)->152739K(154112K) NonClass: 127926K(128704K)->127926K(128704K) Class: 24812K(25408K)->24812K(25408K)
[2026-09-22T14:33:59.082+0000][25.904s][info][gc             ] GC(12) Pause Young (Allocation Failure) 2409M->635M(4913M) 84.574ms
[2026-09-22T14:33:59.082+0000][25.904s][info][gc,cpu         ] GC(12) User=0.28s Sys=0.05s Real=0.08s
[2026-09-22T14:34:03.279+0000][30.101s][info][gc,start       ] GC(13) Pause Young (Allocation Failure)
[2026-09-22T14:34:03.440+0000][30.263s][info][gc,heap        ] GC(13) PSYoungGen: 2234352K(2234368K)->263164K(2297344K) Eden: 2034176K(2034176K)->0K(2034176K) From: 200176K(200192K)->263164K(263168K)
[2026-09-22T14:34:03.440+0000][30.263s][info][gc,heap        ] GC(13) ParOldGen: 450294K(2796544K)->737816K(2796544K)
[2026-09-22T14:34:03.441+0000][30.263s][info][gc,metaspace   ] GC(13) Metaspace: 153382K(154880K)->153382K(154880K) NonClass: 128478K(129344K)->128478K(129344K) Class: 24903K(25536K)->24903K(25536K)
[2026-09-22T14:34:03.441+0000][30.263s][info][gc             ] GC(13) Pause Young (Allocation Failure) 2621M->977M(4974M) 161.990ms
[2026-09-22T14:34:03.441+0000][30.263s][info][gc,cpu         ] GC(13) User=0.55s Sys=0.10s Real=0.16s
[2026-09-22T14:34:06.862+0000][33.684s][info][gc,start       ] GC(14) Pause Young (Allocation Failure)
[2026-09-22T14:34:07.015+0000][33.837s][info][gc,heap        ] GC(14) PSYoungGen: 2297340K(2297344K)->390677K(2949632K) Eden: 2034176K(2034176K)->0K(2524160K) From: 263164K(263168K)->390677K(425472K)
[2026-09-22T14:34:07.015+0000][33.837s][info][gc,heap        ] GC(14) ParOldGen: 737816K(2796544K)->903996K(2796544K)
[2026-09-22T14:34:07.015+0000][33.837s][info][gc,metaspace   ] GC(14) Metaspace: 154060K(155520K)->154060K(155520K) NonClass: 129072K(129920K)->129072K(129920K) Class: 24987K(25600K)->24987K(25600K)
[2026-09-22T14:34:07.015+0000][33.837s][info][gc             ] GC(14) Pause Young (Allocation Failure) 2964M->1264M(5611M) 152.870ms
[2026-09-22T14:34:07.015+0000][33.837s][info][gc,cpu         ] GC(14) User=0.49s Sys=0.11s Real=0.15s
[2026-09-22T14:34:11.358+0000][38.180s][info][gc,start       ] GC(15) Pause Young (Allocation Failure)
[2026-09-22T14:34:11.572+0000][38.394s][info][gc,heap        ] GC(15) PSYoungGen: 2914837K(2949632K)->295489K(2820096K) Eden: 2524160K(2524160K)->0K(2524160K) From: 390677K(425472K)->295489K(295936K)
[2026-09-22T14:34:11.572+0000][38.394s][info][gc,heap        ] GC(15) ParOldGen: 903996K(2796544K)->1312621K(2796544K)
[2026-09-22T14:34:11.572+0000][38.394s][info][gc,metaspace   ] GC(15) Metaspace: 154597K(156096K)->154597K(156096K) NonClass: 129558K(130432K)->129558K(130432K) Class: 25038K(25664K)->25038K(25664K)
[2026-09-22T14:34:11.572+0000][38.395s][info][gc             ] GC(15) Pause Young (Allocation Failure) 3729M->1570M(5485M) 214.331ms
[2026-09-22T14:34:11.572+0000][38.395s][info][gc,cpu         ] GC(15) User=0.70s Sys=0.14s Real=0.21s
[2026-09-22T14:34:16.179+0000][43.001s][info][gc,start       ] GC(16) Pause Young (Allocation Failure)
[2026-09-22T14:34:16.381+0000][43.203s][info][gc,heap        ] GC(16) PSYoungGen: 2819649K(2820096K)->373629K(2922496K) Eden: 2524160K(2524160K)->0K(2424832K) From: 295489K(295936K)->373629K(497664K)
[2026-09-22T14:34:16.381+0000][43.203s][info][gc,heap        ] GC(16) ParOldGen: 1312621K(2796544K)->1619969K(2796544K)
[2026-09-22T14:34:16.381+0000][43.203s][info][gc,metaspace   ] GC(16) Metaspace: 155324K(156800K)->155324K(156800K) NonClass: 130253K(131136K)->130253K(131136K) Class: 25070K(25664K)->25070K(25664K)
[2026-09-22T14:34:16.381+0000][43.203s][info][gc             ] GC(16) Pause Young (Allocation Failure) 4035M->1946M(5585M) 202.473ms
[2026-09-22T14:34:16.381+0000][43.203s][info][gc,cpu         ] GC(16) User=0.69s Sys=0.12s Real=0.20s
[2026-09-22T14:34:21.728+0000][48.550s][info][gc,start       ] GC(17) Pause Young (Allocation Failure)
[2026-09-22T14:34:21.964+0000][48.786s][info][gc,heap        ] GC(17) PSYoungGen: 2798461K(2922496K)->430544K(2855424K) Eden: 2424832K(2424832K)->0K(2424832K) From: 373629K(497664K)->430544K(430592K)
[2026-09-22T14:34:21.964+0000][48.786s][info][gc,heap        ] GC(17) ParOldGen: 1619969K(2796544K)->2008073K(2796544K)
[2026-09-22T14:34:21.964+0000][48.786s][info][gc,metaspace   ] GC(17) Metaspace: 156797K(158336K)->156797K(158336K) NonClass: 131654K(132544K)->131654K(132544K) Class: 25142K(25792K)->25142K(25792K)
[2026-09-22T14:34:21.964+0000][48.786s][info][gc             ] GC(17) Pause Young (Allocation Failure) 4314M->2381M(5519M) 235.909ms
[2026-09-22T14:34:21.964+0000][48.786s][info][gc,cpu         ] GC(17) User=0.84s Sys=0.10s Real=0.23s
[2026-09-22T14:34:23.496+0000][50.318s][info][gc,start       ] GC(18) Pause Young (CodeCache GC Threshold)
[2026-09-22T14:34:23.669+0000][50.491s][info][gc,heap        ] GC(18) PSYoungGen: 1025799K(2855424K)->75655K(2919424K) Eden: 595255K(2424832K)->0K(2335232K) From: 430544K(430592K)->75655K(584192K)
[2026-09-22T14:34:23.669+0000][50.491s][info][gc,heap        ] GC(18) ParOldGen: 2008073K(2796544K)->2454256K(2796544K)
[2026-09-22T14:34:23.669+0000][50.491s][info][gc,metaspace   ] GC(18) Metaspace: 160731K(162240K)->160731K(162240K) NonClass: 134828K(135680K)->134828K(135680K) Class: 25902K(26560K)->25902K(26560K)
[2026-09-22T14:34:23.669+0000][50.491s][info][gc             ] GC(18) Pause Young (CodeCache GC Threshold) 2962M->2470M(5582M) 172.893ms
[2026-09-22T14:34:23.669+0000][50.491s][info][gc,cpu         ] GC(18) User=0.54s Sys=0.13s Real=0.17s
[2026-09-22T14:34:23.669+0000][50.491s][info][gc,start       ] GC(19) Pause Full (CodeCache GC Threshold)
[2026-09-22T14:34:23.669+0000][50.491s][info][gc,phases,start] GC(19) Marking Phase
[2026-09-22T14:34:24.075+0000][50.897s][info][gc,phases      ] GC(19) Marking Phase 405.892ms
[2026-09-22T14:34:24.075+0000][50.897s][info][gc,phases,start] GC(19) Summary Phase
[2026-09-22T14:34:24.075+0000][50.897s][info][gc,phases      ] GC(19) Summary Phase 0.105ms
[2026-09-22T14:34:24.075+0000][50.897s][info][gc,phases,start] GC(19) Adjust Roots
[2026-09-22T14:34:24.095+0000][50.917s][info][gc,phases      ] GC(19) Adjust Roots 19.546ms
[2026-09-22T14:34:24.095+0000][50.917s][info][gc,phases,start] GC(19) Compaction Phase
[2026-09-22T14:34:24.499+0000][51.321s][info][gc,phases      ] GC(19) Compaction Phase 404.444ms
[2026-09-22T14:34:24.499+0000][51.321s][info][gc,phases,start] GC(19) Post Compact
[2026-09-22T14:34:24.523+0000][51.346s][info][gc,phases      ] GC(19) Post Compact 24.264ms
[2026-09-22T14:34:24.524+0000][51.346s][info][gc,heap        ] GC(19) PSYoungGen: 75655K(2919424K)->0K(2919424K) Eden: 0K(2335232K)->0K(2335232K) From: 75655K(584192K)->0K(584192K)
[2026-09-22T14:34:24.524+0000][51.346s][info][gc,heap        ] GC(19) ParOldGen: 2454256K(2796544K)->1344249K(2796544K)
[2026-09-22T14:34:24.524+0000][51.346s][info][gc,metaspace   ] GC(19) Metaspace: 160731K(162240K)->160677K(162240K) NonClass: 134828K(135680K)->134789K(135680K) Class: 25902K(26560K)->25888K(26560K)
[2026-09-22T14:34:24.524+0000][51.346s][info][gc             ] GC(19) Pause Full (CodeCache GC Threshold) 2470M->1312M(5582M) 854.432ms
[2026-09-22T14:34:24.524+0000][51.346s][info][gc,cpu         ] GC(19) User=3.00s Sys=0.11s Real=0.85s
[2026-09-22T14:34:33.867+0000][60.689s][info][gc,start       ] GC(20) Pause Young (CodeCache GC Threshold)
[2026-09-22T14:34:33.963+0000][60.785s][info][gc,heap        ] GC(20) PSYoungGen: 1799244K(2919424K)->324501K(2910720K) Eden: 1799244K(2335232K)->0K(2335232K) From: 0K(584192K)->324501K(575488K)
[2026-09-22T14:34:33.963+0000][60.786s][info][gc,heap        ] GC(20) ParOldGen: 1344249K(2796544K)->1344257K(2796544K)
[2026-09-22T14:34:33.963+0000][60.786s][info][gc,metaspace   ] GC(20) Metaspace: 166028K(167744K)->166028K(167744K) NonClass: 139654K(140672K)->139654K(140672K) Class: 26373K(27072K)->26373K(27072K)
[2026-09-22T14:34:33.963+0000][60.786s][info][gc             ] GC(20) Pause Young (CodeCache GC Threshold) 3069M->1629M(5573M) 96.175ms
[2026-09-22T14:34:33.963+0000][60.786s][info][gc,cpu         ] GC(20) User=0.39s Sys=0.00s Real=0.09s
[2026-09-22T14:34:33.963+0000][60.786s][info][gc,start       ] GC(21) Pause Full (CodeCache GC Threshold)
[2026-09-22T14:34:33.963+0000][60.786s][info][gc,phases,start] GC(21) Marking Phase
[2026-09-22T14:34:34.432+0000][61.254s][info][gc,phases      ] GC(21) Marking Phase 468.180ms
[2026-09-22T14:34:34.432+0000][61.254s][info][gc,phases,start] GC(21) Summary Phase
[2026-09-22T14:34:34.432+0000][61.254s][info][gc,phases      ] GC(21) Summary Phase 0.034ms
[2026-09-22T14:34:34.432+0000][61.254s][info][gc,phases,start] GC(21) Adjust Roots
[2026-09-22T14:34:34.456+0000][61.278s][info][gc,phases      ] GC(21) Adjust Roots 24.302ms
[2026-09-22T14:34:34.456+0000][61.278s][info][gc,phases,start] GC(21) Compaction Phase
[2026-09-22T14:34:35.121+0000][61.943s][info][gc,phases      ] GC(21) Compaction Phase 664.734ms
[2026-09-22T14:34:35.121+0000][61.943s][info][gc,phases,start] GC(21) Post Compact
[2026-09-22T14:34:35.133+0000][61.955s][info][gc,phases      ] GC(21) Post Compact 11.780ms
[2026-09-22T14:34:35.133+0000][61.955s][info][gc,heap        ] GC(21) PSYoungGen: 324501K(2910720K)->0K(2910720K) Eden: 0K(2335232K)->0K(2335232K) From: 324501K(575488K)->0K(575488K)
[2026-09-22T14:34:35.133+0000][61.955s][info][gc,heap        ] GC(21) ParOldGen: 1344257K(2796544K)->1652881K(2796544K)
[2026-09-22T14:34:35.133+0000][61.955s][info][gc,metaspace   ] GC(21) Metaspace: 166028K(167744K)->165984K(167744K) NonClass: 139654K(140672K)->139622K(140672K) Class: 26373K(27072K)->26362K(27072K)
[2026-09-22T14:34:35.133+0000][61.955s][info][gc             ] GC(21) Pause Full (CodeCache GC Threshold) 1629M->1614M(5573M) 1169.222ms
[2026-09-22T14:34:35.133+0000][61.955s][info][gc,cpu         ] GC(21) User=4.31s Sys=0.04s Real=1.17s
[2026-09-22T14:34:40.539+0000][67.361s][info][gc,start       ] GC(22) Pause Young (Allocation Failure)
[2026-09-22T14:34:40.628+0000][67.451s][info][gc,heap        ] GC(22) PSYoungGen: 2335232K(2910720K)->211240K(2857984K) Eden: 2335232K(2335232K)->0K(2339840K) From: 0K(575488K)->211240K(518144K)
[2026-09-22T14:34:40.628+0000][67.451s][info][gc,heap        ] GC(22) ParOldGen: 1652881K(2796544K)->1652889K(2796544K)
[2026-09-22T14:34:40.628+0000][67.451s][info][gc,metaspace   ] GC(22) Metaspace: 166030K(167744K)->166030K(167744K) NonClass: 139664K(140672K)->139664K(140672K) Class: 26366K(27072K)->26366K(27072K)
[2026-09-22T14:34:40.628+0000][67.451s][info][gc             ] GC(22) Pause Young (Allocation Failure) 3894M->1820M(5522M) 89.144ms
[2026-09-22T14:34:40.628+0000][67.451s][info][gc,cpu         ] GC(22) User=0.34s Sys=0.01s Real=0.09s
[2026-09-22T14:34:44.432+0000][71.254s][info][gc,start       ] GC(23) Pause Young (Allocation Failure)
[2026-09-22T14:34:44.568+0000][71.390s][info][gc,heap        ] GC(23) PSYoungGen: 2551080K(2857984K)->170640K(2886656K) Eden: 2339840K(2339840K)->0K(2339840K) From: 211240K(518144K)->170640K(546816K)
[2026-09-22T14:34:44.568+0000][71.390s][info][gc,heap        ] GC(23) ParOldGen: 1652889K(2796544K)->1849489K(2796544K)
[2026-09-22T14:34:44.568+0000][71.390s][info][gc,metaspace   ] GC(23) Metaspace: 166056K(167744K)->166056K(167744K) NonClass: 139683K(140672K)->139683K(140672K) Class: 26372K(27072K)->26372K(27072K)
[2026-09-22T14:34:44.568+0000][71.390s][info][gc             ] GC(23) Pause Young (Allocation Failure) 4105M->1972M(5550M) 136.228ms
[2026-09-22T14:34:44.568+0000][71.390s][info][gc,cpu         ] GC(23) User=0.53s Sys=0.00s Real=0.14s
[2026-09-22T14:34:47.702+0000][74.524s][info][gc,start       ] GC(24) Pause Young (Allocation Failure)
[2026-09-22T14:34:47.830+0000][74.652s][info][gc,heap        ] GC(24) PSYoungGen: 2510480K(2886656K)->153408K(2903040K) Eden: 2339840K(2339840K)->0K(2423808K) From: 170640K(546816K)->153408K(479232K)
[2026-09-22T14:34:47.830+0000][74.652s][info][gc,heap        ] GC(24) ParOldGen: 1849489K(2796544K)->2001251K(2796544K)
[2026-09-22T14:34:47.830+0000][74.652s][info][gc,metaspace   ] GC(24) Metaspace: 166082K(167744K)->166082K(167744K) NonClass: 139697K(140672K)->139697K(140672K) Class: 26384K(27072K)->26384K(27072K)
[2026-09-22T14:34:47.830+0000][74.652s][info][gc             ] GC(24) Pause Young (Allocation Failure) 4257M->2104M(5566M) 128.002ms
[2026-09-22T14:34:47.830+0000][74.652s][info][gc,cpu         ] GC(24) User=0.50s Sys=0.00s Real=0.13s
[2026-09-22T14:34:50.935+0000][77.757s][info][gc,start       ] GC(25) Pause Young (Allocation Failure)
[2026-09-22T14:34:51.067+0000][77.889s][info][gc,heap        ] GC(25) PSYoungGen: 2577216K(2903040K)->151408K(2928640K) Eden: 2423808K(2423808K)->0K(2423808K) From: 153408K(479232K)->151408K(504832K)
[2026-09-22T14:34:51.067+0000][77.889s][info][gc,heap        ] GC(25) ParOldGen: 2001251K(2796544K)->2133160K(2796544K)
[2026-09-22T14:34:51.067+0000][77.889s][info][gc,metaspace   ] GC(25) Metaspace: 166137K(167872K)->166137K(167872K) NonClass: 139725K(140736K)->139725K(140736K) Class: 26412K(27136K)->26412K(27136K)
[2026-09-22T14:34:51.067+0000][77.889s][info][gc             ] GC(25) Pause Young (Allocation Failure) 4471M->2231M(5591M) 132.024ms
[2026-09-22T14:34:51.067+0000][77.889s][info][gc,cpu         ] GC(25) User=0.49s Sys=0.03s Real=0.14s
[2026-09-22T14:34:54.273+0000][81.095s][info][gc,start       ] GC(26) Pause Young (Allocation Failure)
[2026-09-22T14:34:54.414+0000][81.236s][info][gc,heap        ] GC(26) PSYoungGen: 2575216K(2928640K)->137648K(2950144K) Eden: 2423808K(2423808K)->0K(2503680K) From: 151408K(504832K)->137648K(446464K)
[2026-09-22T14:34:54.414+0000][81.236s][info][gc,heap        ] GC(26) ParOldGen: 2133160K(2796544K)->2261037K(2796544K)
[2026-09-22T14:34:54.414+0000][81.236s][info][gc,metaspace   ] GC(26) Metaspace: 166166K(167872K)->166166K(167872K) NonClass: 139750K(140736K)->139750K(140736K) Class: 26416K(27136K)->26416K(27136K)
[2026-09-22T14:34:54.414+0000][81.237s][info][gc             ] GC(26) Pause Young (Allocation Failure) 4598M->2342M(5612M) 141.016ms
[2026-09-22T14:34:54.414+0000][81.237s][info][gc,cpu         ] GC(26) User=0.54s Sys=0.01s Real=0.14s
[2026-09-22T14:34:57.444+0000][84.266s][info][gc,start       ] GC(27) Pause Young (Allocation Failure)
[2026-09-22T14:34:57.570+0000][84.392s][info][gc,heap        ] GC(27) PSYoungGen: 2641328K(2950144K)->126432K(2973696K) Eden: 2503680K(2503680K)->0K(2503680K) From: 137648K(446464K)->126432K(470016K)
[2026-09-22T14:34:57.570+0000][84.392s][info][gc,heap        ] GC(27) ParOldGen: 2261037K(2796544K)->2372635K(2796544K)
[2026-09-22T14:34:57.570+0000][84.392s][info][gc,metaspace   ] GC(27) Metaspace: 166256K(167936K)->166256K(167936K) NonClass: 139835K(140800K)->139835K(140800K) Class: 26421K(27136K)->26421K(27136K)
[2026-09-22T14:34:57.570+0000][84.392s][info][gc             ] GC(27) Pause Young (Allocation Failure) 4787M->2440M(5635M) 126.224ms
[2026-09-22T14:34:57.570+0000][84.392s][info][gc,cpu         ] GC(27) User=0.49s Sys=0.00s Real=0.13s
[2026-09-22T14:35:00.639+0000][87.462s][info][gc,start       ] GC(28) Pause Young (Allocation Failure)
[2026-09-22T14:35:00.767+0000][87.589s][info][gc,heap        ] GC(28) PSYoungGen: 2630112K(2973696K)->121648K(2987008K) Eden: 2503680K(2503680K)->0K(2569216K) From: 126432K(470016K)->121648K(417792K)
[2026-09-22T14:35:00.767+0000][87.589s][info][gc,heap        ] GC(28) ParOldGen: 2372635K(2796544K)->2469952K(2796544K)
[2026-09-22T14:35:00.767+0000][87.589s][info][gc,metaspace   ] GC(28) Metaspace: 166308K(168000K)->166308K(168000K) NonClass: 139886K(140864K)->139886K(140864K) Class: 26421K(27136K)->26421K(27136K)
[2026-09-22T14:35:00.767+0000][87.589s][info][gc             ] GC(28) Pause Young (Allocation Failure) 4885M->2530M(5648M) 127.218ms
[2026-09-22T14:35:00.767+0000][87.589s][info][gc,cpu         ] GC(28) User=0.50s Sys=0.01s Real=0.13s
[2026-09-22T14:35:03.793+0000][90.616s][info][gc,start       ] GC(29) Pause Young (Allocation Failure)
[2026-09-22T14:35:03.925+0000][90.747s][info][gc,heap        ] GC(29) PSYoungGen: 2690864K(2987008K)->123008K(3010560K) Eden: 2569216K(2569216K)->0K(2569216K) From: 121648K(417792K)->123008K(441344K)
[2026-09-22T14:35:03.925+0000][90.747s][info][gc,heap        ] GC(29) ParOldGen: 2469952K(2796544K)->2560068K(2796544K)
[2026-09-22T14:35:03.925+0000][90.747s][info][gc,metaspace   ] GC(29) Metaspace: 166333K(168000K)->166333K(168000K) NonClass: 139910K(140864K)->139910K(140864K) Class: 26422K(27136K)->26422K(27136K)
[2026-09-22T14:35:03.925+0000][90.747s][info][gc             ] GC(29) Pause Young (Allocation Failure) 5039M->2620M(5671M) 131.850ms
[2026-09-22T14:35:03.925+0000][90.747s][info][gc,cpu         ] GC(29) User=0.49s Sys=0.02s Real=0.14s
[2026-09-22T14:35:06.983+0000][93.805s][info][gc,start       ] GC(30) Pause Young (Allocation Failure)
[2026-09-22T14:35:07.134+0000][93.957s][info][gc,heap        ] GC(30) PSYoungGen: 2692224K(3010560K)->126464K(3013120K) Eden: 2569216K(2569216K)->0K(2627072K) From: 123008K(441344K)->126464K(386048K)
[2026-09-22T14:35:07.134+0000][93.957s][info][gc,heap        ] GC(30) ParOldGen: 2560068K(2796544K)->2649757K(2796544K)
[2026-09-22T14:35:07.134+0000][93.957s][info][gc,metaspace   ] GC(30) Metaspace: 166468K(168128K)->166468K(168128K) NonClass: 140044K(140992K)->140044K(140992K) Class: 26424K(27136K)->26424K(27136K)
[2026-09-22T14:35:07.134+0000][93.957s][info][gc             ] GC(30) Pause Young (Allocation Failure) 5129M->2711M(5673M) 151.715ms
[2026-09-22T14:35:07.134+0000][93.957s][info][gc,cpu         ] GC(30) User=0.55s Sys=0.03s Real=0.15s
[2026-09-22T14:35:07.316+0000][94.138s][info][gc,start       ] GC(31) Pause Young (CodeCache GC Threshold)
[2026-09-22T14:35:07.440+0000][94.262s][info][gc,heap        ] GC(31) PSYoungGen: 334194K(3013120K)->11168K(3037696K) Eden: 207729K(2627072K)->0K(2627072K) From: 126464K(386048K)->11168K(410624K)
[2026-09-22T14:35:07.440+0000][94.262s][info][gc,heap        ] GC(31) ParOldGen: 2649757K(2796544K)->2767279K(2796544K)
[2026-09-22T14:35:07.440+0000][94.262s][info][gc,metaspace   ] GC(31) Metaspace: 166468K(168128K)->166468K(168128K) NonClass: 140044K(140992K)->140044K(140992K) Class: 26424K(27136K)->26424K(27136K)
[2026-09-22T14:35:07.440+0000][94.262s][info][gc             ] GC(31) Pause Young (CodeCache GC Threshold) 2914M->2713M(5697M) 124.384ms
[2026-09-22T14:35:07.440+0000][94.262s][info][gc,cpu         ] GC(31) User=0.39s Sys=0.07s Real=0.12s
[2026-09-22T14:35:07.440+0000][94.262s][info][gc,start       ] GC(32) Pause Full (CodeCache GC Threshold)
[2026-09-22T14:35:07.440+0000][94.262s][info][gc,phases,start] GC(32) Marking Phase
[2026-09-22T14:35:08.271+0000][95.093s][info][gc,phases      ] GC(32) Marking Phase 830.560ms
[2026-09-22T14:35:08.271+0000][95.093s][info][gc,phases,start] GC(32) Summary Phase
[2026-09-22T14:35:08.271+0000][95.093s][info][gc,phases      ] GC(32) Summary Phase 0.062ms
[2026-09-22T14:35:08.271+0000][95.093s][info][gc,phases,start] GC(32) Adjust Roots
[2026-09-22T14:35:08.293+0000][95.116s][info][gc,phases      ] GC(32) Adjust Roots 22.530ms
[2026-09-22T14:35:08.293+0000][95.116s][info][gc,phases,start] GC(32) Compaction Phase
[2026-09-22T14:35:09.273+0000][96.095s][info][gc,phases      ] GC(32) Compaction Phase 979.582ms
[2026-09-22T14:35:09.273+0000][96.095s][info][gc,phases,start] GC(32) Post Compact
[2026-09-22T14:35:09.281+0000][96.103s][info][gc,phases      ] GC(32) Post Compact 7.565ms
[2026-09-22T14:35:09.281+0000][96.103s][info][gc,heap        ] GC(32) PSYoungGen: 11168K(3037696K)->0K(3037696K) Eden: 0K(2627072K)->0K(2627072K) From: 11168K(410624K)->0K(410624K)
[2026-09-22T14:35:09.281+0000][96.103s][info][gc,heap        ] GC(32) ParOldGen: 2767279K(2796544K)->2722493K(2796544K)
[2026-09-22T14:35:09.281+0000][96.103s][info][gc,metaspace   ] GC(32) Metaspace: 166468K(168128K)->166468K(168128K) NonClass: 140044K(140992K)->140044K(140992K) Class: 26424K(27136K)->26424K(27136K)
[2026-09-22T14:35:09.281+0000][96.103s][info][gc             ] GC(32) Pause Full (CodeCache GC Threshold) 2713M->2658M(5697M) 1840.483ms
[2026-09-22T14:35:09.281+0000][96.103s][info][gc,cpu         ] GC(32) User=7.00s Sys=0.00s Real=1.84s
[2026-09-22T14:35:12.338+0000][99.160s][info][gc,start       ] GC(33) Pause Young (Allocation Failure)
[2026-09-22T14:35:12.454+0000][99.276s][info][gc,heap        ] GC(33) PSYoungGen: 2627072K(3037696K)->130336K(3062784K) Eden: 2627072K(2627072K)->0K(2648064K) From: 0K(410624K)->130336K(414720K)
[2026-09-22T14:35:12.454+0000][99.276s][info][gc,heap        ] GC(33) ParOldGen: 2722493K(2796544K)->2722493K(2796544K)
[2026-09-22T14:35:12.454+0000][99.276s][info][gc,metaspace   ] GC(33) Metaspace: 166476K(168128K)->166476K(168128K) NonClass: 140051K(140992K)->140051K(140992K) Class: 26424K(27136K)->26424K(27136K)
[2026-09-22T14:35:12.454+0000][99.276s][info][gc             ] GC(33) Pause Young (Allocation Failure) 5224M->2785M(5722M) 115.467ms
[2026-09-22T14:35:12.454+0000][99.276s][info][gc,cpu         ] GC(33) User=0.45s Sys=0.01s Real=0.11s
[2026-09-22T14:35:15.575+0000][102.397s][info][gc,start       ] GC(34) Pause Young (Allocation Failure)
[2026-09-22T14:35:15.725+0000][102.547s][info][gc,heap        ] GC(34) PSYoungGen: 2778400K(3062784K)->115920K(3041792K) Eden: 2648064K(2648064K)->0K(2648064K) From: 130336K(414720K)->115920K(393728K)
[2026-09-22T14:35:15.725+0000][102.547s][info][gc,heap        ] GC(34) ParOldGen: 2722493K(2796544K)->2816987K(2817024K)
[2026-09-22T14:35:15.725+0000][102.547s][info][gc,metaspace   ] GC(34) Metaspace: 166508K(168128K)->166508K(168128K) NonClass: 140076K(140992K)->140076K(140992K) Class: 26432K(27136K)->26432K(27136K)
[2026-09-22T14:35:15.725+0000][102.547s][info][gc             ] GC(34) Pause Young (Allocation Failure) 5371M->2864M(5721M) 149.773ms
[2026-09-22T14:35:15.725+0000][102.547s][info][gc,cpu         ] GC(34) User=0.56s Sys=0.02s Real=0.15s
[2026-09-22T14:35:18.739+0000][105.561s][info][gc,start       ] GC(35) Pause Young (Allocation Failure)
[2026-09-22T14:35:18.877+0000][105.700s][info][gc,heap        ] GC(35) PSYoungGen: 2763984K(3041792K)->87552K(3074560K) Eden: 2648064K(2648064K)->0K(2698240K) From: 115920K(393728K)->87552K(376320K)
[2026-09-22T14:35:18.877+0000][105.700s][info][gc,heap        ] GC(35) ParOldGen: 2816987K(2817024K)->2895088K(2895360K)
[2026-09-22T14:35:18.877+0000][105.700s][info][gc,metaspace   ] GC(35) Metaspace: 166549K(168256K)->166549K(168256K) NonClass: 140105K(141056K)->140105K(141056K) Class: 26444K(27200K)->26444K(27200K)
[2026-09-22T14:35:18.877+0000][105.700s][info][gc             ] GC(35) Pause Young (Allocation Failure) 5450M->2912M(5830M) 138.832ms
[2026-09-22T14:35:18.877+0000][105.700s][info][gc,cpu         ] GC(35) User=0.49s Sys=0.05s Real=0.14s
[2026-09-22T14:35:21.877+0000][108.699s][info][gc,start       ] GC(36) Pause Young (Allocation Failure)
[2026-09-22T14:35:21.991+0000][108.813s][info][gc,heap        ] GC(36) PSYoungGen: 2785792K(3074560K)->45712K(3062784K) Eden: 2698240K(2698240K)->0K(2698240K) From: 87552K(376320K)->45712K(364544K)
[2026-09-22T14:35:21.991+0000][108.813s][info][gc,heap        ] GC(36) ParOldGen: 2895088K(2895360K)->2943221K(2943488K)
[2026-09-22T14:35:21.991+0000][108.813s][info][gc,metaspace   ] GC(36) Metaspace: 166553K(168256K)->166553K(168256K) NonClass: 140108K(141056K)->140108K(141056K) Class: 26444K(27200K)->26444K(27200K)
[2026-09-22T14:35:21.991+0000][108.813s][info][gc             ] GC(36) Pause Young (Allocation Failure) 5547M->2918M(5865M) 114.161ms
[2026-09-22T14:35:21.991+0000][108.814s][info][gc,cpu         ] GC(36) User=0.41s Sys=0.04s Real=0.11s
[2026-09-22T14:35:24.975+0000][111.797s][info][gc,start       ] GC(37) Pause Young (Allocation Failure)
[2026-09-22T14:35:25.070+0000][111.893s][info][gc,heap        ] GC(37) PSYoungGen: 2743952K(3062784K)->45840K(3120640K) Eden: 2698240K(2698240K)->0K(2761216K) From: 45712K(364544K)->45840K(359424K)
[2026-09-22T14:35:25.070+0000][111.893s][info][gc,heap        ] GC(37) ParOldGen: 2943221K(2943488K)->2949210K(2949632K)
[2026-09-22T14:35:25.070+0000][111.893s][info][gc,metaspace   ] GC(37) Metaspace: 166556K(168320K)->166556K(168320K) NonClass: 140111K(141120K)->140111K(141120K) Class: 26444K(27200K)->26444K(27200K)
[2026-09-22T14:35:25.071+0000][111.893s][info][gc             ] GC(37) Pause Young (Allocation Failure) 5553M->2924M(5928M) 95.260ms
[2026-09-22T14:35:25.071+0000][111.893s][info][gc,cpu         ] GC(37) User=0.37s Sys=0.01s Real=0.09s
[2026-09-22T14:35:28.244+0000][115.066s][info][gc,start       ] GC(38) Pause Young (Allocation Failure)
[2026-09-22T14:35:28.337+0000][115.159s][info][gc,heap        ] GC(38) PSYoungGen: 2807056K(3120640K)->45552K(3113472K) Eden: 2761216K(2761216K)->0K(2761216K) From: 45840K(359424K)->45552K(352256K)
[2026-09-22T14:35:28.337+0000][115.159s][info][gc,heap        ] GC(38) ParOldGen: 2949210K(2949632K)->2955170K(2955264K)
[2026-09-22T14:35:28.337+0000][115.159s][info][gc,metaspace   ] GC(38) Metaspace: 166565K(168320K)->166565K(168320K) NonClass: 140114K(141120K)->140114K(141120K) Class: 26450K(27200K)->26450K(27200K)
[2026-09-22T14:35:28.337+0000][115.159s][info][gc             ] GC(38) Pause Young (Allocation Failure) 5621M->2930M(5926M) 93.217ms
[2026-09-22T14:35:28.337+0000][115.159s][info][gc,cpu         ] GC(38) User=0.37s Sys=0.00s Real=0.10s
[2026-09-22T14:35:31.530+0000][118.352s][info][gc,start       ] GC(39) Pause Young (Allocation Failure)
[2026-09-22T14:35:31.624+0000][118.446s][info][gc,heap        ] GC(39) PSYoungGen: 2806768K(3113472K)->43184K(3132928K) Eden: 2761216K(2761216K)->0K(2792960K) From: 45552K(352256K)->43184K(339968K)
[2026-09-22T14:35:31.624+0000][118.446s][info][gc,heap        ] GC(39) ParOldGen: 2955170K(2955264K)->2960510K(2960896K)
[2026-09-22T14:35:31.624+0000][118.446s][info][gc,metaspace   ] GC(39) Metaspace: 166567K(168320K)->166567K(168320K) NonClass: 140116K(141120K)->140116K(141120K) Class: 26450K(27200K)->26450K(27200K)
[2026-09-22T14:35:31.624+0000][118.446s][info][gc             ] GC(39) Pause Young (Allocation Failure) 5626M->2933M(5951M) 93.862ms
[2026-09-22T14:35:31.624+0000][118.446s][info][gc,cpu         ] GC(39) User=0.37s Sys=0.00s Real=0.09s
[2026-09-22T14:35:34.747+0000][121.569s][info][gc,start       ] GC(40) Pause Young (Allocation Failure)
[2026-09-22T14:35:34.840+0000][121.662s][info][gc,heap        ] GC(40) PSYoungGen: 2836144K(3132928K)->44176K(3126272K) Eden: 2792960K(2792960K)->0K(2792960K) From: 43184K(339968K)->44176K(333312K)
[2026-09-22T14:35:34.840+0000][121.662s][info][gc,heap        ] GC(40) ParOldGen: 2960510K(2960896K)->2965811K(2966016K)
[2026-09-22T14:35:34.840+0000][121.662s][info][gc,metaspace   ] GC(40) Metaspace: 166590K(168320K)->166590K(168320K) NonClass: 140129K(141120K)->140129K(141120K) Class: 26461K(27200K)->26461K(27200K)
[2026-09-22T14:35:34.840+0000][121.662s][info][gc             ] GC(40) Pause Young (Allocation Failure) 5660M->2939M(5949M) 92.668ms
[2026-09-22T14:35:34.840+0000][121.662s][info][gc,cpu         ] GC(40) User=0.36s Sys=0.00s Real=0.09s
[2026-09-22T14:35:38.238+0000][125.060s][info][gc,start       ] GC(41) Pause Young (Allocation Failure)
[2026-09-22T14:35:38.330+0000][125.152s][info][gc,heap        ] GC(41) PSYoungGen: 2837136K(3126272K)->41728K(3150336K) Eden: 2792960K(2792960K)->0K(2832896K) From: 44176K(333312K)->41728K(317440K)
[2026-09-22T14:35:38.330+0000][125.152s][info][gc,heap        ] GC(41) ParOldGen: 2965811K(2966016K)->2971320K(2971648K)
[2026-09-22T14:35:38.330+0000][125.152s][info][gc,metaspace   ] GC(41) Metaspace: 166590K(168320K)->166590K(168320K) NonClass: 140129K(141120K)->140129K(141120K) Class: 26461K(27200K)->26461K(27200K)
[2026-09-22T14:35:38.330+0000][125.152s][info][gc             ] GC(41) Pause Young (Allocation Failure) 5666M->2942M(5978M) 92.204ms
[2026-09-22T14:35:38.330+0000][125.152s][info][gc,cpu         ] GC(41) User=0.36s Sys=0.00s Real=0.09s
[2026-09-22T14:35:41.718+0000][128.540s][info][gc,start       ] GC(42) Pause Young (Allocation Failure)
[2026-09-22T14:35:41.811+0000][128.633s][info][gc,heap        ] GC(42) PSYoungGen: 2874624K(3150336K)->41056K(3144192K) Eden: 2832896K(2832896K)->0K(2832896K) From: 41728K(317440K)->41056K(311296K)
[2026-09-22T14:35:41.811+0000][128.633s][info][gc,heap        ] GC(42) ParOldGen: 2971320K(2971648K)->2976101K(2976256K)
[2026-09-22T14:35:41.811+0000][128.633s][info][gc,metaspace   ] GC(42) Metaspace: 166591K(168320K)->166591K(168320K) NonClass: 140130K(141120K)->140130K(141120K) Class: 26461K(27200K)->26461K(27200K)
[2026-09-22T14:35:41.811+0000][128.633s][info][gc             ] GC(42) Pause Young (Allocation Failure) 5708M->2946M(5977M) 93.365ms
[2026-09-22T14:35:41.811+0000][128.633s][info][gc,cpu         ] GC(42) User=0.37s Sys=0.00s Real=0.09s
[2026-09-22T14:35:45.048+0000][131.871s][info][gc,start       ] GC(43) Pause Young (Allocation Failure)
[2026-09-22T14:35:45.141+0000][131.963s][info][gc,heap        ] GC(43) PSYoungGen: 2873952K(3144192K)->43488K(3170816K) Eden: 2832896K(2832896K)->0K(2878976K) From: 41056K(311296K)->43488K(291840K)
[2026-09-22T14:35:45.141+0000][131.963s][info][gc,heap        ] GC(43) ParOldGen: 2976101K(2976256K)->2979586K(2979840K)
[2026-09-22T14:35:45.141+0000][131.963s][info][gc,metaspace   ] GC(43) Metaspace: 166603K(168320K)->166603K(168320K) NonClass: 140141K(141120K)->140141K(141120K) Class: 26461K(27200K)->26461K(27200K)
[2026-09-22T14:35:45.141+0000][131.963s][info][gc             ] GC(43) Pause Young (Allocation Failure) 5712M->2952M(6006M) 92.164ms
[2026-09-22T14:35:45.141+0000][131.963s][info][gc,cpu         ] GC(43) User=0.36s Sys=0.00s Real=0.09s
[2026-09-22T14:35:48.499+0000][135.321s][info][gc,start       ] GC(44) Pause Young (Allocation Failure)
[2026-09-22T14:35:48.592+0000][135.414s][info][gc,heap        ] GC(44) PSYoungGen: 2922464K(3170816K)->42400K(3165696K) Eden: 2878976K(2878976K)->0K(2878976K) From: 43488K(291840K)->42400K(286720K)
[2026-09-22T14:35:48.592+0000][135.414s][info][gc,heap        ] GC(44) ParOldGen: 2979586K(2979840K)->2984315K(2984448K)
[2026-09-22T14:35:48.592+0000][135.414s][info][gc,metaspace   ] GC(44) Metaspace: 166604K(168320K)->166604K(168320K) NonClass: 140142K(141120K)->140142K(141120K) Class: 26461K(27200K)->26461K(27200K)
[2026-09-22T14:35:48.592+0000][135.414s][info][gc             ] GC(44) Pause Young (Allocation Failure) 5763M->2955M(6006M) 92.939ms
[2026-09-22T14:35:48.592+0000][135.414s][info][gc,cpu         ] GC(44) User=0.36s Sys=0.01s Real=0.09s
[2026-09-22T14:35:51.976+0000][138.799s][info][gc,start       ] GC(45) Pause Young (Allocation Failure)
[2026-09-22T14:35:52.068+0000][138.890s][info][gc,heap        ] GC(45) PSYoungGen: 2921376K(3165696K)->41968K(3195904K) Eden: 2878976K(2878976K)->0K(2928640K) From: 42400K(286720K)->41968K(267264K)
[2026-09-22T14:35:52.068+0000][138.890s][info][gc,heap        ] GC(45) ParOldGen: 2984315K(2984448K)->2988887K(2989056K)
[2026-09-22T14:35:52.068+0000][138.890s][info][gc,metaspace   ] GC(45) Metaspace: 166605K(168320K)->166605K(168320K) NonClass: 140143K(141120K)->140143K(141120K) Class: 26462K(27200K)->26462K(27200K)
[2026-09-22T14:35:52.068+0000][138.890s][info][gc             ] GC(45) Pause Young (Allocation Failure) 5767M->2959M(6040M) 91.437ms
[2026-09-22T14:35:52.068+0000][138.890s][info][gc,cpu         ] GC(45) User=0.36s Sys=0.01s Real=0.09s
[2026-09-22T14:35:55.289+0000][142.111s][info][gc,start       ] GC(46) Pause Young (Allocation Failure)
[2026-09-22T14:35:55.385+0000][142.207s][info][gc,heap        ] GC(46) PSYoungGen: 2970608K(3195904K)->42784K(3190784K) Eden: 2928640K(2928640K)->0K(2928640K) From: 41968K(267264K)->42784K(262144K)
[2026-09-22T14:35:55.385+0000][142.208s][info][gc,heap        ] GC(46) ParOldGen: 2988887K(2989056K)->2994119K(2994176K)
[2026-09-22T14:35:55.385+0000][142.208s][info][gc,metaspace   ] GC(46) Metaspace: 166611K(168320K)->166611K(168320K) NonClass: 140146K(141120K)->140146K(141120K) Class: 26465K(27200K)->26465K(27200K)
[2026-09-22T14:35:55.385+0000][142.208s][info][gc             ] GC(46) Pause Young (Allocation Failure) 5819M->2965M(6040M) 96.401ms
[2026-09-22T14:35:55.385+0000][142.208s][info][gc,cpu         ] GC(46) User=0.36s Sys=0.00s Real=0.10s
[2026-09-22T14:35:58.756+0000][145.578s][info][gc,start       ] GC(47) Pause Young (Allocation Failure)
[2026-09-22T14:35:58.848+0000][145.671s][info][gc,heap        ] GC(47) PSYoungGen: 2971424K(3190784K)->41600K(3220992K) Eden: 2928640K(2928640K)->0K(2977280K) From: 42784K(262144K)->41600K(243712K)
[2026-09-22T14:35:58.848+0000][145.671s][info][gc,heap        ] GC(47) ParOldGen: 2994119K(2994176K)->2998648K(2998784K)
[2026-09-22T14:35:58.848+0000][145.671s][info][gc,metaspace   ] GC(47) Metaspace: 166642K(168320K)->166642K(168320K) NonClass: 140169K(141120K)->140169K(141120K) Class: 26473K(27200K)->26473K(27200K)
[2026-09-22T14:35:58.848+0000][145.671s][info][gc             ] GC(47) Pause Young (Allocation Failure) 5825M->2968M(6074M) 92.693ms
[2026-09-22T14:35:58.848+0000][145.671s][info][gc,cpu         ] GC(47) User=0.36s Sys=0.00s Real=0.09s
[2026-09-22T14:36:02.311+0000][149.133s][info][gc,start       ] GC(48) Pause Young (Allocation Failure)
[2026-09-22T14:36:02.404+0000][149.226s][info][gc,heap        ] GC(48) PSYoungGen: 3018880K(3220992K)->41968K(3215360K) Eden: 2977280K(2977280K)->0K(2977280K) From: 41600K(243712K)->41968K(238080K)
[2026-09-22T14:36:02.404+0000][149.226s][info][gc,heap        ] GC(48) ParOldGen: 2998648K(2998784K)->3002553K(3002880K)
[2026-09-22T14:36:02.404+0000][149.226s][info][gc,metaspace   ] GC(48) Metaspace: 166643K(168320K)->166643K(168320K) NonClass: 140169K(141120K)->140169K(141120K) Class: 26473K(27200K)->26473K(27200K)
[2026-09-22T14:36:02.404+0000][149.226s][info][gc             ] GC(48) Pause Young (Allocation Failure) 5876M->2973M(6072M) 93.363ms
[2026-09-22T14:36:02.404+0000][149.226s][info][gc,cpu         ] GC(48) User=0.36s Sys=0.00s Real=0.09s
[2026-09-22T14:36:05.749+0000][152.571s][info][gc,start       ] GC(49) Pause Young (Allocation Failure)
[2026-09-22T14:36:05.839+0000][152.661s][info][gc,heap        ] GC(49) PSYoungGen: 3019248K(3215360K)->40976K(3245568K) Eden: 2977280K(2977280K)->0K(3024384K) From: 41968K(238080K)->40976K(221184K)
[2026-09-22T14:36:05.839+0000][152.661s][info][gc,heap        ] GC(49) ParOldGen: 3002553K(3002880K)->3007278K(3007488K)
[2026-09-22T14:36:05.839+0000][152.661s][info][gc,metaspace   ] GC(49) Metaspace: 166643K(168320K)->166643K(168320K) NonClass: 140170K(141120K)->140170K(141120K) Class: 26473K(27200K)->26473K(27200K)
[2026-09-22T14:36:05.839+0000][152.661s][info][gc             ] GC(49) Pause Young (Allocation Failure) 5880M->2976M(6106M) 90.633ms
[2026-09-22T14:36:05.839+0000][152.661s][info][gc,cpu         ] GC(49) User=0.35s Sys=0.01s Real=0.09s
[2026-09-22T14:36:09.230+0000][156.052s][info][gc,start       ] GC(50) Pause Young (Allocation Failure)
[2026-09-22T14:36:09.320+0000][156.142s][info][gc,heap        ] GC(50) PSYoungGen: 3065360K(3245568K)->41152K(3239936K) Eden: 3024384K(3024384K)->0K(3024384K) From: 40976K(221184K)->41152K(215552K)
[2026-09-22T14:36:09.320+0000][156.143s][info][gc,heap        ] GC(50) ParOldGen: 3007278K(3007488K)->3011295K(3011584K)
[2026-09-22T14:36:09.320+0000][156.143s][info][gc,metaspace   ] GC(50) Metaspace: 166643K(168320K)->166643K(168320K) NonClass: 140170K(141120K)->140170K(141120K) Class: 26473K(27200K)->26473K(27200K)
[2026-09-22T14:36:09.320+0000][156.143s][info][gc             ] GC(50) Pause Young (Allocation Failure) 5930M->2980M(6105M) 90.804ms
[2026-09-22T14:36:09.320+0000][156.143s][info][gc,cpu         ] GC(50) User=0.36s Sys=0.00s Real=0.09s
[2026-09-22T14:36:12.746+0000][159.569s][info][gc,start       ] GC(51) Pause Young (Allocation Failure)
[2026-09-22T14:36:12.838+0000][159.660s][info][gc,heap        ] GC(51) PSYoungGen: 3065536K(3239936K)->43404K(3268608K) Eden: 3024384K(3024384K)->0K(3068928K) From: 41152K(215552K)->43404K(199680K)
[2026-09-22T14:36:12.838+0000][159.661s][info][gc,heap        ] GC(51) ParOldGen: 3011295K(3011584K)->3015575K(3015680K)
[2026-09-22T14:36:12.838+0000][159.661s][info][gc,metaspace   ] GC(51) Metaspace: 166644K(168320K)->166644K(168320K) NonClass: 140171K(141120K)->140171K(141120K) Class: 26473K(27200K)->26473K(27200K)
[2026-09-22T14:36:12.838+0000][159.661s][info][gc             ] GC(51) Pause Young (Allocation Failure) 5934M->2987M(6137M) 92.031ms
[2026-09-22T14:36:12.838+0000][159.661s][info][gc,cpu         ] GC(51) User=0.36s Sys=0.00s Real=0.09s
[2026-09-22T14:36:16.379+0000][163.201s][info][gc,start       ] GC(52) Pause Young (Allocation Failure)
[2026-09-22T14:36:16.470+0000][163.292s][info][gc,heap        ] GC(52) PSYoungGen: 3112332K(3268608K)->41072K(3262976K) Eden: 3068928K(3068928K)->0K(3068928K) From: 43404K(199680K)->41072K(194048K)
[2026-09-22T14:36:16.470+0000][163.292s][info][gc,heap        ] GC(52) ParOldGen: 3015575K(3015680K)->3019664K(3019776K)
[2026-09-22T14:36:16.470+0000][163.292s][info][gc,metaspace   ] GC(52) Metaspace: 166645K(168320K)->166645K(168320K) NonClass: 140171K(141120K)->140171K(141120K) Class: 26473K(27200K)->26473K(27200K)
[2026-09-22T14:36:16.470+0000][163.292s][info][gc             ] GC(52) Pause Young (Allocation Failure) 5984M->2989M(6135M) 90.854ms
[2026-09-22T14:36:16.470+0000][163.292s][info][gc,cpu         ] GC(52) User=0.36s Sys=0.01s Real=0.09s
[2026-09-22T14:36:20.041+0000][166.863s][info][gc,start       ] GC(53) Pause Young (GCLocker Initiated GC)
[2026-09-22T14:36:20.143+0000][166.965s][info][gc,heap        ] GC(53) PSYoungGen: 3110000K(3262976K)->41248K(3267072K) Eden: 3068928K(3068928K)->0K(3101184K) From: 41072K(194048K)->41248K(165888K)
[2026-09-22T14:36:20.143+0000][166.965s][info][gc,heap        ] GC(53) ParOldGen: 3019664K(3019776K)->3023888K(3024384K)
[2026-09-22T14:36:20.143+0000][166.965s][info][gc,metaspace   ] GC(53) Metaspace: 166675K(168384K)->166675K(168384K) NonClass: 140194K(141184K)->140194K(141184K) Class: 26480K(27200K)->26480K(27200K)
[2026-09-22T14:36:20.143+0000][166.965s][info][gc             ] GC(53) Pause Young (GCLocker Initiated GC) 5986M->2993M(6144M) 101.904ms
[2026-09-22T14:36:20.143+0000][166.965s][info][gc,cpu         ] GC(53) User=0.37s Sys=0.01s Real=0.10s
[2026-09-22T14:36:23.644+0000][170.466s][info][gc,start       ] GC(54) Pause Young (Allocation Failure)
[2026-09-22T14:36:23.736+0000][170.558s][info][gc,heap        ] GC(54) PSYoungGen: 3142432K(3267072K)->42096K(3276288K) Eden: 3101184K(3101184K)->0K(3101184K) From: 41248K(165888K)->42096K(175104K)
[2026-09-22T14:36:23.736+0000][170.558s][info][gc,heap        ] GC(54) ParOldGen: 3023890K(3024384K)->3029395K(3029504K)
[2026-09-22T14:36:23.736+0000][170.558s][info][gc,metaspace   ] GC(54) Metaspace: 166680K(168384K)->166680K(168384K) NonClass: 140196K(141184K)->140196K(141184K) Class: 26483K(27200K)->26483K(27200K)
[2026-09-22T14:36:23.736+0000][170.558s][info][gc             ] GC(54) Pause Young (Allocation Failure) 6021M->2999M(6158M) 92.209ms
[2026-09-22T14:36:23.736+0000][170.558s][info][gc,cpu         ] GC(54) User=0.36s Sys=0.01s Real=0.10s
[2026-09-22T14:36:27.785+0000][174.607s][info][gc,start       ] GC(55) Pause Young (Allocation Failure)
[2026-09-22T14:36:27.878+0000][174.700s][info][gc,heap        ] GC(55) PSYoungGen: 3143280K(3276288K)->41760K(3302400K) Eden: 3101184K(3101184K)->0K(3153920K) From: 42096K(175104K)->41760K(148480K)
[2026-09-22T14:36:27.878+0000][174.700s][info][gc,heap        ] GC(55) ParOldGen: 3029395K(3029504K)->3035129K(3035136K)
[2026-09-22T14:36:27.878+0000][174.700s][info][gc,metaspace   ] GC(55) Metaspace: 166708K(168384K)->166708K(168384K) NonClass: 140221K(141184K)->140221K(141184K) Class: 26486K(27200K)->26486K(27200K)
[2026-09-22T14:36:27.878+0000][174.700s][info][gc             ] GC(55) Pause Young (Allocation Failure) 6028M->3004M(6189M) 93.127ms
[2026-09-22T14:36:27.878+0000][174.700s][info][gc,cpu         ] GC(55) User=0.36s Sys=0.01s Real=0.09s
[2026-09-22T14:36:31.721+0000][178.543s][info][gc,start       ] GC(56) Pause Young (Allocation Failure)
[2026-09-22T14:36:31.814+0000][178.636s][info][gc,heap        ] GC(56) PSYoungGen: 3195680K(3302400K)->43984K(3311104K) Eden: 3153920K(3153920K)->0K(3153920K) From: 41760K(148480K)->43984K(157184K)
[2026-09-22T14:36:31.814+0000][178.636s][info][gc,heap        ] GC(56) ParOldGen: 3035129K(3035136K)->3041033K(3041280K)
[2026-09-22T14:36:31.814+0000][178.636s][info][gc,metaspace   ] GC(56) Metaspace: 166829K(168576K)->166829K(168576K) NonClass: 140314K(141312K)->140314K(141312K) Class: 26514K(27264K)->26514K(27264K)
[2026-09-22T14:36:31.814+0000][178.636s][info][gc             ] GC(56) Pause Young (Allocation Failure) 6084M->3012M(6203M) 93.121ms
[2026-09-22T14:36:31.814+0000][178.636s][info][gc,cpu         ] GC(56) User=0.37s Sys=0.00s Real=0.09s
[2026-09-22T14:36:35.628+0000][182.450s][info][gc,start       ] GC(57) Pause Young (Allocation Failure)
[2026-09-22T14:36:35.722+0000][182.544s][info][gc,heap        ] GC(57) PSYoungGen: 3197904K(3311104K)->50496K(3318784K) Eden: 3153920K(3153920K)->0K(3188736K) From: 43984K(157184K)->50496K(130048K)
[2026-09-22T14:36:35.722+0000][182.544s][info][gc,heap        ] GC(57) ParOldGen: 3041033K(3041280K)->3048995K(3049472K)
[2026-09-22T14:36:35.722+0000][182.544s][info][gc,metaspace   ] GC(57) Metaspace: 166969K(168768K)->166969K(168768K) NonClass: 140438K(141440K)->140438K(141440K) Class: 26530K(27328K)->26530K(27328K)
[2026-09-22T14:36:35.722+0000][182.544s][info][gc             ] GC(57) Pause Young (Allocation Failure) 6092M->3026M(6219M) 93.984ms
[2026-09-22T14:36:35.722+0000][182.544s][info][gc,cpu         ] GC(57) User=0.37s Sys=0.01s Real=0.09s
[2026-09-22T14:36:39.455+0000][186.277s][info][gc,start       ] GC(58) Pause Young (Allocation Failure)
[2026-09-22T14:36:39.573+0000][186.395s][info][gc,heap        ] GC(58) PSYoungGen: 3239232K(3318784K)->45632K(3328512K) Eden: 3188736K(3188736K)->0K(3188736K) From: 50496K(130048K)->45632K(139776K)
[2026-09-22T14:36:39.573+0000][186.395s][info][gc,heap        ] GC(58) ParOldGen: 3048995K(3049472K)->3063625K(3063808K)
[2026-09-22T14:36:39.573+0000][186.395s][info][gc,metaspace   ] GC(58) Metaspace: 166984K(168768K)->166984K(168768K) NonClass: 140453K(141440K)->140453K(141440K) Class: 26531K(27328K)->26531K(27328K)
[2026-09-22T14:36:39.573+0000][186.395s][info][gc             ] GC(58) Pause Young (Allocation Failure) 6140M->3036M(6242M) 117.926ms
[2026-09-22T14:36:39.573+0000][186.395s][info][gc,cpu         ] GC(58) User=0.40s Sys=0.05s Real=0.11s
[2026-09-22T14:36:43.458+0000][190.280s][info][gc,start       ] GC(59) Pause Young (Allocation Failure)
[2026-09-22T14:36:43.552+0000][190.374s][info][gc,heap        ] GC(59) PSYoungGen: 3234368K(3328512K)->41360K(3340288K) Eden: 3188736K(3188736K)->0K(3222528K) From: 45632K(139776K)->41360K(117760K)
[2026-09-22T14:36:43.552+0000][190.374s][info][gc,heap        ] GC(59) ParOldGen: 3063625K(3063808K)->3073031K(3073536K)
[2026-09-22T14:36:43.552+0000][190.374s][info][gc,metaspace   ] GC(59) Metaspace: 166999K(168768K)->166999K(168768K) NonClass: 140468K(141440K)->140468K(141440K) Class: 26531K(27328K)->26531K(27328K)
[2026-09-22T14:36:43.552+0000][190.374s][info][gc             ] GC(59) Pause Young (Allocation Failure) 6150M->3041M(6263M) 93.775ms
[2026-09-22T14:36:43.552+0000][190.374s][info][gc,cpu         ] GC(59) User=0.37s Sys=0.00s Real=0.09s
[2026-09-22T14:36:47.373+0000][194.196s][info][gc,start       ] GC(60) Pause Young (GCLocker Initiated GC)
[2026-09-22T14:36:47.464+0000][194.287s][info][gc,heap        ] GC(60) PSYoungGen: 3263888K(3340288K)->43008K(3266048K) Eden: 3222528K(3222528K)->0K(3222528K) From: 41360K(117760K)->43008K(43520K)
[2026-09-22T14:36:47.464+0000][194.287s][info][gc,heap        ] GC(60) ParOldGen: 3073031K(3073536K)->3079856K(3080192K)
[2026-09-22T14:36:47.464+0000][194.287s][info][gc,metaspace   ] GC(60) Metaspace: 167013K(168768K)->167013K(168768K) NonClass: 140481K(141440K)->140481K(141440K) Class: 26531K(27328K)->26531K(27328K)
[2026-09-22T14:36:47.465+0000][194.287s][info][gc             ] GC(60) Pause Young (GCLocker Initiated GC) 6188M->3049M(6197M) 91.040ms
[2026-09-22T14:36:47.465+0000][194.287s][info][gc,cpu         ] GC(60) User=0.36s Sys=0.01s Real=0.09s
[2026-09-22T14:36:51.220+0000][198.042s][info][gc,start       ] GC(61) Pause Young (Allocation Failure)
[2026-09-22T14:36:51.313+0000][198.135s][info][gc,heap        ] GC(61) PSYoungGen: 3265536K(3266048K)->41584K(3348480K) Eden: 3222528K(3222528K)->0K(3228160K) From: 43008K(43520K)->41584K(120320K)
[2026-09-22T14:36:51.313+0000][198.135s][info][gc,heap        ] GC(61) ParOldGen: 3079859K(3080192K)->3087466K(3087872K)
[2026-09-22T14:36:51.313+0000][198.135s][info][gc,metaspace   ] GC(61) Metaspace: 167072K(168832K)->167072K(168832K) NonClass: 140539K(141504K)->140539K(141504K) Class: 26533K(27328K)->26533K(27328K)
[2026-09-22T14:36:51.313+0000][198.135s][info][gc             ] GC(61) Pause Young (Allocation Failure) 6196M->3055M(6285M) 93.504ms
[2026-09-22T14:36:51.313+0000][198.135s][info][gc,cpu         ] GC(61) User=0.37s Sys=0.00s Real=0.09s
[2026-09-22T14:36:55.220+0000][202.042s][info][gc,start       ] GC(62) Pause Young (Allocation Failure)
[2026-09-22T14:36:55.318+0000][202.141s][info][gc,heap        ] GC(62) PSYoungGen: 3269744K(3348480K)->42864K(3342848K) Eden: 3228160K(3228160K)->0K(3228160K) From: 41584K(120320K)->42864K(114688K)
[2026-09-22T14:36:55.318+0000][202.141s][info][gc,heap        ] GC(62) ParOldGen: 3087466K(3087872K)->3093979K(3094016K)
[2026-09-22T14:36:55.318+0000][202.141s][info][gc,metaspace   ] GC(62) Metaspace: 167094K(168832K)->167094K(168832K) NonClass: 140561K(141504K)->140561K(141504K) Class: 26533K(27328K)->26533K(27328K)
[2026-09-22T14:36:55.318+0000][202.141s][info][gc             ] GC(62) Pause Young (Allocation Failure) 6208M->3063M(6286M) 98.320ms
[2026-09-22T14:36:55.318+0000][202.141s][info][gc,cpu         ] GC(62) User=0.37s Sys=0.01s Real=0.10s
[2026-09-22T14:36:59.310+0000][206.132s][info][gc,start       ] GC(63) Pause Young (GCLocker Initiated GC)
[2026-09-22T14:36:59.404+0000][206.226s][info][gc,heap        ] GC(63) PSYoungGen: 3271024K(3342848K)->42528K(3359232K) Eden: 3228160K(3228160K)->0K(3259904K) From: 42864K(114688K)->42528K(99328K)
[2026-09-22T14:36:59.404+0000][206.226s][info][gc,heap        ] GC(63) ParOldGen: 3093979K(3094016K)->3102018K(3102208K)
[2026-09-22T14:36:59.404+0000][206.226s][info][gc,metaspace   ] GC(63) Metaspace: 167122K(168896K)->167122K(168896K) NonClass: 140589K(141568K)->140589K(141568K) Class: 26533K(27328K)->26533K(27328K)
[2026-09-22T14:36:59.404+0000][206.226s][info][gc             ] GC(63) Pause Young (GCLocker Initiated GC) 6215M->3070M(6310M) 93.781ms
[2026-09-22T14:36:59.404+0000][206.226s][info][gc,cpu         ] GC(63) User=0.37s Sys=0.00s Real=0.09s
[2026-09-22T14:37:03.376+0000][210.199s][info][gc,start       ] GC(64) Pause Young (Allocation Failure)
[2026-09-22T14:37:03.468+0000][210.291s][info][gc,heap        ] GC(64) PSYoungGen: 3302432K(3359232K)->40864K(3364352K) Eden: 3259904K(3259904K)->0K(3259904K) From: 42528K(99328K)->40864K(104448K)
[2026-09-22T14:37:03.469+0000][210.291s][info][gc,heap        ] GC(64) ParOldGen: 3102021K(3102208K)->3109643K(3109888K)
[2026-09-22T14:37:03.469+0000][210.291s][info][gc,metaspace   ] GC(64) Metaspace: 167139K(168960K)->167139K(168960K) NonClass: 140606K(141632K)->140606K(141632K) Class: 26533K(27328K)->26533K(27328K)
[2026-09-22T14:37:03.469+0000][210.291s][info][gc             ] GC(64) Pause Young (Allocation Failure) 6254M->3076M(6322M) 92.089ms
[2026-09-22T14:37:03.469+0000][210.291s][info][gc,cpu         ] GC(64) User=0.36s Sys=0.00s Real=0.09s
[2026-09-22T14:37:07.600+0000][214.423s][info][gc,start       ] GC(65) Pause Young (Allocation Failure)
[2026-09-22T14:37:07.693+0000][214.515s][info][gc,heap        ] GC(65) PSYoungGen: 3300768K(3364352K)->43552K(3380224K) Eden: 3259904K(3259904K)->0K(3290112K) From: 40864K(104448K)->43552K(90112K)
[2026-09-22T14:37:07.693+0000][214.515s][info][gc,heap        ] GC(65) ParOldGen: 3109643K(3109888K)->3116536K(3116544K)
[2026-09-22T14:37:07.693+0000][214.515s][info][gc,metaspace   ] GC(65) Metaspace: 167150K(168960K)->167150K(168960K) NonClass: 140616K(141632K)->140616K(141632K) Class: 26534K(27328K)->26534K(27328K)
[2026-09-22T14:37:07.693+0000][214.515s][info][gc             ] GC(65) Pause Young (Allocation Failure) 6260M->3086M(6344M) 92.272ms
[2026-09-22T14:37:07.693+0000][214.515s][info][gc,cpu         ] GC(65) User=0.36s Sys=0.00s Real=0.09s
[2026-09-22T14:37:11.594+0000][218.416s][info][gc,start       ] GC(66) Pause Young (Allocation Failure)
[2026-09-22T14:37:11.687+0000][218.509s][info][gc,heap        ] GC(66) PSYoungGen: 3333664K(3380224K)->41936K(3385856K) Eden: 3290112K(3290112K)->0K(3290112K) From: 43552K(90112K)->41936K(95744K)
[2026-09-22T14:37:11.687+0000][218.509s][info][gc,heap        ] GC(66) ParOldGen: 3116536K(3116544K)->3126247K(3126272K)
[2026-09-22T14:37:11.687+0000][218.509s][info][gc,metaspace   ] GC(66) Metaspace: 167163K(168960K)->167163K(168960K) NonClass: 140629K(141632K)->140629K(141632K) Class: 26534K(27328K)->26534K(27328K)
[2026-09-22T14:37:11.687+0000][218.509s][info][gc             ] GC(66) Pause Young (Allocation Failure) 6299M->3093M(6359M) 93.376ms
[2026-09-22T14:37:11.687+0000][218.509s][info][gc,cpu         ] GC(66) User=0.36s Sys=0.01s Real=0.10s
[2026-09-22T14:37:15.756+0000][222.578s][info][gc,start       ] GC(67) Pause Young (Allocation Failure)
[2026-09-22T14:37:15.849+0000][222.671s][info][gc,heap        ] GC(67) PSYoungGen: 3332048K(3385856K)->42496K(3390464K) Eden: 3290112K(3290112K)->0K(3307520K) From: 41936K(95744K)->42496K(82944K)
[2026-09-22T14:37:15.849+0000][222.671s][info][gc,heap        ] GC(67) ParOldGen: 3126247K(3126272K)->3133965K(3134464K)
[2026-09-22T14:37:15.849+0000][222.671s][info][gc,metaspace   ] GC(67) Metaspace: 167175K(168960K)->167175K(168960K) NonClass: 140641K(141632K)->140641K(141632K) Class: 26534K(27328K)->26534K(27328K)
[2026-09-22T14:37:15.849+0000][222.671s][info][gc             ] GC(67) Pause Young (Allocation Failure) 6306M->3102M(6372M) 92.729ms
[2026-09-22T14:37:15.849+0000][222.671s][info][gc,cpu         ] GC(67) User=0.36s Sys=0.01s Real=0.09s
[2026-09-22T14:37:19.971+0000][226.793s][info][gc,start       ] GC(68) Pause Young (Allocation Failure)
[2026-09-22T14:37:20.066+0000][226.888s][info][gc,heap        ] GC(68) PSYoungGen: 3350016K(3390464K)->42960K(3395584K) Eden: 3307520K(3307520K)->0K(3307520K) From: 42496K(82944K)->42960K(88064K)
[2026-09-22T14:37:20.066+0000][226.888s][info][gc,heap        ] GC(68) ParOldGen: 3133965K(3134464K)->3142644K(3142656K)
[2026-09-22T14:37:20.066+0000][226.888s][info][gc,metaspace   ] GC(68) Metaspace: 167189K(169024K)->167189K(169024K) NonClass: 140655K(141696K)->140655K(141696K) Class: 26534K(27328K)->26534K(27328K)
[2026-09-22T14:37:20.066+0000][226.888s][info][gc             ] GC(68) Pause Young (Allocation Failure) 6332M->3110M(6385M) 95.163ms
[2026-09-22T14:37:20.066+0000][226.888s][info][gc,cpu         ] GC(68) User=0.37s Sys=0.01s Real=0.10s
[2026-09-22T14:37:23.979+0000][230.801s][info][gc,start       ] GC(69) Pause Young (Allocation Failure)
[2026-09-22T14:37:24.070+0000][230.893s][info][gc,heap        ] GC(69) PSYoungGen: 3350480K(3395584K)->39376K(3400192K) Eden: 3307520K(3307520K)->0K(3322368K) From: 42960K(88064K)->39376K(77824K)
[2026-09-22T14:37:24.070+0000][230.893s][info][gc,heap        ] GC(69) ParOldGen: 3142644K(3142656K)->3151463K(3151872K)
[2026-09-22T14:37:24.070+0000][230.893s][info][gc,metaspace   ] GC(69) Metaspace: 167219K(169024K)->167219K(169024K) NonClass: 140685K(141696K)->140685K(141696K) Class: 26534K(27328K)->26534K(27328K)
[2026-09-22T14:37:24.070+0000][230.893s][info][gc             ] GC(69) Pause Young (Allocation Failure) 6340M->3116M(6398M) 91.468ms
[2026-09-22T14:37:24.070+0000][230.893s][info][gc,cpu         ] GC(69) User=0.36s Sys=0.01s Real=0.09s
[2026-09-22T14:37:28.417+0000][235.239s][info][gc,start       ] GC(70) Pause Young (Allocation Failure)
[2026-09-22T14:37:28.510+0000][235.332s][info][gc,heap        ] GC(70) PSYoungGen: 3361744K(3400192K)->41360K(3404288K) Eden: 3322368K(3322368K)->0K(3322368K) From: 39376K(77824K)->41360K(81920K)
[2026-09-22T14:37:28.510+0000][235.332s][info][gc,heap        ] GC(70) ParOldGen: 3151463K(3151872K)->3156476K(3156480K)
[2026-09-22T14:37:28.510+0000][235.332s][info][gc,metaspace   ] GC(70) Metaspace: 167258K(169024K)->167258K(169024K) NonClass: 140710K(141696K)->140710K(141696K) Class: 26548K(27328K)->26548K(27328K)
[2026-09-22T14:37:28.510+0000][235.332s][info][gc             ] GC(70) Pause Young (Allocation Failure) 6360M->3122M(6407M) 92.727ms
[2026-09-22T14:37:28.510+0000][235.332s][info][gc,cpu         ] GC(70) User=0.36s Sys=0.00s Real=0.09s
[2026-09-22T14:37:33.050+0000][239.872s][info][gc,start       ] GC(71) Pause Young (Allocation Failure)
[2026-09-22T14:37:33.145+0000][239.967s][info][gc,heap        ] GC(71) PSYoungGen: 3363728K(3404288K)->45248K(3404800K) Eden: 3322368K(3322368K)->0K(3334144K) From: 41360K(81920K)->45248K(70656K)
[2026-09-22T14:37:33.145+0000][239.967s][info][gc,heap        ] GC(71) ParOldGen: 3156476K(3156480K)->3163546K(3163648K)
[2026-09-22T14:37:33.145+0000][239.967s][info][gc,metaspace   ] GC(71) Metaspace: 167308K(169088K)->167308K(169088K) NonClass: 140760K(141760K)->140760K(141760K) Class: 26548K(27328K)->26548K(27328K)
[2026-09-22T14:37:33.145+0000][239.967s][info][gc             ] GC(71) Pause Young (Allocation Failure) 6367M->3133M(6414M) 94.835ms
[2026-09-22T14:37:33.145+0000][239.967s][info][gc,cpu         ] GC(71) User=0.37s Sys=0.01s Real=0.10s
[2026-09-22T14:37:37.852+0000][244.675s][info][gc,start       ] GC(72) Pause Young (GCLocker Initiated GC)
[2026-09-22T14:37:37.954+0000][244.776s][info][gc,heap        ] GC(72) PSYoungGen: 3379392K(3404800K)->44912K(3379200K) Eden: 3334144K(3334144K)->0K(3334144K) From: 45248K(70656K)->44912K(45056K)
[2026-09-22T14:37:37.954+0000][244.776s][info][gc,heap        ] GC(72) ParOldGen: 3163546K(3163648K)->3174768K(3174912K)
[2026-09-22T14:37:37.954+0000][244.776s][info][gc,metaspace   ] GC(72) Metaspace: 167314K(169088K)->167314K(169088K) NonClass: 140765K(141760K)->140765K(141760K) Class: 26548K(27328K)->26548K(27328K)
[2026-09-22T14:37:37.954+0000][244.776s][info][gc             ] GC(72) Pause Young (GCLocker Initiated GC) 6389M->3144M(6400M) 101.670ms
[2026-09-22T14:37:37.954+0000][244.776s][info][gc,cpu         ] GC(72) User=0.38s Sys=0.01s Real=0.10s
[2026-09-22T14:37:43.165+0000][249.987s][info][gc,start       ] GC(73) Pause Young (Allocation Failure)
[2026-09-22T14:37:43.261+0000][250.083s][info][gc,heap        ] GC(73) PSYoungGen: 3379056K(3379200K)->43776K(3409408K) Eden: 3334144K(3334144K)->0K(3336704K) From: 44912K(45056K)->43776K(72704K)
[2026-09-22T14:37:43.261+0000][250.083s][info][gc,heap        ] GC(73) ParOldGen: 3174770K(3174912K)->3185572K(3185664K)
[2026-09-22T14:37:43.261+0000][250.083s][info][gc,metaspace   ] GC(73) Metaspace: 167340K(169152K)->167340K(169152K) NonClass: 140791K(141824K)->140791K(141824K) Class: 26548K(27328K)->26548K(27328K)
[2026-09-22T14:37:43.261+0000][250.083s][info][gc             ] GC(73) Pause Young (Allocation Failure) 6400M->3153M(6440M) 96.314ms
[2026-09-22T14:37:43.261+0000][250.084s][info][gc,cpu         ] GC(73) User=0.37s Sys=0.01s Real=0.09s
[2026-09-22T14:37:51.662+0000][258.484s][info][gc,start       ] GC(74) Pause Young (Allocation Failure)
[2026-09-22T14:37:51.760+0000][258.582s][info][gc,heap        ] GC(74) PSYoungGen: 3380480K(3409408K)->46128K(3406848K) Eden: 3336704K(3336704K)->0K(3336704K) From: 43776K(72704K)->46128K(70144K)
[2026-09-22T14:37:51.760+0000][258.582s][info][gc,heap        ] GC(74) ParOldGen: 3185572K(3185664K)->3195518K(3195904K)
[2026-09-22T14:37:51.760+0000][258.582s][info][gc,metaspace   ] GC(74) Metaspace: 167347K(169152K)->167347K(169152K) NonClass: 140797K(141824K)->140797K(141824K) Class: 26549K(27328K)->26549K(27328K)
[2026-09-22T14:37:51.760+0000][258.582s][info][gc             ] GC(74) Pause Young (Allocation Failure) 6412M->3165M(6448M) 98.007ms
[2026-09-22T14:37:51.760+0000][258.582s][info][gc,cpu         ] GC(74) User=0.38s Sys=0.01s Real=0.10s
[2026-09-22T14:38:06.178+0000][273.000s][info][gc,start       ] GC(75) Pause Young (Allocation Failure)
[2026-09-22T14:38:06.282+0000][273.104s][info][gc,heap        ] GC(75) PSYoungGen: 3382832K(3406848K)->44400K(3422208K) Eden: 3336704K(3336704K)->0K(3354624K) From: 46128K(70144K)->44400K(67584K)
[2026-09-22T14:38:06.282+0000][273.104s][info][gc,heap        ] GC(75) ParOldGen: 3195518K(3195904K)->3207608K(3207680K)
[2026-09-22T14:38:06.282+0000][273.104s][info][gc,metaspace   ] GC(75) Metaspace: 167394K(169152K)->167394K(169152K) NonClass: 140844K(141824K)->140844K(141824K) Class: 26549K(27328K)->26549K(27328K)
[2026-09-22T14:38:06.282+0000][273.104s][info][gc             ] GC(75) Pause Young (Allocation Failure) 6424M->3175M(6474M) 103.638ms
[2026-09-22T14:38:06.282+0000][273.104s][info][gc,cpu         ] GC(75) User=0.38s Sys=0.01s Real=0.10s
[2026-09-22T14:41:21.354+0000][468.176s][info][gc,start       ] GC(76) Pause Young (GCLocker Initiated GC)
[2026-09-22T14:41:21.447+0000][468.269s][info][gc,heap        ] GC(76) PSYoungGen: 3399024K(3422208K)->43056K(3420160K) Eden: 3354624K(3354624K)->0K(3354624K) From: 44400K(67584K)->43056K(65536K)
[2026-09-22T14:41:21.447+0000][468.269s][info][gc,heap        ] GC(76) ParOldGen: 3207783K(3208192K)->3218132K(3218432K)
[2026-09-22T14:41:21.447+0000][468.269s][info][gc,metaspace   ] GC(76) Metaspace: 169724K(171520K)->169724K(171520K) NonClass: 142927K(143936K)->142927K(143936K) Class: 26797K(27584K)->26797K(27584K)
[2026-09-22T14:41:21.447+0000][468.269s][info][gc             ] GC(76) Pause Young (GCLocker Initiated GC) 6451M->3184M(6483M) 92.704ms
[2026-09-22T14:41:21.447+0000][468.269s][info][gc,cpu         ] GC(76) User=0.37s Sys=0.00s Real=0.10s
[2026-09-22T14:41:32.883+0000][479.705s][info][gc,start       ] GC(77) Pause Young (CodeCache GC Threshold)
[2026-09-22T14:41:32.960+0000][479.783s][info][gc,heap        ] GC(77) PSYoungGen: 246996K(3420160K)->11258K(3417088K) Eden: 203940K(3354624K)->0K(3353088K) From: 43056K(65536K)->11258K(64000K)
[2026-09-22T14:41:32.961+0000][479.783s][info][gc,heap        ] GC(77) ParOldGen: 3218132K(3218432K)->3257401K(3257856K)
[2026-09-22T14:41:32.961+0000][479.783s][info][gc,metaspace   ] GC(77) Metaspace: 170504K(172288K)->170504K(172288K) NonClass: 143582K(144576K)->143582K(144576K) Class: 26922K(27712K)->26922K(27712K)
[2026-09-22T14:41:32.961+0000][479.783s][info][gc             ] GC(77) Pause Young (CodeCache GC Threshold) 3383M->3192M(6518M) 77.433ms
[2026-09-22T14:41:32.961+0000][479.783s][info][gc,cpu         ] GC(77) User=0.27s Sys=0.02s Real=0.08s
[2026-09-22T14:41:32.961+0000][479.783s][info][gc,start       ] GC(78) Pause Full (CodeCache GC Threshold)
[2026-09-22T14:41:32.961+0000][479.783s][info][gc,phases,start] GC(78) Marking Phase
[2026-09-22T14:41:33.921+0000][480.743s][info][gc,phases      ] GC(78) Marking Phase 960.134ms
[2026-09-22T14:41:33.921+0000][480.743s][info][gc,phases,start] GC(78) Summary Phase
[2026-09-22T14:41:33.921+0000][480.743s][info][gc,phases      ] GC(78) Summary Phase 0.061ms
[2026-09-22T14:41:33.921+0000][480.743s][info][gc,phases,start] GC(78) Adjust Roots
[2026-09-22T14:41:33.941+0000][480.764s][info][gc,phases      ] GC(78) Adjust Roots 20.539ms
[2026-09-22T14:41:33.941+0000][480.764s][info][gc,phases,start] GC(78) Compaction Phase
[2026-09-22T14:41:35.055+0000][481.877s][info][gc,phases      ] GC(78) Compaction Phase 1113.224ms
[2026-09-22T14:41:35.055+0000][481.877s][info][gc,phases,start] GC(78) Post Compact
[2026-09-22T14:41:35.059+0000][481.882s][info][gc,phases      ] GC(78) Post Compact 4.679ms
[2026-09-22T14:41:35.059+0000][481.882s][info][gc,heap        ] GC(78) PSYoungGen: 11258K(3417088K)->0K(3417088K) Eden: 0K(3353088K)->0K(3353088K) From: 11258K(64000K)->0K(64000K)
[2026-09-22T14:41:35.059+0000][481.882s][info][gc,heap        ] GC(78) ParOldGen: 3257401K(3257856K)->3020666K(3257856K)
[2026-09-22T14:41:35.059+0000][481.882s][info][gc,metaspace   ] GC(78) Metaspace: 170504K(172288K)->170499K(172288K) NonClass: 143582K(144576K)->143578K(144576K) Class: 26922K(27712K)->26921K(27712K)
[2026-09-22T14:41:35.059+0000][481.882s][info][gc             ] GC(78) Pause Full (CodeCache GC Threshold) 3192M->2949M(6518M) 2098.804ms
[2026-09-22T14:41:35.059+0000][481.882s][info][gc,cpu         ] GC(78) User=7.99s Sys=0.03s Real=2.10s
[2026-09-22T14:41:40.667+0000][487.489s][info][gc,start       ] GC(79) Pause Young (Allocation Failure)
[2026-09-22T14:41:40.940+0000][487.762s][info][gc,heap        ] GC(79) PSYoungGen: 3353088K(3417088K)->67584K(3420672K) Eden: 3353088K(3353088K)->0K(3353088K) From: 0K(64000K)->67584K(67584K)
[2026-09-22T14:41:40.940+0000][487.762s][info][gc,heap        ] GC(79) ParOldGen: 3020668K(3257856K)->3502860K(3503104K)
[2026-09-22T14:41:40.940+0000][487.762s][info][gc,metaspace   ] GC(79) Metaspace: 170988K(172736K)->170988K(172736K) NonClass: 144041K(145024K)->144041K(145024K) Class: 26946K(27712K)->26946K(27712K)
[2026-09-22T14:41:40.940+0000][487.762s][info][gc             ] GC(79) Pause Young (Allocation Failure) 6224M->3486M(6761M) 273.061ms
[2026-09-22T14:41:40.940+0000][487.762s][info][gc,cpu         ] GC(79) User=0.86s Sys=0.18s Real=0.27s
[2026-09-22T14:41:46.687+0000][493.509s][info][gc,start       ] GC(80) Pause Young (Allocation Failure)
