[0.003s][info][gc] Using G1
[0.341s][info][gc] GC(0) Pause Young (Concurrent Start) (G1 Humongous Allocation) 241M->3M(513M) 3.799ms
[0.341s][info][gc] GC(1) Concurrent Undo Cycle
[0.341s][info][gc] GC(1) Concurrent Undo Cycle 0.104ms
[0.475s][info][gc] GC(2) Pause Young (Normal) (G1 Evacuation Pause) 215M->2M(513M) 3.179ms
[1.911s][info][gc] GC(3) Pause Young (Concurrent Start) (Metadata GC Threshold) 312M->15M(513M) 11.840ms
[1.911s][info][gc] GC(4) Concurrent Mark Cycle
[1.938s][info][gc] GC(4) Pause Remark 16M->16M(512M) 3.384ms
[1.939s][info][gc] GC(4) Pause Cleanup 16M->16M(512M) 0.127ms
[1.940s][info][gc] GC(4) Concurrent Mark Cycle 29.687ms
[2.335s][info][gc] GC(5) Pause Young (Prepare Mixed) (G1 Evacuation Pause) 68M->33M(512M) 49.063ms
[2.401s][info][gc] GC(6) Pause Young (Mixed) (G1 Evacuation Pause) 50M->41M(512M) 19.543ms
[2.485s][info][gc] GC(7) Pause Young (Normal) (G1 Evacuation Pause) 73M->53M(512M) 25.128ms
[2.547s][info][gc] GC(8) Pause Young (Normal) (G1 Evacuation Pause) 83M->67M(942M) 25.784ms
[2.665s][info][gc] GC(9) Pause Young (Normal) (G1 Evacuation Pause) 109M->88M(942M) 20.447ms
[2.779s][info][gc] GC(10) Pause Young (Normal) (G1 Evacuation Pause) 129M->109M(942M) 26.021ms
[2.933s][info][gc] GC(11) Pause Young (Normal) (G1 Evacuation Pause) 150M->131M(942M) 60.196ms
[3.379s][info][gc] GC(12) Pause Young (Normal) (G1 Evacuation Pause) 172M->148M(1329M) 22.422ms
[3.489s][info][gc] GC(13) Pause Young (Concurrent Start) (Metadata GC Threshold) 155M->150M(1329M) 7.954ms
[3.489s][info][gc] GC(14) Concurrent Mark Cycle
[3.756s][info][gc] GC(14) Pause Remark 155M->155M(520M) 6.932ms
[3.866s][info][gc] GC(14) Pause Cleanup 159M->159M(520M) 0.234ms
[3.870s][info][gc] GC(14) Concurrent Mark Cycle 381.053ms
[4.390s][info][gc] GC(15) Pause Young (Prepare Mixed) (G1 Evacuation Pause) 267M->162M(520M) 19.417ms
[6.649s][info][gc] GC(16) Pause Young (Mixed) (G1 Evacuation Pause) 429M->201M(520M) 78.933ms
[6.874s][info][gc] GC(17) Pause Young (Normal) (G1 Evacuation Pause) 346M->252M(520M) 88.640ms
[6.956s][info][gc] GC(18) Pause Young (Concurrent Start) (Metadata GC Threshold) 282M->264M(520M) 20.759ms
[6.956s][info][gc] GC(19) Concurrent Mark Cycle
[7.205s][info][gc] GC(19) Pause Remark 265M->236M(520M) 8.215ms
[7.391s][info][gc] GC(19) Pause Cleanup 237M->237M(520M) 0.315ms
[7.392s][info][gc] GC(19) Concurrent Mark Cycle 436.060ms
[9.556s][info][gc] GC(20) Pause Young (Prepare Mixed) (G1 Evacuation Pause) 390M->258M(520M) 63.015ms
[10.547s][info][gc] GC(21) Pause Young (Mixed) (G1 Evacuation Pause) 415M->237M(520M) 56.553ms
[11.567s][info][gc] GC(22) Pause Young (Mixed) (G1 Evacuation Pause) 416M->244M(520M) 21.253ms
[12.033s][info][gc] GC(23) Pause Young (Concurrent Start) (G1 Humongous Allocation) 384M->248M(520M) 44.271ms
[12.033s][info][gc] GC(24) Concurrent Mark Cycle
[12.605s][info][gc] GC(24) Pause Remark 324M->324M(542M) 15.107ms
[12.795s][info][gc] GC(24) Pause Cleanup 329M->329M(542M) 0.252ms
[12.796s][info][gc] GC(24) Concurrent Mark Cycle 763.060ms
[13.464s][info][gc] GC(25) Pause Young (Prepare Mixed) (G1 Evacuation Pause) 450M->297M(542M) 82.388ms
[14.246s][info][gc] GC(26) Pause Young (Mixed) (G1 Evacuation Pause) 455M->325M(542M) 91.907ms
[14.468s][info][gc] GC(27) Pause Young (Concurrent Start) (G1 Humongous Allocation) 336M->328M(876M) 29.616ms
[14.468s][info][gc] GC(28) Concurrent Undo Cycle
[14.472s][info][gc] GC(28) Concurrent Undo Cycle 4.036ms
[14.558s][info][gc] GC(29) Pause Young (Concurrent Start) (G1 Humongous Allocation) 339M->328M(876M) 6.659ms
[14.558s][info][gc] GC(30) Concurrent Mark Cycle
[15.032s][info][gc] GC(30) Pause Remark 344M->327M(876M) 38.474ms
[15.302s][info][gc] GC(30) Pause Cleanup 336M->336M(876M) 0.370ms
[15.305s][info][gc] GC(30) Concurrent Mark Cycle 747.366ms
[30.143s][info][gc] GC(31) Pause Young (Prepare Mixed) (G1 Evacuation Pause) 711M->334M(876M) 57.341ms
[32.437s][info][gc] GC(32) Pause Young (Mixed) (G1 Evacuation Pause) 750M->323M(876M) 64.832ms
[35.549s][info][gc] GC(33) Pause Young (Concurrent Start) (G1 Evacuation Pause) 748M->335M(876M) 72.262ms
[35.549s][info][gc] GC(34) Concurrent Mark Cycle
[36.305s][info][gc] GC(34) Pause Remark 384M->355M(876M) 19.406ms
[36.654s][info][gc] GC(34) Pause Cleanup 371M->371M(876M) 0.318ms
[36.663s][info][gc] GC(34) Concurrent Mark Cycle 1114.382ms
[40.084s][info][gc] GC(35) Pause Young (Prepare Mixed) (G1 Evacuation Pause) 745M->325M(876M) 43.301ms
[44.135s][info][gc] GC(36) Pause Young (Mixed) (G1 Evacuation Pause) 783M->329M(876M) 62.305ms
[47.166s][info][gc] GC(37) Pause Young (Concurrent Start) (G1 Evacuation Pause) 785M->342M(876M) 60.978ms
[47.166s][info][gc] GC(38) Concurrent Mark Cycle
[47.966s][info][gc] GC(38) Pause Remark 431M->431M(876M) 68.106ms
[48.471s][info][gc] GC(38) Pause Cleanup 464M->464M(876M) 0.397ms
[48.474s][info][gc] GC(38) Concurrent Mark Cycle 1307.985ms
[66.400s][info][gc] GC(39) Pause Young (Prepare Mixed) (G1 Evacuation Pause) 802M->355M(876M) 43.326ms
[68.875s][info][gc] GC(40) Pause Young (Mixed) (G1 Evacuation Pause) 790M->362M(876M) 71.424ms
[75.995s][info][gc] GC(41) Pause Young (Concurrent Start) (G1 Evacuation Pause) 789M->375M(876M) 37.628ms
[75.995s][info][gc] GC(42) Concurrent Mark Cycle
[76.577s][info][gc] GC(42) Pause Remark 434M->434M(876M) 28.773ms
[76.856s][info][gc] GC(42) Pause Cleanup 468M->468M(876M) 0.338ms
[76.858s][info][gc] GC(42) Concurrent Mark Cycle 862.925ms
[78.472s][info][gc] GC(43) Pause Young (Prepare Mixed) (G1 Evacuation Pause) 789M->387M(876M) 36.118ms
[80.446s][info][gc] GC(44) Pause Young (Mixed) (G1 Evacuation Pause) 790M->390M(876M) 61.409ms
[95.972s][info][gc] GC(45) Pause Young (Concurrent Start) (G1 Evacuation Pause) 791M->401M(876M) 31.675ms
[95.972s][info][gc] GC(46) Concurrent Mark Cycle
[96.659s][info][gc] GC(46) Pause Remark 506M->506M(876M) 67.993ms
[97.048s][info][gc] GC(46) Pause Cleanup 575M->575M(876M) 0.396ms
[97.055s][info][gc] GC(46) Concurrent Mark Cycle 1082.655ms
[98.064s][info][gc] GC(47) Pause Young (Prepare Mixed) (G1 Evacuation Pause) 793M->413M(876M) 61.492ms
[99.607s][info][gc] GC(48) Pause Young (Mixed) (G1 Evacuation Pause) 795M->413M(876M) 31.499ms
[108.110s][info][gc] GC(49) Pause Young (Concurrent Start) (G1 Evacuation Pause) 797M->424M(876M) 38.855ms
[108.110s][info][gc] GC(50) Concurrent Mark Cycle
[108.747s][info][gc] GC(50) Pause Remark 530M->530M(885M) 56.252ms
[109.256s][info][gc] GC(50) Pause Cleanup 620M->620M(885M) 0.455ms
[109.260s][info][gc] GC(50) Concurrent Mark Cycle 1149.737ms
[110.213s][info][gc] GC(51) Pause Young (Prepare Mixed) (G1 Evacuation Pause) 796M->436M(885M) 27.923ms
[119.097s][info][gc] GC(52) Pause Young (Mixed) (G1 Evacuation Pause) 807M->437M(885M) 35.899ms
[121.050s][info][gc] GC(53) Pause Young (Concurrent Start) (G1 Evacuation Pause) 805M->448M(885M) 49.039ms
[121.050s][info][gc] GC(54) Concurrent Mark Cycle
[121.755s][info][gc] GC(54) Pause Remark 560M->560M(935M) 50.871ms
[122.040s][info][gc] GC(54) Pause Cleanup 598M->598M(935M) 0.479ms
[122.043s][info][gc] GC(54) Concurrent Mark Cycle 992.805ms
[122.777s][info][gc] GC(55) Pause Young (Prepare Mixed) (G1 Evacuation Pause) 804M->458M(935M) 30.546ms
[124.266s][info][gc] GC(56) Pause Young (Mixed) (G1 Evacuation Pause) 854M->451M(935M) 27.990ms
[129.290s][info][gc] GC(57) Pause Young (Concurrent Start) (G1 Evacuation Pause) 860M->458M(935M) 22.945ms
[129.290s][info][gc] GC(58) Concurrent Mark Cycle
[129.978s][info][gc] GC(58) Pause Remark 693M->693M(1155M) 23.946ms
[130.258s][info][gc] GC(58) Pause Cleanup 769M->769M(1155M) 1.849ms
[130.262s][info][gc] GC(58) Concurrent Mark Cycle 971.955ms
[130.557s][info][gc] GC(59) Pause Young (Prepare Mixed) (G1 Evacuation Pause) 844M->459M(1155M) 22.114ms
[133.949s][info][gc] GC(60) Pause Young (Mixed) (G1 Evacuation Pause) 1074M->468M(1155M) 58.120ms
[148.383s][info][gc] GC(61) Pause Young (Concurrent Start) (G1 Evacuation Pause) 1053M->481M(1155M) 35.095ms
[148.383s][info][gc] GC(62) Concurrent Mark Cycle
[149.136s][info][gc] GC(62) Pause Remark 520M->520M(1155M) 45.072ms
[149.453s][info][gc] GC(62) Pause Cleanup 538M->538M(1155M) 0.496ms
[149.457s][info][gc] GC(62) Concurrent Mark Cycle 1074.227ms
[152.371s][info][gc] GC(63) Pause Young (Prepare Mixed) (G1 Evacuation Pause) 1052M->493M(1155M) 35.450ms
[165.635s][info][gc] GC(64) Pause Young (Mixed) (G1 Evacuation Pause) 1049M->494M(1155M) 69.237ms
[168.339s][info][gc] GC(65) Pause Young (Concurrent Start) (G1 Evacuation Pause) 1058M->506M(1155M) 58.646ms
[168.339s][info][gc] GC(66) Concurrent Mark Cycle
[169.213s][info][gc] GC(66) Pause Remark 625M->625M(1155M) 43.747ms
[169.570s][info][gc] GC(66) Pause Cleanup 676M->676M(1155M) 0.546ms
[169.574s][info][gc] GC(66) Concurrent Mark Cycle 1234.534ms
[176.438s][info][gc] GC(67) Pause Young (Prepare Mixed) (G1 Evacuation Pause) 1046M->515M(1155M) 67.030ms
[179.064s][info][gc] GC(68) Pause Young (Mixed) (G1 Evacuation Pause) 1050M->515M(1155M) 62.357ms
[184.618s][info][gc] GC(69) Pause Young (Concurrent Start) (G1 Evacuation Pause) 1049M->521M(1155M) 32.661ms
[184.618s][info][gc] GC(70) Concurrent Mark Cycle
[185.126s][info][gc] GC(70) Pause Remark 527M->527M(1155M) 22.487ms
[185.360s][info][gc] GC(70) Pause Cleanup 529M->529M(1155M) 0.551ms
[185.362s][info][gc] GC(70) Concurrent Mark Cycle 744.185ms
[191.133s][info][gc] GC(71) Pause Young (Prepare Mixed) (G1 Evacuation Pause) 1053M->533M(1155M) 57.155ms
[193.259s][info][gc] GC(72) Pause Young (Mixed) (G1 Evacuation Pause) 1051M->533M(1155M) 37.293ms
[198.488s][info][gc] GC(73) Pause Young (Concurrent Start) (G1 Evacuation Pause) 1052M->541M(1155M) 29.683ms
[198.488s][info][gc] GC(74) Concurrent Mark Cycle
[199.264s][info][gc] GC(74) Pause Remark 683M->683M(1155M) 19.051ms
[199.648s][info][gc] GC(74) Pause Cleanup 755M->755M(1155M) 0.562ms
[199.650s][info][gc] GC(74) Concurrent Mark Cycle 1161.881ms
[200.865s][info][gc] GC(75) Pause Young (Prepare Mixed) (G1 Evacuation Pause) 1053M->553M(1155M) 31.618ms
[206.844s][info][gc] GC(76) Pause Young (Mixed) (G1 Evacuation Pause) 1051M->554M(1155M) 62.077ms
[209.048s][info][gc] GC(77) Pause Young (Concurrent Start) (G1 Evacuation Pause) 1061M->565M(1155M) 29.062ms
[209.048s][info][gc] GC(78) Concurrent Mark Cycle
[209.798s][info][gc] GC(78) Pause Remark 702M->702M(1174M) 16.081ms
[210.197s][info][gc] GC(78) Pause Cleanup 765M->765M(1174M) 0.592ms
[210.200s][info][gc] GC(78) Concurrent Mark Cycle 1152.145ms
[214.669s][info][gc] GC(79) Pause Young (Prepare Mixed) (G1 Evacuation Pause) 1049M->574M(1174M) 31.888ms
[216.944s][info][gc] GC(80) Pause Young (Mixed) (G1 Evacuation Pause) 1079M->578M(1174M) 33.736ms
[224.161s][info][gc] GC(81) Pause Young (Concurrent Start) (G1 Evacuation Pause) 1079M->586M(1174M) 55.754ms
[224.161s][info][gc] GC(82) Concurrent Mark Cycle
[225.039s][info][gc] GC(82) Pause Remark 724M->724M(1209M) 43.356ms
[225.398s][info][gc] GC(82) Pause Cleanup 807M->807M(1209M) 0.465ms
[225.404s][info][gc] GC(82) Concurrent Mark Cycle 1243.135ms
[226.765s][info][gc] GC(83) Pause Young (Prepare Mixed) (G1 Evacuation Pause) 1078M->599M(1209M) 30.046ms
[235.020s][info][gc] GC(84) Pause Young (Mixed) (G1 Evacuation Pause) 1111M->602M(1209M) 33.532ms
[238.260s][info][gc] GC(85) Pause Young (Concurrent Start) (G1 Evacuation Pause) 1113M->617M(1209M) 55.130ms
[238.260s][info][gc] GC(86) Concurrent Mark Cycle
[239.188s][info][gc] GC(86) Pause Remark 790M->790M(1320M) 22.331ms
[239.688s][info][gc] GC(86) Pause Cleanup 868M->868M(1320M) 0.772ms
[239.694s][info][gc] GC(86) Concurrent Mark Cycle 1434.073ms
[240.577s][info][gc] GC(87) Pause Young (Prepare Mixed) (G1 Evacuation Pause) 1093M->624M(1320M) 38.231ms
[246.682s][info][gc] GC(88) Pause Young (Mixed) (G1 Evacuation Pause) 1217M->634M(1320M) 40.701ms
[251.906s][info][gc] GC(89) Pause Young (Concurrent Start) (G1 Evacuation Pause) 1202M->642M(1320M) 35.067ms
[251.906s][info][gc] GC(90) Concurrent Mark Cycle
[252.787s][info][gc] GC(90) Pause Remark 798M->798M(1332M) 15.809ms
[253.191s][info][gc] GC(90) Pause Cleanup 873M->873M(1332M) 0.522ms
[253.195s][info][gc] GC(90) Concurrent Mark Cycle 1288.826ms
[254.798s][info][gc] GC(91) Pause Young (Prepare Mixed) (G1 Evacuation Pause) 1213M->653M(1332M) 31.981ms
[262.592s][info][gc] GC(92) Pause Young (Mixed) (G1 Evacuation Pause) 1214M->657M(1332M) 40.844ms
[265.096s][info][gc] GC(93) Pause Young (Concurrent Start) (G1 Evacuation Pause) 1218M->668M(1332M) 34.789ms
[265.096s][info][gc] GC(94) Concurrent Mark Cycle
[266.251s][info][gc] GC(94) Pause Remark 856M->856M(1429M) 17.530ms
[266.770s][info][gc] GC(94) Pause Cleanup 971M->971M(1429M) 1.496ms
[266.774s][info][gc] GC(94) Concurrent Mark Cycle 1678.385ms
[270.944s][info][gc] GC(95) Pause Young (Prepare Mixed) (G1 Evacuation Pause) 1212M->676M(1429M) 58.809ms
[274.193s][info][gc] GC(96) Pause Young (Mixed) (G1 Evacuation Pause) 1312M->683M(1429M) 42.274ms
[280.057s][info][gc] GC(97) Pause Young (Concurrent Start) (G1 Evacuation Pause) 1308M->694M(1429M) 60.975ms
[280.057s][info][gc] GC(98) Concurrent Mark Cycle
[281.060s][info][gc] GC(98) Pause Remark 853M->853M(1429M) 26.046ms
[281.486s][info][gc] GC(98) Pause Cleanup 918M->918M(1429M) 2.293ms
[281.489s][info][gc] GC(98) Concurrent Mark Cycle 1432.300ms
[283.234s][info][gc] GC(99) Pause Young (Prepare Mixed) (G1 Evacuation Pause) 1308M->703M(1429M) 53.573ms
[288.279s][info][gc] GC(100) Pause Young (Mixed) (G1 Evacuation Pause) 1306M->706M(1429M) 39.053ms
[290.903s][info][gc] GC(101) Pause Young (Concurrent Start) (G1 Evacuation Pause) 1309M->718M(1429M) 36.728ms
[290.903s][info][gc] GC(102) Concurrent Mark Cycle
[292.073s][info][gc] GC(102) Pause Remark 959M->959M(1602M) 17.168ms
[292.483s][info][gc] GC(102) Pause Cleanup 984M->984M(1602M) 0.658ms
[292.487s][info][gc] GC(102) Concurrent Mark Cycle 1584.310ms
[298.901s][info][gc] GC(103) Pause Young (Prepare Mixed) (G1 Evacuation Pause) 1299M->726M(1602M) 34.559ms
[301.956s][info][gc] GC(104) Pause Young (Mixed) (G1 Evacuation Pause) 1475M->735M(1602M) 52.060ms
[312.059s][info][gc] GC(105) Pause Young (Concurrent Start) (G1 Evacuation Pause) 1464M->747M(1602M) 67.665ms
[312.059s][info][gc] GC(106) Concurrent Mark Cycle
[313.193s][info][gc] GC(106) Pause Remark 926M->926M(1602M) 14.550ms
[313.833s][info][gc] GC(106) Pause Cleanup 1088M->1088M(1602M) 1.119ms
[313.843s][info][gc] GC(106) Concurrent Mark Cycle 1784.011ms
[318.363s][info][gc] GC(107) Pause Young (Prepare Mixed) (G1 Evacuation Pause) 1459M->758M(1602M) 69.546ms
[321.664s][info][gc] GC(108) Pause Young (Mixed) (G1 Evacuation Pause) 1469M->768M(1602M) 49.571ms
[328.173s][info][gc] GC(109) Pause Young (Concurrent Start) (G1 Evacuation Pause) 1464M->778M(1602M) 76.937ms
[328.173s][info][gc] GC(110) Concurrent Mark Cycle
[329.190s][info][gc] GC(110) Pause Remark 963M->963M(1607M) 19.534ms
[329.683s][info][gc] GC(110) Pause Cleanup 1068M->1068M(1607M) 0.617ms
[329.687s][info][gc] GC(110) Concurrent Mark Cycle 1514.756ms
[331.249s][info][gc] GC(111) Pause Young (Prepare Mixed) (G1 Evacuation Pause) 1467M->791M(1607M) 38.476ms
[337.287s][info][gc] GC(112) Pause Young (Mixed) (G1 Evacuation Pause) 1470M->800M(1607M) 47.276ms
[343.034s][info][gc] GC(113) Pause Young (Concurrent Start) (G1 Evacuation Pause) 1470M->807M(1607M) 63.692ms
[343.034s][info][gc] GC(114) Concurrent Mark Cycle
[344.238s][info][gc] GC(114) Pause Remark 1035M->1035M(1727M) 42.843ms
[344.752s][info][gc] GC(114) Pause Cleanup 1131M->1131M(1727M) 0.666ms
[344.757s][info][gc] GC(114) Concurrent Mark Cycle 1723.377ms
[346.468s][info][gc] GC(115) Pause Young (Prepare Mixed) (G1 Evacuation Pause) 1470M->820M(1727M) 46.796ms
[352.544s][info][gc] GC(116) Pause Young (Mixed) (G1 Evacuation Pause) 1588M->827M(1727M) 67.244ms
[355.599s][info][gc] GC(117) Pause Young (Concurrent Start) (G1 Evacuation Pause) 1589M->840M(1727M) 40.006ms
[355.599s][info][gc] GC(118) Concurrent Mark Cycle
[356.508s][info][gc] GC(118) Pause Remark 899M->899M(1727M) 15.751ms
[356.883s][info][gc] GC(118) Pause Cleanup 904M->904M(1727M) 0.710ms
[356.887s][info][gc] GC(118) Concurrent Mark Cycle 1287.282ms
[363.292s][info][gc] GC(119) Pause Young (Prepare Mixed) (G1 Evacuation Pause) 1576M->853M(1727M) 44.592ms
[369.396s][info][gc] GC(120) Pause Young (Mixed) (G1 Evacuation Pause) 1586M->862M(1727M) 55.098ms
[372.440s][info][gc] GC(121) Pause Young (Concurrent Start) (G1 Evacuation Pause) 1584M->875M(1727M) 41.823ms
[372.441s][info][gc] GC(122) Concurrent Mark Cycle
[373.485s][info][gc] GC(122) Pause Remark 988M->988M(1727M) 15.542ms
[373.871s][info][gc] GC(122) Pause Cleanup 994M->994M(1727M) 0.625ms
[373.876s][info][gc] GC(122) Concurrent Mark Cycle 1435.203ms
[379.699s][info][gc] GC(123) Pause Young (Prepare Mixed) (G1 Evacuation Pause) 1581M->886M(1727M) 43.801ms
[385.670s][info][gc] GC(124) Pause Young (Mixed) (G1 Evacuation Pause) 1584M->894M(1727M) 69.434ms
[388.775s][info][gc] GC(125) Pause Young (Concurrent Start) (G1 Evacuation Pause) 1584M->909M(1727M) 42.542ms
[388.775s][info][gc] GC(126) Concurrent Mark Cycle
[389.833s][info][gc] GC(126) Pause Remark 995M->995M(1727M) 13.785ms
[390.236s][info][gc] GC(126) Pause Cleanup 1001M->1001M(1727M) 0.646ms
[390.240s][info][gc] GC(126) Concurrent Mark Cycle 1465.206ms
[396.134s][info][gc] GC(127) Pause Young (Prepare Mixed) (G1 Evacuation Pause) 1584M->921M(1727M) 64.704ms
[401.903s][info][gc] GC(128) Pause Young (Mixed) (G1 Evacuation Pause) 1585M->928M(1727M) 57.072ms
[409.133s][info][gc] GC(129) Pause Young (Concurrent Start) (G1 Evacuation Pause) 1583M->938M(1727M) 41.417ms
[409.133s][info][gc] GC(130) Concurrent Mark Cycle
[410.026s][info][gc] GC(130) Pause Remark 952M->952M(1727M) 13.243ms
[410.422s][info][gc] GC(130) Pause Cleanup 958M->958M(1727M) 0.635ms
[410.425s][info][gc] GC(130) Concurrent Mark Cycle 1292.141ms
[421.632s][info][gc] GC(131) Pause Young (Prepare Mixed) (G1 Evacuation Pause) 1586M->950M(1727M) 63.392ms
[427.444s][info][gc] GC(132) Pause Young (Mixed) (G1 Evacuation Pause) 1589M->959M(1727M) 64.000ms
[430.598s][info][gc] GC(133) Pause Young (Concurrent Start) (G1 Evacuation Pause) 1589M->971M(1727M) 41.020ms
[430.598s][info][gc] GC(134) Concurrent Mark Cycle
[431.610s][info][gc] GC(134) Pause Remark 1039M->1039M(1734M) 15.714ms
[432.008s][info][gc] GC(134) Pause Cleanup 1047M->1047M(1734M) 0.564ms
[432.011s][info][gc] GC(134) Concurrent Mark Cycle 1413.187ms
[438.305s][info][gc] GC(135) Pause Young (Prepare Mixed) (G1 Evacuation Pause) 1587M->980M(1734M) 37.678ms
[443.761s][info][gc] GC(136) Pause Young (Mixed) (G1 Evacuation Pause) 1598M->987M(1734M) 65.607ms
[447.091s][info][gc] GC(137) Pause Young (Concurrent Start) (G1 Evacuation Pause) 1596M->1000M(1734M) 40.526ms
[447.091s][info][gc] GC(138) Concurrent Mark Cycle
[448.687s][info][gc] GC(138) Pause Remark 1223M->1223M(2040M) 18.851ms
[449.142s][info][gc] GC(138) Pause Cleanup 1233M->1233M(2040M) 0.682ms
[449.148s][info][gc] GC(138) Concurrent Mark Cycle 2056.110ms
[454.435s][info][gc] GC(139) Pause Young (Prepare Mixed) (G1 Evacuation Pause) 1581M->1009M(2040M) 70.808ms
[465.432s][info][gc] GC(140) Pause Young (Mixed) (G1 Evacuation Pause) 1890M->1016M(2040M) 39.971ms
[474.188s][info][gc] GC(141) Pause Young (Concurrent Start) (G1 Evacuation Pause) 1881M->1020M(2040M) 42.355ms
[474.188s][info][gc] GC(142) Concurrent Mark Cycle
[475.751s][info][gc] GC(142) Pause Remark 1760M->1760M(2048M) 18.369ms
[475.998s][info][gc] GC(143) Pause Young (Normal) (G1 Evacuation Pause) 1876M->1019M(2048M) 44.050ms
[476.660s][info][gc] GC(142) Pause Cleanup 1304M->1304M(2048M) 0.700ms
[476.670s][info][gc] GC(142) Concurrent Mark Cycle 2481.931ms
[477.440s][info][gc] GC(144) Pause Young (Prepare Mixed) (G1 Evacuation Pause) 1893M->1021M(2048M) 37.855ms
[478.504s][info][gc] GC(145) Pause Young (Mixed) (G1 Evacuation Pause) 1891M->1017M(2048M) 39.071ms
[479.602s][info][gc] GC(146) Pause Young (Concurrent Start) (G1 Evacuation Pause) 1894M->1018M(2048M) 38.181ms
[479.602s][info][gc] GC(147) Concurrent Mark Cycle
[481.086s][info][gc] GC(148) Pause Young (Normal) (G1 Evacuation Pause) 1893M->1019M(2048M) 39.447ms
[481.363s][info][gc] GC(147) Pause Remark 1156M->1156M(2048M) 21.333ms
[482.003s][info][gc] GC(147) Pause Cleanup 1527M->1527M(2048M) 0.671ms
[482.034s][info][gc] GC(147) Concurrent Mark Cycle 2432.004ms
[482.443s][info][gc] GC(149) Pause Young (Prepare Mixed) (G1 Evacuation Pause) 1890M->1017M(2048M) 41.389ms
[483.405s][info][gc] GC(150) Pause Young (Mixed) (G1 Evacuation Pause) 1892M->1017M(2048M) 42.171ms
[484.351s][info][gc] GC(151) Pause Young (Concurrent Start) (G1 Evacuation Pause) 1891M->1017M(2048M) 39.517ms
[484.351s][info][gc] GC(152) Concurrent Mark Cycle
[485.703s][info][gc] GC(153) Pause Young (Normal) (G1 Evacuation Pause) 1891M->1017M(2048M) 41.810ms
[485.770s][info][gc] GC(152) Pause Remark 1041M->1041M(2048M) 16.532ms
[485.970s][info][gc] GC(152) Concurrent Mark Cycle 1618.877ms
