[0.003s][info][gc] Using G1
[0.309s][info][gc] GC(0) Pause Young (Concurrent Start) (G1 Humongous Allocation) 241M->3M(513M) 3.339ms
[0.309s][info][gc] GC(1) Concurrent Undo Cycle
[0.309s][info][gc] GC(1) Concurrent Undo Cycle 0.220ms
[0.392s][info][gc] GC(2) Pause Young (Normal) (G1 Evacuation Pause) 215M->2M(513M) 3.914ms
[1.655s][info][gc] GC(3) Pause Young (Concurrent Start) (Metadata GC Threshold) 313M->15M(513M) 31.725ms
[1.655s][info][gc] GC(4) Concurrent Mark Cycle
[1.664s][info][gc] GC(4) Pause Remark 17M->17M(512M) 3.227ms
[1.665s][info][gc] GC(4) Pause Cleanup 17M->17M(512M) 0.096ms
[1.667s][info][gc] GC(4) Concurrent Mark Cycle 12.090ms
[2.083s][info][gc] GC(5) Pause Young (Prepare Mixed) (GCLocker Initiated GC) 64M->31M(512M) 20.337ms
[2.130s][info][gc] GC(6) Pause Young (Mixed) (G1 Evacuation Pause) 48M->39M(512M) 20.722ms
[2.192s][info][gc] GC(7) Pause Young (Normal) (G1 Evacuation Pause) 65M->52M(844M) 14.351ms
[2.283s][info][gc] GC(8) Pause Young (Normal) (G1 Evacuation Pause) 96M->70M(844M) 16.069ms
[2.358s][info][gc] GC(9) Pause Young (Normal) (G1 Evacuation Pause) 106M->87M(844M) 39.577ms
[2.458s][info][gc] GC(10) Pause Young (Normal) (G1 Evacuation Pause) 125M->107M(844M) 39.304ms
[2.573s][info][gc] GC(11) Pause Young (Normal) (G1 Evacuation Pause) 143M->127M(1324M) 54.132ms
[3.123s][info][gc] GC(12) Pause Young (Concurrent Start) (Metadata GC Threshold) 182M->148M(1324M) 28.935ms
[3.123s][info][gc] GC(13) Concurrent Mark Cycle
[3.371s][info][gc] GC(13) Pause Remark 152M->152M(512M) 6.955ms
[3.562s][info][gc] GC(13) Pause Cleanup 165M->165M(512M) 0.264ms
[3.569s][info][gc] GC(13) Concurrent Mark Cycle 446.625ms
[3.801s][info][gc] GC(14) Pause Young (Prepare Mixed) (G1 Evacuation Pause) 195M->153M(512M) 16.760ms
[4.182s][info][gc] GC(15) Pause Young (Mixed) (G1 Evacuation Pause) 260M->163M(512M) 25.775ms
[4.952s][info][gc] GC(16) Pause Young (Normal) (G1 Evacuation Pause) 288M->182M(512M) 53.635ms
[6.002s][info][gc] GC(17) Pause Young (Normal) (G1 Evacuation Pause) 323M->216M(851M) 47.160ms
[6.257s][info][gc] GC(18) Pause Young (Concurrent Start) (Metadata GC Threshold) 354M->262M(851M) 71.042ms
[6.257s][info][gc] GC(19) Concurrent Mark Cycle
[6.472s][info][gc] GC(19) Pause Remark 263M->249M(834M) 7.434ms
[6.654s][info][gc] GC(19) Pause Cleanup 250M->250M(834M) 0.481ms
[6.668s][info][gc] GC(19) Concurrent Mark Cycle 410.681ms
[9.086s][info][gc] GC(20) Pause Young (Prepare Mixed) (G1 Evacuation Pause) 413M->276M(834M) 67.524ms
[10.718s][info][gc] GC(21) Pause Young (Mixed) (G1 Evacuation Pause) 546M->257M(834M) 44.909ms
[11.871s][info][gc] GC(22) Pause Young (Concurrent Start) (Metadata GC Threshold) 553M->271M(834M) 51.276ms
[11.871s][info][gc] GC(23) Concurrent Mark Cycle
[12.225s][info][gc] GC(23) Pause Remark 281M->281M(834M) 14.463ms
[12.456s][info][gc] GC(23) Pause Cleanup 286M->286M(834M) 0.338ms
[12.457s][info][gc] GC(23) Concurrent Mark Cycle 586.154ms
[14.684s][info][gc] GC(24) Pause Young (Prepare Mixed) (G1 Evacuation Pause) 748M->294M(834M) 81.513ms
[27.575s][info][gc] GC(25) Pause Young (Mixed) (G1 Evacuation Pause) 727M->308M(834M) 92.140ms
[30.493s][info][gc] GC(26) Pause Young (Concurrent Start) (G1 Evacuation Pause) 735M->332M(834M) 83.748ms
[30.493s][info][gc] GC(27) Concurrent Mark Cycle
[31.264s][info][gc] GC(27) Pause Remark 407M->366M(834M) 47.526ms
[31.683s][info][gc] GC(27) Pause Cleanup 392M->392M(834M) 0.303ms
[31.685s][info][gc] GC(27) Concurrent Mark Cycle 1192.279ms
[34.777s][info][gc] GC(28) Pause Young (Prepare Mixed) (G1 Evacuation Pause) 701M->305M(834M) 68.751ms
[38.193s][info][gc] GC(29) Pause Young (Mixed) (G1 Evacuation Pause) 750M->318M(834M) 42.450ms
[40.661s][info][gc] GC(30) Pause Young (Concurrent Start) (G1 Evacuation Pause) 753M->330M(834M) 56.748ms
[40.661s][info][gc] GC(31) Concurrent Mark Cycle
[41.575s][info][gc] GC(31) Pause Remark 448M->448M(834M) 65.832ms
[41.969s][info][gc] GC(31) Pause Cleanup 471M->471M(834M) 0.371ms
[41.971s][info][gc] GC(31) Concurrent Mark Cycle 1310.022ms
[49.324s][info][gc] GC(32) Pause Young (Prepare Mixed) (G1 Evacuation Pause) 757M->343M(834M) 31.121ms
[49.985s][info][gc] GC(33) Pause Young (Mixed) (G1 Evacuation Pause) 762M->328M(834M) 25.793ms
