[2026-09-22T15:40:31.479+0000][0.007s][info][gc,init] CardTable entry size: 512
[2026-09-22T15:40:31.479+0000][0.007s][info][gc     ] Using Parallel
[2026-09-22T15:40:31.484+0000][0.012s][info][gc,init] Version: 21.0.12.1+1-LTS (release)
[2026-09-22T15:40:31.484+0000][0.012s][info][gc,init] CPUs: 4 total, 4 available
[2026-09-22T15:40:31.484+0000][0.012s][info][gc,init] Memory: 15989M
[2026-09-22T15:40:31.484+0000][0.012s][info][gc,init] Large Page Support: Disabled
[2026-09-22T15:40:31.484+0000][0.012s][info][gc,init] NUMA Support: Disabled
[2026-09-22T15:40:31.484+0000][0.012s][info][gc,init] Compressed Oops: Enabled (Zero based)
[2026-09-22T15:40:31.484+0000][0.012s][info][gc,init] Alignments: Space 512K, Generation 512K, Heap 2M
[2026-09-22T15:40:31.484+0000][0.012s][info][gc,init] Heap Min Capacity: 4G
[2026-09-22T15:40:31.484+0000][0.012s][info][gc,init] Heap Initial Capacity: 4G
[2026-09-22T15:40:31.484+0000][0.012s][info][gc,init] Heap Max Capacity: 10G
[2026-09-22T15:40:31.484+0000][0.012s][info][gc,init] Pre-touch: Disabled
[2026-09-22T15:40:31.484+0000][0.012s][info][gc,init] Parallel Workers: 4
[2026-09-22T15:40:31.493+0000][0.020s][info][gc,metaspace] CDS archive(s) mapped at: [0x00007f9aa1000000-0x00007f9aa1c9c000-0x00007f9aa1c9c000), size 13221888, SharedBaseAddress: 0x00007f9aa1000000, ArchiveRelocationMode: 1.
[2026-09-22T15:40:31.493+0000][0.020s][info][gc,metaspace] Compressed class space mapped at: 0x00007f9aa2000000-0x00007f9ae2000000, reserved size: 1073741824
[2026-09-22T15:40:31.493+0000][0.020s][info][gc,metaspace] Narrow klass base: 0x00007f9aa1000000, Narrow klass shift: 0, Narrow klass range: 0x100000000
[2026-09-22T15:40:33.678+0000][2.205s][info][gc,start    ] GC(0) Pause Young (Metadata GC Threshold)
[2026-09-22T15:40:33.685+0000][2.212s][info][gc,heap     ] GC(0) PSYoungGen: 919414K(1223168K)->12637K(1223168K) Eden: 919414K(1048576K)->0K(1048576K) From: 0K(174592K)->12637K(174592K)
[2026-09-22T15:40:33.685+0000][2.212s][info][gc,heap     ] GC(0) ParOldGen: 1073K(2796544K)->1145K(2796544K)
[2026-09-22T15:40:33.685+0000][2.212s][info][gc,metaspace] GC(0) Metaspace: 21069K(21504K)->21069K(21504K) NonClass: 18695K(18944K)->18695K(18944K) Class: 2374K(2560K)->2374K(2560K)
[2026-09-22T15:40:33.685+0000][2.212s][info][gc          ] GC(0) Pause Young (Metadata GC Threshold) 898M->13M(3925M) 6.972ms
[2026-09-22T15:40:33.685+0000][2.212s][info][gc,cpu      ] GC(0) User=0.01s Sys=0.01s Real=0.01s
[2026-09-22T15:40:33.685+0000][2.212s][info][gc,start    ] GC(1) Pause Full (Metadata GC Threshold)
[2026-09-22T15:40:33.685+0000][2.212s][info][gc,phases,start] GC(1) Marking Phase
[2026-09-22T15:40:33.693+0000][2.221s][info][gc,phases      ] GC(1) Marking Phase 8.457ms
[2026-09-22T15:40:33.693+0000][2.221s][info][gc,phases,start] GC(1) Summary Phase
[2026-09-22T15:40:33.693+0000][2.221s][info][gc,phases      ] GC(1) Summary Phase 0.016ms
[2026-09-22T15:40:33.693+0000][2.221s][info][gc,phases,start] GC(1) Adjust Roots
[2026-09-22T15:40:33.697+0000][2.224s][info][gc,phases      ] GC(1) Adjust Roots 3.592ms
[2026-09-22T15:40:33.697+0000][2.224s][info][gc,phases,start] GC(1) Compaction Phase
[2026-09-22T15:40:33.705+0000][2.232s][info][gc,phases      ] GC(1) Compaction Phase 7.824ms
[2026-09-22T15:40:33.705+0000][2.232s][info][gc,phases,start] GC(1) Post Compact
[2026-09-22T15:40:33.706+0000][2.233s][info][gc,phases      ] GC(1) Post Compact 1.042ms
[2026-09-22T15:40:33.706+0000][2.233s][info][gc,heap        ] GC(1) PSYoungGen: 12637K(1223168K)->0K(1223168K) Eden: 0K(1048576K)->0K(1048576K) From: 12637K(174592K)->0K(174592K)
[2026-09-22T15:40:33.706+0000][2.233s][info][gc,heap        ] GC(1) ParOldGen: 1145K(2796544K)->13575K(2796544K)
[2026-09-22T15:40:33.706+0000][2.233s][info][gc,metaspace   ] GC(1) Metaspace: 21069K(21504K)->21069K(21504K) NonClass: 18695K(18944K)->18695K(18944K) Class: 2374K(2560K)->2374K(2560K)
[2026-09-22T15:40:33.706+0000][2.233s][info][gc             ] GC(1) Pause Full (Metadata GC Threshold) 13M->13M(3925M) 21.045ms
[2026-09-22T15:40:33.706+0000][2.233s][info][gc,cpu         ] GC(1) User=0.05s Sys=0.02s Real=0.02s
[2026-09-22T15:40:34.815+0000][3.342s][info][gc,start       ] GC(2) Pause Young (Metadata GC Threshold)
[2026-09-22T15:40:34.836+0000][3.364s][info][gc,heap        ] GC(2) PSYoungGen: 463089K(1223168K)->51071K(1223168K) Eden: 463089K(1048576K)->0K(1048576K) From: 0K(174592K)->51071K(174592K)
[2026-09-22T15:40:34.836+0000][3.364s][info][gc,heap        ] GC(2) ParOldGen: 13575K(2796544K)->13583K(2796544K)
[2026-09-22T15:40:34.836+0000][3.364s][info][gc,metaspace   ] GC(2) Metaspace: 35373K(35840K)->35373K(35840K) NonClass: 31276K(31552K)->31276K(31552K) Class: 4096K(4288K)->4096K(4288K)
[2026-09-22T15:40:34.836+0000][3.364s][info][gc             ] GC(2) Pause Young (Metadata GC Threshold) 465M->63M(3925M) 21.300ms
[2026-09-22T15:40:34.836+0000][3.364s][info][gc,cpu         ] GC(2) User=0.07s Sys=0.02s Real=0.02s
[2026-09-22T15:40:34.836+0000][3.364s][info][gc,start       ] GC(3) Pause Full (Metadata GC Threshold)
[2026-09-22T15:40:34.836+0000][3.364s][info][gc,phases,start] GC(3) Marking Phase
[2026-09-22T15:40:34.857+0000][3.384s][info][gc,phases      ] GC(3) Marking Phase 20.751ms
[2026-09-22T15:40:34.857+0000][3.384s][info][gc,phases,start] GC(3) Summary Phase
[2026-09-22T15:40:34.857+0000][3.384s][info][gc,phases      ] GC(3) Summary Phase 0.015ms
[2026-09-22T15:40:34.857+0000][3.384s][info][gc,phases,start] GC(3) Adjust Roots
[2026-09-22T15:40:34.860+0000][3.387s][info][gc,phases      ] GC(3) Adjust Roots 2.905ms
[2026-09-22T15:40:34.860+0000][3.387s][info][gc,phases,start] GC(3) Compaction Phase
[2026-09-22T15:40:34.896+0000][3.424s][info][gc,phases      ] GC(3) Compaction Phase 36.292ms
[2026-09-22T15:40:34.896+0000][3.424s][info][gc,phases,start] GC(3) Post Compact
[2026-09-22T15:40:34.897+0000][3.425s][info][gc,phases      ] GC(3) Post Compact 0.909ms
[2026-09-22T15:40:34.897+0000][3.425s][info][gc,heap        ] GC(3) PSYoungGen: 51071K(1223168K)->0K(1223168K) Eden: 0K(1048576K)->0K(1048576K) From: 51071K(174592K)->0K(174592K)
[2026-09-22T15:40:34.897+0000][3.425s][info][gc,heap        ] GC(3) ParOldGen: 13583K(2796544K)->64287K(2796544K)
[2026-09-22T15:40:34.897+0000][3.425s][info][gc,metaspace   ] GC(3) Metaspace: 35373K(35840K)->35373K(35840K) NonClass: 31276K(31552K)->31276K(31552K) Class: 4096K(4288K)->4096K(4288K)
[2026-09-22T15:40:34.897+0000][3.425s][info][gc             ] GC(3) Pause Full (Metadata GC Threshold) 63M->62M(3925M) 61.002ms
[2026-09-22T15:40:34.897+0000][3.425s][info][gc,cpu         ] GC(3) User=0.21s Sys=0.00s Real=0.06s
[2026-09-22T15:40:36.758+0000][5.285s][info][gc,start       ] GC(4) Pause Young (Metadata GC Threshold)
[2026-09-22T15:40:36.783+0000][5.311s][info][gc,heap        ] GC(4) PSYoungGen: 401745K(1223168K)->42945K(1223168K) Eden: 401745K(1048576K)->0K(1048576K) From: 0K(174592K)->42945K(174592K)
[2026-09-22T15:40:36.783+0000][5.311s][info][gc,heap        ] GC(4) ParOldGen: 64287K(2796544K)->64303K(2796544K)
[2026-09-22T15:40:36.783+0000][5.311s][info][gc,metaspace   ] GC(4) Metaspace: 59164K(59776K)->59164K(59776K) NonClass: 50569K(50880K)->50569K(50880K) Class: 8594K(8896K)->8594K(8896K)
[2026-09-22T15:40:36.783+0000][5.311s][info][gc             ] GC(4) Pause Young (Metadata GC Threshold) 455M->104M(3925M) 25.128ms
[2026-09-22T15:40:36.783+0000][5.311s][info][gc,cpu         ] GC(4) User=0.10s Sys=0.00s Real=0.03s
[2026-09-22T15:40:36.783+0000][5.311s][info][gc,start       ] GC(5) Pause Full (Metadata GC Threshold)
[2026-09-22T15:40:36.783+0000][5.311s][info][gc,phases,start] GC(5) Marking Phase
[2026-09-22T15:40:36.822+0000][5.350s][info][gc,phases      ] GC(5) Marking Phase 39.002ms
[2026-09-22T15:40:36.822+0000][5.350s][info][gc,phases,start] GC(5) Summary Phase
[2026-09-22T15:40:36.822+0000][5.350s][info][gc,phases      ] GC(5) Summary Phase 0.007ms
[2026-09-22T15:40:36.822+0000][5.350s][info][gc,phases,start] GC(5) Adjust Roots
[2026-09-22T15:40:36.828+0000][5.356s][info][gc,phases      ] GC(5) Adjust Roots 6.006ms
[2026-09-22T15:40:36.828+0000][5.356s][info][gc,phases,start] GC(5) Compaction Phase
[2026-09-22T15:40:36.901+0000][5.428s][info][gc,phases      ] GC(5) Compaction Phase 72.597ms
[2026-09-22T15:40:36.901+0000][5.428s][info][gc,phases,start] GC(5) Post Compact
[2026-09-22T15:40:36.902+0000][5.429s][info][gc,phases      ] GC(5) Post Compact 1.117ms
[2026-09-22T15:40:36.902+0000][5.430s][info][gc,heap        ] GC(5) PSYoungGen: 42945K(1223168K)->0K(1223168K) Eden: 0K(1048576K)->0K(1048576K) From: 42945K(174592K)->0K(174592K)
[2026-09-22T15:40:36.902+0000][5.430s][info][gc,heap        ] GC(5) ParOldGen: 64303K(2796544K)->103009K(2796544K)
[2026-09-22T15:40:36.902+0000][5.430s][info][gc,metaspace   ] GC(5) Metaspace: 59164K(59776K)->59164K(59776K) NonClass: 50569K(50880K)->50569K(50880K) Class: 8594K(8896K)->8594K(8896K)
[2026-09-22T15:40:36.902+0000][5.430s][info][gc             ] GC(5) Pause Full (Metadata GC Threshold) 104M->100M(3925M) 118.872ms
[2026-09-22T15:40:36.902+0000][5.430s][info][gc,cpu         ] GC(5) User=0.42s Sys=0.01s Real=0.12s
[2026-09-22T15:40:39.710+0000][8.238s][info][gc,start       ] GC(6) Pause Young (Metadata GC Threshold)
[2026-09-22T15:40:39.812+0000][8.340s][info][gc,heap        ] GC(6) PSYoungGen: 797511K(1223168K)->174576K(1223168K) Eden: 797511K(1048576K)->0K(1048576K) From: 0K(174592K)->174576K(174592K)
[2026-09-22T15:40:39.812+0000][8.340s][info][gc,heap        ] GC(6) ParOldGen: 103009K(2796544K)->105513K(2796544K)
[2026-09-22T15:40:39.812+0000][8.340s][info][gc,metaspace   ] GC(6) Metaspace: 98825K(99648K)->98825K(99648K) NonClass: 84862K(85312K)->84862K(85312K) Class: 13963K(14336K)->13963K(14336K)
[2026-09-22T15:40:39.812+0000][8.340s][info][gc             ] GC(6) Pause Young (Metadata GC Threshold) 879M->273M(3925M) 102.108ms
[2026-09-22T15:40:39.812+0000][8.340s][info][gc,cpu         ] GC(6) User=0.37s Sys=0.03s Real=0.11s
[2026-09-22T15:40:39.812+0000][8.340s][info][gc,start       ] GC(7) Pause Full (Metadata GC Threshold)
[2026-09-22T15:40:39.812+0000][8.340s][info][gc,phases,start] GC(7) Marking Phase
[2026-09-22T15:40:39.921+0000][8.449s][info][gc,phases      ] GC(7) Marking Phase 109.192ms
[2026-09-22T15:40:39.921+0000][8.449s][info][gc,phases,start] GC(7) Summary Phase
[2026-09-22T15:40:39.921+0000][8.449s][info][gc,phases      ] GC(7) Summary Phase 0.024ms
[2026-09-22T15:40:39.921+0000][8.449s][info][gc,phases,start] GC(7) Adjust Roots
[2026-09-22T15:40:39.930+0000][8.458s][info][gc,phases      ] GC(7) Adjust Roots 8.728ms
[2026-09-22T15:40:39.930+0000][8.458s][info][gc,phases,start] GC(7) Compaction Phase
[2026-09-22T15:40:40.209+0000][8.737s][info][gc,phases      ] GC(7) Compaction Phase 278.894ms
[2026-09-22T15:40:40.209+0000][8.737s][info][gc,phases,start] GC(7) Post Compact
[2026-09-22T15:40:40.211+0000][8.738s][info][gc,phases      ] GC(7) Post Compact 1.688ms
[2026-09-22T15:40:40.211+0000][8.738s][info][gc,heap        ] GC(7) PSYoungGen: 174576K(1223168K)->0K(1223168K) Eden: 0K(1048576K)->0K(1048576K) From: 174576K(174592K)->0K(174592K)
[2026-09-22T15:40:40.211+0000][8.738s][info][gc,heap        ] GC(7) ParOldGen: 105513K(2796544K)->278472K(2796544K)
[2026-09-22T15:40:40.211+0000][8.738s][info][gc,metaspace   ] GC(7) Metaspace: 98825K(99648K)->98825K(99648K) NonClass: 84862K(85312K)->84862K(85312K) Class: 13963K(14336K)->13963K(14336K)
[2026-09-22T15:40:40.211+0000][8.738s][info][gc             ] GC(7) Pause Full (Metadata GC Threshold) 273M->271M(3925M) 398.659ms
[2026-09-22T15:40:40.211+0000][8.739s][info][gc,cpu         ] GC(7) User=1.49s Sys=0.01s Real=0.40s
[2026-09-22T15:40:43.307+0000][11.835s][info][gc,start       ] GC(8) Pause Young (Allocation Failure)
[2026-09-22T15:40:43.333+0000][11.860s][info][gc,heap        ] GC(8) PSYoungGen: 1048576K(1223168K)->44014K(1223168K) Eden: 1048576K(1048576K)->0K(1048576K) From: 0K(174592K)->44014K(174592K)
[2026-09-22T15:40:43.333+0000][11.860s][info][gc,heap        ] GC(8) ParOldGen: 278472K(2796544K)->278488K(2796544K)
[2026-09-22T15:40:43.333+0000][11.860s][info][gc,metaspace   ] GC(8) Metaspace: 119879K(120896K)->119879K(120896K) NonClass: 102636K(103232K)->102636K(103232K) Class: 17242K(17664K)->17242K(17664K)
[2026-09-22T15:40:43.333+0000][11.860s][info][gc             ] GC(8) Pause Young (Allocation Failure) 1295M->314M(3925M) 25.845ms
[2026-09-22T15:40:43.333+0000][11.861s][info][gc,cpu         ] GC(8) User=0.10s Sys=0.00s Real=0.03s
[2026-09-22T15:40:49.718+0000][18.245s][info][gc,start       ] GC(9) Pause Young (Allocation Failure)
[2026-09-22T15:40:49.773+0000][18.301s][info][gc,heap        ] GC(9) PSYoungGen: 1092590K(1223168K)->125176K(2236416K) Eden: 1048576K(1048576K)->0K(2078208K) From: 44014K(174592K)->125176K(158208K)
[2026-09-22T15:40:49.773+0000][18.301s][info][gc,heap        ] GC(9) ParOldGen: 278488K(2796544K)->278496K(2796544K)
[2026-09-22T15:40:49.773+0000][18.301s][info][gc,metaspace   ] GC(9) Metaspace: 150040K(151296K)->150040K(151296K) NonClass: 125611K(126336K)->125611K(126336K) Class: 24428K(24960K)->24428K(24960K)
[2026-09-22T15:40:49.773+0000][18.301s][info][gc             ] GC(9) Pause Young (Allocation Failure) 1338M->394M(4915M) 55.529ms
[2026-09-22T15:40:49.773+0000][18.301s][info][gc,cpu         ] GC(9) User=0.19s Sys=0.03s Real=0.06s
[2026-09-22T15:40:50.432+0000][18.959s][info][gc,start       ] GC(10) Pause Young (CodeCache GC Threshold)
[2026-09-22T15:40:50.487+0000][19.014s][info][gc,heap        ] GC(10) PSYoungGen: 381781K(2236416K)->143779K(2255360K) Eden: 256605K(2078208K)->0K(2078208K) From: 125176K(158208K)->143779K(177152K)
[2026-09-22T15:40:50.487+0000][19.014s][info][gc,heap        ] GC(10) ParOldGen: 278496K(2796544K)->278540K(2796544K)
[2026-09-22T15:40:50.487+0000][19.014s][info][gc,metaspace   ] GC(10) Metaspace: 150437K(151744K)->150437K(151744K) NonClass: 125974K(126720K)->125974K(126720K) Class: 24462K(25024K)->24462K(25024K)
[2026-09-22T15:40:50.487+0000][19.014s][info][gc             ] GC(10) Pause Young (CodeCache GC Threshold) 644M->412M(4933M) 54.971ms
[2026-09-22T15:40:50.487+0000][19.014s][info][gc,cpu         ] GC(10) User=0.17s Sys=0.04s Real=0.05s
[2026-09-22T15:40:50.487+0000][19.014s][info][gc,start       ] GC(11) Pause Full (CodeCache GC Threshold)
[2026-09-22T15:40:50.487+0000][19.014s][info][gc,phases,start] GC(11) Marking Phase
[2026-09-22T15:40:50.659+0000][19.186s][info][gc,phases      ] GC(11) Marking Phase 172.159ms
[2026-09-22T15:40:50.659+0000][19.186s][info][gc,phases,start] GC(11) Summary Phase
[2026-09-22T15:40:50.659+0000][19.186s][info][gc,phases      ] GC(11) Summary Phase 0.021ms
[2026-09-22T15:40:50.659+0000][19.187s][info][gc,phases,start] GC(11) Adjust Roots
[2026-09-22T15:40:50.681+0000][19.209s][info][gc,phases      ] GC(11) Adjust Roots 22.103ms
[2026-09-22T15:40:50.681+0000][19.209s][info][gc,phases,start] GC(11) Compaction Phase
[2026-09-22T15:40:51.038+0000][19.566s][info][gc,phases      ] GC(11) Compaction Phase 356.865ms
[2026-09-22T15:40:51.038+0000][19.566s][info][gc,phases,start] GC(11) Post Compact
[2026-09-22T15:40:51.043+0000][19.571s][info][gc,phases      ] GC(11) Post Compact 5.367ms
[2026-09-22T15:40:51.043+0000][19.571s][info][gc,heap        ] GC(11) PSYoungGen: 143779K(2255360K)->0K(2255360K) Eden: 0K(2078208K)->0K(2078208K) From: 143779K(177152K)->0K(177152K)
[2026-09-22T15:40:51.043+0000][19.571s][info][gc,heap        ] GC(11) ParOldGen: 278540K(2796544K)->382756K(2796544K)
[2026-09-22T15:40:51.043+0000][19.571s][info][gc,metaspace   ] GC(11) Metaspace: 150437K(151744K)->150373K(151744K) NonClass: 125974K(126720K)->125926K(126720K) Class: 24462K(25024K)->24447K(25024K)
[2026-09-22T15:40:51.043+0000][19.571s][info][gc             ] GC(11) Pause Full (CodeCache GC Threshold) 412M->373M(4933M) 556.673ms
[2026-09-22T15:40:51.043+0000][19.571s][info][gc,cpu         ] GC(11) User=2.01s Sys=0.01s Real=0.56s
[2026-09-22T15:40:55.594+0000][24.122s][info][gc,start       ] GC(12) Pause Young (Allocation Failure)
[2026-09-22T15:40:55.679+0000][24.207s][info][gc,heap        ] GC(12) PSYoungGen: 2078208K(2255360K)->197103K(2228224K) Eden: 2078208K(2078208K)->0K(2031104K) From: 0K(177152K)->197103K(197120K)
[2026-09-22T15:40:55.679+0000][24.207s][info][gc,heap        ] GC(12) ParOldGen: 382756K(2796544K)->451940K(2796544K)
[2026-09-22T15:40:55.679+0000][24.207s][info][gc,metaspace   ] GC(12) Metaspace: 152689K(154112K)->152689K(154112K) NonClass: 127879K(128704K)->127879K(128704K) Class: 24809K(25408K)->24809K(25408K)
[2026-09-22T15:40:55.680+0000][24.207s][info][gc             ] GC(12) Pause Young (Allocation Failure) 2403M->633M(4907M) 85.051ms
[2026-09-22T15:40:55.680+0000][24.207s][info][gc,cpu         ] GC(12) User=0.27s Sys=0.07s Real=0.08s
[2026-09-22T15:40:59.738+0000][28.265s][info][gc,start       ] GC(13) Pause Young (Allocation Failure)
[2026-09-22T15:40:59.816+0000][28.343s][info][gc,heap        ] GC(13) PSYoungGen: 2228207K(2228224K)->263147K(2294272K) Eden: 2031104K(2031104K)->0K(2031104K) From: 197103K(197120K)->263147K(263168K)
[2026-09-22T15:40:59.816+0000][28.343s][info][gc,heap        ] GC(13) ParOldGen: 451940K(2796544K)->535795K(2796544K)
[2026-09-22T15:40:59.816+0000][28.343s][info][gc,metaspace   ] GC(13) Metaspace: 153382K(154880K)->153382K(154880K) NonClass: 128463K(129344K)->128463K(129344K) Class: 24918K(25536K)->24918K(25536K)
[2026-09-22T15:40:59.816+0000][28.343s][info][gc             ] GC(13) Pause Young (Allocation Failure) 2617M->780M(4971M) 78.099ms
[2026-09-22T15:40:59.816+0000][28.343s][info][gc,cpu         ] GC(13) User=0.28s Sys=0.03s Real=0.08s
[2026-09-22T15:41:03.483+0000][32.010s][info][gc,start       ] GC(14) Pause Young (Allocation Failure)
[2026-09-22T15:41:03.582+0000][32.110s][info][gc,heap        ] GC(14) PSYoungGen: 2294251K(2294272K)->240800K(3113984K) Eden: 2031104K(2031104K)->0K(2770944K) From: 263147K(263168K)->240800K(343040K)
[2026-09-22T15:41:03.582+0000][32.110s][info][gc,heap        ] GC(14) ParOldGen: 535795K(2796544K)->707112K(2796544K)
[2026-09-22T15:41:03.582+0000][32.110s][info][gc,metaspace   ] GC(14) Metaspace: 154077K(155520K)->154077K(155520K) NonClass: 129080K(129920K)->129080K(129920K) Class: 24996K(25600K)->24996K(25600K)
[2026-09-22T15:41:03.582+0000][32.110s][info][gc             ] GC(14) Pause Young (Allocation Failure) 2763M->925M(5772M) 99.772ms
[2026-09-22T15:41:03.582+0000][32.110s][info][gc,cpu         ] GC(14) User=0.31s Sys=0.08s Real=0.10s
[2026-09-22T15:41:08.469+0000][36.996s][info][gc,start       ] GC(15) Pause Young (Allocation Failure)
[2026-09-22T15:41:08.574+0000][37.101s][info][gc,heap        ] GC(15) PSYoungGen: 3011744K(3113984K)->164053K(3132928K) Eden: 2770944K(2770944K)->0K(2770944K) From: 240800K(343040K)->164053K(361984K)
[2026-09-22T15:41:08.574+0000][37.101s][info][gc,heap        ] GC(15) ParOldGen: 707112K(2796544K)->961537K(2796544K)
[2026-09-22T15:41:08.574+0000][37.101s][info][gc,metaspace   ] GC(15) Metaspace: 154638K(156096K)->154638K(156096K) NonClass: 129581K(130432K)->129581K(130432K) Class: 25057K(25664K)->25057K(25664K)
[2026-09-22T15:41:08.574+0000][37.101s][info][gc             ] GC(15) Pause Young (Allocation Failure) 3631M->1099M(5790M) 105.239ms
[2026-09-22T15:41:08.574+0000][37.101s][info][gc,cpu         ] GC(15) User=0.32s Sys=0.08s Real=0.11s
[2026-09-22T15:41:13.692+0000][42.220s][info][gc,start       ] GC(16) Pause Young (Allocation Failure)
[2026-09-22T15:41:13.777+0000][42.304s][info][gc,heap        ] GC(16) PSYoungGen: 2934997K(3132928K)->188821K(3120128K) Eden: 2770944K(2770944K)->0K(2785280K) From: 164053K(361984K)->188821K(334848K)
[2026-09-22T15:41:13.777+0000][42.304s][info][gc,heap        ] GC(16) ParOldGen: 961537K(2796544K)->1135115K(2796544K)
[2026-09-22T15:41:13.777+0000][42.304s][info][gc,metaspace   ] GC(16) Metaspace: 155926K(157376K)->155926K(157376K) NonClass: 130807K(131648K)->130807K(131648K) Class: 25118K(25728K)->25118K(25728K)
[2026-09-22T15:41:13.777+0000][42.304s][info][gc             ] GC(16) Pause Young (Allocation Failure) 3805M->1292M(5778M) 84.665ms
[2026-09-22T15:41:13.777+0000][42.304s][info][gc,cpu         ] GC(16) User=0.28s Sys=0.06s Real=0.08s
[2026-09-22T15:41:19.664+0000][48.192s][info][gc,start       ] GC(17) Pause Young (CodeCache GC Threshold)
[2026-09-22T15:41:19.766+0000][48.294s][info][gc,heap        ] GC(17) PSYoungGen: 2813061K(3120128K)->201831K(3128832K) Eden: 2624240K(2785280K)->0K(2785280K) From: 188821K(334848K)->201831K(343552K)
[2026-09-22T15:41:19.766+0000][48.294s][info][gc,heap        ] GC(17) ParOldGen: 1135115K(2796544K)->1331953K(2796544K)
[2026-09-22T15:41:19.766+0000][48.294s][info][gc,metaspace   ] GC(17) Metaspace: 160232K(161664K)->160232K(161664K) NonClass: 134353K(135168K)->134353K(135168K) Class: 25879K(26496K)->25879K(26496K)
[2026-09-22T15:41:19.766+0000][48.294s][info][gc             ] GC(17) Pause Young (CodeCache GC Threshold) 3855M->1497M(5786M) 101.926ms
[2026-09-22T15:41:19.766+0000][48.294s][info][gc,cpu         ] GC(17) User=0.36s Sys=0.04s Real=0.10s
[2026-09-22T15:41:19.766+0000][48.294s][info][gc,start       ] GC(18) Pause Full (CodeCache GC Threshold)
[2026-09-22T15:41:19.766+0000][48.294s][info][gc,phases,start] GC(18) Marking Phase
[2026-09-22T15:41:20.140+0000][48.668s][info][gc,phases      ] GC(18) Marking Phase 373.692ms
[2026-09-22T15:41:20.140+0000][48.668s][info][gc,phases,start] GC(18) Summary Phase
[2026-09-22T15:41:20.140+0000][48.668s][info][gc,phases      ] GC(18) Summary Phase 0.035ms
[2026-09-22T15:41:20.140+0000][48.668s][info][gc,phases,start] GC(18) Adjust Roots
[2026-09-22T15:41:20.160+0000][48.688s][info][gc,phases      ] GC(18) Adjust Roots 19.957ms
[2026-09-22T15:41:20.160+0000][48.688s][info][gc,phases,start] GC(18) Compaction Phase
[2026-09-22T15:41:20.589+0000][49.116s][info][gc,phases      ] GC(18) Compaction Phase 428.472ms
[2026-09-22T15:41:20.589+0000][49.116s][info][gc,phases,start] GC(18) Post Compact
[2026-09-22T15:41:20.598+0000][49.126s][info][gc,phases      ] GC(18) Post Compact 9.323ms
[2026-09-22T15:41:20.598+0000][49.126s][info][gc,heap        ] GC(18) PSYoungGen: 201831K(3128832K)->0K(3128832K) Eden: 0K(2785280K)->0K(2785280K) From: 201831K(343552K)->0K(343552K)
[2026-09-22T15:41:20.598+0000][49.126s][info][gc,heap        ] GC(18) ParOldGen: 1331953K(2796544K)->1341771K(2796544K)
[2026-09-22T15:41:20.598+0000][49.126s][info][gc,metaspace   ] GC(18) Metaspace: 160232K(161664K)->160179K(161664K) NonClass: 134353K(135168K)->134314K(135168K) Class: 25879K(26496K)->25865K(26496K)
[2026-09-22T15:41:20.598+0000][49.126s][info][gc             ] GC(18) Pause Full (CodeCache GC Threshold) 1497M->1310M(5786M) 831.657ms
[2026-09-22T15:41:20.598+0000][49.126s][info][gc,cpu         ] GC(18) User=3.01s Sys=0.04s Real=0.83s
[2026-09-22T15:41:30.473+0000][59.000s][info][gc,start       ] GC(19) Pause Young (CodeCache GC Threshold)
[2026-09-22T15:41:30.571+0000][59.098s][info][gc,heap        ] GC(19) PSYoungGen: 1750329K(3128832K)->324717K(3064320K) Eden: 1750329K(2785280K)->0K(2720768K) From: 0K(343552K)->324717K(343552K)
[2026-09-22T15:41:30.571+0000][59.098s][info][gc,heap        ] GC(19) ParOldGen: 1341771K(2796544K)->1341779K(2796544K)
[2026-09-22T15:41:30.571+0000][59.098s][info][gc,metaspace   ] GC(19) Metaspace: 165468K(167104K)->165468K(167104K) NonClass: 139095K(140032K)->139095K(140032K) Class: 26372K(27072K)->26372K(27072K)
[2026-09-22T15:41:30.571+0000][59.098s][info][gc             ] GC(19) Pause Young (CodeCache GC Threshold) 3019M->1627M(5723M) 97.833ms
[2026-09-22T15:41:30.571+0000][59.098s][info][gc,cpu         ] GC(19) User=0.38s Sys=0.00s Real=0.10s
[2026-09-22T15:41:30.571+0000][59.098s][info][gc,start       ] GC(20) Pause Full (CodeCache GC Threshold)
[2026-09-22T15:41:30.571+0000][59.098s][info][gc,phases,start] GC(20) Marking Phase
[2026-09-22T15:41:31.038+0000][59.566s][info][gc,phases      ] GC(20) Marking Phase 467.431ms
[2026-09-22T15:41:31.038+0000][59.566s][info][gc,phases,start] GC(20) Summary Phase
[2026-09-22T15:41:31.038+0000][59.566s][info][gc,phases      ] GC(20) Summary Phase 0.052ms
[2026-09-22T15:41:31.038+0000][59.566s][info][gc,phases,start] GC(20) Adjust Roots
[2026-09-22T15:41:31.062+0000][59.590s][info][gc,phases      ] GC(20) Adjust Roots 23.794ms
[2026-09-22T15:41:31.062+0000][59.590s][info][gc,phases,start] GC(20) Compaction Phase
[2026-09-22T15:41:31.661+0000][60.189s][info][gc,phases      ] GC(20) Compaction Phase 599.439ms
[2026-09-22T15:41:31.662+0000][60.189s][info][gc,phases,start] GC(20) Post Compact
[2026-09-22T15:41:31.671+0000][60.199s][info][gc,phases      ] GC(20) Post Compact 9.406ms
[2026-09-22T15:41:31.671+0000][60.199s][info][gc,heap        ] GC(20) PSYoungGen: 324717K(3064320K)->0K(3064320K) Eden: 0K(2720768K)->0K(2720768K) From: 324717K(343552K)->0K(343552K)
[2026-09-22T15:41:31.671+0000][60.199s][info][gc,heap        ] GC(20) ParOldGen: 1341779K(2796544K)->1651057K(2796544K)
[2026-09-22T15:41:31.671+0000][60.199s][info][gc,metaspace   ] GC(20) Metaspace: 165468K(167104K)->165422K(167104K) NonClass: 139095K(140032K)->139061K(140032K) Class: 26372K(27072K)->26360K(27072K)
[2026-09-22T15:41:31.671+0000][60.199s][info][gc             ] GC(20) Pause Full (CodeCache GC Threshold) 1627M->1612M(5723M) 1100.312ms
[2026-09-22T15:41:31.671+0000][60.199s][info][gc,cpu         ] GC(20) User=4.05s Sys=0.05s Real=1.10s
[2026-09-22T15:41:38.836+0000][67.363s][info][gc,start       ] GC(21) Pause Young (GCLocker Initiated GC)
[2026-09-22T15:41:38.965+0000][67.493s][info][gc,heap        ] GC(21) PSYoungGen: 2720768K(3064320K)->253873K(2974720K) Eden: 2720768K(2720768K)->0K(2720768K) From: 0K(343552K)->253873K(253952K)
[2026-09-22T15:41:38.965+0000][67.493s][info][gc,heap        ] GC(21) ParOldGen: 1651060K(2796544K)->1651060K(2796544K)
[2026-09-22T15:41:38.965+0000][67.493s][info][gc,metaspace   ] GC(21) Metaspace: 165735K(167424K)->165735K(167424K) NonClass: 139342K(140352K)->139342K(140352K) Class: 26392K(27072K)->26392K(27072K)
[2026-09-22T15:41:38.965+0000][67.493s][info][gc             ] GC(21) Pause Young (GCLocker Initiated GC) 4269M->1860M(5636M) 129.266ms
[2026-09-22T15:41:38.965+0000][67.493s][info][gc,cpu         ] GC(21) User=0.46s Sys=0.03s Real=0.13s
[2026-09-22T15:41:43.553+0000][72.080s][info][gc,start       ] GC(22) Pause Young (Allocation Failure)
[2026-09-22T15:41:43.718+0000][72.245s][info][gc,heap        ] GC(22) PSYoungGen: 2974641K(2974720K)->201232K(3112960K) Eden: 2720768K(2720768K)->0K(2717184K) From: 253873K(253952K)->201232K(395776K)
[2026-09-22T15:41:43.718+0000][72.245s][info][gc,heap        ] GC(22) ParOldGen: 1651062K(2796544K)->1890732K(2796544K)
[2026-09-22T15:41:43.718+0000][72.245s][info][gc,metaspace   ] GC(22) Metaspace: 165830K(167488K)->165830K(167488K) NonClass: 139378K(140352K)->139378K(140352K) Class: 26451K(27136K)->26451K(27136K)
[2026-09-22T15:41:43.718+0000][72.245s][info][gc             ] GC(22) Pause Young (Allocation Failure) 4517M->2042M(5771M) 164.859ms
[2026-09-22T15:41:43.718+0000][72.245s][info][gc,cpu         ] GC(22) User=0.57s Sys=0.07s Real=0.16s
[2026-09-22T15:41:47.400+0000][75.928s][info][gc,start       ] GC(23) Pause Young (Allocation Failure)
[2026-09-22T15:41:47.551+0000][76.079s][info][gc,heap        ] GC(23) PSYoungGen: 2918416K(3112960K)->172016K(2889216K) Eden: 2717184K(2717184K)->0K(2717184K) From: 201232K(395776K)->172016K(172032K)
[2026-09-22T15:41:47.551+0000][76.079s][info][gc,heap        ] GC(23) ParOldGen: 1890732K(2796544K)->2075438K(2796544K)
[2026-09-22T15:41:47.551+0000][76.079s][info][gc,metaspace   ] GC(23) Metaspace: 166143K(167808K)->166143K(167808K) NonClass: 139651K(140608K)->139651K(140608K) Class: 26492K(27200K)->26492K(27200K)
[2026-09-22T15:41:47.551+0000][76.079s][info][gc             ] GC(23) Pause Young (Allocation Failure) 4696M->2194M(5552M) 151.041ms
[2026-09-22T15:41:47.551+0000][76.079s][info][gc,cpu         ] GC(23) User=0.53s Sys=0.06s Real=0.16s
[2026-09-22T15:41:50.890+0000][79.418s][info][gc,start       ] GC(24) Pause Young (Allocation Failure)
[2026-09-22T15:41:51.041+0000][79.569s][info][gc,heap        ] GC(24) PSYoungGen: 2889200K(2889216K)->156032K(3095040K) Eden: 2717184K(2717184K)->0K(2731008K) From: 172016K(172032K)->156032K(364032K)
[2026-09-22T15:41:51.041+0000][79.569s][info][gc,heap        ] GC(24) ParOldGen: 2075438K(2796544K)->2226724K(2796544K)
[2026-09-22T15:41:51.041+0000][79.569s][info][gc,metaspace   ] GC(24) Metaspace: 166299K(167936K)->166299K(167936K) NonClass: 139797K(140736K)->139797K(140736K) Class: 26501K(27200K)->26501K(27200K)
[2026-09-22T15:41:51.041+0000][79.569s][info][gc             ] GC(24) Pause Young (Allocation Failure) 4848M->2326M(5753M) 150.922ms
[2026-09-22T15:41:51.041+0000][79.569s][info][gc,cpu         ] GC(24) User=0.54s Sys=0.05s Real=0.16s
[2026-09-22T15:41:53.385+0000][81.912s][info][gc,start       ] GC(25) Pause Young (CodeCache GC Threshold)
[2026-09-22T15:41:53.513+0000][82.040s][info][gc,heap        ] GC(25) PSYoungGen: 2039029K(3095040K)->109696K(3081216K) Eden: 1882996K(2731008K)->0K(2731008K) From: 156032K(364032K)->109696K(350208K)
[2026-09-22T15:41:53.513+0000][82.040s][info][gc,heap        ] GC(25) ParOldGen: 2226724K(2796544K)->2360862K(2796544K)
[2026-09-22T15:41:53.513+0000][82.040s][info][gc,metaspace   ] GC(25) Metaspace: 166368K(168000K)->166368K(168000K) NonClass: 139866K(140800K)->139866K(140800K) Class: 26502K(27200K)->26502K(27200K)
[2026-09-22T15:41:53.513+0000][82.040s][info][gc             ] GC(25) Pause Young (CodeCache GC Threshold) 4165M->2412M(5740M) 128.006ms
[2026-09-22T15:41:53.513+0000][82.040s][info][gc,cpu         ] GC(25) User=0.45s Sys=0.04s Real=0.13s
[2026-09-22T15:41:53.513+0000][82.040s][info][gc,start       ] GC(26) Pause Full (CodeCache GC Threshold)
[2026-09-22T15:41:53.513+0000][82.040s][info][gc,phases,start] GC(26) Marking Phase
[2026-09-22T15:41:54.255+0000][82.782s][info][gc,phases      ] GC(26) Marking Phase 741.789ms
[2026-09-22T15:41:54.255+0000][82.782s][info][gc,phases,start] GC(26) Summary Phase
[2026-09-22T15:41:54.255+0000][82.782s][info][gc,phases      ] GC(26) Summary Phase 0.058ms
[2026-09-22T15:41:54.255+0000][82.782s][info][gc,phases,start] GC(26) Adjust Roots
[2026-09-22T15:41:54.277+0000][82.805s][info][gc,phases      ] GC(26) Adjust Roots 22.607ms
[2026-09-22T15:41:54.277+0000][82.805s][info][gc,phases,start] GC(26) Compaction Phase
[2026-09-22T15:41:55.076+0000][83.603s][info][gc,phases      ] GC(26) Compaction Phase 798.204ms
[2026-09-22T15:41:55.076+0000][83.603s][info][gc,phases,start] GC(26) Post Compact
[2026-09-22T15:41:55.085+0000][83.612s][info][gc,phases      ] GC(26) Post Compact 9.178ms
[2026-09-22T15:41:55.085+0000][83.612s][info][gc,heap        ] GC(26) PSYoungGen: 109696K(3081216K)->0K(3081216K) Eden: 0K(2731008K)->0K(2731008K) From: 109696K(350208K)->0K(350208K)
[2026-09-22T15:41:55.085+0000][83.612s][info][gc,heap        ] GC(26) ParOldGen: 2360862K(2796544K)->2426266K(2796544K)
[2026-09-22T15:41:55.085+0000][83.612s][info][gc,metaspace   ] GC(26) Metaspace: 166368K(168000K)->166355K(168000K) NonClass: 139866K(140800K)->139856K(140800K) Class: 26502K(27200K)->26498K(27200K)
[2026-09-22T15:41:55.085+0000][83.612s][info][gc             ] GC(26) Pause Full (CodeCache GC Threshold) 2412M->2369M(5740M) 1572.020ms
[2026-09-22T15:41:55.085+0000][83.613s][info][gc,cpu         ] GC(26) User=5.85s Sys=0.03s Real=1.57s
[2026-09-22T15:41:58.310+0000][86.838s][info][gc,start       ] GC(27) Pause Young (Allocation Failure)
[2026-09-22T15:41:58.404+0000][86.931s][info][gc,heap        ] GC(27) PSYoungGen: 2731008K(3081216K)->144848K(3114496K) Eden: 2731008K(2731008K)->0K(2800128K) From: 0K(350208K)->144848K(314368K)
[2026-09-22T15:41:58.404+0000][86.931s][info][gc,heap        ] GC(27) ParOldGen: 2426266K(2796544K)->2426274K(2796544K)
[2026-09-22T15:41:58.404+0000][86.931s][info][gc,metaspace   ] GC(27) Metaspace: 166446K(168128K)->166446K(168128K) NonClass: 139947K(140928K)->139947K(140928K) Class: 26498K(27200K)->26498K(27200K)
[2026-09-22T15:41:58.404+0000][86.931s][info][gc             ] GC(27) Pause Young (Allocation Failure) 5036M->2510M(5772M) 93.702ms
[2026-09-22T15:41:58.404+0000][86.931s][info][gc,cpu         ] GC(27) User=0.37s Sys=0.01s Real=0.10s
[2026-09-22T15:42:01.655+0000][90.182s][info][gc,start       ] GC(28) Pause Young (Allocation Failure)
[2026-09-22T15:42:01.792+0000][90.320s][info][gc,heap        ] GC(28) PSYoungGen: 2944976K(3114496K)->134368K(3132416K) Eden: 2800128K(2800128K)->0K(2800128K) From: 144848K(314368K)->134368K(332288K)
[2026-09-22T15:42:01.792+0000][90.320s][info][gc,heap        ] GC(28) ParOldGen: 2426274K(2796544K)->2545772K(2796544K)
[2026-09-22T15:42:01.792+0000][90.320s][info][gc,metaspace   ] GC(28) Metaspace: 166585K(168256K)->166585K(168256K) NonClass: 140086K(141056K)->140086K(141056K) Class: 26498K(27200K)->26498K(27200K)
[2026-09-22T15:42:01.792+0000][90.320s][info][gc             ] GC(28) Pause Young (Allocation Failure) 5245M->2617M(5790M) 137.610ms
[2026-09-22T15:42:01.792+0000][90.320s][info][gc,cpu         ] GC(28) User=0.52s Sys=0.01s Real=0.14s
[2026-09-22T15:42:04.832+0000][93.360s][info][gc,start       ] GC(29) Pause Young (Allocation Failure)
[2026-09-22T15:42:04.974+0000][93.502s][info][gc,heap        ] GC(29) PSYoungGen: 2934496K(3132416K)->125056K(3139072K) Eden: 2800128K(2800128K)->0K(2841088K) From: 134368K(332288K)->125056K(297984K)
[2026-09-22T15:42:04.974+0000][93.502s][info][gc,heap        ] GC(29) ParOldGen: 2545772K(2796544K)->2653174K(2796544K)
[2026-09-22T15:42:04.974+0000][93.502s][info][gc,metaspace   ] GC(29) Metaspace: 166686K(168320K)->166686K(168320K) NonClass: 140187K(141120K)->140187K(141120K) Class: 26498K(27200K)->26498K(27200K)
[2026-09-22T15:42:04.974+0000][93.502s][info][gc             ] GC(29) Pause Young (Allocation Failure) 5351M->2713M(5796M) 142.041ms
[2026-09-22T15:42:04.974+0000][93.502s][info][gc,cpu         ] GC(29) User=0.54s Sys=0.02s Real=0.14s
[2026-09-22T15:42:08.197+0000][96.724s][info][gc,start       ] GC(30) Pause Young (Allocation Failure)
[2026-09-22T15:42:08.341+0000][96.869s][info][gc,heap        ] GC(30) PSYoungGen: 2966144K(3139072K)->143504K(3154432K) Eden: 2841088K(2841088K)->0K(2841088K) From: 125056K(297984K)->143504K(313344K)
[2026-09-22T15:42:08.341+0000][96.869s][info][gc,heap        ] GC(30) ParOldGen: 2653174K(2796544K)->2748371K(2796544K)
[2026-09-22T15:42:08.341+0000][96.869s][info][gc,metaspace   ] GC(30) Metaspace: 166721K(168384K)->166721K(168384K) NonClass: 140222K(141184K)->140222K(141184K) Class: 26498K(27200K)->26498K(27200K)
[2026-09-22T15:42:08.341+0000][96.869s][info][gc             ] GC(30) Pause Young (Allocation Failure) 5487M->2824M(5811M) 144.181ms
[2026-09-22T15:42:08.341+0000][96.869s][info][gc,cpu         ] GC(30) User=0.54s Sys=0.03s Real=0.15s
[2026-09-22T15:42:11.529+0000][100.057s][info][gc,start       ] GC(31) Pause Young (Allocation Failure)
[2026-09-22T15:42:11.699+0000][100.227s][info][gc,heap        ] GC(31) PSYoungGen: 2984592K(3154432K)->113184K(3166208K) Eden: 2841088K(2841088K)->0K(2880512K) From: 143504K(313344K)->113184K(285696K)
[2026-09-22T15:42:11.699+0000][100.227s][info][gc,heap        ] GC(31) ParOldGen: 2748371K(2796544K)->2859842K(2860032K)
[2026-09-22T15:42:11.699+0000][100.227s][info][gc,metaspace   ] GC(31) Metaspace: 166823K(168448K)->166823K(168448K) NonClass: 140311K(141248K)->140311K(141248K) Class: 26512K(27200K)->26512K(27200K)
[2026-09-22T15:42:11.699+0000][100.227s][info][gc             ] GC(31) Pause Young (Allocation Failure) 5598M->2903M(5885M) 169.673ms
[2026-09-22T15:42:11.699+0000][100.227s][info][gc,cpu         ] GC(31) User=0.58s Sys=0.08s Real=0.17s
[2026-09-22T15:42:14.953+0000][103.481s][info][gc,start       ] GC(32) Pause Young (Allocation Failure)
[2026-09-22T15:42:15.086+0000][103.614s][info][gc,heap        ] GC(32) PSYoungGen: 2993696K(3166208K)->70640K(3175424K) Eden: 2880512K(2880512K)->0K(2880512K) From: 113184K(285696K)->70640K(294912K)
[2026-09-22T15:42:15.086+0000][103.614s][info][gc,heap        ] GC(32) ParOldGen: 2859842K(2860032K)->2939751K(2939904K)
[2026-09-22T15:42:15.086+0000][103.614s][info][gc,metaspace   ] GC(32) Metaspace: 166889K(168576K)->166889K(168576K) NonClass: 140366K(141312K)->140366K(141312K) Class: 26522K(27264K)->26522K(27264K)
[2026-09-22T15:42:15.086+0000][103.614s][info][gc             ] GC(32) Pause Young (Allocation Failure) 5716M->2939M(5972M) 133.128ms
[2026-09-22T15:42:15.086+0000][103.614s][info][gc,cpu         ] GC(32) User=0.46s Sys=0.04s Real=0.13s
[2026-09-22T15:42:18.291+0000][106.819s][info][gc,start       ] GC(33) Pause Young (Allocation Failure)
[2026-09-22T15:42:18.394+0000][106.922s][info][gc,heap        ] GC(33) PSYoungGen: 2951152K(3175424K)->41584K(3193344K) Eden: 2880512K(2880512K)->0K(2897920K) From: 70640K(294912K)->41584K(295424K)
[2026-09-22T15:42:18.394+0000][106.922s][info][gc,heap        ] GC(33) ParOldGen: 2939751K(2939904K)->2976140K(2976256K)
[2026-09-22T15:42:18.394+0000][106.922s][info][gc,metaspace   ] GC(33) Metaspace: 166962K(168640K)->166962K(168640K) NonClass: 140426K(141376K)->140426K(141376K) Class: 26535K(27264K)->26535K(27264K)
[2026-09-22T15:42:18.394+0000][106.922s][info][gc             ] GC(33) Pause Young (Allocation Failure) 5752M->2946M(6025M) 102.928ms
[2026-09-22T15:42:18.394+0000][106.922s][info][gc,cpu         ] GC(33) User=0.37s Sys=0.03s Real=0.10s
[2026-09-22T15:42:21.970+0000][110.498s][info][gc,start       ] GC(34) Pause Young (Allocation Failure)
[2026-09-22T15:42:22.064+0000][110.592s][info][gc,heap        ] GC(34) PSYoungGen: 2939504K(3193344K)->40336K(3196416K) Eden: 2897920K(2897920K)->0K(2897920K) From: 41584K(295424K)->40336K(298496K)
[2026-09-22T15:42:22.064+0000][110.592s][info][gc,heap        ] GC(34) ParOldGen: 2976140K(2976256K)->2984585K(2984960K)
[2026-09-22T15:42:22.064+0000][110.592s][info][gc,metaspace   ] GC(34) Metaspace: 167000K(168704K)->167000K(168704K) NonClass: 140462K(141440K)->140462K(141440K) Class: 26538K(27264K)->26538K(27264K)
[2026-09-22T15:42:22.064+0000][110.592s][info][gc             ] GC(34) Pause Young (Allocation Failure) 5776M->2954M(6036M) 94.258ms
[2026-09-22T15:42:22.064+0000][110.592s][info][gc,cpu         ] GC(34) User=0.36s Sys=0.01s Real=0.10s
[2026-09-22T15:42:25.418+0000][113.945s][info][gc,start       ] GC(35) Pause Young (Allocation Failure)
[2026-09-22T15:42:25.505+0000][114.033s][info][gc,heap        ] GC(35) PSYoungGen: 2938256K(3196416K)->40080K(3191296K) Eden: 2897920K(2897920K)->0K(2897920K) From: 40336K(298496K)->40080K(293376K)
[2026-09-22T15:42:25.505+0000][114.033s][info][gc,heap        ] GC(35) ParOldGen: 2984585K(2984960K)->2992813K(2993152K)
[2026-09-22T15:42:25.505+0000][114.033s][info][gc,metaspace   ] GC(35) Metaspace: 167034K(168704K)->167034K(168704K) NonClass: 140495K(141440K)->140495K(141440K) Class: 26538K(27264K)->26538K(27264K)
[2026-09-22T15:42:25.505+0000][114.033s][info][gc             ] GC(35) Pause Young (Allocation Failure) 5784M->2961M(6039M) 87.379ms
[2026-09-22T15:42:25.505+0000][114.033s][info][gc,cpu         ] GC(35) User=0.34s Sys=0.01s Real=0.09s
[2026-09-22T15:42:28.883+0000][117.411s][info][gc,start       ] GC(36) Pause Young (Allocation Failure)
[2026-09-22T15:42:28.971+0000][117.498s][info][gc,heap        ] GC(36) PSYoungGen: 2938000K(3191296K)->40128K(3193856K) Eden: 2897920K(2897920K)->0K(2897920K) From: 40080K(293376K)->40128K(295936K)
[2026-09-22T15:42:28.971+0000][117.498s][info][gc,heap        ] GC(36) ParOldGen: 2992813K(2993152K)->3000714K(3000832K)
[2026-09-22T15:42:28.971+0000][117.498s][info][gc,metaspace   ] GC(36) Metaspace: 167072K(168768K)->167072K(168768K) NonClass: 140534K(141504K)->140534K(141504K) Class: 26538K(27264K)->26538K(27264K)
[2026-09-22T15:42:28.971+0000][117.498s][info][gc             ] GC(36) Pause Young (Allocation Failure) 5791M->2969M(6049M) 87.538ms
[2026-09-22T15:42:28.971+0000][117.498s][info][gc,cpu         ] GC(36) User=0.34s Sys=0.00s Real=0.09s
[2026-09-22T15:42:32.421+0000][120.948s][info][gc,start       ] GC(37) Pause Young (Allocation Failure)
[2026-09-22T15:42:32.506+0000][121.033s][info][gc,heap        ] GC(37) PSYoungGen: 2938048K(3193856K)->37840K(3189760K) Eden: 2897920K(2897920K)->0K(2907648K) From: 40128K(295936K)->37840K(282112K)
[2026-09-22T15:42:32.506+0000][121.033s][info][gc,heap        ] GC(37) ParOldGen: 3000714K(3000832K)->3008474K(3008512K)
[2026-09-22T15:42:32.506+0000][121.033s][info][gc,metaspace   ] GC(37) Metaspace: 167122K(168832K)->167122K(168832K) NonClass: 140584K(141568K)->140584K(141568K) Class: 26538K(27264K)->26538K(27264K)
[2026-09-22T15:42:32.506+0000][121.033s][info][gc             ] GC(37) Pause Young (Allocation Failure) 5799M->2974M(6053M) 85.046ms
[2026-09-22T15:42:32.506+0000][121.033s][info][gc,cpu         ] GC(37) User=0.33s Sys=0.01s Real=0.08s
[2026-09-22T15:42:36.119+0000][124.646s][info][gc,start       ] GC(38) Pause Young (Allocation Failure)
[2026-09-22T15:42:36.228+0000][124.756s][info][gc,heap        ] GC(38) PSYoungGen: 2945488K(3189760K)->38416K(3193344K) Eden: 2907648K(2907648K)->0K(2907648K) From: 37840K(282112K)->38416K(285696K)
[2026-09-22T15:42:36.228+0000][124.756s][info][gc,heap        ] GC(38) ParOldGen: 3008474K(3008512K)->3015995K(3016192K)
[2026-09-22T15:42:36.228+0000][124.756s][info][gc,metaspace   ] GC(38) Metaspace: 167169K(168832K)->167169K(168832K) NonClass: 140629K(141568K)->140629K(141568K) Class: 26540K(27264K)->26540K(27264K)
[2026-09-22T15:42:36.228+0000][124.756s][info][gc             ] GC(38) Pause Young (Allocation Failure) 5814M->2982M(6064M) 109.199ms
[2026-09-22T15:42:36.228+0000][124.756s][info][gc,cpu         ] GC(38) User=0.36s Sys=0.04s Real=0.11s
[2026-09-22T15:42:39.697+0000][128.224s][info][gc,start       ] GC(39) Pause Young (Allocation Failure)
[2026-09-22T15:42:39.783+0000][128.311s][info][gc,heap        ] GC(39) PSYoungGen: 2946064K(3193344K)->37776K(3196416K) Eden: 2907648K(2907648K)->0K(2930688K) From: 38416K(285696K)->37776K(265728K)
[2026-09-22T15:42:39.783+0000][128.311s][info][gc,heap        ] GC(39) ParOldGen: 3015995K(3016192K)->3023164K(3023360K)
[2026-09-22T15:42:39.783+0000][128.311s][info][gc,metaspace   ] GC(39) Metaspace: 167187K(168832K)->167187K(168832K) NonClass: 140646K(141568K)->140646K(141568K) Class: 26540K(27264K)->26540K(27264K)
[2026-09-22T15:42:39.783+0000][128.311s][info][gc             ] GC(39) Pause Young (Allocation Failure) 5822M->2989M(6074M) 86.399ms
[2026-09-22T15:42:39.783+0000][128.311s][info][gc,cpu         ] GC(39) User=0.34s Sys=0.00s Real=0.09s
[2026-09-22T15:42:43.078+0000][131.605s][info][gc,start       ] GC(40) Pause Young (Allocation Failure)
[2026-09-22T15:42:43.163+0000][131.690s][info][gc,heap        ] GC(40) PSYoungGen: 2968464K(3196416K)->37536K(3201024K) Eden: 2930688K(2930688K)->0K(2930688K) From: 37776K(265728K)->37536K(270336K)
[2026-09-22T15:42:43.163+0000][131.690s][info][gc,heap        ] GC(40) ParOldGen: 3023164K(3023360K)->3031043K(3031552K)
[2026-09-22T15:42:43.163+0000][131.690s][info][gc,metaspace   ] GC(40) Metaspace: 167216K(168896K)->167216K(168896K) NonClass: 140676K(141632K)->140676K(141632K) Class: 26540K(27264K)->26540K(27264K)
[2026-09-22T15:42:43.163+0000][131.690s][info][gc             ] GC(40) Pause Young (Allocation Failure) 5851M->2996M(6086M) 85.008ms
[2026-09-22T15:42:43.163+0000][131.690s][info][gc,cpu         ] GC(40) User=0.34s Sys=0.01s Real=0.09s
[2026-09-22T15:42:46.590+0000][135.118s][info][gc,start       ] GC(41) Pause Young (Allocation Failure)
[2026-09-22T15:42:46.675+0000][135.203s][info][gc,heap        ] GC(41) PSYoungGen: 2968224K(3201024K)->38656K(3210752K) Eden: 2930688K(2930688K)->0K(2963456K) From: 37536K(270336K)->38656K(247296K)
[2026-09-22T15:42:46.675+0000][135.203s][info][gc,heap        ] GC(41) ParOldGen: 3031043K(3031552K)->3037756K(3038208K)
[2026-09-22T15:42:46.675+0000][135.203s][info][gc,metaspace   ] GC(41) Metaspace: 167239K(168896K)->167239K(168896K) NonClass: 140699K(141632K)->140699K(141632K) Class: 26540K(27264K)->26540K(27264K)
[2026-09-22T15:42:46.675+0000][135.203s][info][gc             ] GC(41) Pause Young (Allocation Failure) 5858M->3004M(6102M) 85.285ms
[2026-09-22T15:42:46.675+0000][135.203s][info][gc,cpu         ] GC(41) User=0.34s Sys=0.00s Real=0.09s
[2026-09-22T15:42:50.077+0000][138.604s][info][gc,start       ] GC(42) Pause Young (Allocation Failure)
[2026-09-22T15:42:50.162+0000][138.690s][info][gc,heap        ] GC(42) PSYoungGen: 3002112K(3210752K)->38592K(3215360K) Eden: 2963456K(2963456K)->0K(2963456K) From: 38656K(247296K)->38592K(251904K)
[2026-09-22T15:42:50.162+0000][138.690s][info][gc,heap        ] GC(42) ParOldGen: 3037756K(3038208K)->3044564K(3044864K)
[2026-09-22T15:42:50.162+0000][138.690s][info][gc,metaspace   ] GC(42) Metaspace: 167277K(168896K)->167277K(168896K) NonClass: 140728K(141632K)->140728K(141632K) Class: 26549K(27264K)->26549K(27264K)
[2026-09-22T15:42:50.162+0000][138.690s][info][gc             ] GC(42) Pause Young (Allocation Failure) 5898M->3010M(6113M) 85.500ms
[2026-09-22T15:42:50.162+0000][138.690s][info][gc,cpu         ] GC(42) User=0.33s Sys=0.00s Real=0.09s
[2026-09-22T15:42:53.664+0000][142.191s][info][gc,start       ] GC(43) Pause Young (Allocation Failure)
[2026-09-22T15:42:53.749+0000][142.277s][info][gc,heap        ] GC(43) PSYoungGen: 3002048K(3215360K)->36608K(3229184K) Eden: 2963456K(2963456K)->0K(3001344K) From: 38592K(251904K)->36608K(227840K)
[2026-09-22T15:42:53.749+0000][142.277s][info][gc,heap        ] GC(43) ParOldGen: 3044564K(3044864K)->3052089K(3052544K)
[2026-09-22T15:42:53.749+0000][142.277s][info][gc,metaspace   ] GC(43) Metaspace: 167293K(168960K)->167293K(168960K) NonClass: 140743K(141696K)->140743K(141696K) Class: 26550K(27264K)->26550K(27264K)
[2026-09-22T15:42:53.749+0000][142.277s][info][gc             ] GC(43) Pause Young (Allocation Failure) 5904M->3016M(6134M) 85.304ms
[2026-09-22T15:42:53.749+0000][142.277s][info][gc,cpu         ] GC(43) User=0.33s Sys=0.01s Real=0.08s
[2026-09-22T15:42:57.190+0000][145.718s][info][gc,start       ] GC(44) Pause Young (Allocation Failure)
[2026-09-22T15:42:57.282+0000][145.810s][info][gc,heap        ] GC(44) PSYoungGen: 3037952K(3229184K)->38400K(3233280K) Eden: 3001344K(3001344K)->0K(3001344K) From: 36608K(227840K)->38400K(231936K)
[2026-09-22T15:42:57.282+0000][145.810s][info][gc,heap        ] GC(44) ParOldGen: 3052089K(3052544K)->3058982K(3059200K)
[2026-09-22T15:42:57.282+0000][145.810s][info][gc,metaspace   ] GC(44) Metaspace: 167325K(169024K)->167325K(169024K) NonClass: 140774K(141760K)->140774K(141760K) Class: 26551K(27264K)->26551K(27264K)
[2026-09-22T15:42:57.282+0000][145.810s][info][gc             ] GC(44) Pause Young (Allocation Failure) 5947M->3024M(6145M) 92.396ms
[2026-09-22T15:42:57.282+0000][145.810s][info][gc,cpu         ] GC(44) User=0.33s Sys=0.02s Real=0.10s
[2026-09-22T15:43:00.851+0000][149.378s][info][gc,start       ] GC(45) Pause Young (Allocation Failure)
[2026-09-22T15:43:00.936+0000][149.464s][info][gc,heap        ] GC(45) PSYoungGen: 3039744K(3233280K)->37152K(3249664K) Eden: 3001344K(3001344K)->0K(3041280K) From: 38400K(231936K)->37152K(208384K)
[2026-09-22T15:43:00.936+0000][149.464s][info][gc,heap        ] GC(45) ParOldGen: 3058982K(3059200K)->3065887K(3066368K)
[2026-09-22T15:43:00.936+0000][149.464s][info][gc,metaspace   ] GC(45) Metaspace: 167345K(169024K)->167345K(169024K) NonClass: 140794K(141760K)->140794K(141760K) Class: 26551K(27264K)->26551K(27264K)
[2026-09-22T15:43:00.936+0000][149.464s][info][gc             ] GC(45) Pause Young (Allocation Failure) 5955M->3030M(6168M) 85.457ms
[2026-09-22T15:43:00.936+0000][149.464s][info][gc,cpu         ] GC(45) User=0.33s Sys=0.01s Real=0.09s
[2026-09-22T15:43:04.576+0000][153.104s][info][gc,start       ] GC(46) Pause Young (GCLocker Initiated GC)
[2026-09-22T15:43:04.662+0000][153.190s][info][gc,heap        ] GC(46) PSYoungGen: 3078432K(3249664K)->36384K(3078144K) Eden: 3041280K(3041280K)->0K(3041280K) From: 37152K(208384K)->36384K(36864K)
[2026-09-22T15:43:04.662+0000][153.190s][info][gc,heap        ] GC(46) ParOldGen: 3065887K(3066368K)->3072416K(3072512K)
[2026-09-22T15:43:04.662+0000][153.190s][info][gc,metaspace   ] GC(46) Metaspace: 167373K(169088K)->167373K(169088K) NonClass: 140822K(141824K)->140822K(141824K) Class: 26551K(27264K)->26551K(27264K)
[2026-09-22T15:43:04.662+0000][153.190s][info][gc             ] GC(46) Pause Young (GCLocker Initiated GC) 6000M->3035M(6006M) 86.367ms
[2026-09-22T15:43:04.662+0000][153.190s][info][gc,cpu         ] GC(46) User=0.33s Sys=0.01s Real=0.09s
[2026-09-22T15:43:08.282+0000][156.809s][info][gc,start       ] GC(47) Pause Young (Allocation Failure)
[2026-09-22T15:43:08.366+0000][156.894s][info][gc,heap        ] GC(47) PSYoungGen: 3077664K(3078144K)->35344K(3252736K) Eden: 3041280K(3041280K)->0K(3050496K) From: 36384K(36864K)->35344K(202240K)
[2026-09-22T15:43:08.366+0000][156.894s][info][gc,heap        ] GC(47) ParOldGen: 3072419K(3072512K)->3078800K(3079168K)
[2026-09-22T15:43:08.366+0000][156.894s][info][gc,metaspace   ] GC(47) Metaspace: 167410K(169088K)->167410K(169088K) NonClass: 140852K(141824K)->140852K(141824K) Class: 26558K(27264K)->26558K(27264K)
[2026-09-22T15:43:08.366+0000][156.894s][info][gc             ] GC(47) Pause Young (Allocation Failure) 6005M->3041M(6183M) 84.079ms
[2026-09-22T15:43:08.366+0000][156.894s][info][gc,cpu         ] GC(47) User=0.33s Sys=0.00s Real=0.08s
[2026-09-22T15:43:12.084+0000][160.612s][info][gc,start       ] GC(48) Pause Young (Allocation Failure)
[2026-09-22T15:43:12.168+0000][160.696s][info][gc,heap        ] GC(48) PSYoungGen: 3085840K(3252736K)->35488K(3243520K) Eden: 3050496K(3050496K)->0K(3050496K) From: 35344K(202240K)->35488K(193024K)
[2026-09-22T15:43:12.168+0000][160.696s][info][gc,heap        ] GC(48) ParOldGen: 3078800K(3079168K)->3085032K(3085312K)
[2026-09-22T15:43:12.168+0000][160.696s][info][gc,metaspace   ] GC(48) Metaspace: 167416K(169088K)->167416K(169088K) NonClass: 140858K(141824K)->140858K(141824K) Class: 26558K(27264K)->26558K(27264K)
[2026-09-22T15:43:12.168+0000][160.696s][info][gc             ] GC(48) Pause Young (Allocation Failure) 6020M->3047M(6180M) 84.034ms
[2026-09-22T15:43:12.168+0000][160.696s][info][gc,cpu         ] GC(48) User=0.33s Sys=0.00s Real=0.08s
[2026-09-22T15:43:15.720+0000][164.247s][info][gc,start       ] GC(49) Pause Young (Allocation Failure)
[2026-09-22T15:43:15.806+0000][164.334s][info][gc,heap        ] GC(49) PSYoungGen: 3085984K(3243520K)->37648K(3292672K) Eden: 3050496K(3050496K)->0K(3108864K) From: 35488K(193024K)->37648K(183808K)
[2026-09-22T15:43:15.806+0000][164.334s][info][gc,heap        ] GC(49) ParOldGen: 3085032K(3085312K)->3092261K(3092480K)
[2026-09-22T15:43:15.806+0000][164.334s][info][gc,metaspace   ] GC(49) Metaspace: 167445K(169152K)->167445K(169152K) NonClass: 140886K(141888K)->140886K(141888K) Class: 26558K(27264K)->26558K(27264K)
[2026-09-22T15:43:15.806+0000][164.334s][info][gc             ] GC(49) Pause Young (Allocation Failure) 6026M->3056M(6235M) 86.245ms
[2026-09-22T15:43:15.806+0000][164.334s][info][gc,cpu         ] GC(49) User=0.34s Sys=0.01s Real=0.09s
[2026-09-22T15:43:19.886+0000][168.414s][info][gc,start       ] GC(50) Pause Young (GCLocker Initiated GC)
[2026-09-22T15:43:19.980+0000][168.507s][info][gc,heap        ] GC(50) PSYoungGen: 3146512K(3292672K)->44464K(3153408K) Eden: 3108864K(3108864K)->0K(3108864K) From: 37648K(183808K)->44464K(44544K)
[2026-09-22T15:43:19.980+0000][168.507s][info][gc,heap        ] GC(50) ParOldGen: 3092261K(3092480K)->3100851K(3101184K)
[2026-09-22T15:43:19.980+0000][168.507s][info][gc,metaspace   ] GC(50) Metaspace: 167577K(169344K)->167577K(169344K) NonClass: 140988K(142016K)->140988K(142016K) Class: 26588K(27328K)->26588K(27328K)
[2026-09-22T15:43:19.980+0000][168.507s][info][gc             ] GC(50) Pause Young (GCLocker Initiated GC) 6092M->3071M(6108M) 93.344ms
[2026-09-22T15:43:19.980+0000][168.507s][info][gc,cpu         ] GC(50) User=0.35s Sys=0.01s Real=0.09s
[2026-09-22T15:43:23.477+0000][172.004s][info][gc,start       ] GC(51) Pause Young (GCLocker Initiated GC)
[2026-09-22T15:43:23.566+0000][172.093s][info][gc,heap        ] GC(51) PSYoungGen: 3153328K(3153408K)->40400K(3265024K) Eden: 3108864K(3108864K)->0K(3117568K) From: 44464K(44544K)->40400K(147456K)
[2026-09-22T15:43:23.566+0000][172.093s][info][gc,heap        ] GC(51) ParOldGen: 3100854K(3101184K)->3116780K(3117056K)
[2026-09-22T15:43:23.566+0000][172.093s][info][gc,metaspace   ] GC(51) Metaspace: 167707K(169536K)->167707K(169536K) NonClass: 141105K(142144K)->141105K(142144K) Class: 26601K(27392K)->26601K(27392K)
[2026-09-22T15:43:23.566+0000][172.094s][info][gc             ] GC(51) Pause Young (GCLocker Initiated GC) 6107M->3083M(6232M) 89.077ms
[2026-09-22T15:43:23.566+0000][172.094s][info][gc,cpu         ] GC(51) User=0.35s Sys=0.01s Real=0.09s
[2026-09-22T15:43:27.524+0000][176.051s][info][gc,start       ] GC(52) Pause Young (Allocation Failure)
[2026-09-22T15:43:27.621+0000][176.148s][info][gc,heap        ] GC(52) PSYoungGen: 3157968K(3265024K)->40720K(3273728K) Eden: 3117568K(3117568K)->0K(3117568K) From: 40400K(147456K)->40720K(156160K)
[2026-09-22T15:43:27.621+0000][176.148s][info][gc,heap        ] GC(52) ParOldGen: 3116782K(3117056K)->3128224K(3128320K)
[2026-09-22T15:43:27.621+0000][176.148s][info][gc,metaspace   ] GC(52) Metaspace: 167740K(169536K)->167740K(169536K) NonClass: 141134K(142144K)->141134K(142144K) Class: 26606K(27392K)->26606K(27392K)
[2026-09-22T15:43:27.621+0000][176.148s][info][gc             ] GC(52) Pause Young (Allocation Failure) 6127M->3094M(6252M) 97.086ms
[2026-09-22T15:43:27.621+0000][176.148s][info][gc,cpu         ] GC(52) User=0.34s Sys=0.03s Real=0.10s
[2026-09-22T15:43:31.381+0000][179.909s][info][gc,start       ] GC(53) Pause Young (Allocation Failure)
[2026-09-22T15:43:31.470+0000][179.998s][info][gc,heap        ] GC(53) PSYoungGen: 3158288K(3273728K)->39600K(3323904K) Eden: 3117568K(3117568K)->0K(3190784K) From: 40720K(156160K)->39600K(133120K)
[2026-09-22T15:43:31.470+0000][179.998s][info][gc,heap        ] GC(53) ParOldGen: 3128224K(3128320K)->3140339K(3140608K)
[2026-09-22T15:43:31.470+0000][179.998s][info][gc,metaspace   ] GC(53) Metaspace: 167796K(169600K)->167796K(169600K) NonClass: 141186K(142208K)->141186K(142208K) Class: 26609K(27392K)->26609K(27392K)
[2026-09-22T15:43:31.470+0000][179.998s][info][gc             ] GC(53) Pause Young (Allocation Failure) 6139M->3105M(6313M) 89.452ms
[2026-09-22T15:43:31.470+0000][179.998s][info][gc,cpu         ] GC(53) User=0.34s Sys=0.01s Real=0.08s
[2026-09-22T15:43:35.591+0000][184.118s][info][gc,start       ] GC(54) Pause Young (Allocation Failure)
[2026-09-22T15:43:35.676+0000][184.204s][info][gc,heap        ] GC(54) PSYoungGen: 3230384K(3323904K)->35584K(3331584K) Eden: 3190784K(3190784K)->0K(3190784K) From: 39600K(133120K)->35584K(140800K)
[2026-09-22T15:43:35.677+0000][184.204s][info][gc,heap        ] GC(54) ParOldGen: 3140339K(3140608K)->3151896K(3152384K)
[2026-09-22T15:43:35.677+0000][184.204s][info][gc,metaspace   ] GC(54) Metaspace: 167831K(169600K)->167831K(169600K) NonClass: 141219K(142208K)->141219K(142208K) Class: 26612K(27392K)->26612K(27392K)
[2026-09-22T15:43:35.677+0000][184.204s][info][gc             ] GC(54) Pause Young (Allocation Failure) 6221M->3112M(6332M) 85.952ms
[2026-09-22T15:43:35.677+0000][184.204s][info][gc,cpu         ] GC(54) User=0.33s Sys=0.01s Real=0.08s
[2026-09-22T15:43:39.662+0000][188.189s][info][gc,start       ] GC(55) Pause Young (GCLocker Initiated GC)
[2026-09-22T15:43:39.752+0000][188.280s][info][gc,heap        ] GC(55) PSYoungGen: 3226368K(3331584K)->39440K(3341824K) Eden: 3190784K(3190784K)->0K(3220992K) From: 35584K(140800K)->39440K(120832K)
[2026-09-22T15:43:39.752+0000][188.280s][info][gc,heap        ] GC(55) ParOldGen: 3151897K(3152384K)->3160431K(3160576K)
[2026-09-22T15:43:39.752+0000][188.280s][info][gc,metaspace   ] GC(55) Metaspace: 167913K(169664K)->167913K(169664K) NonClass: 141299K(142272K)->141299K(142272K) Class: 26613K(27392K)->26613K(27392K)
[2026-09-22T15:43:39.752+0000][188.280s][info][gc             ] GC(55) Pause Young (GCLocker Initiated GC) 6228M->3124M(6350M) 90.394ms
[2026-09-22T15:43:39.752+0000][188.280s][info][gc,cpu         ] GC(55) User=0.34s Sys=0.01s Real=0.09s
[2026-09-22T15:43:43.855+0000][192.382s][info][gc,start       ] GC(56) Pause Young (Allocation Failure)
[2026-09-22T15:43:43.957+0000][192.485s][info][gc,heap        ] GC(56) PSYoungGen: 3260432K(3341824K)->35104K(3348480K) Eden: 3220992K(3220992K)->0K(3220992K) From: 39440K(120832K)->35104K(127488K)
[2026-09-22T15:43:43.957+0000][192.485s][info][gc,heap        ] GC(56) ParOldGen: 3160433K(3160576K)->3170596K(3170816K)
[2026-09-22T15:43:43.957+0000][192.485s][info][gc,metaspace   ] GC(56) Metaspace: 167931K(169728K)->167931K(169728K) NonClass: 141317K(142336K)->141317K(142336K) Class: 26614K(27392K)->26614K(27392K)
[2026-09-22T15:43:43.957+0000][192.485s][info][gc             ] GC(56) Pause Young (Allocation Failure) 6270M->3130M(6366M) 102.254ms
[2026-09-22T15:43:43.957+0000][192.485s][info][gc,cpu         ] GC(56) User=0.35s Sys=0.04s Real=0.10s
[2026-09-22T15:43:48.045+0000][196.572s][info][gc,start       ] GC(57) Pause Young (Allocation Failure)
[2026-09-22T15:43:48.135+0000][196.663s][info][gc,heap        ] GC(57) PSYoungGen: 3256096K(3348480K)->36736K(3355136K) Eden: 3220992K(3220992K)->0K(3245568K) From: 35104K(127488K)->36736K(109568K)
[2026-09-22T15:43:48.135+0000][196.663s][info][gc,heap        ] GC(57) ParOldGen: 3170596K(3170816K)->3178862K(3179008K)
[2026-09-22T15:43:48.135+0000][196.663s][info][gc,metaspace   ] GC(57) Metaspace: 167939K(169728K)->167939K(169728K) NonClass: 141325K(142336K)->141325K(142336K) Class: 26614K(27392K)->26614K(27392K)
[2026-09-22T15:43:48.135+0000][196.663s][info][gc             ] GC(57) Pause Young (Allocation Failure) 6276M->3140M(6381M) 90.473ms
[2026-09-22T15:43:48.135+0000][196.663s][info][gc,cpu         ] GC(57) User=0.33s Sys=0.01s Real=0.09s
[2026-09-22T15:43:52.445+0000][200.972s][info][gc,start       ] GC(58) Pause Young (Allocation Failure)
[2026-09-22T15:43:52.534+0000][201.062s][info][gc,heap        ] GC(58) PSYoungGen: 3282304K(3355136K)->37504K(3361792K) Eden: 3245568K(3245568K)->0K(3245568K) From: 36736K(109568K)->37504K(116224K)
[2026-09-22T15:43:52.534+0000][201.062s][info][gc,heap        ] GC(58) ParOldGen: 3178862K(3179008K)->3188661K(3188736K)
[2026-09-22T15:43:52.534+0000][201.062s][info][gc,metaspace   ] GC(58) Metaspace: 167963K(169728K)->167963K(169728K) NonClass: 141345K(142336K)->141345K(142336K) Class: 26617K(27392K)->26617K(27392K)
[2026-09-22T15:43:52.534+0000][201.062s][info][gc             ] GC(58) Pause Young (Allocation Failure) 6309M->3150M(6397M) 89.828ms
[2026-09-22T15:43:52.534+0000][201.062s][info][gc,cpu         ] GC(58) User=0.35s Sys=0.01s Real=0.09s
[2026-09-22T15:43:56.695+0000][205.222s][info][gc,start       ] GC(59) Pause Young (Allocation Failure)
[2026-09-22T15:43:56.783+0000][205.311s][info][gc,heap        ] GC(59) PSYoungGen: 3283072K(3361792K)->38784K(3366400K) Eden: 3245568K(3245568K)->0K(3268096K) From: 37504K(116224K)->38784K(98304K)
[2026-09-22T15:43:56.783+0000][205.311s][info][gc,heap        ] GC(59) ParOldGen: 3188661K(3188736K)->3199615K(3200000K)
[2026-09-22T15:43:56.783+0000][205.311s][info][gc,metaspace   ] GC(59) Metaspace: 167980K(169728K)->167980K(169728K) NonClass: 141362K(142336K)->141362K(142336K) Class: 26617K(27392K)->26617K(27392K)
[2026-09-22T15:43:56.783+0000][205.311s][info][gc             ] GC(59) Pause Young (Allocation Failure) 6320M->3162M(6412M) 88.398ms
[2026-09-22T15:43:56.783+0000][205.311s][info][gc,cpu         ] GC(59) User=0.35s Sys=0.01s Real=0.09s
[2026-09-22T15:44:01.134+0000][209.661s][info][gc,start       ] GC(60) Pause Young (Allocation Failure)
[2026-09-22T15:44:01.230+0000][209.758s][info][gc,heap        ] GC(60) PSYoungGen: 3306880K(3366400K)->36624K(3373056K) Eden: 3268096K(3268096K)->0K(3268096K) From: 38784K(98304K)->36624K(104960K)
[2026-09-22T15:44:01.230+0000][209.758s][info][gc,heap        ] GC(60) ParOldGen: 3199615K(3200000K)->3210019K(3210240K)
[2026-09-22T15:44:01.230+0000][209.758s][info][gc,metaspace   ] GC(60) Metaspace: 168003K(169728K)->168003K(169728K) NonClass: 141385K(142336K)->141385K(142336K) Class: 26617K(27392K)->26617K(27392K)
[2026-09-22T15:44:01.230+0000][209.758s][info][gc             ] GC(60) Pause Young (Allocation Failure) 6354M->3170M(6429M) 96.473ms
[2026-09-22T15:44:01.230+0000][209.758s][info][gc,cpu         ] GC(60) User=0.36s Sys=0.00s Real=0.09s
[2026-09-22T15:44:05.474+0000][214.001s][info][gc,start       ] GC(61) Pause Young (GCLocker Initiated GC)
[2026-09-22T15:44:05.560+0000][214.088s][info][gc,heap        ] GC(61) PSYoungGen: 3304720K(3373056K)->34240K(3383808K) Eden: 3268096K(3268096K)->0K(3291648K) From: 36624K(104960K)->34240K(92160K)
[2026-09-22T15:44:05.560+0000][214.088s][info][gc,heap        ] GC(61) ParOldGen: 3210020K(3210240K)->3220018K(3220480K)
[2026-09-22T15:44:05.560+0000][214.088s][info][gc,metaspace   ] GC(61) Metaspace: 168026K(169792K)->168026K(169792K) NonClass: 141407K(142400K)->141407K(142400K) Class: 26619K(27392K)->26619K(27392K)
[2026-09-22T15:44:05.560+0000][214.088s][info][gc             ] GC(61) Pause Young (GCLocker Initiated GC) 6362M->3177M(6449M) 86.646ms
[2026-09-22T15:44:05.560+0000][214.088s][info][gc,cpu         ] GC(61) User=0.34s Sys=0.01s Real=0.08s
[2026-09-22T15:44:10.015+0000][218.542s][info][gc,start       ] GC(62) Pause Young (Allocation Failure)
[2026-09-22T15:44:10.102+0000][218.630s][info][gc,heap        ] GC(62) PSYoungGen: 3325888K(3383808K)->35936K(3387904K) Eden: 3291648K(3291648K)->0K(3291648K) From: 34240K(92160K)->35936K(96256K)
[2026-09-22T15:44:10.102+0000][218.630s][info][gc,heap        ] GC(62) ParOldGen: 3220021K(3220480K)->3226682K(3227136K)
[2026-09-22T15:44:10.102+0000][218.630s][info][gc,metaspace   ] GC(62) Metaspace: 168035K(169792K)->168035K(169792K) NonClass: 141416K(142400K)->141416K(142400K) Class: 26619K(27392K)->26619K(27392K)
[2026-09-22T15:44:10.102+0000][218.630s][info][gc             ] GC(62) Pause Young (Allocation Failure) 6392M->3186M(6460M) 87.670ms
[2026-09-22T15:44:10.102+0000][218.630s][info][gc,cpu         ] GC(62) User=0.34s Sys=0.01s Real=0.09s
[2026-09-22T15:44:14.932+0000][223.460s][info][gc,start       ] GC(63) Pause Young (GCLocker Initiated GC)
[2026-09-22T15:44:15.018+0000][223.546s][info][gc,heap        ] GC(63) PSYoungGen: 3327584K(3387904K)->35376K(3390464K) Eden: 3291648K(3291648K)->0K(3306496K) From: 35936K(96256K)->35376K(83968K)
[2026-09-22T15:44:15.018+0000][223.546s][info][gc,heap        ] GC(63) ParOldGen: 3226682K(3227136K)->3234527K(3234816K)
[2026-09-22T15:44:15.018+0000][223.546s][info][gc,metaspace   ] GC(63) Metaspace: 168073K(169792K)->168073K(169792K) NonClass: 141453K(142400K)->141453K(142400K) Class: 26619K(27392K)->26619K(27392K)
[2026-09-22T15:44:15.019+0000][223.546s][info][gc             ] GC(63) Pause Young (GCLocker Initiated GC) 6400M->3193M(6470M) 86.489ms
[2026-09-22T15:44:15.019+0000][223.546s][info][gc,cpu         ] GC(63) User=0.34s Sys=0.00s Real=0.08s
[2026-09-22T15:44:22.329+0000][230.857s][info][gc,start       ] GC(64) Pause Young (Allocation Failure)
[2026-09-22T15:44:22.420+0000][230.948s][info][gc,heap        ] GC(64) PSYoungGen: 3341872K(3390464K)->41168K(3394560K) Eden: 3306496K(3306496K)->0K(3306496K) From: 35376K(83968K)->41168K(88064K)
[2026-09-22T15:44:22.420+0000][230.948s][info][gc,heap        ] GC(64) ParOldGen: 3234536K(3234816K)->3242554K(3243008K)
[2026-09-22T15:44:22.420+0000][230.948s][info][gc,metaspace   ] GC(64) Metaspace: 168144K(169856K)->168144K(169856K) NonClass: 141521K(142464K)->141521K(142464K) Class: 26622K(27392K)->26622K(27392K)
[2026-09-22T15:44:22.420+0000][230.948s][info][gc             ] GC(64) Pause Young (Allocation Failure) 6422M->3206M(6482M) 91.093ms
[2026-09-22T15:44:22.420+0000][230.948s][info][gc,cpu         ] GC(64) User=0.36s Sys=0.00s Real=0.09s
[2026-09-22T15:44:35.282+0000][243.810s][info][gc,start       ] GC(65) Pause Young (GCLocker Initiated GC)
[2026-09-22T15:44:35.375+0000][243.902s][info][gc,heap        ] GC(65) PSYoungGen: 3347664K(3394560K)->38336K(3399168K) Eden: 3306496K(3306496K)->0K(3322880K) From: 41168K(88064K)->38336K(76288K)
[2026-09-22T15:44:35.375+0000][243.902s][info][gc,heap        ] GC(65) ParOldGen: 3242554K(3243008K)->3257884K(3258368K)
[2026-09-22T15:44:35.375+0000][243.902s][info][gc,metaspace   ] GC(65) Metaspace: 168161K(169920K)->168161K(169920K) NonClass: 141536K(142528K)->141536K(142528K) Class: 26624K(27392K)->26624K(27392K)
[2026-09-22T15:44:35.375+0000][243.902s][info][gc             ] GC(65) Pause Young (GCLocker Initiated GC) 6435M->3218M(6501M) 92.279ms
[2026-09-22T15:44:35.375+0000][243.902s][info][gc,cpu         ] GC(65) User=0.35s Sys=0.02s Real=0.09s
[2026-09-22T15:46:11.727+0000][340.255s][info][gc,start       ] GC(66) Pause Young (GCLocker Initiated GC)
[2026-09-22T15:46:11.820+0000][340.348s][info][gc,heap        ] GC(66) PSYoungGen: 3361216K(3399168K)->40544K(3363840K) Eden: 3322880K(3322880K)->0K(3322880K) From: 38336K(76288K)->40544K(40960K)
[2026-09-22T15:46:11.820+0000][340.348s][info][gc,heap        ] GC(66) ParOldGen: 3258093K(3258368K)->3270151K(3270656K)
[2026-09-22T15:46:11.820+0000][340.348s][info][gc,metaspace   ] GC(66) Metaspace: 168378K(170112K)->168378K(170112K) NonClass: 141736K(142720K)->141736K(142720K) Class: 26641K(27392K)->26641K(27392K)
[2026-09-22T15:46:11.820+0000][340.348s][info][gc             ] GC(66) Pause Young (GCLocker Initiated GC) 6464M->3233M(6479M) 93.446ms
[2026-09-22T15:46:11.820+0000][340.348s][info][gc,cpu         ] GC(66) User=0.35s Sys=0.01s Real=0.09s
[2026-09-22T15:47:36.708+0000][425.236s][info][gc,start       ] GC(67) Pause Young (GCLocker Initiated GC)
[2026-09-22T15:47:36.791+0000][425.318s][info][gc,heap        ] GC(67) PSYoungGen: 1381325K(3363840K)->33772K(3394048K) Eden: 1340781K(3322880K)->0K(3322880K) From: 40544K(40960K)->33772K(71168K)
[2026-09-22T15:47:36.791+0000][425.318s][info][gc,heap        ] GC(67) ParOldGen: 3270151K(3270656K)->3285933K(3286016K)
[2026-09-22T15:47:36.791+0000][425.318s][info][gc,metaspace   ] GC(67) Metaspace: 169851K(171584K)->169851K(171584K) NonClass: 143052K(144000K)->143052K(144000K) Class: 26799K(27584K)->26799K(27584K)
[2026-09-22T15:47:36.791+0000][425.318s][info][gc             ] GC(67) Pause Young (GCLocker Initiated GC) 4542M->3241M(6523M) 82.636ms
[2026-09-22T15:47:36.791+0000][425.318s][info][gc,cpu         ] GC(67) User=0.33s Sys=0.00s Real=0.09s
