[0.003s][info][gc] Using G1
[0.311s][info][gc] GC(0) Pause Young (Concurrent Start) (G1 Humongous Allocation) 241M->3M(513M) 3.656ms
[0.311s][info][gc] GC(1) Concurrent Undo Cycle
[0.311s][info][gc] GC(1) Concurrent Undo Cycle 0.081ms
[0.446s][info][gc] GC(2) Pause Young (Normal) (G1 Evacuation Pause) 215M->2M(513M) 2.097ms
[1.798s][info][gc] GC(3) Pause Young (Concurrent Start) (Metadata GC Threshold) 312M->15M(513M) 11.061ms
[1.798s][info][gc] GC(4) Concurrent Mark Cycle
[1.810s][info][gc] GC(4) Pause Remark 16M->16M(512M) 3.863ms
[1.814s][info][gc] GC(4) Pause Cleanup 17M->17M(512M) 0.133ms
[1.816s][info][gc] GC(4) Concurrent Mark Cycle 18.231ms
[2.196s][info][gc] GC(5) Pause Young (Prepare Mixed) (G1 Evacuation Pause) 69M->33M(512M) 47.852ms
[2.245s][info][gc] GC(6) Pause Young (Mixed) (G1 Evacuation Pause) 50M->41M(512M) 17.836ms
[2.335s][info][gc] GC(7) Pause Young (Normal) (G1 Evacuation Pause) 67M->54M(512M) 13.378ms
[2.404s][info][gc] GC(8) Pause Young (Normal) (G1 Evacuation Pause) 89M->72M(512M) 14.408ms
[2.463s][info][gc] GC(9) Pause Young (Normal) (G1 Evacuation Pause) 106M->89M(934M) 17.582ms
[2.590s][info][gc] GC(10) Pause Young (Normal) (G1 Evacuation Pause) 130M->110M(934M) 46.124ms
[2.719s][info][gc] GC(11) Pause Young (Normal) (G1 Evacuation Pause) 150M->132M(934M) 33.423ms
[3.090s][info][gc] GC(12) Pause Young (Normal) (G1 Evacuation Pause) 172M->152M(934M) 41.388ms
[3.385s][info][gc] GC(13) Pause Young (Concurrent Start) (Metadata GC Threshold) 169M->154M(1261M) 32.853ms
[3.385s][info][gc] GC(14) Concurrent Mark Cycle
[3.552s][info][gc] GC(14) Pause Remark 158M->154M(520M) 5.959ms
[3.641s][info][gc] GC(14) Pause Cleanup 156M->156M(520M) 0.201ms
[3.642s][info][gc] GC(14) Concurrent Mark Cycle 256.867ms
[4.217s][info][gc] GC(15) Pause Young (Prepare Mixed) (G1 Evacuation Pause) 248M->161M(520M) 18.533ms
[6.284s][info][gc] GC(16) Pause Young (Mixed) (G1 Evacuation Pause) 428M->190M(520M) 76.706ms
[6.447s][info][gc] GC(17) Pause Young (Normal) (G1 Evacuation Pause) 316M->239M(520M) 59.429ms
[6.587s][info][gc] GC(18) Pause Young (Concurrent Start) (Metadata GC Threshold) 305M->259M(520M) 47.246ms
[6.587s][info][gc] GC(19) Concurrent Mark Cycle
[6.835s][info][gc] GC(19) Pause Remark 262M->239M(520M) 9.756ms
[6.985s][info][gc] GC(19) Pause Cleanup 240M->240M(520M) 0.343ms
[6.993s][info][gc] GC(19) Concurrent Mark Cycle 406.531ms
[9.100s][info][gc] GC(20) Pause Young (Prepare Mixed) (G1 Evacuation Pause) 384M->261M(520M) 57.865ms
[9.959s][info][gc] GC(21) Pause Young (Mixed) (G1 Evacuation Pause) 415M->240M(520M) 33.559ms
[11.003s][info][gc] GC(22) Pause Young (Mixed) (G1 Evacuation Pause) 417M->244M(520M) 44.616ms
[11.547s][info][gc] GC(23) Pause Young (Concurrent Start) (G1 Humongous Allocation) 396M->248M(520M) 22.330ms
[11.547s][info][gc] GC(24) Concurrent Mark Cycle
[12.112s][info][gc] GC(24) Pause Remark 324M->324M(542M) 15.781ms
[12.320s][info][gc] GC(24) Pause Cleanup 331M->331M(542M) 0.337ms
[12.327s][info][gc] GC(24) Concurrent Mark Cycle 779.829ms
[12.897s][info][gc] GC(25) Pause Young (Prepare Mixed) (G1 Evacuation Pause) 451M->302M(542M) 87.721ms
[13.839s][info][gc] GC(26) Pause Young (Mixed) (G1 Evacuation Pause) 459M->325M(542M) 83.157ms
[13.949s][info][gc] GC(27) Pause Young (Concurrent Start) (G1 Humongous Allocation) 329M->329M(855M) 24.385ms
[13.950s][info][gc] GC(28) Concurrent Undo Cycle
[13.954s][info][gc] GC(28) Concurrent Undo Cycle 4.878ms
[25.230s][info][gc] GC(29) Pause Young (Normal) (G1 Evacuation Pause) 703M->345M(855M) 33.631ms
[28.248s][info][gc] GC(30) Pause Young (Concurrent Start) (G1 Evacuation Pause) 728M->369M(855M) 40.586ms
[28.248s][info][gc] GC(31) Concurrent Mark Cycle
[29.024s][info][gc] GC(31) Pause Remark 457M->413M(855M) 31.031ms
[29.250s][info][gc] GC(31) Pause Cleanup 435M->435M(855M) 0.297ms
[29.256s][info][gc] GC(31) Concurrent Mark Cycle 1007.545ms
[31.434s][info][gc] GC(32) Pause Young (Prepare Mixed) (G1 Evacuation Pause) 698M->336M(855M) 43.309ms
[35.042s][info][gc] GC(33) Pause Young (Mixed) (G1 Evacuation Pause) 744M->314M(855M) 40.938ms
[38.504s][info][gc] GC(34) Pause Young (Concurrent Start) (G1 Evacuation Pause) 766M->334M(855M) 62.203ms
[38.504s][info][gc] GC(35) Concurrent Mark Cycle
[39.241s][info][gc] GC(35) Pause Remark 405M->405M(855M) 32.930ms
[39.618s][info][gc] GC(35) Pause Cleanup 428M->428M(855M) 0.322ms
[39.619s][info][gc] GC(35) Concurrent Mark Cycle 1114.979ms
[41.156s][info][gc] GC(36) Pause Young (Prepare Mixed) (G1 Evacuation Pause) 763M->346M(855M) 40.807ms
[48.895s][info][gc] GC(37) Pause Young (Mixed) (G1 Evacuation Pause) 777M->345M(855M) 59.227ms
[49.509s][info][gc] GC(38) Pause Young (Concurrent Start) (G1 Evacuation Pause) 785M->340M(855M) 16.543ms
[49.509s][info][gc] GC(39) Concurrent Mark Cycle
[49.913s][info][gc] GC(39) Pause Remark 407M->407M(855M) 35.440ms
[50.074s][info][gc] GC(39) Pause Cleanup 407M->407M(855M) 0.354ms
[50.076s][info][gc] GC(39) Concurrent Mark Cycle 566.885ms
[178.831s][info][gc] GC(40) Pause Full (Heap Inspection Initiated GC) 474M->237M(797M) 421.285ms
