2026-09-24T22:17:11.4194569Z Current runner version: '2.337.0'
2026-09-24T22:17:11.4217226Z ##[group]Runner Image Provisioner
2026-09-24T22:17:11.4217939Z Hosted Compute Agent
2026-09-24T22:17:11.4218392Z Version: 20260828.587
2026-09-24T22:17:11.4218858Z Commit: abac92662cab4cc7352de4f9f9d2e2419aad9c29
2026-09-24T22:17:11.4219369Z Build Date: 2026-08-28T16:44:25Z
2026-09-24T22:17:11.4219900Z Worker ID: {21c8fcfe-af79-4be1-810f-22e83539dedf}
2026-09-24T22:17:11.4220412Z Azure Region: centralus
2026-09-24T22:17:11.4220819Z ##[endgroup]
2026-09-24T22:17:11.4221813Z ##[group]Operating System
2026-09-24T22:17:11.4222293Z Ubuntu
2026-09-24T22:17:11.4222681Z 24.04.5
2026-09-24T22:17:11.4223106Z LTS
2026-09-24T22:17:11.4223456Z ##[endgroup]
2026-09-24T22:17:11.4224051Z ##[group]Runner Image
2026-09-24T22:17:11.4224477Z Image: ubuntu-24.04
2026-09-24T22:17:11.4224898Z Version: 20260920.314.1
2026-09-24T22:17:11.4225822Z Included Software: https://github.com/actions/runner-images/blob/ubuntu24/20260920.314/images/ubuntu/Ubuntu2404-Readme.md
2026-09-24T22:17:11.4226910Z Image Release: https://github.com/actions/runner-images/releases/tag/ubuntu24%2F20260920.314
2026-09-24T22:17:11.4227599Z ##[endgroup]
2026-09-24T22:17:11.4228410Z ##[group]GITHUB_TOKEN Permissions
2026-09-24T22:17:11.4230296Z Contents: read
2026-09-24T22:17:11.4230736Z Metadata: read
2026-09-24T22:17:11.4231144Z ##[endgroup]
2026-09-24T22:17:11.4232705Z Secret source: Actions
2026-09-24T22:17:11.4233446Z Cache mode: write
2026-09-24T22:17:11.4234474Z Prepare workflow directory
2026-09-24T22:17:11.4530836Z Prepare all required actions
2026-09-24T22:17:11.4583878Z Getting action download info
2026-09-24T22:17:11.6871187Z Download action repository 'actions/checkout@v4' (SHA:11d5960a326750d5838078e36cf38b85af677262)
2026-09-24T22:17:12.4166401Z Download action repository 'dtolnay/rust-toolchain@stable' (SHA:6bed0761d98439e5a578e2877258200ad565ba87)
2026-09-24T22:17:12.5655611Z Download action repository 'Swatinem/rust-cache@v2' (SHA:6323deb102c322ba6fcbdcafc7e3dddab59af2b6)
2026-09-24T22:17:13.0100148Z Download action repository 'actions/setup-java@v4' (SHA:cf277c60eb25467037889841efdb72551f06f6c3)
2026-09-24T22:17:13.7196139Z Download action repository 'actions/upload-artifact@v4' (SHA:ea165f8d65b6e75b540449e92b4886f43607fa02)
2026-09-24T22:17:14.2371945Z Complete job name: world-bench
2026-09-24T22:17:14.2888395Z ##[group]Run actions/checkout@v4
2026-09-24T22:17:14.2888933Z with:
2026-09-24T22:17:14.2889202Z   repository: PLANETA9091/c-crussty
2026-09-24T22:17:14.2891255Z   token: ***
2026-09-24T22:17:14.2891517Z   ssh-strict: true
2026-09-24T22:17:14.2891773Z   ssh-user: git
2026-09-24T22:17:14.2892054Z   persist-credentials: true
2026-09-24T22:17:14.2892352Z   clean: true
2026-09-24T22:17:14.2892667Z   sparse-checkout-cone-mode: true
2026-09-24T22:17:14.2892972Z   fetch-depth: 1
2026-09-24T22:17:14.2893230Z   fetch-tags: false
2026-09-24T22:17:14.2893497Z   show-progress: true
2026-09-24T22:17:14.2893997Z   lfs: false
2026-09-24T22:17:14.2894279Z   submodules: false
2026-09-24T22:17:14.2894563Z   set-safe-directory: true
2026-09-24T22:17:14.2894836Z   allow-unsafe-pr-checkout: false
2026-09-24T22:17:14.2895302Z ##[endgroup]
2026-09-24T22:17:14.3700183Z Syncing repository: PLANETA9091/c-crussty
2026-09-24T22:17:14.3701529Z ##[group]Getting Git version info
2026-09-24T22:17:14.3702061Z Working directory is '/home/runner/work/c-crussty/c-crussty'
2026-09-24T22:17:14.3702739Z [command]/usr/bin/git version
2026-09-24T22:17:14.7927761Z git version 2.55.0
2026-09-24T22:17:14.7945342Z ##[endgroup]
2026-09-24T22:17:14.7955697Z Temporarily overriding HOME='/home/runner/work/_temp/7be7ec49-ac50-4f7c-92a3-fec4a256f744' before making global git config changes
2026-09-24T22:17:14.7956686Z Adding repository directory to the temporary git global config as a safe directory
2026-09-24T22:17:14.7960650Z [command]/usr/bin/git config --global --add safe.directory /home/runner/work/c-crussty/c-crussty
2026-09-24T22:17:14.8005439Z Deleting the contents of '/home/runner/work/c-crussty/c-crussty'
2026-09-24T22:17:14.8009705Z ##[group]Initializing the repository
2026-09-24T22:17:14.8013542Z [command]/usr/bin/git init /home/runner/work/c-crussty/c-crussty
2026-09-24T22:17:15.0812272Z hint: Using 'master' as the name for the initial branch. This default branch name
2026-09-24T22:17:15.0813444Z hint: will change to "main" in Git 3.0. To configure the initial branch name
2026-09-24T22:17:15.0814500Z hint: to use in all of your new repositories, which will suppress this warning,
2026-09-24T22:17:15.0815117Z hint: call:
2026-09-24T22:17:15.0815585Z hint:
2026-09-24T22:17:15.0816133Z hint: 	git config --global init.defaultBranch <name>
2026-09-24T22:17:15.0816643Z hint:
2026-09-24T22:17:15.0817100Z hint: Names commonly chosen instead of 'master' are 'main', 'trunk' and
2026-09-24T22:17:15.0817769Z hint: 'development'. The just-created branch can be renamed via this command:
2026-09-24T22:17:15.0818373Z hint:
2026-09-24T22:17:15.0818751Z hint: 	git branch -m <name>
2026-09-24T22:17:15.0819122Z hint:
2026-09-24T22:17:15.0819625Z hint: Disable this message with "git config set advice.defaultBranchName false"
2026-09-24T22:17:15.0820647Z Initialized empty Git repository in /home/runner/work/c-crussty/c-crussty/.git/
2026-09-24T22:17:15.0822859Z [command]/usr/bin/git remote add origin https://github.com/PLANETA9091/c-crussty
2026-09-24T22:17:15.0868667Z ##[endgroup]
2026-09-24T22:17:15.0869307Z ##[group]Disabling automatic garbage collection
2026-09-24T22:17:15.0872567Z [command]/usr/bin/git config --local gc.auto 0
2026-09-24T22:17:15.0899204Z ##[endgroup]
2026-09-24T22:17:15.0899800Z ##[group]Setting up auth
2026-09-24T22:17:15.0905334Z [command]/usr/bin/git config --local --name-only --get-regexp core\.sshCommand
2026-09-24T22:17:15.0929860Z [command]/usr/bin/git submodule foreach --recursive sh -c "git config --local --name-only --get-regexp 'core\.sshCommand' && git config --local --unset-all 'core.sshCommand' || :"
2026-09-24T22:17:15.2056491Z [command]/usr/bin/git config --local --name-only --get-regexp http\.https\:\/\/github\.com\/\.extraheader
2026-09-24T22:17:15.2087359Z [command]/usr/bin/git submodule foreach --recursive sh -c "git config --local --name-only --get-regexp 'http\.https\:\/\/github\.com\/\.extraheader' && git config --local --unset-all 'http.https://github.com/.extraheader' || :"
2026-09-24T22:17:15.2254589Z [command]/usr/bin/git config --local --name-only --get-regexp ^includeIf\.gitdir:
2026-09-24T22:17:15.2280425Z [command]/usr/bin/git submodule foreach --recursive git config --local --show-origin --name-only --get-regexp remote.origin.url
2026-09-24T22:17:15.2443258Z [command]/usr/bin/git config --local http.https://github.com/.extraheader AUTHORIZATION: basic ***
2026-09-24T22:17:15.2477532Z ##[endgroup]
2026-09-24T22:17:15.2478103Z ##[group]Fetching the repository
2026-09-24T22:17:15.2486779Z [command]/usr/bin/git -c protocol.version=2 fetch --no-tags --prune --no-recurse-submodules --depth=1 origin +d02a29777eda74eb9e9d48430ee382baa59147e3:refs/remotes/origin/round-450-anchor-48
2026-09-24T22:17:18.1487719Z From https://github.com/PLANETA9091/c-crussty
2026-09-24T22:17:18.1488543Z  * [new ref]         d02a29777eda74eb9e9d48430ee382baa59147e3 -> origin/round-450-anchor-48
2026-09-24T22:17:18.1491344Z ##[endgroup]
2026-09-24T22:17:18.1491818Z ##[group]Determining the checkout info
2026-09-24T22:17:18.1493921Z ##[endgroup]
2026-09-24T22:17:18.1499101Z [command]/usr/bin/git sparse-checkout disable
2026-09-24T22:17:18.1546200Z [command]/usr/bin/git config --local --unset-all extensions.worktreeConfig
2026-09-24T22:17:18.1572923Z ##[group]Checking out the ref
2026-09-24T22:17:18.1577123Z [command]/usr/bin/git checkout --progress --force -B round-450-anchor-48 refs/remotes/origin/round-450-anchor-48
2026-09-24T22:17:19.3057528Z Switched to a new branch 'round-450-anchor-48'
2026-09-24T22:17:19.3061671Z branch 'round-450-anchor-48' set up to track 'origin/round-450-anchor-48'.
2026-09-24T22:17:19.3089701Z ##[endgroup]
2026-09-24T22:17:19.3127599Z [command]/usr/bin/git log -1 --format=%H
2026-09-24T22:17:19.3147769Z d02a29777eda74eb9e9d48430ee382baa59147e3
2026-09-24T22:17:19.4177100Z ##[group]Run set -euo pipefail
2026-09-24T22:17:19.4177482Z [36;1mset -euo pipefail[0m
2026-09-24T22:17:19.4177692Z [36;1mIDX=$(python3 -c '[0m
2026-09-24T22:17:19.4177876Z [36;1mimport time[0m
2026-09-24T22:17:19.4178068Z [36;1mt=time.time(); x=1[0m
2026-09-24T22:17:19.4178265Z [36;1mfor _ in range(6000000):[0m
2026-09-24T22:17:19.4178526Z [36;1m    x=(x*1103515245+12345)&0x7fffffff[0m
2026-09-24T22:17:19.4178788Z [36;1mprint(f"{6000000/(time.time()-t):.0f}")')[0m
2026-09-24T22:17:19.4179052Z [36;1mecho "runner_cpu_index=$IDX band=[6000000,9500000]"[0m
2026-09-24T22:17:19.4179347Z [36;1mif [ "$IDX" -lt "6000000" ] || [ "$IDX" -gt "9500000" ]; then[0m
2026-09-24T22:17:19.4179843Z [36;1m  echo "::notice::runner_cpu_index=$IDX OUTSIDE band — fast-fail pre-download (pairing discard, not a bench failure)"[0m
2026-09-24T22:17:19.4180225Z [36;1m  exit 1[0m
2026-09-24T22:17:19.4180391Z [36;1mfi[0m
2026-09-24T22:17:19.7380746Z shell: /usr/bin/bash -e {0}
2026-09-24T22:17:19.7381184Z ##[endgroup]
2026-09-24T22:17:20.3405577Z runner_cpu_index=11224320 band=[6000000,9500000]
2026-09-24T22:17:20.3424972Z ##[notice]runner_cpu_index=11224320 OUTSIDE band — fast-fail pre-download (pairing discard, not a bench failure)
2026-09-24T22:17:20.3435122Z ##[error]Process completed with exit code 1.
2026-09-24T22:17:20.3581774Z ##[group]Run actions/upload-artifact@v4
2026-09-24T22:17:20.3582074Z with:
2026-09-24T22:17:20.3582309Z   name: world3-bench
2026-09-24T22:17:20.3583566Z   path: world3-run/BOTTLENECKS_3.md
world3-run/cpu-collapsed.txt
world3-run/wall-collapsed.txt
world3-run/alloc-collapsed.txt
world3-run/cpu-flamegraph.html
world3-run/server-stdout.log
world3-run/gc.log
world3-run/remset.log
world3-run/refine.log
world3-run/recon.jfr
world3-run/ap.log
world3-run/run-env.txt
world3-run/pclip-materialize.log
world3-run/chunk-parse-diag.txt
world3-run/entity-recon.txt
world3-run/patched-kernel.jar
world3-run/spark-report/

2026-09-24T22:17:20.3585102Z   if-no-files-found: warn
2026-09-24T22:17:20.3585316Z   compression-level: 6
2026-09-24T22:17:20.3585545Z   overwrite: false
2026-09-24T22:17:20.3585744Z   include-hidden-files: false
2026-09-24T22:17:20.3585993Z ##[endgroup]
2026-09-24T22:17:20.4864199Z (node:2025) [DEP0040] DeprecationWarning: The `punycode` module is deprecated. Please use a userland alternative instead.
2026-09-24T22:17:20.4865050Z (Use `node --trace-deprecation ...` to show where the warning was created)
2026-09-24T22:17:20.4922983Z Multiple search paths detected. Calculating the least common ancestor of all paths
2026-09-24T22:17:20.4927985Z The least common ancestor is /home/runner/work/c-crussty/c-crussty/world3-run. This will be the root directory of the artifact
2026-09-24T22:17:20.4937154Z ##[warning]No files were found with the provided path: world3-run/BOTTLENECKS_3.md
world3-run/cpu-collapsed.txt
world3-run/wall-collapsed.txt
world3-run/alloc-collapsed.txt
world3-run/cpu-flamegraph.html
world3-run/server-stdout.log
world3-run/gc.log
world3-run/remset.log
world3-run/refine.log
world3-run/recon.jfr
world3-run/ap.log
world3-run/run-env.txt
world3-run/pclip-materialize.log
world3-run/chunk-parse-diag.txt
world3-run/entity-recon.txt
world3-run/patched-kernel.jar
world3-run/spark-report/. No artifacts will be uploaded.
2026-09-24T22:17:20.6456712Z Post job cleanup.
2026-09-24T22:17:20.7116843Z [command]/usr/bin/git version
2026-09-24T22:17:20.7147331Z git version 2.55.0
2026-09-24T22:17:20.7182024Z Temporarily overriding HOME='/home/runner/work/_temp/8983a1bc-c513-4f6b-97fb-c272a0266283' before making global git config changes
2026-09-24T22:17:20.7182569Z Adding repository directory to the temporary git global config as a safe directory
2026-09-24T22:17:20.7188078Z [command]/usr/bin/git config --global --add safe.directory /home/runner/work/c-crussty/c-crussty
2026-09-24T22:17:20.7604663Z [command]/usr/bin/git config --local --name-only --get-regexp core\.sshCommand
2026-09-24T22:17:20.7640267Z [command]/usr/bin/git submodule foreach --recursive sh -c "git config --local --name-only --get-regexp 'core\.sshCommand' && git config --local --unset-all 'core.sshCommand' || :"
2026-09-24T22:17:20.7829694Z [command]/usr/bin/git config --local --name-only --get-regexp http\.https\:\/\/github\.com\/\.extraheader
2026-09-24T22:17:20.7855151Z http.https://github.com/.extraheader
2026-09-24T22:17:20.7862448Z [command]/usr/bin/git config --local --unset-all http.https://github.com/.extraheader
2026-09-24T22:17:21.0524219Z [command]/usr/bin/git submodule foreach --recursive sh -c "git config --local --name-only --get-regexp 'http\.https\:\/\/github\.com\/\.extraheader' && git config --local --unset-all 'http.https://github.com/.extraheader' || :"
2026-09-24T22:17:21.0716961Z [command]/usr/bin/git config --local --name-only --get-regexp ^includeIf\.gitdir:
2026-09-24T22:17:21.0748232Z [command]/usr/bin/git submodule foreach --recursive git config --local --show-origin --name-only --get-regexp remote.origin.url
2026-09-24T22:17:21.1032303Z Cleaning up orphan processes
2026-09-24T22:17:21.1208474Z ##[warning]Node.js 20 is deprecated. The following actions target Node.js 20 but are being forced to run on Node.js 24: actions/checkout@v4, actions/upload-artifact@v4. For more information see: https://github.blog/changelog/2025-09-19-deprecation-of-node-20-on-github-actions-runners/
