[2026-09-21T23:22:36.562+0000][0.006s][info][gc,init] CardTable entry size: 512
[2026-09-21T23:22:36.563+0000][0.006s][info][gc     ] Using Parallel
[2026-09-21T23:22:36.585+0000][0.029s][info][gc,init] Version: 21.0.12.1+1-LTS (release)
[2026-09-21T23:22:36.585+0000][0.029s][info][gc,init] CPUs: 4 total, 4 available
[2026-09-21T23:22:36.585+0000][0.029s][info][gc,init] Memory: 15993M
[2026-09-21T23:22:36.585+0000][0.029s][info][gc,init] Large Page Support: Disabled
[2026-09-21T23:22:36.585+0000][0.029s][info][gc,init] NUMA Support: Disabled
[2026-09-21T23:22:36.585+0000][0.029s][info][gc,init] Compressed Oops: Enabled (Zero based)
[2026-09-21T23:22:36.586+0000][0.029s][info][gc,init] Alignments: Space 512K, Generation 512K, Heap 2M
[2026-09-21T23:22:36.586+0000][0.029s][info][gc,init] Heap Min Capacity: 4G
[2026-09-21T23:22:36.586+0000][0.029s][info][gc,init] Heap Initial Capacity: 4G
[2026-09-21T23:22:36.586+0000][0.029s][info][gc,init] Heap Max Capacity: 10G
[2026-09-21T23:22:36.586+0000][0.029s][info][gc,init] Pre-touch: Disabled
[2026-09-21T23:22:36.586+0000][0.029s][info][gc,init] Parallel Workers: 4
[2026-09-21T23:22:36.594+0000][0.038s][info][gc,metaspace] CDS archive(s) mapped at: [0x00007fc141000000-0x00007fc141c9c000-0x00007fc141c9c000), size 13221888, SharedBaseAddress: 0x00007fc141000000, ArchiveRelocationMode: 1.
[2026-09-21T23:22:36.594+0000][0.038s][info][gc,metaspace] Compressed class space mapped at: 0x00007fc142000000-0x00007fc182000000, reserved size: 1073741824
[2026-09-21T23:22:36.594+0000][0.038s][info][gc,metaspace] Narrow klass base: 0x00007fc141000000, Narrow klass shift: 0, Narrow klass range: 0x100000000
[2026-09-21T23:22:39.060+0000][2.504s][info][gc,start    ] GC(0) Pause Young (Metadata GC Threshold)
[2026-09-21T23:22:39.066+0000][2.509s][info][gc,heap     ] GC(0) PSYoungGen: 919414K(1223168K)->12656K(1223168K) Eden: 919414K(1048576K)->0K(1048576K) From: 0K(174592K)->12656K(174592K)
[2026-09-21T23:22:39.066+0000][2.510s][info][gc,heap     ] GC(0) ParOldGen: 1073K(2796544K)->1145K(2796544K)
[2026-09-21T23:22:39.066+0000][2.510s][info][gc,metaspace] GC(0) Metaspace: 21076K(21504K)->21076K(21504K) NonClass: 18702K(18944K)->18702K(18944K) Class: 2374K(2560K)->2374K(2560K)
[2026-09-21T23:22:39.066+0000][2.510s][info][gc          ] GC(0) Pause Young (Metadata GC Threshold) 898M->13M(3925M) 5.878ms
[2026-09-21T23:22:39.066+0000][2.510s][info][gc,cpu      ] GC(0) User=0.02s Sys=0.01s Real=0.00s
[2026-09-21T23:22:39.066+0000][2.510s][info][gc,start    ] GC(1) Pause Full (Metadata GC Threshold)
[2026-09-21T23:22:39.066+0000][2.510s][info][gc,phases,start] GC(1) Marking Phase
[2026-09-21T23:22:39.073+0000][2.517s][info][gc,phases      ] GC(1) Marking Phase 7.094ms
[2026-09-21T23:22:39.073+0000][2.517s][info][gc,phases,start] GC(1) Summary Phase
[2026-09-21T23:22:39.073+0000][2.517s][info][gc,phases      ] GC(1) Summary Phase 0.008ms
[2026-09-21T23:22:39.073+0000][2.517s][info][gc,phases,start] GC(1) Adjust Roots
[2026-09-21T23:22:39.076+0000][2.519s][info][gc,phases      ] GC(1) Adjust Roots 2.530ms
[2026-09-21T23:22:39.076+0000][2.519s][info][gc,phases,start] GC(1) Compaction Phase
[2026-09-21T23:22:39.082+0000][2.526s][info][gc,phases      ] GC(1) Compaction Phase 6.884ms
[2026-09-21T23:22:39.082+0000][2.526s][info][gc,phases,start] GC(1) Post Compact
[2026-09-21T23:22:39.084+0000][2.527s][info][gc,phases      ] GC(1) Post Compact 1.148ms
[2026-09-21T23:22:39.084+0000][2.527s][info][gc,heap        ] GC(1) PSYoungGen: 12656K(1223168K)->0K(1223168K) Eden: 0K(1048576K)->0K(1048576K) From: 12656K(174592K)->0K(174592K)
[2026-09-21T23:22:39.084+0000][2.527s][info][gc,heap        ] GC(1) ParOldGen: 1145K(2796544K)->13573K(2796544K)
[2026-09-21T23:22:39.084+0000][2.527s][info][gc,metaspace   ] GC(1) Metaspace: 21076K(21504K)->21076K(21504K) NonClass: 18702K(18944K)->18702K(18944K) Class: 2374K(2560K)->2374K(2560K)
[2026-09-21T23:22:39.084+0000][2.527s][info][gc             ] GC(1) Pause Full (Metadata GC Threshold) 13M->13M(3925M) 17.762ms
[2026-09-21T23:22:39.084+0000][2.527s][info][gc,cpu         ] GC(1) User=0.05s Sys=0.00s Real=0.02s
[2026-09-21T23:22:40.194+0000][3.638s][info][gc,start       ] GC(2) Pause Young (Metadata GC Threshold)
[2026-09-21T23:22:40.216+0000][3.659s][info][gc,heap        ] GC(2) PSYoungGen: 454699K(1223168K)->50969K(1223168K) Eden: 454699K(1048576K)->0K(1048576K) From: 0K(174592K)->50969K(174592K)
[2026-09-21T23:22:40.216+0000][3.659s][info][gc,heap        ] GC(2) ParOldGen: 13573K(2796544K)->13581K(2796544K)
[2026-09-21T23:22:40.216+0000][3.659s][info][gc,metaspace   ] GC(2) Metaspace: 35374K(35840K)->35374K(35840K) NonClass: 31286K(31552K)->31286K(31552K) Class: 4088K(4288K)->4088K(4288K)
[2026-09-21T23:22:40.216+0000][3.659s][info][gc             ] GC(2) Pause Young (Metadata GC Threshold) 457M->63M(3925M) 21.844ms
[2026-09-21T23:22:40.216+0000][3.659s][info][gc,cpu         ] GC(2) User=0.07s Sys=0.02s Real=0.02s
[2026-09-21T23:22:40.216+0000][3.659s][info][gc,start       ] GC(3) Pause Full (Metadata GC Threshold)
[2026-09-21T23:22:40.216+0000][3.660s][info][gc,phases,start] GC(3) Marking Phase
[2026-09-21T23:22:40.237+0000][3.681s][info][gc,phases      ] GC(3) Marking Phase 21.520ms
[2026-09-21T23:22:40.237+0000][3.681s][info][gc,phases,start] GC(3) Summary Phase
[2026-09-21T23:22:40.237+0000][3.681s][info][gc,phases      ] GC(3) Summary Phase 0.014ms
[2026-09-21T23:22:40.237+0000][3.681s][info][gc,phases,start] GC(3) Adjust Roots
[2026-09-21T23:22:40.240+0000][3.684s][info][gc,phases      ] GC(3) Adjust Roots 3.056ms
[2026-09-21T23:22:40.240+0000][3.684s][info][gc,phases,start] GC(3) Compaction Phase
[2026-09-21T23:22:40.278+0000][3.722s][info][gc,phases      ] GC(3) Compaction Phase 37.748ms
[2026-09-21T23:22:40.278+0000][3.722s][info][gc,phases,start] GC(3) Post Compact
[2026-09-21T23:22:40.279+0000][3.723s][info][gc,phases      ] GC(3) Post Compact 0.914ms
[2026-09-21T23:22:40.279+0000][3.723s][info][gc,heap        ] GC(3) PSYoungGen: 50969K(1223168K)->0K(1223168K) Eden: 0K(1048576K)->0K(1048576K) From: 50969K(174592K)->0K(174592K)
[2026-09-21T23:22:40.279+0000][3.723s][info][gc,heap        ] GC(3) ParOldGen: 13581K(2796544K)->64204K(2796544K)
[2026-09-21T23:22:40.279+0000][3.723s][info][gc,metaspace   ] GC(3) Metaspace: 35374K(35840K)->35374K(35840K) NonClass: 31286K(31552K)->31286K(31552K) Class: 4088K(4288K)->4088K(4288K)
[2026-09-21T23:22:40.279+0000][3.723s][info][gc             ] GC(3) Pause Full (Metadata GC Threshold) 63M->62M(3925M) 63.379ms
[2026-09-21T23:22:40.279+0000][3.723s][info][gc,cpu         ] GC(3) User=0.21s Sys=0.00s Real=0.07s
[2026-09-21T23:22:42.064+0000][5.508s][info][gc,start       ] GC(4) Pause Young (Metadata GC Threshold)
[2026-09-21T23:22:42.088+0000][5.532s][info][gc,heap        ] GC(4) PSYoungGen: 362763K(1223168K)->42994K(1223168K) Eden: 362763K(1048576K)->0K(1048576K) From: 0K(174592K)->42994K(174592K)
[2026-09-21T23:22:42.088+0000][5.532s][info][gc,heap        ] GC(4) ParOldGen: 64204K(2796544K)->64212K(2796544K)
[2026-09-21T23:22:42.088+0000][5.532s][info][gc,metaspace   ] GC(4) Metaspace: 59081K(59776K)->59081K(59776K) NonClass: 50521K(50944K)->50521K(50944K) Class: 8559K(8832K)->8559K(8832K)
[2026-09-21T23:22:42.088+0000][5.532s][info][gc             ] GC(4) Pause Young (Metadata GC Threshold) 416M->104M(3925M) 23.963ms
[2026-09-21T23:22:42.088+0000][5.532s][info][gc,cpu         ] GC(4) User=0.07s Sys=0.02s Real=0.02s
[2026-09-21T23:22:42.088+0000][5.532s][info][gc,start       ] GC(5) Pause Full (Metadata GC Threshold)
[2026-09-21T23:22:42.088+0000][5.532s][info][gc,phases,start] GC(5) Marking Phase
[2026-09-21T23:22:42.127+0000][5.570s][info][gc,phases      ] GC(5) Marking Phase 38.539ms
[2026-09-21T23:22:42.127+0000][5.570s][info][gc,phases,start] GC(5) Summary Phase
[2026-09-21T23:22:42.127+0000][5.570s][info][gc,phases      ] GC(5) Summary Phase 0.007ms
[2026-09-21T23:22:42.127+0000][5.570s][info][gc,phases,start] GC(5) Adjust Roots
[2026-09-21T23:22:42.132+0000][5.576s][info][gc,phases      ] GC(5) Adjust Roots 5.490ms
[2026-09-21T23:22:42.132+0000][5.576s][info][gc,phases,start] GC(5) Compaction Phase
[2026-09-21T23:22:42.207+0000][5.650s][info][gc,phases      ] GC(5) Compaction Phase 74.395ms
[2026-09-21T23:22:42.207+0000][5.650s][info][gc,phases,start] GC(5) Post Compact
[2026-09-21T23:22:42.208+0000][5.652s][info][gc,phases      ] GC(5) Post Compact 1.124ms
[2026-09-21T23:22:42.208+0000][5.652s][info][gc,heap        ] GC(5) PSYoungGen: 42994K(1223168K)->0K(1223168K) Eden: 0K(1048576K)->0K(1048576K) From: 42994K(174592K)->0K(174592K)
[2026-09-21T23:22:42.208+0000][5.652s][info][gc,heap        ] GC(5) ParOldGen: 64212K(2796544K)->103046K(2796544K)
[2026-09-21T23:22:42.208+0000][5.652s][info][gc,metaspace   ] GC(5) Metaspace: 59081K(59776K)->59081K(59776K) NonClass: 50521K(50944K)->50521K(50944K) Class: 8559K(8832K)->8559K(8832K)
[2026-09-21T23:22:42.208+0000][5.652s][info][gc             ] GC(5) Pause Full (Metadata GC Threshold) 104M->100M(3925M) 119.703ms
[2026-09-21T23:22:42.208+0000][5.652s][info][gc,cpu         ] GC(5) User=0.43s Sys=0.00s Real=0.12s
[2026-09-21T23:22:45.644+0000][9.088s][info][gc,start       ] GC(6) Pause Young (Metadata GC Threshold)
[2026-09-21T23:22:45.737+0000][9.181s][info][gc,heap        ] GC(6) PSYoungGen: 740597K(1223168K)->174590K(1223168K) Eden: 740597K(1048576K)->0K(1048576K) From: 0K(174592K)->174590K(174592K)
[2026-09-21T23:22:45.737+0000][9.181s][info][gc,heap        ] GC(6) ParOldGen: 103046K(2796544K)->105454K(2796544K)
[2026-09-21T23:22:45.737+0000][9.181s][info][gc,metaspace   ] GC(6) Metaspace: 98796K(99648K)->98796K(99648K) NonClass: 84847K(85312K)->84847K(85312K) Class: 13949K(14336K)->13949K(14336K)
[2026-09-21T23:22:45.737+0000][9.181s][info][gc             ] GC(6) Pause Young (Metadata GC Threshold) 823M->273M(3925M) 93.304ms
[2026-09-21T23:22:45.737+0000][9.181s][info][gc,cpu         ] GC(6) User=0.32s Sys=0.06s Real=0.09s
[2026-09-21T23:22:45.737+0000][9.181s][info][gc,start       ] GC(7) Pause Full (Metadata GC Threshold)
[2026-09-21T23:22:45.738+0000][9.181s][info][gc,phases,start] GC(7) Marking Phase
[2026-09-21T23:22:45.845+0000][9.288s][info][gc,phases      ] GC(7) Marking Phase 107.081ms
[2026-09-21T23:22:45.845+0000][9.288s][info][gc,phases,start] GC(7) Summary Phase
[2026-09-21T23:22:45.845+0000][9.288s][info][gc,phases      ] GC(7) Summary Phase 0.026ms
[2026-09-21T23:22:45.845+0000][9.288s][info][gc,phases,start] GC(7) Adjust Roots
[2026-09-21T23:22:45.853+0000][9.297s][info][gc,phases      ] GC(7) Adjust Roots 8.393ms
[2026-09-21T23:22:45.853+0000][9.297s][info][gc,phases,start] GC(7) Compaction Phase
[2026-09-21T23:22:46.161+0000][9.604s][info][gc,phases      ] GC(7) Compaction Phase 307.667ms
[2026-09-21T23:22:46.161+0000][9.604s][info][gc,phases,start] GC(7) Post Compact
[2026-09-21T23:22:46.162+0000][9.606s][info][gc,phases      ] GC(7) Post Compact 1.629ms
[2026-09-21T23:22:46.162+0000][9.606s][info][gc,heap        ] GC(7) PSYoungGen: 174590K(1223168K)->0K(1223168K) Eden: 0K(1048576K)->0K(1048576K) From: 174590K(174592K)->0K(174592K)
[2026-09-21T23:22:46.162+0000][9.606s][info][gc,heap        ] GC(7) ParOldGen: 105454K(2796544K)->278442K(2796544K)
[2026-09-21T23:22:46.162+0000][9.606s][info][gc,metaspace   ] GC(7) Metaspace: 98796K(99648K)->98796K(99648K) NonClass: 84847K(85312K)->84847K(85312K) Class: 13949K(14336K)->13949K(14336K)
[2026-09-21T23:22:46.162+0000][9.606s][info][gc             ] GC(7) Pause Full (Metadata GC Threshold) 273M->271M(3925M) 424.933ms
[2026-09-21T23:22:46.162+0000][9.606s][info][gc,cpu         ] GC(7) User=1.57s Sys=0.01s Real=0.43s
[2026-09-21T23:22:49.628+0000][13.071s][info][gc,start       ] GC(8) Pause Young (Allocation Failure)
[2026-09-21T23:22:49.659+0000][13.102s][info][gc,heap        ] GC(8) PSYoungGen: 1048576K(1223168K)->45287K(1223168K) Eden: 1048576K(1048576K)->0K(1048576K) From: 0K(174592K)->45287K(174592K)
[2026-09-21T23:22:49.659+0000][13.102s][info][gc,heap        ] GC(8) ParOldGen: 278442K(2796544K)->278450K(2796544K)
[2026-09-21T23:22:49.659+0000][13.102s][info][gc,metaspace   ] GC(8) Metaspace: 119841K(120832K)->119841K(120832K) NonClass: 102608K(103168K)->102608K(103168K) Class: 17232K(17664K)->17232K(17664K)
[2026-09-21T23:22:49.659+0000][13.102s][info][gc             ] GC(8) Pause Young (Allocation Failure) 1295M->316M(3925M) 30.973ms
[2026-09-21T23:22:49.659+0000][13.102s][info][gc,cpu         ] GC(8) User=0.10s Sys=0.00s Real=0.04s
[2026-09-21T23:22:56.402+0000][19.846s][info][gc,start       ] GC(9) Pause Young (Allocation Failure)
[2026-09-21T23:22:56.464+0000][19.908s][info][gc,heap        ] GC(9) PSYoungGen: 1093863K(1223168K)->126973K(2235904K) Eden: 1048576K(1048576K)->0K(2077696K) From: 45287K(174592K)->126973K(158208K)
[2026-09-21T23:22:56.464+0000][19.908s][info][gc,heap        ] GC(9) ParOldGen: 278450K(2796544K)->278490K(2796544K)
[2026-09-21T23:22:56.464+0000][19.908s][info][gc,metaspace   ] GC(9) Metaspace: 149923K(151232K)->149923K(151232K) NonClass: 125515K(126272K)->125515K(126272K) Class: 24407K(24960K)->24407K(24960K)
[2026-09-21T23:22:56.464+0000][19.908s][info][gc             ] GC(9) Pause Young (Allocation Failure) 1340M->395M(4914M) 62.514ms
[2026-09-21T23:22:56.464+0000][19.908s][info][gc,cpu         ] GC(9) User=0.22s Sys=0.03s Real=0.06s
[2026-09-21T23:22:57.202+0000][20.646s][info][gc,start       ] GC(10) Pause Young (CodeCache GC Threshold)
[2026-09-21T23:22:57.260+0000][20.704s][info][gc,heap        ] GC(10) PSYoungGen: 347435K(2235904K)->144029K(2255360K) Eden: 220462K(2077696K)->0K(2077696K) From: 126973K(158208K)->144029K(177664K)
[2026-09-21T23:22:57.260+0000][20.704s][info][gc,heap        ] GC(10) ParOldGen: 278490K(2796544K)->278506K(2796544K)
[2026-09-21T23:22:57.260+0000][20.704s][info][gc,metaspace   ] GC(10) Metaspace: 150633K(151872K)->150633K(151872K) NonClass: 126138K(126848K)->126138K(126848K) Class: 24494K(25024K)->24494K(25024K)
[2026-09-21T23:22:57.260+0000][20.704s][info][gc             ] GC(10) Pause Young (CodeCache GC Threshold) 611M->412M(4933M) 58.316ms
[2026-09-21T23:22:57.260+0000][20.704s][info][gc,cpu         ] GC(10) User=0.18s Sys=0.05s Real=0.06s
[2026-09-21T23:22:57.260+0000][20.704s][info][gc,start       ] GC(11) Pause Full (CodeCache GC Threshold)
[2026-09-21T23:22:57.260+0000][20.704s][info][gc,phases,start] GC(11) Marking Phase
[2026-09-21T23:22:57.427+0000][20.870s][info][gc,phases      ] GC(11) Marking Phase 166.339ms
[2026-09-21T23:22:57.427+0000][20.870s][info][gc,phases,start] GC(11) Summary Phase
[2026-09-21T23:22:57.427+0000][20.870s][info][gc,phases      ] GC(11) Summary Phase 0.026ms
[2026-09-21T23:22:57.427+0000][20.870s][info][gc,phases,start] GC(11) Adjust Roots
[2026-09-21T23:22:57.448+0000][20.892s][info][gc,phases      ] GC(11) Adjust Roots 21.262ms
[2026-09-21T23:22:57.448+0000][20.892s][info][gc,phases,start] GC(11) Compaction Phase
[2026-09-21T23:22:57.799+0000][21.243s][info][gc,phases      ] GC(11) Compaction Phase 351.371ms
[2026-09-21T23:22:57.799+0000][21.243s][info][gc,phases,start] GC(11) Post Compact
[2026-09-21T23:22:57.805+0000][21.249s][info][gc,phases      ] GC(11) Post Compact 5.708ms
[2026-09-21T23:22:57.805+0000][21.249s][info][gc,heap        ] GC(11) PSYoungGen: 144029K(2255360K)->0K(2255360K) Eden: 0K(2077696K)->0K(2077696K) From: 144029K(177664K)->0K(177664K)
[2026-09-21T23:22:57.805+0000][21.249s][info][gc,heap        ] GC(11) ParOldGen: 278506K(2796544K)->382971K(2796544K)
[2026-09-21T23:22:57.805+0000][21.249s][info][gc,metaspace   ] GC(11) Metaspace: 150633K(151872K)->150567K(151872K) NonClass: 126138K(126848K)->126089K(126848K) Class: 24494K(25024K)->24478K(25024K)
[2026-09-21T23:22:57.805+0000][21.249s][info][gc             ] GC(11) Pause Full (CodeCache GC Threshold) 412M->373M(4933M) 544.878ms
[2026-09-21T23:22:57.805+0000][21.249s][info][gc,cpu         ] GC(11) User=1.97s Sys=0.01s Real=0.54s
[2026-09-21T23:23:01.943+0000][25.387s][info][gc,start       ] GC(12) Pause Young (Allocation Failure)
[2026-09-21T23:23:02.045+0000][25.488s][info][gc,heap        ] GC(12) PSYoungGen: 2077696K(2255360K)->197631K(2224640K) Eden: 2077696K(2077696K)->0K(2027008K) From: 0K(177664K)->197631K(197632K)
[2026-09-21T23:23:02.045+0000][25.489s][info][gc,heap        ] GC(12) ParOldGen: 382971K(2796544K)->461244K(2796544K)
[2026-09-21T23:23:02.045+0000][25.489s][info][gc,metaspace   ] GC(12) Metaspace: 152685K(154048K)->152685K(154048K) NonClass: 127884K(128704K)->127884K(128704K) Class: 24800K(25344K)->24800K(25344K)
[2026-09-21T23:23:02.045+0000][25.489s][info][gc             ] GC(12) Pause Young (Allocation Failure) 2402M->643M(4903M) 101.802ms
[2026-09-21T23:23:02.045+0000][25.489s][info][gc,cpu         ] GC(12) User=0.36s Sys=0.04s Real=0.10s
[2026-09-21T23:23:06.319+0000][29.763s][info][gc,start       ] GC(13) Pause Young (Allocation Failure)
[2026-09-21T23:23:06.401+0000][29.844s][info][gc,heap        ] GC(13) PSYoungGen: 2224639K(2224640K)->267772K(2294784K) Eden: 2027008K(2027008K)->0K(2027008K) From: 197631K(197632K)->267772K(267776K)
[2026-09-21T23:23:06.401+0000][29.844s][info][gc,heap        ] GC(13) ParOldGen: 461244K(2796544K)->545953K(2796544K)
[2026-09-21T23:23:06.401+0000][29.844s][info][gc,metaspace   ] GC(13) Metaspace: 153349K(154816K)->153349K(154816K) NonClass: 128446K(129280K)->128446K(129280K) Class: 24903K(25536K)->24903K(25536K)
[2026-09-21T23:23:06.401+0000][29.844s][info][gc             ] GC(13) Pause Young (Allocation Failure) 2622M->794M(4972M) 81.693ms
[2026-09-21T23:23:06.401+0000][29.844s][info][gc,cpu         ] GC(13) User=0.29s Sys=0.04s Real=0.08s
[2026-09-21T23:23:09.910+0000][33.354s][info][gc,start       ] GC(14) Pause Young (Allocation Failure)
[2026-09-21T23:23:10.009+0000][33.453s][info][gc,heap        ] GC(14) PSYoungGen: 2294780K(2294784K)->243320K(3108352K) Eden: 2027008K(2027008K)->0K(2759680K) From: 267772K(267776K)->243320K(348672K)
[2026-09-21T23:23:10.009+0000][33.453s][info][gc,heap        ] GC(14) ParOldGen: 545953K(2796544K)->711473K(2796544K)
[2026-09-21T23:23:10.009+0000][33.453s][info][gc,metaspace   ] GC(14) Metaspace: 154047K(155520K)->154047K(155520K) NonClass: 129057K(129920K)->129057K(129920K) Class: 24989K(25600K)->24989K(25600K)
[2026-09-21T23:23:10.009+0000][33.453s][info][gc             ] GC(14) Pause Young (Allocation Failure) 2774M->932M(5766M) 98.509ms
[2026-09-21T23:23:10.009+0000][33.453s][info][gc,cpu         ] GC(14) User=0.32s Sys=0.07s Real=0.10s
[2026-09-21T23:23:14.863+0000][38.307s][info][gc,start       ] GC(15) Pause Young (Allocation Failure)
[2026-09-21T23:23:14.961+0000][38.405s][info][gc,heap        ] GC(15) PSYoungGen: 3003000K(3108352K)->162753K(3127296K) Eden: 2759680K(2759680K)->0K(2759680K) From: 243320K(348672K)->162753K(367616K)
[2026-09-21T23:23:14.961+0000][38.405s][info][gc,heap        ] GC(15) ParOldGen: 711473K(2796544K)->969390K(2796544K)
[2026-09-21T23:23:14.961+0000][38.405s][info][gc,metaspace   ] GC(15) Metaspace: 154610K(156032K)->154610K(156032K) NonClass: 129562K(130368K)->129562K(130368K) Class: 25047K(25664K)->25047K(25664K)
[2026-09-21T23:23:14.961+0000][38.405s][info][gc             ] GC(15) Pause Young (Allocation Failure) 3627M->1105M(5785M) 98.101ms
[2026-09-21T23:23:14.961+0000][38.405s][info][gc,cpu         ] GC(15) User=0.34s Sys=0.06s Real=0.10s
[2026-09-21T23:23:19.795+0000][43.238s][info][gc,start       ] GC(16) Pause Young (GCLocker Initiated GC)
[2026-09-21T23:23:19.878+0000][43.322s][info][gc,heap        ] GC(16) PSYoungGen: 2922433K(3127296K)->196181K(3125248K) Eden: 2759680K(2759680K)->0K(2778624K) From: 162753K(367616K)->196181K(346624K)
[2026-09-21T23:23:19.878+0000][43.322s][info][gc,heap        ] GC(16) ParOldGen: 969398K(2796544K)->1142462K(2796544K)
[2026-09-21T23:23:19.878+0000][43.322s][info][gc,metaspace   ] GC(16) Metaspace: 154886K(156352K)->154886K(156352K) NonClass: 129820K(130688K)->129820K(130688K) Class: 25065K(25664K)->25065K(25664K)
[2026-09-21T23:23:19.878+0000][43.322s][info][gc             ] GC(16) Pause Young (GCLocker Initiated GC) 3800M->1307M(5783M) 83.704ms
[2026-09-21T23:23:19.878+0000][43.322s][info][gc,cpu         ] GC(16) User=0.31s Sys=0.03s Real=0.08s
[2026-09-21T23:23:25.183+0000][48.626s][info][gc,start       ] GC(17) Pause Young (CodeCache GC Threshold)
[2026-09-21T23:23:25.289+0000][48.733s][info][gc,heap        ] GC(17) PSYoungGen: 2775442K(3125248K)->251867K(3127808K) Eden: 2579260K(2778624K)->0K(2778624K) From: 196181K(346624K)->251867K(349184K)
[2026-09-21T23:23:25.289+0000][48.733s][info][gc,heap        ] GC(17) ParOldGen: 1142462K(2796544K)->1350100K(2796544K)
[2026-09-21T23:23:25.289+0000][48.733s][info][gc,metaspace   ] GC(17) Metaspace: 161271K(162880K)->161271K(162880K) NonClass: 135256K(136192K)->135256K(136192K) Class: 26014K(26688K)->26014K(26688K)
[2026-09-21T23:23:25.289+0000][48.733s][info][gc             ] GC(17) Pause Young (CodeCache GC Threshold) 3826M->1564M(5785M) 106.283ms
[2026-09-21T23:23:25.289+0000][48.733s][info][gc,cpu         ] GC(17) User=0.34s Sys=0.08s Real=0.11s
[2026-09-21T23:23:25.289+0000][48.733s][info][gc,start       ] GC(18) Pause Full (CodeCache GC Threshold)
[2026-09-21T23:23:25.289+0000][48.733s][info][gc,phases,start] GC(18) Marking Phase
[2026-09-21T23:23:25.673+0000][49.116s][info][gc,phases      ] GC(18) Marking Phase 383.679ms
[2026-09-21T23:23:25.673+0000][49.116s][info][gc,phases,start] GC(18) Summary Phase
[2026-09-21T23:23:25.673+0000][49.116s][info][gc,phases      ] GC(18) Summary Phase 0.044ms
[2026-09-21T23:23:25.673+0000][49.116s][info][gc,phases,start] GC(18) Adjust Roots
[2026-09-21T23:23:25.693+0000][49.137s][info][gc,phases      ] GC(18) Adjust Roots 20.338ms
[2026-09-21T23:23:25.693+0000][49.137s][info][gc,phases,start] GC(18) Compaction Phase
[2026-09-21T23:23:26.106+0000][49.549s][info][gc,phases      ] GC(18) Compaction Phase 412.400ms
[2026-09-21T23:23:26.106+0000][49.549s][info][gc,phases,start] GC(18) Post Compact
[2026-09-21T23:23:26.114+0000][49.558s][info][gc,phases      ] GC(18) Post Compact 8.866ms
[2026-09-21T23:23:26.114+0000][49.558s][info][gc,heap        ] GC(18) PSYoungGen: 251867K(3127808K)->0K(3127808K) Eden: 0K(2778624K)->0K(2778624K) From: 251867K(349184K)->0K(349184K)
[2026-09-21T23:23:26.114+0000][49.558s][info][gc,heap        ] GC(18) ParOldGen: 1350100K(2796544K)->1402235K(2796544K)
[2026-09-21T23:23:26.114+0000][49.558s][info][gc,metaspace   ] GC(18) Metaspace: 161271K(162880K)->161218K(162880K) NonClass: 135256K(136192K)->135217K(136192K) Class: 26014K(26688K)->26001K(26688K)
[2026-09-21T23:23:26.115+0000][49.558s][info][gc             ] GC(18) Pause Full (CodeCache GC Threshold) 1564M->1369M(5785M) 825.499ms
[2026-09-21T23:23:26.115+0000][49.558s][info][gc,cpu         ] GC(18) User=3.02s Sys=0.04s Real=0.82s
[2026-09-21T23:23:36.824+0000][60.268s][info][gc,start       ] GC(19) Pause Young (Allocation Failure)
[2026-09-21T23:23:36.953+0000][60.397s][info][gc,heap        ] GC(19) PSYoungGen: 2778624K(3127808K)->362894K(3020800K) Eden: 2778624K(2778624K)->0K(2654208K) From: 0K(349184K)->362894K(366592K)
[2026-09-21T23:23:36.953+0000][60.397s][info][gc,heap        ] GC(19) ParOldGen: 1402238K(2796544K)->1402246K(2796544K)
[2026-09-21T23:23:36.953+0000][60.397s][info][gc,metaspace   ] GC(19) Metaspace: 164674K(166336K)->164674K(166336K) NonClass: 138363K(139328K)->138363K(139328K) Class: 26310K(27008K)->26310K(27008K)
[2026-09-21T23:23:36.953+0000][60.397s][info][gc             ] GC(19) Pause Young (Allocation Failure) 4082M->1723M(5681M) 128.937ms
[2026-09-21T23:23:36.953+0000][60.397s][info][gc,cpu         ] GC(19) User=0.48s Sys=0.03s Real=0.13s
[2026-09-21T23:23:37.369+0000][60.812s][info][gc,start       ] GC(20) Pause Young (CodeCache GC Threshold)
[2026-09-21T23:23:37.522+0000][60.966s][info][gc,heap        ] GC(20) PSYoungGen: 564009K(3020800K)->25792K(2680320K) Eden: 201115K(2654208K)->0K(2654208K) From: 362894K(366592K)->25792K(26112K)
[2026-09-21T23:23:37.522+0000][60.966s][info][gc,heap        ] GC(20) ParOldGen: 1402246K(2796544K)->1759678K(2796544K)
[2026-09-21T23:23:37.522+0000][60.966s][info][gc,metaspace   ] GC(20) Metaspace: 164714K(166336K)->164714K(166336K) NonClass: 138399K(139328K)->138399K(139328K) Class: 26315K(27008K)->26315K(27008K)
[2026-09-21T23:23:37.522+0000][60.966s][info][gc             ] GC(20) Pause Young (CodeCache GC Threshold) 1920M->1743M(5348M) 153.368ms
[2026-09-21T23:23:37.522+0000][60.966s][info][gc,cpu         ] GC(20) User=0.49s Sys=0.12s Real=0.15s
[2026-09-21T23:23:37.522+0000][60.966s][info][gc,start       ] GC(21) Pause Full (CodeCache GC Threshold)
[2026-09-21T23:23:37.522+0000][60.966s][info][gc,phases,start] GC(21) Marking Phase
[2026-09-21T23:23:38.029+0000][61.472s][info][gc,phases      ] GC(21) Marking Phase 506.496ms
[2026-09-21T23:23:38.029+0000][61.472s][info][gc,phases,start] GC(21) Summary Phase
[2026-09-21T23:23:38.029+0000][61.472s][info][gc,phases      ] GC(21) Summary Phase 0.048ms
[2026-09-21T23:23:38.029+0000][61.472s][info][gc,phases,start] GC(21) Adjust Roots
[2026-09-21T23:23:38.053+0000][61.497s][info][gc,phases      ] GC(21) Adjust Roots 24.437ms
[2026-09-21T23:23:38.053+0000][61.497s][info][gc,phases,start] GC(21) Compaction Phase
[2026-09-21T23:23:38.764+0000][62.208s][info][gc,phases      ] GC(21) Compaction Phase 711.021ms
[2026-09-21T23:23:38.764+0000][62.208s][info][gc,phases,start] GC(21) Post Compact
[2026-09-21T23:23:38.772+0000][62.216s][info][gc,phases      ] GC(21) Post Compact 7.770ms
[2026-09-21T23:23:38.772+0000][62.216s][info][gc,heap        ] GC(21) PSYoungGen: 25792K(2680320K)->0K(2680320K) Eden: 0K(2654208K)->0K(2654208K) From: 25792K(26112K)->0K(26112K)
[2026-09-21T23:23:38.772+0000][62.216s][info][gc,heap        ] GC(21) ParOldGen: 1759678K(2796544K)->1768289K(2796544K)
[2026-09-21T23:23:38.772+0000][62.216s][info][gc,metaspace   ] GC(21) Metaspace: 164714K(166336K)->164674K(166336K) NonClass: 138399K(139328K)->138369K(139328K) Class: 26315K(27008K)->26304K(27008K)
[2026-09-21T23:23:38.772+0000][62.216s][info][gc             ] GC(21) Pause Full (CodeCache GC Threshold) 1743M->1726M(5348M) 1249.958ms
[2026-09-21T23:23:38.772+0000][62.216s][info][gc,cpu         ] GC(21) User=4.67s Sys=0.02s Real=1.25s
[2026-09-21T23:23:43.667+0000][67.110s][info][gc,start       ] GC(22) Pause Young (Allocation Failure)
[2026-09-21T23:23:43.763+0000][67.207s][info][gc,heap        ] GC(22) PSYoungGen: 2654208K(2680320K)->219250K(3078144K) Eden: 2654208K(2654208K)->0K(2655232K) From: 0K(26112K)->219250K(422912K)
[2026-09-21T23:23:43.764+0000][67.207s][info][gc,heap        ] GC(22) ParOldGen: 1768289K(2796544K)->1768297K(2796544K)
[2026-09-21T23:23:43.764+0000][67.207s][info][gc,metaspace   ] GC(22) Metaspace: 164692K(166336K)->164692K(166336K) NonClass: 138387K(139328K)->138387K(139328K) Class: 26305K(27008K)->26305K(27008K)
[2026-09-21T23:23:43.764+0000][67.207s][info][gc             ] GC(22) Pause Young (Allocation Failure) 4318M->1940M(5737M) 96.879ms
[2026-09-21T23:23:43.764+0000][67.207s][info][gc,cpu         ] GC(22) User=0.36s Sys=0.02s Real=0.10s
[2026-09-21T23:23:47.849+0000][71.292s][info][gc,start       ] GC(23) Pause Young (Allocation Failure)
[2026-09-21T23:23:48.002+0000][71.445s][info][gc,heap        ] GC(23) PSYoungGen: 2874482K(3078144K)->180146K(2835456K) Eden: 2655232K(2655232K)->0K(2655232K) From: 219250K(422912K)->180146K(180224K)
[2026-09-21T23:23:48.002+0000][71.445s][info][gc,heap        ] GC(23) ParOldGen: 1768297K(2796544K)->1970862K(2796544K)
[2026-09-21T23:23:48.002+0000][71.445s][info][gc,metaspace   ] GC(23) Metaspace: 164767K(166400K)->164767K(166400K) NonClass: 138413K(139328K)->138413K(139328K) Class: 26353K(27072K)->26353K(27072K)
[2026-09-21T23:23:48.002+0000][71.445s][info][gc             ] GC(23) Pause Young (Allocation Failure) 4533M->2100M(5500M) 152.986ms
[2026-09-21T23:23:48.002+0000][71.445s][info][gc,cpu         ] GC(23) User=0.56s Sys=0.05s Real=0.15s
[2026-09-21T23:23:51.268+0000][74.711s][info][gc,start       ] GC(24) Pause Young (Allocation Failure)
[2026-09-21T23:23:51.415+0000][74.859s][info][gc,heap        ] GC(24) PSYoungGen: 2835378K(2835456K)->160322K(3071488K) Eden: 2655232K(2655232K)->0K(2675712K) From: 180146K(180224K)->160322K(395776K)
[2026-09-21T23:23:51.415+0000][74.859s][info][gc,heap        ] GC(24) ParOldGen: 1970862K(2796544K)->2130462K(2796544K)
[2026-09-21T23:23:51.415+0000][74.859s][info][gc,metaspace   ] GC(24) Metaspace: 164837K(166528K)->164837K(166528K) NonClass: 138471K(139456K)->138471K(139456K) Class: 26365K(27072K)->26365K(27072K)
[2026-09-21T23:23:51.415+0000][74.859s][info][gc             ] GC(24) Pause Young (Allocation Failure) 4693M->2237M(5730M) 147.485ms
[2026-09-21T23:23:51.415+0000][74.859s][info][gc,cpu         ] GC(24) User=0.53s Sys=0.06s Real=0.15s
[2026-09-21T23:23:54.669+0000][78.112s][info][gc,start       ] GC(25) Pause Young (Allocation Failure)
[2026-09-21T23:23:54.816+0000][78.260s][info][gc,heap        ] GC(25) PSYoungGen: 2836034K(3071488K)->157682K(3051008K) Eden: 2675712K(2675712K)->0K(2675712K) From: 160322K(395776K)->157682K(375296K)
[2026-09-21T23:23:54.816+0000][78.260s][info][gc,heap        ] GC(25) ParOldGen: 2130462K(2796544K)->2266901K(2796544K)
[2026-09-21T23:23:54.816+0000][78.260s][info][gc,metaspace   ] GC(25) Metaspace: 165126K(166784K)->165126K(166784K) NonClass: 138731K(139712K)->138731K(139712K) Class: 26395K(27072K)->26395K(27072K)
[2026-09-21T23:23:54.816+0000][78.260s][info][gc             ] GC(25) Pause Young (Allocation Failure) 4850M->2367M(5710M) 147.571ms
[2026-09-21T23:23:54.816+0000][78.260s][info][gc,cpu         ] GC(25) User=0.51s Sys=0.05s Real=0.14s
[2026-09-21T23:23:58.034+0000][81.477s][info][gc,start       ] GC(26) Pause Young (Allocation Failure)
[2026-09-21T23:23:58.175+0000][81.619s][info][gc,heap        ] GC(26) PSYoungGen: 2832755K(3051008K)->126897K(3092480K) Eden: 2675073K(2675712K)->0K(2735104K) From: 157682K(375296K)->126897K(357376K)
[2026-09-21T23:23:58.175+0000][81.619s][info][gc,heap        ] GC(26) ParOldGen: 2266901K(2796544K)->2398747K(2796544K)
[2026-09-21T23:23:58.175+0000][81.619s][info][gc,metaspace   ] GC(26) Metaspace: 165360K(167104K)->165360K(167104K) NonClass: 138952K(139968K)->138952K(139968K) Class: 26408K(27136K)->26408K(27136K)
[2026-09-21T23:23:58.175+0000][81.619s][info][gc             ] GC(26) Pause Young (Allocation Failure) 4980M->2466M(5751M) 141.852ms
[2026-09-21T23:23:58.175+0000][81.619s][info][gc,cpu         ] GC(26) User=0.52s Sys=0.03s Real=0.14s
[2026-09-21T23:24:01.158+0000][84.602s][info][gc,start       ] GC(27) Pause Young (Allocation Failure)
[2026-09-21T23:24:01.248+0000][84.692s][info][gc,heap        ] GC(27) PSYoungGen: 2862001K(3092480K)->12864K(3081216K) Eden: 2735104K(2735104K)->0K(2735104K) From: 126897K(357376K)->12864K(346112K)
[2026-09-21T23:24:01.248+0000][84.692s][info][gc,heap        ] GC(27) ParOldGen: 2398747K(2796544K)->2526368K(2796544K)
[2026-09-21T23:24:01.248+0000][84.692s][info][gc,metaspace   ] GC(27) Metaspace: 165380K(167104K)->165380K(167104K) NonClass: 138972K(139968K)->138972K(139968K) Class: 26408K(27136K)->26408K(27136K)
[2026-09-21T23:24:01.248+0000][84.692s][info][gc             ] GC(27) Pause Young (Allocation Failure) 5137M->2479M(5740M) 90.009ms
[2026-09-21T23:24:01.248+0000][84.692s][info][gc,cpu         ] GC(27) User=0.30s Sys=0.05s Real=0.09s
[2026-09-21T23:24:04.292+0000][87.736s][info][gc,start       ] GC(28) Pause Young (Allocation Failure)
[2026-09-21T23:24:04.304+0000][87.748s][info][gc,heap        ] GC(28) PSYoungGen: 2747869K(3081216K)->12192K(3133952K) Eden: 2735005K(2735104K)->0K(2780160K) From: 12864K(346112K)->12192K(353792K)
[2026-09-21T23:24:04.304+0000][87.748s][info][gc,heap        ] GC(28) ParOldGen: 2526368K(2796544K)->2538200K(2796544K)
[2026-09-21T23:24:04.304+0000][87.748s][info][gc,metaspace   ] GC(28) Metaspace: 165380K(167104K)->165380K(167104K) NonClass: 138972K(139968K)->138972K(139968K) Class: 26408K(27136K)->26408K(27136K)
[2026-09-21T23:24:04.304+0000][87.748s][info][gc             ] GC(28) Pause Young (Allocation Failure) 5150M->2490M(5791M) 11.694ms
[2026-09-21T23:24:04.304+0000][87.748s][info][gc,cpu         ] GC(28) User=0.04s Sys=0.00s Real=0.01s
[2026-09-21T23:24:07.335+0000][90.778s][info][gc,start       ] GC(29) Pause Young (Allocation Failure)
[2026-09-21T23:24:07.346+0000][90.790s][info][gc,heap        ] GC(29) PSYoungGen: 2792352K(3133952K)->12448K(3137536K) Eden: 2780160K(2780160K)->0K(2780160K) From: 12192K(353792K)->12448K(357376K)
[2026-09-21T23:24:07.346+0000][90.790s][info][gc,heap        ] GC(29) ParOldGen: 2538200K(2796544K)->2549424K(2796544K)
[2026-09-21T23:24:07.346+0000][90.790s][info][gc,metaspace   ] GC(29) Metaspace: 165380K(167104K)->165380K(167104K) NonClass: 138972K(139968K)->138972K(139968K) Class: 26408K(27136K)->26408K(27136K)
[2026-09-21T23:24:07.346+0000][90.790s][info][gc             ] GC(29) Pause Young (Allocation Failure) 5205M->2501M(5795M) 11.402ms
[2026-09-21T23:24:07.346+0000][90.790s][info][gc,cpu         ] GC(29) User=0.04s Sys=0.00s Real=0.01s
[2026-09-21T23:24:10.587+0000][94.031s][info][gc,start       ] GC(30) Pause Young (Allocation Failure)
[2026-09-21T23:24:10.598+0000][94.042s][info][gc,heap        ] GC(30) PSYoungGen: 2792608K(3137536K)->12256K(3128320K) Eden: 2780160K(2780160K)->0K(2781184K) From: 12448K(357376K)->12256K(347136K)
[2026-09-21T23:24:10.598+0000][94.042s][info][gc,heap        ] GC(30) ParOldGen: 2549424K(2796544K)->2560864K(2796544K)
[2026-09-21T23:24:10.598+0000][94.042s][info][gc,metaspace   ] GC(30) Metaspace: 165380K(167104K)->165380K(167104K) NonClass: 138972K(139968K)->138972K(139968K) Class: 26408K(27136K)->26408K(27136K)
[2026-09-21T23:24:10.598+0000][94.042s][info][gc             ] GC(30) Pause Young (Allocation Failure) 5216M->2512M(5786M) 10.785ms
[2026-09-21T23:24:10.598+0000][94.042s][info][gc,cpu         ] GC(30) User=0.04s Sys=0.00s Real=0.01s
[2026-09-21T23:24:13.702+0000][97.146s][info][gc,start       ] GC(31) Pause Young (Allocation Failure)
[2026-09-21T23:24:13.714+0000][97.157s][info][gc,heap        ] GC(31) PSYoungGen: 2793440K(3128320K)->13248K(3133440K) Eden: 2781184K(2781184K)->0K(2781184K) From: 12256K(347136K)->13248K(352256K)
[2026-09-21T23:24:13.714+0000][97.157s][info][gc,heap        ] GC(31) ParOldGen: 2560864K(2796544K)->2572144K(2796544K)
[2026-09-21T23:24:13.714+0000][97.157s][info][gc,metaspace   ] GC(31) Metaspace: 165381K(167104K)->165381K(167104K) NonClass: 138972K(139968K)->138972K(139968K) Class: 26408K(27136K)->26408K(27136K)
[2026-09-21T23:24:13.714+0000][97.157s][info][gc             ] GC(31) Pause Young (Allocation Failure) 5228M->2524M(5791M) 11.587ms
[2026-09-21T23:24:13.714+0000][97.157s][info][gc,cpu         ] GC(31) User=0.05s Sys=0.00s Real=0.01s
[2026-09-21T23:24:16.853+0000][100.297s][info][gc,start       ] GC(32) Pause Young (Allocation Failure)
[2026-09-21T23:24:16.866+0000][100.310s][info][gc,heap        ] GC(32) PSYoungGen: 2794432K(3133440K)->12320K(3127296K) Eden: 2781184K(2781184K)->0K(2797568K) From: 13248K(352256K)->12320K(329728K)
[2026-09-21T23:24:16.866+0000][100.310s][info][gc,heap        ] GC(32) ParOldGen: 2572144K(2796544K)->2583352K(2796544K)
[2026-09-21T23:24:16.866+0000][100.310s][info][gc,metaspace   ] GC(32) Metaspace: 165381K(167104K)->165381K(167104K) NonClass: 138972K(139968K)->138972K(139968K) Class: 26408K(27136K)->26408K(27136K)
[2026-09-21T23:24:16.867+0000][100.310s][info][gc             ] GC(32) Pause Young (Allocation Failure) 5240M->2534M(5785M) 13.323ms
[2026-09-21T23:24:16.867+0000][100.310s][info][gc,cpu         ] GC(32) User=0.04s Sys=0.00s Real=0.01s
[2026-09-21T23:24:20.147+0000][103.591s][info][gc,start       ] GC(33) Pause Young (Allocation Failure)
[2026-09-21T23:24:20.158+0000][103.602s][info][gc,heap        ] GC(33) PSYoungGen: 2809888K(3127296K)->12608K(3133952K) Eden: 2797568K(2797568K)->0K(2797568K) From: 12320K(329728K)->12608K(336384K)
[2026-09-21T23:24:20.158+0000][103.602s][info][gc,heap        ] GC(33) ParOldGen: 2583352K(2796544K)->2594672K(2796544K)
[2026-09-21T23:24:20.158+0000][103.602s][info][gc,metaspace   ] GC(33) Metaspace: 165387K(167104K)->165387K(167104K) NonClass: 138979K(139968K)->138979K(139968K) Class: 26408K(27136K)->26408K(27136K)
[2026-09-21T23:24:20.158+0000][103.602s][info][gc             ] GC(33) Pause Young (Allocation Failure) 5266M->2546M(5791M) 10.938ms
[2026-09-21T23:24:20.158+0000][103.602s][info][gc,cpu         ] GC(33) User=0.04s Sys=0.00s Real=0.01s
[2026-09-21T23:24:23.452+0000][106.896s][info][gc,start       ] GC(34) Pause Young (Allocation Failure)
[2026-09-21T23:24:23.464+0000][106.908s][info][gc,heap        ] GC(34) PSYoungGen: 2810176K(3133952K)->13792K(2866176K) Eden: 2797568K(2797568K)->0K(2696192K) From: 12608K(336384K)->13792K(169984K)
[2026-09-21T23:24:23.464+0000][106.908s][info][gc,heap        ] GC(34) ParOldGen: 2594672K(2796544K)->2606296K(2796544K)
[2026-09-21T23:24:23.464+0000][106.908s][info][gc,metaspace   ] GC(34) Metaspace: 165388K(167104K)->165388K(167104K) NonClass: 138980K(139968K)->138980K(139968K) Class: 26408K(27136K)->26408K(27136K)
[2026-09-21T23:24:23.464+0000][106.908s][info][gc             ] GC(34) Pause Young (Allocation Failure) 5278M->2558M(5530M) 11.784ms
[2026-09-21T23:24:23.464+0000][106.908s][info][gc,cpu         ] GC(34) User=0.04s Sys=0.01s Real=0.01s
[2026-09-21T23:24:26.600+0000][110.044s][info][gc,start       ] GC(35) Pause Young (Allocation Failure)
[2026-09-21T23:24:26.612+0000][110.056s][info][gc,heap        ] GC(35) PSYoungGen: 2709984K(2866176K)->10912K(2610688K) Eden: 2696192K(2696192K)->0K(2599424K) From: 13792K(169984K)->10912K(11264K)
[2026-09-21T23:24:26.612+0000][110.056s][info][gc,heap        ] GC(35) ParOldGen: 2606296K(2796544K)->2618056K(2796544K)
[2026-09-21T23:24:26.612+0000][110.056s][info][gc,metaspace   ] GC(35) Metaspace: 165389K(167104K)->165389K(167104K) NonClass: 138981K(139968K)->138981K(139968K) Class: 26408K(27136K)->26408K(27136K)
[2026-09-21T23:24:26.612+0000][110.056s][info][gc             ] GC(35) Pause Young (Allocation Failure) 5191M->2567M(5280M) 12.128ms
[2026-09-21T23:24:26.612+0000][110.056s][info][gc,cpu         ] GC(35) User=0.04s Sys=0.00s Real=0.01s
[2026-09-21T23:24:29.681+0000][113.124s][info][gc,start       ] GC(36) Pause Young (Allocation Failure)
[2026-09-21T23:24:29.692+0000][113.136s][info][gc,heap        ] GC(36) PSYoungGen: 2610336K(2610688K)->10848K(2692096K) Eden: 2599424K(2599424K)->0K(2507264K) From: 10912K(11264K)->10848K(184832K)
[2026-09-21T23:24:29.692+0000][113.136s][info][gc,heap        ] GC(36) ParOldGen: 2618056K(2796544K)->2629024K(2796544K)
[2026-09-21T23:24:29.692+0000][113.136s][info][gc,metaspace   ] GC(36) Metaspace: 165393K(167104K)->165393K(167104K) NonClass: 138984K(139968K)->138984K(139968K) Class: 26408K(27136K)->26408K(27136K)
[2026-09-21T23:24:29.692+0000][113.136s][info][gc             ] GC(36) Pause Young (Allocation Failure) 5105M->2578M(5360M) 11.309ms
[2026-09-21T23:24:29.692+0000][113.136s][info][gc,cpu         ] GC(36) User=0.03s Sys=0.01s Real=0.01s
[2026-09-21T23:24:32.675+0000][116.119s][info][gc,start       ] GC(37) Pause Young (Allocation Failure)
[2026-09-21T23:24:32.686+0000][116.130s][info][gc,heap        ] GC(37) PSYoungGen: 2517269K(2692096K)->10240K(2429440K) Eden: 2506421K(2507264K)->0K(2419200K) From: 10848K(184832K)->10240K(10240K)
[2026-09-21T23:24:32.686+0000][116.130s][info][gc,heap        ] GC(37) ParOldGen: 2629024K(2796544K)->2639888K(2796544K)
[2026-09-21T23:24:32.686+0000][116.130s][info][gc,metaspace   ] GC(37) Metaspace: 165393K(167104K)->165393K(167104K) NonClass: 138984K(139968K)->138984K(139968K) Class: 26408K(27136K)->26408K(27136K)
[2026-09-21T23:24:32.686+0000][116.130s][info][gc             ] GC(37) Pause Young (Allocation Failure) 5025M->2588M(5103M) 10.897ms
[2026-09-21T23:24:32.686+0000][116.130s][info][gc,cpu         ] GC(37) User=0.03s Sys=0.01s Real=0.01s
[2026-09-21T23:24:35.566+0000][119.010s][info][gc,start       ] GC(38) Pause Young (Allocation Failure)
[2026-09-21T23:24:35.576+0000][119.020s][info][gc,heap        ] GC(38) PSYoungGen: 2429112K(2429440K)->11008K(2501632K) Eden: 2418872K(2419200K)->0K(2335232K) From: 10240K(10240K)->11008K(166400K)
[2026-09-21T23:24:35.576+0000][119.020s][info][gc,heap        ] GC(38) ParOldGen: 2639888K(2796544K)->2650176K(2796544K)
[2026-09-21T23:24:35.576+0000][119.020s][info][gc,metaspace   ] GC(38) Metaspace: 165393K(167104K)->165393K(167104K) NonClass: 138985K(139968K)->138985K(139968K) Class: 26408K(27136K)->26408K(27136K)
[2026-09-21T23:24:35.576+0000][119.020s][info][gc             ] GC(38) Pause Young (Allocation Failure) 4950M->2598M(5174M) 10.494ms
[2026-09-21T23:24:35.576+0000][119.020s][info][gc,cpu         ] GC(38) User=0.03s Sys=0.01s Real=0.01s
[2026-09-21T23:24:38.373+0000][121.817s][info][gc,start       ] GC(39) Pause Young (Allocation Failure)
[2026-09-21T23:24:38.384+0000][121.828s][info][gc,heap        ] GC(39) PSYoungGen: 2346240K(2501632K)->11712K(2266624K) Eden: 2335232K(2335232K)->0K(2254848K) From: 11008K(166400K)->11712K(11776K)
[2026-09-21T23:24:38.384+0000][121.828s][info][gc,heap        ] GC(39) ParOldGen: 2650176K(2796544K)->2660144K(2796544K)
[2026-09-21T23:24:38.384+0000][121.828s][info][gc,metaspace   ] GC(39) Metaspace: 165399K(167104K)->165399K(167104K) NonClass: 138991K(139968K)->138991K(139968K) Class: 26408K(27136K)->26408K(27136K)
[2026-09-21T23:24:38.384+0000][121.828s][info][gc             ] GC(39) Pause Young (Allocation Failure) 4879M->2609M(4944M) 11.335ms
[2026-09-21T23:24:38.384+0000][121.828s][info][gc,cpu         ] GC(39) User=0.03s Sys=0.01s Real=0.01s
[2026-09-21T23:24:41.152+0000][124.596s][info][gc,start       ] GC(40) Pause Young (Allocation Failure)
[2026-09-21T23:24:41.163+0000][124.606s][info][gc,heap        ] GC(40) PSYoungGen: 2266560K(2266624K)->9472K(2324992K) Eden: 2254848K(2254848K)->0K(2178048K) From: 11712K(11776K)->9472K(146944K)
[2026-09-21T23:24:41.163+0000][124.606s][info][gc,heap        ] GC(40) ParOldGen: 2660144K(2796544K)->2669824K(2796544K)
[2026-09-21T23:24:41.163+0000][124.606s][info][gc,metaspace   ] GC(40) Metaspace: 165399K(167104K)->165399K(167104K) NonClass: 138991K(139968K)->138991K(139968K) Class: 26408K(27136K)->26408K(27136K)
[2026-09-21T23:24:41.163+0000][124.606s][info][gc             ] GC(40) Pause Young (Allocation Failure) 4811M->2616M(5001M) 10.834ms
[2026-09-21T23:24:41.163+0000][124.606s][info][gc,cpu         ] GC(40) User=0.03s Sys=0.01s Real=0.01s
[2026-09-21T23:24:43.836+0000][127.280s][info][gc,start       ] GC(41) Pause Young (Allocation Failure)
[2026-09-21T23:24:43.846+0000][127.290s][info][gc,heap        ] GC(41) PSYoungGen: 2187520K(2324992K)->10112K(2115072K) Eden: 2178048K(2178048K)->0K(2104832K) From: 9472K(146944K)->10112K(10240K)
[2026-09-21T23:24:43.846+0000][127.290s][info][gc,heap        ] GC(41) ParOldGen: 2669824K(2796544K)->2679272K(2796544K)
[2026-09-21T23:24:43.846+0000][127.290s][info][gc,metaspace   ] GC(41) Metaspace: 165400K(167104K)->165400K(167104K) NonClass: 138992K(139968K)->138992K(139968K) Class: 26408K(27136K)->26408K(27136K)
[2026-09-21T23:24:43.846+0000][127.290s][info][gc             ] GC(41) Pause Young (Allocation Failure) 4743M->2626M(4796M) 9.929ms
[2026-09-21T23:24:43.846+0000][127.290s][info][gc,cpu         ] GC(41) User=0.03s Sys=0.01s Real=0.01s
[2026-09-21T23:24:46.431+0000][129.875s][info][gc,start       ] GC(42) Pause Young (Allocation Failure)
[2026-09-21T23:24:46.441+0000][129.885s][info][gc,heap        ] GC(42) PSYoungGen: 2114944K(2115072K)->9600K(2164224K) Eden: 2104832K(2104832K)->0K(2034688K) From: 10112K(10240K)->9600K(129536K)
[2026-09-21T23:24:46.441+0000][129.885s][info][gc,heap        ] GC(42) ParOldGen: 2679272K(2796544K)->2688368K(2796544K)
[2026-09-21T23:24:46.441+0000][129.885s][info][gc,metaspace   ] GC(42) Metaspace: 165402K(167104K)->165402K(167104K) NonClass: 138993K(139968K)->138993K(139968K) Class: 26408K(27136K)->26408K(27136K)
[2026-09-21T23:24:46.441+0000][129.885s][info][gc             ] GC(42) Pause Young (Allocation Failure) 4681M->2634M(4844M) 9.866ms
[2026-09-21T23:24:46.441+0000][129.885s][info][gc,cpu         ] GC(42) User=0.03s Sys=0.00s Real=0.01s
[2026-09-21T23:24:48.986+0000][132.430s][info][gc,start       ] GC(43) Pause Young (Allocation Failure)
[2026-09-21T23:24:48.995+0000][132.439s][info][gc,heap        ] GC(43) PSYoungGen: 2044288K(2164224K)->9280K(1977344K) Eden: 2034688K(2034688K)->0K(1967616K) From: 9600K(129536K)->9280K(9728K)
[2026-09-21T23:24:48.995+0000][132.439s][info][gc,heap        ] GC(43) ParOldGen: 2688368K(2796544K)->2696960K(2796544K)
[2026-09-21T23:24:48.995+0000][132.439s][info][gc,metaspace   ] GC(43) Metaspace: 165413K(167104K)->165413K(167104K) NonClass: 139005K(139968K)->139005K(139968K) Class: 26408K(27136K)->26408K(27136K)
[2026-09-21T23:24:48.995+0000][132.439s][info][gc             ] GC(43) Pause Young (Allocation Failure) 4621M->2642M(4662M) 9.298ms
[2026-09-21T23:24:48.995+0000][132.439s][info][gc,cpu         ] GC(43) User=0.03s Sys=0.00s Real=0.01s
[2026-09-21T23:24:51.536+0000][134.979s][info][gc,start       ] GC(44) Pause Young (Allocation Failure)
[2026-09-21T23:24:51.545+0000][134.988s][info][gc,heap        ] GC(44) PSYoungGen: 1976681K(1977344K)->9312K(2016256K) Eden: 1967401K(1967616K)->0K(1903616K) From: 9280K(9728K)->9312K(112640K)
[2026-09-21T23:24:51.545+0000][134.988s][info][gc,heap        ] GC(44) ParOldGen: 2696960K(2796544K)->2705264K(2796544K)
[2026-09-21T23:24:51.545+0000][134.988s][info][gc,metaspace   ] GC(44) Metaspace: 165414K(167104K)->165414K(167104K) NonClass: 139005K(139968K)->139005K(139968K) Class: 26408K(27136K)->26408K(27136K)
[2026-09-21T23:24:51.545+0000][134.988s][info][gc             ] GC(44) Pause Young (Allocation Failure) 4564M->2650M(4700M) 9.175ms
[2026-09-21T23:24:51.545+0000][134.988s][info][gc,cpu         ] GC(44) User=0.03s Sys=0.01s Real=0.01s
[2026-09-21T23:24:53.987+0000][137.431s][info][gc,start       ] GC(45) Pause Young (Allocation Failure)
[2026-09-21T23:24:53.997+0000][137.440s][info][gc,heap        ] GC(45) PSYoungGen: 1912928K(2016256K)->9280K(1852416K) Eden: 1903616K(1903616K)->0K(1842688K) From: 9312K(112640K)->9280K(9728K)
[2026-09-21T23:24:53.997+0000][137.440s][info][gc,heap        ] GC(45) ParOldGen: 2705264K(2796544K)->2713528K(2796544K)
[2026-09-21T23:24:53.997+0000][137.440s][info][gc,metaspace   ] GC(45) Metaspace: 165415K(167104K)->165415K(167104K) NonClass: 139007K(139968K)->139007K(139968K) Class: 26408K(27136K)->26408K(27136K)
[2026-09-21T23:24:53.997+0000][137.440s][info][gc             ] GC(45) Pause Young (Allocation Failure) 4509M->2658M(4540M) 9.354ms
[2026-09-21T23:24:53.997+0000][137.440s][info][gc,cpu         ] GC(45) User=0.03s Sys=0.00s Real=0.01s
[2026-09-21T23:24:56.385+0000][139.829s][info][gc,start       ] GC(46) Pause Young (Allocation Failure)
[2026-09-21T23:24:56.394+0000][139.837s][info][gc,heap        ] GC(46) PSYoungGen: 1851968K(1852416K)->7552K(1882624K) Eden: 1842688K(1842688K)->0K(1784320K) From: 9280K(9728K)->7552K(98304K)
[2026-09-21T23:24:56.394+0000][139.837s][info][gc,heap        ] GC(46) ParOldGen: 2713528K(2796544K)->2721768K(2796544K)
[2026-09-21T23:24:56.394+0000][139.837s][info][gc,metaspace   ] GC(46) Metaspace: 165417K(167104K)->165417K(167104K) NonClass: 139009K(139968K)->139009K(139968K) Class: 26408K(27136K)->26408K(27136K)
[2026-09-21T23:24:56.394+0000][139.837s][info][gc             ] GC(46) Pause Young (Allocation Failure) 4458M->2665M(4569M) 8.895ms
[2026-09-21T23:24:56.394+0000][139.837s][info][gc,cpu         ] GC(46) User=0.03s Sys=0.00s Real=0.01s
[2026-09-21T23:24:58.676+0000][142.120s][info][gc,start       ] GC(47) Pause Young (Allocation Failure)
[2026-09-21T23:24:58.685+0000][142.129s][info][gc,heap        ] GC(47) PSYoungGen: 1791872K(1882624K)->8896K(1737728K) Eden: 1784320K(1784320K)->0K(1728512K) From: 7552K(98304K)->8896K(9216K)
[2026-09-21T23:24:58.686+0000][142.129s][info][gc,heap        ] GC(47) ParOldGen: 2721768K(2796544K)->2729352K(2796544K)
[2026-09-21T23:24:58.686+0000][142.129s][info][gc,metaspace   ] GC(47) Metaspace: 165420K(167104K)->165420K(167104K) NonClass: 139012K(139968K)->139012K(139968K) Class: 26408K(27136K)->26408K(27136K)
[2026-09-21T23:24:58.686+0000][142.129s][info][gc             ] GC(47) Pause Young (Allocation Failure) 4407M->2674M(4428M) 9.034ms
[2026-09-21T23:24:58.686+0000][142.129s][info][gc,cpu         ] GC(47) User=0.03s Sys=0.00s Real=0.01s
[2026-09-21T23:25:00.960+0000][144.404s][info][gc,start       ] GC(48) Pause Young (Allocation Failure)
[2026-09-21T23:25:00.969+0000][144.413s][info][gc,heap        ] GC(48) PSYoungGen: 1737408K(1737728K)->8160K(1758208K) Eden: 1728512K(1728512K)->0K(1674752K) From: 8896K(9216K)->8160K(83456K)
[2026-09-21T23:25:00.969+0000][144.413s][info][gc,heap        ] GC(48) ParOldGen: 2729352K(2796544K)->2737168K(2796544K)
[2026-09-21T23:25:00.969+0000][144.413s][info][gc,metaspace   ] GC(48) Metaspace: 165438K(167168K)->165438K(167168K) NonClass: 139029K(140032K)->139029K(140032K) Class: 26409K(27136K)->26409K(27136K)
[2026-09-21T23:25:00.969+0000][144.413s][info][gc             ] GC(48) Pause Young (Allocation Failure) 4362M->2680M(4448M) 8.746ms
[2026-09-21T23:25:00.969+0000][144.413s][info][gc,cpu         ] GC(48) User=0.03s Sys=0.01s Real=0.01s
[2026-09-21T23:32:57.808+0000][621.251s][info][gc,start       ] GC(49) Pause Young (Allocation Failure)
[2026-09-21T23:32:57.816+0000][621.260s][info][gc,heap        ] GC(49) PSYoungGen: 1682912K(1758208K)->6360K(1630208K) Eden: 1674752K(1674752K)->0K(1623552K) From: 8160K(83456K)->6360K(6656K)
[2026-09-21T23:32:57.816+0000][621.260s][info][gc,heap        ] GC(49) ParOldGen: 2737168K(2796544K)->2744288K(2796544K)
[2026-09-21T23:32:57.816+0000][621.260s][info][gc,metaspace   ] GC(49) Metaspace: 165684K(167360K)->165684K(167360K) NonClass: 139254K(140160K)->139254K(140160K) Class: 26430K(27200K)->26430K(27200K)
[2026-09-21T23:32:57.816+0000][621.260s][info][gc             ] GC(49) Pause Young (Allocation Failure) 4316M->2686M(4323M) 8.261ms
[2026-09-21T23:32:57.816+0000][621.260s][info][gc,cpu         ] GC(49) User=0.02s Sys=0.01s Real=0.01s
