[0.003s][info][gc] Using G1
[0.320s][info][gc] GC(0) Pause Young (Concurrent Start) (G1 Humongous Allocation) 241M->3M(513M) 3.687ms
[0.320s][info][gc] GC(1) Concurrent Undo Cycle
[0.320s][info][gc] GC(1) Concurrent Undo Cycle 0.289ms
[0.410s][info][gc] GC(2) Pause Young (Normal) (G1 Evacuation Pause) 215M->2M(513M) 3.164ms
[1.678s][info][gc] GC(3) Pause Young (Concurrent Start) (Metadata GC Threshold) 312M->15M(513M) 11.211ms
[1.678s][info][gc] GC(4) Concurrent Mark Cycle
[1.690s][info][gc] GC(4) Pause Remark 17M->17M(512M) 4.173ms
[1.693s][info][gc] GC(4) Pause Cleanup 17M->17M(512M) 0.094ms
[1.694s][info][gc] GC(4) Concurrent Mark Cycle 16.676ms
[2.058s][info][gc] GC(5) Pause Young (Prepare Mixed) (G1 Evacuation Pause) 69M->33M(512M) 23.079ms
[2.137s][info][gc] GC(6) Pause Young (Mixed) (G1 Evacuation Pause) 50M->41M(512M) 40.465ms
[2.184s][info][gc] GC(7) Pause Young (Normal) (GCLocker Initiated GC) 69M->55M(512M) 13.962ms
[2.265s][info][gc] GC(8) Pause Young (Normal) (G1 Evacuation Pause) 91M->73M(512M) 14.673ms
[2.362s][info][gc] GC(9) Pause Young (Normal) (G1 Evacuation Pause) 107M->90M(1036M) 18.838ms
[2.494s][info][gc] GC(10) Pause Young (Normal) (G1 Evacuation Pause) 136M->113M(1036M) 25.610ms
[2.636s][info][gc] GC(11) Pause Young (Normal) (G1 Evacuation Pause) 157M->138M(1036M) 57.859ms
[3.098s][info][gc] GC(12) Pause Young (Normal) (G1 Evacuation Pause) 182M->154M(1036M) 18.822ms
[3.167s][info][gc] GC(13) Pause Young (Concurrent Start) (Metadata GC Threshold) 157M->156M(1036M) 7.586ms
[3.168s][info][gc] GC(14) Concurrent Mark Cycle
[3.452s][info][gc] GC(14) Pause Remark 170M->166M(557M) 5.707ms
[3.633s][info][gc] GC(14) Pause Cleanup 174M->174M(557M) 24.789ms
[3.639s][info][gc] GC(14) Concurrent Mark Cycle 471.422ms
[4.095s][info][gc] GC(15) Pause Young (Prepare Mixed) (G1 Evacuation Pause) 277M->165M(1001M) 19.488ms
[5.989s][info][gc] GC(16) Pause Young (Mixed) (G1 Evacuation Pause) 487M->229M(1001M) 92.878ms
[6.278s][info][gc] GC(17) Pause Young (Concurrent Start) (Metadata GC Threshold) 345M->265M(1001M) 81.466ms
[6.279s][info][gc] GC(18) Concurrent Mark Cycle
[6.488s][info][gc] GC(18) Pause Remark 266M->240M(804M) 8.340ms
[6.639s][info][gc] GC(18) Pause Cleanup 241M->241M(804M) 0.370ms
[6.641s][info][gc] GC(18) Concurrent Mark Cycle 362.674ms
[8.567s][info][gc] GC(19) Pause Young (Prepare Mixed) (G1 Evacuation Pause) 377M->263M(804M) 65.246ms
[9.705s][info][gc] GC(20) Pause Young (Mixed) (G1 Evacuation Pause) 466M->269M(804M) 30.001ms
[11.098s][info][gc] GC(21) Pause Young (Mixed) (G1 Evacuation Pause) 586M->279M(804M) 34.419ms
[12.771s][info][gc] GC(22) Pause Young (Mixed) (Metadata GC Threshold) 594M->287M(804M) 79.853ms
[12.855s][info][gc] GC(23) Pause Young (Concurrent Start) (Metadata GC Threshold) 288M->287M(804M) 63.001ms
[12.855s][info][gc] GC(24) Concurrent Mark Cycle
[13.338s][info][gc] GC(24) Pause Remark 308M->306M(804M) 37.255ms
[13.582s][info][gc] GC(24) Pause Cleanup 320M->320M(804M) 0.390ms
[13.584s][info][gc] GC(24) Concurrent Mark Cycle 729.089ms
[24.677s][info][gc] GC(25) Pause Young (Prepare Mixed) (G1 Evacuation Pause) 685M->305M(804M) 34.266ms
[27.999s][info][gc] GC(26) Pause Young (Mixed) (G1 Evacuation Pause) 693M->320M(804M) 43.647ms
[30.654s][info][gc] GC(27) Pause Young (Concurrent Start) (G1 Evacuation Pause) 702M->332M(804M) 74.796ms
[30.655s][info][gc] GC(28) Concurrent Mark Cycle
[31.482s][info][gc] GC(28) Pause Remark 369M->329M(804M) 23.955ms
[31.967s][info][gc] GC(28) Pause Cleanup 376M->376M(804M) 0.583ms
[31.975s][info][gc] GC(28) Concurrent Mark Cycle 1320.480ms
[34.702s][info][gc] GC(29) Pause Young (Prepare Mixed) (G1 Evacuation Pause) 676M->304M(804M) 37.680ms
[38.159s][info][gc] GC(30) Pause Young (Mixed) (G1 Evacuation Pause) 722M->317M(804M) 64.875ms
[40.368s][info][gc] GC(31) Pause Young (Concurrent Start) (G1 Evacuation Pause) 718M->328M(804M) 64.809ms
[40.368s][info][gc] GC(32) Concurrent Mark Cycle
[41.011s][info][gc] GC(32) Pause Remark 381M->381M(804M) 41.116ms
[41.476s][info][gc] GC(32) Pause Cleanup 456M->456M(804M) 0.386ms
[41.483s][info][gc] GC(32) Concurrent Mark Cycle 1115.437ms
[49.055s][info][gc] GC(33) Pause Young (Prepare Mixed) (G1 Evacuation Pause) 733M->340M(804M) 56.587ms
[49.942s][info][gc] GC(34) Pause Young (Mixed) (G1 Evacuation Pause) 738M->329M(804M) 42.930ms
[179.156s][info][gc] GC(35) Pause Full (Diagnostic Command) 589M->237M(797M) 358.676ms
