[2026-09-18T21:24:32.762+0000][0.011s][info][gc,init] CardTable entry size: 512
[2026-09-18T21:24:32.762+0000][0.011s][info][gc     ] Using G1
[2026-09-18T21:24:32.768+0000][0.018s][info][gc,init] Version: 21.0.12.1+1-LTS (release)
[2026-09-18T21:24:32.768+0000][0.018s][info][gc,init] CPUs: 4 total, 4 available
[2026-09-18T21:24:32.768+0000][0.018s][info][gc,init] Memory: 15989M
[2026-09-18T21:24:32.768+0000][0.018s][info][gc,init] Large Page Support: Disabled
[2026-09-18T21:24:32.768+0000][0.018s][info][gc,init] NUMA Support: Disabled
[2026-09-18T21:24:32.768+0000][0.018s][info][gc,init] Compressed Oops: Enabled (Zero based)
[2026-09-18T21:24:32.768+0000][0.018s][info][gc,init] Heap Region Size: 8M
[2026-09-18T21:24:32.768+0000][0.018s][info][gc,init] Heap Min Capacity: 4G
[2026-09-18T21:24:32.768+0000][0.018s][info][gc,init] Heap Initial Capacity: 4G
[2026-09-18T21:24:32.768+0000][0.018s][info][gc,init] Heap Max Capacity: 10G
[2026-09-18T21:24:32.769+0000][0.018s][info][gc,init] Pre-touch: Disabled
[2026-09-18T21:24:32.769+0000][0.018s][info][gc,init] Parallel Workers: 4
[2026-09-18T21:24:32.769+0000][0.018s][info][gc,init] Concurrent Workers: 1
[2026-09-18T21:24:32.769+0000][0.018s][info][gc,init] Concurrent Refinement Workers: 4
[2026-09-18T21:24:32.769+0000][0.018s][info][gc,init] Periodic GC: Disabled
[2026-09-18T21:24:32.777+0000][0.026s][info][gc,metaspace] CDS archive(s) mapped at: [0x00007fdd13000000-0x00007fdd13c9c000-0x00007fdd13c9c000), size 13221888, SharedBaseAddress: 0x00007fdd13000000, ArchiveRelocationMode: 1.
[2026-09-18T21:24:32.777+0000][0.026s][info][gc,metaspace] Compressed class space mapped at: 0x00007fdd14000000-0x00007fdd54000000, reserved size: 1073741824
[2026-09-18T21:24:32.777+0000][0.026s][info][gc,metaspace] Narrow klass base: 0x00007fdd13000000, Narrow klass shift: 0, Narrow klass range: 0x100000000
[2026-09-18T21:24:33.844+0000][1.093s][info][gc,start    ] GC(0) Pause Young (Normal) (G1 Evacuation Pause)
[2026-09-18T21:24:33.844+0000][1.094s][info][gc,task     ] GC(0) Using 4 workers of 4 for evacuation
[2026-09-18T21:24:33.847+0000][1.096s][info][gc,phases   ] GC(0)   Pre Evacuate Collection Set: 0.14ms
[2026-09-18T21:24:33.847+0000][1.096s][info][gc,phases   ] GC(0)   Merge Heap Roots: 0.19ms
[2026-09-18T21:24:33.847+0000][1.096s][info][gc,phases   ] GC(0)   Evacuate Collection Set: 1.31ms
[2026-09-18T21:24:33.847+0000][1.096s][info][gc,phases   ] GC(0)   Post Evacuate Collection Set: 0.85ms
[2026-09-18T21:24:33.847+0000][1.096s][info][gc,phases   ] GC(0)   Other: 0.38ms
[2026-09-18T21:24:33.847+0000][1.096s][info][gc,heap     ] GC(0) Eden regions: 25->0(24)
[2026-09-18T21:24:33.847+0000][1.096s][info][gc,heap     ] GC(0) Survivor regions: 0->1(4)
[2026-09-18T21:24:33.847+0000][1.096s][info][gc,heap     ] GC(0) Old regions: 1->1
[2026-09-18T21:24:33.847+0000][1.096s][info][gc,heap     ] GC(0) Humongous regions: 68->0
[2026-09-18T21:24:33.847+0000][1.096s][info][gc,metaspace] GC(0) Metaspace: 2500K(2688K)->2500K(2688K) NonClass: 2272K(2368K)->2272K(2368K) Class: 228K(320K)->228K(320K)
[2026-09-18T21:24:33.847+0000][1.096s][info][gc          ] GC(0) Pause Young (Normal) (G1 Evacuation Pause) 745M->5M(4104M) 3.028ms
[2026-09-18T21:24:33.847+0000][1.096s][info][gc,cpu      ] GC(0) User=0.01s Sys=0.01s Real=0.01s
[2026-09-18T21:24:35.135+0000][2.384s][info][gc,start    ] GC(1) Pause Young (Concurrent Start) (Metadata GC Threshold)
[2026-09-18T21:24:35.135+0000][2.384s][info][gc,task     ] GC(1) Using 4 workers of 4 for evacuation
[2026-09-18T21:24:35.140+0000][2.389s][info][gc,phases   ] GC(1)   Pre Evacuate Collection Set: 0.14ms
[2026-09-18T21:24:35.140+0000][2.389s][info][gc,phases   ] GC(1)   Merge Heap Roots: 0.06ms
[2026-09-18T21:24:35.140+0000][2.389s][info][gc,phases   ] GC(1)   Evacuate Collection Set: 4.21ms
[2026-09-18T21:24:35.140+0000][2.389s][info][gc,phases   ] GC(1)   Post Evacuate Collection Set: 0.67ms
[2026-09-18T21:24:35.140+0000][2.389s][info][gc,phases   ] GC(1)   Other: 0.07ms
[2026-09-18T21:24:35.140+0000][2.389s][info][gc,heap     ] GC(1) Eden regions: 11->0(23)
[2026-09-18T21:24:35.140+0000][2.389s][info][gc,heap     ] GC(1) Survivor regions: 1->2(4)
[2026-09-18T21:24:35.140+0000][2.389s][info][gc,heap     ] GC(1) Old regions: 1->1
[2026-09-18T21:24:35.140+0000][2.389s][info][gc,heap     ] GC(1) Humongous regions: 0->0
[2026-09-18T21:24:35.140+0000][2.389s][info][gc,metaspace] GC(1) Metaspace: 21085K(21504K)->21085K(21504K) NonClass: 18711K(18944K)->18711K(18944K) Class: 2374K(2560K)->2374K(2560K)
[2026-09-18T21:24:35.140+0000][2.389s][info][gc          ] GC(1) Pause Young (Concurrent Start) (Metadata GC Threshold) 92M->13M(4104M) 5.275ms
[2026-09-18T21:24:35.140+0000][2.389s][info][gc,cpu      ] GC(1) User=0.02s Sys=0.00s Real=0.01s
[2026-09-18T21:24:35.140+0000][2.389s][info][gc          ] GC(2) Concurrent Mark Cycle
[2026-09-18T21:24:35.140+0000][2.389s][info][gc,marking  ] GC(2) Concurrent Scan Root Regions
[2026-09-18T21:24:35.143+0000][2.392s][info][gc,marking  ] GC(2) Concurrent Scan Root Regions 2.932ms
[2026-09-18T21:24:35.143+0000][2.392s][info][gc,marking  ] GC(2) Concurrent Mark
[2026-09-18T21:24:35.143+0000][2.392s][info][gc,marking  ] GC(2) Concurrent Mark From Roots
[2026-09-18T21:24:35.143+0000][2.392s][info][gc,task     ] GC(2) Using 1 workers of 1 for marking
[2026-09-18T21:24:35.144+0000][2.394s][info][gc,marking  ] GC(2) Concurrent Mark From Roots 1.316ms
[2026-09-18T21:24:35.144+0000][2.394s][info][gc,marking  ] GC(2) Concurrent Preclean
[2026-09-18T21:24:35.144+0000][2.394s][info][gc,marking  ] GC(2) Concurrent Preclean 0.010ms
[2026-09-18T21:24:35.145+0000][2.394s][info][gc,start    ] GC(2) Pause Remark
[2026-09-18T21:24:35.147+0000][2.396s][info][gc          ] GC(2) Pause Remark 18M->18M(4096M) 2.012ms
[2026-09-18T21:24:35.147+0000][2.396s][info][gc,cpu      ] GC(2) User=0.00s Sys=0.00s Real=0.01s
[2026-09-18T21:24:35.147+0000][2.396s][info][gc,marking  ] GC(2) Concurrent Mark 3.583ms
[2026-09-18T21:24:35.147+0000][2.396s][info][gc,marking  ] GC(2) Concurrent Rebuild Remembered Sets and Scrub Regions
[2026-09-18T21:24:35.147+0000][2.396s][info][gc,marking  ] GC(2) Concurrent Rebuild Remembered Sets and Scrub Regions 0.505ms
[2026-09-18T21:24:35.147+0000][2.397s][info][gc,start    ] GC(2) Pause Cleanup
[2026-09-18T21:24:35.147+0000][2.397s][info][gc          ] GC(2) Pause Cleanup 18M->18M(4096M) 0.085ms
[2026-09-18T21:24:35.147+0000][2.397s][info][gc,cpu      ] GC(2) User=0.00s Sys=0.00s Real=0.00s
[2026-09-18T21:24:35.147+0000][2.397s][info][gc,marking  ] GC(2) Concurrent Clear Claimed Marks
[2026-09-18T21:24:35.147+0000][2.397s][info][gc,marking  ] GC(2) Concurrent Clear Claimed Marks 0.018ms
[2026-09-18T21:24:35.147+0000][2.397s][info][gc,marking  ] GC(2) Concurrent Cleanup for Next Mark
[2026-09-18T21:24:35.153+0000][2.402s][info][gc,marking  ] GC(2) Concurrent Cleanup for Next Mark 5.758ms
[2026-09-18T21:24:35.153+0000][2.402s][info][gc          ] GC(2) Concurrent Mark Cycle 13.173ms
[2026-09-18T21:24:35.453+0000][2.702s][info][gc,start    ] GC(3) Pause Young (Prepare Mixed) (G1 Evacuation Pause)
[2026-09-18T21:24:35.453+0000][2.702s][info][gc,task     ] GC(3) Using 4 workers of 4 for evacuation
[2026-09-18T21:24:35.507+0000][2.756s][info][gc,phases   ] GC(3)   Pre Evacuate Collection Set: 0.14ms
[2026-09-18T21:24:35.507+0000][2.756s][info][gc,phases   ] GC(3)   Merge Heap Roots: 0.05ms
[2026-09-18T21:24:35.507+0000][2.756s][info][gc,phases   ] GC(3)   Evacuate Collection Set: 52.72ms
[2026-09-18T21:24:35.507+0000][2.756s][info][gc,phases   ] GC(3)   Post Evacuate Collection Set: 1.13ms
[2026-09-18T21:24:35.507+0000][2.756s][info][gc,phases   ] GC(3)   Other: 0.05ms
[2026-09-18T21:24:35.507+0000][2.756s][info][gc,heap     ] GC(3) Eden regions: 23->0(21)
[2026-09-18T21:24:35.507+0000][2.756s][info][gc,heap     ] GC(3) Survivor regions: 2->4(4)
[2026-09-18T21:24:35.507+0000][2.756s][info][gc,heap     ] GC(3) Old regions: 1->10
[2026-09-18T21:24:35.507+0000][2.756s][info][gc,heap     ] GC(3) Humongous regions: 0->0
[2026-09-18T21:24:35.507+0000][2.756s][info][gc,metaspace] GC(3) Metaspace: 23341K(23872K)->23341K(23872K) NonClass: 20698K(20992K)->20698K(20992K) Class: 2643K(2880K)->2643K(2880K)
[2026-09-18T21:24:35.507+0000][2.756s][info][gc          ] GC(3) Pause Young (Prepare Mixed) (G1 Evacuation Pause) 197M->101M(4096M) 54.269ms
[2026-09-18T21:24:35.507+0000][2.756s][info][gc,cpu      ] GC(3) User=0.20s Sys=0.01s Real=0.06s
[2026-09-18T21:24:36.432+0000][3.682s][info][gc,start    ] GC(4) Pause Young (Mixed) (G1 Evacuation Pause)
[2026-09-18T21:24:36.432+0000][3.682s][info][gc,task     ] GC(4) Using 4 workers of 4 for evacuation
[2026-09-18T21:24:36.472+0000][3.721s][info][gc,phases   ] GC(4)   Pre Evacuate Collection Set: 0.13ms
[2026-09-18T21:24:36.472+0000][3.721s][info][gc,phases   ] GC(4)   Merge Heap Roots: 0.97ms
[2026-09-18T21:24:36.472+0000][3.721s][info][gc,phases   ] GC(4)   Evacuate Collection Set: 37.55ms
[2026-09-18T21:24:36.472+0000][3.721s][info][gc,phases   ] GC(4)   Post Evacuate Collection Set: 0.86ms
[2026-09-18T21:24:36.472+0000][3.721s][info][gc,phases   ] GC(4)   Other: 0.04ms
[2026-09-18T21:24:36.472+0000][3.721s][info][gc,heap     ] GC(4) Eden regions: 21->0(21)
[2026-09-18T21:24:36.472+0000][3.721s][info][gc,heap     ] GC(4) Survivor regions: 4->4(4)
[2026-09-18T21:24:36.472+0000][3.721s][info][gc,heap     ] GC(4) Old regions: 10->15
[2026-09-18T21:24:36.472+0000][3.721s][info][gc,heap     ] GC(4) Humongous regions: 0->0
[2026-09-18T21:24:36.472+0000][3.721s][info][gc,metaspace] GC(4) Metaspace: 35434K(35904K)->35434K(35904K) NonClass: 31331K(31616K)->31331K(31616K) Class: 4103K(4288K)->4103K(4288K)
[2026-09-18T21:24:36.472+0000][3.721s][info][gc          ] GC(4) Pause Young (Mixed) (G1 Evacuation Pause) 269M->152M(4096M) 39.681ms
[2026-09-18T21:24:36.472+0000][3.721s][info][gc,cpu      ] GC(4) User=0.16s Sys=0.00s Real=0.04s
[2026-09-18T21:24:36.475+0000][3.724s][info][gc,start    ] GC(5) Pause Young (Concurrent Start) (Metadata GC Threshold)
[2026-09-18T21:24:36.475+0000][3.724s][info][gc,task     ] GC(5) Using 4 workers of 4 for evacuation
[2026-09-18T21:24:36.493+0000][3.742s][info][gc,phases   ] GC(5)   Pre Evacuate Collection Set: 0.13ms
[2026-09-18T21:24:36.493+0000][3.742s][info][gc,phases   ] GC(5)   Merge Heap Roots: 0.48ms
[2026-09-18T21:24:36.493+0000][3.742s][info][gc,phases   ] GC(5)   Evacuate Collection Set: 17.15ms
[2026-09-18T21:24:36.493+0000][3.742s][info][gc,phases   ] GC(5)   Post Evacuate Collection Set: 0.34ms
[2026-09-18T21:24:36.493+0000][3.742s][info][gc,phases   ] GC(5)   Other: 0.08ms
[2026-09-18T21:24:36.493+0000][3.742s][info][gc,heap     ] GC(5) Eden regions: 1->0(24)
[2026-09-18T21:24:36.493+0000][3.742s][info][gc,heap     ] GC(5) Survivor regions: 4->1(4)
[2026-09-18T21:24:36.493+0000][3.742s][info][gc,heap     ] GC(5) Old regions: 15->20
[2026-09-18T21:24:36.493+0000][3.742s][info][gc,heap     ] GC(5) Humongous regions: 0->0
[2026-09-18T21:24:36.493+0000][3.742s][info][gc,metaspace] GC(5) Metaspace: 35478K(35968K)->35478K(35968K) NonClass: 31364K(31616K)->31364K(31616K) Class: 4113K(4352K)->4113K(4352K)
[2026-09-18T21:24:36.493+0000][3.742s][info][gc          ] GC(5) Pause Young (Concurrent Start) (Metadata GC Threshold) 153M->162M(4096M) 18.307ms
[2026-09-18T21:24:36.493+0000][3.742s][info][gc,cpu      ] GC(5) User=0.07s Sys=0.00s Real=0.02s
[2026-09-18T21:24:36.493+0000][3.742s][info][gc          ] GC(6) Concurrent Mark Cycle
[2026-09-18T21:24:36.493+0000][3.742s][info][gc,marking  ] GC(6) Concurrent Scan Root Regions
[2026-09-18T21:24:36.519+0000][3.768s][info][gc,marking  ] GC(6) Concurrent Scan Root Regions 25.979ms
[2026-09-18T21:24:36.519+0000][3.768s][info][gc,marking  ] GC(6) Concurrent Mark
[2026-09-18T21:24:36.519+0000][3.768s][info][gc,marking  ] GC(6) Concurrent Mark From Roots
[2026-09-18T21:24:36.519+0000][3.768s][info][gc,task     ] GC(6) Using 1 workers of 1 for marking
[2026-09-18T21:24:36.667+0000][3.916s][info][gc,marking  ] GC(6) Concurrent Mark From Roots 148.211ms
[2026-09-18T21:24:36.667+0000][3.917s][info][gc,marking  ] GC(6) Concurrent Preclean
[2026-09-18T21:24:36.667+0000][3.917s][info][gc,marking  ] GC(6) Concurrent Preclean 0.056ms
[2026-09-18T21:24:36.667+0000][3.917s][info][gc,start    ] GC(6) Pause Remark
[2026-09-18T21:24:36.672+0000][3.922s][info][gc          ] GC(6) Pause Remark 173M->173M(4096M) 5.121ms
[2026-09-18T21:24:36.673+0000][3.922s][info][gc,cpu      ] GC(6) User=0.02s Sys=0.00s Real=0.00s
[2026-09-18T21:24:36.673+0000][3.922s][info][gc,marking  ] GC(6) Concurrent Mark 153.536ms
[2026-09-18T21:24:36.673+0000][3.922s][info][gc,marking  ] GC(6) Concurrent Rebuild Remembered Sets and Scrub Regions
[2026-09-18T21:24:36.738+0000][3.987s][info][gc,marking  ] GC(6) Concurrent Rebuild Remembered Sets and Scrub Regions 65.666ms
[2026-09-18T21:24:36.738+0000][3.988s][info][gc,start    ] GC(6) Pause Cleanup
[2026-09-18T21:24:36.739+0000][3.988s][info][gc          ] GC(6) Pause Cleanup 177M->177M(4096M) 0.072ms
[2026-09-18T21:24:36.739+0000][3.988s][info][gc,cpu      ] GC(6) User=0.01s Sys=0.00s Real=0.00s
[2026-09-18T21:24:36.739+0000][3.988s][info][gc,marking  ] GC(6) Concurrent Clear Claimed Marks
[2026-09-18T21:24:36.739+0000][3.988s][info][gc,marking  ] GC(6) Concurrent Clear Claimed Marks 0.073ms
[2026-09-18T21:24:36.739+0000][3.988s][info][gc,marking  ] GC(6) Concurrent Cleanup for Next Mark
[2026-09-18T21:24:36.742+0000][3.991s][info][gc,marking  ] GC(6) Concurrent Cleanup for Next Mark 3.271ms
[2026-09-18T21:24:36.742+0000][3.991s][info][gc          ] GC(6) Concurrent Mark Cycle 248.992ms
[2026-09-18T21:24:37.503+0000][4.752s][info][gc,start    ] GC(7) Pause Young (Prepare Mixed) (G1 Evacuation Pause)
[2026-09-18T21:24:37.503+0000][4.752s][info][gc,task     ] GC(7) Using 4 workers of 4 for evacuation
[2026-09-18T21:24:37.515+0000][4.764s][info][gc,phases   ] GC(7)   Pre Evacuate Collection Set: 0.15ms
[2026-09-18T21:24:37.515+0000][4.764s][info][gc,phases   ] GC(7)   Merge Heap Roots: 0.06ms
[2026-09-18T21:24:37.515+0000][4.764s][info][gc,phases   ] GC(7)   Evacuate Collection Set: 10.94ms
[2026-09-18T21:24:37.515+0000][4.764s][info][gc,phases   ] GC(7)   Post Evacuate Collection Set: 0.73ms
[2026-09-18T21:24:37.515+0000][4.764s][info][gc,phases   ] GC(7)   Other: 0.05ms
[2026-09-18T21:24:37.515+0000][4.764s][info][gc,heap     ] GC(7) Eden regions: 24->0(22)
[2026-09-18T21:24:37.515+0000][4.764s][info][gc,heap     ] GC(7) Survivor regions: 1->3(4)
[2026-09-18T21:24:37.515+0000][4.764s][info][gc,heap     ] GC(7) Old regions: 20->20
[2026-09-18T21:24:37.515+0000][4.764s][info][gc,heap     ] GC(7) Humongous regions: 0->0
[2026-09-18T21:24:37.515+0000][4.764s][info][gc,metaspace] GC(7) Metaspace: 45506K(46016K)->45506K(46016K) NonClass: 39612K(39936K)->39612K(39936K) Class: 5894K(6080K)->5894K(6080K)
[2026-09-18T21:24:37.515+0000][4.764s][info][gc          ] GC(7) Pause Young (Prepare Mixed) (G1 Evacuation Pause) 354M->176M(4096M) 12.064ms
[2026-09-18T21:24:37.515+0000][4.764s][info][gc,cpu      ] GC(7) User=0.04s Sys=0.00s Real=0.01s
[2026-09-18T21:24:38.958+0000][6.207s][info][gc,start    ] GC(8) Pause Young (Mixed) (G1 Evacuation Pause)
[2026-09-18T21:24:38.958+0000][6.207s][info][gc,task     ] GC(8) Using 4 workers of 4 for evacuation
[2026-09-18T21:24:38.982+0000][6.231s][info][gc,phases   ] GC(8)   Pre Evacuate Collection Set: 0.13ms
[2026-09-18T21:24:38.982+0000][6.231s][info][gc,phases   ] GC(8)   Merge Heap Roots: 0.07ms
[2026-09-18T21:24:38.982+0000][6.231s][info][gc,phases   ] GC(8)   Evacuate Collection Set: 22.64ms
[2026-09-18T21:24:38.982+0000][6.231s][info][gc,phases   ] GC(8)   Post Evacuate Collection Set: 0.96ms
[2026-09-18T21:24:38.982+0000][6.231s][info][gc,phases   ] GC(8)   Other: 0.05ms
[2026-09-18T21:24:38.982+0000][6.231s][info][gc,heap     ] GC(8) Eden regions: 22->0(21)
[2026-09-18T21:24:38.982+0000][6.231s][info][gc,heap     ] GC(8) Survivor regions: 3->4(4)
[2026-09-18T21:24:38.982+0000][6.231s][info][gc,heap     ] GC(8) Old regions: 20->22
[2026-09-18T21:24:38.982+0000][6.231s][info][gc,heap     ] GC(8) Humongous regions: 0->0
[2026-09-18T21:24:38.982+0000][6.231s][info][gc,metaspace] GC(8) Metaspace: 63746K(64448K)->63746K(64448K) NonClass: 54118K(54528K)->54118K(54528K) Class: 9627K(9920K)->9627K(9920K)
[2026-09-18T21:24:38.982+0000][6.231s][info][gc          ] GC(8) Pause Young (Mixed) (G1 Evacuation Pause) 352M->203M(4096M) 23.995ms
[2026-09-18T21:24:38.982+0000][6.231s][info][gc,cpu      ] GC(8) User=0.10s Sys=0.00s Real=0.02s
[2026-09-18T21:24:39.141+0000][6.391s][info][gc,start    ] GC(9) Pause Young (Normal) (G1 Evacuation Pause)
[2026-09-18T21:24:39.142+0000][6.391s][info][gc,task     ] GC(9) Using 4 workers of 4 for evacuation
[2026-09-18T21:24:39.176+0000][6.426s][info][gc,phases   ] GC(9)   Pre Evacuate Collection Set: 0.14ms
[2026-09-18T21:24:39.176+0000][6.426s][info][gc,phases   ] GC(9)   Merge Heap Roots: 0.15ms
[2026-09-18T21:24:39.176+0000][6.426s][info][gc,phases   ] GC(9)   Evacuate Collection Set: 33.93ms
[2026-09-18T21:24:39.176+0000][6.426s][info][gc,phases   ] GC(9)   Post Evacuate Collection Set: 0.49ms
[2026-09-18T21:24:39.176+0000][6.426s][info][gc,phases   ] GC(9)   Other: 0.05ms
[2026-09-18T21:24:39.176+0000][6.426s][info][gc,heap     ] GC(9) Eden regions: 21->0(21)
[2026-09-18T21:24:39.176+0000][6.426s][info][gc,heap     ] GC(9) Survivor regions: 4->4(4)
[2026-09-18T21:24:39.176+0000][6.426s][info][gc,heap     ] GC(9) Old regions: 22->29
[2026-09-18T21:24:39.176+0000][6.426s][info][gc,heap     ] GC(9) Humongous regions: 0->0
[2026-09-18T21:24:39.176+0000][6.426s][info][gc,metaspace] GC(9) Metaspace: 63763K(64448K)->63763K(64448K) NonClass: 54135K(54528K)->54135K(54528K) Class: 9627K(9920K)->9627K(9920K)
[2026-09-18T21:24:39.176+0000][6.426s][info][gc          ] GC(9) Pause Young (Normal) (G1 Evacuation Pause) 371M->262M(4096M) 34.909ms
[2026-09-18T21:24:39.176+0000][6.426s][info][gc,cpu      ] GC(9) User=0.12s Sys=0.00s Real=0.04s
[2026-09-18T21:24:39.223+0000][6.472s][info][gc,start    ] GC(10) Pause Young (Concurrent Start) (Metadata GC Threshold)
[2026-09-18T21:24:39.223+0000][6.472s][info][gc,task     ] GC(10) Using 4 workers of 4 for evacuation
[2026-09-18T21:24:39.240+0000][6.489s][info][gc,phases   ] GC(10)   Pre Evacuate Collection Set: 0.11ms
[2026-09-18T21:24:39.240+0000][6.489s][info][gc,phases   ] GC(10)   Merge Heap Roots: 0.10ms
[2026-09-18T21:24:39.240+0000][6.489s][info][gc,phases   ] GC(10)   Evacuate Collection Set: 16.14ms
[2026-09-18T21:24:39.240+0000][6.489s][info][gc,phases   ] GC(10)   Post Evacuate Collection Set: 0.38ms
[2026-09-18T21:24:39.240+0000][6.489s][info][gc,phases   ] GC(10)   Other: 0.06ms
[2026-09-18T21:24:39.240+0000][6.489s][info][gc,heap     ] GC(10) Eden regions: 5->0(23)
[2026-09-18T21:24:39.240+0000][6.489s][info][gc,heap     ] GC(10) Survivor regions: 4->2(4)
[2026-09-18T21:24:39.240+0000][6.489s][info][gc,heap     ] GC(10) Old regions: 29->34
[2026-09-18T21:24:39.240+0000][6.489s][info][gc,heap     ] GC(10) Humongous regions: 0->0
[2026-09-18T21:24:39.240+0000][6.489s][info][gc,metaspace] GC(10) Metaspace: 63953K(64640K)->63953K(64640K) NonClass: 54291K(54656K)->54291K(54656K) Class: 9662K(9984K)->9662K(9984K)
[2026-09-18T21:24:39.240+0000][6.489s][info][gc          ] GC(10) Pause Young (Concurrent Start) (Metadata GC Threshold) 299M->280M(4096M) 16.913ms
[2026-09-18T21:24:39.240+0000][6.489s][info][gc,cpu      ] GC(10) User=0.06s Sys=0.00s Real=0.02s
[2026-09-18T21:24:39.240+0000][6.489s][info][gc          ] GC(11) Concurrent Mark Cycle
[2026-09-18T21:24:39.240+0000][6.489s][info][gc,marking  ] GC(11) Concurrent Scan Root Regions
[2026-09-18T21:24:39.263+0000][6.512s][info][gc,marking  ] GC(11) Concurrent Scan Root Regions 23.363ms
[2026-09-18T21:24:39.263+0000][6.512s][info][gc,marking  ] GC(11) Concurrent Mark
[2026-09-18T21:24:39.263+0000][6.512s][info][gc,marking  ] GC(11) Concurrent Mark From Roots
[2026-09-18T21:24:39.263+0000][6.512s][info][gc,task     ] GC(11) Using 1 workers of 1 for marking
[2026-09-18T21:24:39.387+0000][6.636s][info][gc,marking  ] GC(11) Concurrent Mark From Roots 124.079ms
[2026-09-18T21:24:39.387+0000][6.636s][info][gc,marking  ] GC(11) Concurrent Preclean
[2026-09-18T21:24:39.387+0000][6.637s][info][gc,marking  ] GC(11) Concurrent Preclean 0.280ms
[2026-09-18T21:24:39.390+0000][6.639s][info][gc,start    ] GC(11) Pause Remark
[2026-09-18T21:24:39.393+0000][6.643s][info][gc          ] GC(11) Pause Remark 283M->283M(4096M) 3.621ms
[2026-09-18T21:24:39.393+0000][6.643s][info][gc,cpu      ] GC(11) User=0.01s Sys=0.00s Real=0.00s
[2026-09-18T21:24:39.393+0000][6.643s][info][gc,marking  ] GC(11) Concurrent Mark 130.270ms
[2026-09-18T21:24:39.393+0000][6.643s][info][gc,marking  ] GC(11) Concurrent Rebuild Remembered Sets and Scrub Regions
[2026-09-18T21:24:39.472+0000][6.721s][info][gc,marking  ] GC(11) Concurrent Rebuild Remembered Sets and Scrub Regions 78.274ms
[2026-09-18T21:24:39.473+0000][6.722s][info][gc,start    ] GC(11) Pause Cleanup
[2026-09-18T21:24:39.473+0000][6.722s][info][gc          ] GC(11) Pause Cleanup 283M->283M(4096M) 0.129ms
[2026-09-18T21:24:39.473+0000][6.722s][info][gc,cpu      ] GC(11) User=0.00s Sys=0.00s Real=0.00s
[2026-09-18T21:24:39.473+0000][6.722s][info][gc,marking  ] GC(11) Concurrent Clear Claimed Marks
[2026-09-18T21:24:39.473+0000][6.722s][info][gc,marking  ] GC(11) Concurrent Clear Claimed Marks 0.057ms
[2026-09-18T21:24:39.473+0000][6.722s][info][gc,marking  ] GC(11) Concurrent Cleanup for Next Mark
[2026-09-18T21:24:39.476+0000][6.725s][info][gc,marking  ] GC(11) Concurrent Cleanup for Next Mark 3.399ms
[2026-09-18T21:24:39.476+0000][6.726s][info][gc          ] GC(11) Concurrent Mark Cycle 236.596ms
[2026-09-18T21:24:41.255+0000][8.504s][info][gc,start    ] GC(12) Pause Young (Prepare Mixed) (G1 Evacuation Pause)
[2026-09-18T21:24:41.255+0000][8.504s][info][gc,task     ] GC(12) Using 4 workers of 4 for evacuation
[2026-09-18T21:24:41.294+0000][8.543s][info][gc,phases   ] GC(12)   Pre Evacuate Collection Set: 0.15ms
[2026-09-18T21:24:41.294+0000][8.543s][info][gc,phases   ] GC(12)   Merge Heap Roots: 0.14ms
[2026-09-18T21:24:41.294+0000][8.543s][info][gc,phases   ] GC(12)   Evacuate Collection Set: 36.87ms
[2026-09-18T21:24:41.294+0000][8.543s][info][gc,phases   ] GC(12)   Post Evacuate Collection Set: 1.33ms
[2026-09-18T21:24:41.294+0000][8.543s][info][gc,phases   ] GC(12)   Other: 0.05ms
[2026-09-18T21:24:41.294+0000][8.543s][info][gc,heap     ] GC(12) Eden regions: 23->0(21)
[2026-09-18T21:24:41.294+0000][8.543s][info][gc,heap     ] GC(12) Survivor regions: 2->4(4)
[2026-09-18T21:24:41.294+0000][8.543s][info][gc,heap     ] GC(12) Old regions: 34->35
[2026-09-18T21:24:41.294+0000][8.543s][info][gc,heap     ] GC(12) Humongous regions: 0->0
[2026-09-18T21:24:41.294+0000][8.543s][info][gc,metaspace] GC(12) Metaspace: 96456K(97280K)->96456K(97280K) NonClass: 82939K(83392K)->82939K(83392K) Class: 13516K(13888K)->13516K(13888K)
[2026-09-18T21:24:41.294+0000][8.543s][info][gc          ] GC(12) Pause Young (Prepare Mixed) (G1 Evacuation Pause) 464M->310M(4096M) 38.712ms
[2026-09-18T21:24:41.294+0000][8.543s][info][gc,cpu      ] GC(12) User=0.15s Sys=0.00s Real=0.04s
[2026-09-18T21:24:41.566+0000][8.815s][info][gc,start    ] GC(13) Pause Young (Mixed) (G1 Evacuation Pause)
[2026-09-18T21:24:41.566+0000][8.816s][info][gc,task     ] GC(13) Using 4 workers of 4 for evacuation
[2026-09-18T21:24:41.617+0000][8.866s][info][gc,phases   ] GC(13)   Pre Evacuate Collection Set: 0.81ms
[2026-09-18T21:24:41.617+0000][8.866s][info][gc,phases   ] GC(13)   Merge Heap Roots: 0.21ms
[2026-09-18T21:24:41.617+0000][8.866s][info][gc,phases   ] GC(13)   Evacuate Collection Set: 48.91ms
[2026-09-18T21:24:41.617+0000][8.866s][info][gc,phases   ] GC(13)   Post Evacuate Collection Set: 0.58ms
[2026-09-18T21:24:41.617+0000][8.866s][info][gc,phases   ] GC(13)   Other: 0.05ms
[2026-09-18T21:24:41.617+0000][8.866s][info][gc,heap     ] GC(13) Eden regions: 21->0(128)
[2026-09-18T21:24:41.617+0000][8.866s][info][gc,heap     ] GC(13) Survivor regions: 4->4(4)
[2026-09-18T21:24:41.617+0000][8.866s][info][gc,heap     ] GC(13) Old regions: 35->39
[2026-09-18T21:24:41.617+0000][8.866s][info][gc,heap     ] GC(13) Humongous regions: 0->0
[2026-09-18T21:24:41.617+0000][8.866s][info][gc,metaspace] GC(13) Metaspace: 97281K(98112K)->97281K(98112K) NonClass: 83650K(84096K)->83650K(84096K) Class: 13630K(14016K)->13630K(14016K)
[2026-09-18T21:24:41.617+0000][8.866s][info][gc          ] GC(13) Pause Young (Mixed) (G1 Evacuation Pause) 478M->342M(4096M) 50.706ms
[2026-09-18T21:24:41.617+0000][8.866s][info][gc,cpu      ] GC(13) User=0.20s Sys=0.00s Real=0.05s
[2026-09-18T21:24:44.362+0000][11.612s][info][gc,start    ] GC(14) Pause Young (Mixed) (Metadata GC Threshold)
[2026-09-18T21:24:44.362+0000][11.612s][info][gc,task     ] GC(14) Using 4 workers of 4 for evacuation
[2026-09-18T21:24:44.425+0000][11.674s][info][gc,phases   ] GC(14)   Pre Evacuate Collection Set: 0.14ms
[2026-09-18T21:24:44.425+0000][11.674s][info][gc,phases   ] GC(14)   Merge Heap Roots: 0.18ms
[2026-09-18T21:24:44.425+0000][11.674s][info][gc,phases   ] GC(14)   Evacuate Collection Set: 59.95ms
[2026-09-18T21:24:44.425+0000][11.674s][info][gc,phases   ] GC(14)   Post Evacuate Collection Set: 2.26ms
[2026-09-18T21:24:44.425+0000][11.674s][info][gc,phases   ] GC(14)   Other: 0.06ms
[2026-09-18T21:24:44.425+0000][11.674s][info][gc,heap     ] GC(14) Eden regions: 89->0(109)
[2026-09-18T21:24:44.425+0000][11.674s][info][gc,heap     ] GC(14) Survivor regions: 4->13(19)
[2026-09-18T21:24:44.425+0000][11.674s][info][gc,heap     ] GC(14) Old regions: 39->38
[2026-09-18T21:24:44.425+0000][11.674s][info][gc,heap     ] GC(14) Humongous regions: 0->0
[2026-09-18T21:24:44.425+0000][11.674s][info][gc,metaspace] GC(14) Metaspace: 113417K(114368K)->113417K(114368K) NonClass: 97160K(97664K)->97160K(97664K) Class: 16257K(16704K)->16257K(16704K)
[2026-09-18T21:24:44.425+0000][11.674s][info][gc          ] GC(14) Pause Young (Mixed) (Metadata GC Threshold) 1054M->402M(5328M) 62.748ms
[2026-09-18T21:24:44.425+0000][11.674s][info][gc,cpu      ] GC(14) User=0.24s Sys=0.01s Real=0.07s
[2026-09-18T21:24:44.450+0000][11.700s][info][gc,start    ] GC(15) Pause Young (Mixed) (Metadata GC Threshold)
[2026-09-18T21:24:44.450+0000][11.700s][info][gc,task     ] GC(15) Using 4 workers of 4 for evacuation
[2026-09-18T21:24:44.498+0000][11.747s][info][gc,phases   ] GC(15)   Pre Evacuate Collection Set: 0.12ms
[2026-09-18T21:24:44.498+0000][11.747s][info][gc,phases   ] GC(15)   Merge Heap Roots: 0.15ms
[2026-09-18T21:24:44.498+0000][11.747s][info][gc,phases   ] GC(15)   Evacuate Collection Set: 46.35ms
[2026-09-18T21:24:44.498+0000][11.747s][info][gc,phases   ] GC(15)   Post Evacuate Collection Set: 0.92ms
[2026-09-18T21:24:44.498+0000][11.747s][info][gc,phases   ] GC(15)   Other: 0.06ms
[2026-09-18T21:24:44.498+0000][11.747s][info][gc,heap     ] GC(15) Eden regions: 1->0(24)
[2026-09-18T21:24:44.498+0000][11.747s][info][gc,heap     ] GC(15) Survivor regions: 13->9(16)
[2026-09-18T21:24:44.498+0000][11.747s][info][gc,heap     ] GC(15) Old regions: 38->42
[2026-09-18T21:24:44.498+0000][11.747s][info][gc,heap     ] GC(15) Humongous regions: 0->0
[2026-09-18T21:24:44.498+0000][11.747s][info][gc,metaspace] GC(15) Metaspace: 113754K(114688K)->113754K(114688K) NonClass: 97447K(97984K)->97447K(97984K) Class: 16306K(16704K)->16306K(16704K)
[2026-09-18T21:24:44.498+0000][11.747s][info][gc          ] GC(15) Pause Young (Mixed) (Metadata GC Threshold) 410M->398M(5328M) 47.750ms
[2026-09-18T21:24:44.498+0000][11.747s][info][gc,cpu      ] GC(15) User=0.18s Sys=0.00s Real=0.05s
[2026-09-18T21:24:44.513+0000][11.762s][info][gc,start    ] GC(16) Pause Young (Concurrent Start) (Metadata GC Threshold)
[2026-09-18T21:24:44.513+0000][11.762s][info][gc,task     ] GC(16) Using 4 workers of 4 for evacuation
[2026-09-18T21:24:44.543+0000][11.792s][info][gc,phases   ] GC(16)   Pre Evacuate Collection Set: 0.16ms
[2026-09-18T21:24:44.543+0000][11.792s][info][gc,phases   ] GC(16)   Merge Heap Roots: 0.11ms
[2026-09-18T21:24:44.543+0000][11.792s][info][gc,phases   ] GC(16)   Evacuate Collection Set: 29.39ms
[2026-09-18T21:24:44.543+0000][11.792s][info][gc,phases   ] GC(16)   Post Evacuate Collection Set: 0.70ms
[2026-09-18T21:24:44.543+0000][11.792s][info][gc,phases   ] GC(16)   Other: 0.08ms
[2026-09-18T21:24:44.543+0000][11.792s][info][gc,heap     ] GC(16) Eden regions: 1->0(46)
[2026-09-18T21:24:44.543+0000][11.792s][info][gc,heap     ] GC(16) Survivor regions: 9->2(5)
[2026-09-18T21:24:44.543+0000][11.792s][info][gc,heap     ] GC(16) Old regions: 42->50
[2026-09-18T21:24:44.543+0000][11.792s][info][gc,heap     ] GC(16) Humongous regions: 0->0
[2026-09-18T21:24:44.543+0000][11.792s][info][gc,metaspace] GC(16) Metaspace: 114068K(115008K)->114068K(115008K) NonClass: 97723K(98240K)->97723K(98240K) Class: 16345K(16768K)->16345K(16768K)
[2026-09-18T21:24:44.543+0000][11.792s][info][gc          ] GC(16) Pause Young (Concurrent Start) (Metadata GC Threshold) 403M->411M(5328M) 30.575ms
[2026-09-18T21:24:44.543+0000][11.792s][info][gc          ] GC(17) Concurrent Mark Cycle
[2026-09-18T21:24:44.543+0000][11.792s][info][gc,marking  ] GC(17) Concurrent Scan Root Regions
[2026-09-18T21:24:44.543+0000][11.792s][info][gc,cpu      ] GC(16) User=0.11s Sys=0.00s Real=0.03s
[2026-09-18T21:24:44.591+0000][11.840s][info][gc,marking  ] GC(17) Concurrent Scan Root Regions 47.786ms
[2026-09-18T21:24:44.591+0000][11.840s][info][gc,marking  ] GC(17) Concurrent Mark
[2026-09-18T21:24:44.591+0000][11.840s][info][gc,marking  ] GC(17) Concurrent Mark From Roots
[2026-09-18T21:24:44.591+0000][11.840s][info][gc,task     ] GC(17) Using 1 workers of 1 for marking
[2026-09-18T21:24:45.000+0000][12.249s][info][gc,marking  ] GC(17) Concurrent Mark From Roots 408.780ms
[2026-09-18T21:24:45.000+0000][12.249s][info][gc,marking  ] GC(17) Concurrent Preclean
[2026-09-18T21:24:45.000+0000][12.250s][info][gc,marking  ] GC(17) Concurrent Preclean 0.477ms
[2026-09-18T21:24:45.003+0000][12.253s][info][gc,start    ] GC(17) Pause Remark
[2026-09-18T21:24:45.015+0000][12.264s][info][gc          ] GC(17) Pause Remark 568M->568M(4096M) 11.284ms
[2026-09-18T21:24:45.015+0000][12.264s][info][gc,cpu      ] GC(17) User=0.03s Sys=0.00s Real=0.01s
[2026-09-18T21:24:45.015+0000][12.264s][info][gc,marking  ] GC(17) Concurrent Mark 423.702ms
[2026-09-18T21:24:45.015+0000][12.264s][info][gc,marking  ] GC(17) Concurrent Rebuild Remembered Sets and Scrub Regions
[2026-09-18T21:24:45.254+0000][12.503s][info][gc,marking  ] GC(17) Concurrent Rebuild Remembered Sets and Scrub Regions 238.927ms
[2026-09-18T21:24:45.254+0000][12.503s][info][gc,start    ] GC(17) Pause Cleanup
[2026-09-18T21:24:45.254+0000][12.503s][info][gc          ] GC(17) Pause Cleanup 629M->629M(4096M) 0.142ms
[2026-09-18T21:24:45.254+0000][12.503s][info][gc,cpu      ] GC(17) User=0.00s Sys=0.01s Real=0.00s
[2026-09-18T21:24:45.257+0000][12.506s][info][gc,marking  ] GC(17) Concurrent Clear Claimed Marks
[2026-09-18T21:24:45.257+0000][12.507s][info][gc,marking  ] GC(17) Concurrent Clear Claimed Marks 0.097ms
[2026-09-18T21:24:45.257+0000][12.507s][info][gc,marking  ] GC(17) Concurrent Cleanup for Next Mark
[2026-09-18T21:24:45.262+0000][12.511s][info][gc,marking  ] GC(17) Concurrent Cleanup for Next Mark 4.832ms
[2026-09-18T21:24:45.262+0000][12.511s][info][gc          ] GC(17) Concurrent Mark Cycle 719.068ms
[2026-09-18T21:24:46.783+0000][14.032s][info][gc,start    ] GC(18) Pause Young (Prepare Mixed) (G1 Evacuation Pause)
[2026-09-18T21:24:46.783+0000][14.032s][info][gc,task     ] GC(18) Using 4 workers of 4 for evacuation
[2026-09-18T21:24:46.798+0000][14.047s][info][gc,phases   ] GC(18)   Pre Evacuate Collection Set: 0.13ms
[2026-09-18T21:24:46.798+0000][14.047s][info][gc,phases   ] GC(18)   Merge Heap Roots: 0.11ms
[2026-09-18T21:24:46.798+0000][14.047s][info][gc,phases   ] GC(18)   Evacuate Collection Set: 13.71ms
[2026-09-18T21:24:46.798+0000][14.047s][info][gc,phases   ] GC(18)   Post Evacuate Collection Set: 0.69ms
[2026-09-18T21:24:46.798+0000][14.047s][info][gc,phases   ] GC(18)   Other: 0.05ms
[2026-09-18T21:24:46.798+0000][14.047s][info][gc,heap     ] GC(18) Eden regions: 64->0(194)
[2026-09-18T21:24:46.798+0000][14.047s][info][gc,heap     ] GC(18) Survivor regions: 2->3(9)
[2026-09-18T21:24:46.798+0000][14.047s][info][gc,heap     ] GC(18) Old regions: 50->50
[2026-09-18T21:24:46.798+0000][14.047s][info][gc,heap     ] GC(18) Humongous regions: 0->0
[2026-09-18T21:24:46.798+0000][14.047s][info][gc,metaspace] GC(18) Metaspace: 128946K(130048K)->128946K(130048K) NonClass: 110599K(111232K)->110599K(111232K) Class: 18347K(18816K)->18347K(18816K)
[2026-09-18T21:24:46.798+0000][14.047s][info][gc          ] GC(18) Pause Young (Prepare Mixed) (G1 Evacuation Pause) 923M->420M(4096M) 14.826ms
[2026-09-18T21:24:46.798+0000][14.047s][info][gc,cpu      ] GC(18) User=0.05s Sys=0.00s Real=0.02s
[2026-09-18T21:24:54.377+0000][21.626s][info][gc,start    ] GC(19) Pause Young (Mixed) (G1 Evacuation Pause)
[2026-09-18T21:24:54.377+0000][21.626s][info][gc,task     ] GC(19) Using 4 workers of 4 for evacuation
[2026-09-18T21:24:54.458+0000][21.708s][info][gc,phases   ] GC(19)   Pre Evacuate Collection Set: 0.16ms
[2026-09-18T21:24:54.459+0000][21.708s][info][gc,phases   ] GC(19)   Merge Heap Roots: 0.32ms
[2026-09-18T21:24:54.459+0000][21.708s][info][gc,phases   ] GC(19)   Evacuate Collection Set: 79.14ms
[2026-09-18T21:24:54.459+0000][21.708s][info][gc,phases   ] GC(19)   Post Evacuate Collection Set: 1.66ms
[2026-09-18T21:24:54.459+0000][21.708s][info][gc,phases   ] GC(19)   Other: 0.11ms
[2026-09-18T21:24:54.459+0000][21.708s][info][gc,heap     ] GC(19) Eden regions: 200->0(4)
[2026-09-18T21:24:54.459+0000][21.708s][info][gc,heap     ] GC(19) Survivor regions: 3->21(26)
[2026-09-18T21:24:54.459+0000][21.708s][info][gc,heap     ] GC(19) Old regions: 50->48
[2026-09-18T21:24:54.459+0000][21.708s][info][gc,heap     ] GC(19) Humongous regions: 0->0
[2026-09-18T21:24:54.459+0000][21.708s][info][gc,metaspace] GC(19) Metaspace: 151027K(152320K)->151027K(152320K) NonClass: 126483K(127232K)->126483K(127232K) Class: 24544K(25088K)->24544K(25088K)
[2026-09-18T21:24:54.459+0000][21.708s][info][gc          ] GC(19) Pause Young (Mixed) (G1 Evacuation Pause) 2020M->545M(4096M) 81.519ms
[2026-09-18T21:24:54.459+0000][21.708s][info][gc,cpu      ] GC(19) User=0.31s Sys=0.01s Real=0.08s
[2026-09-18T21:24:54.516+0000][21.765s][info][gc,start    ] GC(20) Pause Young (Concurrent Start) (G1 Evacuation Pause)
[2026-09-18T21:24:54.516+0000][21.765s][info][gc,task     ] GC(20) Using 4 workers of 4 for evacuation
[2026-09-18T21:24:54.565+0000][21.815s][info][gc,phases   ] GC(20)   Pre Evacuate Collection Set: 0.18ms
[2026-09-18T21:24:54.565+0000][21.815s][info][gc,phases   ] GC(20)   Merge Heap Roots: 0.20ms
[2026-09-18T21:24:54.565+0000][21.815s][info][gc,phases   ] GC(20)   Evacuate Collection Set: 47.83ms
[2026-09-18T21:24:54.565+0000][21.815s][info][gc,phases   ] GC(20)   Post Evacuate Collection Set: 0.87ms
[2026-09-18T21:24:54.565+0000][21.815s][info][gc,phases   ] GC(20)   Other: 0.12ms
[2026-09-18T21:24:54.565+0000][21.815s][info][gc,heap     ] GC(20) Eden regions: 4->0(100)
[2026-09-18T21:24:54.565+0000][21.815s][info][gc,heap     ] GC(20) Survivor regions: 21->2(4)
[2026-09-18T21:24:54.565+0000][21.815s][info][gc,heap     ] GC(20) Old regions: 48->68
[2026-09-18T21:24:54.565+0000][21.815s][info][gc,heap     ] GC(20) Humongous regions: 0->0
[2026-09-18T21:24:54.565+0000][21.815s][info][gc,metaspace] GC(20) Metaspace: 151030K(152320K)->151030K(152320K) NonClass: 126486K(127232K)->126486K(127232K) Class: 24544K(25088K)->24544K(25088K)
[2026-09-18T21:24:54.565+0000][21.815s][info][gc          ] GC(20) Pause Young (Concurrent Start) (G1 Evacuation Pause) 577M->558M(4096M) 49.356ms
[2026-09-18T21:24:54.565+0000][21.815s][info][gc,cpu      ] GC(20) User=0.20s Sys=0.01s Real=0.05s
[2026-09-18T21:24:54.565+0000][21.815s][info][gc          ] GC(21) Concurrent Mark Cycle
[2026-09-18T21:24:54.565+0000][21.815s][info][gc,marking  ] GC(21) Concurrent Scan Root Regions
[2026-09-18T21:24:54.660+0000][21.909s][info][gc,marking  ] GC(21) Concurrent Scan Root Regions 94.639ms
[2026-09-18T21:24:54.660+0000][21.909s][info][gc,marking  ] GC(21) Concurrent Mark
[2026-09-18T21:24:54.660+0000][21.909s][info][gc,marking  ] GC(21) Concurrent Mark From Roots
[2026-09-18T21:24:54.660+0000][21.909s][info][gc,task     ] GC(21) Using 1 workers of 1 for marking
[2026-09-18T21:24:55.139+0000][22.388s][info][gc,marking  ] GC(21) Concurrent Mark From Roots 478.782ms
[2026-09-18T21:24:55.139+0000][22.388s][info][gc,marking  ] GC(21) Concurrent Preclean
[2026-09-18T21:24:55.139+0000][22.389s][info][gc,marking  ] GC(21) Concurrent Preclean 0.504ms
[2026-09-18T21:24:55.140+0000][22.389s][info][gc,start    ] GC(21) Pause Remark
[2026-09-18T21:24:55.156+0000][22.406s][info][gc          ] GC(21) Pause Remark 788M->764M(4096M) 16.674ms
[2026-09-18T21:24:55.156+0000][22.406s][info][gc,cpu      ] GC(21) User=0.05s Sys=0.00s Real=0.02s
[2026-09-18T21:24:55.159+0000][22.408s][info][gc,marking  ] GC(21) Concurrent Mark 498.990ms
[2026-09-18T21:24:55.159+0000][22.408s][info][gc,marking  ] GC(21) Concurrent Rebuild Remembered Sets and Scrub Regions
[2026-09-18T21:24:55.478+0000][22.728s][info][gc,marking  ] GC(21) Concurrent Rebuild Remembered Sets and Scrub Regions 319.299ms
[2026-09-18T21:24:55.479+0000][22.728s][info][gc,start    ] GC(21) Pause Cleanup
[2026-09-18T21:24:55.479+0000][22.728s][info][gc          ] GC(21) Pause Cleanup 893M->893M(4096M) 0.144ms
[2026-09-18T21:24:55.479+0000][22.728s][info][gc,cpu      ] GC(21) User=0.00s Sys=0.00s Real=0.00s
[2026-09-18T21:24:55.479+0000][22.728s][info][gc,marking  ] GC(21) Concurrent Clear Claimed Marks
[2026-09-18T21:24:55.479+0000][22.729s][info][gc,marking  ] GC(21) Concurrent Clear Claimed Marks 0.140ms
[2026-09-18T21:24:55.479+0000][22.729s][info][gc,marking  ] GC(21) Concurrent Cleanup for Next Mark
[2026-09-18T21:24:55.483+0000][22.732s][info][gc,marking  ] GC(21) Concurrent Cleanup for Next Mark 3.461ms
[2026-09-18T21:24:55.483+0000][22.732s][info][gc          ] GC(21) Concurrent Mark Cycle 917.277ms
[2026-09-18T21:24:56.555+0000][23.805s][info][gc,start    ] GC(22) Pause Young (Prepare Mixed) (G1 Evacuation Pause)
[2026-09-18T21:24:56.555+0000][23.805s][info][gc,task     ] GC(22) Using 4 workers of 4 for evacuation
[2026-09-18T21:24:56.604+0000][23.853s][info][gc,phases   ] GC(22)   Pre Evacuate Collection Set: 0.11ms
[2026-09-18T21:24:56.604+0000][23.853s][info][gc,phases   ] GC(22)   Merge Heap Roots: 0.13ms
[2026-09-18T21:24:56.604+0000][23.853s][info][gc,phases   ] GC(22)   Evacuate Collection Set: 47.84ms
[2026-09-18T21:24:56.604+0000][23.853s][info][gc,phases   ] GC(22)   Post Evacuate Collection Set: 0.65ms
[2026-09-18T21:24:56.604+0000][23.853s][info][gc,phases   ] GC(22)   Other: 0.05ms
[2026-09-18T21:24:56.604+0000][23.854s][info][gc,heap     ] GC(22) Eden regions: 113->0(195)
[2026-09-18T21:24:56.604+0000][23.854s][info][gc,heap     ] GC(22) Survivor regions: 2->15(15)
[2026-09-18T21:24:56.604+0000][23.854s][info][gc,heap     ] GC(22) Old regions: 65->71
[2026-09-18T21:24:56.604+0000][23.854s][info][gc,heap     ] GC(22) Humongous regions: 0->0
[2026-09-18T21:24:56.604+0000][23.854s][info][gc,metaspace] GC(22) Metaspace: 151956K(153216K)->151956K(153216K) NonClass: 127275K(128000K)->127275K(128000K) Class: 24680K(25216K)->24680K(25216K)
[2026-09-18T21:24:56.604+0000][23.854s][info][gc          ] GC(22) Pause Young (Prepare Mixed) (G1 Evacuation Pause) 1438M->687M(4096M) 48.965ms
[2026-09-18T21:24:56.604+0000][23.854s][info][gc,cpu      ] GC(22) User=0.19s Sys=0.00s Real=0.04s
[2026-09-18T21:25:00.592+0000][27.841s][info][gc,start    ] GC(23) Pause Young (Mixed) (G1 Evacuation Pause)
[2026-09-18T21:25:00.592+0000][27.841s][info][gc,task     ] GC(23) Using 4 workers of 4 for evacuation
[2026-09-18T21:25:00.715+0000][27.964s][info][gc,phases   ] GC(23)   Pre Evacuate Collection Set: 0.16ms
[2026-09-18T21:25:00.715+0000][27.964s][info][gc,phases   ] GC(23)   Merge Heap Roots: 0.14ms
[2026-09-18T21:25:00.715+0000][27.964s][info][gc,phases   ] GC(23)   Evacuate Collection Set: 121.32ms
[2026-09-18T21:25:00.715+0000][27.964s][info][gc,phases   ] GC(23)   Post Evacuate Collection Set: 0.83ms
[2026-09-18T21:25:00.715+0000][27.964s][info][gc,phases   ] GC(23)   Other: 0.06ms
[2026-09-18T21:25:00.715+0000][27.964s][info][gc,heap     ] GC(23) Eden regions: 203->0(1)
[2026-09-18T21:25:00.715+0000][27.964s][info][gc,heap     ] GC(23) Survivor regions: 15->28(28)
[2026-09-18T21:25:00.715+0000][27.964s][info][gc,heap     ] GC(23) Old regions: 71->94
[2026-09-18T21:25:00.715+0000][27.964s][info][gc,heap     ] GC(23) Humongous regions: 0->0
[2026-09-18T21:25:00.715+0000][27.964s][info][gc,metaspace] GC(23) Metaspace: 153232K(154688K)->153232K(154688K) NonClass: 128349K(129216K)->128349K(129216K) Class: 24882K(25472K)->24882K(25472K)
[2026-09-18T21:25:00.715+0000][27.964s][info][gc          ] GC(23) Pause Young (Mixed) (G1 Evacuation Pause) 2311M->976M(4096M) 122.661ms
[2026-09-18T21:25:00.715+0000][27.964s][info][gc,cpu      ] GC(23) User=0.47s Sys=0.02s Real=0.12s
[2026-09-18T21:25:00.725+0000][27.974s][info][gc,start    ] GC(24) Pause Young (Concurrent Start) (G1 Evacuation Pause)
[2026-09-18T21:25:00.725+0000][27.974s][info][gc,task     ] GC(24) Using 4 workers of 4 for evacuation
[2026-09-18T21:25:00.783+0000][28.032s][info][gc,phases   ] GC(24)   Pre Evacuate Collection Set: 0.12ms
[2026-09-18T21:25:00.783+0000][28.032s][info][gc,phases   ] GC(24)   Merge Heap Roots: 0.09ms
[2026-09-18T21:25:00.783+0000][28.032s][info][gc,phases   ] GC(24)   Evacuate Collection Set: 57.26ms
[2026-09-18T21:25:00.783+0000][28.032s][info][gc,phases   ] GC(24)   Post Evacuate Collection Set: 0.60ms
[2026-09-18T21:25:00.783+0000][28.032s][info][gc,phases   ] GC(24)   Other: 0.06ms
[2026-09-18T21:25:00.783+0000][28.032s][info][gc,heap     ] GC(24) Eden regions: 1->0(97)
[2026-09-18T21:25:00.783+0000][28.032s][info][gc,heap     ] GC(24) Survivor regions: 28->2(4)
[2026-09-18T21:25:00.783+0000][28.032s][info][gc,heap     ] GC(24) Old regions: 94->123
[2026-09-18T21:25:00.783+0000][28.032s][info][gc,heap     ] GC(24) Humongous regions: 0->0
[2026-09-18T21:25:00.783+0000][28.032s][info][gc,metaspace] GC(24) Metaspace: 153232K(154688K)->153232K(154688K) NonClass: 128349K(129216K)->128349K(129216K) Class: 24882K(25472K)->24882K(25472K)
[2026-09-18T21:25:00.783+0000][28.032s][info][gc          ] GC(24) Pause Young (Concurrent Start) (G1 Evacuation Pause) 984M->1000M(4096M) 58.250ms
[2026-09-18T21:25:00.783+0000][28.032s][info][gc,cpu      ] GC(24) User=0.21s Sys=0.02s Real=0.06s
[2026-09-18T21:25:00.783+0000][28.032s][info][gc          ] GC(25) Concurrent Mark Cycle
[2026-09-18T21:25:00.783+0000][28.032s][info][gc,marking  ] GC(25) Concurrent Scan Root Regions
[2026-09-18T21:25:00.875+0000][28.124s][info][gc,marking  ] GC(25) Concurrent Scan Root Regions 92.135ms
[2026-09-18T21:25:00.875+0000][28.124s][info][gc,marking  ] GC(25) Concurrent Mark
[2026-09-18T21:25:00.875+0000][28.124s][info][gc,marking  ] GC(25) Concurrent Mark From Roots
[2026-09-18T21:25:00.875+0000][28.124s][info][gc,task     ] GC(25) Using 1 workers of 1 for marking
[2026-09-18T21:25:01.552+0000][28.801s][info][gc,marking  ] GC(25) Concurrent Mark From Roots 676.919ms
[2026-09-18T21:25:01.552+0000][28.801s][info][gc,marking  ] GC(25) Concurrent Preclean
[2026-09-18T21:25:01.553+0000][28.802s][info][gc,marking  ] GC(25) Concurrent Preclean 0.566ms
[2026-09-18T21:25:01.553+0000][28.802s][info][gc,start    ] GC(25) Pause Remark
[2026-09-18T21:25:01.575+0000][28.824s][info][gc          ] GC(25) Pause Remark 1298M->1242M(4096M) 22.028ms
[2026-09-18T21:25:01.575+0000][28.824s][info][gc,cpu      ] GC(25) User=0.07s Sys=0.00s Real=0.02s
[2026-09-18T21:25:01.575+0000][28.824s][info][gc,marking  ] GC(25) Concurrent Mark 699.910ms
[2026-09-18T21:25:01.575+0000][28.824s][info][gc,marking  ] GC(25) Concurrent Rebuild Remembered Sets and Scrub Regions
[2026-09-18T21:25:01.971+0000][29.221s][info][gc,marking  ] GC(25) Concurrent Rebuild Remembered Sets and Scrub Regions 396.278ms
[2026-09-18T21:25:01.972+0000][29.221s][info][gc,start    ] GC(25) Pause Cleanup
[2026-09-18T21:25:01.972+0000][29.221s][info][gc          ] GC(25) Pause Cleanup 1469M->1469M(4096M) 0.167ms
[2026-09-18T21:25:01.972+0000][29.221s][info][gc,cpu      ] GC(25) User=0.00s Sys=0.00s Real=0.00s
[2026-09-18T21:25:01.972+0000][29.221s][info][gc,marking  ] GC(25) Concurrent Clear Claimed Marks
[2026-09-18T21:25:01.972+0000][29.221s][info][gc,marking  ] GC(25) Concurrent Clear Claimed Marks 0.168ms
[2026-09-18T21:25:01.972+0000][29.221s][info][gc,marking  ] GC(25) Concurrent Cleanup for Next Mark
[2026-09-18T21:25:01.976+0000][29.225s][info][gc,marking  ] GC(25) Concurrent Cleanup for Next Mark 3.769ms
[2026-09-18T21:25:01.976+0000][29.225s][info][gc          ] GC(25) Concurrent Mark Cycle 1192.789ms
[2026-09-18T21:25:02.513+0000][29.762s][info][gc,start    ] GC(26) Pause Young (Prepare Mixed) (G1 Evacuation Pause)
[2026-09-18T21:25:02.513+0000][29.762s][info][gc,task     ] GC(26) Using 4 workers of 4 for evacuation
[2026-09-18T21:25:02.560+0000][29.809s][info][gc,phases   ] GC(26)   Pre Evacuate Collection Set: 0.15ms
[2026-09-18T21:25:02.560+0000][29.809s][info][gc,phases   ] GC(26)   Merge Heap Roots: 0.15ms
[2026-09-18T21:25:02.560+0000][29.809s][info][gc,phases   ] GC(26)   Evacuate Collection Set: 46.28ms
[2026-09-18T21:25:02.560+0000][29.809s][info][gc,phases   ] GC(26)   Post Evacuate Collection Set: 0.73ms
[2026-09-18T21:25:02.560+0000][29.809s][info][gc,phases   ] GC(26)   Other: 0.05ms
[2026-09-18T21:25:02.560+0000][29.809s][info][gc,heap     ] GC(26) Eden regions: 102->0(209)
[2026-09-18T21:25:02.560+0000][29.809s][info][gc,heap     ] GC(26) Survivor regions: 2->13(13)
[2026-09-18T21:25:02.560+0000][29.809s][info][gc,heap     ] GC(26) Old regions: 116->125
[2026-09-18T21:25:02.560+0000][29.809s][info][gc,heap     ] GC(26) Humongous regions: 0->0
[2026-09-18T21:25:02.560+0000][29.809s][info][gc,metaspace] GC(26) Metaspace: 153373K(154880K)->153373K(154880K) NonClass: 128462K(129344K)->128462K(129344K) Class: 24910K(25536K)->24910K(25536K)
[2026-09-18T21:25:02.560+0000][29.809s][info][gc          ] GC(26) Pause Young (Prepare Mixed) (G1 Evacuation Pause) 1760M->1100M(4096M) 47.512ms
[2026-09-18T21:25:02.560+0000][29.809s][info][gc,cpu      ] GC(26) User=0.19s Sys=0.00s Real=0.05s
[2026-09-18T21:25:05.855+0000][33.105s][info][gc,start    ] GC(27) Pause Young (Mixed) (G1 Evacuation Pause)
[2026-09-18T21:25:05.855+0000][33.105s][info][gc,task     ] GC(27) Using 4 workers of 4 for evacuation
[2026-09-18T21:25:05.962+0000][33.211s][info][gc,phases   ] GC(27)   Pre Evacuate Collection Set: 0.14ms
[2026-09-18T21:25:05.962+0000][33.211s][info][gc,phases   ] GC(27)   Merge Heap Roots: 0.12ms
[2026-09-18T21:25:05.962+0000][33.211s][info][gc,phases   ] GC(27)   Evacuate Collection Set: 105.51ms
[2026-09-18T21:25:05.962+0000][33.211s][info][gc,phases   ] GC(27)   Post Evacuate Collection Set: 0.81ms
[2026-09-18T21:25:05.962+0000][33.211s][info][gc,phases   ] GC(27)   Other: 0.07ms
[2026-09-18T21:25:05.962+0000][33.211s][info][gc,heap     ] GC(27) Eden regions: 216->0(1)
[2026-09-18T21:25:05.962+0000][33.211s][info][gc,heap     ] GC(27) Survivor regions: 13->29(29)
[2026-09-18T21:25:05.962+0000][33.211s][info][gc,heap     ] GC(27) Old regions: 125->141
[2026-09-18T21:25:05.962+0000][33.211s][info][gc,heap     ] GC(27) Humongous regions: 0->0
[2026-09-18T21:25:05.962+0000][33.211s][info][gc,metaspace] GC(27) Metaspace: 153741K(155200K)->153741K(155200K) NonClass: 128762K(129600K)->128762K(129600K) Class: 24978K(25600K)->24978K(25600K)
[2026-09-18T21:25:05.962+0000][33.211s][info][gc          ] GC(27) Pause Young (Mixed) (G1 Evacuation Pause) 2828M->1356M(4096M) 106.785ms
[2026-09-18T21:25:05.962+0000][33.211s][info][gc,cpu      ] GC(27) User=0.41s Sys=0.02s Real=0.10s
[2026-09-18T21:25:05.966+0000][33.215s][info][gc,start    ] GC(28) Pause Young (Concurrent Start) (G1 Evacuation Pause)
[2026-09-18T21:25:05.966+0000][33.215s][info][gc,task     ] GC(28) Using 4 workers of 4 for evacuation
[2026-09-18T21:25:06.020+0000][33.269s][info][gc,phases   ] GC(28)   Pre Evacuate Collection Set: 0.15ms
[2026-09-18T21:25:06.020+0000][33.269s][info][gc,phases   ] GC(28)   Merge Heap Roots: 0.08ms
[2026-09-18T21:25:06.020+0000][33.269s][info][gc,phases   ] GC(28)   Evacuate Collection Set: 53.46ms
[2026-09-18T21:25:06.020+0000][33.269s][info][gc,phases   ] GC(28)   Post Evacuate Collection Set: 0.51ms
[2026-09-18T21:25:06.020+0000][33.269s][info][gc,phases   ] GC(28)   Other: 0.07ms
[2026-09-18T21:25:06.020+0000][33.269s][info][gc,heap     ] GC(28) Eden regions: 1->0(150)
[2026-09-18T21:25:06.020+0000][33.269s][info][gc,heap     ] GC(28) Survivor regions: 29->2(4)
[2026-09-18T21:25:06.020+0000][33.269s][info][gc,heap     ] GC(28) Old regions: 141->171
[2026-09-18T21:25:06.020+0000][33.269s][info][gc,heap     ] GC(28) Humongous regions: 0->0
[2026-09-18T21:25:06.020+0000][33.269s][info][gc,metaspace] GC(28) Metaspace: 153753K(155264K)->153753K(155264K) NonClass: 128771K(129664K)->128771K(129664K) Class: 24981K(25600K)->24981K(25600K)
[2026-09-18T21:25:06.020+0000][33.269s][info][gc          ] GC(28) Pause Young (Concurrent Start) (G1 Evacuation Pause) 1364M->1380M(4096M) 54.396ms
[2026-09-18T21:25:06.020+0000][33.269s][info][gc,cpu      ] GC(28) User=0.21s Sys=0.01s Real=0.05s
[2026-09-18T21:25:06.020+0000][33.269s][info][gc          ] GC(29) Concurrent Mark Cycle
[2026-09-18T21:25:06.020+0000][33.269s][info][gc,marking  ] GC(29) Concurrent Scan Root Regions
[2026-09-18T21:25:06.092+0000][33.341s][info][gc,marking  ] GC(29) Concurrent Scan Root Regions 71.509ms
[2026-09-18T21:25:06.092+0000][33.341s][info][gc,marking  ] GC(29) Concurrent Mark
[2026-09-18T21:25:06.092+0000][33.341s][info][gc,marking  ] GC(29) Concurrent Mark From Roots
[2026-09-18T21:25:06.092+0000][33.341s][info][gc,task     ] GC(29) Using 1 workers of 1 for marking
[2026-09-18T21:25:06.867+0000][34.117s][info][gc,marking  ] GC(29) Concurrent Mark From Roots 775.674ms
[2026-09-18T21:25:06.867+0000][34.117s][info][gc,marking  ] GC(29) Concurrent Preclean
[2026-09-18T21:25:06.868+0000][34.117s][info][gc,marking  ] GC(29) Concurrent Preclean 0.649ms
[2026-09-18T21:25:06.868+0000][34.118s][info][gc,start    ] GC(29) Pause Remark
[2026-09-18T21:25:06.887+0000][34.136s][info][gc          ] GC(29) Pause Remark 1791M->1671M(4096M) 18.655ms
[2026-09-18T21:25:06.887+0000][34.136s][info][gc,cpu      ] GC(29) User=0.05s Sys=0.00s Real=0.02s
[2026-09-18T21:25:06.887+0000][34.136s][info][gc,marking  ] GC(29) Concurrent Mark 795.341ms
[2026-09-18T21:25:06.887+0000][34.136s][info][gc,marking  ] GC(29) Concurrent Rebuild Remembered Sets and Scrub Regions
[2026-09-18T21:25:07.489+0000][34.738s][info][gc,marking  ] GC(29) Concurrent Rebuild Remembered Sets and Scrub Regions 601.833ms
[2026-09-18T21:25:07.489+0000][34.738s][info][gc,start    ] GC(29) Pause Cleanup
[2026-09-18T21:25:07.489+0000][34.739s][info][gc          ] GC(29) Pause Cleanup 1943M->1943M(4096M) 0.166ms
[2026-09-18T21:25:07.489+0000][34.739s][info][gc,cpu      ] GC(29) User=0.00s Sys=0.00s Real=0.00s
[2026-09-18T21:25:07.489+0000][34.739s][info][gc,marking  ] GC(29) Concurrent Clear Claimed Marks
[2026-09-18T21:25:07.490+0000][34.739s][info][gc,marking  ] GC(29) Concurrent Clear Claimed Marks 0.163ms
[2026-09-18T21:25:07.490+0000][34.739s][info][gc,marking  ] GC(29) Concurrent Cleanup for Next Mark
[2026-09-18T21:25:07.493+0000][34.742s][info][gc,marking  ] GC(29) Concurrent Cleanup for Next Mark 3.443ms
[2026-09-18T21:25:07.493+0000][34.742s][info][gc          ] GC(29) Concurrent Mark Cycle 1473.117ms
[2026-09-18T21:25:08.565+0000][35.814s][info][gc,start    ] GC(30) Pause Young (Prepare Mixed) (G1 Evacuation Pause)
[2026-09-18T21:25:08.565+0000][35.814s][info][gc,task     ] GC(30) Using 4 workers of 4 for evacuation
[2026-09-18T21:25:08.624+0000][35.873s][info][gc,phases   ] GC(30)   Pre Evacuate Collection Set: 0.14ms
[2026-09-18T21:25:08.624+0000][35.873s][info][gc,phases   ] GC(30)   Merge Heap Roots: 0.17ms
[2026-09-18T21:25:08.624+0000][35.873s][info][gc,phases   ] GC(30)   Evacuate Collection Set: 58.15ms
[2026-09-18T21:25:08.624+0000][35.873s][info][gc,phases   ] GC(30)   Post Evacuate Collection Set: 0.66ms
[2026-09-18T21:25:08.624+0000][35.874s][info][gc,phases   ] GC(30)   Other: 0.05ms
[2026-09-18T21:25:08.624+0000][35.874s][info][gc,heap     ] GC(30) Eden regions: 152->0(214)
[2026-09-18T21:25:08.624+0000][35.874s][info][gc,heap     ] GC(30) Survivor regions: 2->20(20)
[2026-09-18T21:25:08.624+0000][35.874s][info][gc,heap     ] GC(30) Old regions: 156->162
[2026-09-18T21:25:08.624+0000][35.874s][info][gc,heap     ] GC(30) Humongous regions: 0->0
[2026-09-18T21:25:08.624+0000][35.874s][info][gc,metaspace] GC(30) Metaspace: 154099K(155584K)->154099K(155584K) NonClass: 129070K(129920K)->129070K(129920K) Class: 25028K(25664K)->25028K(25664K)
[2026-09-18T21:25:08.624+0000][35.874s][info][gc          ] GC(30) Pause Young (Prepare Mixed) (G1 Evacuation Pause) 2476M->1452M(4096M) 59.328ms
[2026-09-18T21:25:08.624+0000][35.874s][info][gc,cpu      ] GC(30) User=0.23s Sys=0.00s Real=0.06s
[2026-09-18T21:25:11.731+0000][38.980s][info][gc,start    ] GC(31) Pause Young (Mixed) (G1 Evacuation Pause)
[2026-09-18T21:25:11.731+0000][38.980s][info][gc,task     ] GC(31) Using 4 workers of 4 for evacuation
[2026-09-18T21:25:11.856+0000][39.105s][info][gc,phases   ] GC(31)   Pre Evacuate Collection Set: 0.15ms
[2026-09-18T21:25:11.856+0000][39.105s][info][gc,phases   ] GC(31)   Merge Heap Roots: 0.13ms
[2026-09-18T21:25:11.856+0000][39.105s][info][gc,phases   ] GC(31)   Evacuate Collection Set: 124.13ms
[2026-09-18T21:25:11.856+0000][39.105s][info][gc,phases   ] GC(31)   Post Evacuate Collection Set: 0.70ms
[2026-09-18T21:25:11.856+0000][39.105s][info][gc,phases   ] GC(31)   Other: 0.05ms
[2026-09-18T21:25:11.856+0000][39.105s][info][gc,heap     ] GC(31) Eden regions: 221->0(27)
[2026-09-18T21:25:11.856+0000][39.105s][info][gc,heap     ] GC(31) Survivor regions: 20->31(31)
[2026-09-18T21:25:11.856+0000][39.105s][info][gc,heap     ] GC(31) Old regions: 162->179
[2026-09-18T21:25:11.856+0000][39.105s][info][gc,heap     ] GC(31) Humongous regions: 0->0
[2026-09-18T21:25:11.856+0000][39.105s][info][gc,metaspace] GC(31) Metaspace: 154364K(155840K)->154364K(155840K) NonClass: 129317K(130176K)->129317K(130176K) Class: 25047K(25664K)->25047K(25664K)
[2026-09-18T21:25:11.856+0000][39.105s][info][gc          ] GC(31) Pause Young (Mixed) (G1 Evacuation Pause) 3220M->1680M(4096M) 125.297ms
[2026-09-18T21:25:11.856+0000][39.105s][info][gc,cpu      ] GC(31) User=0.49s Sys=0.02s Real=0.13s
[2026-09-18T21:25:12.310+0000][39.560s][info][gc,start    ] GC(32) Pause Young (Concurrent Start) (G1 Evacuation Pause)
[2026-09-18T21:25:12.310+0000][39.560s][info][gc,task     ] GC(32) Using 4 workers of 4 for evacuation
[2026-09-18T21:25:12.392+0000][39.641s][info][gc,phases   ] GC(32)   Pre Evacuate Collection Set: 0.15ms
[2026-09-18T21:25:12.392+0000][39.641s][info][gc,phases   ] GC(32)   Merge Heap Roots: 0.15ms
[2026-09-18T21:25:12.392+0000][39.641s][info][gc,phases   ] GC(32)   Evacuate Collection Set: 80.36ms
[2026-09-18T21:25:12.392+0000][39.641s][info][gc,phases   ] GC(32)   Post Evacuate Collection Set: 0.61ms
[2026-09-18T21:25:12.392+0000][39.641s][info][gc,phases   ] GC(32)   Other: 0.08ms
[2026-09-18T21:25:12.392+0000][39.641s][info][gc,heap     ] GC(32) Eden regions: 29->0(148)
[2026-09-18T21:25:12.392+0000][39.641s][info][gc,heap     ] GC(32) Survivor regions: 31->7(8)
[2026-09-18T21:25:12.392+0000][39.641s][info][gc,heap     ] GC(32) Old regions: 179->211
[2026-09-18T21:25:12.392+0000][39.641s][info][gc,heap     ] GC(32) Humongous regions: 0->0
[2026-09-18T21:25:12.392+0000][39.641s][info][gc,metaspace] GC(32) Metaspace: 154381K(155904K)->154381K(155904K) NonClass: 129331K(130240K)->129331K(130240K) Class: 25049K(25664K)->25049K(25664K)
[2026-09-18T21:25:12.392+0000][39.641s][info][gc          ] GC(32) Pause Young (Concurrent Start) (G1 Evacuation Pause) 1912M->1740M(4096M) 81.490ms
[2026-09-18T21:25:12.392+0000][39.641s][info][gc,cpu      ] GC(32) User=0.31s Sys=0.02s Real=0.08s
[2026-09-18T21:25:12.392+0000][39.641s][info][gc          ] GC(33) Concurrent Mark Cycle
[2026-09-18T21:25:12.392+0000][39.641s][info][gc,marking  ] GC(33) Concurrent Scan Root Regions
[2026-09-18T21:25:12.563+0000][39.812s][info][gc,marking  ] GC(33) Concurrent Scan Root Regions 171.261ms
[2026-09-18T21:25:12.563+0000][39.812s][info][gc,marking  ] GC(33) Concurrent Mark
[2026-09-18T21:25:12.563+0000][39.812s][info][gc,marking  ] GC(33) Concurrent Mark From Roots
[2026-09-18T21:25:12.563+0000][39.812s][info][gc,task     ] GC(33) Using 1 workers of 1 for marking
[2026-09-18T21:25:13.668+0000][40.918s][info][gc,marking  ] GC(33) Concurrent Mark From Roots 1105.191ms
[2026-09-18T21:25:13.668+0000][40.918s][info][gc,marking  ] GC(33) Concurrent Preclean
[2026-09-18T21:25:13.669+0000][40.918s][info][gc,marking  ] GC(33) Concurrent Preclean 0.670ms
[2026-09-18T21:25:13.669+0000][40.919s][info][gc,start    ] GC(33) Pause Remark
[2026-09-18T21:25:13.691+0000][40.940s][info][gc          ] GC(33) Pause Remark 2292M->2052M(4096M) 21.394ms
[2026-09-18T21:25:13.691+0000][40.940s][info][gc,cpu      ] GC(33) User=0.06s Sys=0.00s Real=0.02s
[2026-09-18T21:25:13.691+0000][40.940s][info][gc,marking  ] GC(33) Concurrent Mark 1127.614ms
[2026-09-18T21:25:13.691+0000][40.940s][info][gc,marking  ] GC(33) Concurrent Rebuild Remembered Sets and Scrub Regions
[2026-09-18T21:25:14.528+0000][41.777s][info][gc,marking  ] GC(33) Concurrent Rebuild Remembered Sets and Scrub Regions 837.285ms
[2026-09-18T21:25:14.531+0000][41.781s][info][gc,start    ] GC(33) Pause Cleanup
[2026-09-18T21:25:14.532+0000][41.781s][info][gc          ] GC(33) Pause Cleanup 2356M->2356M(4096M) 0.234ms
[2026-09-18T21:25:14.532+0000][41.781s][info][gc,cpu      ] GC(33) User=0.00s Sys=0.00s Real=0.00s
[2026-09-18T21:25:14.532+0000][41.781s][info][gc,marking  ] GC(33) Concurrent Clear Claimed Marks
[2026-09-18T21:25:14.532+0000][41.781s][info][gc,marking  ] GC(33) Concurrent Clear Claimed Marks 0.212ms
[2026-09-18T21:25:14.532+0000][41.781s][info][gc,marking  ] GC(33) Concurrent Cleanup for Next Mark
[2026-09-18T21:25:14.536+0000][41.785s][info][gc,marking  ] GC(33) Concurrent Cleanup for Next Mark 3.770ms
[2026-09-18T21:25:14.536+0000][41.785s][info][gc          ] GC(33) Concurrent Mark Cycle 2144.192ms
[2026-09-18T21:25:15.153+0000][42.402s][info][gc,start    ] GC(34) Pause Young (Prepare Mixed) (G1 Evacuation Pause)
[2026-09-18T21:25:15.153+0000][42.402s][info][gc,task     ] GC(34) Using 4 workers of 4 for evacuation
[2026-09-18T21:25:15.227+0000][42.477s][info][gc,phases   ] GC(34)   Pre Evacuate Collection Set: 0.15ms
[2026-09-18T21:25:15.227+0000][42.477s][info][gc,phases   ] GC(34)   Merge Heap Roots: 0.18ms
[2026-09-18T21:25:15.227+0000][42.477s][info][gc,phases   ] GC(34)   Evacuate Collection Set: 73.27ms
[2026-09-18T21:25:15.227+0000][42.477s][info][gc,phases   ] GC(34)   Post Evacuate Collection Set: 0.77ms
[2026-09-18T21:25:15.227+0000][42.477s][info][gc,phases   ] GC(34)   Other: 0.05ms
[2026-09-18T21:25:15.227+0000][42.477s][info][gc,heap     ] GC(34) Eden regions: 149->0(207)
[2026-09-18T21:25:15.227+0000][42.477s][info][gc,heap     ] GC(34) Survivor regions: 7->20(20)
[2026-09-18T21:25:15.227+0000][42.477s][info][gc,heap     ] GC(34) Old regions: 181->194
[2026-09-18T21:25:15.227+0000][42.477s][info][gc,heap     ] GC(34) Humongous regions: 0->0
[2026-09-18T21:25:15.227+0000][42.477s][info][gc,metaspace] GC(34) Metaspace: 154496K(155968K)->154496K(155968K) NonClass: 129436K(130304K)->129436K(130304K) Class: 25059K(25664K)->25059K(25664K)
[2026-09-18T21:25:15.227+0000][42.477s][info][gc          ] GC(34) Pause Young (Prepare Mixed) (G1 Evacuation Pause) 2692M->1712M(4096M) 74.563ms
[2026-09-18T21:25:15.227+0000][42.477s][info][gc,cpu      ] GC(34) User=0.29s Sys=0.00s Real=0.08s
[2026-09-18T21:25:18.141+0000][45.391s][info][gc,start    ] GC(35) Pause Young (Mixed) (G1 Evacuation Pause)
[2026-09-18T21:25:18.141+0000][45.391s][info][gc,task     ] GC(35) Using 4 workers of 4 for evacuation
[2026-09-18T21:25:18.257+0000][45.506s][info][gc,phases   ] GC(35)   Pre Evacuate Collection Set: 0.15ms
[2026-09-18T21:25:18.257+0000][45.506s][info][gc,phases   ] GC(35)   Merge Heap Roots: 0.18ms
[2026-09-18T21:25:18.257+0000][45.506s][info][gc,phases   ] GC(35)   Evacuate Collection Set: 113.27ms
[2026-09-18T21:25:18.257+0000][45.506s][info][gc,phases   ] GC(35)   Merge Optional Heap Roots: 0.08ms
[2026-09-18T21:25:18.257+0000][45.506s][info][gc,phases   ] GC(35)   Evacuate Optional Collection Set: 0.98ms
[2026-09-18T21:25:18.257+0000][45.506s][info][gc,phases   ] GC(35)   Post Evacuate Collection Set: 0.80ms
[2026-09-18T21:25:18.257+0000][45.506s][info][gc,phases   ] GC(35)   Other: 0.07ms
[2026-09-18T21:25:18.257+0000][45.506s][info][gc,heap     ] GC(35) Eden regions: 207->0(189)
[2026-09-18T21:25:18.257+0000][45.506s][info][gc,heap     ] GC(35) Survivor regions: 20->29(29)
[2026-09-18T21:25:18.257+0000][45.506s][info][gc,heap     ] GC(35) Old regions: 194->208
[2026-09-18T21:25:18.257+0000][45.506s][info][gc,heap     ] GC(35) Humongous regions: 0->0
[2026-09-18T21:25:18.257+0000][45.506s][info][gc,metaspace] GC(35) Metaspace: 154602K(156096K)->154602K(156096K) NonClass: 129541K(130432K)->129541K(130432K) Class: 25060K(25664K)->25060K(25664K)
[2026-09-18T21:25:18.257+0000][45.506s][info][gc          ] GC(35) Pause Young (Mixed) (G1 Evacuation Pause) 3368M->1896M(4096M) 115.678ms
[2026-09-18T21:25:18.257+0000][45.506s][info][gc,cpu      ] GC(35) User=0.45s Sys=0.00s Real=0.12s
[2026-09-18T21:25:21.772+0000][49.021s][info][gc,start    ] GC(36) Pause Young (Mixed) (G1 Evacuation Pause)
[2026-09-18T21:25:21.772+0000][49.021s][info][gc,task     ] GC(36) Using 4 workers of 4 for evacuation
[2026-09-18T21:25:21.911+0000][49.161s][info][gc,phases   ] GC(36)   Pre Evacuate Collection Set: 0.20ms
[2026-09-18T21:25:21.911+0000][49.161s][info][gc,phases   ] GC(36)   Merge Heap Roots: 0.34ms
[2026-09-18T21:25:21.911+0000][49.161s][info][gc,phases   ] GC(36)   Evacuate Collection Set: 137.67ms
[2026-09-18T21:25:21.911+0000][49.161s][info][gc,phases   ] GC(36)   Post Evacuate Collection Set: 0.86ms
[2026-09-18T21:25:21.911+0000][49.161s][info][gc,phases   ] GC(36)   Other: 0.08ms
[2026-09-18T21:25:21.911+0000][49.161s][info][gc,heap     ] GC(36) Eden regions: 192->0(170)
[2026-09-18T21:25:21.911+0000][49.161s][info][gc,heap     ] GC(36) Survivor regions: 29->28(28)
[2026-09-18T21:25:21.911+0000][49.161s][info][gc,heap     ] GC(36) Old regions: 208->240
[2026-09-18T21:25:21.911+0000][49.161s][info][gc,heap     ] GC(36) Humongous regions: 9->0
[2026-09-18T21:25:21.911+0000][49.161s][info][gc,metaspace] GC(36) Metaspace: 157715K(159232K)->157715K(159232K) NonClass: 132104K(132992K)->132104K(132992K) Class: 25611K(26240K)->25611K(26240K)
[2026-09-18T21:25:21.911+0000][49.161s][info][gc          ] GC(36) Pause Young (Mixed) (G1 Evacuation Pause) 3504M->2144M(4096M) 139.292ms
[2026-09-18T21:25:21.911+0000][49.161s][info][gc,cpu      ] GC(36) User=0.53s Sys=0.03s Real=0.14s
[2026-09-18T21:38:05.218+0000][812.467s][info][gc,start    ] GC(37) Pause Young (Mixed) (G1 Evacuation Pause)
[2026-09-18T21:38:05.218+0000][812.467s][info][gc,task     ] GC(37) Using 4 workers of 4 for evacuation
[2026-09-18T21:38:05.322+0000][812.571s][info][gc,phases   ] GC(37)   Pre Evacuate Collection Set: 0.14ms
[2026-09-18T21:38:05.322+0000][812.571s][info][gc,phases   ] GC(37)   Merge Heap Roots: 0.53ms
[2026-09-18T21:38:05.322+0000][812.571s][info][gc,phases   ] GC(37)   Evacuate Collection Set: 101.92ms
[2026-09-18T21:38:05.322+0000][812.571s][info][gc,phases   ] GC(37)   Post Evacuate Collection Set: 1.15ms
[2026-09-18T21:38:05.322+0000][812.571s][info][gc,phases   ] GC(37)   Other: 0.06ms
[2026-09-18T21:38:05.322+0000][812.571s][info][gc,heap     ] GC(37) Eden regions: 170->0(162)
[2026-09-18T21:38:05.322+0000][812.571s][info][gc,heap     ] GC(37) Survivor regions: 28->11(25)
[2026-09-18T21:38:05.322+0000][812.571s][info][gc,heap     ] GC(37) Old regions: 240->267
[2026-09-18T21:38:05.322+0000][812.571s][info][gc,heap     ] GC(37) Humongous regions: 8->8
[2026-09-18T21:38:05.322+0000][812.571s][info][gc,metaspace] GC(37) Metaspace: 163556K(165184K)->163556K(165184K) NonClass: 137259K(138240K)->137259K(138240K) Class: 26297K(26944K)->26297K(26944K)
[2026-09-18T21:38:05.322+0000][812.571s][info][gc          ] GC(37) Pause Young (Mixed) (G1 Evacuation Pause) 3567M->2286M(4096M) 103.950ms
[2026-09-18T21:38:05.322+0000][812.571s][info][gc,cpu      ] GC(37) User=0.38s Sys=0.02s Real=0.10s
