#
# A fatal error has been detected by the Java Runtime Environment:
#
#  SIGSEGV (0xb) at pc=0x00007fc815e2deee, pid=9551, tid=9552
#
# JRE version: OpenJDK Runtime Environment (21.0.12.1+1) (build 21.0.12.1+1-1-deb13u1-Debian)
# Java VM: OpenJDK 64-Bit Server VM (21.0.12.1+1-1-deb13u1-Debian, mixed mode, sharing, tiered, compressed oops, compressed class ptrs, g1 gc, linux-amd64)
# Problematic frame:
# C  [libpaper_native_jni.so+0x7ceee]  paper_native_core::climate_rtree::checksum_tree_inner::h7cb4f7f5b15034bf+0xe
#
# No core dump will be written. Core dumps have been disabled. To enable core dumping, try "ulimit -c unlimited" before starting Java again
#
# An error report file with more information is saved as:
# /home/z/c-crussty/bench/p501_sidesurface/hs_err_pid9551.log
#
# If you would like to submit a bug report, please visit:
#   https://bugs.debian.org/openjdk-21
# The crash happened outside the Java Virtual Machine in native code.
# See problematic frame for where to report the bug.
#
