#
# A fatal error has been detected by the Java Runtime Environment:
#
#  SIGSEGV (0xb) at pc=0x00007fa0119eceaf, pid=9675, tid=9676
#
# JRE version: OpenJDK Runtime Environment (21.0.12.1+1) (build 21.0.12.1+1-1-deb13u1-Debian)
# Java VM: OpenJDK 64-Bit Server VM (21.0.12.1+1-1-deb13u1-Debian, mixed mode, sharing, tiered, compressed oops, compressed class ptrs, g1 gc, linux-amd64)
# Problematic frame:
# C  [libpaper_native_jni.so+0x3feaf]  Java_PaperNativeClimateRTree_searchBoundedOnePacked+0x2f
#
# No core dump will be written. Core dumps have been disabled. To enable core dumping, try "ulimit -c unlimited" before starting Java again
#
# An error report file with more information is saved as:
# /home/z/c-crussty/bench/p501_sidesurface/hs_err_pid9675.log
#
# If you would like to submit a bug report, please visit:
#   https://bugs.debian.org/openjdk-21
# The crash happened outside the Java Virtual Machine in native code.
# See problematic frame for where to report the bug.
#
