#
# A fatal error has been detected by the Java Runtime Environment:
#
#  SIGSEGV (0xb) at pc=0x00007fe62cbf65b0, pid=9924, tid=9925
#
# JRE version: OpenJDK Runtime Environment (21.0.12.1+1) (build 21.0.12.1+1-1-deb13u1-Debian)
# Java VM: OpenJDK 64-Bit Server VM (21.0.12.1+1-1-deb13u1-Debian, mixed mode, sharing, tiered, compressed oops, compressed class ptrs, g1 gc, linux-amd64)
# Problematic frame:
# C  [libpaper_native_jni.so+0xc25b0]  paper_native_core::perlin_noise::PerlinNoise::get_value::h06043cf59a967dce+0x230
#
# No core dump will be written. Core dumps have been disabled. To enable core dumping, try "ulimit -c unlimited" before starting Java again
#
# An error report file with more information is saved as:
# /home/z/c-crussty/bench/p501_sidesurface/hs_err_pid9924.log
#
# If you would like to submit a bug report, please visit:
#   https://bugs.debian.org/openjdk-21
# The crash happened outside the Java Virtual Machine in native code.
# See problematic frame for where to report the bug.
#
