2026-09-19T18:50:52.9474629Z Current runner version: '2.337.0'
2026-09-19T18:50:52.9501665Z ##[group]Runner Image Provisioner
2026-09-19T18:50:52.9502604Z Hosted Compute Agent
2026-09-19T18:50:52.9503288Z Version: 20260828.587
2026-09-19T18:50:52.9503974Z Commit: abac92662cab4cc7352de4f9f9d2e2419aad9c29
2026-09-19T18:50:52.9504738Z Build Date: 2026-08-28T16:44:25Z
2026-09-19T18:50:52.9505548Z Worker ID: {77577f29-2f81-4c4f-9dc9-30b94779140a}
2026-09-19T18:50:52.9506336Z Azure Region: westcentralus
2026-09-19T18:50:52.9506991Z ##[endgroup]
2026-09-19T18:50:52.9508356Z ##[group]Operating System
2026-09-19T18:50:52.9509212Z Ubuntu
2026-09-19T18:50:52.9509847Z 24.04.5
2026-09-19T18:50:52.9510428Z LTS
2026-09-19T18:50:52.9510951Z ##[endgroup]
2026-09-19T18:50:52.9511602Z ##[group]Runner Image
2026-09-19T18:50:52.9512220Z Image: ubuntu-24.04
2026-09-19T18:50:52.9512910Z Version: 20260907.300.1
2026-09-19T18:50:52.9514232Z Included Software: https://github.com/actions/runner-images/blob/ubuntu24/20260907.300/images/ubuntu/Ubuntu2404-Readme.md
2026-09-19T18:50:52.9515887Z Image Release: https://github.com/actions/runner-images/releases/tag/ubuntu24%2F20260907.300
2026-09-19T18:50:52.9516866Z ##[endgroup]
2026-09-19T18:50:52.9518087Z ##[group]GITHUB_TOKEN Permissions
2026-09-19T18:50:52.9520278Z Contents: read
2026-09-19T18:50:52.9521000Z Metadata: read
2026-09-19T18:50:52.9521591Z ##[endgroup]
2026-09-19T18:50:52.9523727Z Secret source: Actions
2026-09-19T18:50:52.9524835Z Cache mode: write
2026-09-19T18:50:52.9525616Z Prepare workflow directory
2026-09-19T18:50:52.9874592Z Prepare all required actions
2026-09-19T18:50:52.9923588Z Getting action download info
2026-09-19T18:50:53.3033890Z Download action repository 'actions/checkout@v4' (SHA:11d5960a326750d5838078e36cf38b85af677262)
2026-09-19T18:50:53.4206981Z Download action repository 'dtolnay/rust-toolchain@stable' (SHA:6bed0761d98439e5a578e2877258200ad565ba87)
2026-09-19T18:50:53.6346426Z Download action repository 'Swatinem/rust-cache@v2' (SHA:6323deb102c322ba6fcbdcafc7e3dddab59af2b6)
2026-09-19T18:50:54.3535410Z Download action repository 'actions/setup-java@v4' (SHA:cf277c60eb25467037889841efdb72551f06f6c3)
2026-09-19T18:50:55.1677554Z Download action repository 'actions/upload-artifact@v4' (SHA:ea165f8d65b6e75b540449e92b4886f43607fa02)
2026-09-19T18:50:55.4947210Z Complete job name: world-bench
2026-09-19T18:50:55.5992513Z Node 20 is being deprecated. This workflow is running with Node 24 by default. If you need to temporarily use Node 20, you can set the ACTIONS_ALLOW_USE_UNSECURE_NODE_VERSION=true environment variable. For more information see: https://github.blog/changelog/2025-09-19-deprecation-of-node-20-on-github-actions-runners/
2026-09-19T18:50:55.6003573Z ##[group]Run actions/checkout@v4
2026-09-19T18:50:55.6004827Z with:
2026-09-19T18:50:55.6005761Z   repository: PLANETA9091/c-crussty
2026-09-19T18:50:55.6015095Z   token: ***
2026-09-19T18:50:55.6016022Z   ssh-strict: true
2026-09-19T18:50:55.6016951Z   ssh-user: git
2026-09-19T18:50:55.6017903Z   persist-credentials: true
2026-09-19T18:50:55.6019152Z   clean: true
2026-09-19T18:50:55.6020135Z   sparse-checkout-cone-mode: true
2026-09-19T18:50:55.6021242Z   fetch-depth: 1
2026-09-19T18:50:55.6022189Z   fetch-tags: false
2026-09-19T18:50:55.6023139Z   show-progress: true
2026-09-19T18:50:55.6024096Z   lfs: false
2026-09-19T18:50:55.6025034Z   submodules: false
2026-09-19T18:50:55.6025994Z   set-safe-directory: true
2026-09-19T18:50:55.6027072Z   allow-unsafe-pr-checkout: false
2026-09-19T18:50:55.6029127Z ##[endgroup]
2026-09-19T18:50:55.7142090Z Syncing repository: PLANETA9091/c-crussty
2026-09-19T18:50:55.7146038Z ##[group]Getting Git version info
2026-09-19T18:50:55.7147987Z Working directory is '/home/runner/work/c-crussty/c-crussty'
2026-09-19T18:50:55.7151304Z [command]/usr/bin/git version
2026-09-19T18:50:55.7200887Z git version 2.55.0
2026-09-19T18:50:55.7224028Z ##[endgroup]
2026-09-19T18:50:55.7240263Z Temporarily overriding HOME='/home/runner/work/_temp/8d8ba9ec-2f82-40a6-995f-5817d9975a9b' before making global git config changes
2026-09-19T18:50:55.7243575Z Adding repository directory to the temporary git global config as a safe directory
2026-09-19T18:50:55.7248351Z [command]/usr/bin/git config --global --add safe.directory /home/runner/work/c-crussty/c-crussty
2026-09-19T18:50:55.7316793Z Deleting the contents of '/home/runner/work/c-crussty/c-crussty'
2026-09-19T18:50:55.7326448Z ##[group]Initializing the repository
2026-09-19T18:50:55.7336077Z [command]/usr/bin/git init /home/runner/work/c-crussty/c-crussty
2026-09-19T18:50:55.7439002Z hint: Using 'master' as the name for the initial branch. This default branch name
2026-09-19T18:50:55.7451700Z hint: will change to "main" in Git 3.0. To configure the initial branch name
2026-09-19T18:50:55.7454651Z hint: to use in all of your new repositories, which will suppress this warning,
2026-09-19T18:50:55.7457410Z hint: call:
2026-09-19T18:50:55.7458480Z hint:
2026-09-19T18:50:55.7460506Z hint: 	git config --global init.defaultBranch <name>
2026-09-19T18:50:55.7462224Z hint:
2026-09-19T18:50:55.7463988Z hint: Names commonly chosen instead of 'master' are 'main', 'trunk' and
2026-09-19T18:50:55.7466109Z hint: 'development'. The just-created branch can be renamed via this command:
2026-09-19T18:50:55.7468114Z hint:
2026-09-19T18:50:55.7470149Z hint: 	git branch -m <name>
2026-09-19T18:50:55.7471652Z hint:
2026-09-19T18:50:55.7473148Z hint: Disable this message with "git config set advice.defaultBranchName false"
2026-09-19T18:50:55.7476107Z Initialized empty Git repository in /home/runner/work/c-crussty/c-crussty/.git/
2026-09-19T18:50:55.7481083Z [command]/usr/bin/git remote add origin https://github.com/PLANETA9091/c-crussty
2026-09-19T18:50:55.7532195Z ##[endgroup]
2026-09-19T18:50:55.7534468Z ##[group]Disabling automatic garbage collection
2026-09-19T18:50:55.7536787Z [command]/usr/bin/git config --local gc.auto 0
2026-09-19T18:50:55.7580116Z ##[endgroup]
2026-09-19T18:50:55.7582083Z ##[group]Setting up auth
2026-09-19T18:50:55.7588318Z [command]/usr/bin/git config --local --name-only --get-regexp core\.sshCommand
2026-09-19T18:50:55.7628915Z [command]/usr/bin/git submodule foreach --recursive sh -c "git config --local --name-only --get-regexp 'core\.sshCommand' && git config --local --unset-all 'core.sshCommand' || :"
2026-09-19T18:50:55.8073793Z [command]/usr/bin/git config --local --name-only --get-regexp http\.https\:\/\/github\.com\/\.extraheader
2026-09-19T18:50:55.8122568Z [command]/usr/bin/git submodule foreach --recursive sh -c "git config --local --name-only --get-regexp 'http\.https\:\/\/github\.com\/\.extraheader' && git config --local --unset-all 'http.https://github.com/.extraheader' || :"
2026-09-19T18:50:55.8397260Z [command]/usr/bin/git config --local --name-only --get-regexp ^includeIf\.gitdir:
2026-09-19T18:50:55.8441782Z [command]/usr/bin/git submodule foreach --recursive git config --local --show-origin --name-only --get-regexp remote.origin.url
2026-09-19T18:50:55.8702501Z [command]/usr/bin/git config --local http.https://github.com/.extraheader AUTHORIZATION: basic ***
2026-09-19T18:50:55.8750492Z ##[endgroup]
2026-09-19T18:50:55.8752006Z ##[group]Fetching the repository
2026-09-19T18:50:55.8760807Z [command]/usr/bin/git -c protocol.version=2 fetch --no-tags --prune --no-recurse-submodules --depth=1 origin +aedad687641537bc76be550f6f04d6cc038cf093:refs/remotes/origin/master
2026-09-19T18:51:02.9050867Z From https://github.com/PLANETA9091/c-crussty
2026-09-19T18:51:02.9051735Z  * [new ref]         aedad687641537bc76be550f6f04d6cc038cf093 -> origin/master
2026-09-19T18:51:02.9054759Z ##[endgroup]
2026-09-19T18:51:02.9055379Z ##[group]Determining the checkout info
2026-09-19T18:51:02.9058347Z ##[endgroup]
2026-09-19T18:51:02.9064850Z [command]/usr/bin/git sparse-checkout disable
2026-09-19T18:51:02.9121065Z [command]/usr/bin/git config --local --unset-all extensions.worktreeConfig
2026-09-19T18:51:02.9155578Z ##[group]Checking out the ref
2026-09-19T18:51:02.9160733Z [command]/usr/bin/git checkout --progress --force -B master refs/remotes/origin/master
2026-09-19T18:51:03.9900704Z Updating files:  75% (2076/2742)
2026-09-19T18:51:04.1070119Z Updating files:  76% (2084/2742)
2026-09-19T18:51:04.1085089Z Updating files:  77% (2112/2742)
2026-09-19T18:51:04.1135483Z Updating files:  78% (2139/2742)
2026-09-19T18:51:04.4940543Z Updating files:  79% (2167/2742)
2026-09-19T18:51:04.8008244Z Updating files:  80% (2194/2742)
2026-09-19T18:51:04.9875614Z Updating files:  81% (2222/2742)
2026-09-19T18:51:04.9991935Z Updating files:  81% (2236/2742)
2026-09-19T18:51:05.2919572Z Updating files:  82% (2249/2742)
2026-09-19T18:51:05.5415956Z Updating files:  83% (2276/2742)
2026-09-19T18:51:05.8083781Z Updating files:  84% (2304/2742)
2026-09-19T18:51:05.8159595Z Updating files:  85% (2331/2742)
2026-09-19T18:51:05.8318515Z Updating files:  86% (2359/2742)
2026-09-19T18:51:05.8496112Z Updating files:  87% (2386/2742)
2026-09-19T18:51:05.8531361Z Updating files:  88% (2413/2742)
2026-09-19T18:51:05.8564040Z Updating files:  89% (2441/2742)
2026-09-19T18:51:05.9702376Z Updating files:  90% (2468/2742)
2026-09-19T18:51:06.0864517Z Updating files:  90% (2480/2742)
2026-09-19T18:51:06.0909283Z Updating files:  91% (2496/2742)
2026-09-19T18:51:06.0922406Z Updating files:  92% (2523/2742)
2026-09-19T18:51:06.0936910Z Updating files:  93% (2551/2742)
2026-09-19T18:51:06.0953375Z Updating files:  94% (2578/2742)
2026-09-19T18:51:06.0971840Z Updating files:  95% (2605/2742)
2026-09-19T18:51:06.1016823Z Updating files:  96% (2633/2742)
2026-09-19T18:51:06.1045226Z Updating files:  97% (2660/2742)
2026-09-19T18:51:06.1085351Z Updating files:  98% (2688/2742)
2026-09-19T18:51:06.1162974Z Updating files:  99% (2715/2742)
2026-09-19T18:51:06.1163435Z Updating files: 100% (2742/2742)
2026-09-19T18:51:06.1163727Z Updating files: 100% (2742/2742), done.
2026-09-19T18:51:06.1212813Z Reset branch 'master'
2026-09-19T18:51:06.1219006Z branch 'master' set up to track 'origin/master'.
2026-09-19T18:51:06.1281566Z ##[endgroup]
2026-09-19T18:51:06.1334417Z [command]/usr/bin/git log -1 --format=%H
2026-09-19T18:51:06.1365050Z aedad687641537bc76be550f6f04d6cc038cf093
2026-09-19T18:51:06.1635740Z ##[group]Run set -euo pipefail
2026-09-19T18:51:06.1636124Z [36;1mset -euo pipefail[0m
2026-09-19T18:51:06.1636391Z [36;1mIDX=$(python3 -c '[0m
2026-09-19T18:51:06.1636665Z [36;1mimport time[0m
2026-09-19T18:51:06.1636889Z [36;1mt=time.time(); x=1[0m
2026-09-19T18:51:06.1637130Z [36;1mfor _ in range(6000000):[0m
2026-09-19T18:51:06.1637427Z [36;1m    x=(x*1103515245+12345)&0x7fffffff[0m
2026-09-19T18:51:06.1637774Z [36;1mprint(f"{6000000/(time.time()-t):.0f}")')[0m
2026-09-19T18:51:06.1638152Z [36;1mecho "runner_cpu_index=$IDX band=[6500000,7200000]"[0m
2026-09-19T18:51:06.1638557Z [36;1mif [ "$IDX" -lt "6500000" ] || [ "$IDX" -gt "7200000" ]; then[0m
2026-09-19T18:51:06.1639349Z [36;1m  echo "::notice::runner_cpu_index=$IDX OUTSIDE band — fast-fail pre-download (pairing discard, not a bench failure)"[0m
2026-09-19T18:51:06.1639890Z [36;1m  exit 1[0m
2026-09-19T18:51:06.1640099Z [36;1mfi[0m
2026-09-19T18:51:06.1682854Z shell: /usr/bin/bash -e {0}
2026-09-19T18:51:06.1683174Z ##[endgroup]
2026-09-19T18:51:07.1210651Z runner_cpu_index=6491076 band=[6500000,7200000]
2026-09-19T18:51:07.1230860Z ##[notice]runner_cpu_index=6491076 OUTSIDE band — fast-fail pre-download (pairing discard, not a bench failure)
2026-09-19T18:51:07.1242408Z ##[error]Process completed with exit code 1.
2026-09-19T18:51:07.1363386Z Node 20 is being deprecated. This workflow is running with Node 24 by default. If you need to temporarily use Node 20, you can set the ACTIONS_ALLOW_USE_UNSECURE_NODE_VERSION=true environment variable. For more information see: https://github.blog/changelog/2025-09-19-deprecation-of-node-20-on-github-actions-runners/
2026-09-19T18:51:07.1364944Z ##[group]Run actions/upload-artifact@v4
2026-09-19T18:51:07.1365232Z with:
2026-09-19T18:51:07.1365495Z   name: world3-bench
2026-09-19T18:51:07.1367158Z   path: world3-run/BOTTLENECKS_3.md
world3-run/cpu-collapsed.txt
world3-run/wall-collapsed.txt
world3-run/alloc-collapsed.txt
world3-run/cpu-flamegraph.html
world3-run/server-stdout.log
world3-run/gc.log
world3-run/remset.log
world3-run/refine.log
world3-run/recon.jfr
world3-run/ap.log
world3-run/run-env.txt
world3-run/pclip-materialize.log
world3-run/chunk-parse-diag.txt
world3-run/entity-recon.txt
world3-run/patched-kernel.jar
world3-run/spark-report/

2026-09-19T18:51:07.1369308Z   if-no-files-found: warn
2026-09-19T18:51:07.1369560Z   compression-level: 6
2026-09-19T18:51:07.1369790Z   overwrite: false
2026-09-19T18:51:07.1370018Z   include-hidden-files: false
2026-09-19T18:51:07.1370283Z ##[endgroup]
2026-09-19T18:51:07.3117794Z (node:2337) [DEP0040] DeprecationWarning: The `punycode` module is deprecated. Please use a userland alternative instead.
2026-09-19T18:51:07.3118542Z (Use `node --trace-deprecation ...` to show where the warning was created)
2026-09-19T18:51:07.3194720Z Multiple search paths detected. Calculating the least common ancestor of all paths
2026-09-19T18:51:07.3203908Z The least common ancestor is /home/runner/work/c-crussty/c-crussty/world3-run. This will be the root directory of the artifact
2026-09-19T18:51:07.3211534Z ##[warning]No files were found with the provided path: world3-run/BOTTLENECKS_3.md
world3-run/cpu-collapsed.txt
world3-run/wall-collapsed.txt
world3-run/alloc-collapsed.txt
world3-run/cpu-flamegraph.html
world3-run/server-stdout.log
world3-run/gc.log
world3-run/remset.log
world3-run/refine.log
world3-run/recon.jfr
world3-run/ap.log
world3-run/run-env.txt
world3-run/pclip-materialize.log
world3-run/chunk-parse-diag.txt
world3-run/entity-recon.txt
world3-run/patched-kernel.jar
world3-run/spark-report/. No artifacts will be uploaded.
2026-09-19T18:51:07.3479600Z Node 20 is being deprecated. This workflow is running with Node 24 by default. If you need to temporarily use Node 20, you can set the ACTIONS_ALLOW_USE_UNSECURE_NODE_VERSION=true environment variable. For more information see: https://github.blog/changelog/2025-09-19-deprecation-of-node-20-on-github-actions-runners/
2026-09-19T18:51:07.3482437Z Post job cleanup.
2026-09-19T18:51:07.4379431Z [command]/usr/bin/git version
2026-09-19T18:51:07.4414765Z git version 2.55.0
2026-09-19T18:51:07.4452553Z Temporarily overriding HOME='/home/runner/work/_temp/002e7e28-53c6-4f8f-b65f-0f93a654ec24' before making global git config changes
2026-09-19T18:51:07.4453915Z Adding repository directory to the temporary git global config as a safe directory
2026-09-19T18:51:07.4457368Z [command]/usr/bin/git config --global --add safe.directory /home/runner/work/c-crussty/c-crussty
2026-09-19T18:51:07.4500995Z [command]/usr/bin/git config --local --name-only --get-regexp core\.sshCommand
2026-09-19T18:51:07.4536863Z [command]/usr/bin/git submodule foreach --recursive sh -c "git config --local --name-only --get-regexp 'core\.sshCommand' && git config --local --unset-all 'core.sshCommand' || :"
2026-09-19T18:51:07.4813262Z [command]/usr/bin/git config --local --name-only --get-regexp http\.https\:\/\/github\.com\/\.extraheader
2026-09-19T18:51:07.4841937Z http.https://github.com/.extraheader
2026-09-19T18:51:07.4853932Z [command]/usr/bin/git config --local --unset-all http.https://github.com/.extraheader
2026-09-19T18:51:07.4889533Z [command]/usr/bin/git submodule foreach --recursive sh -c "git config --local --name-only --get-regexp 'http\.https\:\/\/github\.com\/\.extraheader' && git config --local --unset-all 'http.https://github.com/.extraheader' || :"
2026-09-19T18:51:07.5159662Z [command]/usr/bin/git config --local --name-only --get-regexp ^includeIf\.gitdir:
2026-09-19T18:51:07.5198223Z [command]/usr/bin/git submodule foreach --recursive git config --local --show-origin --name-only --get-regexp remote.origin.url
2026-09-19T18:51:07.5642270Z Cleaning up orphan processes
2026-09-19T18:51:07.5913990Z ##[warning]Node.js 20 is deprecated. The following actions target Node.js 20 but are being forced to run on Node.js 24: actions/checkout@v4, actions/upload-artifact@v4. For more information see: https://github.blog/changelog/2025-09-19-deprecation-of-node-20-on-github-actions-runners/
