2026-09-24T21:44:26.7674720Z Current runner version: '2.337.0'
2026-09-24T21:44:26.7695799Z ##[group]Runner Image Provisioner
2026-09-24T21:44:26.7696349Z Hosted Compute Agent
2026-09-24T21:44:26.7696729Z Version: 20260828.587
2026-09-24T21:44:26.7697162Z Commit: abac92662cab4cc7352de4f9f9d2e2419aad9c29
2026-09-24T21:44:26.7697787Z Build Date: 2026-08-28T16:44:25Z
2026-09-24T21:44:26.7698241Z Worker ID: {452cbd1e-28aa-4f69-bdcd-ccf4795eb71e}
2026-09-24T21:44:26.7698689Z Azure Region: westus3
2026-09-24T21:44:26.7699089Z ##[endgroup]
2026-09-24T21:44:26.7699966Z ##[group]Operating System
2026-09-24T21:44:26.7700334Z Ubuntu
2026-09-24T21:44:26.7700690Z 24.04.5
2026-09-24T21:44:26.7701015Z LTS
2026-09-24T21:44:26.7701361Z ##[endgroup]
2026-09-24T21:44:26.7701740Z ##[group]Runner Image
2026-09-24T21:44:26.7702096Z Image: ubuntu-24.04
2026-09-24T21:44:26.7702431Z Version: 20260920.314.1
2026-09-24T21:44:26.7703251Z Included Software: https://github.com/actions/runner-images/blob/ubuntu24/20260920.314/images/ubuntu/Ubuntu2404-Readme.md
2026-09-24T21:44:26.7704224Z Image Release: https://github.com/actions/runner-images/releases/tag/ubuntu24%2F20260920.314
2026-09-24T21:44:26.7704791Z ##[endgroup]
2026-09-24T21:44:26.7705501Z ##[group]GITHUB_TOKEN Permissions
2026-09-24T21:44:26.7706856Z Contents: read
2026-09-24T21:44:26.7707274Z Metadata: read
2026-09-24T21:44:26.7707858Z ##[endgroup]
2026-09-24T21:44:26.7709307Z Secret source: Actions
2026-09-24T21:44:26.7709909Z Cache mode: write
2026-09-24T21:44:26.7710390Z Prepare workflow directory
2026-09-24T21:44:26.7929124Z Prepare all required actions
2026-09-24T21:44:26.7961888Z Getting action download info
2026-09-24T21:44:27.1199359Z Download action repository 'actions/checkout@v4' (SHA:11d5960a326750d5838078e36cf38b85af677262)
2026-09-24T21:44:27.2282176Z Download action repository 'dtolnay/rust-toolchain@stable' (SHA:6bed0761d98439e5a578e2877258200ad565ba87)
2026-09-24T21:44:27.4893620Z Download action repository 'Swatinem/rust-cache@v2' (SHA:6323deb102c322ba6fcbdcafc7e3dddab59af2b6)
2026-09-24T21:44:28.3439959Z Download action repository 'actions/setup-java@v4' (SHA:cf277c60eb25467037889841efdb72551f06f6c3)
2026-09-24T21:44:29.3088912Z Download action repository 'actions/upload-artifact@v4' (SHA:ea165f8d65b6e75b540449e92b4886f43607fa02)
2026-09-24T21:44:29.5334157Z Complete job name: world-bench
2026-09-24T21:44:29.5923775Z ##[group]Run actions/checkout@v4
2026-09-24T21:44:29.5924138Z with:
2026-09-24T21:44:29.5924320Z   repository: PLANETA9091/c-crussty
2026-09-24T21:44:29.5925998Z   token: ***
2026-09-24T21:44:29.5926158Z   ssh-strict: true
2026-09-24T21:44:29.5926321Z   ssh-user: git
2026-09-24T21:44:29.5926492Z   persist-credentials: true
2026-09-24T21:44:29.5926665Z   clean: true
2026-09-24T21:44:29.5926837Z   sparse-checkout-cone-mode: true
2026-09-24T21:44:29.5927028Z   fetch-depth: 1
2026-09-24T21:44:29.5927190Z   fetch-tags: false
2026-09-24T21:44:29.5927531Z   show-progress: true
2026-09-24T21:44:29.5927731Z   lfs: false
2026-09-24T21:44:29.5927887Z   submodules: false
2026-09-24T21:44:29.5928065Z   set-safe-directory: true
2026-09-24T21:44:29.5928257Z   allow-unsafe-pr-checkout: false
2026-09-24T21:44:29.5928544Z ##[endgroup]
2026-09-24T21:44:29.6631875Z Syncing repository: PLANETA9091/c-crussty
2026-09-24T21:44:29.6632995Z ##[group]Getting Git version info
2026-09-24T21:44:29.6633372Z Working directory is '/home/runner/work/c-crussty/c-crussty'
2026-09-24T21:44:29.6633761Z [command]/usr/bin/git version
2026-09-24T21:44:29.6705827Z git version 2.55.0
2026-09-24T21:44:29.6722880Z ##[endgroup]
2026-09-24T21:44:29.6735161Z Temporarily overriding HOME='/home/runner/work/_temp/56ff695a-c5ff-4278-80cb-545ff5c17b7d' before making global git config changes
2026-09-24T21:44:29.6736149Z Adding repository directory to the temporary git global config as a safe directory
2026-09-24T21:44:29.6739649Z [command]/usr/bin/git config --global --add safe.directory /home/runner/work/c-crussty/c-crussty
2026-09-24T21:44:29.6790233Z Deleting the contents of '/home/runner/work/c-crussty/c-crussty'
2026-09-24T21:44:29.6796139Z ##[group]Initializing the repository
2026-09-24T21:44:29.6797657Z [command]/usr/bin/git init /home/runner/work/c-crussty/c-crussty
2026-09-24T21:44:29.6908553Z hint: Using 'master' as the name for the initial branch. This default branch name
2026-09-24T21:44:29.6909360Z hint: will change to "main" in Git 3.0. To configure the initial branch name
2026-09-24T21:44:29.6909905Z hint: to use in all of your new repositories, which will suppress this warning,
2026-09-24T21:44:29.6910313Z hint: call:
2026-09-24T21:44:29.6911003Z hint:
2026-09-24T21:44:29.6911356Z hint: 	git config --global init.defaultBranch <name>
2026-09-24T21:44:29.6911702Z hint:
2026-09-24T21:44:29.6912070Z hint: Names commonly chosen instead of 'master' are 'main', 'trunk' and
2026-09-24T21:44:29.6912643Z hint: 'development'. The just-created branch can be renamed via this command:
2026-09-24T21:44:29.6913076Z hint:
2026-09-24T21:44:29.6913322Z hint: 	git branch -m <name>
2026-09-24T21:44:29.6913571Z hint:
2026-09-24T21:44:29.6913916Z hint: Disable this message with "git config set advice.defaultBranchName false"
2026-09-24T21:44:29.6914884Z Initialized empty Git repository in /home/runner/work/c-crussty/c-crussty/.git/
2026-09-24T21:44:29.6923347Z [command]/usr/bin/git remote add origin https://github.com/PLANETA9091/c-crussty
2026-09-24T21:44:29.6970396Z ##[endgroup]
2026-09-24T21:44:29.6970773Z ##[group]Disabling automatic garbage collection
2026-09-24T21:44:29.6978001Z [command]/usr/bin/git config --local gc.auto 0
2026-09-24T21:44:29.7011644Z ##[endgroup]
2026-09-24T21:44:29.7018066Z ##[group]Setting up auth
2026-09-24T21:44:29.7018673Z [command]/usr/bin/git config --local --name-only --get-regexp core\.sshCommand
2026-09-24T21:44:29.7051893Z [command]/usr/bin/git submodule foreach --recursive sh -c "git config --local --name-only --get-regexp 'core\.sshCommand' && git config --local --unset-all 'core.sshCommand' || :"
2026-09-24T21:44:29.7368473Z [command]/usr/bin/git config --local --name-only --get-regexp http\.https\:\/\/github\.com\/\.extraheader
2026-09-24T21:44:29.7397919Z [command]/usr/bin/git submodule foreach --recursive sh -c "git config --local --name-only --get-regexp 'http\.https\:\/\/github\.com\/\.extraheader' && git config --local --unset-all 'http.https://github.com/.extraheader' || :"
2026-09-24T21:44:29.7599708Z [command]/usr/bin/git config --local --name-only --get-regexp ^includeIf\.gitdir:
2026-09-24T21:44:29.7629477Z [command]/usr/bin/git submodule foreach --recursive git config --local --show-origin --name-only --get-regexp remote.origin.url
2026-09-24T21:44:29.7814597Z [command]/usr/bin/git config --local http.https://github.com/.extraheader AUTHORIZATION: basic ***
2026-09-24T21:44:29.7850120Z ##[endgroup]
2026-09-24T21:44:29.7850572Z ##[group]Fetching the repository
2026-09-24T21:44:29.7856276Z [command]/usr/bin/git -c protocol.version=2 fetch --no-tags --prune --no-recurse-submodules --depth=1 origin +d02a29777eda74eb9e9d48430ee382baa59147e3:refs/remotes/origin/round-450-anchor-32
2026-09-24T21:44:41.4965392Z From https://github.com/PLANETA9091/c-crussty
2026-09-24T21:44:41.4966089Z  * [new ref]         d02a29777eda74eb9e9d48430ee382baa59147e3 -> origin/round-450-anchor-32
2026-09-24T21:44:41.4968328Z ##[endgroup]
2026-09-24T21:44:41.4968918Z ##[group]Determining the checkout info
2026-09-24T21:44:41.4970833Z ##[endgroup]
2026-09-24T21:44:41.4976835Z [command]/usr/bin/git sparse-checkout disable
2026-09-24T21:44:41.5030753Z [command]/usr/bin/git config --local --unset-all extensions.worktreeConfig
2026-09-24T21:44:41.5064103Z ##[group]Checking out the ref
2026-09-24T21:44:41.5078442Z [command]/usr/bin/git checkout --progress --force -B round-450-anchor-32 refs/remotes/origin/round-450-anchor-32
2026-09-24T21:44:42.3871250Z Switched to a new branch 'round-450-anchor-32'
2026-09-24T21:44:42.3878589Z branch 'round-450-anchor-32' set up to track 'origin/round-450-anchor-32'.
2026-09-24T21:44:42.3924091Z ##[endgroup]
2026-09-24T21:44:42.3965823Z [command]/usr/bin/git log -1 --format=%H
2026-09-24T21:44:42.3990951Z d02a29777eda74eb9e9d48430ee382baa59147e3
2026-09-24T21:44:42.4195244Z ##[group]Run set -euo pipefail
2026-09-24T21:44:42.4195537Z [36;1mset -euo pipefail[0m
2026-09-24T21:44:42.4195689Z [36;1mIDX=$(python3 -c '[0m
2026-09-24T21:44:42.4195828Z [36;1mimport time[0m
2026-09-24T21:44:42.4195956Z [36;1mt=time.time(); x=1[0m
2026-09-24T21:44:42.4196098Z [36;1mfor _ in range(6000000):[0m
2026-09-24T21:44:42.4196263Z [36;1m    x=(x*1103515245+12345)&0x7fffffff[0m
2026-09-24T21:44:42.4196454Z [36;1mprint(f"{6000000/(time.time()-t):.0f}")')[0m
2026-09-24T21:44:42.4196662Z [36;1mecho "runner_cpu_index=$IDX band=[6000000,9500000]"[0m
2026-09-24T21:44:42.4196898Z [36;1mif [ "$IDX" -lt "6000000" ] || [ "$IDX" -gt "9500000" ]; then[0m
2026-09-24T21:44:42.4197260Z [36;1m  echo "::notice::runner_cpu_index=$IDX OUTSIDE band — fast-fail pre-download (pairing discard, not a bench failure)"[0m
2026-09-24T21:44:42.4197698Z [36;1m  exit 1[0m
2026-09-24T21:44:42.4197818Z [36;1mfi[0m
2026-09-24T21:44:42.4448226Z shell: /usr/bin/bash -e {0}
2026-09-24T21:44:42.4448569Z ##[endgroup]
2026-09-24T21:44:43.0521365Z runner_cpu_index=10266518 band=[6000000,9500000]
2026-09-24T21:44:43.0537323Z ##[notice]runner_cpu_index=10266518 OUTSIDE band — fast-fail pre-download (pairing discard, not a bench failure)
2026-09-24T21:44:43.0545500Z ##[error]Process completed with exit code 1.
2026-09-24T21:44:43.0621012Z ##[group]Run actions/upload-artifact@v4
2026-09-24T21:44:43.0621184Z with:
2026-09-24T21:44:43.0621301Z   name: world3-bench
2026-09-24T21:44:43.0622217Z   path: world3-run/BOTTLENECKS_3.md
world3-run/cpu-collapsed.txt
world3-run/wall-collapsed.txt
world3-run/alloc-collapsed.txt
world3-run/cpu-flamegraph.html
world3-run/server-stdout.log
world3-run/gc.log
world3-run/remset.log
world3-run/refine.log
world3-run/recon.jfr
world3-run/ap.log
world3-run/run-env.txt
world3-run/pclip-materialize.log
world3-run/chunk-parse-diag.txt
world3-run/entity-recon.txt
world3-run/patched-kernel.jar
world3-run/spark-report/

2026-09-24T21:44:43.0623190Z   if-no-files-found: warn
2026-09-24T21:44:43.0623335Z   compression-level: 6
2026-09-24T21:44:43.0623467Z   overwrite: false
2026-09-24T21:44:43.0623596Z   include-hidden-files: false
2026-09-24T21:44:43.0623745Z ##[endgroup]
2026-09-24T21:44:43.1798713Z (node:2062) [DEP0040] DeprecationWarning: The `punycode` module is deprecated. Please use a userland alternative instead.
2026-09-24T21:44:43.1799194Z (Use `node --trace-deprecation ...` to show where the warning was created)
2026-09-24T21:44:43.1855255Z Multiple search paths detected. Calculating the least common ancestor of all paths
2026-09-24T21:44:43.1858509Z The least common ancestor is /home/runner/work/c-crussty/c-crussty/world3-run. This will be the root directory of the artifact
2026-09-24T21:44:43.1866052Z ##[warning]No files were found with the provided path: world3-run/BOTTLENECKS_3.md
world3-run/cpu-collapsed.txt
world3-run/wall-collapsed.txt
world3-run/alloc-collapsed.txt
world3-run/cpu-flamegraph.html
world3-run/server-stdout.log
world3-run/gc.log
world3-run/remset.log
world3-run/refine.log
world3-run/recon.jfr
world3-run/ap.log
world3-run/run-env.txt
world3-run/pclip-materialize.log
world3-run/chunk-parse-diag.txt
world3-run/entity-recon.txt
world3-run/patched-kernel.jar
world3-run/spark-report/. No artifacts will be uploaded.
2026-09-24T21:44:43.2073971Z Post job cleanup.
2026-09-24T21:44:43.2669753Z [command]/usr/bin/git version
2026-09-24T21:44:43.2709040Z git version 2.55.0
2026-09-24T21:44:43.2735048Z Temporarily overriding HOME='/home/runner/work/_temp/692cb6c7-f088-4415-9c8a-763d834840b9' before making global git config changes
2026-09-24T21:44:43.2735853Z Adding repository directory to the temporary git global config as a safe directory
2026-09-24T21:44:43.2738830Z [command]/usr/bin/git config --global --add safe.directory /home/runner/work/c-crussty/c-crussty
2026-09-24T21:44:43.2773654Z [command]/usr/bin/git config --local --name-only --get-regexp core\.sshCommand
2026-09-24T21:44:43.2814180Z [command]/usr/bin/git submodule foreach --recursive sh -c "git config --local --name-only --get-regexp 'core\.sshCommand' && git config --local --unset-all 'core.sshCommand' || :"
2026-09-24T21:44:43.3018222Z [command]/usr/bin/git config --local --name-only --get-regexp http\.https\:\/\/github\.com\/\.extraheader
2026-09-24T21:44:43.3045189Z http.https://github.com/.extraheader
2026-09-24T21:44:43.3054520Z [command]/usr/bin/git config --local --unset-all http.https://github.com/.extraheader
2026-09-24T21:44:43.3087872Z [command]/usr/bin/git submodule foreach --recursive sh -c "git config --local --name-only --get-regexp 'http\.https\:\/\/github\.com\/\.extraheader' && git config --local --unset-all 'http.https://github.com/.extraheader' || :"
2026-09-24T21:44:43.3293489Z [command]/usr/bin/git config --local --name-only --get-regexp ^includeIf\.gitdir:
2026-09-24T21:44:43.3323932Z [command]/usr/bin/git submodule foreach --recursive git config --local --show-origin --name-only --get-regexp remote.origin.url
2026-09-24T21:44:43.3629179Z Cleaning up orphan processes
2026-09-24T21:44:43.3825866Z ##[warning]Node.js 20 is deprecated. The following actions target Node.js 20 but are being forced to run on Node.js 24: actions/checkout@v4, actions/upload-artifact@v4. For more information see: https://github.blog/changelog/2025-09-19-deprecation-of-node-20-on-github-actions-runners/
