2026-09-24T20:30:38.6613372Z Current runner version: '2.337.0'
2026-09-24T20:30:38.6629677Z ##[group]Runner Image Provisioner
2026-09-24T20:30:38.6630256Z Hosted Compute Agent
2026-09-24T20:30:38.6630595Z Version: 20260828.587
2026-09-24T20:30:38.6630945Z Commit: abac92662cab4cc7352de4f9f9d2e2419aad9c29
2026-09-24T20:30:38.6631440Z Build Date: 2026-08-28T16:44:25Z
2026-09-24T20:30:38.6631836Z Worker ID: {528c99b7-ae06-4b6e-8d85-e325b41c1ffb}
2026-09-24T20:30:38.6632299Z Azure Region: westus2
2026-09-24T20:30:38.6632630Z ##[endgroup]
2026-09-24T20:30:38.6633350Z ##[group]Operating System
2026-09-24T20:30:38.6633775Z Ubuntu
2026-09-24T20:30:38.6634080Z 24.04.5
2026-09-24T20:30:38.6634400Z LTS
2026-09-24T20:30:38.6634709Z ##[endgroup]
2026-09-24T20:30:38.6635025Z ##[group]Runner Image
2026-09-24T20:30:38.6635426Z Image: ubuntu-24.04
2026-09-24T20:30:38.6635756Z Version: 20260920.314.1
2026-09-24T20:30:38.6636639Z Included Software: https://github.com/actions/runner-images/blob/ubuntu24/20260920.314/images/ubuntu/Ubuntu2404-Readme.md
2026-09-24T20:30:38.6637460Z Image Release: https://github.com/actions/runner-images/releases/tag/ubuntu24%2F20260920.314
2026-09-24T20:30:38.6638042Z ##[endgroup]
2026-09-24T20:30:38.6638673Z ##[group]GITHUB_TOKEN Permissions
2026-09-24T20:30:38.6639804Z Contents: read
2026-09-24T20:30:38.6640175Z Metadata: read
2026-09-24T20:30:38.6640577Z ##[endgroup]
2026-09-24T20:30:38.6641779Z Secret source: Actions
2026-09-24T20:30:38.6642279Z Cache mode: write
2026-09-24T20:30:38.6642735Z Prepare workflow directory
2026-09-24T20:30:38.6838023Z Prepare all required actions
2026-09-24T20:30:38.6867410Z Getting action download info
2026-09-24T20:30:39.0558943Z Download action repository 'actions/checkout@v4' (SHA:11d5960a326750d5838078e36cf38b85af677262)
2026-09-24T20:30:39.6258346Z Download action repository 'dtolnay/rust-toolchain@stable' (SHA:6bed0761d98439e5a578e2877258200ad565ba87)
2026-09-24T20:30:39.8091922Z Download action repository 'Swatinem/rust-cache@v2' (SHA:6323deb102c322ba6fcbdcafc7e3dddab59af2b6)
2026-09-24T20:30:40.0804770Z Download action repository 'actions/setup-java@v4' (SHA:cf277c60eb25467037889841efdb72551f06f6c3)
2026-09-24T20:30:40.4947190Z Download action repository 'actions/upload-artifact@v4' (SHA:ea165f8d65b6e75b540449e92b4886f43607fa02)
2026-09-24T20:30:40.7514428Z Complete job name: world-bench
2026-09-24T20:30:40.8102318Z ##[group]Run actions/checkout@v4
2026-09-24T20:30:40.8103006Z with:
2026-09-24T20:30:40.8103472Z   repository: PLANETA9091/c-crussty
2026-09-24T20:30:40.8107963Z   token: ***
2026-09-24T20:30:40.8108425Z   ssh-strict: true
2026-09-24T20:30:40.8108894Z   ssh-user: git
2026-09-24T20:30:40.8109385Z   persist-credentials: true
2026-09-24T20:30:40.8109910Z   clean: true
2026-09-24T20:30:40.8110392Z   sparse-checkout-cone-mode: true
2026-09-24T20:30:40.8110960Z   fetch-depth: 1
2026-09-24T20:30:40.8111438Z   fetch-tags: false
2026-09-24T20:30:40.8111907Z   show-progress: true
2026-09-24T20:30:40.8112384Z   lfs: false
2026-09-24T20:30:40.8112828Z   submodules: false
2026-09-24T20:30:40.8113330Z   set-safe-directory: true
2026-09-24T20:30:40.8113875Z   allow-unsafe-pr-checkout: false
2026-09-24T20:30:40.8114537Z ##[endgroup]
2026-09-24T20:30:40.8752595Z Syncing repository: PLANETA9091/c-crussty
2026-09-24T20:30:40.8754312Z ##[group]Getting Git version info
2026-09-24T20:30:40.8755156Z Working directory is '/home/runner/work/c-crussty/c-crussty'
2026-09-24T20:30:40.8756689Z [command]/usr/bin/git version
2026-09-24T20:30:41.0346834Z git version 2.55.0
2026-09-24T20:30:41.0366055Z ##[endgroup]
2026-09-24T20:30:41.0372143Z Temporarily overriding HOME='/home/runner/work/_temp/ce2236cc-1613-4da7-a514-17839c4d998a' before making global git config changes
2026-09-24T20:30:41.0374382Z Adding repository directory to the temporary git global config as a safe directory
2026-09-24T20:30:41.0377559Z [command]/usr/bin/git config --global --add safe.directory /home/runner/work/c-crussty/c-crussty
2026-09-24T20:30:41.0425886Z Deleting the contents of '/home/runner/work/c-crussty/c-crussty'
2026-09-24T20:30:41.0428996Z ##[group]Initializing the repository
2026-09-24T20:30:41.0432116Z [command]/usr/bin/git init /home/runner/work/c-crussty/c-crussty
2026-09-24T20:30:41.0522684Z hint: Using 'master' as the name for the initial branch. This default branch name
2026-09-24T20:30:41.0523989Z hint: will change to "main" in Git 3.0. To configure the initial branch name
2026-09-24T20:30:41.0525433Z hint: to use in all of your new repositories, which will suppress this warning,
2026-09-24T20:30:41.0526805Z hint: call:
2026-09-24T20:30:41.0527525Z hint:
2026-09-24T20:30:41.0528437Z hint: 	git config --global init.defaultBranch <name>
2026-09-24T20:30:41.0529564Z hint:
2026-09-24T20:30:41.0530530Z hint: Names commonly chosen instead of 'master' are 'main', 'trunk' and
2026-09-24T20:30:41.0532076Z hint: 'development'. The just-created branch can be renamed via this command:
2026-09-24T20:30:41.0533316Z hint:
2026-09-24T20:30:41.0533998Z hint: 	git branch -m <name>
2026-09-24T20:30:41.0534756Z hint:
2026-09-24T20:30:41.0535772Z hint: Disable this message with "git config set advice.defaultBranchName false"
2026-09-24T20:30:41.0537562Z Initialized empty Git repository in /home/runner/work/c-crussty/c-crussty/.git/
2026-09-24T20:30:41.0540365Z [command]/usr/bin/git remote add origin https://github.com/PLANETA9091/c-crussty
2026-09-24T20:30:41.0577920Z ##[endgroup]
2026-09-24T20:30:41.0579191Z ##[group]Disabling automatic garbage collection
2026-09-24T20:30:41.0580291Z [command]/usr/bin/git config --local gc.auto 0
2026-09-24T20:30:41.0606256Z ##[endgroup]
2026-09-24T20:30:41.0607558Z ##[group]Setting up auth
2026-09-24T20:30:41.0611018Z [command]/usr/bin/git config --local --name-only --get-regexp core\.sshCommand
2026-09-24T20:30:41.0637885Z [command]/usr/bin/git submodule foreach --recursive sh -c "git config --local --name-only --get-regexp 'core\.sshCommand' && git config --local --unset-all 'core.sshCommand' || :"
2026-09-24T20:30:41.0939068Z [command]/usr/bin/git config --local --name-only --get-regexp http\.https\:\/\/github\.com\/\.extraheader
2026-09-24T20:30:41.0969246Z [command]/usr/bin/git submodule foreach --recursive sh -c "git config --local --name-only --get-regexp 'http\.https\:\/\/github\.com\/\.extraheader' && git config --local --unset-all 'http.https://github.com/.extraheader' || :"
2026-09-24T20:30:41.1138241Z [command]/usr/bin/git config --local --name-only --get-regexp ^includeIf\.gitdir:
2026-09-24T20:30:41.1166051Z [command]/usr/bin/git submodule foreach --recursive git config --local --show-origin --name-only --get-regexp remote.origin.url
2026-09-24T20:30:41.1335289Z [command]/usr/bin/git config --local http.https://github.com/.extraheader AUTHORIZATION: basic ***
2026-09-24T20:30:41.1370302Z ##[endgroup]
2026-09-24T20:30:41.1371289Z ##[group]Fetching the repository
2026-09-24T20:30:41.1378130Z [command]/usr/bin/git -c protocol.version=2 fetch --no-tags --prune --no-recurse-submodules --depth=1 origin +d02a29777eda74eb9e9d48430ee382baa59147e3:refs/remotes/origin/round-450-anchor-17
2026-09-24T20:30:52.9741465Z From https://github.com/PLANETA9091/c-crussty
2026-09-24T20:30:52.9742230Z  * [new ref]         d02a29777eda74eb9e9d48430ee382baa59147e3 -> origin/round-450-anchor-17
2026-09-24T20:30:52.9745134Z ##[endgroup]
2026-09-24T20:30:52.9745557Z ##[group]Determining the checkout info
2026-09-24T20:30:52.9747761Z ##[endgroup]
2026-09-24T20:30:52.9752206Z [command]/usr/bin/git sparse-checkout disable
2026-09-24T20:30:52.9839691Z [command]/usr/bin/git config --local --unset-all extensions.worktreeConfig
2026-09-24T20:30:52.9869402Z ##[group]Checking out the ref
2026-09-24T20:30:52.9869903Z [command]/usr/bin/git checkout --progress --force -B round-450-anchor-17 refs/remotes/origin/round-450-anchor-17
2026-09-24T20:30:53.8497840Z Switched to a new branch 'round-450-anchor-17'
2026-09-24T20:30:53.8501641Z branch 'round-450-anchor-17' set up to track 'origin/round-450-anchor-17'.
2026-09-24T20:30:53.8550790Z ##[endgroup]
2026-09-24T20:30:53.8589972Z [command]/usr/bin/git log -1 --format=%H
2026-09-24T20:30:53.8611897Z d02a29777eda74eb9e9d48430ee382baa59147e3
2026-09-24T20:30:53.8937125Z ##[group]Run set -euo pipefail
2026-09-24T20:30:53.8937353Z [36;1mset -euo pipefail[0m
2026-09-24T20:30:53.8937491Z [36;1mIDX=$(python3 -c '[0m
2026-09-24T20:30:53.8937616Z [36;1mimport time[0m
2026-09-24T20:30:53.8937733Z [36;1mt=time.time(); x=1[0m
2026-09-24T20:30:53.8937864Z [36;1mfor _ in range(6000000):[0m
2026-09-24T20:30:53.8938044Z [36;1m    x=(x*1103515245+12345)&0x7fffffff[0m
2026-09-24T20:30:53.8938217Z [36;1mprint(f"{6000000/(time.time()-t):.0f}")')[0m
2026-09-24T20:30:53.8938406Z [36;1mecho "runner_cpu_index=$IDX band=[6000000,9500000]"[0m
2026-09-24T20:30:53.8938623Z [36;1mif [ "$IDX" -lt "6000000" ] || [ "$IDX" -gt "9500000" ]; then[0m
2026-09-24T20:30:53.8938953Z [36;1m  echo "::notice::runner_cpu_index=$IDX OUTSIDE band — fast-fail pre-download (pairing discard, not a bench failure)"[0m
2026-09-24T20:30:53.8939228Z [36;1m  exit 1[0m
2026-09-24T20:30:53.8939340Z [36;1mfi[0m
2026-09-24T20:30:54.0039590Z shell: /usr/bin/bash -e {0}
2026-09-24T20:30:54.0039795Z ##[endgroup]
2026-09-24T20:30:54.5536162Z runner_cpu_index=11310112 band=[6000000,9500000]
2026-09-24T20:30:54.5548500Z ##[notice]runner_cpu_index=11310112 OUTSIDE band — fast-fail pre-download (pairing discard, not a bench failure)
2026-09-24T20:30:54.5555045Z ##[error]Process completed with exit code 1.
2026-09-24T20:30:54.5619538Z ##[group]Run actions/upload-artifact@v4
2026-09-24T20:30:54.5619694Z with:
2026-09-24T20:30:54.5619801Z   name: world3-bench
2026-09-24T20:30:54.5620625Z   path: world3-run/BOTTLENECKS_3.md
world3-run/cpu-collapsed.txt
world3-run/wall-collapsed.txt
world3-run/alloc-collapsed.txt
world3-run/cpu-flamegraph.html
world3-run/server-stdout.log
world3-run/gc.log
world3-run/remset.log
world3-run/refine.log
world3-run/recon.jfr
world3-run/ap.log
world3-run/run-env.txt
world3-run/pclip-materialize.log
world3-run/chunk-parse-diag.txt
world3-run/entity-recon.txt
world3-run/patched-kernel.jar
world3-run/spark-report/

2026-09-24T20:30:54.5621484Z   if-no-files-found: warn
2026-09-24T20:30:54.5621627Z   compression-level: 6
2026-09-24T20:30:54.5621742Z   overwrite: false
2026-09-24T20:30:54.5621857Z   include-hidden-files: false
2026-09-24T20:30:54.5621989Z ##[endgroup]
2026-09-24T20:30:54.6567332Z (node:2028) [DEP0040] DeprecationWarning: The `punycode` module is deprecated. Please use a userland alternative instead.
2026-09-24T20:30:54.6567720Z (Use `node --trace-deprecation ...` to show where the warning was created)
2026-09-24T20:30:54.6605662Z Multiple search paths detected. Calculating the least common ancestor of all paths
2026-09-24T20:30:54.6618854Z The least common ancestor is /home/runner/work/c-crussty/c-crussty/world3-run. This will be the root directory of the artifact
2026-09-24T20:30:54.6625789Z ##[warning]No files were found with the provided path: world3-run/BOTTLENECKS_3.md
world3-run/cpu-collapsed.txt
world3-run/wall-collapsed.txt
world3-run/alloc-collapsed.txt
world3-run/cpu-flamegraph.html
world3-run/server-stdout.log
world3-run/gc.log
world3-run/remset.log
world3-run/refine.log
world3-run/recon.jfr
world3-run/ap.log
world3-run/run-env.txt
world3-run/pclip-materialize.log
world3-run/chunk-parse-diag.txt
world3-run/entity-recon.txt
world3-run/patched-kernel.jar
world3-run/spark-report/. No artifacts will be uploaded.
2026-09-24T20:30:54.6797657Z Post job cleanup.
2026-09-24T20:30:54.7353955Z [command]/usr/bin/git version
2026-09-24T20:30:54.7383111Z git version 2.55.0
2026-09-24T20:30:54.7406322Z Temporarily overriding HOME='/home/runner/work/_temp/8a6bcafb-5c86-4a99-86c2-6bcf834a4460' before making global git config changes
2026-09-24T20:30:54.7407078Z Adding repository directory to the temporary git global config as a safe directory
2026-09-24T20:30:54.7410370Z [command]/usr/bin/git config --global --add safe.directory /home/runner/work/c-crussty/c-crussty
2026-09-24T20:30:54.7437714Z [command]/usr/bin/git config --local --name-only --get-regexp core\.sshCommand
2026-09-24T20:30:54.7462350Z [command]/usr/bin/git submodule foreach --recursive sh -c "git config --local --name-only --get-regexp 'core\.sshCommand' && git config --local --unset-all 'core.sshCommand' || :"
2026-09-24T20:30:54.7648262Z [command]/usr/bin/git config --local --name-only --get-regexp http\.https\:\/\/github\.com\/\.extraheader
2026-09-24T20:30:54.7670984Z http.https://github.com/.extraheader
2026-09-24T20:30:54.7678028Z [command]/usr/bin/git config --local --unset-all http.https://github.com/.extraheader
2026-09-24T20:30:54.7704991Z [command]/usr/bin/git submodule foreach --recursive sh -c "git config --local --name-only --get-regexp 'http\.https\:\/\/github\.com\/\.extraheader' && git config --local --unset-all 'http.https://github.com/.extraheader' || :"
2026-09-24T20:30:54.7890694Z [command]/usr/bin/git config --local --name-only --get-regexp ^includeIf\.gitdir:
2026-09-24T20:30:54.7919215Z [command]/usr/bin/git submodule foreach --recursive git config --local --show-origin --name-only --get-regexp remote.origin.url
2026-09-24T20:30:54.8187952Z Cleaning up orphan processes
2026-09-24T20:30:54.8366964Z ##[warning]Node.js 20 is deprecated. The following actions target Node.js 20 but are being forced to run on Node.js 24: actions/checkout@v4, actions/upload-artifact@v4. For more information see: https://github.blog/changelog/2025-09-19-deprecation-of-node-20-on-github-actions-runners/
