[0.003s][info][gc] Using G1
[0.333s][info][gc] GC(0) Pause Young (Concurrent Start) (G1 Humongous Allocation) 242M->3M(513M) 3.315ms
[0.333s][info][gc] GC(1) Concurrent Undo Cycle
[0.333s][info][gc] GC(1) Concurrent Undo Cycle 0.081ms
[0.415s][info][gc] GC(2) Pause Young (Normal) (G1 Evacuation Pause) 215M->2M(513M) 2.534ms
[1.694s][info][gc] GC(3) Pause Young (Concurrent Start) (Metadata GC Threshold) 312M->15M(513M) 10.673ms
[1.694s][info][gc] GC(4) Concurrent Mark Cycle
[1.705s][info][gc] GC(4) Pause Remark 16M->16M(512M) 4.314ms
[1.705s][info][gc] GC(4) Pause Cleanup 17M->17M(512M) 0.097ms
[1.709s][info][gc] GC(4) Concurrent Mark Cycle 14.861ms
[2.100s][info][gc] GC(5) Pause Young (Prepare Mixed) (G1 Evacuation Pause) 66M->31M(512M) 20.873ms
[2.166s][info][gc] GC(6) Pause Young (Mixed) (G1 Evacuation Pause) 48M->40M(512M) 16.723ms
[2.249s][info][gc] GC(7) Pause Young (Normal) (G1 Evacuation Pause) 73M->52M(512M) 35.783ms
[2.314s][info][gc] GC(8) Pause Young (Normal) (G1 Evacuation Pause) 82M->67M(937M) 14.922ms
[2.412s][info][gc] GC(9) Pause Young (Normal) (G1 Evacuation Pause) 108M->87M(937M) 16.982ms
[2.555s][info][gc] GC(10) Pause Young (Normal) (G1 Evacuation Pause) 127M->107M(937M) 46.809ms
[2.696s][info][gc] GC(11) Pause Young (Normal) (G1 Evacuation Pause) 147M->130M(937M) 29.886ms
[3.060s][info][gc] GC(12) Pause Young (Normal) (G1 Evacuation Pause) 170M->148M(1230M) 46.350ms
[3.256s][info][gc] GC(13) Pause Young (Concurrent Start) (Metadata GC Threshold) 160M->150M(1230M) 32.128ms
[3.256s][info][gc] GC(14) Concurrent Mark Cycle
[3.570s][info][gc] GC(14) Pause Remark 161M->161M(544M) 10.248ms
[3.700s][info][gc] GC(14) Pause Cleanup 168M->168M(544M) 0.211ms
[3.702s][info][gc] GC(14) Concurrent Mark Cycle 445.953ms
[4.156s][info][gc] GC(15) Pause Young (Prepare Mixed) (G1 Evacuation Pause) 259M->161M(544M) 38.347ms
[6.257s][info][gc] GC(16) Pause Young (Mixed) (G1 Evacuation Pause) 456M->210M(544M) 82.318ms
[6.393s][info][gc] GC(17) Pause Young (Normal) (G1 Evacuation Pause) 310M->248M(544M) 78.765ms
[6.565s][info][gc] GC(18) Pause Young (Concurrent Start) (Metadata GC Threshold) 304M->264M(544M) 46.104ms
[6.565s][info][gc] GC(19) Concurrent Mark Cycle
[6.818s][info][gc] GC(19) Pause Remark 265M->237M(544M) 9.698ms
[7.000s][info][gc] GC(19) Pause Cleanup 238M->238M(544M) 0.330ms
[7.008s][info][gc] GC(19) Concurrent Mark Cycle 443.150ms
[8.978s][info][gc] GC(20) Pause Young (Prepare Mixed) (G1 Evacuation Pause) 373M->260M(544M) 59.428ms
[10.008s][info][gc] GC(21) Pause Young (Mixed) (G1 Evacuation Pause) 431M->254M(544M) 29.140ms
[10.923s][info][gc] GC(22) Pause Young (Mixed) (G1 Evacuation Pause) 438M->245M(544M) 42.794ms
[11.299s][info][gc] GC(23) Pause Young (Concurrent Start) (G1 Humongous Allocation) 385M->249M(949M) 23.521ms
[11.299s][info][gc] GC(24) Concurrent Undo Cycle
[11.303s][info][gc] GC(24) Concurrent Undo Cycle 4.269ms
[13.401s][info][gc] GC(25) Pause Young (Concurrent Start) (Metadata GC Threshold) 606M->275M(949M) 68.385ms
[13.401s][info][gc] GC(26) Concurrent Mark Cycle
[13.799s][info][gc] GC(26) Pause Remark 291M->290M(949M) 16.303ms
[14.067s][info][gc] GC(26) Pause Cleanup 296M->296M(949M) 0.352ms
[14.070s][info][gc] GC(26) Concurrent Mark Cycle 668.062ms
[17.600s][info][gc] GC(27) Pause Young (Prepare Mixed) (G1 Evacuation Pause) 577M->282M(949M) 47.956ms
[30.993s][info][gc] GC(28) Pause Young (Mixed) (G1 Evacuation Pause) 762M->314M(949M) 44.985ms
[34.477s][info][gc] GC(29) Pause Young (Concurrent Start) (G1 Evacuation Pause) 804M->325M(949M) 77.243ms
[34.477s][info][gc] GC(30) Concurrent Mark Cycle
[35.284s][info][gc] GC(30) Pause Remark 387M->354M(949M) 24.645ms
[35.767s][info][gc] GC(30) Pause Cleanup 397M->397M(949M) 0.474ms
[35.771s][info][gc] GC(30) Concurrent Mark Cycle 1293.917ms
[38.501s][info][gc] GC(31) Pause Young (Prepare Mixed) (G1 Evacuation Pause) 788M->309M(949M) 29.065ms
[41.609s][info][gc] GC(32) Pause Young (Mixed) (G1 Evacuation Pause) 830M->322M(949M) 42.394ms
[50.119s][info][gc] GC(33) Pause Young (Concurrent Start) (G1 Evacuation Pause) 837M->332M(949M) 45.214ms
[50.119s][info][gc] GC(34) Concurrent Mark Cycle
[51.119s][info][gc] GC(34) Pause Remark 759M->759M(1267M) 56.176ms
[51.491s][info][gc] GC(35) Pause Young (Normal) (G1 Evacuation Pause) 852M->332M(1267M) 31.907ms
[51.592s][info][gc] GC(34) Pause Cleanup 370M->370M(1267M) 0.422ms
[51.596s][info][gc] GC(34) Concurrent Mark Cycle 1477.018ms
