[22:07:31] S1 deploy: /home/z/c-crussty/target/release/libcrussty.so -> /home/z/server/modules/crussty/libcrussty.so
[22:07:31] deploy ok; world seed restored
[22:10:02] INVALID S2: armed boot no Done( in 150s — LOUD
[22:10:12] S1 deploy: /home/z/c-crussty/target/release/libcrussty.so -> /home/z/server/modules/crussty/libcrussty.so
[22:10:12] deploy ok; world seed restored
[22:10:28] S2 armed boot Done (15.581s)
[22:11:43] markers: pristineN=1 pristineS=1 defined=1 armedN=1 armedS=1 selftest_pass=0 census_calls=0 census_fallbacks=NA
[22:12:09] S3 dormant: Done=1 dormant_line=1 selftest_lines=0
[22:12:09] world seed restored (canonical for A/B)
[22:12:09] SMOKE VERDICT: FAIL — armed gate unmet; A/B forbidden by pre-registered gate
[22:26:14] S1 deploy: /home/z/c-crussty/target/release/libcrussty.so -> /home/z/server/modules/crussty/libcrussty.so
[22:26:14] deploy ok; world seed restored
[22:26:31] S2 armed boot Done (16.673s)
[22:27:46] markers: pristineN=1 pristineS=1 defined=1 armedN=1 armedS=1 selftest_pass=0 census_calls=1 census_fallbacks=2
[22:28:12] S3 dormant: Done=1 dormant_line=1 selftest_lines=0
[22:28:12] world seed restored (canonical for A/B)
[22:28:12] SMOKE VERDICT: FAIL — armed gate unmet; A/B forbidden by pre-registered gate
[22:31:07] S1 deploy: /home/z/c-crussty/target/release/libcrussty.so -> /home/z/server/modules/crussty/libcrussty.so
[22:31:07] deploy ok; world seed restored
[22:31:24] S2 armed boot Done (16.373s)
[22:32:39] markers: pristineN=1 pristineS=1 defined=1 armedN=1 armedS=1 selftest_pass=0 census_calls=1 census_fallbacks=0
[22:33:04] S3 dormant: Done=1 dormant_line=1 selftest_lines=0
[22:33:05] world seed restored (canonical for A/B)
[22:33:05] SMOKE VERDICT: FAIL — armed gate unmet; A/B forbidden by pre-registered gate
[23:12:46] S1 deploy: /home/z/c-crussty/target/release/libcrussty.so -> /home/z/server/modules/crussty/libcrussty.so
[23:12:46] deploy ok; world seed restored
[23:13:05] S2 armed boot Done (16.864s)
[23:14:20] markers: pristineN=1 pristineS=1 defined=1 armedN=1 armedS=1 selftest_pass=0 census_calls=1 census_fallbacks=0
[23:14:45] S3 dormant: Done=1 dormant_line=1 selftest_lines=0
[23:14:45] world seed restored (canonical for A/B)
[23:14:45] SMOKE VERDICT: FAIL — armed gate unmet; A/B forbidden by pre-registered gate
[23:20:58] S1 deploy: /home/z/c-crussty/target/release/libcrussty.so -> /home/z/server/modules/crussty/libcrussty.so
[23:20:58] deploy ok; world seed restored
[23:21:15] S2 armed boot Done (16.082s)
[23:22:30] markers: pristineN=1 pristineS=1 defined=1 armedN=1 armedS=1 selftest_pass=0 census_calls=1 census_fallbacks=0
[23:22:55] S3 dormant: Done=1 dormant_line=1 selftest_lines=0
[23:22:55] world seed restored (canonical for A/B)
[23:22:55] SMOKE VERDICT: FAIL — armed gate unmet; A/B forbidden by pre-registered gate
[23:26:49] S1 deploy: /home/z/c-crussty/target/release/libcrussty.so -> /home/z/server/modules/crussty/libcrussty.so
[23:26:49] deploy ok; world seed restored
[23:27:06] S2 armed boot Done (16.111s)
[23:28:21] markers: pristineN=1 pristineS=1 defined=1 armedN=1 armedS=1 selftest_pass=0 census_calls=1 census_fallbacks=0
[23:28:46] S3 dormant: Done=1 dormant_line=1 selftest_lines=0
[23:28:46] world seed restored (canonical for A/B)
[23:28:46] SMOKE VERDICT: FAIL — armed gate unmet; A/B forbidden by pre-registered gate
[23:36:46] S1 deploy: /home/z/c-crussty/target/release/libcrussty.so -> /home/z/server/modules/crussty/libcrussty.so
[23:36:46] deploy ok; world seed restored
[23:37:03] S2 armed boot Done (16.182s)
[23:38:18] markers: pristineN=1 pristineS=1 defined=1 armedN=1 armedS=1 selftest_pass=1 census_calls=9 census_fallbacks=3
[23:38:42] S3 dormant: Done=1 dormant_line=1 selftest_lines=0
[23:38:42] world seed restored (canonical for A/B)
[23:38:42] SMOKE VERDICT: PASS-ALL (S1 deploy, S2 armed+selftest; census_calls=9 = dispatch-dead finding, see NOTE)
