[2026-10-02T23:05:39.405+0000][0.133s][info][gc,init] CardTable entry size: 512
[2026-10-02T23:05:39.405+0000][0.133s][info][gc     ] Using Parallel
[2026-10-02T23:05:39.414+0000][0.142s][info][gc,init] Version: 21.0.12.1+1-LTS (release)
[2026-10-02T23:05:39.414+0000][0.142s][info][gc,init] CPUs: 4 total, 4 available
[2026-10-02T23:05:39.414+0000][0.142s][info][gc,init] Memory: 15989M
[2026-10-02T23:05:39.414+0000][0.142s][info][gc,init] Large Page Support: Disabled
[2026-10-02T23:05:39.414+0000][0.142s][info][gc,init] NUMA Support: Disabled
[2026-10-02T23:05:39.414+0000][0.142s][info][gc,init] Compressed Oops: Enabled (Zero based)
[2026-10-02T23:05:39.414+0000][0.142s][info][gc,init] Alignments: Space 512K, Generation 512K, Heap 2M
[2026-10-02T23:05:39.414+0000][0.142s][info][gc,init] Heap Min Capacity: 4G
[2026-10-02T23:05:39.414+0000][0.142s][info][gc,init] Heap Initial Capacity: 4G
[2026-10-02T23:05:39.414+0000][0.142s][info][gc,init] Heap Max Capacity: 10G
[2026-10-02T23:05:39.414+0000][0.142s][info][gc,init] Pre-touch: Disabled
[2026-10-02T23:05:39.414+0000][0.142s][info][gc,init] Parallel Workers: 4
[2026-10-02T23:05:39.422+0000][0.150s][info][gc,metaspace] CDS archive(s) mapped at: [0x00007fd0dd000000-0x00007fd0ddc9c000-0x00007fd0ddc9c000), size 13221888, SharedBaseAddress: 0x00007fd0dd000000, ArchiveRelocationMode: 1.
[2026-10-02T23:05:39.422+0000][0.150s][info][gc,metaspace] Compressed class space mapped at: 0x00007fd0de000000-0x00007fd11e000000, reserved size: 1073741824
[2026-10-02T23:05:39.422+0000][0.150s][info][gc,metaspace] Narrow klass base: 0x00007fd0dd000000, Narrow klass shift: 0, Narrow klass range: 0x100000000
[2026-10-02T23:05:42.175+0000][2.903s][info][gc,start    ] GC(0) Pause Young (Metadata GC Threshold)
[2026-10-02T23:05:42.181+0000][2.909s][info][gc,heap     ] GC(0) PSYoungGen: 919414K(1223168K)->12664K(1223168K) Eden: 919414K(1048576K)->0K(1048576K) From: 0K(174592K)->12664K(174592K)
[2026-10-02T23:05:42.181+0000][2.909s][info][gc,heap     ] GC(0) ParOldGen: 1073K(2796544K)->1145K(2796544K)
[2026-10-02T23:05:42.181+0000][2.909s][info][gc,metaspace] GC(0) Metaspace: 21071K(21504K)->21071K(21504K) NonClass: 18697K(18944K)->18697K(18944K) Class: 2374K(2560K)->2374K(2560K)
[2026-10-02T23:05:42.181+0000][2.909s][info][gc          ] GC(0) Pause Young (Metadata GC Threshold) 898M->13M(3925M) 6.344ms
[2026-10-02T23:05:42.181+0000][2.909s][info][gc,cpu      ] GC(0) User=0.02s Sys=0.00s Real=0.01s
[2026-10-02T23:05:42.181+0000][2.909s][info][gc,start    ] GC(1) Pause Full (Metadata GC Threshold)
[2026-10-02T23:05:42.181+0000][2.909s][info][gc,phases,start] GC(1) Marking Phase
[2026-10-02T23:05:42.188+0000][2.916s][info][gc,phases      ] GC(1) Marking Phase 7.236ms
[2026-10-02T23:05:42.188+0000][2.916s][info][gc,phases,start] GC(1) Summary Phase
[2026-10-02T23:05:42.188+0000][2.916s][info][gc,phases      ] GC(1) Summary Phase 0.008ms
[2026-10-02T23:05:42.188+0000][2.916s][info][gc,phases,start] GC(1) Adjust Roots
[2026-10-02T23:05:42.191+0000][2.919s][info][gc,phases      ] GC(1) Adjust Roots 2.809ms
[2026-10-02T23:05:42.191+0000][2.919s][info][gc,phases,start] GC(1) Compaction Phase
[2026-10-02T23:05:42.198+0000][2.926s][info][gc,phases      ] GC(1) Compaction Phase 6.699ms
[2026-10-02T23:05:42.198+0000][2.926s][info][gc,phases,start] GC(1) Post Compact
[2026-10-02T23:05:42.199+0000][2.927s][info][gc,phases      ] GC(1) Post Compact 1.223ms
[2026-10-02T23:05:42.199+0000][2.927s][info][gc,heap        ] GC(1) PSYoungGen: 12664K(1223168K)->0K(1223168K) Eden: 0K(1048576K)->0K(1048576K) From: 12664K(174592K)->0K(174592K)
[2026-10-02T23:05:42.199+0000][2.927s][info][gc,heap        ] GC(1) ParOldGen: 1145K(2796544K)->13576K(2796544K)
[2026-10-02T23:05:42.199+0000][2.927s][info][gc,metaspace   ] GC(1) Metaspace: 21071K(21504K)->21071K(21504K) NonClass: 18697K(18944K)->18697K(18944K) Class: 2374K(2560K)->2374K(2560K)
[2026-10-02T23:05:42.199+0000][2.927s][info][gc             ] GC(1) Pause Full (Metadata GC Threshold) 13M->13M(3925M) 18.095ms
[2026-10-02T23:05:42.199+0000][2.927s][info][gc,cpu         ] GC(1) User=0.04s Sys=0.01s Real=0.02s
[2026-10-02T23:05:43.385+0000][4.113s][info][gc,start       ] GC(2) Pause Young (Metadata GC Threshold)
[2026-10-02T23:05:43.407+0000][4.135s][info][gc,heap        ] GC(2) PSYoungGen: 442248K(1223168K)->51039K(1223168K) Eden: 442248K(1048576K)->0K(1048576K) From: 0K(174592K)->51039K(174592K)
[2026-10-02T23:05:43.407+0000][4.135s][info][gc,heap        ] GC(2) ParOldGen: 13576K(2796544K)->13584K(2796544K)
[2026-10-02T23:05:43.407+0000][4.135s][info][gc,metaspace   ] GC(2) Metaspace: 35405K(35840K)->35405K(35840K) NonClass: 31309K(31552K)->31309K(31552K) Class: 4095K(4288K)->4095K(4288K)
[2026-10-02T23:05:43.407+0000][4.135s][info][gc             ] GC(2) Pause Young (Metadata GC Threshold) 445M->63M(3925M) 22.083ms
[2026-10-02T23:05:43.407+0000][4.135s][info][gc,cpu         ] GC(2) User=0.07s Sys=0.01s Real=0.02s
[2026-10-02T23:05:43.407+0000][4.135s][info][gc,start       ] GC(3) Pause Full (Metadata GC Threshold)
[2026-10-02T23:05:43.407+0000][4.135s][info][gc,phases,start] GC(3) Marking Phase
[2026-10-02T23:05:43.428+0000][4.156s][info][gc,phases      ] GC(3) Marking Phase 20.971ms
[2026-10-02T23:05:43.428+0000][4.156s][info][gc,phases,start] GC(3) Summary Phase
[2026-10-02T23:05:43.428+0000][4.156s][info][gc,phases      ] GC(3) Summary Phase 0.017ms
[2026-10-02T23:05:43.428+0000][4.156s][info][gc,phases,start] GC(3) Adjust Roots
[2026-10-02T23:05:43.431+0000][4.159s][info][gc,phases      ] GC(3) Adjust Roots 3.208ms
[2026-10-02T23:05:43.431+0000][4.159s][info][gc,phases,start] GC(3) Compaction Phase
[2026-10-02T23:05:43.467+0000][4.195s][info][gc,phases      ] GC(3) Compaction Phase 35.760ms
[2026-10-02T23:05:43.467+0000][4.195s][info][gc,phases,start] GC(3) Post Compact
[2026-10-02T23:05:43.468+0000][4.196s][info][gc,phases      ] GC(3) Post Compact 0.933ms
[2026-10-02T23:05:43.468+0000][4.196s][info][gc,heap        ] GC(3) PSYoungGen: 51039K(1223168K)->0K(1223168K) Eden: 0K(1048576K)->0K(1048576K) From: 51039K(174592K)->0K(174592K)
[2026-10-02T23:05:43.468+0000][4.196s][info][gc,heap        ] GC(3) ParOldGen: 13584K(2796544K)->64282K(2796544K)
[2026-10-02T23:05:43.468+0000][4.196s][info][gc,metaspace   ] GC(3) Metaspace: 35405K(35840K)->35405K(35840K) NonClass: 31309K(31552K)->31309K(31552K) Class: 4095K(4288K)->4095K(4288K)
[2026-10-02T23:05:43.468+0000][4.196s][info][gc             ] GC(3) Pause Full (Metadata GC Threshold) 63M->62M(3925M) 61.028ms
[2026-10-02T23:05:43.468+0000][4.196s][info][gc,cpu         ] GC(3) User=0.21s Sys=0.01s Real=0.07s
[2026-10-02T23:05:45.202+0000][5.930s][info][gc,start       ] GC(4) Pause Young (Metadata GC Threshold)
[2026-10-02T23:05:45.233+0000][5.961s][info][gc,heap        ] GC(4) PSYoungGen: 380741K(1223168K)->43010K(1223168K) Eden: 380741K(1048576K)->0K(1048576K) From: 0K(174592K)->43010K(174592K)
[2026-10-02T23:05:45.233+0000][5.961s][info][gc,heap        ] GC(4) ParOldGen: 64282K(2796544K)->64290K(2796544K)
[2026-10-02T23:05:45.233+0000][5.961s][info][gc,metaspace   ] GC(4) Metaspace: 59083K(59776K)->59083K(59776K) NonClass: 50510K(50880K)->50510K(50880K) Class: 8573K(8896K)->8573K(8896K)
[2026-10-02T23:05:45.233+0000][5.961s][info][gc             ] GC(4) Pause Young (Metadata GC Threshold) 434M->104M(3925M) 31.028ms
[2026-10-02T23:05:45.233+0000][5.961s][info][gc,cpu         ] GC(4) User=0.11s Sys=0.01s Real=0.03s
[2026-10-02T23:05:45.233+0000][5.961s][info][gc,start       ] GC(5) Pause Full (Metadata GC Threshold)
[2026-10-02T23:05:45.233+0000][5.961s][info][gc,phases,start] GC(5) Marking Phase
[2026-10-02T23:05:45.283+0000][6.011s][info][gc,phases      ] GC(5) Marking Phase 49.508ms
[2026-10-02T23:05:45.283+0000][6.011s][info][gc,phases,start] GC(5) Summary Phase
[2026-10-02T23:05:45.283+0000][6.011s][info][gc,phases      ] GC(5) Summary Phase 0.008ms
[2026-10-02T23:05:45.283+0000][6.011s][info][gc,phases,start] GC(5) Adjust Roots
[2026-10-02T23:05:45.291+0000][6.019s][info][gc,phases      ] GC(5) Adjust Roots 7.887ms
[2026-10-02T23:05:45.291+0000][6.019s][info][gc,phases,start] GC(5) Compaction Phase
[2026-10-02T23:05:45.370+0000][6.099s][info][gc,phases      ] GC(5) Compaction Phase 79.730ms
[2026-10-02T23:05:45.370+0000][6.099s][info][gc,phases,start] GC(5) Post Compact
[2026-10-02T23:05:45.372+0000][6.100s][info][gc,phases      ] GC(5) Post Compact 1.091ms
[2026-10-02T23:05:45.372+0000][6.100s][info][gc,heap        ] GC(5) PSYoungGen: 43010K(1223168K)->0K(1223168K) Eden: 0K(1048576K)->0K(1048576K) From: 43010K(174592K)->0K(174592K)
[2026-10-02T23:05:45.372+0000][6.100s][info][gc,heap        ] GC(5) ParOldGen: 64290K(2796544K)->103051K(2796544K)
[2026-10-02T23:05:45.372+0000][6.100s][info][gc,metaspace   ] GC(5) Metaspace: 59083K(59776K)->59083K(59776K) NonClass: 50510K(50880K)->50510K(50880K) Class: 8573K(8896K)->8573K(8896K)
[2026-10-02T23:05:45.372+0000][6.100s][info][gc             ] GC(5) Pause Full (Metadata GC Threshold) 104M->100M(3925M) 138.385ms
[2026-10-02T23:05:45.372+0000][6.100s][info][gc,cpu         ] GC(5) User=0.52s Sys=0.00s Real=0.14s
[2026-10-02T23:05:48.568+0000][9.296s][info][gc,start       ] GC(6) Pause Young (Metadata GC Threshold)
[2026-10-02T23:05:48.664+0000][9.392s][info][gc,heap        ] GC(6) PSYoungGen: 771619K(1223168K)->174565K(1223168K) Eden: 771619K(1048576K)->0K(1048576K) From: 0K(174592K)->174565K(174592K)
[2026-10-02T23:05:48.664+0000][9.392s][info][gc,heap        ] GC(6) ParOldGen: 103051K(2796544K)->105547K(2796544K)
[2026-10-02T23:05:48.664+0000][9.392s][info][gc,metaspace   ] GC(6) Metaspace: 98759K(99648K)->98759K(99648K) NonClass: 84814K(85312K)->84814K(85312K) Class: 13944K(14336K)->13944K(14336K)
[2026-10-02T23:05:48.664+0000][9.392s][info][gc             ] GC(6) Pause Young (Metadata GC Threshold) 854M->273M(3925M) 95.696ms
[2026-10-02T23:05:48.664+0000][9.392s][info][gc,cpu         ] GC(6) User=0.35s Sys=0.03s Real=0.09s
[2026-10-02T23:05:48.664+0000][9.392s][info][gc,start       ] GC(7) Pause Full (Metadata GC Threshold)
[2026-10-02T23:05:48.664+0000][9.392s][info][gc,phases,start] GC(7) Marking Phase
[2026-10-02T23:05:48.773+0000][9.502s][info][gc,phases      ] GC(7) Marking Phase 109.644ms
[2026-10-02T23:05:48.773+0000][9.502s][info][gc,phases,start] GC(7) Summary Phase
[2026-10-02T23:05:48.774+0000][9.502s][info][gc,phases      ] GC(7) Summary Phase 0.027ms
[2026-10-02T23:05:48.774+0000][9.502s][info][gc,phases,start] GC(7) Adjust Roots
[2026-10-02T23:05:48.783+0000][9.511s][info][gc,phases      ] GC(7) Adjust Roots 9.535ms
[2026-10-02T23:05:48.783+0000][9.511s][info][gc,phases,start] GC(7) Compaction Phase
[2026-10-02T23:05:49.063+0000][9.792s][info][gc,phases      ] GC(7) Compaction Phase 280.228ms
[2026-10-02T23:05:49.063+0000][9.792s][info][gc,phases,start] GC(7) Post Compact
[2026-10-02T23:05:49.065+0000][9.793s][info][gc,phases      ] GC(7) Post Compact 1.657ms
[2026-10-02T23:05:49.065+0000][9.793s][info][gc,heap        ] GC(7) PSYoungGen: 174565K(1223168K)->0K(1223168K) Eden: 0K(1048576K)->0K(1048576K) From: 174565K(174592K)->0K(174592K)
[2026-10-02T23:05:49.065+0000][9.793s][info][gc,heap        ] GC(7) ParOldGen: 105547K(2796544K)->278474K(2796544K)
[2026-10-02T23:05:49.065+0000][9.793s][info][gc,metaspace   ] GC(7) Metaspace: 98759K(99648K)->98759K(99648K) NonClass: 84814K(85312K)->84814K(85312K) Class: 13944K(14336K)->13944K(14336K)
[2026-10-02T23:05:49.065+0000][9.793s][info][gc             ] GC(7) Pause Full (Metadata GC Threshold) 273M->271M(3925M) 401.256ms
[2026-10-02T23:05:49.065+0000][9.793s][info][gc,cpu         ] GC(7) User=1.51s Sys=0.01s Real=0.40s
[2026-10-02T23:05:52.301+0000][13.029s][info][gc,start       ] GC(8) Pause Young (Allocation Failure)
[2026-10-02T23:05:52.384+0000][13.112s][info][gc,heap        ] GC(8) PSYoungGen: 1048576K(1223168K)->150327K(1223168K) Eden: 1048576K(1048576K)->0K(1048576K) From: 0K(174592K)->150327K(174592K)
[2026-10-02T23:05:52.384+0000][13.112s][info][gc,heap        ] GC(8) ParOldGen: 278474K(2796544K)->278490K(2796544K)
[2026-10-02T23:05:52.384+0000][13.112s][info][gc,metaspace   ] GC(8) Metaspace: 114674K(115648K)->114674K(115648K) NonClass: 98249K(98816K)->98249K(98816K) Class: 16425K(16832K)->16425K(16832K)
[2026-10-02T23:05:52.384+0000][13.112s][info][gc             ] GC(8) Pause Young (Allocation Failure) 1295M->418M(3925M) 83.072ms
[2026-10-02T23:05:52.384+0000][13.113s][info][gc,cpu         ] GC(8) User=0.29s Sys=0.03s Real=0.08s
[2026-10-02T23:06:00.025+0000][20.753s][info][gc,start       ] GC(9) Pause Young (Allocation Failure)
[2026-10-02T23:06:00.105+0000][20.833s][info][gc,heap        ] GC(9) PSYoungGen: 1198903K(1223168K)->177340K(2269696K) Eden: 1048576K(1048576K)->0K(2064896K) From: 150327K(174592K)->177340K(204800K)
[2026-10-02T23:06:00.105+0000][20.833s][info][gc,heap        ] GC(9) ParOldGen: 278490K(2796544K)->278530K(2796544K)
[2026-10-02T23:06:00.105+0000][20.833s][info][gc,metaspace   ] GC(9) Metaspace: 150001K(151232K)->150001K(151232K) NonClass: 125549K(126272K)->125549K(126272K) Class: 24452K(24960K)->24452K(24960K)
[2026-10-02T23:06:00.105+0000][20.833s][info][gc             ] GC(9) Pause Young (Allocation Failure) 1442M->445M(4947M) 79.684ms
[2026-10-02T23:06:00.105+0000][20.833s][info][gc,cpu         ] GC(9) User=0.27s Sys=0.04s Real=0.08s
[2026-10-02T23:06:01.025+0000][21.753s][info][gc,start       ] GC(10) Pause Young (CodeCache GC Threshold)
[2026-10-02T23:06:01.104+0000][21.832s][info][gc,heap        ] GC(10) PSYoungGen: 581473K(2269696K)->196920K(2301952K) Eden: 404133K(2064896K)->0K(2064896K) From: 177340K(204800K)->196920K(237056K)
[2026-10-02T23:06:01.104+0000][21.832s][info][gc,heap        ] GC(10) ParOldGen: 278530K(2796544K)->278546K(2796544K)
[2026-10-02T23:06:01.104+0000][21.832s][info][gc,metaspace   ] GC(10) Metaspace: 150834K(152128K)->150834K(152128K) NonClass: 126317K(127040K)->126317K(127040K) Class: 24517K(25088K)->24517K(25088K)
[2026-10-02T23:06:01.104+0000][21.832s][info][gc             ] GC(10) Pause Young (CodeCache GC Threshold) 839M->464M(4979M) 78.998ms
[2026-10-02T23:06:01.104+0000][21.832s][info][gc,cpu         ] GC(10) User=0.27s Sys=0.03s Real=0.08s
[2026-10-02T23:06:01.104+0000][21.832s][info][gc,start       ] GC(11) Pause Full (CodeCache GC Threshold)
[2026-10-02T23:06:01.104+0000][21.832s][info][gc,phases,start] GC(11) Marking Phase
[2026-10-02T23:06:01.294+0000][22.022s][info][gc,phases      ] GC(11) Marking Phase 190.209ms
[2026-10-02T23:06:01.294+0000][22.022s][info][gc,phases,start] GC(11) Summary Phase
[2026-10-02T23:06:01.294+0000][22.022s][info][gc,phases      ] GC(11) Summary Phase 0.030ms
[2026-10-02T23:06:01.294+0000][22.022s][info][gc,phases,start] GC(11) Adjust Roots
[2026-10-02T23:06:01.316+0000][22.044s][info][gc,phases      ] GC(11) Adjust Roots 21.564ms
[2026-10-02T23:06:01.316+0000][22.044s][info][gc,phases,start] GC(11) Compaction Phase
[2026-10-02T23:06:01.708+0000][22.437s][info][gc,phases      ] GC(11) Compaction Phase 392.783ms
[2026-10-02T23:06:01.709+0000][22.437s][info][gc,phases,start] GC(11) Post Compact
[2026-10-02T23:06:01.714+0000][22.442s][info][gc,phases      ] GC(11) Post Compact 5.490ms
[2026-10-02T23:06:01.714+0000][22.442s][info][gc,heap        ] GC(11) PSYoungGen: 196920K(2301952K)->0K(2301952K) Eden: 0K(2064896K)->0K(2064896K) From: 196920K(237056K)->0K(237056K)
[2026-10-02T23:06:01.714+0000][22.442s][info][gc,heap        ] GC(11) ParOldGen: 278546K(2796544K)->435441K(2796544K)
[2026-10-02T23:06:01.714+0000][22.442s][info][gc,metaspace   ] GC(11) Metaspace: 150834K(152128K)->150770K(152128K) NonClass: 126317K(127040K)->126268K(127040K) Class: 24517K(25088K)->24501K(25088K)
[2026-10-02T23:06:01.714+0000][22.442s][info][gc             ] GC(11) Pause Full (CodeCache GC Threshold) 464M->425M(4979M) 610.255ms
[2026-10-02T23:06:01.714+0000][22.442s][info][gc,cpu         ] GC(11) User=2.23s Sys=0.02s Real=0.61s
[2026-10-02T23:06:06.128+0000][26.857s][info][gc,start       ] GC(12) Pause Young (Allocation Failure)
[2026-10-02T23:06:06.273+0000][27.001s][info][gc,heap        ] GC(12) PSYoungGen: 2064896K(2301952K)->265727K(2271744K) Eden: 2064896K(2064896K)->0K(2006016K) From: 0K(237056K)->265727K(265728K)
[2026-10-02T23:06:06.273+0000][27.001s][info][gc,heap        ] GC(12) ParOldGen: 435441K(2796544K)->533845K(2796544K)
[2026-10-02T23:06:06.273+0000][27.001s][info][gc,metaspace   ] GC(12) Metaspace: 153522K(154880K)->153522K(154880K) NonClass: 128621K(129408K)->128621K(129408K) Class: 24901K(25472K)->24901K(25472K)
[2026-10-02T23:06:06.273+0000][27.001s][info][gc             ] GC(12) Pause Young (Allocation Failure) 2441M->780M(4949M) 144.646ms
[2026-10-02T23:06:06.273+0000][27.001s][info][gc,cpu         ] GC(12) User=0.50s Sys=0.08s Real=0.14s
[2026-10-02T23:06:10.681+0000][31.409s][info][gc,start       ] GC(13) Pause Young (Allocation Failure)
[2026-10-02T23:06:10.856+0000][31.584s][info][gc,heap        ] GC(13) PSYoungGen: 2271743K(2271744K)->356851K(2362880K) Eden: 2006016K(2006016K)->0K(2006016K) From: 265727K(265728K)->356851K(356864K)
[2026-10-02T23:06:10.856+0000][31.584s][info][gc,heap        ] GC(13) ParOldGen: 533845K(2796544K)->793462K(2796544K)
[2026-10-02T23:06:10.856+0000][31.584s][info][gc,metaspace   ] GC(13) Metaspace: 154265K(155776K)->154265K(155776K) NonClass: 129248K(130112K)->129248K(130112K) Class: 25016K(25664K)->25016K(25664K)
[2026-10-02T23:06:10.856+0000][31.584s][info][gc             ] GC(13) Pause Young (Allocation Failure) 2739M->1123M(5038M) 174.801ms
[2026-10-02T23:06:10.856+0000][31.584s][info][gc,cpu         ] GC(13) User=0.62s Sys=0.08s Real=0.17s
[2026-10-02T23:06:14.607+0000][35.336s][info][gc,start       ] GC(14) Pause Young (Allocation Failure)
[2026-10-02T23:06:14.788+0000][35.517s][info][gc,heap        ] GC(14) PSYoungGen: 2362867K(2362880K)->428228K(2864640K) Eden: 2006016K(2006016K)->0K(2340864K) From: 356851K(356864K)->428228K(523776K)
[2026-10-02T23:06:14.788+0000][35.517s][info][gc,heap        ] GC(14) ParOldGen: 793462K(2796544K)->1035703K(2796544K)
[2026-10-02T23:06:14.788+0000][35.517s][info][gc,metaspace   ] GC(14) Metaspace: 154893K(156416K)->154893K(156416K) NonClass: 129804K(130688K)->129804K(130688K) Class: 25088K(25728K)->25088K(25728K)
[2026-10-02T23:06:14.789+0000][35.517s][info][gc             ] GC(14) Pause Young (Allocation Failure) 3082M->1429M(5528M) 181.110ms
[2026-10-02T23:06:14.789+0000][35.517s][info][gc,cpu         ] GC(14) User=0.59s Sys=0.14s Real=0.18s
[2026-10-02T23:06:18.889+0000][39.617s][info][gc,start       ] GC(15) Pause Young (Allocation Failure)
[2026-10-02T23:06:19.095+0000][39.823s][info][gc,heap        ] GC(15) PSYoungGen: 2769092K(2864640K)->292127K(2917888K) Eden: 2340864K(2340864K)->0K(2340864K) From: 428228K(523776K)->292127K(577024K)
[2026-10-02T23:06:19.095+0000][39.823s][info][gc,heap        ] GC(15) ParOldGen: 1035703K(2796544K)->1484100K(2796544K)
[2026-10-02T23:06:19.095+0000][39.823s][info][gc,metaspace   ] GC(15) Metaspace: 155428K(156928K)->155428K(156928K) NonClass: 130276K(131136K)->130276K(131136K) Class: 25151K(25792K)->25151K(25792K)
[2026-10-02T23:06:19.095+0000][39.823s][info][gc             ] GC(15) Pause Young (Allocation Failure) 3715M->1734M(5580M) 205.408ms
[2026-10-02T23:06:19.095+0000][39.823s][info][gc,cpu         ] GC(15) User=0.71s Sys=0.10s Real=0.20s
[2026-10-02T23:06:23.387+0000][44.115s][info][gc,start       ] GC(16) Pause Young (Allocation Failure)
[2026-10-02T23:06:23.577+0000][44.305s][info][gc,heap        ] GC(16) PSYoungGen: 2632991K(2917888K)->354473K(2900992K) Eden: 2340864K(2340864K)->0K(2332672K) From: 292127K(577024K)->354473K(568320K)
[2026-10-02T23:06:23.577+0000][44.305s][info][gc,heap        ] GC(16) ParOldGen: 1484100K(2796544K)->1785850K(2796544K)
[2026-10-02T23:06:23.577+0000][44.305s][info][gc,metaspace   ] GC(16) Metaspace: 155670K(157120K)->155670K(157120K) NonClass: 130499K(131328K)->130499K(131328K) Class: 25170K(25792K)->25170K(25792K)
[2026-10-02T23:06:23.577+0000][44.305s][info][gc             ] GC(16) Pause Young (Allocation Failure) 4020M->2090M(5564M) 189.522ms
[2026-10-02T23:06:23.577+0000][44.305s][info][gc,cpu         ] GC(16) User=0.65s Sys=0.10s Real=0.19s
[2026-10-02T23:06:28.704+0000][49.432s][info][gc,start       ] GC(17) Pause Young (Allocation Failure)
[2026-10-02T23:06:28.918+0000][49.646s][info][gc,heap        ] GC(17) PSYoungGen: 2687145K(2900992K)->370770K(2703872K) Eden: 2332672K(2332672K)->0K(2332672K) From: 354473K(568320K)->370770K(371200K)
[2026-10-02T23:06:28.918+0000][49.646s][info][gc,heap        ] GC(17) ParOldGen: 1785850K(2796544K)->2150650K(2796544K)
[2026-10-02T23:06:28.918+0000][49.646s][info][gc,metaspace   ] GC(17) Metaspace: 157065K(158592K)->157065K(158592K) NonClass: 131840K(132736K)->131840K(132736K) Class: 25225K(25856K)->25225K(25856K)
[2026-10-02T23:06:28.918+0000][49.646s][info][gc             ] GC(17) Pause Young (Allocation Failure) 4368M->2462M(5371M) 214.013ms
[2026-10-02T23:06:28.918+0000][49.646s][info][gc,cpu         ] GC(17) User=0.74s Sys=0.12s Real=0.22s
[2026-10-02T23:06:31.133+0000][51.862s][info][gc,start       ] GC(18) Pause Young (CodeCache GC Threshold)
[2026-10-02T23:06:31.306+0000][52.034s][info][gc,heap        ] GC(18) PSYoungGen: 1425194K(2703872K)->152832K(2916352K) Eden: 1054423K(2332672K)->0K(2320896K) From: 370770K(371200K)->152832K(595456K)
[2026-10-02T23:06:31.306+0000][52.034s][info][gc,heap        ] GC(18) ParOldGen: 2150650K(2796544K)->2536376K(2796544K)
[2026-10-02T23:06:31.306+0000][52.034s][info][gc,metaspace   ] GC(18) Metaspace: 158696K(160192K)->158696K(160192K) NonClass: 133010K(133888K)->133010K(133888K) Class: 25686K(26304K)->25686K(26304K)
[2026-10-02T23:06:31.306+0000][52.034s][info][gc             ] GC(18) Pause Young (CodeCache GC Threshold) 3492M->2626M(5579M) 172.129ms
[2026-10-02T23:06:31.306+0000][52.034s][info][gc,cpu         ] GC(18) User=0.55s Sys=0.11s Real=0.17s
[2026-10-02T23:06:31.306+0000][52.034s][info][gc,start       ] GC(19) Pause Full (CodeCache GC Threshold)
[2026-10-02T23:06:31.306+0000][52.034s][info][gc,phases,start] GC(19) Marking Phase
[2026-10-02T23:06:31.711+0000][52.440s][info][gc,phases      ] GC(19) Marking Phase 405.795ms
[2026-10-02T23:06:31.712+0000][52.440s][info][gc,phases,start] GC(19) Summary Phase
[2026-10-02T23:06:31.712+0000][52.440s][info][gc,phases      ] GC(19) Summary Phase 0.117ms
[2026-10-02T23:06:31.712+0000][52.440s][info][gc,phases,start] GC(19) Adjust Roots
[2026-10-02T23:06:31.731+0000][52.459s][info][gc,phases      ] GC(19) Adjust Roots 19.381ms
[2026-10-02T23:06:31.731+0000][52.459s][info][gc,phases,start] GC(19) Compaction Phase
[2026-10-02T23:06:32.140+0000][52.869s][info][gc,phases      ] GC(19) Compaction Phase 409.406ms
[2026-10-02T23:06:32.140+0000][52.869s][info][gc,phases,start] GC(19) Post Compact
[2026-10-02T23:06:32.154+0000][52.882s][info][gc,phases      ] GC(19) Post Compact 13.374ms
[2026-10-02T23:06:32.154+0000][52.882s][info][gc,heap        ] GC(19) PSYoungGen: 152832K(2916352K)->0K(2916352K) Eden: 0K(2320896K)->0K(2320896K) From: 152832K(595456K)->0K(595456K)
[2026-10-02T23:06:32.154+0000][52.882s][info][gc,heap        ] GC(19) ParOldGen: 2536376K(2796544K)->1403565K(2796544K)
[2026-10-02T23:06:32.154+0000][52.882s][info][gc,metaspace   ] GC(19) Metaspace: 158696K(160192K)->158643K(160192K) NonClass: 133010K(133888K)->132970K(133888K) Class: 25686K(26304K)->25672K(26304K)
[2026-10-02T23:06:32.154+0000][52.882s][info][gc             ] GC(19) Pause Full (CodeCache GC Threshold) 2626M->1370M(5579M) 848.280ms
[2026-10-02T23:06:32.154+0000][52.882s][info][gc,cpu         ] GC(19) User=3.08s Sys=0.03s Real=0.85s
[2026-10-02T23:06:42.323+0000][63.051s][info][gc,start       ] GC(20) Pause Young (CodeCache GC Threshold)
[2026-10-02T23:06:42.405+0000][63.133s][info][gc,heap        ] GC(20) PSYoungGen: 1455535K(2916352K)->315419K(2899456K) Eden: 1455535K(2320896K)->0K(2320896K) From: 0K(595456K)->315419K(578560K)
[2026-10-02T23:06:42.405+0000][63.133s][info][gc,heap        ] GC(20) ParOldGen: 1403565K(2796544K)->1461941K(2796544K)
[2026-10-02T23:06:42.405+0000][63.133s][info][gc,metaspace   ] GC(20) Metaspace: 165126K(166720K)->165126K(166720K) NonClass: 138739K(139648K)->138739K(139648K) Class: 26386K(27072K)->26386K(27072K)
[2026-10-02T23:06:42.405+0000][63.133s][info][gc             ] GC(20) Pause Young (CodeCache GC Threshold) 2792M->1735M(5562M) 82.190ms
[2026-10-02T23:06:42.405+0000][63.133s][info][gc,cpu         ] GC(20) User=0.32s Sys=0.00s Real=0.08s
[2026-10-02T23:06:42.405+0000][63.133s][info][gc,start       ] GC(21) Pause Full (CodeCache GC Threshold)
[2026-10-02T23:06:42.405+0000][63.133s][info][gc,phases,start] GC(21) Marking Phase
[2026-10-02T23:06:42.878+0000][63.606s][info][gc,phases      ] GC(21) Marking Phase 472.803ms
[2026-10-02T23:06:42.878+0000][63.606s][info][gc,phases,start] GC(21) Summary Phase
[2026-10-02T23:06:42.878+0000][63.606s][info][gc,phases      ] GC(21) Summary Phase 0.036ms
[2026-10-02T23:06:42.878+0000][63.606s][info][gc,phases,start] GC(21) Adjust Roots
[2026-10-02T23:06:42.900+0000][63.628s][info][gc,phases      ] GC(21) Adjust Roots 21.867ms
[2026-10-02T23:06:42.900+0000][63.628s][info][gc,phases,start] GC(21) Compaction Phase
[2026-10-02T23:06:43.407+0000][64.135s][info][gc,phases      ] GC(21) Compaction Phase 507.294ms
[2026-10-02T23:06:43.407+0000][64.135s][info][gc,phases,start] GC(21) Post Compact
[2026-10-02T23:06:43.416+0000][64.144s][info][gc,phases      ] GC(21) Post Compact 8.667ms
[2026-10-02T23:06:43.416+0000][64.144s][info][gc,heap        ] GC(21) PSYoungGen: 315419K(2899456K)->0K(2899456K) Eden: 0K(2320896K)->0K(2320896K) From: 315419K(578560K)->0K(578560K)
[2026-10-02T23:06:43.416+0000][64.144s][info][gc,heap        ] GC(21) ParOldGen: 1461941K(2796544K)->1704579K(2796544K)
[2026-10-02T23:06:43.416+0000][64.144s][info][gc,metaspace   ] GC(21) Metaspace: 165126K(166720K)->165076K(166720K) NonClass: 138739K(139648K)->138702K(139648K) Class: 26386K(27072K)->26373K(27072K)
[2026-10-02T23:06:43.416+0000][64.144s][info][gc             ] GC(21) Pause Full (CodeCache GC Threshold) 1735M->1664M(5562M) 1010.865ms
[2026-10-02T23:06:43.416+0000][64.144s][info][gc,cpu         ] GC(21) User=3.73s Sys=0.03s Real=1.01s
[2026-10-02T23:06:52.035+0000][72.763s][info][gc,start       ] GC(22) Pause Young (Allocation Failure)
[2026-10-02T23:06:52.128+0000][72.856s][info][gc,heap        ] GC(22) PSYoungGen: 2320896K(2899456K)->242154K(2852864K) Eden: 2320896K(2320896K)->0K(2344448K) From: 0K(578560K)->242154K(508416K)
[2026-10-02T23:06:52.128+0000][72.856s][info][gc,heap        ] GC(22) ParOldGen: 1704579K(2796544K)->1704579K(2796544K)
[2026-10-02T23:06:52.128+0000][72.856s][info][gc,metaspace   ] GC(22) Metaspace: 165147K(166784K)->165147K(166784K) NonClass: 138745K(139712K)->138745K(139712K) Class: 26402K(27072K)->26402K(27072K)
[2026-10-02T23:06:52.128+0000][72.856s][info][gc             ] GC(22) Pause Young (Allocation Failure) 3931M->1901M(5517M) 93.297ms
[2026-10-02T23:06:52.128+0000][72.856s][info][gc,cpu         ] GC(22) User=0.37s Sys=0.00s Real=0.10s
[2026-10-02T23:06:59.418+0000][80.146s][info][gc,start       ] GC(23) Pause Young (Allocation Failure)
[2026-10-02T23:06:59.564+0000][80.293s][info][gc,heap        ] GC(23) PSYoungGen: 2586602K(2852864K)->196434K(2885120K) Eden: 2344448K(2344448K)->0K(2344448K) From: 242154K(508416K)->196434K(540672K)
[2026-10-02T23:06:59.565+0000][80.293s][info][gc,heap        ] GC(23) ParOldGen: 1704579K(2796544K)->1933313K(2796544K)
[2026-10-02T23:06:59.565+0000][80.293s][info][gc,metaspace   ] GC(23) Metaspace: 165355K(166976K)->165355K(166976K) NonClass: 138903K(139840K)->138903K(139840K) Class: 26451K(27136K)->26451K(27136K)
[2026-10-02T23:06:59.565+0000][80.293s][info][gc             ] GC(23) Pause Young (Allocation Failure) 4190M->2079M(5548M) 146.524ms
[2026-10-02T23:06:59.565+0000][80.293s][info][gc,cpu         ] GC(23) User=0.58s Sys=0.01s Real=0.14s
[2026-10-02T23:07:06.580+0000][87.309s][info][gc,start       ] GC(24) Pause Young (Allocation Failure)
[2026-10-02T23:07:06.715+0000][87.443s][info][gc,heap        ] GC(24) PSYoungGen: 2540882K(2885120K)->170754K(2911232K) Eden: 2344448K(2344448K)->0K(2433536K) From: 196434K(540672K)->170754K(477696K)
[2026-10-02T23:07:06.715+0000][87.443s][info][gc,heap        ] GC(24) ParOldGen: 1933313K(2796544K)->2112365K(2796544K)
[2026-10-02T23:07:06.715+0000][87.443s][info][gc,metaspace   ] GC(24) Metaspace: 165543K(167168K)->165543K(167168K) NonClass: 139084K(140032K)->139084K(140032K) Class: 26459K(27136K)->26459K(27136K)
[2026-10-02T23:07:06.715+0000][87.443s][info][gc             ] GC(24) Pause Young (Allocation Failure) 4369M->2229M(5574M) 134.627ms
[2026-10-02T23:07:06.715+0000][87.443s][info][gc,cpu         ] GC(24) User=0.53s Sys=0.00s Real=0.13s
[2026-10-02T23:07:14.052+0000][94.780s][info][gc,start       ] GC(25) Pause Young (Allocation Failure)
[2026-10-02T23:07:14.198+0000][94.926s][info][gc,heap        ] GC(25) PSYoungGen: 2604290K(2911232K)->161122K(2938880K) Eden: 2433536K(2433536K)->0K(2433536K) From: 170754K(477696K)->161122K(505344K)
[2026-10-02T23:07:14.198+0000][94.926s][info][gc,heap        ] GC(25) ParOldGen: 2112365K(2796544K)->2262007K(2796544K)
[2026-10-02T23:07:14.198+0000][94.926s][info][gc,metaspace   ] GC(25) Metaspace: 165650K(167296K)->165650K(167296K) NonClass: 139187K(140160K)->139187K(140160K) Class: 26462K(27136K)->26462K(27136K)
[2026-10-02T23:07:14.198+0000][94.927s][info][gc             ] GC(25) Pause Young (Allocation Failure) 4606M->2366M(5601M) 146.436ms
[2026-10-02T23:07:14.198+0000][94.927s][info][gc,cpu         ] GC(25) User=0.55s Sys=0.00s Real=0.15s
[2026-10-02T23:07:22.136+0000][102.864s][info][gc,start       ] GC(26) Pause Young (Allocation Failure)
[2026-10-02T23:07:22.276+0000][103.004s][info][gc,heap        ] GC(26) PSYoungGen: 2594658K(2938880K)->154818K(2948096K) Eden: 2433536K(2433536K)->0K(2498048K) From: 161122K(505344K)->154818K(450048K)
[2026-10-02T23:07:22.276+0000][103.004s][info][gc,heap        ] GC(26) ParOldGen: 2262007K(2796544K)->2399970K(2796544K)
[2026-10-02T23:07:22.276+0000][103.004s][info][gc,metaspace   ] GC(26) Metaspace: 165786K(167488K)->165786K(167488K) NonClass: 139312K(140288K)->139312K(140288K) Class: 26473K(27200K)->26473K(27200K)
[2026-10-02T23:07:22.276+0000][103.004s][info][gc             ] GC(26) Pause Young (Allocation Failure) 4742M->2494M(5610M) 139.720ms
[2026-10-02T23:07:22.276+0000][103.004s][info][gc,cpu         ] GC(26) User=0.56s Sys=0.00s Real=0.14s
[2026-10-02T23:07:33.614+0000][114.343s][info][gc,start       ] GC(27) Pause Young (Allocation Failure)
[2026-10-02T23:07:33.750+0000][114.478s][info][gc,heap        ] GC(27) PSYoungGen: 2652866K(2948096K)->145778K(2975744K) Eden: 2498048K(2498048K)->0K(2498048K) From: 154818K(450048K)->145778K(477696K)
[2026-10-02T23:07:33.750+0000][114.478s][info][gc,heap        ] GC(27) ParOldGen: 2399970K(2796544K)->2529250K(2796544K)
[2026-10-02T23:07:33.750+0000][114.478s][info][gc,metaspace   ] GC(27) Metaspace: 165908K(167552K)->165908K(167552K) NonClass: 139428K(140352K)->139428K(140352K) Class: 26479K(27200K)->26479K(27200K)
[2026-10-02T23:07:33.750+0000][114.478s][info][gc             ] GC(27) Pause Young (Allocation Failure) 4934M->2612M(5637M) 135.587ms
[2026-10-02T23:07:33.750+0000][114.478s][info][gc,cpu         ] GC(27) User=0.53s Sys=0.00s Real=0.14s
[2026-10-02T23:07:41.638+0000][122.366s][info][gc,start       ] GC(28) Pause Young (CodeCache GC Threshold)
[2026-10-02T23:07:41.781+0000][122.510s][info][gc,heap        ] GC(28) PSYoungGen: 1560875K(2975744K)->96929K(3025408K) Eden: 1415096K(2498048K)->0K(2567168K) From: 145778K(477696K)->96929K(458240K)
[2026-10-02T23:07:41.781+0000][122.510s][info][gc,heap        ] GC(28) ParOldGen: 2529250K(2796544K)->2648443K(2796544K)
[2026-10-02T23:07:41.781+0000][122.510s][info][gc,metaspace   ] GC(28) Metaspace: 165937K(167616K)->165937K(167616K) NonClass: 139457K(140416K)->139457K(140416K) Class: 26480K(27200K)->26480K(27200K)
[2026-10-02T23:07:41.781+0000][122.510s][info][gc             ] GC(28) Pause Young (CodeCache GC Threshold) 3994M->2681M(5685M) 143.882ms
[2026-10-02T23:07:41.781+0000][122.510s][info][gc,cpu         ] GC(28) User=0.49s Sys=0.04s Real=0.14s
[2026-10-02T23:07:41.782+0000][122.510s][info][gc,start       ] GC(29) Pause Full (CodeCache GC Threshold)
[2026-10-02T23:07:41.782+0000][122.510s][info][gc,phases,start] GC(29) Marking Phase
[2026-10-02T23:07:42.558+0000][123.286s][info][gc,phases      ] GC(29) Marking Phase 776.571ms
[2026-10-02T23:07:42.558+0000][123.286s][info][gc,phases,start] GC(29) Summary Phase
[2026-10-02T23:07:42.558+0000][123.286s][info][gc,phases      ] GC(29) Summary Phase 0.065ms
[2026-10-02T23:07:42.558+0000][123.286s][info][gc,phases,start] GC(29) Adjust Roots
[2026-10-02T23:07:42.576+0000][123.305s][info][gc,phases      ] GC(29) Adjust Roots 18.161ms
[2026-10-02T23:07:42.576+0000][123.305s][info][gc,phases,start] GC(29) Compaction Phase
[2026-10-02T23:07:43.471+0000][124.199s][info][gc,phases      ] GC(29) Compaction Phase 894.318ms
[2026-10-02T23:07:43.471+0000][124.199s][info][gc,phases,start] GC(29) Post Compact
[2026-10-02T23:07:43.478+0000][124.206s][info][gc,phases      ] GC(29) Post Compact 7.402ms
[2026-10-02T23:07:43.478+0000][124.206s][info][gc,heap        ] GC(29) PSYoungGen: 96929K(3025408K)->0K(3025408K) Eden: 0K(2567168K)->0K(2567168K) From: 96929K(458240K)->0K(458240K)
[2026-10-02T23:07:43.478+0000][124.206s][info][gc,heap        ] GC(29) ParOldGen: 2648443K(2796544K)->2690313K(2796544K)
[2026-10-02T23:07:43.478+0000][124.206s][info][gc,metaspace   ] GC(29) Metaspace: 165937K(167616K)->165937K(167616K) NonClass: 139457K(140416K)->139457K(140416K) Class: 26480K(27200K)->26480K(27200K)
[2026-10-02T23:07:43.478+0000][124.206s][info][gc             ] GC(29) Pause Full (CodeCache GC Threshold) 2681M->2627M(5685M) 1696.704ms
[2026-10-02T23:07:43.478+0000][124.206s][info][gc,cpu         ] GC(29) User=6.39s Sys=0.00s Real=1.70s
[2026-10-02T23:07:57.665+0000][138.393s][info][gc,start       ] GC(30) Pause Young (Allocation Failure)
[2026-10-02T23:07:57.778+0000][138.507s][info][gc,heap        ] GC(30) PSYoungGen: 2567168K(3025408K)->139634K(2706944K) Eden: 2567168K(2567168K)->0K(2567168K) From: 0K(458240K)->139634K(139776K)
[2026-10-02T23:07:57.778+0000][138.507s][info][gc,heap        ] GC(30) ParOldGen: 2690313K(2796544K)->2690313K(2796544K)
[2026-10-02T23:07:57.778+0000][138.507s][info][gc,metaspace   ] GC(30) Metaspace: 166037K(167680K)->166037K(167680K) NonClass: 139555K(140480K)->139555K(140480K) Class: 26481K(27200K)->26481K(27200K)
[2026-10-02T23:07:57.778+0000][138.507s][info][gc             ] GC(30) Pause Young (Allocation Failure) 5134M->2763M(5374M) 113.254ms
[2026-10-02T23:07:57.778+0000][138.507s][info][gc,cpu         ] GC(30) User=0.42s Sys=0.03s Real=0.12s
[2026-10-02T23:08:10.822+0000][151.551s][info][gc,start       ] GC(31) Pause Young (Allocation Failure)
[2026-10-02T23:08:10.970+0000][151.698s][info][gc,heap        ] GC(31) PSYoungGen: 2706802K(2706944K)->129570K(3034624K) Eden: 2567168K(2567168K)->0K(2589696K) From: 139634K(139776K)->129570K(444928K)
[2026-10-02T23:08:10.970+0000][151.698s][info][gc,heap        ] GC(31) ParOldGen: 2690313K(2796544K)->2799486K(2799616K)
[2026-10-02T23:08:10.970+0000][151.698s][info][gc,metaspace   ] GC(31) Metaspace: 166085K(167744K)->166085K(167744K) NonClass: 139601K(140544K)->139601K(140544K) Class: 26484K(27200K)->26484K(27200K)
[2026-10-02T23:08:10.970+0000][151.698s][info][gc             ] GC(31) Pause Young (Allocation Failure) 5270M->2860M(5697M) 147.168ms
[2026-10-02T23:08:10.970+0000][151.698s][info][gc,cpu         ] GC(31) User=0.55s Sys=0.02s Real=0.15s
[2026-10-02T23:08:26.462+0000][167.190s][info][gc,start       ] GC(32) Pause Young (Allocation Failure)
[2026-10-02T23:08:26.645+0000][167.373s][info][gc,heap        ] GC(32) PSYoungGen: 2719266K(3034624K)->144050K(3021312K) Eden: 2589696K(2589696K)->0K(2589696K) From: 129570K(444928K)->144050K(431616K)
[2026-10-02T23:08:26.645+0000][167.373s][info][gc,heap        ] GC(32) ParOldGen: 2799486K(2799616K)->2895284K(2895360K)
[2026-10-02T23:08:26.645+0000][167.373s][info][gc,metaspace   ] GC(32) Metaspace: 166214K(167872K)->166214K(167872K) NonClass: 139714K(140672K)->139714K(140672K) Class: 26500K(27200K)->26500K(27200K)
[2026-10-02T23:08:26.645+0000][167.373s][info][gc             ] GC(32) Pause Young (Allocation Failure) 5389M->2968M(5778M) 183.070ms
[2026-10-02T23:08:26.645+0000][167.373s][info][gc,cpu         ] GC(32) User=0.60s Sys=0.07s Real=0.18s
[2026-10-02T23:08:42.103+0000][182.831s][info][gc,start       ] GC(33) Pause Young (Allocation Failure)
[2026-10-02T23:08:42.293+0000][183.022s][info][gc,heap        ] GC(33) PSYoungGen: 2733746K(3021312K)->133010K(3046912K) Eden: 2589696K(2589696K)->0K(2632192K) From: 144050K(431616K)->133010K(414720K)
[2026-10-02T23:08:42.293+0000][183.022s][info][gc,heap        ] GC(33) ParOldGen: 2895284K(2895360K)->3005407K(3005440K)
[2026-10-02T23:08:42.293+0000][183.022s][info][gc,metaspace   ] GC(33) Metaspace: 166253K(167872K)->166253K(167872K) NonClass: 139752K(140672K)->139752K(140672K) Class: 26500K(27200K)->26500K(27200K)
[2026-10-02T23:08:42.293+0000][183.022s][info][gc             ] GC(33) Pause Young (Allocation Failure) 5497M->3064M(5910M) 190.765ms
[2026-10-02T23:08:42.293+0000][183.022s][info][gc,cpu         ] GC(33) User=0.63s Sys=0.07s Real=0.19s
[2026-10-02T23:08:59.703+0000][200.432s][info][gc,start       ] GC(34) Pause Young (Allocation Failure)
[2026-10-02T23:08:59.894+0000][200.622s][info][gc,heap        ] GC(34) PSYoungGen: 2765202K(3046912K)->135554K(3033088K) Eden: 2632192K(2632192K)->0K(2632192K) From: 133010K(414720K)->135554K(400896K)
[2026-10-02T23:08:59.894+0000][200.622s][info][gc,heap        ] GC(34) ParOldGen: 3005407K(3005440K)->3102414K(3102720K)
[2026-10-02T23:08:59.894+0000][200.622s][info][gc,metaspace   ] GC(34) Metaspace: 166318K(168000K)->166318K(168000K) NonClass: 139812K(140800K)->139812K(140800K) Class: 26505K(27200K)->26505K(27200K)
[2026-10-02T23:08:59.894+0000][200.622s][info][gc             ] GC(34) Pause Young (Allocation Failure) 5635M->3162M(5992M) 190.366ms
[2026-10-02T23:08:59.894+0000][200.622s][info][gc,cpu         ] GC(34) User=0.62s Sys=0.07s Real=0.19s
[2026-10-02T23:09:15.119+0000][215.847s][info][gc,start       ] GC(35) Pause Young (Allocation Failure)
[2026-10-02T23:09:15.308+0000][216.036s][info][gc,heap        ] GC(35) PSYoungGen: 2767746K(3033088K)->120354K(3077120K) Eden: 2632192K(2632192K)->0K(2691072K) From: 135554K(400896K)->120354K(386048K)
[2026-10-02T23:09:15.308+0000][216.036s][info][gc,heap        ] GC(35) ParOldGen: 3102414K(3102720K)->3200834K(3201024K)
[2026-10-02T23:09:15.308+0000][216.036s][info][gc,metaspace   ] GC(35) Metaspace: 166393K(168128K)->166393K(168128K) NonClass: 139876K(140864K)->139876K(140864K) Class: 26516K(27264K)->26516K(27264K)
[2026-10-02T23:09:15.308+0000][216.036s][info][gc             ] GC(35) Pause Young (Allocation Failure) 5732M->3243M(6131M) 189.233ms
[2026-10-02T23:09:15.308+0000][216.036s][info][gc,cpu         ] GC(35) User=0.63s Sys=0.06s Real=0.19s
[2026-10-02T23:09:31.092+0000][231.821s][info][gc,start       ] GC(36) Pause Young (Allocation Failure)
[2026-10-02T23:09:31.258+0000][231.986s][info][gc,heap        ] GC(36) PSYoungGen: 2811426K(3077120K)->62753K(3065344K) Eden: 2691072K(2691072K)->0K(2691072K) From: 120354K(386048K)->62753K(374272K)
[2026-10-02T23:09:31.258+0000][231.986s][info][gc,heap        ] GC(36) ParOldGen: 3200834K(3201024K)->3280520K(3280896K)
[2026-10-02T23:09:31.258+0000][231.986s][info][gc,metaspace   ] GC(36) Metaspace: 166491K(168192K)->166491K(168192K) NonClass: 139960K(140928K)->139960K(140928K) Class: 26530K(27264K)->26530K(27264K)
[2026-10-02T23:09:31.258+0000][231.986s][info][gc             ] GC(36) Pause Young (Allocation Failure) 5871M->3264M(6197M) 165.746ms
[2026-10-02T23:09:31.258+0000][231.986s][info][gc,cpu         ] GC(36) User=0.54s Sys=0.08s Real=0.17s
[2026-10-02T23:09:47.886+0000][248.614s][info][gc,start       ] GC(37) Pause Young (Allocation Failure)
[2026-10-02T23:09:48.010+0000][248.738s][info][gc,heap        ] GC(37) PSYoungGen: 2753825K(3065344K)->61297K(3111424K) Eden: 2691072K(2691072K)->0K(2739200K) From: 62753K(374272K)->61297K(372224K)
[2026-10-02T23:09:48.010+0000][248.738s][info][gc,heap        ] GC(37) ParOldGen: 3280520K(3280896K)->3302909K(3302912K)
[2026-10-02T23:09:48.010+0000][248.738s][info][gc,metaspace   ] GC(37) Metaspace: 166538K(168256K)->166538K(168256K) NonClass: 140006K(140992K)->140006K(140992K) Class: 26531K(27264K)->26531K(27264K)
[2026-10-02T23:09:48.010+0000][248.738s][info][gc             ] GC(37) Pause Young (Allocation Failure) 5892M->3285M(6264M) 124.243ms
[2026-10-02T23:09:48.010+0000][248.738s][info][gc,cpu         ] GC(37) User=0.45s Sys=0.02s Real=0.13s
[2026-10-02T23:10:04.759+0000][265.487s][info][gc,start       ] GC(38) Pause Young (Allocation Failure)
[2026-10-02T23:10:04.881+0000][265.609s][info][gc,heap        ] GC(38) PSYoungGen: 2800497K(3111424K)->67378K(3106816K) Eden: 2739200K(2739200K)->0K(2739200K) From: 61297K(372224K)->67378K(367616K)
[2026-10-02T23:10:04.881+0000][265.609s][info][gc,heap        ] GC(38) ParOldGen: 3302909K(3302912K)->3324198K(3324416K)
[2026-10-02T23:10:04.881+0000][265.609s][info][gc,metaspace   ] GC(38) Metaspace: 166754K(168448K)->166754K(168448K) NonClass: 140176K(141120K)->140176K(141120K) Class: 26578K(27328K)->26578K(27328K)
[2026-10-02T23:10:04.881+0000][265.609s][info][gc             ] GC(38) Pause Young (Allocation Failure) 5960M->3312M(6280M) 121.936ms
[2026-10-02T23:10:04.881+0000][265.609s][info][gc,cpu         ] GC(38) User=0.46s Sys=0.03s Real=0.12s
[2026-10-02T23:10:21.516+0000][282.244s][info][gc,start       ] GC(39) Pause Young (Allocation Failure)
[2026-10-02T23:10:21.640+0000][282.368s][info][gc,heap        ] GC(39) PSYoungGen: 2806578K(3106816K)->60306K(2869248K) Eden: 2739200K(2739200K)->0K(2640384K) From: 67378K(367616K)->60306K(228864K)
[2026-10-02T23:10:21.640+0000][282.368s][info][gc,heap        ] GC(39) ParOldGen: 3324198K(3324416K)->3352579K(3353088K)
[2026-10-02T23:10:21.640+0000][282.368s][info][gc,metaspace   ] GC(39) Metaspace: 166813K(168512K)->166813K(168512K) NonClass: 140232K(141184K)->140232K(141184K) Class: 26581K(27328K)->26581K(27328K)
[2026-10-02T23:10:21.640+0000][282.368s][info][gc             ] GC(39) Pause Young (Allocation Failure) 5987M->3332M(6076M) 124.479ms
[2026-10-02T23:10:21.640+0000][282.368s][info][gc,cpu         ] GC(39) User=0.47s Sys=0.01s Real=0.13s
[2026-10-02T23:10:38.177+0000][298.905s][info][gc,start       ] GC(40) Pause Young (Allocation Failure)
[2026-10-02T23:10:38.312+0000][299.040s][info][gc,heap        ] GC(40) PSYoungGen: 2700690K(2869248K)->61314K(2607616K) Eden: 2640384K(2640384K)->0K(2546176K) From: 60306K(228864K)->61314K(61440K)
[2026-10-02T23:10:38.312+0000][299.040s][info][gc,heap        ] GC(40) ParOldGen: 3352579K(3353088K)->3373913K(3374080K)
[2026-10-02T23:10:38.312+0000][299.040s][info][gc,metaspace   ] GC(40) Metaspace: 166978K(168704K)->166978K(168704K) NonClass: 140382K(141376K)->140382K(141376K) Class: 26596K(27328K)->26596K(27328K)
[2026-10-02T23:10:38.312+0000][299.040s][info][gc             ] GC(40) Pause Young (Allocation Failure) 5911M->3354M(5841M) 135.452ms
[2026-10-02T23:10:38.312+0000][299.040s][info][gc,cpu         ] GC(40) User=0.47s Sys=0.05s Real=0.14s
[2026-10-02T23:10:51.999+0000][312.727s][info][gc,start       ] GC(41) Pause Young (Allocation Failure)
[2026-10-02T23:10:52.116+0000][312.844s][info][gc,heap        ] GC(41) PSYoungGen: 2607490K(2607616K)->57105K(2688512K) Eden: 2546176K(2546176K)->0K(2456064K) From: 61314K(61440K)->57105K(232448K)
[2026-10-02T23:10:52.116+0000][312.844s][info][gc,heap        ] GC(41) ParOldGen: 3373913K(3374080K)->3397305K(3397632K)
[2026-10-02T23:10:52.116+0000][312.844s][info][gc,metaspace   ] GC(41) Metaspace: 167150K(168896K)->167150K(168896K) NonClass: 140540K(141504K)->140540K(141504K) Class: 26610K(27392K)->26610K(27392K)
[2026-10-02T23:10:52.116+0000][312.844s][info][gc             ] GC(41) Pause Young (Allocation Failure) 5841M->3373M(5943M) 116.898ms
[2026-10-02T23:10:52.116+0000][312.844s][info][gc,cpu         ] GC(41) User=0.45s Sys=0.01s Real=0.11s
[2026-10-02T23:11:08.595+0000][329.323s][info][gc,start       ] GC(42) Pause Young (Allocation Failure)
[2026-10-02T23:11:08.708+0000][329.437s][info][gc,heap        ] GC(42) PSYoungGen: 2513169K(2688512K)->56225K(2426368K) Eden: 2456064K(2456064K)->0K(2370048K) From: 57105K(232448K)->56225K(56320K)
[2026-10-02T23:11:08.708+0000][329.437s][info][gc,heap        ] GC(42) ParOldGen: 3397305K(3397632K)->3415028K(3415040K)
[2026-10-02T23:11:08.708+0000][329.437s][info][gc,metaspace   ] GC(42) Metaspace: 167176K(168896K)->167176K(168896K) NonClass: 140561K(141504K)->140561K(141504K) Class: 26614K(27392K)->26614K(27392K)
[2026-10-02T23:11:08.708+0000][329.437s][info][gc             ] GC(42) Pause Young (Allocation Failure) 5771M->3389M(5704M) 113.850ms
[2026-10-02T23:11:08.708+0000][329.437s][info][gc,cpu         ] GC(42) User=0.43s Sys=0.02s Real=0.12s
[2026-10-02T23:11:22.874+0000][343.602s][info][gc,start       ] GC(43) Pause Young (Allocation Failure)
[2026-10-02T23:11:22.991+0000][343.719s][info][gc,heap        ] GC(43) PSYoungGen: 2426273K(2426368K)->55617K(2505216K) Eden: 2370048K(2370048K)->0K(2288128K) From: 56225K(56320K)->55617K(217088K)
[2026-10-02T23:11:22.991+0000][343.719s][info][gc,heap        ] GC(43) ParOldGen: 3415028K(3415040K)->3433635K(3433984K)
[2026-10-02T23:11:22.991+0000][343.719s][info][gc,metaspace   ] GC(43) Metaspace: 167243K(169024K)->167243K(169024K) NonClass: 140628K(141632K)->140628K(141632K) Class: 26614K(27392K)->26614K(27392K)
[2026-10-02T23:11:22.991+0000][343.719s][info][gc             ] GC(43) Pause Young (Allocation Failure) 5704M->3407M(5800M) 117.300ms
[2026-10-02T23:11:22.991+0000][343.719s][info][gc,cpu         ] GC(43) User=0.44s Sys=0.01s Real=0.12s
[2026-10-02T23:11:36.898+0000][357.626s][info][gc,start       ] GC(44) Pause Young (Allocation Failure)
[2026-10-02T23:11:37.011+0000][357.740s][info][gc,heap        ] GC(44) PSYoungGen: 2343745K(2505216K)->55073K(2265088K) Eden: 2288128K(2288128K)->0K(2209792K) From: 55617K(217088K)->55073K(55296K)
[2026-10-02T23:11:37.011+0000][357.740s][info][gc,heap        ] GC(44) ParOldGen: 3433635K(3433984K)->3450511K(3450880K)
[2026-10-02T23:11:37.011+0000][357.740s][info][gc,metaspace   ] GC(44) Metaspace: 167367K(169088K)->167367K(169088K) NonClass: 140736K(141696K)->140736K(141696K) Class: 26631K(27392K)->26631K(27392K)
[2026-10-02T23:11:37.011+0000][357.740s][info][gc             ] GC(44) Pause Young (Allocation Failure) 5641M->3423M(5582M) 113.864ms
[2026-10-02T23:11:37.012+0000][357.740s][info][gc,cpu         ] GC(44) User=0.44s Sys=0.01s Real=0.11s
[2026-10-02T23:11:50.494+0000][371.222s][info][gc,start       ] GC(45) Pause Young (Allocation Failure)
[2026-10-02T23:11:50.610+0000][371.338s][info][gc,heap        ] GC(45) PSYoungGen: 2264865K(2265088K)->54849K(2335744K) Eden: 2209792K(2209792K)->0K(2135040K) From: 55073K(55296K)->54849K(200704K)
[2026-10-02T23:11:50.610+0000][371.338s][info][gc,heap        ] GC(45) ParOldGen: 3450511K(3450880K)->3466601K(3466752K)
[2026-10-02T23:11:50.610+0000][371.338s][info][gc,metaspace   ] GC(45) Metaspace: 167375K(169088K)->167375K(169088K) NonClass: 140743K(141696K)->140743K(141696K) Class: 26631K(27392K)->26631K(27392K)
[2026-10-02T23:11:50.610+0000][371.338s][info][gc             ] GC(45) Pause Young (Allocation Failure) 5581M->3438M(5666M) 115.573ms
[2026-10-02T23:11:50.610+0000][371.338s][info][gc,cpu         ] GC(45) User=0.44s Sys=0.01s Real=0.12s
[2026-10-02T23:12:04.410+0000][385.138s][info][gc,start       ] GC(46) Pause Young (Allocation Failure)
[2026-10-02T23:12:04.528+0000][385.257s][info][gc,heap        ] GC(46) PSYoungGen: 2189889K(2335744K)->57825K(2121728K) Eden: 2135040K(2135040K)->0K(2063872K) From: 54849K(200704K)->57825K(57856K)
[2026-10-02T23:12:04.528+0000][385.257s][info][gc,heap        ] GC(46) ParOldGen: 3466601K(3466752K)->3482327K(3482624K)
[2026-10-02T23:12:04.529+0000][385.257s][info][gc,metaspace   ] GC(46) Metaspace: 167386K(169088K)->167386K(169088K) NonClass: 140755K(141696K)->140755K(141696K) Class: 26631K(27392K)->26631K(27392K)
[2026-10-02T23:12:04.529+0000][385.257s][info][gc             ] GC(46) Pause Young (Allocation Failure) 5523M->3457M(5473M) 118.341ms
[2026-10-02T23:12:04.529+0000][385.257s][info][gc,cpu         ] GC(46) User=0.44s Sys=0.01s Real=0.12s
[2026-10-02T23:12:18.398+0000][399.126s][info][gc,start       ] GC(47) Pause Young (Allocation Failure)
[2026-10-02T23:12:18.518+0000][399.246s][info][gc,heap        ] GC(47) PSYoungGen: 2121697K(2121728K)->52625K(2180096K) Eden: 2063872K(2063872K)->0K(1995776K) From: 57825K(57856K)->52625K(184320K)
[2026-10-02T23:12:18.518+0000][399.246s][info][gc,heap        ] GC(47) ParOldGen: 3482327K(3482624K)->3501730K(3502080K)
[2026-10-02T23:12:18.518+0000][399.246s][info][gc,metaspace   ] GC(47) Metaspace: 167409K(169088K)->167409K(169088K) NonClass: 140777K(141696K)->140777K(141696K) Class: 26631K(27392K)->26631K(27392K)
[2026-10-02T23:12:18.518+0000][399.246s][info][gc             ] GC(47) Pause Young (Allocation Failure) 5472M->3471M(5549M) 119.994ms
[2026-10-02T23:12:18.518+0000][399.246s][info][gc,cpu         ] GC(47) User=0.44s Sys=0.03s Real=0.12s
[2026-10-02T23:12:32.538+0000][413.266s][info][gc,start       ] GC(48) Pause Young (Allocation Failure)
[2026-10-02T23:12:32.672+0000][413.400s][info][gc,heap        ] GC(48) PSYoungGen: 2048401K(2180096K)->50208K(1981440K) Eden: 1995776K(1995776K)->0K(1930752K) From: 52625K(184320K)->50208K(50688K)
[2026-10-02T23:12:32.672+0000][413.400s][info][gc,heap        ] GC(48) ParOldGen: 3501730K(3502080K)->3517035K(3517440K)
[2026-10-02T23:12:32.672+0000][413.400s][info][gc,metaspace   ] GC(48) Metaspace: 167443K(169152K)->167443K(169152K) NonClass: 140812K(141760K)->140812K(141760K) Class: 26631K(27392K)->26631K(27392K)
[2026-10-02T23:12:32.672+0000][413.400s][info][gc             ] GC(48) Pause Young (Allocation Failure) 5420M->3483M(5370M) 134.125ms
[2026-10-02T23:12:32.672+0000][413.400s][info][gc,cpu         ] GC(48) User=0.46s Sys=0.04s Real=0.13s
[2026-10-02T23:12:43.619+0000][424.347s][info][gc,start       ] GC(49) Pause Young (Allocation Failure)
[2026-10-02T23:12:43.729+0000][424.457s][info][gc,heap        ] GC(49) PSYoungGen: 1980960K(1981440K)->50337K(2037248K) Eden: 1930752K(1930752K)->0K(1868288K) From: 50208K(50688K)->50337K(168960K)
[2026-10-02T23:12:43.729+0000][424.457s][info][gc,heap        ] GC(49) ParOldGen: 3517035K(3517440K)->3531328K(3531776K)
[2026-10-02T23:12:43.729+0000][424.457s][info][gc,metaspace   ] GC(49) Metaspace: 167452K(169152K)->167452K(169152K) NonClass: 140821K(141760K)->140821K(141760K) Class: 26631K(27392K)->26631K(27392K)
[2026-10-02T23:12:43.729+0000][424.457s][info][gc             ] GC(49) Pause Young (Allocation Failure) 5369M->3497M(5438M) 110.240ms
[2026-10-02T23:12:43.729+0000][424.457s][info][gc,cpu         ] GC(49) User=0.43s Sys=0.01s Real=0.11s
[2026-10-02T23:12:57.822+0000][438.550s][info][gc,start       ] GC(50) Pause Young (Allocation Failure)
[2026-10-02T23:12:57.934+0000][438.662s][info][gc,heap        ] GC(50) PSYoungGen: 1918625K(2037248K)->49825K(1859072K) Eden: 1868288K(1868288K)->0K(1808896K) From: 50337K(168960K)->49825K(50176K)
[2026-10-02T23:12:57.934+0000][438.662s][info][gc,heap        ] GC(50) ParOldGen: 3531328K(3531776K)->3544677K(3545088K)
[2026-10-02T23:12:57.934+0000][438.662s][info][gc,metaspace   ] GC(50) Metaspace: 167460K(169152K)->167460K(169152K) NonClass: 140829K(141760K)->140829K(141760K) Class: 26631K(27392K)->26631K(27392K)
[2026-10-02T23:12:57.934+0000][438.662s][info][gc             ] GC(50) Pause Young (Allocation Failure) 5322M->3510M(5277M) 112.453ms
[2026-10-02T23:12:57.934+0000][438.662s][info][gc,cpu         ] GC(50) User=0.44s Sys=0.01s Real=0.11s
[2026-10-02T23:13:08.394+0000][449.122s][info][gc,start       ] GC(51) Pause Young (Allocation Failure)
[2026-10-02T23:13:08.503+0000][449.232s][info][gc,heap        ] GC(51) PSYoungGen: 1858721K(1859072K)->48352K(1906176K) Eden: 1808896K(1808896K)->0K(1752064K) From: 49825K(50176K)->48352K(154112K)
[2026-10-02T23:13:08.503+0000][449.232s][info][gc,heap        ] GC(51) ParOldGen: 3544677K(3545088K)->3558935K(3559424K)
[2026-10-02T23:13:08.503+0000][449.232s][info][gc,metaspace   ] GC(51) Metaspace: 167472K(169152K)->167472K(169152K) NonClass: 140841K(141760K)->140841K(141760K) Class: 26631K(27392K)->26631K(27392K)
[2026-10-02T23:13:08.503+0000][449.232s][info][gc             ] GC(51) Pause Young (Allocation Failure) 5276M->3522M(5337M) 109.902ms
[2026-10-02T23:13:08.503+0000][449.232s][info][gc,cpu         ] GC(51) User=0.43s Sys=0.01s Real=0.11s
[2026-10-02T23:13:18.813+0000][459.542s][info][gc,start       ] GC(52) Pause Young (Allocation Failure)
[2026-10-02T23:13:18.925+0000][459.653s][info][gc,heap        ] GC(52) PSYoungGen: 1800416K(1906176K)->47600K(1744896K) Eden: 1752064K(1752064K)->0K(1697280K) From: 48352K(154112K)->47600K(47616K)
[2026-10-02T23:13:18.925+0000][459.653s][info][gc,heap        ] GC(52) ParOldGen: 3558935K(3559424K)->3571639K(3571712K)
[2026-10-02T23:13:18.925+0000][459.653s][info][gc,metaspace   ] GC(52) Metaspace: 167491K(169216K)->167491K(169216K) NonClass: 140860K(141824K)->140860K(141824K) Class: 26631K(27392K)->26631K(27392K)
[2026-10-02T23:13:18.925+0000][459.653s][info][gc             ] GC(52) Pause Young (Allocation Failure) 5233M->3534M(5192M) 111.863ms
[2026-10-02T23:13:18.925+0000][459.653s][info][gc,cpu         ] GC(52) User=0.43s Sys=0.01s Real=0.11s
[2026-10-02T23:13:29.138+0000][469.866s][info][gc,start       ] GC(53) Pause Young (Allocation Failure)
[2026-10-02T23:13:29.247+0000][469.975s][info][gc,heap        ] GC(53) PSYoungGen: 1744880K(1744896K)->47696K(1784832K) Eden: 1697280K(1697280K)->0K(1645056K) From: 47600K(47616K)->47696K(139776K)
[2026-10-02T23:13:29.247+0000][469.975s][info][gc,heap        ] GC(53) ParOldGen: 3571639K(3571712K)->3583826K(3584000K)
[2026-10-02T23:13:29.247+0000][469.975s][info][gc,metaspace   ] GC(53) Metaspace: 167525K(169216K)->167525K(169216K) NonClass: 140893K(141824K)->140893K(141824K) Class: 26631K(27392K)->26631K(27392K)
[2026-10-02T23:13:29.247+0000][469.975s][info][gc             ] GC(53) Pause Young (Allocation Failure) 5191M->3546M(5243M) 109.607ms
[2026-10-02T23:13:29.247+0000][469.975s][info][gc,cpu         ] GC(53) User=0.42s Sys=0.02s Real=0.10s
[2026-10-02T23:13:39.221+0000][479.949s][info][gc,start       ] GC(54) Pause Young (Allocation Failure)
[2026-10-02T23:13:39.329+0000][480.057s][info][gc,heap        ] GC(54) PSYoungGen: 1692752K(1784832K)->45952K(1640960K) Eden: 1645056K(1645056K)->0K(1594880K) From: 47696K(139776K)->45952K(46080K)
[2026-10-02T23:13:39.329+0000][480.057s][info][gc,heap        ] GC(54) ParOldGen: 3583826K(3584000K)->3596486K(3596800K)
[2026-10-02T23:13:39.329+0000][480.057s][info][gc,metaspace   ] GC(54) Metaspace: 167530K(169280K)->167530K(169280K) NonClass: 140898K(141888K)->140898K(141888K) Class: 26631K(27392K)->26631K(27392K)
[2026-10-02T23:13:39.329+0000][480.057s][info][gc             ] GC(54) Pause Young (Allocation Failure) 5152M->3557M(5115M) 107.700ms
[2026-10-02T23:13:39.329+0000][480.057s][info][gc,cpu         ] GC(54) User=0.42s Sys=0.02s Real=0.11s
[2026-10-02T23:13:49.310+0000][490.038s][info][gc,start       ] GC(55) Pause Young (Allocation Failure)
[2026-10-02T23:13:49.417+0000][490.146s][info][gc,heap        ] GC(55) PSYoungGen: 1640832K(1640960K)->46544K(1797120K) Eden: 1594880K(1594880K)->0K(1604096K) From: 45952K(46080K)->46544K(193024K)
[2026-10-02T23:13:49.417+0000][490.146s][info][gc,heap        ] GC(55) ParOldGen: 3596486K(3596800K)->3607406K(3607552K)
[2026-10-02T23:13:49.417+0000][490.146s][info][gc,metaspace   ] GC(55) Metaspace: 167544K(169280K)->167544K(169280K) NonClass: 140912K(141888K)->140912K(141888K) Class: 26631K(27392K)->26631K(27392K)
[2026-10-02T23:13:49.417+0000][490.146s][info][gc             ] GC(55) Pause Young (Allocation Failure) 5114M->3568M(5278M) 107.315ms
[2026-10-02T23:13:49.417+0000][490.146s][info][gc,cpu         ] GC(55) User=0.42s Sys=0.01s Real=0.10s
[2026-10-02T23:14:00.036+0000][500.764s][info][gc,start       ] GC(56) Pause Young (Allocation Failure)
[2026-10-02T23:14:00.146+0000][500.875s][info][gc,heap        ] GC(56) PSYoungGen: 1650640K(1797120K)->46496K(1787904K) Eden: 1604096K(1604096K)->0K(1604096K) From: 46544K(193024K)->46496K(183808K)
[2026-10-02T23:14:00.146+0000][500.875s][info][gc,heap        ] GC(56) ParOldGen: 3607406K(3607552K)->3619214K(3619328K)
[2026-10-02T23:14:00.146+0000][500.875s][info][gc,metaspace   ] GC(56) Metaspace: 167548K(169280K)->167548K(169280K) NonClass: 140917K(141888K)->140917K(141888K) Class: 26631K(27392K)->26631K(27392K)
[2026-10-02T23:14:00.146+0000][500.875s][info][gc             ] GC(56) Pause Young (Allocation Failure) 5134M->3579M(5280M) 110.308ms
[2026-10-02T23:14:00.146+0000][500.875s][info][gc,cpu         ] GC(56) User=0.42s Sys=0.01s Real=0.11s
[2026-10-02T23:14:10.461+0000][511.189s][info][gc,start       ] GC(57) Pause Young (Allocation Failure)
[2026-10-02T23:14:10.590+0000][511.318s][info][gc,heap        ] GC(57) PSYoungGen: 1650592K(1787904K)->45552K(2100224K) Eden: 1604096K(1604096K)->0K(1940992K) From: 46496K(183808K)->45552K(159232K)
[2026-10-02T23:14:10.590+0000][511.318s][info][gc,heap        ] GC(57) ParOldGen: 3619214K(3619328K)->3630934K(3631104K)
[2026-10-02T23:14:10.590+0000][511.318s][info][gc,metaspace   ] GC(57) Metaspace: 167564K(169344K)->167564K(169344K) NonClass: 140933K(141952K)->140933K(141952K) Class: 26631K(27392K)->26631K(27392K)
[2026-10-02T23:14:10.590+0000][511.318s][info][gc             ] GC(57) Pause Young (Allocation Failure) 5146M->3590M(5597M) 128.812ms
[2026-10-02T23:14:10.590+0000][511.318s][info][gc,cpu         ] GC(57) User=0.45s Sys=0.04s Real=0.13s
[2026-10-02T23:14:24.384+0000][525.112s][info][gc,start       ] GC(58) Pause Young (Allocation Failure)
[2026-10-02T23:14:24.491+0000][525.220s][info][gc,heap        ] GC(58) PSYoungGen: 1986544K(2100224K)->47472K(1925632K) Eden: 1940992K(1940992K)->0K(1878016K) From: 45552K(159232K)->47472K(47616K)
[2026-10-02T23:14:24.491+0000][525.220s][info][gc,heap        ] GC(58) ParOldGen: 3630934K(3631104K)->3641044K(3641344K)
[2026-10-02T23:14:24.491+0000][525.220s][info][gc,metaspace   ] GC(58) Metaspace: 167601K(169344K)->167601K(169344K) NonClass: 140969K(141952K)->140969K(141952K) Class: 26631K(27392K)->26631K(27392K)
[2026-10-02T23:14:24.491+0000][525.220s][info][gc             ] GC(58) Pause Young (Allocation Failure) 5485M->3602M(5436M) 107.515ms
[2026-10-02T23:14:24.491+0000][525.220s][info][gc,cpu         ] GC(58) User=0.41s Sys=0.01s Real=0.11s
[2026-10-02T23:14:34.154+0000][534.882s][info][gc,start       ] GC(59) Pause Young (Allocation Failure)
[2026-10-02T23:14:34.267+0000][534.996s][info][gc,heap        ] GC(59) PSYoungGen: 1925488K(1925632K)->60869K(2046976K) Eden: 1878016K(1878016K)->0K(1887744K) From: 47472K(47616K)->60869K(159232K)
[2026-10-02T23:14:34.267+0000][534.996s][info][gc,heap        ] GC(59) ParOldGen: 3641044K(3641344K)->3652491K(3652608K)
[2026-10-02T23:14:34.267+0000][534.996s][info][gc,metaspace   ] GC(59) Metaspace: 168632K(170368K)->168632K(170368K) NonClass: 141888K(142848K)->141888K(142848K) Class: 26743K(27520K)->26743K(27520K)
[2026-10-02T23:14:34.267+0000][534.996s][info][gc             ] GC(59) Pause Young (Allocation Failure) 5436M->3626M(5566M) 113.873ms
[2026-10-02T23:14:34.267+0000][534.996s][info][gc,cpu         ] GC(59) User=0.43s Sys=0.02s Real=0.12s
[2026-10-02T23:14:44.008+0000][544.736s][info][gc,start       ] GC(60) Pause Young (Allocation Failure)
[2026-10-02T23:14:44.117+0000][544.845s][info][gc,heap        ] GC(60) PSYoungGen: 1948613K(2046976K)->50288K(2037248K) Eden: 1887744K(1887744K)->0K(1887744K) From: 60869K(159232K)->50288K(149504K)
[2026-10-02T23:14:44.117+0000][544.845s][info][gc,heap        ] GC(60) ParOldGen: 3652491K(3652608K)->3665624K(3665920K)
[2026-10-02T23:14:44.117+0000][544.845s][info][gc,metaspace   ] GC(60) Metaspace: 170093K(171840K)->170093K(171840K) NonClass: 143219K(144192K)->143219K(144192K) Class: 26873K(27648K)->26873K(27648K)
[2026-10-02T23:14:44.117+0000][544.845s][info][gc             ] GC(60) Pause Young (Allocation Failure) 5469M->3628M(5569M) 108.510ms
[2026-10-02T23:14:44.117+0000][544.845s][info][gc,cpu         ] GC(60) User=0.41s Sys=0.02s Real=0.10s
[2026-10-02T23:14:56.363+0000][557.091s][info][gc,start       ] GC(61) Pause Young (Allocation Failure)
[2026-10-02T23:14:56.478+0000][557.206s][info][gc,heap        ] GC(61) PSYoungGen: 1938032K(2037248K)->50289K(2413568K) Eden: 1887744K(1887744K)->0K(2284544K) From: 50288K(149504K)->50289K(129024K)
[2026-10-02T23:14:56.478+0000][557.206s][info][gc,heap        ] GC(61) ParOldGen: 3665624K(3665920K)->3678948K(3679232K)
[2026-10-02T23:14:56.478+0000][557.206s][info][gc,metaspace   ] GC(61) Metaspace: 170134K(171840K)->170134K(171840K) NonClass: 143251K(144192K)->143251K(144192K) Class: 26883K(27648K)->26883K(27648K)
[2026-10-02T23:14:56.478+0000][557.206s][info][gc             ] GC(61) Pause Young (Allocation Failure) 5472M->3641M(5950M) 114.982ms
[2026-10-02T23:14:56.478+0000][557.206s][info][gc,cpu         ] GC(61) User=0.42s Sys=0.01s Real=0.12s
[2026-10-02T23:14:57.398+0000][558.126s][info][gc,start       ] GC(62) Pause Young (CodeCache GC Threshold)
[2026-10-02T23:14:57.496+0000][558.224s][info][gc,heap        ] GC(62) PSYoungGen: 488993K(2413568K)->29866K(2314752K) Eden: 438704K(2284544K)->0K(2284544K) From: 50289K(129024K)->29866K(30208K)
[2026-10-02T23:14:57.496+0000][558.224s][info][gc,heap        ] GC(62) ParOldGen: 3678948K(3679232K)->3713440K(3713536K)
[2026-10-02T23:14:57.496+0000][558.224s][info][gc,metaspace   ] GC(62) Metaspace: 170900K(172672K)->170900K(172672K) NonClass: 143900K(144896K)->143900K(144896K) Class: 27000K(27776K)->27000K(27776K)
[2026-10-02T23:14:57.496+0000][558.224s][info][gc             ] GC(62) Pause Young (CodeCache GC Threshold) 4070M->3655M(5887M) 98.175ms
[2026-10-02T23:14:57.496+0000][558.224s][info][gc,cpu         ] GC(62) User=0.35s Sys=0.04s Real=0.09s
[2026-10-02T23:14:57.496+0000][558.224s][info][gc,start       ] GC(63) Pause Full (CodeCache GC Threshold)
[2026-10-02T23:14:57.496+0000][558.224s][info][gc,phases,start] GC(63) Marking Phase
[2026-10-02T23:14:58.522+0000][559.250s][info][gc,phases      ] GC(63) Marking Phase 1026.124ms
[2026-10-02T23:14:58.522+0000][559.250s][info][gc,phases,start] GC(63) Summary Phase
[2026-10-02T23:14:58.522+0000][559.250s][info][gc,phases      ] GC(63) Summary Phase 0.071ms
[2026-10-02T23:14:58.522+0000][559.250s][info][gc,phases,start] GC(63) Adjust Roots
[2026-10-02T23:14:58.542+0000][559.271s][info][gc,phases      ] GC(63) Adjust Roots 20.107ms
[2026-10-02T23:14:58.542+0000][559.271s][info][gc,phases,start] GC(63) Compaction Phase
[2026-10-02T23:14:59.866+0000][560.594s][info][gc,phases      ] GC(63) Compaction Phase 1323.288ms
[2026-10-02T23:14:59.866+0000][560.594s][info][gc,phases,start] GC(63) Post Compact
[2026-10-02T23:14:59.871+0000][560.600s][info][gc,phases      ] GC(63) Post Compact 5.810ms
[2026-10-02T23:14:59.871+0000][560.600s][info][gc,heap        ] GC(63) PSYoungGen: 29866K(2314752K)->0K(2314752K) Eden: 0K(2284544K)->0K(2284544K) From: 29866K(30208K)->0K(30208K)
[2026-10-02T23:14:59.871+0000][560.600s][info][gc,heap        ] GC(63) ParOldGen: 3713440K(3713536K)->3476000K(3713536K)
[2026-10-02T23:14:59.871+0000][560.600s][info][gc,metaspace   ] GC(63) Metaspace: 170900K(172672K)->170900K(172672K) NonClass: 143900K(144896K)->143900K(144896K) Class: 27000K(27776K)->27000K(27776K)
[2026-10-02T23:14:59.872+0000][560.600s][info][gc             ] GC(63) Pause Full (CodeCache GC Threshold) 3655M->3394M(5887M) 2375.603ms
[2026-10-02T23:14:59.872+0000][560.600s][info][gc,cpu         ] GC(63) User=8.89s Sys=0.03s Real=2.38s
[2026-10-02T23:15:03.993+0000][564.721s][info][gc,start       ] GC(64) Pause Young (Allocation Failure)
[2026-10-02T23:15:04.147+0000][564.875s][info][gc,heap        ] GC(64) PSYoungGen: 2284543K(2314752K)->133120K(2306048K) Eden: 2284543K(2284544K)->0K(2172928K) From: 0K(30208K)->133120K(133120K)
[2026-10-02T23:15:04.147+0000][564.875s][info][gc,heap        ] GC(64) ParOldGen: 3476000K(3713536K)->3722000K(3722240K)
[2026-10-02T23:15:04.147+0000][564.875s][info][gc,metaspace   ] GC(64) Metaspace: 171315K(173056K)->171315K(173056K) NonClass: 144293K(145280K)->144293K(145280K) Class: 27021K(27776K)->27021K(27776K)
[2026-10-02T23:15:04.147+0000][564.875s][info][gc             ] GC(64) Pause Young (Allocation Failure) 5625M->3764M(5887M) 154.071ms
[2026-10-02T23:15:04.147+0000][564.875s][info][gc,cpu         ] GC(64) User=0.58s Sys=0.04s Real=0.15s
[2026-10-02T23:15:07.911+0000][568.639s][info][gc,start       ] GC(65) Pause Young (Allocation Failure)
[2026-10-02T23:15:08.154+0000][568.882s][info][gc,heap        ] GC(65) PSYoungGen: 2306048K(2306048K)->244736K(2417664K) Eden: 2172928K(2172928K)->0K(2172928K) From: 133120K(133120K)->244736K(244736K)
[2026-10-02T23:15:08.154+0000][568.882s][info][gc,heap        ] GC(65) ParOldGen: 3722000K(3722240K)->4011192K(4011520K)
[2026-10-02T23:15:08.154+0000][568.882s][info][gc,metaspace   ] GC(65) Metaspace: 171402K(173184K)->171402K(173184K) NonClass: 144372K(145408K)->144372K(145408K) Class: 27029K(27776K)->27029K(27776K)
[2026-10-02T23:15:08.154+0000][568.882s][info][gc             ] GC(65) Pause Young (Allocation Failure) 5886M->4156M(6278M) 243.106ms
[2026-10-02T23:15:08.154+0000][568.882s][info][gc,cpu         ] GC(65) User=0.74s Sys=0.21s Real=0.24s
[2026-10-02T23:15:11.836+0000][572.565s][info][gc,start       ] GC(66) Pause Young (Allocation Failure)
[2026-10-02T23:15:12.120+0000][572.848s][info][gc,heap        ] GC(66) PSYoungGen: 2417664K(2417664K)->394080K(2931200K) Eden: 2172928K(2172928K)->0K(2536960K) From: 244736K(244736K)->394080K(394240K)
[2026-10-02T23:15:12.120+0000][572.848s][info][gc,heap        ] GC(66) ParOldGen: 4011192K(4011520K)->4261821K(4261888K)
[2026-10-02T23:15:12.120+0000][572.848s][info][gc,metaspace   ] GC(66) Metaspace: 171426K(173184K)->171426K(173184K) NonClass: 144395K(145408K)->144395K(145408K) Class: 27030K(27776K)->27030K(27776K)
[2026-10-02T23:15:12.120+0000][572.848s][info][gc             ] GC(66) Pause Young (Allocation Failure) 6278M->4546M(7024M) 283.940ms
[2026-10-02T23:15:12.120+0000][572.848s][info][gc,cpu         ] GC(66) User=0.86s Sys=0.22s Real=0.29s
[2026-10-02T23:15:16.567+0000][577.296s][info][gc,start       ] GC(67) Pause Young (Allocation Failure)
[2026-10-02T23:15:16.957+0000][577.686s][info][gc,heap        ] GC(67) PSYoungGen: 2931040K(2931200K)->456192K(2993152K) Eden: 2536960K(2536960K)->0K(2536960K) From: 394080K(394240K)->456192K(456192K)
[2026-10-02T23:15:16.957+0000][577.686s][info][gc,heap        ] GC(67) ParOldGen: 4261821K(4261888K)->4666058K(4666368K)
[2026-10-02T23:15:16.957+0000][577.686s][info][gc,metaspace   ] GC(67) Metaspace: 171436K(173184K)->171436K(173184K) NonClass: 144406K(145408K)->144406K(145408K) Class: 27030K(27776K)->27030K(27776K)
[2026-10-02T23:15:16.957+0000][577.686s][info][gc             ] GC(67) Pause Young (Allocation Failure) 7024M->5002M(7480M) 390.100ms
[2026-10-02T23:15:16.957+0000][577.686s][info][gc,cpu         ] GC(67) User=1.08s Sys=0.35s Real=0.40s
[2026-10-02T23:15:21.332+0000][582.060s][info][gc,start       ] GC(68) Pause Young (Allocation Failure)
[2026-10-02T23:15:21.727+0000][582.456s][info][gc,heap        ] GC(68) PSYoungGen: 2993152K(2993152K)->458272K(2779136K) Eden: 2536960K(2536960K)->0K(2277376K) From: 456192K(456192K)->458272K(501760K)
[2026-10-02T23:15:21.727+0000][582.456s][info][gc,heap        ] GC(68) ParOldGen: 4666058K(4666368K)->5135678K(5135872K)
[2026-10-02T23:15:21.727+0000][582.456s][info][gc,metaspace   ] GC(68) Metaspace: 171467K(173184K)->171467K(173184K) NonClass: 144436K(145408K)->144436K(145408K) Class: 27030K(27776K)->27030K(27776K)
[2026-10-02T23:15:21.727+0000][582.456s][info][gc             ] GC(68) Pause Young (Allocation Failure) 7479M->5462M(7729M) 395.835ms
[2026-10-02T23:15:21.727+0000][582.456s][info][gc,cpu         ] GC(68) User=1.16s Sys=0.31s Real=0.40s
[2026-10-02T23:15:25.639+0000][586.367s][info][gc,heap,exit   ] Heap
[2026-10-02T23:15:25.639+0000][586.367s][info][gc,heap,exit   ]  PSYoungGen      total 2779136K, used 2529837K [0x000000072ab00000, 0x0000000800000000, 0x0000000800000000)
[2026-10-02T23:15:25.639+0000][586.367s][info][gc,heap,exit   ]   eden space 2277376K, 90% used [0x000000072ab00000,0x00000007a92035d0,0x00000007b5b00000)
[2026-10-02T23:15:25.639+0000][586.367s][info][gc,heap,exit   ]   from space 501760K, 91% used [0x00000007e1600000,0x00000007fd588000,0x0000000800000000)
[2026-10-02T23:15:25.639+0000][586.367s][info][gc,heap,exit   ]   to   space 608768K, 0% used [0x00000007b5b00000,0x00000007b5b00000,0x00000007dad80000)
[2026-10-02T23:15:25.639+0000][586.367s][info][gc,heap,exit   ]  ParOldGen       total 5135872K, used 5135678K [0x0000000580000000, 0x00000006b9780000, 0x000000072ab00000)
[2026-10-02T23:15:25.639+0000][586.367s][info][gc,heap,exit   ]   object space 5135872K, 99% used [0x0000000580000000,0x00000006b974faf0,0x00000006b9780000)
[2026-10-02T23:15:25.639+0000][586.367s][info][gc,heap,exit   ]  Metaspace       used 171556K, committed 173248K, reserved 1245184K
[2026-10-02T23:15:25.639+0000][586.367s][info][gc,heap,exit   ]   class space    used 27046K, committed 27776K, reserved 1048576K
