### base: /home/z/c-crussty/research/inside-cache-2026-09-18/run-s7149b-cumulative
  total=52341
  -- CPU lanes (mutually exclusive, first-match = true TOP):
     entity-tick (tickBucket lane incl. workers)               30419   58.12%
     GC/JIT-native (G1/JIT symbols)                            16912   32.31%
     main-server-tick-other                                     1744    3.33%
     tracker (ChunkMap/ServerEntity)                            1373    2.62%
     chunk-system workers                                        760    1.45%
     other/uncategorized                                         709    1.35%
     navigation/pathfinding                                      302    0.58%
     broadphase/collision/push                                   103    0.20%
     AI/goal-selector/brain/sensing                               18    0.03%
     fluid-scan                                                    1    0.00%
  -- entity-phase breakdown (30625 samples = 58.51% CPU; first-match):
     entity-residual (tick/baseTick/data/sync)                 11403  21.79% CPU ( 37.2% phase)
     broadphase/collision/push                                  7145  13.65% CPU ( 23.3% phase)
     fluid-scan                                                 5184   9.90% CPU ( 16.9% phase)
     movement-integration                                       2552   4.88% CPU (  8.3% phase)
     AI/goal-selector/brain/sensing                             2515   4.81% CPU (  8.2% phase)
     navigation/pathfinding                                     1401   2.68% CPU (  4.6% phase)
     inside-blocks                                               425   0.81% CPU (  1.4% phase)
  -- top-15 leaf frames (self-time proxy, 100.0% of total):
        1827   3.49%  void OopOopIterateDispatch<G1CMOopClosure>::Table::oop_oop_iterate<InstanceKlass, narrowOop>
        1688   3.23%  net/minecraft/world/level/chunk/PalettedContainer.get
        1368   2.61%  net/minecraft/world/entity/Entity.updateFluidHeightAndDoFluidPushing
        1137   2.17%  void OopOopIterateDispatch<G1ConcurrentRefineOopClosure>::Table::oop_oop_iterate<InstanceKlass, narrowOop>
        1088   2.08%  oopDesc::size
        1048   2.00%  void G1ScanCardClosure::do_oop_work<narrowOop>
        1038   1.98%  void OopOopIterateDispatch<G1RebuildRemSetClosure>::Table::oop_oop_iterate<InstanceKlass, narrowOop>
        1008   1.93%  G1ParScanThreadState::trim_queue_to_threshold
         981   1.87%  net/minecraft/world/phys/AABB.intersects
         932   1.78%  G1CardSet::add_card
         840   1.60%  ca/spottedleaf/moonrise/patches/chunk_system/level/entity/ChunkEntitySlices$EntityCollectionBySection.getEntit
         712   1.36%  net/minecraft/network/syncher/SynchedEntityData$DataItem.getValue
         698   1.33%  G1ScanHRForRegionClosure::scan_heap_roots
         676   1.29%  vtable stub
         653   1.25%  void OopOopIterateDispatch<G1CMOopClosure>::Table::oop_oop_iterate<ObjArrayKlass, narrowOop>
  fluid_family=5185 (9.91%)
  inside_block_ops=425 (0.81%)
  tracker_ops=0 (0.00%)
  rng_ops=0 (0.00%)
  ItemEntity.tick=12261 (23.43%)  Zombie.tick=6875 (13.14%)
  RegionTickOps lane all=0 (0.00%), worker=0 (offload=0.0%)
  young_gc=118  young_pause_total=13460ms  worst=179.2ms  full=0
  TPS crawl (6): ['18.5, 18.5, 18.5, 18.5', '0.7, 0.7, 0.8, 0.8', '0.7, 0.7, 0.8, 0.8', '0.8, 0.8, 0.8, 0.8', '0.9, 0.8, 0.8, 0.8', '0.9, 0.9, 0.8, 0.8']
  NCDFE=0  tracker-NPE=0  uuid-dup=0  navmob-watch=0  pop=150000 VALID=True
    ARMED? [crussty-plugin] area_map: hook armed, retransform rc=0
    ARMED? [crussty-runtime] retransform net/minecraft/world/entity/ai/Brain: is_modifiable_class=true
    ARMED? [crussty-runtime] retransform net/minecraft/world/entity/ai/Brain: class_status=0x7
    ARMED? [crussty-plugin] brainhook: hook armed, retransform rc=0
    ARMED? [crussty-runtime] retransform net/minecraft/world/level/levelgen/synth/PerlinNoise: is_modifiable_class=true
    ARMED? [crussty-runtime] retransform net/minecraft/world/level/levelgen/synth/PerlinNoise: class_status=0x7
    ARMED? [crussty-plugin] perlin_noise: hook armed, retransform rc=0
    ARMED? [crussty-runtime] retransform net/minecraft/world/entity/Entity: is_modifiable_class=true
    ARMED? [crussty-runtime] retransform net/minecraft/world/entity/Entity: class_status=0x7
    ARMED? [crussty-plugin] fluid_guard: hook armed, retransform rc=0
    ARMED? [crussty-plugin] inside_cache: computed patch for net/minecraft/world/entity/Entity (205458 -> 205522 bytes, Retargeted { sites: 1 })
    ARMED? [crussty-runtime] retransform net/minecraft/world/entity/Entity: is_modifiable_class=true
    ARMED? [crussty-runtime] retransform net/minecraft/world/entity/Entity: class_status=0x7
    ARMED? [crussty-plugin] inside_cache: net/minecraft/world/entity/Entity armed, retransform rc=0
    ARMED? [crussty-plugin] flush_diet: computed patch for net/minecraft/world/entity/InsideBlockEffectApplier$StepBasedCollector (5695 -> 5798 bytes, Retargeted { sites: 2 })
    ARMED? [crussty-runtime] retransform net/minecraft/world/entity/InsideBlockEffectApplier$StepBasedCollector: is_modifiable_class=true
    ARMED? [crussty-runtime] retransform net/minecraft/world/entity/InsideBlockEffectApplier$StepBasedCollector: class_status=0x7
    ARMED? [crussty-plugin] flush_diet: net/minecraft/world/entity/InsideBlockEffectApplier$StepBasedCollector armed, retransform rc=0
### leg: run-s7158-leg3-artifact
  total=57880
  -- CPU lanes (mutually exclusive, first-match = true TOP):
     entity-tick (tickBucket lane incl. workers)               30085   51.98%
     GC/JIT-native (G1/JIT symbols)                            22717   39.25%
     main-server-tick-other                                     1792    3.10%
     tracker (ChunkMap/ServerEntity)                            1487    2.57%
     other/uncategorized                                         781    1.35%
     chunk-system workers                                        740    1.28%
     navigation/pathfinding                                      209    0.36%
     broadphase/collision/push                                    53    0.09%
     AI/goal-selector/brain/sensing                               16    0.03%
  -- entity-phase breakdown (30320 samples = 52.38% CPU; first-match):
     entity-residual (tick/baseTick/data/sync)                 11601  20.04% CPU ( 38.3% phase)
     broadphase/collision/push                                  6435  11.12% CPU ( 21.2% phase)
     fluid-scan                                                 5392   9.32% CPU ( 17.8% phase)
     movement-integration                                       2586   4.47% CPU (  8.5% phase)
     AI/goal-selector/brain/sensing                             2389   4.13% CPU (  7.9% phase)
     navigation/pathfinding                                     1483   2.56% CPU (  4.9% phase)
     inside-blocks                                               434   0.75% CPU (  1.4% phase)
  -- top-15 leaf frames (self-time proxy, 100.0% of total):
        2459   4.25%  void OopOopIterateDispatch<G1CMOopClosure>::Table::oop_oop_iterate<InstanceKlass, narrowOop>
        2022   3.49%  net/minecraft/world/level/chunk/PalettedContainer.get
        1796   3.10%  oopDesc::size
        1778   3.07%  void OopOopIterateDispatch<G1ConcurrentRefineOopClosure>::Table::oop_oop_iterate<InstanceKlass, narrowOop>
        1532   2.65%  net/minecraft/world/entity/Entity.updateFluidHeightAndDoFluidPushing
        1414   2.44%  void OopOopIterateDispatch<G1RebuildRemSetClosure>::Table::oop_oop_iterate<InstanceKlass, narrowOop>
        1313   2.27%  void G1ScanCardClosure::do_oop_work<narrowOop>
        1246   2.15%  G1ParScanThreadState::trim_queue_to_threshold
        1203   2.08%  G1CardSet::add_card
        1022   1.77%  G1ScanHRForRegionClosure::scan_heap_roots
         983   1.70%  ca/spottedleaf/moonrise/patches/chunk_system/level/entity/ChunkEntitySlices$EntityCollectionBySection.getEntit
         897   1.55%  void OopOopIterateDispatch<G1CMOopClosure>::Table::oop_oop_iterate<ObjArrayKlass, narrowOop>
         745   1.29%  net/minecraft/network/syncher/SynchedEntityData$DataItem.getValue
         604   1.04%  G1RebuildRSAndScrubTask::G1RebuildRSAndScrubRegionClosure::do_heap_region
         584   1.01%  net/minecraft/world/phys/AABB.intersects
  fluid_family=5392 (9.32%)
  inside_block_ops=434 (0.75%)
  tracker_ops=0 (0.00%)
  rng_ops=0 (0.00%)
  ItemEntity.tick=12432 (21.48%)  Zombie.tick=6627 (11.45%)
  RegionTickOps lane all=0 (0.00%), worker=0 (offload=0.0%)
  young_gc=140  young_pause_total=16843ms  worst=175.4ms  full=0
  TPS crawl (6): ['20.2, 20.2, 20.2, 20.2', '0.7, 0.7, 0.9, 0.9', '0.7, 0.7, 0.8, 0.8', '0.8, 0.7, 0.8, 0.8', '0.8, 0.8, 0.8, 0.8', '0.9, 0.9, 0.8, 0.8']
  NCDFE=0  tracker-NPE=0  uuid-dup=0  navmob-watch=0  pop=150000 VALID=True
    ARMED? [crussty-runtime] retransform net/minecraft/world/level/levelgen/synth/PerlinNoise: class_status=0x7
    ARMED? [crussty-plugin] perlin_noise: hook armed, retransform rc=0
    ARMED? [crussty-runtime] retransform net/minecraft/world/entity/Entity: is_modifiable_class=true
    ARMED? [crussty-runtime] retransform net/minecraft/world/entity/Entity: class_status=0x7
    ARMED? [crussty-plugin] fluid_guard: hook armed, retransform rc=0
    ARMED? [crussty-plugin] inside_cache: computed patch for net/minecraft/world/entity/Entity (205458 -> 205522 bytes, Retargeted { sites: 1 })
    ARMED? [crussty-runtime] retransform net/minecraft/world/entity/Entity: is_modifiable_class=true
    ARMED? [crussty-runtime] retransform net/minecraft/world/entity/Entity: class_status=0x7
    ARMED? [crussty-plugin] inside_cache: net/minecraft/world/entity/Entity armed, retransform rc=0
    ARMED? [crussty-plugin] region_threads: defined net/minecraft/world/entity/RegionTickOps in kernel loader
    ARMED? [crussty-plugin] region_threads: defined net/minecraft/world/entity/RegionTickOps$Mut in kernel loader
    ARMED? [crussty-plugin] region_threads: defined net/minecraft/server/level/TrackerTickOps in kernel loader
    ARMED? [crussty-plugin] region_threads: defined net/minecraft/util/RngOps in kernel loader
    ARMED? [crussty-plugin] region_threads: computed patches (ServerLevel 142812 -> 142952 bytes Retargeted { sites: 1 }; EntityCallbacks 12348 -> 12504 bytes add=Retargeted { sites: 1 } remove=Retarge
    ARMED? [crussty-plugin] flush_diet: computed patch for net/minecraft/world/entity/InsideBlockEffectApplier$StepBasedCollector (5695 -> 5798 bytes, Retargeted { sites: 2 })
    ARMED? [crussty-runtime] retransform net/minecraft/world/entity/InsideBlockEffectApplier$StepBasedCollector: is_modifiable_class=true
    ARMED? [crussty-runtime] retransform net/minecraft/world/entity/InsideBlockEffectApplier$StepBasedCollector: class_status=0x7
    ARMED? [crussty-plugin] flush_diet: net/minecraft/world/entity/InsideBlockEffectApplier$StepBasedCollector armed, retransform rc=0

=== GATES (preregistered §S7-158) ===
PG2 NCDFE/POPULATION: PASS (NCDFE=0, pop=150000/150000, VALID=True; ARMED: see lines above; live TrackerTickOps samples=0, RngOps samples=0)
PG3 TPS: base median 0.90 -> leg median 0.80 = +-11.1% (gate >= +25%) => REFUTED
PG4 young GC: 118 -> 140 (cap <= 136) => FAIL (+18.6%)
CRASH-FREE (0 tracker-NPE, 0 uuid-dup): PASS (tracker_npe=0, uuid_dup=0; watchlist navigatingMobs=0; worker offload=0.0%)

=== VERDICT S7-158 leg #3 ===
GATES NOT CLEAN -> root-cause before leg #4
