### base: /home/z/c-crussty/research/inside-cache-2026-09-18/run-s7149b-cumulative
  total=52341
  -- CPU lanes (mutually exclusive, first-match = true TOP):
     entity-tick (tickBucket lane incl. workers)               30419   58.12%
     GC/JIT-native (G1/JIT symbols)                            16912   32.31%
     main-server-tick-other                                     1744    3.33%
     tracker (ChunkMap/ServerEntity)                            1373    2.62%
     chunk-system workers                                        760    1.45%
     other/uncategorized                                         709    1.35%
     navigation/pathfinding                                      302    0.58%
     broadphase/collision/push                                   103    0.20%
     AI/goal-selector/brain/sensing                               18    0.03%
     fluid-scan                                                    1    0.00%
  -- entity-phase breakdown (30625 samples = 58.51% CPU; first-match):
     entity-residual (tick/baseTick/data/sync)                 11403  21.79% CPU ( 37.2% phase)
     broadphase/collision/push                                  7145  13.65% CPU ( 23.3% phase)
     fluid-scan                                                 5184   9.90% CPU ( 16.9% phase)
     movement-integration                                       2552   4.88% CPU (  8.3% phase)
     AI/goal-selector/brain/sensing                             2515   4.81% CPU (  8.2% phase)
     navigation/pathfinding                                     1401   2.68% CPU (  4.6% phase)
     inside-blocks                                               425   0.81% CPU (  1.4% phase)
  -- top-15 leaf frames (self-time proxy, 100.0% of total):
        1827   3.49%  void OopOopIterateDispatch<G1CMOopClosure>::Table::oop_oop_iterate<InstanceKlass, narrowOop>
        1688   3.23%  net/minecraft/world/level/chunk/PalettedContainer.get
        1368   2.61%  net/minecraft/world/entity/Entity.updateFluidHeightAndDoFluidPushing
        1137   2.17%  void OopOopIterateDispatch<G1ConcurrentRefineOopClosure>::Table::oop_oop_iterate<InstanceKlass, narrowOop>
        1088   2.08%  oopDesc::size
        1048   2.00%  void G1ScanCardClosure::do_oop_work<narrowOop>
        1038   1.98%  void OopOopIterateDispatch<G1RebuildRemSetClosure>::Table::oop_oop_iterate<InstanceKlass, narrowOop>
        1008   1.93%  G1ParScanThreadState::trim_queue_to_threshold
         981   1.87%  net/minecraft/world/phys/AABB.intersects
         932   1.78%  G1CardSet::add_card
         840   1.60%  ca/spottedleaf/moonrise/patches/chunk_system/level/entity/ChunkEntitySlices$EntityCollectionBySection.getEntit
         712   1.36%  net/minecraft/network/syncher/SynchedEntityData$DataItem.getValue
         698   1.33%  G1ScanHRForRegionClosure::scan_heap_roots
         676   1.29%  vtable stub
         653   1.25%  void OopOopIterateDispatch<G1CMOopClosure>::Table::oop_oop_iterate<ObjArrayKlass, narrowOop>
  fluid_family=5185 (9.91%)
  inside_block_ops=425 (0.81%)
  tracker_ops=0 (0.00%)
  rng_ops=0 (0.00%)
  ItemEntity.tick=12261 (23.43%)  Zombie.tick=6875 (13.14%)
  RegionTickOps lane all=0 (0.00%), worker=0 (offload=0.0%)
  young_gc=118  young_pause_total=13460ms  worst=179.2ms  full=0
  TPS crawl (6): ['18.5, 18.5, 18.5, 18.5', '0.7, 0.7, 0.8, 0.8', '0.7, 0.7, 0.8, 0.8', '0.8, 0.8, 0.8, 0.8', '0.9, 0.8, 0.8, 0.8', '0.9, 0.9, 0.8, 0.8']
  NCDFE=0  tracker-NPE=0  uuid-dup=0  navmob-watch=0  pop=150000 VALID=True
    ARMED? [crussty-plugin] area_map: hook armed, retransform rc=0
    ARMED? [crussty-runtime] retransform net/minecraft/world/entity/ai/Brain: is_modifiable_class=true
    ARMED? [crussty-runtime] retransform net/minecraft/world/entity/ai/Brain: class_status=0x7
    ARMED? [crussty-plugin] brainhook: hook armed, retransform rc=0
    ARMED? [crussty-runtime] retransform net/minecraft/world/level/levelgen/synth/PerlinNoise: is_modifiable_class=true
    ARMED? [crussty-runtime] retransform net/minecraft/world/level/levelgen/synth/PerlinNoise: class_status=0x7
    ARMED? [crussty-plugin] perlin_noise: hook armed, retransform rc=0
    ARMED? [crussty-runtime] retransform net/minecraft/world/entity/Entity: is_modifiable_class=true
    ARMED? [crussty-runtime] retransform net/minecraft/world/entity/Entity: class_status=0x7
    ARMED? [crussty-plugin] fluid_guard: hook armed, retransform rc=0
    ARMED? [crussty-plugin] inside_cache: computed patch for net/minecraft/world/entity/Entity (205458 -> 205522 bytes, Retargeted { sites: 1 })
    ARMED? [crussty-runtime] retransform net/minecraft/world/entity/Entity: is_modifiable_class=true
    ARMED? [crussty-runtime] retransform net/minecraft/world/entity/Entity: class_status=0x7
    ARMED? [crussty-plugin] inside_cache: net/minecraft/world/entity/Entity armed, retransform rc=0
    ARMED? [crussty-plugin] flush_diet: computed patch for net/minecraft/world/entity/InsideBlockEffectApplier$StepBasedCollector (5695 -> 5798 bytes, Retargeted { sites: 2 })
    ARMED? [crussty-runtime] retransform net/minecraft/world/entity/InsideBlockEffectApplier$StepBasedCollector: is_modifiable_class=true
    ARMED? [crussty-runtime] retransform net/minecraft/world/entity/InsideBlockEffectApplier$StepBasedCollector: class_status=0x7
    ARMED? [crussty-plugin] flush_diet: net/minecraft/world/entity/InsideBlockEffectApplier$StepBasedCollector armed, retransform rc=0
### leg: run-s7159-leg4-artifact
  total=128546
  -- CPU lanes (mutually exclusive, first-match = true TOP):
     entity-tick (tickBucket lane incl. workers)               71814   55.87%
     GC/JIT-native (G1/JIT symbols)                            48333   37.60%
     tracker (ChunkMap/ServerEntity)                            2556    1.99%
     other/uncategorized                                        2138    1.66%
     region-threads-infra (fill/barriers, no tickBucket)        1073    0.83%
     main-server-tick-other                                     1024    0.80%
     chunk-system workers                                        978    0.76%
     navigation/pathfinding                                      501    0.39%
     broadphase/collision/push                                    87    0.07%
     AI/goal-selector/brain/sensing                               33    0.03%
     fluid-scan                                                    9    0.01%
  -- entity-phase breakdown (72736 samples = 56.58% CPU; first-match):
     entity-residual (tick/baseTick/data/sync)                 29634  23.05% CPU ( 40.7% phase)
     broadphase/collision/push                                 15471  12.04% CPU ( 21.3% phase)
     fluid-scan                                                11983   9.32% CPU ( 16.5% phase)
     movement-integration                                       6241   4.86% CPU (  8.6% phase)
     AI/goal-selector/brain/sensing                             6052   4.71% CPU (  8.3% phase)
     navigation/pathfinding                                     3355   2.61% CPU (  4.6% phase)
  -- top-15 leaf frames (self-time proxy, 100.0% of total):
        6361   4.95%  void OopOopIterateDispatch<G1ConcurrentRefineOopClosure>::Table::oop_oop_iterate<InstanceKlass, narrowOop>
        6105   4.75%  oopDesc::size
        3767   2.93%  void OopOopIterateDispatch<G1CMOopClosure>::Table::oop_oop_iterate<InstanceKlass, narrowOop>
        3253   2.53%  net/minecraft/world/level/chunk/PalettedContainer.get
        2888   2.25%  G1CardSet::add_card
        2565   2.00%  net/minecraft/world/entity/Entity.updateFluidHeightAndDoFluidPushing
        2126   1.65%  vtable stub
        2115   1.65%  G1RemSet::refine_card_concurrently
        1973   1.53%  G1ParScanThreadState::trim_queue_to_threshold
        1929   1.50%  void G1ScanCardClosure::do_oop_work<narrowOop>
        1811   1.41%  void OopOopIterateDispatch<G1RebuildRemSetClosure>::Table::oop_oop_iterate<InstanceKlass, narrowOop>
        1710   1.33%  void OopOopIterateDispatch<G1ConcurrentRefineOopClosure>::Table::oop_oop_iterate<ObjArrayKlass, narrowOop>
        1559   1.21%  void OopOopIterateDispatch<G1CMOopClosure>::Table::oop_oop_iterate<ObjArrayKlass, narrowOop>
        1507   1.17%  net/minecraft/network/syncher/SynchedEntityData$DataItem.getValue
        1503   1.17%  net/minecraft/world/phys/AABB.intersects
  fluid_family=11992 (9.33%)
  inside_block_ops=0 (0.00%)
  tracker_ops=2629 (2.05%)
  rng_ops=0 (0.00%)
  ItemEntity.tick=28243 (21.97%)  Zombie.tick=16270 (12.66%)
  RegionTickOps lane all=73912 (57.50%), worker=54941 (offload=74.3%)
  young_gc=169  young_pause_total=21569ms  worst=185.7ms  full=0
  TPS crawl (6): ['22.3, 22.3, 22.3, 22.3', '1.1, 1.1, 1.1, 1.1', '1.5, 1.2, 1.1, 1.1', '1.4, 1.4, 1.2, 1.2', '1.6, 1.5, 1.3, 1.2', '1.6, 1.6, 1.3, 1.3']
  NCDFE=0  tracker-NPE=0  uuid-dup=0  navmob-watch=0  pop=150000 VALID=True
    ARMED? [crussty-runtime] retransform net/minecraft/server/level/ServerLevel$EntityCallbacks: is_modifiable_class=true
    ARMED? [crussty-runtime] retransform net/minecraft/server/level/ServerLevel$EntityCallbacks: class_status=0x7
    ARMED? [crussty-plugin] fluid_guard: hook armed, retransform rc=0
    ARMED? [crussty-runtime] retransform net/minecraft/world/level/Level: is_modifiable_class=true
    ARMED? [crussty-runtime] retransform net/minecraft/world/level/Level: class_status=0x7
    ARMED? [crussty-runtime] retransform net/minecraft/server/level/ChunkMap: is_modifiable_class=true
    ARMED? [crussty-runtime] retransform net/minecraft/server/level/ChunkMap: class_status=0x7
    ARMED? [crussty-runtime] retransform net/minecraft/world/entity/Entity: is_modifiable_class=true
    ARMED? [crussty-runtime] retransform net/minecraft/world/entity/Entity: class_status=0x7
    ARMED? [crussty-plugin] region_threads: ARMED, retransform rc ServerLevel=0 EntityCallbacks=0 Level=0 ChunkMap=0 Entity=0
    ARMED? [crussty-plugin] flush_diet: computed patch for net/minecraft/world/entity/InsideBlockEffectApplier$StepBasedCollector (5695 -> 5798 bytes, Retargeted { sites: 2 })
    ARMED? [crussty-runtime] retransform net/minecraft/world/entity/InsideBlockEffectApplier$StepBasedCollector: is_modifiable_class=true
    ARMED? [crussty-runtime] retransform net/minecraft/world/entity/InsideBlockEffectApplier$StepBasedCollector: class_status=0x7
    ARMED? [crussty-plugin] flush_diet: net/minecraft/world/entity/InsideBlockEffectApplier$StepBasedCollector armed, retransform rc=0
    ARMED? at net.minecraft.world.entity.RegionTickOps.tickBucket(RegionTickOps.java:217) ~[?:1.21.10-2535-0a2dc04]
    ARMED? at net.minecraft.world.entity.RegionTickOps.lambda$ensureHelpers$2(RegionTickOps.java:241) ~[?:1.21.10-2535-0a2dc04]
    ARMED? at net.minecraft.world.entity.RegionTickOps.tickBucket(RegionTickOps.java:217) ~[?:1.21.10-2535-0a2dc04]
    ARMED? at net.minecraft.world.entity.RegionTickOps.lambda$ensureHelpers$2(RegionTickOps.java:241) ~[?:1.21.10-2535-0a2dc04]

=== GATES (preregistered §S7-158) ===
PG2 NCDFE/POPULATION: PASS (NCDFE=0, pop=150000/150000, VALID=True; ARMED: see lines above; live TrackerTickOps samples=2629, RngOps samples=0)
PG3 TPS: base median 0.90 -> leg median 1.60 = +77.8% (gate >= +25%) => PASS
PG4 young GC: 118 -> 169 (cap <= 136) => FAIL (+43.2%)
CRASH-FREE (0 tracker-NPE, 0 uuid-dup): PASS (tracker_npe=0, uuid_dup=0; watchlist navigatingMobs=0; worker offload=74.3%)

=== VERDICT S7-158 leg #3 ===
GATES NOT CLEAN -> root-cause before leg #4
