
######## base v1 (35330129145) — total=52341, entity-phase=30625 (58.51% CPU) ########
   RESIDUAL(to recon below)                                  11403  21.79% CPU ( 37.2% phase)
   broadphase/collision/push                                  7145  13.65% CPU ( 23.3% phase)
   fluid-scan                                                 5184   9.90% CPU ( 16.9% phase)
   movement-integration                                       2552   4.88% CPU (  8.3% phase)
   AI/goal-selector/brain/sensing                             2515   4.81% CPU (  8.2% phase)
   navigation/pathfinding                                     1401   2.68% CPU (  4.6% phase)
   inside-blocks                                               425   0.81% CPU (  1.4% phase)

==== RESIDUAL RECON: base v1 (35330129145) ====
residual total=11403 (21.79% CPU, 37.2% of entity-phase); worker share=0.0%
-- micro-domains (first-match on deepest MC frame):
   misc-residual                                                 8373  16.00% CPU ( 27.3% phase)
   data-sync (SynchedEntityData)                                 1122   2.14% CPU (  3.7% phase)
   fluid-residual (eyes/height/fluidmap/sections)                1017   1.94% CPU (  3.3% phase)
   tick-orchestration frames (tick/baseTick/aiStep self)          386   0.74% CPU (  1.3% phase)
   oldpos-rotate (setOldPos/setOldRot)                            323   0.62% CPU (  1.1% phase)
   env-lit/collision-lite (isInWall/isFree/suffocate)             110   0.21% CPU (  0.4% phase)
   fire/freeze/damage-env (fireImmune/lavaHurt/powderSnow)         45   0.09% CPU (  0.1% phase)
   portal/dimension (handlePortal/portalTick)                      14   0.03% CPU (  0.0% phase)
   fall/ground (checkFallDamage/onClimbable/onGround)               8   0.02% CPU (  0.0% phase)
   sends/mail (sync hash / no-action)                               3   0.01% CPU (  0.0% phase)
   ride/passenger (isPassenger/rootVehicle)                         2   0.00% CPU (  0.0% phase)
-- top-30 attribution frames (deepest net/minecraft):
       705   1.35%  net/minecraft/world/entity/InsideBlockEffectApplier$StepBasedCollector.flushStep
       685   1.31%  net/minecraft/network/syncher/SynchedEntityData$DataItem.getValue
       615   1.17%  net/minecraft/world/level/BlockGetter.forEachBlockIntersectedBetween
       481   0.92%  net/minecraft/world/entity/Entity.applyEffectsFromBlocks
       477   0.91%  net/minecraft/world/entity/Entity.isEyeInFluid
       437   0.83%  net/minecraft/network/syncher/SynchedEntityData.getItem
       435   0.83%  net/minecraft/world/entity/Entity.lambda$checkInsideBlocks$2
       322   0.62%  net/minecraft/world/entity/Entity.setOldPos
       178   0.34%  net/minecraft/util/Mth.floor
       176   0.34%  net/minecraft/core/BlockPos$6.computeNext
       161   0.31%  net/minecraft/world/entity/Entity.checkInsideBlocks
       158   0.30%  net/minecraft/world/scores/Scoreboard.getPlayersTeam
       157   0.30%  net/minecraft/world/entity/Entity.setTicksFrozen
       155   0.30%  net/minecraft/world/entity/Entity.updateInWaterStateAndDoFluidPushing
       145   0.28%  net/minecraft/world/entity/LivingEntity.tickEffects
       136   0.26%  net/minecraft/world/level/chunk/PalettedContainer.get
       136   0.26%  ca/spottedleaf/concurrentutil/map/ConcurrentLong2ReferenceChainedHashTable$TableEntry.getValueVolatile
       124   0.24%  net/minecraft/world/entity/Mob.serverAiStep
       119   0.23%  net/minecraft/world/entity/LivingEntity.refreshDirtyAttributes
       112   0.21%  net/minecraft/core/BlockPos.betweenCornersInDirection
       111   0.21%  net/minecraft/util/profiling/Profiler.get
       109   0.21%  ca/spottedleaf/moonrise/patches/starlight/light/SWMRNibbleArray.getVisible
       104   0.20%  net/minecraft/world/entity/Entity.setSharedFlag
       100   0.19%  net/minecraft/world/level/chunk/LevelChunk.getBlockStateFinal
        99   0.19%  net/minecraft/world/entity/Entity.level
        97   0.19%  net/minecraft/world/entity/LivingEntity.getItemBySlot
        97   0.19%  net/minecraft/world/item/enchantment/Enchantment.matchingSlot
        96   0.18%  net/minecraft/world/entity/EntityEquipment.get
        96   0.18%  ca/spottedleaf/moonrise/patches/starlight/light/StarLightInterface.getSkyLightValue
        95   0.18%  net/minecraft/world/entity/InsideBlockEffectApplier$StepBasedCollector.advanceStep
-- top-12 residual full stacks:
       322  el$$Lambda.0x00007f663d9d8fb8.accept;net/minecraft/server/level/ServerLevel.tickNonPassenger;net/minecraft/world/entity/Entity.setOldPosAndRot;net/minecraft/world/entity/Entity.setOldPos;net/minecraft/world/entity/Entity.setOldPos
       296  t/world/entity/Entity.isEyeInFluid;java/util/HashSet.contains;java/util/HashMap.containsKey;java/util/HashMap.getNode;jdk/nio/zipfs/ZipFileSystem$ParentLookup.equals;java/util/Arrays.equals;jdk/internal/util/ArraysSupport.mismatch
       266  rLevel.tickNonPassenger;net/minecraft/world/entity/item/ItemEntity.tick;net/minecraft/world/entity/item/ItemEntity.getItem;net/minecraft/network/syncher/SynchedEntityData.get;net/minecraft/network/syncher/SynchedEntityData.getItem
       153  world/level/BlockGetter.forEachBlockIntersectedBetween;net/minecraft/world/entity/Entity$$Lambda.0x00007f663da3dac8.visit;net/minecraft/world/entity/Entity.lambda$checkInsideBlocks$2;it/unimi/dsi/fastutil/longs/LongOpenHashSet.add
       140  /minecraft/server/level/ServerLevel$$Lambda.0x00007f663d9d8fb8.accept;net/minecraft/server/level/ServerLevel.tickNonPassenger;net/minecraft/world/entity/item/ItemEntity.tick;net/minecraft/world/entity/Entity.applyEffectsFromBlocks
       122  y/Entity.applyGravity;net/minecraft/world/entity/Entity.getGravity;net/minecraft/world/entity/Entity.isNoGravity;net/minecraft/network/syncher/SynchedEntityData.get;net/minecraft/network/syncher/SynchedEntityData$DataItem.getValue
       121  ffectsFromBlocks;net/minecraft/world/entity/InsideBlockEffectApplier$StepBasedCollector.applyAndClear;net/minecraft/world/entity/InsideBlockEffectApplier$StepBasedCollector.flushStep;java/util/ArrayList.add;java/util/ArrayList.add
       114  visit;net/minecraft/world/entity/Entity.lambda$checkInsideBlocks$2;net/minecraft/world/entity/InsideBlockEffectApplier$StepBasedCollector.advanceStep;net/minecraft/world/entity/InsideBlockEffectApplier$StepBasedCollector.flushStep
       106  kNonPassenger;net/minecraft/world/entity/item/ItemEntity.tick;net/minecraft/world/entity/item/ItemEntity.getItem;net/minecraft/network/syncher/SynchedEntityData.get;net/minecraft/network/syncher/SynchedEntityData$DataItem.getValue
        86  d/entity/Entity.checkInsideBlocks;net/minecraft/world/level/BlockGetter.forEachBlockIntersectedBetween;net/minecraft/world/entity/Entity$$Lambda.0x00007f663da3dac8.visit;net/minecraft/world/entity/Entity.lambda$checkInsideBlocks$2
        85  mBlocks;net/minecraft/world/entity/Entity.applyEffectsFromBlocks;net/minecraft/world/entity/InsideBlockEffectApplier$StepBasedCollector.applyAndClear;net/minecraft/world/entity/InsideBlockEffectApplier$StepBasedCollector.flushStep
        83  tter.forEachBlockIntersectedBetween;com/google/common/collect/AbstractIterator.hasNext;com/google/common/collect/AbstractIterator.tryToComputeNext;net/minecraft/core/BlockPos$6.computeNext;net/minecraft/core/BlockPos$6.computeNext

######## leg#5 v2 (35381522360) — total=129734, entity-phase=69917 (53.89% CPU) ########
   RESIDUAL(to recon below)                                  27319  21.06% CPU ( 39.1% phase)
   broadphase/collision/push                                 13937  10.74% CPU ( 19.9% phase)
   fluid-scan                                                11895   9.17% CPU ( 17.0% phase)
   AI/goal-selector/brain/sensing                             7659   5.90% CPU ( 11.0% phase)
   movement-integration                                       5680   4.38% CPU (  8.1% phase)
   navigation/pathfinding                                     3427   2.64% CPU (  4.9% phase)

==== RESIDUAL RECON: leg#5 v2 (35381522360) ====
residual total=27319 (21.06% CPU, 39.1% of entity-phase); worker share=75.5%
-- micro-domains (first-match on deepest MC frame):
   misc-residual                                                20398  15.72% CPU ( 29.2% phase)
   fluid-residual (eyes/height/fluidmap/sections)                2254   1.74% CPU (  3.2% phase)
   data-sync (SynchedEntityData)                                 1867   1.44% CPU (  2.7% phase)
   tick-orchestration frames (tick/baseTick/aiStep self)         1561   1.20% CPU (  2.2% phase)
   oldpos-rotate (setOldPos/setOldRot)                            532   0.41% CPU (  0.8% phase)
   env-lit/collision-lite (isInWall/isFree/suffocate)             272   0.21% CPU (  0.4% phase)
   lifecycle (checkDespawn/remove/discard/register)               268   0.21% CPU (  0.4% phase)
   fire/freeze/damage-env (fireImmune/lavaHurt/powderSnow)         97   0.07% CPU (  0.1% phase)
   ride/passenger (isPassenger/rootVehicle)                        37   0.03% CPU (  0.1% phase)
   portal/dimension (handlePortal/portalTick)                      21   0.02% CPU (  0.0% phase)
   fall/ground (checkFallDamage/onClimbable/onGround)               9   0.01% CPU (  0.0% phase)
   sends/mail (sync hash / no-action)                               3   0.00% CPU (  0.0% phase)
-- top-30 attribution frames (deepest net/minecraft):
      1791   1.38%  net/minecraft/world/level/BlockGetter.forEachBlockIntersectedBetween
      1654   1.27%  net/minecraft/world/entity/InsideBlockEffectApplier$StepBasedCollector.flushStep
      1118   0.86%  net/minecraft/world/entity/Entity.lambda$checkInsideBlocks$2
      1025   0.79%  net/minecraft/network/syncher/SynchedEntityData$DataItem.getValue
      1018   0.78%  net/minecraft/world/entity/Entity.isEyeInFluid
       949   0.73%  net/minecraft/world/entity/Entity.applyEffectsFromBlocks
       839   0.65%  net/minecraft/network/syncher/SynchedEntityData.getItem
       785   0.61%  net/minecraft/server/level/ServerLevel$$Lambda.0x00007fcd19a45c80.accept
       511   0.39%  net/minecraft/world/entity/Entity.setOldPos
       491   0.38%  net/minecraft/core/BlockPos$6.computeNext
       489   0.38%  net/minecraft/world/entity/InsideBlockEffectApplier$StepBasedCollector.advanceStep
       445   0.34%  net/minecraft/world/entity/Entity.checkInsideBlocks
       428   0.33%  net/minecraft/util/Mth.floor
       418   0.32%  net/minecraft/world/entity/LivingEntity.tickEffects
       340   0.26%  net/minecraft/server/level/ServerLevel.tickNonPassenger
       335   0.26%  net/minecraft/world/entity/Entity.setTicksFrozen
       335   0.26%  net/minecraft/world/entity/item/ItemEntity.tick
       318   0.25%  net/minecraft/world/entity/Entity.setDeltaMovement
       318   0.25%  ca/spottedleaf/concurrentutil/map/ConcurrentLong2ReferenceChainedHashTable.getNode
       281   0.22%  net/minecraft/world/entity/Entity.updateInWaterStateAndDoFluidPushing
       270   0.21%  net/minecraft/world/entity/Entity.getFluidHeight
       266   0.21%  net/minecraft/world/level/chunk/PalettedContainer.get
       255   0.20%  net/minecraft/util/profiling/Profiler.get
       252   0.19%  ca/spottedleaf/concurrentutil/map/ConcurrentLong2ReferenceChainedHashTable$TableEntry.getValueVolatile
       243   0.19%  net/minecraft/world/entity/LivingEntity.refreshDirtyAttributes
       237   0.18%  net/minecraft/world/entity/Mob.checkDespawn
       231   0.18%  net/minecraft/core/BlockPos$4.<init>
       228   0.18%  net/minecraft/world/entity/Mob.serverAiStep
       225   0.17%  net/minecraft/world/scores/Scoreboard.getPlayersTeam
       216   0.17%  ca/spottedleaf/moonrise/patches/starlight/light/SWMRNibbleArray.getVisible
-- top-12 residual full stacks:
       581  ionTickOps$$Lambda.0x00007fcd19a460f0.run;net/minecraft/world/entity/RegionTickOps.lambda$ensureHelpers$2;net/minecraft/world/entity/RegionTickOps.tickBucket;net/minecraft/server/level/ServerLevel$$Lambda.0x00007fcd19a45c80.accept
       507  .tick;net/minecraft/world/entity/Entity.baseTick;net/minecraft/world/entity/Entity.updateFluidOnEyes;net/minecraft/world/entity/Entity.isEyeInFluid;java/util/HashSet.contains;java/util/HashMap.containsKey;java/util/HashMap.getNode
       384  el$$Lambda.0x00007fcd19a3a760.accept;net/minecraft/server/level/ServerLevel.tickNonPassenger;net/minecraft/world/entity/Entity.setOldPosAndRot;net/minecraft/world/entity/Entity.setOldPos;net/minecraft/world/entity/Entity.setOldPos
       382  rLevel.tickNonPassenger;net/minecraft/world/entity/item/ItemEntity.tick;net/minecraft/world/entity/item/ItemEntity.getItem;net/minecraft/network/syncher/SynchedEntityData.get;net/minecraft/network/syncher/SynchedEntityData.getItem
       248  ick$4;net/minecraft/world/level/Level.guardEntityTick;net/minecraft/server/level/ServerLevel$$Lambda.0x00007fcd19a3a760.accept;net/minecraft/server/level/ServerLevel.tickNonPassenger;net/minecraft/world/entity/item/ItemEntity.tick
       220  visit;net/minecraft/world/entity/Entity.lambda$checkInsideBlocks$2;net/minecraft/world/entity/InsideBlockEffectApplier$StepBasedCollector.advanceStep;net/minecraft/world/entity/InsideBlockEffectApplier$StepBasedCollector.flushStep
       220  ffectsFromBlocks;net/minecraft/world/entity/InsideBlockEffectApplier$StepBasedCollector.applyAndClear;net/minecraft/world/entity/InsideBlockEffectApplier$StepBasedCollector.flushStep;java/util/ArrayList.add;java/util/ArrayList.add
       204  ck;net/minecraft/world/entity/RegionTickOps.forEach;net/minecraft/world/entity/RegionTickOps.parallelTick;net/minecraft/world/entity/RegionTickOps.tickBucket;net/minecraft/server/level/ServerLevel$$Lambda.0x00007fcd19a45c80.accept
       195  tter.forEachBlockIntersectedBetween;com/google/common/collect/AbstractIterator.hasNext;com/google/common/collect/AbstractIterator.tryToComputeNext;net/minecraft/core/BlockPos$6.computeNext;net/minecraft/core/BlockPos$6.computeNext
       195  world/level/BlockGetter.forEachBlockIntersectedBetween;net/minecraft/world/entity/Entity$$Lambda.0x00007fcd19a43668.visit;net/minecraft/world/entity/Entity.lambda$checkInsideBlocks$2;it/unimi/dsi/fastutil/longs/LongOpenHashSet.add
       194  19a3a760.accept;net/minecraft/server/level/ServerLevel.tickNonPassenger;net/minecraft/world/entity/item/ItemEntity.tick;net/minecraft/world/entity/Entity.getFluidHeight;it/unimi/dsi/fastutil/objects/Object2DoubleArrayMap.getDouble
       158  kIntersectedBetween;net/minecraft/world/entity/Entity$$Lambda.0x00007fcd19a43668.visit;net/minecraft/world/entity/Entity.lambda$checkInsideBlocks$2;net/minecraft/world/entity/InsideBlockEffectApplier$StepBasedCollector.advanceStep

==== DELTA base v1 -> leg#5 v2 (residual domains) ====
   misc-residual                                                8373-> 20398  CPU% 16.00->15.72 (-0.27pp)
   fluid-residual (eyes/height/fluidmap/sections)               1017->  2254  CPU%  1.94-> 1.74 (-0.21pp)
   data-sync (SynchedEntityData)                                1122->  1867  CPU%  2.14-> 1.44 (-0.70pp)
   tick-orchestration frames (tick/baseTick/aiStep self)         386->  1561  CPU%  0.74-> 1.20 (+0.47pp)
   oldpos-rotate (setOldPos/setOldRot)                           323->   532  CPU%  0.62-> 0.41 (-0.21pp)
   env-lit/collision-lite (isInWall/isFree/suffocate)            110->   272  CPU%  0.21-> 0.21 (-0.00pp)
   lifecycle (checkDespawn/remove/discard/register)                0->   268  CPU%  0.00-> 0.21 (+0.21pp)
   fire/freeze/damage-env (fireImmune/lavaHurt/powderSnow)        45->    97  CPU%  0.09-> 0.07 (-0.01pp)
   ride/passenger (isPassenger/rootVehicle)                        2->    37  CPU%  0.00-> 0.03 (+0.02pp)
   portal/dimension (handlePortal/portalTick)                     14->    21  CPU%  0.03-> 0.02 (-0.01pp)
   fall/ground (checkFallDamage/onClimbable/onGround)              8->     9  CPU%  0.02-> 0.01 (-0.01pp)
   sends/mail (sync hash / no-action)                              3->     3  CPU%  0.01-> 0.00 (-0.00pp)
