[2026-09-25T20:15:41.760+0000][0.013s][info][gc,init] CardTable entry size: 512
[2026-09-25T20:15:41.760+0000][0.013s][info][gc     ] Using Parallel
[2026-09-25T20:15:41.770+0000][0.023s][info][gc,init] Version: 21.0.12.1+1-LTS (release)
[2026-09-25T20:15:41.770+0000][0.023s][info][gc,init] CPUs: 4 total, 4 available
[2026-09-25T20:15:41.770+0000][0.023s][info][gc,init] Memory: 15989M
[2026-09-25T20:15:41.770+0000][0.023s][info][gc,init] Large Page Support: Disabled
[2026-09-25T20:15:41.770+0000][0.023s][info][gc,init] NUMA Support: Disabled
[2026-09-25T20:15:41.770+0000][0.023s][info][gc,init] Compressed Oops: Enabled (Zero based)
[2026-09-25T20:15:41.770+0000][0.023s][info][gc,init] Alignments: Space 512K, Generation 512K, Heap 2M
[2026-09-25T20:15:41.770+0000][0.023s][info][gc,init] Heap Min Capacity: 4G
[2026-09-25T20:15:41.770+0000][0.023s][info][gc,init] Heap Initial Capacity: 4G
[2026-09-25T20:15:41.770+0000][0.023s][info][gc,init] Heap Max Capacity: 10G
[2026-09-25T20:15:41.770+0000][0.023s][info][gc,init] Pre-touch: Disabled
[2026-09-25T20:15:41.770+0000][0.023s][info][gc,init] Parallel Workers: 4
[2026-09-25T20:15:41.779+0000][0.032s][info][gc,metaspace] CDS archive(s) mapped at: [0x00007f2ab9000000-0x00007f2ab9c9c000-0x00007f2ab9c9c000), size 13221888, SharedBaseAddress: 0x00007f2ab9000000, ArchiveRelocationMode: 1.
[2026-09-25T20:15:41.779+0000][0.032s][info][gc,metaspace] Compressed class space mapped at: 0x00007f2aba000000-0x00007f2afa000000, reserved size: 1073741824
[2026-09-25T20:15:41.779+0000][0.032s][info][gc,metaspace] Narrow klass base: 0x00007f2ab9000000, Narrow klass shift: 0, Narrow klass range: 0x100000000
[2026-09-25T20:15:44.316+0000][2.569s][info][gc,start    ] GC(0) Pause Young (Metadata GC Threshold)
[2026-09-25T20:15:44.321+0000][2.575s][info][gc,heap     ] GC(0) PSYoungGen: 919414K(1223168K)->12681K(1223168K) Eden: 919414K(1048576K)->0K(1048576K) From: 0K(174592K)->12681K(174592K)
[2026-09-25T20:15:44.321+0000][2.575s][info][gc,heap     ] GC(0) ParOldGen: 1073K(2796544K)->1145K(2796544K)
[2026-09-25T20:15:44.321+0000][2.575s][info][gc,metaspace] GC(0) Metaspace: 21075K(21504K)->21075K(21504K) NonClass: 18699K(18944K)->18699K(18944K) Class: 2376K(2560K)->2376K(2560K)
[2026-09-25T20:15:44.321+0000][2.575s][info][gc          ] GC(0) Pause Young (Metadata GC Threshold) 898M->13M(3925M) 5.928ms
[2026-09-25T20:15:44.322+0000][2.575s][info][gc,cpu      ] GC(0) User=0.02s Sys=0.00s Real=0.00s
[2026-09-25T20:15:44.322+0000][2.575s][info][gc,start    ] GC(1) Pause Full (Metadata GC Threshold)
[2026-09-25T20:15:44.322+0000][2.575s][info][gc,phases,start] GC(1) Marking Phase
[2026-09-25T20:15:44.329+0000][2.582s][info][gc,phases      ] GC(1) Marking Phase 7.036ms
[2026-09-25T20:15:44.329+0000][2.582s][info][gc,phases,start] GC(1) Summary Phase
[2026-09-25T20:15:44.329+0000][2.582s][info][gc,phases      ] GC(1) Summary Phase 0.010ms
[2026-09-25T20:15:44.329+0000][2.582s][info][gc,phases,start] GC(1) Adjust Roots
[2026-09-25T20:15:44.331+0000][2.585s][info][gc,phases      ] GC(1) Adjust Roots 2.695ms
[2026-09-25T20:15:44.331+0000][2.585s][info][gc,phases,start] GC(1) Compaction Phase
[2026-09-25T20:15:44.339+0000][2.592s][info][gc,phases      ] GC(1) Compaction Phase 7.298ms
[2026-09-25T20:15:44.339+0000][2.592s][info][gc,phases,start] GC(1) Post Compact
[2026-09-25T20:15:44.340+0000][2.594s][info][gc,phases      ] GC(1) Post Compact 1.162ms
[2026-09-25T20:15:44.340+0000][2.594s][info][gc,heap        ] GC(1) PSYoungGen: 12681K(1223168K)->0K(1223168K) Eden: 0K(1048576K)->0K(1048576K) From: 12681K(174592K)->0K(174592K)
[2026-09-25T20:15:44.340+0000][2.594s][info][gc,heap        ] GC(1) ParOldGen: 1145K(2796544K)->13582K(2796544K)
[2026-09-25T20:15:44.340+0000][2.594s][info][gc,metaspace   ] GC(1) Metaspace: 21075K(21504K)->21075K(21504K) NonClass: 18699K(18944K)->18699K(18944K) Class: 2376K(2560K)->2376K(2560K)
[2026-09-25T20:15:44.340+0000][2.594s][info][gc             ] GC(1) Pause Full (Metadata GC Threshold) 13M->13M(3925M) 18.305ms
[2026-09-25T20:15:44.340+0000][2.594s][info][gc,cpu         ] GC(1) User=0.05s Sys=0.00s Real=0.02s
[2026-09-25T20:15:45.509+0000][3.763s][info][gc,start       ] GC(2) Pause Young (Metadata GC Threshold)
[2026-09-25T20:15:45.531+0000][3.784s][info][gc,heap        ] GC(2) PSYoungGen: 458906K(1223168K)->51017K(1223168K) Eden: 458906K(1048576K)->0K(1048576K) From: 0K(174592K)->51017K(174592K)
[2026-09-25T20:15:45.531+0000][3.784s][info][gc,heap        ] GC(2) ParOldGen: 13582K(2796544K)->13590K(2796544K)
[2026-09-25T20:15:45.531+0000][3.784s][info][gc,metaspace   ] GC(2) Metaspace: 35370K(35840K)->35370K(35840K) NonClass: 31267K(31552K)->31267K(31552K) Class: 4102K(4288K)->4102K(4288K)
[2026-09-25T20:15:45.531+0000][3.784s][info][gc             ] GC(2) Pause Young (Metadata GC Threshold) 461M->63M(3925M) 21.439ms
[2026-09-25T20:15:45.531+0000][3.784s][info][gc,cpu         ] GC(2) User=0.06s Sys=0.02s Real=0.02s
[2026-09-25T20:15:45.531+0000][3.784s][info][gc,start       ] GC(3) Pause Full (Metadata GC Threshold)
[2026-09-25T20:15:45.531+0000][3.784s][info][gc,phases,start] GC(3) Marking Phase
[2026-09-25T20:15:45.552+0000][3.806s][info][gc,phases      ] GC(3) Marking Phase 21.236ms
[2026-09-25T20:15:45.552+0000][3.806s][info][gc,phases,start] GC(3) Summary Phase
[2026-09-25T20:15:45.552+0000][3.806s][info][gc,phases      ] GC(3) Summary Phase 0.014ms
[2026-09-25T20:15:45.552+0000][3.806s][info][gc,phases,start] GC(3) Adjust Roots
[2026-09-25T20:15:45.555+0000][3.809s][info][gc,phases      ] GC(3) Adjust Roots 2.933ms
[2026-09-25T20:15:45.555+0000][3.809s][info][gc,phases,start] GC(3) Compaction Phase
[2026-09-25T20:15:45.592+0000][3.845s][info][gc,phases      ] GC(3) Compaction Phase 36.709ms
[2026-09-25T20:15:45.592+0000][3.845s][info][gc,phases,start] GC(3) Post Compact
[2026-09-25T20:15:45.593+0000][3.846s][info][gc,phases      ] GC(3) Post Compact 0.940ms
[2026-09-25T20:15:45.593+0000][3.846s][info][gc,heap        ] GC(3) PSYoungGen: 51017K(1223168K)->0K(1223168K) Eden: 0K(1048576K)->0K(1048576K) From: 51017K(174592K)->0K(174592K)
[2026-09-25T20:15:45.593+0000][3.846s][info][gc,heap        ] GC(3) ParOldGen: 13590K(2796544K)->64220K(2796544K)
[2026-09-25T20:15:45.593+0000][3.846s][info][gc,metaspace   ] GC(3) Metaspace: 35370K(35840K)->35370K(35840K) NonClass: 31267K(31552K)->31267K(31552K) Class: 4102K(4288K)->4102K(4288K)
[2026-09-25T20:15:45.593+0000][3.846s][info][gc             ] GC(3) Pause Full (Metadata GC Threshold) 63M->62M(3925M) 61.967ms
[2026-09-25T20:15:45.593+0000][3.846s][info][gc,cpu         ] GC(3) User=0.21s Sys=0.00s Real=0.07s
[2026-09-25T20:15:47.511+0000][5.765s][info][gc,start       ] GC(4) Pause Young (Metadata GC Threshold)
[2026-09-25T20:15:47.534+0000][5.788s][info][gc,heap        ] GC(4) PSYoungGen: 380745K(1223168K)->42961K(1223168K) Eden: 380745K(1048576K)->0K(1048576K) From: 0K(174592K)->42961K(174592K)
[2026-09-25T20:15:47.534+0000][5.788s][info][gc,heap        ] GC(4) ParOldGen: 64220K(2796544K)->64236K(2796544K)
[2026-09-25T20:15:47.534+0000][5.788s][info][gc,metaspace   ] GC(4) Metaspace: 59170K(59776K)->59170K(59776K) NonClass: 50558K(50880K)->50558K(50880K) Class: 8611K(8896K)->8611K(8896K)
[2026-09-25T20:15:47.534+0000][5.788s][info][gc             ] GC(4) Pause Young (Metadata GC Threshold) 434M->104M(3925M) 23.409ms
[2026-09-25T20:15:47.534+0000][5.788s][info][gc,cpu         ] GC(4) User=0.09s Sys=0.00s Real=0.03s
[2026-09-25T20:15:47.534+0000][5.788s][info][gc,start       ] GC(5) Pause Full (Metadata GC Threshold)
[2026-09-25T20:15:47.534+0000][5.788s][info][gc,phases,start] GC(5) Marking Phase
[2026-09-25T20:15:47.574+0000][5.828s][info][gc,phases      ] GC(5) Marking Phase 39.529ms
[2026-09-25T20:15:47.574+0000][5.828s][info][gc,phases,start] GC(5) Summary Phase
[2026-09-25T20:15:47.574+0000][5.828s][info][gc,phases      ] GC(5) Summary Phase 0.008ms
[2026-09-25T20:15:47.574+0000][5.828s][info][gc,phases,start] GC(5) Adjust Roots
[2026-09-25T20:15:47.580+0000][5.834s][info][gc,phases      ] GC(5) Adjust Roots 6.299ms
[2026-09-25T20:15:47.580+0000][5.834s][info][gc,phases,start] GC(5) Compaction Phase
[2026-09-25T20:15:47.653+0000][5.906s][info][gc,phases      ] GC(5) Compaction Phase 72.390ms
[2026-09-25T20:15:47.653+0000][5.906s][info][gc,phases,start] GC(5) Post Compact
[2026-09-25T20:15:47.654+0000][5.908s][info][gc,phases      ] GC(5) Post Compact 1.102ms
[2026-09-25T20:15:47.654+0000][5.908s][info][gc,heap        ] GC(5) PSYoungGen: 42961K(1223168K)->0K(1223168K) Eden: 0K(1048576K)->0K(1048576K) From: 42961K(174592K)->0K(174592K)
[2026-09-25T20:15:47.654+0000][5.908s][info][gc,heap        ] GC(5) ParOldGen: 64236K(2796544K)->103073K(2796544K)
[2026-09-25T20:15:47.654+0000][5.908s][info][gc,metaspace   ] GC(5) Metaspace: 59170K(59776K)->59170K(59776K) NonClass: 50558K(50880K)->50558K(50880K) Class: 8611K(8896K)->8611K(8896K)
[2026-09-25T20:15:47.654+0000][5.908s][info][gc             ] GC(5) Pause Full (Metadata GC Threshold) 104M->100M(3925M) 119.480ms
[2026-09-25T20:15:47.654+0000][5.908s][info][gc,cpu         ] GC(5) User=0.43s Sys=0.01s Real=0.12s
[2026-09-25T20:15:50.631+0000][8.884s][info][gc,start       ] GC(6) Pause Young (Metadata GC Threshold)
[2026-09-25T20:15:50.734+0000][8.988s][info][gc,heap        ] GC(6) PSYoungGen: 752160K(1223168K)->174560K(1223168K) Eden: 752160K(1048576K)->0K(1048576K) From: 0K(174592K)->174560K(174592K)
[2026-09-25T20:15:50.734+0000][8.988s][info][gc,heap        ] GC(6) ParOldGen: 103073K(2796544K)->105553K(2796544K)
[2026-09-25T20:15:50.734+0000][8.988s][info][gc,metaspace   ] GC(6) Metaspace: 98801K(99648K)->98801K(99648K) NonClass: 84833K(85312K)->84833K(85312K) Class: 13967K(14336K)->13967K(14336K)
[2026-09-25T20:15:50.734+0000][8.988s][info][gc             ] GC(6) Pause Young (Metadata GC Threshold) 835M->273M(3925M) 103.282ms
[2026-09-25T20:15:50.734+0000][8.988s][info][gc,cpu         ] GC(6) User=0.37s Sys=0.02s Real=0.11s
[2026-09-25T20:15:50.734+0000][8.988s][info][gc,start       ] GC(7) Pause Full (Metadata GC Threshold)
[2026-09-25T20:15:50.734+0000][8.988s][info][gc,phases,start] GC(7) Marking Phase
[2026-09-25T20:15:50.847+0000][9.101s][info][gc,phases      ] GC(7) Marking Phase 112.898ms
[2026-09-25T20:15:50.847+0000][9.101s][info][gc,phases,start] GC(7) Summary Phase
[2026-09-25T20:15:50.847+0000][9.101s][info][gc,phases      ] GC(7) Summary Phase 0.026ms
[2026-09-25T20:15:50.847+0000][9.101s][info][gc,phases,start] GC(7) Adjust Roots
[2026-09-25T20:15:50.856+0000][9.110s][info][gc,phases      ] GC(7) Adjust Roots 9.482ms
[2026-09-25T20:15:50.856+0000][9.110s][info][gc,phases,start] GC(7) Compaction Phase
[2026-09-25T20:15:51.145+0000][9.399s][info][gc,phases      ] GC(7) Compaction Phase 288.555ms
[2026-09-25T20:15:51.145+0000][9.399s][info][gc,phases,start] GC(7) Post Compact
[2026-09-25T20:15:51.147+0000][9.400s][info][gc,phases      ] GC(7) Post Compact 1.606ms
[2026-09-25T20:15:51.147+0000][9.400s][info][gc,heap        ] GC(7) PSYoungGen: 174560K(1223168K)->0K(1223168K) Eden: 0K(1048576K)->0K(1048576K) From: 174560K(174592K)->0K(174592K)
[2026-09-25T20:15:51.147+0000][9.400s][info][gc,heap        ] GC(7) ParOldGen: 105553K(2796544K)->278483K(2796544K)
[2026-09-25T20:15:51.147+0000][9.400s][info][gc,metaspace   ] GC(7) Metaspace: 98801K(99648K)->98801K(99648K) NonClass: 84833K(85312K)->84833K(85312K) Class: 13967K(14336K)->13967K(14336K)
[2026-09-25T20:15:51.147+0000][9.400s][info][gc             ] GC(7) Pause Full (Metadata GC Threshold) 273M->271M(3925M) 412.704ms
[2026-09-25T20:15:51.147+0000][9.400s][info][gc,cpu         ] GC(7) User=1.53s Sys=0.01s Real=0.41s
[2026-09-25T20:15:54.592+0000][12.845s][info][gc,start       ] GC(8) Pause Young (Allocation Failure)
[2026-09-25T20:15:54.621+0000][12.875s][info][gc,heap        ] GC(8) PSYoungGen: 1048576K(1223168K)->45360K(1223168K) Eden: 1048576K(1048576K)->0K(1048576K) From: 0K(174592K)->45360K(174592K)
[2026-09-25T20:15:54.621+0000][12.875s][info][gc,heap        ] GC(8) ParOldGen: 278483K(2796544K)->278499K(2796544K)
[2026-09-25T20:15:54.621+0000][12.875s][info][gc,metaspace   ] GC(8) Metaspace: 119805K(120832K)->119805K(120832K) NonClass: 102569K(103168K)->102569K(103168K) Class: 17235K(17664K)->17235K(17664K)
[2026-09-25T20:15:54.621+0000][12.875s][info][gc             ] GC(8) Pause Young (Allocation Failure) 1295M->316M(3925M) 29.443ms
[2026-09-25T20:15:54.621+0000][12.875s][info][gc,cpu         ] GC(8) User=0.11s Sys=0.00s Real=0.03s
[2026-09-25T20:16:02.388+0000][20.641s][info][gc,start       ] GC(9) Pause Young (Allocation Failure)
[2026-09-25T20:16:02.455+0000][20.709s][info][gc,heap        ] GC(9) PSYoungGen: 1093936K(1223168K)->128231K(2235392K) Eden: 1048576K(1048576K)->0K(2077184K) From: 45360K(174592K)->128231K(158208K)
[2026-09-25T20:16:02.455+0000][20.709s][info][gc,heap        ] GC(9) ParOldGen: 278499K(2796544K)->278515K(2796544K)
[2026-09-25T20:16:02.455+0000][20.709s][info][gc,metaspace   ] GC(9) Metaspace: 150395K(151616K)->150395K(151616K) NonClass: 125948K(126656K)->125948K(126656K) Class: 24446K(24960K)->24446K(24960K)
[2026-09-25T20:16:02.455+0000][20.709s][info][gc             ] GC(9) Pause Young (Allocation Failure) 1340M->397M(4914M) 67.312ms
[2026-09-25T20:16:02.455+0000][20.709s][info][gc,cpu         ] GC(9) User=0.22s Sys=0.04s Real=0.07s
[2026-09-25T20:16:02.976+0000][21.230s][info][gc,start       ] GC(10) Pause Young (CodeCache GC Threshold)
[2026-09-25T20:16:03.031+0000][21.285s][info][gc,heap        ] GC(10) PSYoungGen: 377308K(2235392K)->148638K(2255360K) Eden: 249076K(2077184K)->0K(2077184K) From: 128231K(158208K)->148638K(178176K)
[2026-09-25T20:16:03.031+0000][21.285s][info][gc,heap        ] GC(10) ParOldGen: 278515K(2796544K)->278531K(2796544K)
[2026-09-25T20:16:03.031+0000][21.285s][info][gc,metaspace   ] GC(10) Metaspace: 150534K(151808K)->150534K(151808K) NonClass: 126067K(126848K)->126067K(126848K) Class: 24467K(24960K)->24467K(24960K)
[2026-09-25T20:16:03.031+0000][21.285s][info][gc             ] GC(10) Pause Young (CodeCache GC Threshold) 640M->417M(4933M) 54.551ms
[2026-09-25T20:16:03.031+0000][21.285s][info][gc,cpu         ] GC(10) User=0.19s Sys=0.03s Real=0.05s
[2026-09-25T20:16:03.031+0000][21.285s][info][gc,start       ] GC(11) Pause Full (CodeCache GC Threshold)
[2026-09-25T20:16:03.031+0000][21.285s][info][gc,phases,start] GC(11) Marking Phase
[2026-09-25T20:16:03.202+0000][21.455s][info][gc,phases      ] GC(11) Marking Phase 170.548ms
[2026-09-25T20:16:03.202+0000][21.455s][info][gc,phases,start] GC(11) Summary Phase
[2026-09-25T20:16:03.202+0000][21.455s][info][gc,phases      ] GC(11) Summary Phase 0.026ms
[2026-09-25T20:16:03.202+0000][21.455s][info][gc,phases,start] GC(11) Adjust Roots
[2026-09-25T20:16:03.223+0000][21.476s][info][gc,phases      ] GC(11) Adjust Roots 21.062ms
[2026-09-25T20:16:03.223+0000][21.476s][info][gc,phases,start] GC(11) Compaction Phase
[2026-09-25T20:16:03.570+0000][21.824s][info][gc,phases      ] GC(11) Compaction Phase 347.162ms
[2026-09-25T20:16:03.570+0000][21.824s][info][gc,phases,start] GC(11) Post Compact
[2026-09-25T20:16:03.576+0000][21.830s][info][gc,phases      ] GC(11) Post Compact 5.908ms
[2026-09-25T20:16:03.576+0000][21.830s][info][gc,heap        ] GC(11) PSYoungGen: 148638K(2255360K)->0K(2255360K) Eden: 0K(2077184K)->0K(2077184K) From: 148638K(178176K)->0K(178176K)
[2026-09-25T20:16:03.576+0000][21.830s][info][gc,heap        ] GC(11) ParOldGen: 278531K(2796544K)->387048K(2796544K)
[2026-09-25T20:16:03.576+0000][21.830s][info][gc,metaspace   ] GC(11) Metaspace: 150534K(151808K)->150468K(151808K) NonClass: 126067K(126848K)->126016K(126848K) Class: 24467K(24960K)->24451K(24960K)
[2026-09-25T20:16:03.576+0000][21.830s][info][gc             ] GC(11) Pause Full (CodeCache GC Threshold) 417M->377M(4933M) 544.880ms
[2026-09-25T20:16:03.576+0000][21.830s][info][gc,cpu         ] GC(11) User=1.95s Sys=0.02s Real=0.55s
[2026-09-25T20:16:07.664+0000][25.918s][info][gc,start       ] GC(12) Pause Young (Allocation Failure)
[2026-09-25T20:16:07.785+0000][26.039s][info][gc,heap        ] GC(12) PSYoungGen: 2077184K(2255360K)->200700K(2199040K) Eden: 2077184K(2077184K)->0K(1998336K) From: 0K(178176K)->200700K(200704K)
[2026-09-25T20:16:07.785+0000][26.039s][info][gc,heap        ] GC(12) ParOldGen: 387048K(2796544K)->529671K(2796544K)
[2026-09-25T20:16:07.786+0000][26.039s][info][gc,metaspace   ] GC(12) Metaspace: 152700K(154112K)->152700K(154112K) NonClass: 127889K(128704K)->127889K(128704K) Class: 24810K(25408K)->24810K(25408K)
[2026-09-25T20:16:07.786+0000][26.039s][info][gc             ] GC(12) Pause Young (Allocation Failure) 2406M->713M(4878M) 121.298ms
[2026-09-25T20:16:07.786+0000][26.039s][info][gc,cpu         ] GC(12) User=0.37s Sys=0.09s Real=0.12s
[2026-09-25T20:16:11.882+0000][30.136s][info][gc,start       ] GC(13) Pause Young (Allocation Failure)
[2026-09-25T20:16:12.031+0000][30.285s][info][gc,heap        ] GC(13) PSYoungGen: 2199036K(2199040K)->299508K(2297856K) Eden: 1998336K(1998336K)->0K(1998336K) From: 200700K(200704K)->299508K(299520K)
[2026-09-25T20:16:12.031+0000][30.285s][info][gc,heap        ] GC(13) ParOldGen: 529671K(2796544K)->755449K(2796544K)
[2026-09-25T20:16:12.031+0000][30.285s][info][gc,metaspace   ] GC(13) Metaspace: 153259K(154688K)->153259K(154688K) NonClass: 128372K(129216K)->128372K(129216K) Class: 24887K(25472K)->24887K(25472K)
[2026-09-25T20:16:12.031+0000][30.285s][info][gc             ] GC(13) Pause Young (Allocation Failure) 2664M->1030M(4975M) 149.199ms
[2026-09-25T20:16:12.031+0000][30.285s][info][gc,cpu         ] GC(13) User=0.50s Sys=0.10s Real=0.15s
[2026-09-25T20:16:15.430+0000][33.683s][info][gc,start       ] GC(14) Pause Young (Allocation Failure)
[2026-09-25T20:16:15.591+0000][33.845s][info][gc,heap        ] GC(14) PSYoungGen: 2297844K(2297856K)->418160K(2916864K) Eden: 1998336K(1998336K)->0K(2472960K) From: 299508K(299520K)->418160K(443904K)
[2026-09-25T20:16:15.591+0000][33.845s][info][gc,heap        ] GC(14) ParOldGen: 755449K(2796544K)->942681K(2796544K)
[2026-09-25T20:16:15.591+0000][33.845s][info][gc,metaspace   ] GC(14) Metaspace: 153976K(155456K)->153976K(155456K) NonClass: 129001K(129856K)->129001K(129856K) Class: 24975K(25600K)->24975K(25600K)
[2026-09-25T20:16:15.591+0000][33.845s][info][gc             ] GC(14) Pause Young (Allocation Failure) 2981M->1328M(5579M) 161.427ms
[2026-09-25T20:16:15.591+0000][33.845s][info][gc,cpu         ] GC(14) User=0.54s Sys=0.09s Real=0.16s
[2026-09-25T20:16:19.956+0000][38.210s][info][gc,start       ] GC(15) Pause Young (Allocation Failure)
[2026-09-25T20:16:20.176+0000][38.430s][info][gc,heap        ] GC(15) PSYoungGen: 2891120K(2916864K)->318585K(2791936K) Eden: 2472960K(2472960K)->0K(2472960K) From: 418160K(443904K)->318585K(318976K)
[2026-09-25T20:16:20.176+0000][38.430s][info][gc,heap        ] GC(15) ParOldGen: 942681K(2796544K)->1380530K(2796544K)
[2026-09-25T20:16:20.176+0000][38.430s][info][gc,metaspace   ] GC(15) Metaspace: 154559K(156032K)->154559K(156032K) NonClass: 129524K(130368K)->129524K(130368K) Class: 25034K(25664K)->25034K(25664K)
[2026-09-25T20:16:20.176+0000][38.430s][info][gc             ] GC(15) Pause Young (Allocation Failure) 3743M->1659M(5457M) 220.099ms
[2026-09-25T20:16:20.176+0000][38.430s][info][gc,cpu         ] GC(15) User=0.72s Sys=0.16s Real=0.22s
[2026-09-25T20:16:24.514+0000][42.768s][info][gc,start       ] GC(16) Pause Young (Allocation Failure)
[2026-09-25T20:16:24.727+0000][42.981s][info][gc,heap        ] GC(16) PSYoungGen: 2791545K(2791936K)->373019K(2905600K) Eden: 2472960K(2472960K)->0K(2378752K) From: 318585K(318976K)->373019K(526848K)
[2026-09-25T20:16:24.727+0000][42.981s][info][gc,heap        ] GC(16) ParOldGen: 1380530K(2796544K)->1711086K(2796544K)
[2026-09-25T20:16:24.727+0000][42.981s][info][gc,metaspace   ] GC(16) Metaspace: 154796K(156288K)->154796K(156288K) NonClass: 129742K(130624K)->129742K(130624K) Class: 25053K(25664K)->25053K(25664K)
[2026-09-25T20:16:24.727+0000][42.981s][info][gc             ] GC(16) Pause Young (Allocation Failure) 4074M->2035M(5568M) 212.713ms
[2026-09-25T20:16:24.727+0000][42.981s][info][gc,cpu         ] GC(16) User=0.71s Sys=0.13s Real=0.21s
[2026-09-25T20:16:28.804+0000][47.058s][info][gc,start       ] GC(17) Pause Young (Allocation Failure)
[2026-09-25T20:16:29.020+0000][47.274s][info][gc,heap        ] GC(17) PSYoungGen: 2751771K(2905600K)->390722K(2769920K) Eden: 2378752K(2378752K)->0K(2378752K) From: 373019K(526848K)->390722K(391168K)
[2026-09-25T20:16:29.020+0000][47.274s][info][gc,heap        ] GC(17) ParOldGen: 1711086K(2796544K)->2097727K(2796544K)
[2026-09-25T20:16:29.020+0000][47.274s][info][gc,metaspace   ] GC(17) Metaspace: 155407K(156864K)->155407K(156864K) NonClass: 130333K(131200K)->130333K(131200K) Class: 25073K(25664K)->25073K(25664K)
[2026-09-25T20:16:29.020+0000][47.274s][info][gc             ] GC(17) Pause Young (Allocation Failure) 4358M->2430M(5436M) 215.904ms
[2026-09-25T20:16:29.020+0000][47.274s][info][gc,cpu         ] GC(17) User=0.78s Sys=0.09s Real=0.21s
[2026-09-25T20:16:31.385+0000][49.638s][info][gc,start       ] GC(18) Pause Young (CodeCache GC Threshold)
[2026-09-25T20:16:31.565+0000][49.819s][info][gc,heap        ] GC(18) PSYoungGen: 1323957K(2769920K)->234011K(2941952K) Eden: 933234K(2378752K)->0K(2353664K) From: 390722K(391168K)->234011K(588288K)
[2026-09-25T20:16:31.565+0000][49.819s][info][gc,heap        ] GC(18) ParOldGen: 2097727K(2796544K)->2502932K(2796544K)
[2026-09-25T20:16:31.565+0000][49.819s][info][gc,metaspace   ] GC(18) Metaspace: 161129K(162688K)->161129K(162688K) NonClass: 135097K(136000K)->135097K(136000K) Class: 26032K(26688K)->26032K(26688K)
[2026-09-25T20:16:31.565+0000][49.819s][info][gc             ] GC(18) Pause Young (CodeCache GC Threshold) 3341M->2672M(5604M) 180.263ms
[2026-09-25T20:16:31.565+0000][49.819s][info][gc,cpu         ] GC(18) User=0.55s Sys=0.14s Real=0.18s
[2026-09-25T20:16:31.565+0000][49.819s][info][gc,start       ] GC(19) Pause Full (CodeCache GC Threshold)
[2026-09-25T20:16:31.565+0000][49.819s][info][gc,phases,start] GC(19) Marking Phase
[2026-09-25T20:16:31.943+0000][50.197s][info][gc,phases      ] GC(19) Marking Phase 378.283ms
[2026-09-25T20:16:31.943+0000][50.197s][info][gc,phases,start] GC(19) Summary Phase
[2026-09-25T20:16:31.944+0000][50.197s][info][gc,phases      ] GC(19) Summary Phase 0.123ms
[2026-09-25T20:16:31.944+0000][50.197s][info][gc,phases,start] GC(19) Adjust Roots
[2026-09-25T20:16:31.963+0000][50.216s][info][gc,phases      ] GC(19) Adjust Roots 19.050ms
[2026-09-25T20:16:31.963+0000][50.216s][info][gc,phases,start] GC(19) Compaction Phase
[2026-09-25T20:16:32.366+0000][50.620s][info][gc,phases      ] GC(19) Compaction Phase 403.221ms
[2026-09-25T20:16:32.366+0000][50.620s][info][gc,phases,start] GC(19) Post Compact
[2026-09-25T20:16:32.377+0000][50.630s][info][gc,phases      ] GC(19) Post Compact 10.711ms
[2026-09-25T20:16:32.377+0000][50.630s][info][gc,heap        ] GC(19) PSYoungGen: 234011K(2941952K)->0K(2941952K) Eden: 0K(2353664K)->0K(2353664K) From: 234011K(588288K)->0K(588288K)
[2026-09-25T20:16:32.377+0000][50.630s][info][gc,heap        ] GC(19) ParOldGen: 2502932K(2796544K)->1460384K(2796544K)
[2026-09-25T20:16:32.377+0000][50.630s][info][gc,metaspace   ] GC(19) Metaspace: 161129K(162688K)->161075K(162688K) NonClass: 135097K(136000K)->135057K(136000K) Class: 26032K(26688K)->26018K(26688K)
[2026-09-25T20:16:32.377+0000][50.630s][info][gc             ] GC(19) Pause Full (CodeCache GC Threshold) 2672M->1426M(5604M) 811.589ms
[2026-09-25T20:16:32.377+0000][50.630s][info][gc,cpu         ] GC(19) User=2.97s Sys=0.01s Real=0.81s
