[0.003s][info][gc] Using G1
[0.344s][info][gc] GC(0) Pause Young (Concurrent Start) (G1 Humongous Allocation) 242M->3M(513M) 3.920ms
[0.344s][info][gc] GC(1) Concurrent Undo Cycle
[0.345s][info][gc] GC(1) Concurrent Undo Cycle 0.886ms
[0.438s][info][gc] GC(2) Pause Young (Normal) (G1 Evacuation Pause) 215M->2M(513M) 3.401ms
[1.902s][info][gc] GC(3) Pause Young (Concurrent Start) (Metadata GC Threshold) 312M->15M(513M) 12.088ms
[1.902s][info][gc] GC(4) Concurrent Mark Cycle
[1.938s][info][gc] GC(4) Pause Remark 17M->17M(512M) 4.838ms
[1.939s][info][gc] GC(4) Pause Cleanup 17M->17M(512M) 0.105ms
[1.941s][info][gc] GC(4) Concurrent Mark Cycle 38.878ms
[2.343s][info][gc] GC(5) Pause Young (Prepare Mixed) (G1 Evacuation Pause) 69M->33M(512M) 55.838ms
[2.396s][info][gc] GC(6) Pause Young (Mixed) (G1 Evacuation Pause) 50M->41M(512M) 21.184ms
[2.475s][info][gc] GC(7) Pause Young (Normal) (G1 Evacuation Pause) 62M->52M(512M) 16.464ms
[2.550s][info][gc] GC(8) Pause Young (Normal) (G1 Evacuation Pause) 82M->68M(941M) 16.364ms
[2.667s][info][gc] GC(9) Pause Young (Normal) (G1 Evacuation Pause) 111M->89M(941M) 32.187ms
[2.793s][info][gc] GC(10) Pause Young (Normal) (G1 Evacuation Pause) 130M->110M(941M) 30.820ms
[2.976s][info][gc] GC(11) Pause Young (Normal) (G1 Evacuation Pause) 151M->132M(941M) 38.089ms
[3.510s][info][gc] GC(12) Pause Young (Normal) (G1 Evacuation Pause) 173M->151M(1235M) 35.224ms
[3.747s][info][gc] GC(13) Pause Young (Concurrent Start) (Metadata GC Threshold) 164M->153M(1235M) 11.136ms
[3.747s][info][gc] GC(14) Concurrent Mark Cycle
[4.058s][info][gc] GC(14) Pause Remark 163M->159M(537M) 7.296ms
[4.427s][info][gc] GC(14) Pause Cleanup 178M->178M(537M) 0.800ms
[4.429s][info][gc] GC(14) Concurrent Mark Cycle 682.469ms
[4.856s][info][gc] GC(15) Pause Young (Prepare Mixed) (G1 Evacuation Pause) 268M->162M(537M) 22.355ms
[6.986s][info][gc] GC(16) Pause Young (Mixed) (G1 Evacuation Pause) 445M->203M(537M) 97.325ms
[7.235s][info][gc] GC(17) Pause Young (Normal) (G1 Evacuation Pause) 325M->245M(537M) 86.009ms
[7.369s][info][gc] GC(18) Pause Young (Concurrent Start) (Metadata GC Threshold) 280M->258M(537M) 23.669ms
[7.369s][info][gc] GC(19) Concurrent Mark Cycle
[7.642s][info][gc] GC(19) Pause Remark 259M->249M(537M) 10.864ms
[7.799s][info][gc] GC(19) Pause Cleanup 250M->250M(537M) 1.815ms
[7.800s][info][gc] GC(19) Concurrent Mark Cycle 430.568ms
[10.172s][info][gc] GC(20) Pause Young (Prepare Mixed) (G1 Evacuation Pause) 433M->276M(537M) 40.942ms
[11.256s][info][gc] GC(21) Pause Young (Mixed) (G1 Evacuation Pause) 436M->234M(537M) 67.306ms
[12.248s][info][gc] GC(22) Pause Young (Mixed) (G1 Evacuation Pause) 437M->237M(840M) 55.164ms
[14.328s][info][gc] GC(23) Pause Young (Normal) (G1 Evacuation Pause) 652M->296M(840M) 144.857ms
[14.757s][info][gc] GC(24) Pause Young (Concurrent Start) (Metadata GC Threshold) 332M->298M(840M) 86.242ms
[14.757s][info][gc] GC(25) Concurrent Mark Cycle
[15.451s][info][gc] GC(25) Pause Remark 326M->325M(840M) 20.301ms
[15.826s][info][gc] GC(25) Pause Cleanup 332M->332M(840M) 0.345ms
[15.835s][info][gc] GC(25) Concurrent Mark Cycle 1078.367ms
[19.808s][info][gc] GC(26) Pause Young (Prepare Mixed) (G1 Evacuation Pause) 614M->307M(840M) 37.562ms
[34.248s][info][gc] GC(27) Pause Young (Mixed) (G1 Evacuation Pause) 715M->328M(840M) 73.408ms
[36.584s][info][gc] GC(28) Pause Young (Concurrent Start) (G1 Evacuation Pause) 722M->341M(840M) 48.285ms
[36.584s][info][gc] GC(29) Concurrent Mark Cycle
[37.448s][info][gc] GC(29) Pause Remark 405M->392M(840M) 51.929ms
[38.034s][info][gc] GC(29) Pause Cleanup 425M->425M(840M) 0.431ms
[38.037s][info][gc] GC(29) Concurrent Mark Cycle 1453.280ms
[40.787s][info][gc] GC(30) Pause Young (Prepare Mixed) (G1 Evacuation Pause) 720M->341M(840M) 27.154ms
[43.960s][info][gc] GC(31) Pause Young (Mixed) (G1 Evacuation Pause) 748M->324M(840M) 70.604ms
[46.934s][info][gc] GC(32) Pause Young (Concurrent Start) (G1 Evacuation Pause) 754M->336M(840M) 59.506ms
[46.934s][info][gc] GC(33) Concurrent Mark Cycle
[47.636s][info][gc] GC(33) Pause Remark 432M->432M(840M) 69.254ms
[48.044s][info][gc] GC(33) Pause Cleanup 469M->469M(840M) 0.538ms
[48.046s][info][gc] GC(33) Concurrent Mark Cycle 1111.682ms
[55.736s][info][gc] GC(34) Pause Young (Prepare Mixed) (G1 Evacuation Pause) 762M->347M(840M) 60.141ms
[56.433s][info][gc] GC(35) Pause Young (Mixed) (G1 Evacuation Pause) 771M->339M(840M) 48.356ms
