2026-09-24T19:48:05.8285677Z Current runner version: '2.337.0'
2026-09-24T19:48:05.8303651Z ##[group]Runner Image Provisioner
2026-09-24T19:48:05.8304466Z Hosted Compute Agent
2026-09-24T19:48:05.8304849Z Version: 20260828.587
2026-09-24T19:48:05.8305207Z Commit: abac92662cab4cc7352de4f9f9d2e2419aad9c29
2026-09-24T19:48:05.8305672Z Build Date: 2026-08-28T16:44:25Z
2026-09-24T19:48:05.8306064Z Worker ID: {45742e60-5796-4ff3-a32e-e248c76e8459}
2026-09-24T19:48:05.8306533Z Azure Region: centralus
2026-09-24T19:48:05.8306906Z ##[endgroup]
2026-09-24T19:48:05.8307702Z ##[group]Operating System
2026-09-24T19:48:05.8308107Z Ubuntu
2026-09-24T19:48:05.8308416Z 24.04.5
2026-09-24T19:48:05.8308742Z LTS
2026-09-24T19:48:05.8309082Z ##[endgroup]
2026-09-24T19:48:05.8309402Z ##[group]Runner Image
2026-09-24T19:48:05.8309781Z Image: ubuntu-24.04
2026-09-24T19:48:05.8310120Z Version: 20260920.314.1
2026-09-24T19:48:05.8310914Z Included Software: https://github.com/actions/runner-images/blob/ubuntu24/20260920.314/images/ubuntu/Ubuntu2404-Readme.md
2026-09-24T19:48:05.8311754Z Image Release: https://github.com/actions/runner-images/releases/tag/ubuntu24%2F20260920.314
2026-09-24T19:48:05.8312319Z ##[endgroup]
2026-09-24T19:48:05.8312976Z ##[group]GITHUB_TOKEN Permissions
2026-09-24T19:48:05.8314319Z Contents: read
2026-09-24T19:48:05.8314684Z Metadata: read
2026-09-24T19:48:05.8315053Z ##[endgroup]
2026-09-24T19:48:05.8316367Z Secret source: Actions
2026-09-24T19:48:05.8316879Z Cache mode: write
2026-09-24T19:48:05.8317380Z Prepare workflow directory
2026-09-24T19:48:05.8520104Z Prepare all required actions
2026-09-24T19:48:05.8560575Z Getting action download info
2026-09-24T19:48:06.1007778Z Download action repository 'actions/checkout@v4' (SHA:11d5960a326750d5838078e36cf38b85af677262)
2026-09-24T19:48:06.1739113Z Download action repository 'dtolnay/rust-toolchain@stable' (SHA:6bed0761d98439e5a578e2877258200ad565ba87)
2026-09-24T19:48:06.4216055Z Download action repository 'Swatinem/rust-cache@v2' (SHA:6323deb102c322ba6fcbdcafc7e3dddab59af2b6)
2026-09-24T19:48:07.1519304Z Download action repository 'actions/setup-java@v4' (SHA:cf277c60eb25467037889841efdb72551f06f6c3)
2026-09-24T19:48:07.9326978Z Download action repository 'actions/upload-artifact@v4' (SHA:ea165f8d65b6e75b540449e92b4886f43607fa02)
2026-09-24T19:48:08.5180578Z Complete job name: world-bench
2026-09-24T19:48:08.5683934Z ##[group]Run actions/checkout@v4
2026-09-24T19:48:08.5684349Z with:
2026-09-24T19:48:08.5684469Z   repository: PLANETA9091/c-crussty
2026-09-24T19:48:08.5685853Z   token: ***
2026-09-24T19:48:08.5685963Z   ssh-strict: true
2026-09-24T19:48:08.5686080Z   ssh-user: git
2026-09-24T19:48:08.5686194Z   persist-credentials: true
2026-09-24T19:48:08.5686322Z   clean: true
2026-09-24T19:48:08.5686448Z   sparse-checkout-cone-mode: true
2026-09-24T19:48:08.5686584Z   fetch-depth: 1
2026-09-24T19:48:08.5686698Z   fetch-tags: false
2026-09-24T19:48:08.5686820Z   show-progress: true
2026-09-24T19:48:08.5686938Z   lfs: false
2026-09-24T19:48:08.5687045Z   submodules: false
2026-09-24T19:48:08.5687235Z   set-safe-directory: true
2026-09-24T19:48:08.5687442Z   allow-unsafe-pr-checkout: false
2026-09-24T19:48:08.5687772Z ##[endgroup]
2026-09-24T19:48:08.6325210Z Syncing repository: PLANETA9091/c-crussty
2026-09-24T19:48:08.6326303Z ##[group]Getting Git version info
2026-09-24T19:48:08.6326689Z Working directory is '/home/runner/work/c-crussty/c-crussty'
2026-09-24T19:48:08.6329035Z [command]/usr/bin/git version
2026-09-24T19:48:08.6422652Z git version 2.55.0
2026-09-24T19:48:08.6450003Z ##[endgroup]
2026-09-24T19:48:08.6456347Z Temporarily overriding HOME='/home/runner/work/_temp/759d6c33-d5f5-4fa5-925d-e6414e3bd95e' before making global git config changes
2026-09-24T19:48:08.6457634Z Adding repository directory to the temporary git global config as a safe directory
2026-09-24T19:48:08.6458675Z [command]/usr/bin/git config --global --add safe.directory /home/runner/work/c-crussty/c-crussty
2026-09-24T19:48:08.6966125Z Deleting the contents of '/home/runner/work/c-crussty/c-crussty'
2026-09-24T19:48:08.6973450Z ##[group]Initializing the repository
2026-09-24T19:48:08.6973844Z [command]/usr/bin/git init /home/runner/work/c-crussty/c-crussty
2026-09-24T19:48:08.7669733Z hint: Using 'master' as the name for the initial branch. This default branch name
2026-09-24T19:48:08.7670136Z hint: will change to "main" in Git 3.0. To configure the initial branch name
2026-09-24T19:48:08.7670410Z hint: to use in all of your new repositories, which will suppress this warning,
2026-09-24T19:48:08.7670694Z hint: call:
2026-09-24T19:48:08.7670856Z hint:
2026-09-24T19:48:08.7671116Z hint: 	git config --global init.defaultBranch <name>
2026-09-24T19:48:08.7671393Z hint:
2026-09-24T19:48:08.7671572Z hint: Names commonly chosen instead of 'master' are 'main', 'trunk' and
2026-09-24T19:48:08.7671841Z hint: 'development'. The just-created branch can be renamed via this command:
2026-09-24T19:48:08.7672048Z hint:
2026-09-24T19:48:08.7672166Z hint: 	git branch -m <name>
2026-09-24T19:48:08.7672321Z hint:
2026-09-24T19:48:08.7672492Z hint: Disable this message with "git config set advice.defaultBranchName false"
2026-09-24T19:48:08.7673235Z Initialized empty Git repository in /home/runner/work/c-crussty/c-crussty/.git/
2026-09-24T19:48:08.7682023Z [command]/usr/bin/git remote add origin https://github.com/PLANETA9091/c-crussty
2026-09-24T19:48:08.8359132Z ##[endgroup]
2026-09-24T19:48:08.8359557Z ##[group]Disabling automatic garbage collection
2026-09-24T19:48:08.8364069Z [command]/usr/bin/git config --local gc.auto 0
2026-09-24T19:48:08.8857796Z ##[endgroup]
2026-09-24T19:48:08.8858141Z ##[group]Setting up auth
2026-09-24T19:48:08.8865048Z [command]/usr/bin/git config --local --name-only --get-regexp core\.sshCommand
2026-09-24T19:48:08.8896371Z [command]/usr/bin/git submodule foreach --recursive sh -c "git config --local --name-only --get-regexp 'core\.sshCommand' && git config --local --unset-all 'core.sshCommand' || :"
2026-09-24T19:48:08.9502134Z [command]/usr/bin/git config --local --name-only --get-regexp http\.https\:\/\/github\.com\/\.extraheader
2026-09-24T19:48:08.9530829Z [command]/usr/bin/git submodule foreach --recursive sh -c "git config --local --name-only --get-regexp 'http\.https\:\/\/github\.com\/\.extraheader' && git config --local --unset-all 'http.https://github.com/.extraheader' || :"
2026-09-24T19:48:08.9697263Z [command]/usr/bin/git config --local --name-only --get-regexp ^includeIf\.gitdir:
2026-09-24T19:48:08.9723600Z [command]/usr/bin/git submodule foreach --recursive git config --local --show-origin --name-only --get-regexp remote.origin.url
2026-09-24T19:48:08.9892822Z [command]/usr/bin/git config --local http.https://github.com/.extraheader AUTHORIZATION: basic ***
2026-09-24T19:48:09.0565426Z ##[endgroup]
2026-09-24T19:48:09.0566230Z ##[group]Fetching the repository
2026-09-24T19:48:09.0567386Z [command]/usr/bin/git -c protocol.version=2 fetch --no-tags --prune --no-recurse-submodules --depth=1 origin +d02a29777eda74eb9e9d48430ee382baa59147e3:refs/remotes/origin/round-450-anchor-7
2026-09-24T19:48:22.5129184Z From https://github.com/PLANETA9091/c-crussty
2026-09-24T19:48:22.5129624Z  * [new ref]         d02a29777eda74eb9e9d48430ee382baa59147e3 -> origin/round-450-anchor-7
2026-09-24T19:48:22.5131944Z ##[endgroup]
2026-09-24T19:48:22.5132174Z ##[group]Determining the checkout info
2026-09-24T19:48:22.5133860Z ##[endgroup]
2026-09-24T19:48:22.5138736Z [command]/usr/bin/git sparse-checkout disable
2026-09-24T19:48:22.5184619Z [command]/usr/bin/git config --local --unset-all extensions.worktreeConfig
2026-09-24T19:48:22.5209993Z ##[group]Checking out the ref
2026-09-24T19:48:22.5213898Z [command]/usr/bin/git checkout --progress --force -B round-450-anchor-7 refs/remotes/origin/round-450-anchor-7
2026-09-24T19:48:23.5501283Z Updating files:  86% (3621/4164)
2026-09-24T19:48:23.5666289Z Updating files:  87% (3623/4164)
2026-09-24T19:48:23.5683427Z Updating files:  88% (3665/4164)
2026-09-24T19:48:23.5719178Z Updating files:  89% (3706/4164)
2026-09-24T19:48:23.5738962Z Updating files:  90% (3748/4164)
2026-09-24T19:48:23.5753223Z Updating files:  91% (3790/4164)
2026-09-24T19:48:23.5769460Z Updating files:  92% (3831/4164)
2026-09-24T19:48:23.5788709Z Updating files:  93% (3873/4164)
2026-09-24T19:48:23.5806051Z Updating files:  94% (3915/4164)
2026-09-24T19:48:23.5824361Z Updating files:  95% (3956/4164)
2026-09-24T19:48:23.5873185Z Updating files:  96% (3998/4164)
2026-09-24T19:48:23.5911293Z Updating files:  97% (4040/4164)
2026-09-24T19:48:23.5952804Z Updating files:  98% (4081/4164)
2026-09-24T19:48:23.6042857Z Updating files:  99% (4123/4164)
2026-09-24T19:48:23.6043300Z Updating files: 100% (4164/4164)
2026-09-24T19:48:23.6043534Z Updating files: 100% (4164/4164), done.
2026-09-24T19:48:23.6105676Z Switched to a new branch 'round-450-anchor-7'
2026-09-24T19:48:23.6112048Z branch 'round-450-anchor-7' set up to track 'origin/round-450-anchor-7'.
2026-09-24T19:48:23.6148855Z ##[endgroup]
2026-09-24T19:48:23.6189038Z [command]/usr/bin/git log -1 --format=%H
2026-09-24T19:48:23.6211727Z d02a29777eda74eb9e9d48430ee382baa59147e3
2026-09-24T19:48:23.6395343Z ##[group]Run set -euo pipefail
2026-09-24T19:48:23.6395566Z [36;1mset -euo pipefail[0m
2026-09-24T19:48:23.6395711Z [36;1mIDX=$(python3 -c '[0m
2026-09-24T19:48:23.6395843Z [36;1mimport time[0m
2026-09-24T19:48:23.6395963Z [36;1mt=time.time(); x=1[0m
2026-09-24T19:48:23.6396099Z [36;1mfor _ in range(6000000):[0m
2026-09-24T19:48:23.6396257Z [36;1m    x=(x*1103515245+12345)&0x7fffffff[0m
2026-09-24T19:48:23.6396434Z [36;1mprint(f"{6000000/(time.time()-t):.0f}")')[0m
2026-09-24T19:48:23.6396630Z [36;1mecho "runner_cpu_index=$IDX band=[6000000,9500000]"[0m
2026-09-24T19:48:23.6396847Z [36;1mif [ "$IDX" -lt "6000000" ] || [ "$IDX" -gt "9500000" ]; then[0m
2026-09-24T19:48:23.6397199Z [36;1m  echo "::notice::runner_cpu_index=$IDX OUTSIDE band — fast-fail pre-download (pairing discard, not a bench failure)"[0m
2026-09-24T19:48:23.6397491Z [36;1m  exit 1[0m
2026-09-24T19:48:23.6397601Z [36;1mfi[0m
2026-09-24T19:48:23.6632345Z shell: /usr/bin/bash -e {0}
2026-09-24T19:48:23.6632551Z ##[endgroup]
2026-09-24T19:48:24.2135411Z runner_cpu_index=11321035 band=[6000000,9500000]
2026-09-24T19:48:24.2150188Z ##[notice]runner_cpu_index=11321035 OUTSIDE band — fast-fail pre-download (pairing discard, not a bench failure)
2026-09-24T19:48:24.2157908Z ##[error]Process completed with exit code 1.
2026-09-24T19:48:24.2227856Z ##[group]Run actions/upload-artifact@v4
2026-09-24T19:48:24.2228013Z with:
2026-09-24T19:48:24.2228122Z   name: world3-bench
2026-09-24T19:48:24.2228957Z   path: world3-run/BOTTLENECKS_3.md
world3-run/cpu-collapsed.txt
world3-run/wall-collapsed.txt
world3-run/alloc-collapsed.txt
world3-run/cpu-flamegraph.html
world3-run/server-stdout.log
world3-run/gc.log
world3-run/remset.log
world3-run/refine.log
world3-run/recon.jfr
world3-run/ap.log
world3-run/run-env.txt
world3-run/pclip-materialize.log
world3-run/chunk-parse-diag.txt
world3-run/entity-recon.txt
world3-run/patched-kernel.jar
world3-run/spark-report/

2026-09-24T19:48:24.2229814Z   if-no-files-found: warn
2026-09-24T19:48:24.2229958Z   compression-level: 6
2026-09-24T19:48:24.2230072Z   overwrite: false
2026-09-24T19:48:24.2230188Z   include-hidden-files: false
2026-09-24T19:48:24.2230318Z ##[endgroup]
2026-09-24T19:48:24.3265606Z (node:2079) [DEP0040] DeprecationWarning: The `punycode` module is deprecated. Please use a userland alternative instead.
2026-09-24T19:48:24.3266250Z (Use `node --trace-deprecation ...` to show where the warning was created)
2026-09-24T19:48:24.3354673Z Multiple search paths detected. Calculating the least common ancestor of all paths
2026-09-24T19:48:24.3366706Z The least common ancestor is /home/runner/work/c-crussty/c-crussty/world3-run. This will be the root directory of the artifact
2026-09-24T19:48:24.3371125Z ##[warning]No files were found with the provided path: world3-run/BOTTLENECKS_3.md
world3-run/cpu-collapsed.txt
world3-run/wall-collapsed.txt
world3-run/alloc-collapsed.txt
world3-run/cpu-flamegraph.html
world3-run/server-stdout.log
world3-run/gc.log
world3-run/remset.log
world3-run/refine.log
world3-run/recon.jfr
world3-run/ap.log
world3-run/run-env.txt
world3-run/pclip-materialize.log
world3-run/chunk-parse-diag.txt
world3-run/entity-recon.txt
world3-run/patched-kernel.jar
world3-run/spark-report/. No artifacts will be uploaded.
2026-09-24T19:48:24.3550606Z Post job cleanup.
2026-09-24T19:48:24.4058108Z [command]/usr/bin/git version
2026-09-24T19:48:24.4117114Z git version 2.55.0
2026-09-24T19:48:24.4138642Z Temporarily overriding HOME='/home/runner/work/_temp/1cf8c0fc-d291-4999-9b0b-e81b82309b95' before making global git config changes
2026-09-24T19:48:24.4139309Z Adding repository directory to the temporary git global config as a safe directory
2026-09-24T19:48:24.4141364Z [command]/usr/bin/git config --global --add safe.directory /home/runner/work/c-crussty/c-crussty
2026-09-24T19:48:24.4171776Z [command]/usr/bin/git config --local --name-only --get-regexp core\.sshCommand
2026-09-24T19:48:24.4201127Z [command]/usr/bin/git submodule foreach --recursive sh -c "git config --local --name-only --get-regexp 'core\.sshCommand' && git config --local --unset-all 'core.sshCommand' || :"
2026-09-24T19:48:24.4402065Z [command]/usr/bin/git config --local --name-only --get-regexp http\.https\:\/\/github\.com\/\.extraheader
2026-09-24T19:48:24.4425885Z http.https://github.com/.extraheader
2026-09-24T19:48:24.4434038Z [command]/usr/bin/git config --local --unset-all http.https://github.com/.extraheader
2026-09-24T19:48:24.4467831Z [command]/usr/bin/git submodule foreach --recursive sh -c "git config --local --name-only --get-regexp 'http\.https\:\/\/github\.com\/\.extraheader' && git config --local --unset-all 'http.https://github.com/.extraheader' || :"
2026-09-24T19:48:24.4655744Z [command]/usr/bin/git config --local --name-only --get-regexp ^includeIf\.gitdir:
2026-09-24T19:48:24.4685036Z [command]/usr/bin/git submodule foreach --recursive git config --local --show-origin --name-only --get-regexp remote.origin.url
2026-09-24T19:48:24.4971146Z Cleaning up orphan processes
2026-09-24T19:48:24.5161560Z ##[warning]Node.js 20 is deprecated. The following actions target Node.js 20 but are being forced to run on Node.js 24: actions/checkout@v4, actions/upload-artifact@v4. For more information see: https://github.blog/changelog/2025-09-19-deprecation-of-node-20-on-github-actions-runners/
