[0.003s][info][gc] Using G1
[0.328s][info][gc] GC(0) Pause Young (Concurrent Start) (G1 Humongous Allocation) 242M->3M(513M) 7.653ms
[0.328s][info][gc] GC(1) Concurrent Undo Cycle
[0.330s][info][gc] GC(1) Concurrent Undo Cycle 1.707ms
[0.436s][info][gc] GC(2) Pause Young (Normal) (G1 Evacuation Pause) 215M->2M(513M) 3.270ms
[1.737s][info][gc] GC(3) Pause Young (Concurrent Start) (Metadata GC Threshold) 312M->15M(513M) 10.788ms
[1.737s][info][gc] GC(4) Concurrent Mark Cycle
[1.757s][info][gc] GC(4) Pause Remark 16M->16M(512M) 7.871ms
[1.757s][info][gc] GC(4) Pause Cleanup 16M->16M(512M) 0.095ms
[1.759s][info][gc] GC(4) Concurrent Mark Cycle 21.367ms
[2.159s][info][gc] GC(5) Pause Young (Prepare Mixed) (G1 Evacuation Pause) 66M->31M(512M) 21.589ms
[2.198s][info][gc] GC(6) Pause Young (Mixed) (G1 Evacuation Pause) 48M->40M(512M) 16.987ms
[2.267s][info][gc] GC(7) Pause Young (Normal) (G1 Evacuation Pause) 67M->53M(512M) 12.896ms
[2.330s][info][gc] GC(8) Pause Young (Normal) (G1 Evacuation Pause) 83M->69M(916M) 39.623ms
[2.401s][info][gc] GC(9) Pause Young (Normal) (G1 Evacuation Pause) 115M->92M(916M) 16.915ms
[2.557s][info][gc] GC(10) Pause Young (Normal) (G1 Evacuation Pause) 131M->112M(916M) 23.264ms
[2.701s][info][gc] GC(11) Pause Young (Normal) (G1 Evacuation Pause) 151M->133M(916M) 31.154ms
[3.072s][info][gc] GC(12) Pause Young (Normal) (G1 Evacuation Pause) 172M->153M(1326M) 28.452ms
[3.286s][info][gc] GC(13) Pause Young (Concurrent Start) (Metadata GC Threshold) 167M->155M(1326M) 8.606ms
[3.286s][info][gc] GC(14) Concurrent Mark Cycle
[3.567s][info][gc] GC(14) Pause Remark 165M->161M(544M) 6.307ms
[3.669s][info][gc] GC(14) Pause Cleanup 166M->166M(544M) 0.225ms
[3.671s][info][gc] GC(14) Concurrent Mark Cycle 384.903ms
[4.360s][info][gc] GC(15) Pause Young (Prepare Mixed) (G1 Evacuation Pause) 275M->164M(544M) 22.692ms
[6.342s][info][gc] GC(16) Pause Young (Mixed) (G1 Evacuation Pause) 454M->214M(544M) 83.341ms
[6.528s][info][gc] GC(17) Pause Young (Normal) (G1 Evacuation Pause) 338M->256M(544M) 79.970ms
[6.636s][info][gc] GC(18) Pause Young (Concurrent Start) (Metadata GC Threshold) 278M->264M(544M) 38.847ms
[6.636s][info][gc] GC(19) Concurrent Mark Cycle
[6.891s][info][gc] GC(19) Pause Remark 265M->239M(544M) 11.248ms
[7.036s][info][gc] GC(19) Pause Cleanup 240M->240M(544M) 0.230ms
[7.037s][info][gc] GC(19) Concurrent Mark Cycle 401.028ms
[9.070s][info][gc] GC(20) Pause Young (Prepare Mixed) (G1 Evacuation Pause) 402M->265M(544M) 34.073ms
[9.982s][info][gc] GC(21) Pause Young (Mixed) (G1 Evacuation Pause) 431M->241M(544M) 34.899ms
[10.872s][info][gc] GC(22) Pause Young (Mixed) (G1 Evacuation Pause) 433M->245M(544M) 24.062ms
[11.186s][info][gc] GC(23) Pause Young (Concurrent Start) (G1 Humongous Allocation) 354M->248M(544M) 21.227ms
[11.186s][info][gc] GC(24) Concurrent Mark Cycle
[11.739s][info][gc] GC(24) Pause Remark 320M->320M(544M) 14.575ms
[11.974s][info][gc] GC(24) Pause Cleanup 327M->327M(544M) 0.322ms
[11.981s][info][gc] GC(24) Concurrent Mark Cycle 795.247ms
[12.643s][info][gc] GC(25) Pause Young (Prepare Mixed) (G1 Evacuation Pause) 467M->308M(544M) 97.565ms
[13.691s][info][gc] GC(26) Pause Young (Mixed) (G1 Evacuation Pause) 465M->325M(544M) 61.442ms
[14.264s][info][gc] GC(27) Pause Young (Concurrent Start) (G1 Evacuation Pause) 462M->330M(870M) 34.003ms
[14.264s][info][gc] GC(28) Concurrent Mark Cycle
[14.948s][info][gc] GC(28) Pause Remark 387M->386M(870M) 16.476ms
[15.263s][info][gc] GC(28) Pause Cleanup 397M->397M(870M) 0.369ms
[15.266s][info][gc] GC(28) Concurrent Mark Cycle 1001.680ms
[30.551s][info][gc] GC(29) Pause Young (Prepare Mixed) (G1 Evacuation Pause) 708M->351M(870M) 57.901ms
[33.248s][info][gc] GC(30) Pause Young (Mixed) (G1 Evacuation Pause) 745M->366M(870M) 70.701ms
[37.467s][info][gc] GC(31) Pause Young (Concurrent Start) (G1 Evacuation Pause) 756M->379M(870M) 77.154ms
[37.468s][info][gc] GC(32) Concurrent Mark Cycle
[38.271s][info][gc] GC(32) Pause Remark 432M->393M(870M) 24.150ms
[38.678s][info][gc] GC(32) Pause Cleanup 442M->442M(870M) 0.437ms
[38.682s][info][gc] GC(32) Concurrent Mark Cycle 1214.450ms
[41.092s][info][gc] GC(33) Pause Young (Prepare Mixed) (G1 Evacuation Pause) 734M->356M(870M) 39.835ms
[44.657s][info][gc] GC(34) Pause Young (Mixed) (G1 Evacuation Pause) 782M->340M(870M) 65.598ms
[54.993s][info][gc] GC(35) Pause Young (Concurrent Start) (G1 Evacuation Pause) 775M->353M(870M) 35.571ms
[54.994s][info][gc] GC(36) Concurrent Mark Cycle
[55.943s][info][gc] GC(36) Pause Remark 764M->764M(1275M) 69.537ms
[56.000s][info][gc] GC(37) Pause Young (Normal) (G1 Evacuation Pause) 773M->353M(1275M) 24.293ms
[56.431s][info][gc] GC(36) Pause Cleanup 477M->477M(1275M) 0.446ms
[56.440s][info][gc] GC(36) Concurrent Mark Cycle 1446.618ms
