[2026-09-22T07:39:45.604+0000][0.011s][info][gc,init] CardTable entry size: 512
[2026-09-22T07:39:45.605+0000][0.011s][info][gc     ] Using Parallel
[2026-09-22T07:39:45.614+0000][0.020s][info][gc,init] Version: 21.0.12.1+1-LTS (release)
[2026-09-22T07:39:45.614+0000][0.020s][info][gc,init] CPUs: 4 total, 4 available
[2026-09-22T07:39:45.614+0000][0.020s][info][gc,init] Memory: 15989M
[2026-09-22T07:39:45.614+0000][0.020s][info][gc,init] Large Page Support: Disabled
[2026-09-22T07:39:45.614+0000][0.020s][info][gc,init] NUMA Support: Disabled
[2026-09-22T07:39:45.614+0000][0.020s][info][gc,init] Compressed Oops: Enabled (Zero based)
[2026-09-22T07:39:45.614+0000][0.020s][info][gc,init] Alignments: Space 512K, Generation 512K, Heap 2M
[2026-09-22T07:39:45.614+0000][0.020s][info][gc,init] Heap Min Capacity: 4G
[2026-09-22T07:39:45.614+0000][0.020s][info][gc,init] Heap Initial Capacity: 4G
[2026-09-22T07:39:45.614+0000][0.020s][info][gc,init] Heap Max Capacity: 10G
[2026-09-22T07:39:45.614+0000][0.020s][info][gc,init] Pre-touch: Disabled
[2026-09-22T07:39:45.614+0000][0.020s][info][gc,init] Parallel Workers: 4
[2026-09-22T07:39:45.621+0000][0.028s][info][gc,metaspace] CDS archive(s) mapped at: [0x00007f48cf000000-0x00007f48cfc9c000-0x00007f48cfc9c000), size 13221888, SharedBaseAddress: 0x00007f48cf000000, ArchiveRelocationMode: 1.
[2026-09-22T07:39:45.621+0000][0.028s][info][gc,metaspace] Compressed class space mapped at: 0x00007f48d0000000-0x00007f4910000000, reserved size: 1073741824
[2026-09-22T07:39:45.621+0000][0.028s][info][gc,metaspace] Narrow klass base: 0x00007f48cf000000, Narrow klass shift: 0, Narrow klass range: 0x100000000
[2026-09-22T07:39:47.958+0000][2.365s][info][gc,start    ] GC(0) Pause Young (Metadata GC Threshold)
[2026-09-22T07:39:47.965+0000][2.371s][info][gc,heap     ] GC(0) PSYoungGen: 919414K(1223168K)->12736K(1223168K) Eden: 919414K(1048576K)->0K(1048576K) From: 0K(174592K)->12736K(174592K)
[2026-09-22T07:39:47.965+0000][2.372s][info][gc,heap     ] GC(0) ParOldGen: 1073K(2796544K)->1145K(2796544K)
[2026-09-22T07:39:47.965+0000][2.372s][info][gc,metaspace] GC(0) Metaspace: 21081K(21504K)->21081K(21504K) NonClass: 18707K(18944K)->18707K(18944K) Class: 2374K(2560K)->2374K(2560K)
[2026-09-22T07:39:47.965+0000][2.372s][info][gc          ] GC(0) Pause Young (Metadata GC Threshold) 898M->13M(3925M) 6.307ms
[2026-09-22T07:39:47.965+0000][2.372s][info][gc,cpu      ] GC(0) User=0.01s Sys=0.01s Real=0.00s
[2026-09-22T07:39:47.965+0000][2.372s][info][gc,start    ] GC(1) Pause Full (Metadata GC Threshold)
[2026-09-22T07:39:47.965+0000][2.372s][info][gc,phases,start] GC(1) Marking Phase
[2026-09-22T07:39:47.972+0000][2.379s][info][gc,phases      ] GC(1) Marking Phase 7.570ms
[2026-09-22T07:39:47.972+0000][2.379s][info][gc,phases,start] GC(1) Summary Phase
[2026-09-22T07:39:47.972+0000][2.379s][info][gc,phases      ] GC(1) Summary Phase 0.009ms
[2026-09-22T07:39:47.972+0000][2.379s][info][gc,phases,start] GC(1) Adjust Roots
[2026-09-22T07:39:47.975+0000][2.382s][info][gc,phases      ] GC(1) Adjust Roots 2.795ms
[2026-09-22T07:39:47.975+0000][2.382s][info][gc,phases,start] GC(1) Compaction Phase
[2026-09-22T07:39:47.982+0000][2.389s][info][gc,phases      ] GC(1) Compaction Phase 7.026ms
[2026-09-22T07:39:47.982+0000][2.389s][info][gc,phases,start] GC(1) Post Compact
[2026-09-22T07:39:47.984+0000][2.390s][info][gc,phases      ] GC(1) Post Compact 1.253ms
[2026-09-22T07:39:47.984+0000][2.390s][info][gc,heap        ] GC(1) PSYoungGen: 12736K(1223168K)->0K(1223168K) Eden: 0K(1048576K)->0K(1048576K) From: 12736K(174592K)->0K(174592K)
[2026-09-22T07:39:47.984+0000][2.390s][info][gc,heap        ] GC(1) ParOldGen: 1145K(2796544K)->13577K(2796544K)
[2026-09-22T07:39:47.984+0000][2.390s][info][gc,metaspace   ] GC(1) Metaspace: 21081K(21504K)->21081K(21504K) NonClass: 18707K(18944K)->18707K(18944K) Class: 2374K(2560K)->2374K(2560K)
[2026-09-22T07:39:47.984+0000][2.390s][info][gc             ] GC(1) Pause Full (Metadata GC Threshold) 13M->13M(3925M) 18.783ms
[2026-09-22T07:39:47.984+0000][2.390s][info][gc,cpu         ] GC(1) User=0.05s Sys=0.00s Real=0.02s
[2026-09-22T07:39:49.211+0000][3.618s][info][gc,start       ] GC(2) Pause Young (Metadata GC Threshold)
[2026-09-22T07:39:49.233+0000][3.640s][info][gc,heap        ] GC(2) PSYoungGen: 442117K(1223168K)->51033K(1223168K) Eden: 442117K(1048576K)->0K(1048576K) From: 0K(174592K)->51033K(174592K)
[2026-09-22T07:39:49.233+0000][3.640s][info][gc,heap        ] GC(2) ParOldGen: 13577K(2796544K)->13585K(2796544K)
[2026-09-22T07:39:49.233+0000][3.640s][info][gc,metaspace   ] GC(2) Metaspace: 35377K(35840K)->35377K(35840K) NonClass: 31274K(31552K)->31274K(31552K) Class: 4103K(4288K)->4103K(4288K)
[2026-09-22T07:39:49.233+0000][3.640s][info][gc             ] GC(2) Pause Young (Metadata GC Threshold) 445M->63M(3925M) 22.379ms
[2026-09-22T07:39:49.233+0000][3.640s][info][gc,cpu         ] GC(2) User=0.05s Sys=0.04s Real=0.02s
[2026-09-22T07:39:49.233+0000][3.640s][info][gc,start       ] GC(3) Pause Full (Metadata GC Threshold)
[2026-09-22T07:39:49.233+0000][3.640s][info][gc,phases,start] GC(3) Marking Phase
[2026-09-22T07:39:49.255+0000][3.661s][info][gc,phases      ] GC(3) Marking Phase 21.275ms
[2026-09-22T07:39:49.255+0000][3.661s][info][gc,phases,start] GC(3) Summary Phase
[2026-09-22T07:39:49.255+0000][3.661s][info][gc,phases      ] GC(3) Summary Phase 0.017ms
[2026-09-22T07:39:49.255+0000][3.661s][info][gc,phases,start] GC(3) Adjust Roots
[2026-09-22T07:39:49.258+0000][3.664s][info][gc,phases      ] GC(3) Adjust Roots 3.047ms
[2026-09-22T07:39:49.258+0000][3.664s][info][gc,phases,start] GC(3) Compaction Phase
[2026-09-22T07:39:49.296+0000][3.702s][info][gc,phases      ] GC(3) Compaction Phase 37.969ms
[2026-09-22T07:39:49.296+0000][3.702s][info][gc,phases,start] GC(3) Post Compact
[2026-09-22T07:39:49.297+0000][3.703s][info][gc,phases      ] GC(3) Post Compact 0.940ms
[2026-09-22T07:39:49.297+0000][3.703s][info][gc,heap        ] GC(3) PSYoungGen: 51033K(1223168K)->0K(1223168K) Eden: 0K(1048576K)->0K(1048576K) From: 51033K(174592K)->0K(174592K)
[2026-09-22T07:39:49.297+0000][3.703s][info][gc,heap        ] GC(3) ParOldGen: 13585K(2796544K)->64242K(2796544K)
[2026-09-22T07:39:49.297+0000][3.703s][info][gc,metaspace   ] GC(3) Metaspace: 35377K(35840K)->35377K(35840K) NonClass: 31274K(31552K)->31274K(31552K) Class: 4103K(4288K)->4103K(4288K)
[2026-09-22T07:39:49.297+0000][3.703s][info][gc             ] GC(3) Pause Full (Metadata GC Threshold) 63M->62M(3925M) 63.396ms
[2026-09-22T07:39:49.297+0000][3.703s][info][gc,cpu         ] GC(3) User=0.21s Sys=0.01s Real=0.06s
[2026-09-22T07:39:51.158+0000][5.565s][info][gc,start       ] GC(4) Pause Young (Metadata GC Threshold)
[2026-09-22T07:39:51.181+0000][5.588s][info][gc,heap        ] GC(4) PSYoungGen: 383767K(1223168K)->42904K(1223168K) Eden: 383767K(1048576K)->0K(1048576K) From: 0K(174592K)->42904K(174592K)
[2026-09-22T07:39:51.181+0000][5.588s][info][gc,heap        ] GC(4) ParOldGen: 64242K(2796544K)->64250K(2796544K)
[2026-09-22T07:39:51.181+0000][5.588s][info][gc,metaspace   ] GC(4) Metaspace: 59172K(59776K)->59172K(59776K) NonClass: 50559K(50880K)->50559K(50880K) Class: 8612K(8896K)->8612K(8896K)
[2026-09-22T07:39:51.181+0000][5.588s][info][gc             ] GC(4) Pause Young (Metadata GC Threshold) 437M->104M(3925M) 23.081ms
[2026-09-22T07:39:51.181+0000][5.588s][info][gc,cpu         ] GC(4) User=0.09s Sys=0.00s Real=0.02s
[2026-09-22T07:39:51.181+0000][5.588s][info][gc,start       ] GC(5) Pause Full (Metadata GC Threshold)
[2026-09-22T07:39:51.181+0000][5.588s][info][gc,phases,start] GC(5) Marking Phase
[2026-09-22T07:39:51.221+0000][5.628s][info][gc,phases      ] GC(5) Marking Phase 39.886ms
[2026-09-22T07:39:51.221+0000][5.628s][info][gc,phases,start] GC(5) Summary Phase
[2026-09-22T07:39:51.221+0000][5.628s][info][gc,phases      ] GC(5) Summary Phase 0.007ms
[2026-09-22T07:39:51.221+0000][5.628s][info][gc,phases,start] GC(5) Adjust Roots
[2026-09-22T07:39:51.228+0000][5.635s][info][gc,phases      ] GC(5) Adjust Roots 6.433ms
[2026-09-22T07:39:51.228+0000][5.635s][info][gc,phases,start] GC(5) Compaction Phase
[2026-09-22T07:39:51.297+0000][5.704s][info][gc,phases      ] GC(5) Compaction Phase 69.393ms
[2026-09-22T07:39:51.297+0000][5.704s][info][gc,phases,start] GC(5) Post Compact
[2026-09-22T07:39:51.298+0000][5.705s][info][gc,phases      ] GC(5) Post Compact 1.108ms
[2026-09-22T07:39:51.298+0000][5.705s][info][gc,heap        ] GC(5) PSYoungGen: 42904K(1223168K)->0K(1223168K) Eden: 0K(1048576K)->0K(1048576K) From: 42904K(174592K)->0K(174592K)
[2026-09-22T07:39:51.298+0000][5.705s][info][gc,heap        ] GC(5) ParOldGen: 64250K(2796544K)->103017K(2796544K)
[2026-09-22T07:39:51.298+0000][5.705s][info][gc,metaspace   ] GC(5) Metaspace: 59172K(59776K)->59172K(59776K) NonClass: 50559K(50880K)->50559K(50880K) Class: 8612K(8896K)->8612K(8896K)
[2026-09-22T07:39:51.298+0000][5.705s][info][gc             ] GC(5) Pause Full (Metadata GC Threshold) 104M->100M(3925M) 116.976ms
[2026-09-22T07:39:51.298+0000][5.705s][info][gc,cpu         ] GC(5) User=0.42s Sys=0.01s Real=0.12s
[2026-09-22T07:39:54.555+0000][8.962s][info][gc,start       ] GC(6) Pause Young (Metadata GC Threshold)
[2026-09-22T07:39:54.654+0000][9.061s][info][gc,heap        ] GC(6) PSYoungGen: 751076K(1223168K)->174580K(1223168K) Eden: 751076K(1048576K)->0K(1048576K) From: 0K(174592K)->174580K(174592K)
[2026-09-22T07:39:54.654+0000][9.061s][info][gc,heap        ] GC(6) ParOldGen: 103017K(2796544K)->105449K(2796544K)
[2026-09-22T07:39:54.654+0000][9.061s][info][gc,metaspace   ] GC(6) Metaspace: 98786K(99648K)->98786K(99648K) NonClass: 84825K(85312K)->84825K(85312K) Class: 13961K(14336K)->13961K(14336K)
[2026-09-22T07:39:54.654+0000][9.061s][info][gc             ] GC(6) Pause Young (Metadata GC Threshold) 834M->273M(3925M) 98.834ms
[2026-09-22T07:39:54.654+0000][9.061s][info][gc,cpu         ] GC(6) User=0.36s Sys=0.03s Real=0.10s
[2026-09-22T07:39:54.654+0000][9.061s][info][gc,start       ] GC(7) Pause Full (Metadata GC Threshold)
[2026-09-22T07:39:54.654+0000][9.061s][info][gc,phases,start] GC(7) Marking Phase
[2026-09-22T07:39:54.765+0000][9.172s][info][gc,phases      ] GC(7) Marking Phase 111.410ms
[2026-09-22T07:39:54.765+0000][9.172s][info][gc,phases,start] GC(7) Summary Phase
[2026-09-22T07:39:54.765+0000][9.172s][info][gc,phases      ] GC(7) Summary Phase 0.026ms
[2026-09-22T07:39:54.765+0000][9.172s][info][gc,phases,start] GC(7) Adjust Roots
[2026-09-22T07:39:54.775+0000][9.182s][info][gc,phases      ] GC(7) Adjust Roots 9.783ms
[2026-09-22T07:39:54.775+0000][9.182s][info][gc,phases,start] GC(7) Compaction Phase
[2026-09-22T07:39:55.050+0000][9.457s][info][gc,phases      ] GC(7) Compaction Phase 275.062ms
[2026-09-22T07:39:55.050+0000][9.457s][info][gc,phases,start] GC(7) Post Compact
[2026-09-22T07:39:55.052+0000][9.459s][info][gc,phases      ] GC(7) Post Compact 1.739ms
[2026-09-22T07:39:55.052+0000][9.459s][info][gc,heap        ] GC(7) PSYoungGen: 174580K(1223168K)->0K(1223168K) Eden: 0K(1048576K)->0K(1048576K) From: 174580K(174592K)->0K(174592K)
[2026-09-22T07:39:55.052+0000][9.459s][info][gc,heap        ] GC(7) ParOldGen: 105449K(2796544K)->278459K(2796544K)
[2026-09-22T07:39:55.052+0000][9.459s][info][gc,metaspace   ] GC(7) Metaspace: 98786K(99648K)->98786K(99648K) NonClass: 84825K(85312K)->84825K(85312K) Class: 13961K(14336K)->13961K(14336K)
[2026-09-22T07:39:55.052+0000][9.459s][info][gc             ] GC(7) Pause Full (Metadata GC Threshold) 273M->271M(3925M) 398.182ms
[2026-09-22T07:39:55.052+0000][9.459s][info][gc,cpu         ] GC(7) User=1.48s Sys=0.01s Real=0.40s
[2026-09-22T07:39:58.553+0000][12.959s][info][gc,start       ] GC(8) Pause Young (Allocation Failure)
[2026-09-22T07:39:58.582+0000][12.989s][info][gc,heap        ] GC(8) PSYoungGen: 1048576K(1223168K)->45031K(1223168K) Eden: 1048576K(1048576K)->0K(1048576K) From: 0K(174592K)->45031K(174592K)
[2026-09-22T07:39:58.582+0000][12.989s][info][gc,heap        ] GC(8) ParOldGen: 278459K(2796544K)->278475K(2796544K)
[2026-09-22T07:39:58.582+0000][12.989s][info][gc,metaspace   ] GC(8) Metaspace: 119844K(120896K)->119844K(120896K) NonClass: 102604K(103232K)->102604K(103232K) Class: 17239K(17664K)->17239K(17664K)
[2026-09-22T07:39:58.582+0000][12.989s][info][gc             ] GC(8) Pause Young (Allocation Failure) 1295M->315M(3925M) 29.157ms
[2026-09-22T07:39:58.582+0000][12.989s][info][gc,cpu         ] GC(8) User=0.11s Sys=0.00s Real=0.03s
[2026-09-22T07:40:05.414+0000][19.820s][info][gc,start       ] GC(9) Pause Young (Allocation Failure)
[2026-09-22T07:40:05.478+0000][19.885s][info][gc,heap        ] GC(9) PSYoungGen: 1093607K(1223168K)->126672K(2235904K) Eden: 1048576K(1048576K)->0K(2077696K) From: 45031K(174592K)->126672K(158208K)
[2026-09-22T07:40:05.478+0000][19.885s][info][gc,heap        ] GC(9) ParOldGen: 278475K(2796544K)->278491K(2796544K)
[2026-09-22T07:40:05.478+0000][19.885s][info][gc,metaspace   ] GC(9) Metaspace: 149972K(151232K)->149972K(151232K) NonClass: 125561K(126272K)->125561K(126272K) Class: 24411K(24960K)->24411K(24960K)
[2026-09-22T07:40:05.478+0000][19.885s][info][gc             ] GC(9) Pause Young (Allocation Failure) 1339M->395M(4914M) 64.694ms
[2026-09-22T07:40:05.478+0000][19.885s][info][gc,cpu         ] GC(9) User=0.23s Sys=0.02s Real=0.07s
[2026-09-22T07:40:06.376+0000][20.782s][info][gc,start       ] GC(10) Pause Young (CodeCache GC Threshold)
[2026-09-22T07:40:06.432+0000][20.839s][info][gc,heap        ] GC(10) PSYoungGen: 448746K(2235904K)->149874K(2255360K) Eden: 322074K(2077696K)->0K(2077696K) From: 126672K(158208K)->149874K(177664K)
[2026-09-22T07:40:06.432+0000][20.839s][info][gc,heap        ] GC(10) ParOldGen: 278491K(2796544K)->278531K(2796544K)
[2026-09-22T07:40:06.432+0000][20.839s][info][gc,metaspace   ] GC(10) Metaspace: 150694K(151936K)->150694K(151936K) NonClass: 126195K(126912K)->126195K(126912K) Class: 24499K(25024K)->24499K(25024K)
[2026-09-22T07:40:06.432+0000][20.839s][info][gc             ] GC(10) Pause Young (CodeCache GC Threshold) 710M->418M(4933M) 56.529ms
[2026-09-22T07:40:06.432+0000][20.839s][info][gc,cpu         ] GC(10) User=0.19s Sys=0.03s Real=0.06s
[2026-09-22T07:40:06.432+0000][20.839s][info][gc,start       ] GC(11) Pause Full (CodeCache GC Threshold)
[2026-09-22T07:40:06.432+0000][20.839s][info][gc,phases,start] GC(11) Marking Phase
[2026-09-22T07:40:06.604+0000][21.011s][info][gc,phases      ] GC(11) Marking Phase 171.861ms
[2026-09-22T07:40:06.604+0000][21.011s][info][gc,phases,start] GC(11) Summary Phase
[2026-09-22T07:40:06.604+0000][21.011s][info][gc,phases      ] GC(11) Summary Phase 0.025ms
[2026-09-22T07:40:06.604+0000][21.011s][info][gc,phases,start] GC(11) Adjust Roots
[2026-09-22T07:40:06.625+0000][21.032s][info][gc,phases      ] GC(11) Adjust Roots 21.039ms
[2026-09-22T07:40:06.625+0000][21.032s][info][gc,phases,start] GC(11) Compaction Phase
[2026-09-22T07:40:06.960+0000][21.366s][info][gc,phases      ] GC(11) Compaction Phase 334.396ms
[2026-09-22T07:40:06.960+0000][21.366s][info][gc,phases,start] GC(11) Post Compact
[2026-09-22T07:40:06.966+0000][21.372s][info][gc,phases      ] GC(11) Post Compact 6.121ms
[2026-09-22T07:40:06.966+0000][21.372s][info][gc,heap        ] GC(11) PSYoungGen: 149874K(2255360K)->0K(2255360K) Eden: 0K(2077696K)->0K(2077696K) From: 149874K(177664K)->0K(177664K)
[2026-09-22T07:40:06.966+0000][21.372s][info][gc,heap        ] GC(11) ParOldGen: 278531K(2796544K)->388699K(2796544K)
[2026-09-22T07:40:06.966+0000][21.372s][info][gc,metaspace   ] GC(11) Metaspace: 150694K(151936K)->150629K(151936K) NonClass: 126195K(126912K)->126146K(126912K) Class: 24499K(25024K)->24483K(25024K)
[2026-09-22T07:40:06.966+0000][21.373s][info][gc             ] GC(11) Pause Full (CodeCache GC Threshold) 418M->379M(4933M) 533.614ms
[2026-09-22T07:40:06.966+0000][21.373s][info][gc,cpu         ] GC(11) User=1.92s Sys=0.01s Real=0.53s
[2026-09-22T07:40:11.323+0000][25.730s][info][gc,start       ] GC(12) Pause Young (Allocation Failure)
[2026-09-22T07:40:11.415+0000][25.822s][info][gc,heap        ] GC(12) PSYoungGen: 2077696K(2255360K)->200687K(2227200K) Eden: 2077696K(2077696K)->0K(2026496K) From: 0K(177664K)->200687K(200704K)
[2026-09-22T07:40:11.415+0000][25.822s][info][gc,heap        ] GC(12) ParOldGen: 388699K(2796544K)->467275K(2796544K)
[2026-09-22T07:40:11.415+0000][25.822s][info][gc,metaspace   ] GC(12) Metaspace: 152751K(154048K)->152751K(154048K) NonClass: 127948K(128704K)->127948K(128704K) Class: 24803K(25344K)->24803K(25344K)
[2026-09-22T07:40:11.415+0000][25.822s][info][gc             ] GC(12) Pause Young (Allocation Failure) 2408M->652M(4906M) 91.621ms
[2026-09-22T07:40:11.415+0000][25.822s][info][gc,cpu         ] GC(12) User=0.27s Sys=0.09s Real=0.09s
[2026-09-22T07:40:15.744+0000][30.151s][info][gc,start       ] GC(13) Pause Young (Allocation Failure)
[2026-09-22T07:40:15.826+0000][30.233s][info][gc,heap        ] GC(13) PSYoungGen: 2227183K(2227200K)->271340K(2297856K) Eden: 2026496K(2026496K)->0K(2026496K) From: 200687K(200704K)->271340K(271360K)
[2026-09-22T07:40:15.826+0000][30.233s][info][gc,heap        ] GC(13) ParOldGen: 467275K(2796544K)->547095K(2796544K)
[2026-09-22T07:40:15.826+0000][30.233s][info][gc,metaspace   ] GC(13) Metaspace: 153434K(154880K)->153434K(154880K) NonClass: 128521K(129344K)->128521K(129344K) Class: 24913K(25536K)->24913K(25536K)
[2026-09-22T07:40:15.826+0000][30.233s][info][gc             ] GC(13) Pause Young (Allocation Failure) 2631M->799M(4975M) 81.413ms
[2026-09-22T07:40:15.826+0000][30.233s][info][gc,cpu         ] GC(13) User=0.28s Sys=0.04s Real=0.08s
[2026-09-22T07:40:19.464+0000][33.871s][info][gc,start       ] GC(14) Pause Young (Allocation Failure)
[2026-09-22T07:40:19.565+0000][33.972s][info][gc,heap        ] GC(14) PSYoungGen: 2297836K(2297856K)->257652K(3096576K) Eden: 2026496K(2026496K)->0K(2745344K) From: 271340K(271360K)->257652K(351232K)
[2026-09-22T07:40:19.565+0000][33.972s][info][gc,heap        ] GC(14) ParOldGen: 547095K(2796544K)->704860K(2796544K)
[2026-09-22T07:40:19.565+0000][33.972s][info][gc,metaspace   ] GC(14) Metaspace: 154105K(155584K)->154105K(155584K) NonClass: 129114K(129984K)->129114K(129984K) Class: 24990K(25600K)->24990K(25600K)
[2026-09-22T07:40:19.565+0000][33.972s][info][gc             ] GC(14) Pause Young (Allocation Failure) 2778M->939M(5755M) 101.083ms
[2026-09-22T07:40:19.565+0000][33.972s][info][gc,cpu         ] GC(14) User=0.33s Sys=0.07s Real=0.10s
[2026-09-22T07:40:24.453+0000][38.860s][info][gc,start       ] GC(15) Pause Young (Allocation Failure)
[2026-09-22T07:40:24.578+0000][38.985s][info][gc,heap        ] GC(15) PSYoungGen: 3002996K(3096576K)->161169K(3120128K) Eden: 2745344K(2745344K)->0K(2745344K) From: 257652K(351232K)->161169K(374784K)
[2026-09-22T07:40:24.578+0000][38.985s][info][gc,heap        ] GC(15) ParOldGen: 704860K(2796544K)->978185K(2796544K)
[2026-09-22T07:40:24.578+0000][38.985s][info][gc,metaspace   ] GC(15) Metaspace: 154705K(156160K)->154705K(156160K) NonClass: 129654K(130496K)->129654K(130496K) Class: 25051K(25664K)->25051K(25664K)
[2026-09-22T07:40:24.578+0000][38.985s][info][gc             ] GC(15) Pause Young (Allocation Failure) 3620M->1112M(5778M) 124.653ms
[2026-09-22T07:40:24.578+0000][38.985s][info][gc,cpu         ] GC(15) User=0.36s Sys=0.13s Real=0.13s
[2026-09-22T07:40:29.470+0000][43.877s][info][gc,start       ] GC(16) Pause Young (Allocation Failure)
[2026-09-22T07:40:29.556+0000][43.963s][info][gc,heap        ] GC(16) PSYoungGen: 2906513K(3120128K)->195861K(3108352K) Eden: 2745344K(2745344K)->0K(2763264K) From: 161169K(374784K)->195861K(345088K)
[2026-09-22T07:40:29.556+0000][43.963s][info][gc,heap        ] GC(16) ParOldGen: 978185K(2796544K)->1149076K(2796544K)
[2026-09-22T07:40:29.556+0000][43.963s][info][gc,metaspace   ] GC(16) Metaspace: 154959K(156416K)->154959K(156416K) NonClass: 129889K(130752K)->129889K(130752K) Class: 25069K(25664K)->25069K(25664K)
[2026-09-22T07:40:29.556+0000][43.963s][info][gc             ] GC(16) Pause Young (Allocation Failure) 3793M->1313M(5766M) 85.557ms
[2026-09-22T07:40:29.556+0000][43.963s][info][gc,cpu         ] GC(16) User=0.28s Sys=0.06s Real=0.08s
[2026-09-22T07:40:34.752+0000][49.159s][info][gc,start       ] GC(17) Pause Young (CodeCache GC Threshold)
[2026-09-22T07:40:34.875+0000][49.282s][info][gc,heap        ] GC(17) PSYoungGen: 2659852K(3108352K)->196907K(2960384K) Eden: 2463990K(2763264K)->0K(2763264K) From: 195861K(345088K)->196907K(197120K)
[2026-09-22T07:40:34.875+0000][49.282s][info][gc,heap        ] GC(17) ParOldGen: 1149076K(2796544K)->1356571K(2796544K)
[2026-09-22T07:40:34.875+0000][49.282s][info][gc,metaspace   ] GC(17) Metaspace: 161161K(162688K)->161161K(162688K) NonClass: 135105K(136000K)->135105K(136000K) Class: 26056K(26688K)->26056K(26688K)
[2026-09-22T07:40:34.875+0000][49.282s][info][gc             ] GC(17) Pause Young (CodeCache GC Threshold) 3719M->1517M(5622M) 123.288ms
[2026-09-22T07:40:34.875+0000][49.282s][info][gc,cpu         ] GC(17) User=0.42s Sys=0.07s Real=0.12s
[2026-09-22T07:40:34.875+0000][49.282s][info][gc,start       ] GC(18) Pause Full (CodeCache GC Threshold)
[2026-09-22T07:40:34.875+0000][49.282s][info][gc,phases,start] GC(18) Marking Phase
[2026-09-22T07:40:35.287+0000][49.693s][info][gc,phases      ] GC(18) Marking Phase 411.436ms
[2026-09-22T07:40:35.287+0000][49.693s][info][gc,phases,start] GC(18) Summary Phase
[2026-09-22T07:40:35.287+0000][49.693s][info][gc,phases      ] GC(18) Summary Phase 0.039ms
[2026-09-22T07:40:35.287+0000][49.693s][info][gc,phases,start] GC(18) Adjust Roots
[2026-09-22T07:40:35.309+0000][49.715s][info][gc,phases      ] GC(18) Adjust Roots 21.785ms
[2026-09-22T07:40:35.309+0000][49.715s][info][gc,phases,start] GC(18) Compaction Phase
[2026-09-22T07:40:35.752+0000][50.159s][info][gc,phases      ] GC(18) Compaction Phase 443.904ms
[2026-09-22T07:40:35.753+0000][50.159s][info][gc,phases,start] GC(18) Post Compact
[2026-09-22T07:40:35.761+0000][50.168s][info][gc,phases      ] GC(18) Post Compact 8.621ms
[2026-09-22T07:40:35.761+0000][50.168s][info][gc,heap        ] GC(18) PSYoungGen: 196907K(2960384K)->0K(2960384K) Eden: 0K(2763264K)->0K(2763264K) From: 196907K(197120K)->0K(197120K)
[2026-09-22T07:40:35.761+0000][50.168s][info][gc,heap        ] GC(18) ParOldGen: 1356571K(2796544K)->1344487K(2796544K)
[2026-09-22T07:40:35.761+0000][50.168s][info][gc,metaspace   ] GC(18) Metaspace: 161161K(162688K)->161108K(162688K) NonClass: 135105K(136000K)->135065K(136000K) Class: 26056K(26688K)->26042K(26688K)
[2026-09-22T07:40:35.761+0000][50.168s][info][gc             ] GC(18) Pause Full (CodeCache GC Threshold) 1517M->1312M(5622M) 885.994ms
[2026-09-22T07:40:35.761+0000][50.168s][info][gc,cpu         ] GC(18) User=3.27s Sys=0.00s Real=0.89s
[2026-09-22T07:40:46.572+0000][60.979s][info][gc,start       ] GC(19) Pause Young (CodeCache GC Threshold)
[2026-09-22T07:40:46.671+0000][61.078s][info][gc,heap        ] GC(19) PSYoungGen: 1919444K(2960384K)->262916K(3093504K) Eden: 1919444K(2763264K)->0K(2743808K) From: 0K(197120K)->262916K(349696K)
[2026-09-22T07:40:46.671+0000][61.078s][info][gc,heap        ] GC(19) ParOldGen: 1344487K(2796544K)->1344495K(2796544K)
[2026-09-22T07:40:46.671+0000][61.078s][info][gc,metaspace   ] GC(19) Metaspace: 163803K(165440K)->163803K(165440K) NonClass: 137545K(138496K)->137545K(138496K) Class: 26257K(26944K)->26257K(26944K)
[2026-09-22T07:40:46.671+0000][61.078s][info][gc             ] GC(19) Pause Young (CodeCache GC Threshold) 3187M->1569M(5752M) 99.236ms
[2026-09-22T07:40:46.671+0000][61.078s][info][gc,cpu         ] GC(19) User=0.39s Sys=0.00s Real=0.10s
[2026-09-22T07:40:46.671+0000][61.078s][info][gc,start       ] GC(20) Pause Full (CodeCache GC Threshold)
[2026-09-22T07:40:46.671+0000][61.078s][info][gc,phases,start] GC(20) Marking Phase
[2026-09-22T07:40:47.156+0000][61.563s][info][gc,phases      ] GC(20) Marking Phase 485.282ms
[2026-09-22T07:40:47.157+0000][61.563s][info][gc,phases,start] GC(20) Summary Phase
[2026-09-22T07:40:47.157+0000][61.563s][info][gc,phases      ] GC(20) Summary Phase 0.051ms
[2026-09-22T07:40:47.157+0000][61.563s][info][gc,phases,start] GC(20) Adjust Roots
[2026-09-22T07:40:47.180+0000][61.586s][info][gc,phases      ] GC(20) Adjust Roots 22.992ms
[2026-09-22T07:40:47.180+0000][61.586s][info][gc,phases,start] GC(20) Compaction Phase
[2026-09-22T07:40:47.823+0000][62.230s][info][gc,phases      ] GC(20) Compaction Phase 643.232ms
[2026-09-22T07:40:47.823+0000][62.230s][info][gc,phases,start] GC(20) Post Compact
[2026-09-22T07:40:47.830+0000][62.237s][info][gc,phases      ] GC(20) Post Compact 7.624ms
[2026-09-22T07:40:47.831+0000][62.237s][info][gc,heap        ] GC(20) PSYoungGen: 262916K(3093504K)->0K(3093504K) Eden: 0K(2743808K)->0K(2743808K) From: 262916K(349696K)->0K(349696K)
[2026-09-22T07:40:47.831+0000][62.237s][info][gc,heap        ] GC(20) ParOldGen: 1344495K(2796544K)->1599741K(2796544K)
[2026-09-22T07:40:47.831+0000][62.237s][info][gc,metaspace   ] GC(20) Metaspace: 163803K(165440K)->163762K(165440K) NonClass: 137545K(138496K)->137515K(138496K) Class: 26257K(26944K)->26247K(26944K)
[2026-09-22T07:40:47.831+0000][62.237s][info][gc             ] GC(20) Pause Full (CodeCache GC Threshold) 1569M->1562M(5752M) 1159.391ms
[2026-09-22T07:40:47.831+0000][62.237s][info][gc,cpu         ] GC(20) User=4.27s Sys=0.04s Real=1.16s
[2026-09-22T07:40:55.267+0000][69.674s][info][gc,start       ] GC(21) Pause Young (Allocation Failure)
[2026-09-22T07:40:55.366+0000][69.773s][info][gc,heap        ] GC(21) PSYoungGen: 2743808K(3093504K)->231051K(3112960K) Eden: 2743808K(2743808K)->0K(2743808K) From: 0K(349696K)->231051K(369152K)
[2026-09-22T07:40:55.366+0000][69.773s][info][gc,heap        ] GC(21) ParOldGen: 1599741K(2796544K)->1599741K(2796544K)
[2026-09-22T07:40:55.366+0000][69.773s][info][gc,metaspace   ] GC(21) Metaspace: 163966K(165568K)->163966K(165568K) NonClass: 137685K(138624K)->137685K(138624K) Class: 26281K(26944K)->26281K(26944K)
[2026-09-22T07:40:55.366+0000][69.773s][info][gc             ] GC(21) Pause Young (Allocation Failure) 4241M->1787M(5771M) 99.286ms
[2026-09-22T07:40:55.366+0000][69.773s][info][gc,cpu         ] GC(21) User=0.40s Sys=0.00s Real=0.10s
[2026-09-22T07:41:02.515+0000][76.922s][info][gc,start       ] GC(22) Pause Young (Allocation Failure)
[2026-09-22T07:41:02.681+0000][77.088s][info][gc,heap        ] GC(22) PSYoungGen: 2974859K(3112960K)->184466K(3096064K) Eden: 2743808K(2743808K)->0K(2753536K) From: 231051K(369152K)->184466K(342528K)
[2026-09-22T07:41:02.681+0000][77.088s][info][gc,heap        ] GC(22) ParOldGen: 1599741K(2796544K)->1811580K(2796544K)
[2026-09-22T07:41:02.681+0000][77.088s][info][gc,metaspace   ] GC(22) Metaspace: 164341K(165952K)->164341K(165952K) NonClass: 138024K(138944K)->138024K(138944K) Class: 26316K(27008K)->26316K(27008K)
[2026-09-22T07:41:02.681+0000][77.088s][info][gc             ] GC(22) Pause Young (Allocation Failure) 4467M->1949M(5754M) 166.290ms
[2026-09-22T07:41:02.681+0000][77.088s][info][gc,cpu         ] GC(22) User=0.60s Sys=0.05s Real=0.17s
[2026-09-22T07:41:09.612+0000][84.019s][info][gc,start       ] GC(23) Pause Young (Allocation Failure)
[2026-09-22T07:41:09.764+0000][84.171s][info][gc,heap        ] GC(23) PSYoungGen: 2938002K(3096064K)->160482K(3109376K) Eden: 2753536K(2753536K)->0K(2753536K) From: 184466K(342528K)->160482K(355840K)
[2026-09-22T07:41:09.764+0000][84.171s][info][gc,heap        ] GC(23) ParOldGen: 1811580K(2796544K)->1972433K(2796544K)
[2026-09-22T07:41:09.764+0000][84.171s][info][gc,metaspace   ] GC(23) Metaspace: 164584K(166208K)->164584K(166208K) NonClass: 138251K(139200K)->138251K(139200K) Class: 26333K(27008K)->26333K(27008K)
[2026-09-22T07:41:09.764+0000][84.171s][info][gc             ] GC(23) Pause Young (Allocation Failure) 4638M->2082M(5767M) 152.109ms
[2026-09-22T07:41:09.764+0000][84.171s][info][gc,cpu         ] GC(23) User=0.58s Sys=0.03s Real=0.15s
[2026-09-22T07:41:16.641+0000][91.048s][info][gc,start       ] GC(24) Pause Young (Allocation Failure)
[2026-09-22T07:41:16.795+0000][91.202s][info][gc,heap        ] GC(24) PSYoungGen: 2914018K(3109376K)->151410K(3116544K) Eden: 2753536K(2753536K)->0K(2798592K) From: 160482K(355840K)->151410K(317952K)
[2026-09-22T07:41:16.795+0000][91.202s][info][gc,heap        ] GC(24) ParOldGen: 1972433K(2796544K)->2107084K(2796544K)
[2026-09-22T07:41:16.795+0000][91.202s][info][gc,metaspace   ] GC(24) Metaspace: 164728K(166336K)->164728K(166336K) NonClass: 138389K(139328K)->138389K(139328K) Class: 26338K(27008K)->26338K(27008K)
[2026-09-22T07:41:16.795+0000][91.202s][info][gc             ] GC(24) Pause Young (Allocation Failure) 4771M->2205M(5774M) 153.873ms
[2026-09-22T07:41:16.795+0000][91.202s][info][gc,cpu         ] GC(24) User=0.55s Sys=0.05s Real=0.15s
[2026-09-22T07:41:23.766+0000][98.172s][info][gc,start       ] GC(25) Pause Young (Allocation Failure)
[2026-09-22T07:41:23.916+0000][98.322s][info][gc,heap        ] GC(25) PSYoungGen: 2950002K(3116544K)->153314K(3126784K) Eden: 2798592K(2798592K)->0K(2798592K) From: 151410K(317952K)->153314K(328192K)
[2026-09-22T07:41:23.916+0000][98.322s][info][gc,heap        ] GC(25) ParOldGen: 2107084K(2796544K)->2231915K(2796544K)
[2026-09-22T07:41:23.916+0000][98.322s][info][gc,metaspace   ] GC(25) Metaspace: 164853K(166464K)->164853K(166464K) NonClass: 138506K(139456K)->138506K(139456K) Class: 26347K(27008K)->26347K(27008K)
[2026-09-22T07:41:23.916+0000][98.322s][info][gc             ] GC(25) Pause Young (Allocation Failure) 4938M->2329M(5784M) 149.919ms
[2026-09-22T07:41:23.916+0000][98.322s][info][gc,cpu         ] GC(25) User=0.56s Sys=0.04s Real=0.15s
[2026-09-22T07:41:30.716+0000][105.123s][info][gc,start       ] GC(26) Pause Young (Allocation Failure)
[2026-09-22T07:41:30.862+0000][105.269s][info][gc,heap        ] GC(26) PSYoungGen: 2951906K(3126784K)->132898K(3152896K) Eden: 2798592K(2798592K)->0K(2851328K) From: 153314K(328192K)->132898K(301568K)
[2026-09-22T07:41:30.862+0000][105.269s][info][gc,heap        ] GC(26) ParOldGen: 2231915K(2796544K)->2356289K(2796544K)
[2026-09-22T07:41:30.862+0000][105.269s][info][gc,metaspace   ] GC(26) Metaspace: 165180K(166784K)->165180K(166784K) NonClass: 138788K(139712K)->138788K(139712K) Class: 26392K(27072K)->26392K(27072K)
[2026-09-22T07:41:30.862+0000][105.269s][info][gc             ] GC(26) Pause Young (Allocation Failure) 5062M->2430M(5810M) 146.112ms
[2026-09-22T07:41:30.862+0000][105.269s][info][gc,cpu         ] GC(26) User=0.53s Sys=0.03s Real=0.15s
[2026-09-22T07:41:37.805+0000][112.212s][info][gc,start       ] GC(27) Pause Young (Allocation Failure)
[2026-09-22T07:41:37.943+0000][112.350s][info][gc,heap        ] GC(27) PSYoungGen: 2984226K(3152896K)->129298K(3158528K) Eden: 2851328K(2851328K)->0K(2851328K) From: 132898K(301568K)->129298K(307200K)
[2026-09-22T07:41:37.943+0000][112.350s][info][gc,heap        ] GC(27) ParOldGen: 2356289K(2796544K)->2457232K(2796544K)
[2026-09-22T07:41:37.943+0000][112.350s][info][gc,metaspace   ] GC(27) Metaspace: 165325K(166976K)->165325K(166976K) NonClass: 138923K(139840K)->138923K(139840K) Class: 26402K(27136K)->26402K(27136K)
[2026-09-22T07:41:37.943+0000][112.350s][info][gc             ] GC(27) Pause Young (Allocation Failure) 5215M->2525M(5815M) 138.185ms
[2026-09-22T07:41:37.943+0000][112.350s][info][gc,cpu         ] GC(27) User=0.52s Sys=0.03s Real=0.14s
[2026-09-22T07:41:44.979+0000][119.386s][info][gc,start       ] GC(28) Pause Young (Allocation Failure)
[2026-09-22T07:41:45.143+0000][119.550s][info][gc,heap        ] GC(28) PSYoungGen: 2980626K(3158528K)->133474K(3172352K) Eden: 2851328K(2851328K)->0K(2888192K) From: 129298K(307200K)->133474K(284160K)
[2026-09-22T07:41:45.143+0000][119.550s][info][gc,heap        ] GC(28) ParOldGen: 2457232K(2796544K)->2552075K(2796544K)
[2026-09-22T07:41:45.143+0000][119.550s][info][gc,metaspace   ] GC(28) Metaspace: 165374K(167040K)->165374K(167040K) NonClass: 138970K(139904K)->138970K(139904K) Class: 26403K(27136K)->26403K(27136K)
[2026-09-22T07:41:45.143+0000][119.550s][info][gc             ] GC(28) Pause Young (Allocation Failure) 5310M->2622M(5829M) 163.471ms
[2026-09-22T07:41:45.143+0000][119.550s][info][gc,cpu         ] GC(28) User=0.60s Sys=0.02s Real=0.16s
[2026-09-22T07:41:52.237+0000][126.644s][info][gc,start       ] GC(29) Pause Young (Allocation Failure)
[2026-09-22T07:41:52.404+0000][126.811s][info][gc,heap        ] GC(29) PSYoungGen: 3021666K(3172352K)->135490K(3179008K) Eden: 2888192K(2888192K)->0K(2888192K) From: 133474K(284160K)->135490K(290816K)
[2026-09-22T07:41:52.404+0000][126.811s][info][gc,heap        ] GC(29) ParOldGen: 2552075K(2796544K)->2649238K(2796544K)
[2026-09-22T07:41:52.404+0000][126.811s][info][gc,metaspace   ] GC(29) Metaspace: 165488K(167232K)->165488K(167232K) NonClass: 139074K(140096K)->139074K(140096K) Class: 26413K(27136K)->26413K(27136K)
[2026-09-22T07:41:52.404+0000][126.811s][info][gc             ] GC(29) Pause Young (Allocation Failure) 5443M->2719M(5835M) 166.675ms
[2026-09-22T07:41:52.404+0000][126.811s][info][gc,cpu         ] GC(29) User=0.61s Sys=0.03s Real=0.17s
[2026-09-22T07:41:59.440+0000][133.847s][info][gc,start       ] GC(30) Pause Young (Allocation Failure)
[2026-09-22T07:41:59.612+0000][134.019s][info][gc,heap        ] GC(30) PSYoungGen: 3023682K(3179008K)->127586K(3190784K) Eden: 2888192K(2888192K)->0K(2921984K) From: 135490K(290816K)->127586K(268800K)
[2026-09-22T07:41:59.612+0000][134.019s][info][gc,heap        ] GC(30) ParOldGen: 2649238K(2796544K)->2747510K(2796544K)
[2026-09-22T07:41:59.612+0000][134.019s][info][gc,metaspace   ] GC(30) Metaspace: 165534K(167232K)->165534K(167232K) NonClass: 139120K(140096K)->139120K(140096K) Class: 26414K(27136K)->26414K(27136K)
[2026-09-22T07:41:59.612+0000][134.019s][info][gc             ] GC(30) Pause Young (Allocation Failure) 5539M->2807M(5847M) 171.347ms
[2026-09-22T07:41:59.612+0000][134.019s][info][gc,cpu         ] GC(30) User=0.61s Sys=0.03s Real=0.17s
[2026-09-22T07:42:06.780+0000][141.187s][info][gc,start       ] GC(31) Pause Young (Allocation Failure)
[2026-09-22T07:42:06.942+0000][141.349s][info][gc,heap        ] GC(31) PSYoungGen: 3049570K(3190784K)->130098K(3196416K) Eden: 2921984K(2921984K)->0K(2921984K) From: 127586K(268800K)->130098K(274432K)
[2026-09-22T07:42:06.942+0000][141.349s][info][gc,heap        ] GC(31) ParOldGen: 2747510K(2796544K)->2835422K(2835456K)
[2026-09-22T07:42:06.942+0000][141.349s][info][gc,metaspace   ] GC(31) Metaspace: 165658K(167360K)->165658K(167360K) NonClass: 139239K(140224K)->139239K(140224K) Class: 26419K(27136K)->26419K(27136K)
[2026-09-22T07:42:06.942+0000][141.349s][info][gc             ] GC(31) Pause Young (Allocation Failure) 5661M->2896M(5890M) 162.140ms
[2026-09-22T07:42:06.942+0000][141.349s][info][gc,cpu         ] GC(31) User=0.57s Sys=0.06s Real=0.16s
[2026-09-22T07:42:13.916+0000][148.322s][info][gc,start       ] GC(32) Pause Young (Allocation Failure)
[2026-09-22T07:42:14.076+0000][148.483s][info][gc,heap        ] GC(32) PSYoungGen: 3052082K(3196416K)->76050K(3216896K) Eden: 2921984K(2921984K)->0K(2950144K) From: 130098K(274432K)->76050K(266752K)
[2026-09-22T07:42:14.076+0000][148.483s][info][gc,heap        ] GC(32) ParOldGen: 2835422K(2835456K)->2924307K(2924544K)
[2026-09-22T07:42:14.076+0000][148.483s][info][gc,metaspace   ] GC(32) Metaspace: 165746K(167424K)->165746K(167424K) NonClass: 139316K(140288K)->139316K(140288K) Class: 26430K(27136K)->26430K(27136K)
[2026-09-22T07:42:14.076+0000][148.483s][info][gc             ] GC(32) Pause Young (Allocation Failure) 5749M->2930M(5997M) 160.315ms
[2026-09-22T07:42:14.076+0000][148.483s][info][gc,cpu         ] GC(32) User=0.53s Sys=0.09s Real=0.16s
[2026-09-22T07:42:21.189+0000][155.596s][info][gc,start       ] GC(33) Pause Young (Allocation Failure)
[2026-09-22T07:42:21.312+0000][155.719s][info][gc,heap        ] GC(33) PSYoungGen: 3026194K(3216896K)->63073K(3218432K) Eden: 2950144K(2950144K)->0K(2950144K) From: 76050K(266752K)->63073K(268288K)
[2026-09-22T07:42:21.312+0000][155.719s][info][gc,heap        ] GC(33) ParOldGen: 2924307K(2924544K)->2958709K(2958848K)
[2026-09-22T07:42:21.312+0000][155.719s][info][gc,metaspace   ] GC(33) Metaspace: 165847K(167488K)->165847K(167488K) NonClass: 139406K(140352K)->139406K(140352K) Class: 26441K(27136K)->26441K(27136K)
[2026-09-22T07:42:21.312+0000][155.719s][info][gc             ] GC(33) Pause Young (Allocation Failure) 5811M->2950M(6032M) 123.221ms
[2026-09-22T07:42:21.312+0000][155.719s][info][gc,cpu         ] GC(33) User=0.47s Sys=0.03s Real=0.12s
[2026-09-22T07:42:28.567+0000][162.974s][info][gc,start       ] GC(34) Pause Young (Allocation Failure)
[2026-09-22T07:42:28.683+0000][163.089s][info][gc,heap        ] GC(34) PSYoungGen: 3013217K(3218432K)->62385K(3225600K) Eden: 2950144K(2950144K)->0K(2956288K) From: 63073K(268288K)->62385K(269312K)
[2026-09-22T07:42:28.683+0000][163.089s][info][gc,heap        ] GC(34) ParOldGen: 2958709K(2958848K)->2980498K(2980864K)
[2026-09-22T07:42:28.683+0000][163.089s][info][gc,metaspace   ] GC(34) Metaspace: 165864K(167488K)->165864K(167488K) NonClass: 139423K(140352K)->139423K(140352K) Class: 26441K(27136K)->26441K(27136K)
[2026-09-22T07:42:28.683+0000][163.089s][info][gc             ] GC(34) Pause Young (Allocation Failure) 5831M->2971M(6061M) 115.544ms
[2026-09-22T07:42:28.683+0000][163.089s][info][gc,cpu         ] GC(34) User=0.44s Sys=0.01s Real=0.12s
[2026-09-22T07:42:35.893+0000][170.300s][info][gc,start       ] GC(35) Pause Young (Allocation Failure)
[2026-09-22T07:42:36.011+0000][170.417s][info][gc,heap        ] GC(35) PSYoungGen: 3018673K(3225600K)->62385K(3018752K) Eden: 2956288K(2956288K)->0K(2956288K) From: 62385K(269312K)->62385K(62464K)
[2026-09-22T07:42:36.011+0000][170.417s][info][gc,heap        ] GC(35) ParOldGen: 2980498K(2980864K)->3001673K(3001856K)
[2026-09-22T07:42:36.011+0000][170.417s][info][gc,metaspace   ] GC(35) Metaspace: 165884K(167552K)->165884K(167552K) NonClass: 139440K(140416K)->139440K(140416K) Class: 26444K(27136K)->26444K(27136K)
[2026-09-22T07:42:36.011+0000][170.418s][info][gc             ] GC(35) Pause Young (Allocation Failure) 5858M->2992M(5879M) 117.392ms
[2026-09-22T07:42:36.011+0000][170.418s][info][gc,cpu         ] GC(35) User=0.45s Sys=0.02s Real=0.12s
[2026-09-22T07:42:38.231+0000][172.638s][info][gc,start       ] GC(36) Pause Young (CodeCache GC Threshold)
[2026-09-22T07:42:38.354+0000][172.760s][info][gc,heap        ] GC(36) PSYoungGen: 1005340K(3018752K)->41200K(3222016K) Eden: 942954K(2956288K)->0K(2956800K) From: 62385K(62464K)->41200K(265216K)
[2026-09-22T07:42:38.354+0000][172.760s][info][gc,heap        ] GC(36) ParOldGen: 3001673K(3001856K)->3029860K(3030016K)
[2026-09-22T07:42:38.354+0000][172.760s][info][gc,metaspace   ] GC(36) Metaspace: 165896K(167552K)->165896K(167552K) NonClass: 139452K(140416K)->139452K(140416K) Class: 26444K(27136K)->26444K(27136K)
[2026-09-22T07:42:38.354+0000][172.760s][info][gc             ] GC(36) Pause Young (CodeCache GC Threshold) 3913M->2999M(6105M) 122.468ms
[2026-09-22T07:42:38.354+0000][172.760s][info][gc,cpu         ] GC(36) User=0.42s Sys=0.05s Real=0.12s
[2026-09-22T07:42:38.354+0000][172.760s][info][gc,start       ] GC(37) Pause Full (CodeCache GC Threshold)
[2026-09-22T07:42:38.354+0000][172.760s][info][gc,phases,start] GC(37) Marking Phase
[2026-09-22T07:42:39.318+0000][173.725s][info][gc,phases      ] GC(37) Marking Phase 964.481ms
[2026-09-22T07:42:39.318+0000][173.725s][info][gc,phases,start] GC(37) Summary Phase
[2026-09-22T07:42:39.318+0000][173.725s][info][gc,phases      ] GC(37) Summary Phase 0.055ms
[2026-09-22T07:42:39.318+0000][173.725s][info][gc,phases,start] GC(37) Adjust Roots
[2026-09-22T07:42:39.338+0000][173.744s][info][gc,phases      ] GC(37) Adjust Roots 19.474ms
[2026-09-22T07:42:39.338+0000][173.744s][info][gc,phases,start] GC(37) Compaction Phase
[2026-09-22T07:42:40.511+0000][174.917s][info][gc,phases      ] GC(37) Compaction Phase 1172.834ms
[2026-09-22T07:42:40.511+0000][174.917s][info][gc,phases,start] GC(37) Post Compact
[2026-09-22T07:42:40.518+0000][174.925s][info][gc,phases      ] GC(37) Post Compact 7.696ms
[2026-09-22T07:42:40.518+0000][174.925s][info][gc,heap        ] GC(37) PSYoungGen: 41200K(3222016K)->0K(3222016K) Eden: 0K(2956800K)->0K(2956800K) From: 41200K(265216K)->0K(265216K)
[2026-09-22T07:42:40.518+0000][174.925s][info][gc,heap        ] GC(37) ParOldGen: 3029860K(3030016K)->2936736K(3030016K)
[2026-09-22T07:42:40.518+0000][174.925s][info][gc,metaspace   ] GC(37) Metaspace: 165896K(167552K)->165896K(167552K) NonClass: 139452K(140416K)->139452K(140416K) Class: 26444K(27136K)->26444K(27136K)
[2026-09-22T07:42:40.518+0000][174.925s][info][gc             ] GC(37) Pause Full (CodeCache GC Threshold) 2999M->2867M(6105M) 2164.762ms
[2026-09-22T07:42:40.518+0000][174.925s][info][gc,cpu         ] GC(37) User=8.26s Sys=0.04s Real=2.17s
[2026-09-22T07:42:47.879+0000][182.286s][info][gc,start       ] GC(38) Pause Young (Allocation Failure)
[2026-09-22T07:42:47.988+0000][182.395s][info][gc,heap        ] GC(38) PSYoungGen: 2956800K(3222016K)->65570K(3222528K) Eden: 2956800K(2956800K)->0K(2956800K) From: 0K(265216K)->65570K(265728K)
[2026-09-22T07:42:47.988+0000][182.395s][info][gc,heap        ] GC(38) ParOldGen: 2936736K(3030016K)->2936736K(3030016K)
[2026-09-22T07:42:47.988+0000][182.395s][info][gc,metaspace   ] GC(38) Metaspace: 165909K(167552K)->165909K(167552K) NonClass: 139464K(140416K)->139464K(140416K) Class: 26444K(27136K)->26444K(27136K)
[2026-09-22T07:42:47.988+0000][182.395s][info][gc             ] GC(38) Pause Young (Allocation Failure) 5755M->2931M(6106M) 108.957ms
[2026-09-22T07:42:47.988+0000][182.395s][info][gc,cpu         ] GC(38) User=0.42s Sys=0.00s Real=0.11s
[2026-09-22T07:42:55.245+0000][189.652s][info][gc,start       ] GC(39) Pause Young (Allocation Failure)
[2026-09-22T07:42:55.357+0000][189.764s][info][gc,heap        ] GC(39) PSYoungGen: 3022370K(3222528K)->60450K(3222528K) Eden: 2956800K(2956800K)->0K(2970624K) From: 65570K(265728K)->60450K(251904K)
[2026-09-22T07:42:55.357+0000][189.764s][info][gc,heap        ] GC(39) ParOldGen: 2936736K(3030016K)->2962146K(3030016K)
[2026-09-22T07:42:55.357+0000][189.764s][info][gc,metaspace   ] GC(39) Metaspace: 165994K(167616K)->165994K(167616K) NonClass: 139550K(140480K)->139550K(140480K) Class: 26444K(27136K)->26444K(27136K)
[2026-09-22T07:42:55.357+0000][189.764s][info][gc             ] GC(39) Pause Young (Allocation Failure) 5819M->2951M(6106M) 111.757ms
[2026-09-22T07:42:55.357+0000][189.764s][info][gc,cpu         ] GC(39) User=0.45s Sys=0.00s Real=0.11s
[2026-09-22T07:43:02.594+0000][197.001s][info][gc,start       ] GC(40) Pause Young (Allocation Failure)
[2026-09-22T07:43:02.706+0000][197.113s][info][gc,heap        ] GC(40) PSYoungGen: 3031074K(3222528K)->60113K(3222528K) Eden: 2970624K(2970624K)->0K(2970624K) From: 60450K(251904K)->60113K(251904K)
[2026-09-22T07:43:02.707+0000][197.113s][info][gc,heap        ] GC(40) ParOldGen: 2962146K(3030016K)->2982198K(3030016K)
[2026-09-22T07:43:02.707+0000][197.113s][info][gc,metaspace   ] GC(40) Metaspace: 166006K(167616K)->166006K(167616K) NonClass: 139562K(140480K)->139562K(140480K) Class: 26444K(27136K)->26444K(27136K)
[2026-09-22T07:43:02.707+0000][197.113s][info][gc             ] GC(40) Pause Young (Allocation Failure) 5852M->2971M(6106M) 112.338ms
[2026-09-22T07:43:02.707+0000][197.113s][info][gc,cpu         ] GC(40) User=0.43s Sys=0.00s Real=0.11s
[2026-09-22T07:43:09.880+0000][204.287s][info][gc,start       ] GC(41) Pause Young (Allocation Failure)
[2026-09-22T07:43:09.987+0000][204.394s][info][gc,heap        ] GC(41) PSYoungGen: 3030737K(3222528K)->57713K(3235840K) Eden: 2970624K(2970624K)->0K(2998272K) From: 60113K(251904K)->57713K(237568K)
[2026-09-22T07:43:09.987+0000][204.394s][info][gc,heap        ] GC(41) ParOldGen: 2982198K(3030016K)->3001917K(3030016K)
[2026-09-22T07:43:09.987+0000][204.394s][info][gc,metaspace   ] GC(41) Metaspace: 166014K(167680K)->166014K(167680K) NonClass: 139570K(140544K)->139570K(140544K) Class: 26444K(27136K)->26444K(27136K)
[2026-09-22T07:43:09.987+0000][204.394s][info][gc             ] GC(41) Pause Young (Allocation Failure) 5872M->2987M(6119M) 106.654ms
[2026-09-22T07:43:09.987+0000][204.394s][info][gc,cpu         ] GC(41) User=0.42s Sys=0.00s Real=0.10s
[2026-09-22T07:43:17.355+0000][211.762s][info][gc,start       ] GC(42) Pause Young (Allocation Failure)
[2026-09-22T07:43:17.466+0000][211.873s][info][gc,heap        ] GC(42) PSYoungGen: 3055985K(3235840K)->65873K(3235840K) Eden: 2998272K(2998272K)->0K(2998272K) From: 57713K(237568K)->65873K(237568K)
[2026-09-22T07:43:17.466+0000][211.873s][info][gc,heap        ] GC(42) ParOldGen: 3001917K(3030016K)->3018549K(3030016K)
[2026-09-22T07:43:17.466+0000][211.873s][info][gc,metaspace   ] GC(42) Metaspace: 166294K(167936K)->166294K(167936K) NonClass: 139817K(140736K)->139817K(140736K) Class: 26476K(27200K)->26476K(27200K)
[2026-09-22T07:43:17.466+0000][211.873s][info][gc             ] GC(42) Pause Young (Allocation Failure) 5915M->3012M(6119M) 111.012ms
[2026-09-22T07:43:17.466+0000][211.873s][info][gc,cpu         ] GC(42) User=0.43s Sys=0.01s Real=0.11s
[2026-09-22T07:43:24.634+0000][219.041s][info][gc,start       ] GC(43) Pause Young (Allocation Failure)
[2026-09-22T07:43:24.749+0000][219.156s][info][gc,heap        ] GC(43) PSYoungGen: 3064145K(3235840K)->58865K(3249664K) Eden: 2998272K(2998272K)->0K(3027456K) From: 65873K(237568K)->58865K(222208K)
[2026-09-22T07:43:24.749+0000][219.156s][info][gc,heap        ] GC(43) ParOldGen: 3018549K(3030016K)->3043113K(3043328K)
[2026-09-22T07:43:24.749+0000][219.156s][info][gc,metaspace   ] GC(43) Metaspace: 166427K(168128K)->166427K(168128K) NonClass: 139937K(140864K)->139937K(140864K) Class: 26490K(27264K)->26490K(27264K)
[2026-09-22T07:43:24.749+0000][219.156s][info][gc             ] GC(43) Pause Young (Allocation Failure) 5940M->3029M(6145M) 114.898ms
[2026-09-22T07:43:24.749+0000][219.156s][info][gc,cpu         ] GC(43) User=0.44s Sys=0.00s Real=0.12s
[2026-09-22T07:43:32.962+0000][227.369s][info][gc,start       ] GC(44) Pause Young (Allocation Failure)
[2026-09-22T07:43:33.077+0000][227.484s][info][gc,heap        ] GC(44) PSYoungGen: 3086321K(3249664K)->112546K(3248128K) Eden: 3027456K(3027456K)->0K(3027456K) From: 58865K(222208K)->112546K(220672K)
[2026-09-22T07:43:33.077+0000][227.484s][info][gc,heap        ] GC(44) ParOldGen: 3043113K(3043328K)->3060676K(3060736K)
[2026-09-22T07:43:33.077+0000][227.484s][info][gc,metaspace   ] GC(44) Metaspace: 166984K(168704K)->166984K(168704K) NonClass: 140478K(141440K)->140478K(141440K) Class: 26505K(27264K)->26505K(27264K)
[2026-09-22T07:43:33.077+0000][227.484s][info][gc             ] GC(44) Pause Young (Allocation Failure) 5985M->3098M(6161M) 115.026ms
[2026-09-22T07:43:33.077+0000][227.484s][info][gc,cpu         ] GC(44) User=0.44s Sys=0.02s Real=0.11s
[2026-09-22T07:43:41.073+0000][235.480s][info][gc,start       ] GC(45) Pause Young (Allocation Failure)
[2026-09-22T07:43:41.191+0000][235.598s][info][gc,heap        ] GC(45) PSYoungGen: 3140002K(3248128K)->56496K(3268096K) Eden: 3027456K(3027456K)->0K(3058176K) From: 112546K(220672K)->56496K(209920K)
[2026-09-22T07:43:41.191+0000][235.598s][info][gc,heap        ] GC(45) ParOldGen: 3060676K(3060736K)->3132062K(3132416K)
[2026-09-22T07:43:41.191+0000][235.598s][info][gc,metaspace   ] GC(45) Metaspace: 167002K(168704K)->167002K(168704K) NonClass: 140492K(141440K)->140492K(141440K) Class: 26509K(27264K)->26509K(27264K)
[2026-09-22T07:43:41.191+0000][235.598s][info][gc             ] GC(45) Pause Young (Allocation Failure) 6055M->3113M(6250M) 118.337ms
[2026-09-22T07:43:41.191+0000][235.598s][info][gc,cpu         ] GC(45) User=0.44s Sys=0.02s Real=0.12s
[2026-09-22T07:43:48.410+0000][242.817s][info][gc,start       ] GC(46) Pause Young (Allocation Failure)
[2026-09-22T07:43:48.522+0000][242.929s][info][gc,heap        ] GC(46) PSYoungGen: 3114672K(3268096K)->60210K(3268096K) Eden: 3058176K(3058176K)->0K(3058176K) From: 56496K(209920K)->60210K(209920K)
[2026-09-22T07:43:48.522+0000][242.929s][info][gc,heap        ] GC(46) ParOldGen: 3132062K(3132416K)->3147464K(3147776K)
[2026-09-22T07:43:48.522+0000][242.929s][info][gc,metaspace   ] GC(46) Metaspace: 167021K(168704K)->167021K(168704K) NonClass: 140512K(141440K)->140512K(141440K) Class: 26509K(27264K)->26509K(27264K)
[2026-09-22T07:43:48.522+0000][242.929s][info][gc             ] GC(46) Pause Young (Allocation Failure) 6100M->3132M(6265M) 112.153ms
[2026-09-22T07:43:48.522+0000][242.929s][info][gc,cpu         ] GC(46) User=0.43s Sys=0.01s Real=0.11s
[2026-09-22T07:43:55.679+0000][250.086s][info][gc,start       ] GC(47) Pause Young (Allocation Failure)
[2026-09-22T07:43:55.790+0000][250.197s][info][gc,heap        ] GC(47) PSYoungGen: 3118386K(3268096K)->56609K(3278336K) Eden: 3058176K(3058176K)->0K(3081728K) From: 60210K(209920K)->56609K(196608K)
[2026-09-22T07:43:55.790+0000][250.197s][info][gc,heap        ] GC(47) ParOldGen: 3147464K(3147776K)->3166084K(3166208K)
[2026-09-22T07:43:55.790+0000][250.197s][info][gc,metaspace   ] GC(47) Metaspace: 167051K(168768K)->167051K(168768K) NonClass: 140541K(141504K)->140541K(141504K) Class: 26510K(27264K)->26510K(27264K)
[2026-09-22T07:43:55.790+0000][250.197s][info][gc             ] GC(47) Pause Young (Allocation Failure) 6118M->3147M(6293M) 111.027ms
[2026-09-22T07:43:55.791+0000][250.197s][info][gc,cpu         ] GC(47) User=0.43s Sys=0.02s Real=0.11s
[2026-09-22T07:44:03.262+0000][257.669s][info][gc,start       ] GC(48) Pause Young (Allocation Failure)
[2026-09-22T07:44:03.383+0000][257.790s][info][gc,heap        ] GC(48) PSYoungGen: 3138337K(3278336K)->55681K(3277312K) Eden: 3081728K(3081728K)->0K(3081728K) From: 56609K(196608K)->55681K(195584K)
[2026-09-22T07:44:03.383+0000][257.790s][info][gc,heap        ] GC(48) ParOldGen: 3166084K(3166208K)->3183267K(3183616K)
[2026-09-22T07:44:03.383+0000][257.790s][info][gc,metaspace   ] GC(48) Metaspace: 167066K(168768K)->167066K(168768K) NonClass: 140556K(141504K)->140556K(141504K) Class: 26510K(27264K)->26510K(27264K)
[2026-09-22T07:44:03.383+0000][257.790s][info][gc             ] GC(48) Pause Young (Allocation Failure) 6156M->3163M(6309M) 121.222ms
[2026-09-22T07:44:03.383+0000][257.790s][info][gc,cpu         ] GC(48) User=0.43s Sys=0.05s Real=0.12s
[2026-09-22T07:44:10.477+0000][264.883s][info][gc,start       ] GC(49) Pause Young (Allocation Failure)
[2026-09-22T07:44:10.585+0000][264.992s][info][gc,heap        ] GC(49) PSYoungGen: 3137409K(3277312K)->54976K(3292672K) Eden: 3081728K(3081728K)->0K(3109376K) From: 55681K(195584K)->54976K(183296K)
[2026-09-22T07:44:10.585+0000][264.992s][info][gc,heap        ] GC(49) ParOldGen: 3183267K(3183616K)->3199086K(3199488K)
[2026-09-22T07:44:10.585+0000][264.992s][info][gc,metaspace   ] GC(49) Metaspace: 167074K(168768K)->167074K(168768K) NonClass: 140563K(141504K)->140563K(141504K) Class: 26510K(27264K)->26510K(27264K)
[2026-09-22T07:44:10.585+0000][264.992s][info][gc             ] GC(49) Pause Young (Allocation Failure) 6172M->3177M(6340M) 108.731ms
[2026-09-22T07:44:10.585+0000][264.992s][info][gc,cpu         ] GC(49) User=0.43s Sys=0.01s Real=0.11s
[2026-09-22T07:44:17.708+0000][272.115s][info][gc,start       ] GC(50) Pause Young (Allocation Failure)
[2026-09-22T07:44:17.820+0000][272.227s][info][gc,heap        ] GC(50) PSYoungGen: 3164352K(3292672K)->61329K(3291648K) Eden: 3109376K(3109376K)->0K(3109376K) From: 54976K(183296K)->61329K(182272K)
[2026-09-22T07:44:17.820+0000][272.227s][info][gc,heap        ] GC(50) ParOldGen: 3199086K(3199488K)->3213855K(3214336K)
[2026-09-22T07:44:17.820+0000][272.227s][info][gc,metaspace   ] GC(50) Metaspace: 167139K(168832K)->167139K(168832K) NonClass: 140627K(141568K)->140627K(141568K) Class: 26511K(27264K)->26511K(27264K)
[2026-09-22T07:44:17.820+0000][272.227s][info][gc             ] GC(50) Pause Young (Allocation Failure) 6214M->3198M(6353M) 111.903ms
[2026-09-22T07:44:17.820+0000][272.227s][info][gc,cpu         ] GC(50) User=0.43s Sys=0.02s Real=0.11s
[2026-09-22T07:44:24.902+0000][279.309s][info][gc,start       ] GC(51) Pause Young (Allocation Failure)
[2026-09-22T07:44:25.018+0000][279.425s][info][gc,heap        ] GC(51) PSYoungGen: 3170705K(3291648K)->58753K(3305472K) Eden: 3109376K(3109376K)->0K(3136512K) From: 61329K(182272K)->58753K(168960K)
[2026-09-22T07:44:25.018+0000][279.425s][info][gc,heap        ] GC(51) ParOldGen: 3213855K(3214336K)->3234656K(3234816K)
[2026-09-22T07:44:25.018+0000][279.425s][info][gc,metaspace   ] GC(51) Metaspace: 167152K(168896K)->167152K(168896K) NonClass: 140640K(141632K)->140640K(141632K) Class: 26511K(27264K)->26511K(27264K)
[2026-09-22T07:44:25.018+0000][279.425s][info][gc             ] GC(51) Pause Young (Allocation Failure) 6234M->3216M(6387M) 115.920ms
[2026-09-22T07:44:25.018+0000][279.425s][info][gc,cpu         ] GC(51) User=0.44s Sys=0.02s Real=0.12s
[2026-09-22T07:44:32.257+0000][286.663s][info][gc,start       ] GC(52) Pause Young (Allocation Failure)
[2026-09-22T07:44:32.368+0000][286.774s][info][gc,heap        ] GC(52) PSYoungGen: 3195265K(3305472K)->56145K(3303936K) Eden: 3136512K(3136512K)->0K(3136512K) From: 58753K(168960K)->56145K(167424K)
[2026-09-22T07:44:32.368+0000][286.775s][info][gc,heap        ] GC(52) ParOldGen: 3234656K(3234816K)->3251958K(3252224K)
[2026-09-22T07:44:32.368+0000][286.775s][info][gc,metaspace   ] GC(52) Metaspace: 167182K(168896K)->167182K(168896K) NonClass: 140670K(141632K)->140670K(141632K) Class: 26511K(27264K)->26511K(27264K)
[2026-09-22T07:44:32.368+0000][286.775s][info][gc             ] GC(52) Pause Young (Allocation Failure) 6279M->3230M(6402M) 111.121ms
[2026-09-22T07:44:32.368+0000][286.775s][info][gc,cpu         ] GC(52) User=0.43s Sys=0.01s Real=0.12s
[2026-09-22T07:44:39.431+0000][293.838s][info][gc,start       ] GC(53) Pause Young (Allocation Failure)
[2026-09-22T07:44:39.542+0000][293.948s][info][gc,heap        ] GC(53) PSYoungGen: 3192657K(3303936K)->57793K(3320832K) Eden: 3136512K(3136512K)->0K(3165184K) From: 56145K(167424K)->57793K(155648K)
[2026-09-22T07:44:39.542+0000][293.948s][info][gc,heap        ] GC(53) ParOldGen: 3251958K(3252224K)->3268124K(3268608K)
[2026-09-22T07:44:39.542+0000][293.948s][info][gc,metaspace   ] GC(53) Metaspace: 167211K(168896K)->167211K(168896K) NonClass: 140697K(141632K)->140697K(141632K) Class: 26514K(27264K)->26514K(27264K)
[2026-09-22T07:44:39.542+0000][293.949s][info][gc             ] GC(53) Pause Young (Allocation Failure) 6293M->3247M(6435M) 110.600ms
[2026-09-22T07:44:39.542+0000][293.949s][info][gc,cpu         ] GC(53) User=0.42s Sys=0.01s Real=0.11s
[2026-09-22T07:44:46.725+0000][301.132s][info][gc,start       ] GC(54) Pause Young (Allocation Failure)
[2026-09-22T07:44:46.836+0000][301.242s][info][gc,heap        ] GC(54) PSYoungGen: 3222977K(3320832K)->56769K(3319808K) Eden: 3165184K(3165184K)->0K(3165184K) From: 57793K(155648K)->56769K(154624K)
[2026-09-22T07:44:46.836+0000][301.242s][info][gc,heap        ] GC(54) ParOldGen: 3268124K(3268608K)->3286203K(3286528K)
[2026-09-22T07:44:46.836+0000][301.242s][info][gc,metaspace   ] GC(54) Metaspace: 167218K(168960K)->167218K(168960K) NonClass: 140703K(141696K)->140703K(141696K) Class: 26514K(27264K)->26514K(27264K)
[2026-09-22T07:44:46.836+0000][301.242s][info][gc             ] GC(54) Pause Young (Allocation Failure) 6338M->3264M(6451M) 110.637ms
[2026-09-22T07:44:46.836+0000][301.242s][info][gc,cpu         ] GC(54) User=0.42s Sys=0.01s Real=0.11s
[2026-09-22T07:44:54.018+0000][308.425s][info][gc,start       ] GC(55) Pause Young (Allocation Failure)
[2026-09-22T07:44:54.142+0000][308.549s][info][gc,heap        ] GC(55) PSYoungGen: 3221953K(3319808K)->58033K(3334144K) Eden: 3165184K(3165184K)->0K(3190784K) From: 56769K(154624K)->58033K(143360K)
[2026-09-22T07:44:54.142+0000][308.549s][info][gc,heap        ] GC(55) ParOldGen: 3286203K(3286528K)->3304126K(3304448K)
[2026-09-22T07:44:54.142+0000][308.549s][info][gc,metaspace   ] GC(55) Metaspace: 167242K(168960K)->167242K(168960K) NonClass: 140727K(141696K)->140727K(141696K) Class: 26514K(27264K)->26514K(27264K)
[2026-09-22T07:44:54.142+0000][308.549s][info][gc             ] GC(55) Pause Young (Allocation Failure) 6355M->3283M(6483M) 123.851ms
[2026-09-22T07:44:54.142+0000][308.549s][info][gc,cpu         ] GC(55) User=0.44s Sys=0.04s Real=0.12s
[2026-09-22T07:45:01.404+0000][315.811s][info][gc,start       ] GC(56) Pause Young (Allocation Failure)
[2026-09-22T07:45:01.516+0000][315.923s][info][gc,heap        ] GC(56) PSYoungGen: 3248817K(3334144K)->55521K(3333632K) Eden: 3190784K(3190784K)->0K(3190784K) From: 58033K(143360K)->55521K(142848K)
[2026-09-22T07:45:01.516+0000][315.923s][info][gc,heap        ] GC(56) ParOldGen: 3304126K(3304448K)->3322852K(3322880K)
[2026-09-22T07:45:01.516+0000][315.923s][info][gc,metaspace   ] GC(56) Metaspace: 167320K(169088K)->167320K(169088K) NonClass: 140787K(141760K)->140787K(141760K) Class: 26532K(27328K)->26532K(27328K)
[2026-09-22T07:45:01.516+0000][315.923s][info][gc             ] GC(56) Pause Young (Allocation Failure) 6399M->3299M(6500M) 112.529ms
[2026-09-22T07:45:01.516+0000][315.923s][info][gc,cpu         ] GC(56) User=0.44s Sys=0.02s Real=0.11s
[2026-09-22T07:45:08.951+0000][323.358s][info][gc,start       ] GC(57) Pause Young (Allocation Failure)
[2026-09-22T07:45:09.069+0000][323.476s][info][gc,heap        ] GC(57) PSYoungGen: 3246305K(3333632K)->57377K(3346432K) Eden: 3190784K(3190784K)->0K(3214336K) From: 55521K(142848K)->57377K(132096K)
[2026-09-22T07:45:09.069+0000][323.476s][info][gc,heap        ] GC(57) ParOldGen: 3322852K(3322880K)->3340078K(3340288K)
[2026-09-22T07:45:09.069+0000][323.476s][info][gc,metaspace   ] GC(57) Metaspace: 167325K(169088K)->167325K(169088K) NonClass: 140792K(141760K)->140792K(141760K) Class: 26532K(27328K)->26532K(27328K)
[2026-09-22T07:45:09.069+0000][323.476s][info][gc             ] GC(57) Pause Young (Allocation Failure) 6415M->3317M(6530M) 117.928ms
[2026-09-22T07:45:09.069+0000][323.476s][info][gc,cpu         ] GC(57) User=0.44s Sys=0.01s Real=0.12s
[2026-09-22T07:45:16.750+0000][331.157s][info][gc,start       ] GC(58) Pause Young (Allocation Failure)
[2026-09-22T07:45:16.865+0000][331.272s][info][gc,heap        ] GC(58) PSYoungGen: 3271713K(3346432K)->61361K(3346432K) Eden: 3214336K(3214336K)->0K(3214336K) From: 57377K(132096K)->61361K(132096K)
[2026-09-22T07:45:16.865+0000][331.272s][info][gc,heap        ] GC(58) ParOldGen: 3340078K(3340288K)->3359285K(3359744K)
[2026-09-22T07:45:16.865+0000][331.272s][info][gc,metaspace   ] GC(58) Metaspace: 167359K(169152K)->167359K(169152K) NonClass: 140826K(141824K)->140826K(141824K) Class: 26532K(27328K)->26532K(27328K)
[2026-09-22T07:45:16.865+0000][331.272s][info][gc             ] GC(58) Pause Young (Allocation Failure) 6456M->3340M(6549M) 114.815ms
[2026-09-22T07:45:16.865+0000][331.272s][info][gc,cpu         ] GC(58) User=0.44s Sys=0.01s Real=0.11s
[2026-09-22T07:45:24.236+0000][338.643s][info][gc,start       ] GC(59) Pause Young (Allocation Failure)
[2026-09-22T07:45:24.351+0000][338.758s][info][gc,heap        ] GC(59) PSYoungGen: 3275697K(3346432K)->56017K(3358208K) Eden: 3214336K(3214336K)->0K(3235328K) From: 61361K(132096K)->56017K(122880K)
[2026-09-22T07:45:24.351+0000][338.758s][info][gc,heap        ] GC(59) ParOldGen: 3359285K(3359744K)->3381359K(3381760K)
[2026-09-22T07:45:24.351+0000][338.758s][info][gc,metaspace   ] GC(59) Metaspace: 167418K(169152K)->167418K(169152K) NonClass: 140884K(141824K)->140884K(141824K) Class: 26533K(27328K)->26533K(27328K)
[2026-09-22T07:45:24.351+0000][338.758s][info][gc             ] GC(59) Pause Young (Allocation Failure) 6479M->3356M(6582M) 115.374ms
[2026-09-22T07:45:24.351+0000][338.758s][info][gc,cpu         ] GC(59) User=0.43s Sys=0.02s Real=0.12s
[2026-09-22T07:45:31.805+0000][346.212s][info][gc,start       ] GC(60) Pause Young (Allocation Failure)
[2026-09-22T07:45:31.921+0000][346.328s][info][gc,heap        ] GC(60) PSYoungGen: 3291345K(3358208K)->56145K(3357184K) Eden: 3235328K(3235328K)->0K(3235328K) From: 56017K(122880K)->56145K(121856K)
[2026-09-22T07:45:31.921+0000][346.328s][info][gc,heap        ] GC(60) ParOldGen: 3381359K(3381760K)->3398490K(3398656K)
[2026-09-22T07:45:31.921+0000][346.328s][info][gc,metaspace   ] GC(60) Metaspace: 167433K(169152K)->167433K(169152K) NonClass: 140900K(141824K)->140900K(141824K) Class: 26533K(27328K)->26533K(27328K)
[2026-09-22T07:45:31.921+0000][346.328s][info][gc             ] GC(60) Pause Young (Allocation Failure) 6516M->3373M(6597M) 116.244ms
[2026-09-22T07:45:31.921+0000][346.328s][info][gc,cpu         ] GC(60) User=0.42s Sys=0.02s Real=0.12s
[2026-09-22T07:45:39.426+0000][353.833s][info][gc,start       ] GC(61) Pause Young (Allocation Failure)
[2026-09-22T07:45:39.537+0000][353.943s][info][gc,heap        ] GC(61) PSYoungGen: 3291473K(3357184K)->55089K(3368960K) Eden: 3235328K(3235328K)->0K(3254272K) From: 56145K(121856K)->55089K(114688K)
[2026-09-22T07:45:39.537+0000][353.943s][info][gc,heap        ] GC(61) ParOldGen: 3398490K(3398656K)->3417204K(3417600K)
[2026-09-22T07:45:39.537+0000][353.943s][info][gc,metaspace   ] GC(61) Metaspace: 167452K(169216K)->167452K(169216K) NonClass: 140915K(141888K)->140915K(141888K) Class: 26537K(27328K)->26537K(27328K)
[2026-09-22T07:45:39.537+0000][353.943s][info][gc             ] GC(61) Pause Young (Allocation Failure) 6533M->3390M(6627M) 110.533ms
[2026-09-22T07:45:39.537+0000][353.943s][info][gc,cpu         ] GC(61) User=0.42s Sys=0.01s Real=0.11s
[2026-09-22T07:45:46.935+0000][361.341s][info][gc,start       ] GC(62) Pause Young (Allocation Failure)
[2026-09-22T07:45:47.046+0000][361.453s][info][gc,heap        ] GC(62) PSYoungGen: 3309361K(3368960K)->56945K(3367936K) Eden: 3254272K(3254272K)->0K(3254272K) From: 55089K(114688K)->56945K(113664K)
[2026-09-22T07:45:47.046+0000][361.453s][info][gc,heap        ] GC(62) ParOldGen: 3417204K(3417600K)->3435047K(3435520K)
[2026-09-22T07:45:47.046+0000][361.453s][info][gc,metaspace   ] GC(62) Metaspace: 167501K(169216K)->167501K(169216K) NonClass: 140964K(141888K)->140964K(141888K) Class: 26537K(27328K)->26537K(27328K)
[2026-09-22T07:45:47.046+0000][361.453s][info][gc             ] GC(62) Pause Young (Allocation Failure) 6568M->3410M(6644M) 111.284ms
[2026-09-22T07:45:47.046+0000][361.453s][info][gc,cpu         ] GC(62) User=0.43s Sys=0.01s Real=0.11s
[2026-09-22T07:45:54.532+0000][368.939s][info][gc,start       ] GC(63) Pause Young (Allocation Failure)
[2026-09-22T07:45:54.641+0000][369.048s][info][gc,heap        ] GC(63) PSYoungGen: 3311217K(3367936K)->54401K(3378176K) Eden: 3254272K(3254272K)->0K(3269632K) From: 56945K(113664K)->54401K(108544K)
[2026-09-22T07:45:54.641+0000][369.048s][info][gc,heap        ] GC(63) ParOldGen: 3435047K(3435520K)->3454040K(3454464K)
[2026-09-22T07:45:54.641+0000][369.048s][info][gc,metaspace   ] GC(63) Metaspace: 167510K(169280K)->167510K(169280K) NonClass: 140973K(141952K)->140973K(141952K) Class: 26537K(27328K)->26537K(27328K)
[2026-09-22T07:45:54.641+0000][369.048s][info][gc             ] GC(63) Pause Young (Allocation Failure) 6588M->3426M(6672M) 109.061ms
[2026-09-22T07:45:54.641+0000][369.048s][info][gc,cpu         ] GC(63) User=0.42s Sys=0.01s Real=0.11s
[2026-09-22T07:46:02.583+0000][376.990s][info][gc,start       ] GC(64) Pause Young (Allocation Failure)
[2026-09-22T07:46:02.700+0000][377.107s][info][gc,heap        ] GC(64) PSYoungGen: 3324033K(3378176K)->58769K(3376128K) Eden: 3269632K(3269632K)->0K(3269632K) From: 54401K(108544K)->58769K(106496K)
[2026-09-22T07:46:02.700+0000][377.107s][info][gc,heap        ] GC(64) ParOldGen: 3454040K(3454464K)->3470865K(3471360K)
[2026-09-22T07:46:02.700+0000][377.107s][info][gc,metaspace   ] GC(64) Metaspace: 167555K(169280K)->167555K(169280K) NonClass: 141016K(141952K)->141016K(141952K) Class: 26538K(27328K)->26538K(27328K)
[2026-09-22T07:46:02.700+0000][377.107s][info][gc             ] GC(64) Pause Young (Allocation Failure) 6619M->3446M(6687M) 117.453ms
[2026-09-22T07:46:02.700+0000][377.107s][info][gc,cpu         ] GC(64) User=0.44s Sys=0.01s Real=0.12s
[2026-09-22T07:46:05.199+0000][379.606s][info][gc,start       ] GC(65) Pause Young (CodeCache GC Threshold)
[2026-09-22T07:46:05.308+0000][379.714s][info][gc,heap        ] GC(65) PSYoungGen: 1107111K(3376128K)->35488K(3382272K) Eden: 1048341K(3269632K)->0K(3279872K) From: 58769K(106496K)->35488K(102400K)
[2026-09-22T07:46:05.308+0000][379.714s][info][gc,heap        ] GC(65) ParOldGen: 3470865K(3471360K)->3499269K(3499520K)
[2026-09-22T07:46:05.308+0000][379.714s][info][gc,metaspace   ] GC(65) Metaspace: 167559K(169280K)->167559K(169280K) NonClass: 141020K(141952K)->141020K(141952K) Class: 26538K(27328K)->26538K(27328K)
[2026-09-22T07:46:05.308+0000][379.714s][info][gc             ] GC(65) Pause Young (CodeCache GC Threshold) 4470M->3451M(6720M) 108.317ms
[2026-09-22T07:46:05.308+0000][379.714s][info][gc,cpu         ] GC(65) User=0.40s Sys=0.02s Real=0.11s
[2026-09-22T07:46:05.308+0000][379.714s][info][gc,start       ] GC(66) Pause Full (CodeCache GC Threshold)
[2026-09-22T07:46:05.308+0000][379.714s][info][gc,phases,start] GC(66) Marking Phase
[2026-09-22T07:46:06.329+0000][380.736s][info][gc,phases      ] GC(66) Marking Phase 1021.211ms
[2026-09-22T07:46:06.329+0000][380.736s][info][gc,phases,start] GC(66) Summary Phase
[2026-09-22T07:46:06.329+0000][380.736s][info][gc,phases      ] GC(66) Summary Phase 0.067ms
[2026-09-22T07:46:06.329+0000][380.736s][info][gc,phases,start] GC(66) Adjust Roots
[2026-09-22T07:46:06.351+0000][380.757s][info][gc,phases      ] GC(66) Adjust Roots 21.692ms
[2026-09-22T07:46:06.351+0000][380.758s][info][gc,phases,start] GC(66) Compaction Phase
[2026-09-22T07:46:07.619+0000][382.026s][info][gc,phases      ] GC(66) Compaction Phase 1268.581ms
[2026-09-22T07:46:07.619+0000][382.026s][info][gc,phases,start] GC(66) Post Compact
[2026-09-22T07:46:07.632+0000][382.039s][info][gc,phases      ] GC(66) Post Compact 12.454ms
[2026-09-22T07:46:07.632+0000][382.039s][info][gc,heap        ] GC(66) PSYoungGen: 35488K(3382272K)->0K(3382272K) Eden: 0K(3279872K)->0K(3279872K) From: 35488K(102400K)->0K(102400K)
[2026-09-22T07:46:07.632+0000][382.039s][info][gc,heap        ] GC(66) ParOldGen: 3499269K(3499520K)->3242950K(3499520K)
[2026-09-22T07:46:07.632+0000][382.039s][info][gc,metaspace   ] GC(66) Metaspace: 167559K(169280K)->167559K(169280K) NonClass: 141020K(141952K)->141020K(141952K) Class: 26538K(27328K)->26538K(27328K)
[2026-09-22T07:46:07.632+0000][382.039s][info][gc             ] GC(66) Pause Full (CodeCache GC Threshold) 3451M->3166M(6720M) 2324.241ms
[2026-09-22T07:46:07.632+0000][382.039s][info][gc,cpu         ] GC(66) User=8.76s Sys=0.06s Real=2.32s
[2026-09-22T07:46:15.334+0000][389.741s][info][gc,start       ] GC(67) Pause Young (Allocation Failure)
[2026-09-22T07:46:15.431+0000][389.838s][info][gc,heap        ] GC(67) PSYoungGen: 3279872K(3382272K)->55361K(3382272K) Eden: 3279872K(3279872K)->0K(3279872K) From: 0K(102400K)->55361K(102400K)
[2026-09-22T07:46:15.431+0000][389.838s][info][gc,heap        ] GC(67) ParOldGen: 3242950K(3499520K)->3242958K(3499520K)
[2026-09-22T07:46:15.431+0000][389.838s][info][gc,metaspace   ] GC(67) Metaspace: 167596K(169408K)->167596K(169408K) NonClass: 141057K(142080K)->141057K(142080K) Class: 26538K(27328K)->26538K(27328K)
[2026-09-22T07:46:15.431+0000][389.838s][info][gc             ] GC(67) Pause Young (Allocation Failure) 6369M->3221M(6720M) 97.317ms
[2026-09-22T07:46:15.431+0000][389.838s][info][gc,cpu         ] GC(67) User=0.38s Sys=0.00s Real=0.10s
[2026-09-22T07:46:23.227+0000][397.634s][info][gc,start       ] GC(68) Pause Young (Allocation Failure)
[2026-09-22T07:46:23.333+0000][397.740s][info][gc,heap        ] GC(68) PSYoungGen: 3335233K(3382272K)->58273K(3387904K) Eden: 3279872K(3279872K)->0K(3293696K) From: 55361K(102400K)->58273K(94208K)
[2026-09-22T07:46:23.333+0000][397.740s][info][gc,heap        ] GC(68) ParOldGen: 3242958K(3499520K)->3260800K(3499520K)
[2026-09-22T07:46:23.333+0000][397.740s][info][gc,metaspace   ] GC(68) Metaspace: 167618K(169408K)->167618K(169408K) NonClass: 141079K(142080K)->141079K(142080K) Class: 26539K(27328K)->26539K(27328K)
[2026-09-22T07:46:23.333+0000][397.740s][info][gc             ] GC(68) Pause Young (Allocation Failure) 6424M->3241M(6726M) 106.008ms
[2026-09-22T07:46:23.333+0000][397.740s][info][gc,cpu         ] GC(68) User=0.41s Sys=0.01s Real=0.11s
[2026-09-22T07:46:31.084+0000][405.491s][info][gc,start       ] GC(69) Pause Young (Allocation Failure)
[2026-09-22T07:46:31.192+0000][405.599s][info][gc,heap        ] GC(69) PSYoungGen: 3351969K(3387904K)->58369K(3388416K) Eden: 3293696K(3293696K)->0K(3293696K) From: 58273K(94208K)->58369K(94720K)
[2026-09-22T07:46:31.193+0000][405.599s][info][gc,heap        ] GC(69) ParOldGen: 3260800K(3499520K)->3282367K(3499520K)
[2026-09-22T07:46:31.193+0000][405.599s][info][gc,metaspace   ] GC(69) Metaspace: 167638K(169408K)->167638K(169408K) NonClass: 141095K(142080K)->141095K(142080K) Class: 26543K(27328K)->26543K(27328K)
[2026-09-22T07:46:31.193+0000][405.599s][info][gc             ] GC(69) Pause Young (Allocation Failure) 6457M->3262M(6726M) 108.207ms
[2026-09-22T07:46:31.193+0000][405.599s][info][gc,cpu         ] GC(69) User=0.43s Sys=0.00s Real=0.11s
[2026-09-22T07:46:38.848+0000][413.255s][info][gc,start       ] GC(70) Pause Young (Allocation Failure)
[2026-09-22T07:46:38.955+0000][413.361s][info][gc,heap        ] GC(70) PSYoungGen: 3352065K(3388416K)->54961K(3397632K) Eden: 3293696K(3293696K)->0K(3308544K) From: 58369K(94720K)->54961K(89088K)
[2026-09-22T07:46:38.955+0000][413.361s][info][gc,heap        ] GC(70) ParOldGen: 3282367K(3499520K)->3303674K(3499520K)
[2026-09-22T07:46:38.955+0000][413.361s][info][gc,metaspace   ] GC(70) Metaspace: 167650K(169408K)->167650K(169408K) NonClass: 141107K(142080K)->141107K(142080K) Class: 26543K(27328K)->26543K(27328K)
[2026-09-22T07:46:38.955+0000][413.361s][info][gc             ] GC(70) Pause Young (Allocation Failure) 6478M->3279M(6735M) 106.261ms
[2026-09-22T07:46:38.955+0000][413.361s][info][gc,cpu         ] GC(70) User=0.42s Sys=0.00s Real=0.10s
[2026-09-22T07:46:46.771+0000][421.178s][info][gc,start       ] GC(71) Pause Young (Allocation Failure)
[2026-09-22T07:46:46.874+0000][421.281s][info][gc,heap        ] GC(71) PSYoungGen: 3363505K(3397632K)->56449K(3397120K) Eden: 3308544K(3308544K)->0K(3308544K) From: 54961K(89088K)->56449K(88576K)
[2026-09-22T07:46:46.874+0000][421.281s][info][gc,heap        ] GC(71) ParOldGen: 3303674K(3499520K)->3322512K(3499520K)
[2026-09-22T07:46:46.874+0000][421.281s][info][gc,metaspace   ] GC(71) Metaspace: 167661K(169472K)->167661K(169472K) NonClass: 141118K(142144K)->141118K(142144K) Class: 26543K(27328K)->26543K(27328K)
[2026-09-22T07:46:46.874+0000][421.281s][info][gc             ] GC(71) Pause Young (Allocation Failure) 6510M->3299M(6735M) 103.281ms
[2026-09-22T07:46:46.874+0000][421.281s][info][gc,cpu         ] GC(71) User=0.41s Sys=0.00s Real=0.10s
[2026-09-22T07:46:54.863+0000][429.270s][info][gc,start       ] GC(72) Pause Young (Allocation Failure)
[2026-09-22T07:46:54.970+0000][429.377s][info][gc,heap        ] GC(72) PSYoungGen: 3364993K(3397120K)->55233K(3404288K) Eden: 3308544K(3308544K)->0K(3319296K) From: 56449K(88576K)->55233K(84992K)
[2026-09-22T07:46:54.970+0000][429.377s][info][gc,heap        ] GC(72) ParOldGen: 3322512K(3499520K)->3342079K(3499520K)
[2026-09-22T07:46:54.970+0000][429.377s][info][gc,metaspace   ] GC(72) Metaspace: 167682K(169472K)->167682K(169472K) NonClass: 141138K(142144K)->141138K(142144K) Class: 26544K(27328K)->26544K(27328K)
[2026-09-22T07:46:54.970+0000][429.377s][info][gc             ] GC(72) Pause Young (Allocation Failure) 6530M->3317M(6742M) 107.456ms
[2026-09-22T07:46:54.970+0000][429.377s][info][gc,cpu         ] GC(72) User=0.42s Sys=0.00s Real=0.11s
[2026-09-22T07:47:02.762+0000][437.169s][info][gc,start       ] GC(73) Pause Young (Allocation Failure)
[2026-09-22T07:47:02.868+0000][437.274s][info][gc,heap        ] GC(73) PSYoungGen: 3374529K(3404288K)->56865K(3402752K) Eden: 3319296K(3319296K)->0K(3319296K) From: 55233K(84992K)->56865K(83456K)
[2026-09-22T07:47:02.868+0000][437.275s][info][gc,heap        ] GC(73) ParOldGen: 3342079K(3499520K)->3360173K(3499520K)
[2026-09-22T07:47:02.868+0000][437.275s][info][gc,metaspace   ] GC(73) Metaspace: 167738K(169536K)->167738K(169536K) NonClass: 141190K(142208K)->141190K(142208K) Class: 26548K(27328K)->26548K(27328K)
[2026-09-22T07:47:02.868+0000][437.275s][info][gc             ] GC(73) Pause Young (Allocation Failure) 6559M->3336M(6740M) 106.047ms
[2026-09-22T07:47:02.868+0000][437.275s][info][gc,cpu         ] GC(73) User=0.42s Sys=0.00s Real=0.11s
[2026-09-22T07:47:11.067+0000][445.473s][info][gc,start       ] GC(74) Pause Young (Allocation Failure)
[2026-09-22T07:47:11.174+0000][445.581s][info][gc,heap        ] GC(74) PSYoungGen: 3376161K(3402752K)->55648K(3409408K) Eden: 3319296K(3319296K)->0K(3328512K) From: 56865K(83456K)->55648K(80896K)
[2026-09-22T07:47:11.174+0000][445.581s][info][gc,heap        ] GC(74) ParOldGen: 3360173K(3499520K)->3380405K(3499520K)
[2026-09-22T07:47:11.174+0000][445.581s][info][gc,metaspace   ] GC(74) Metaspace: 167785K(169536K)->167785K(169536K) NonClass: 141228K(142208K)->141228K(142208K) Class: 26556K(27328K)->26556K(27328K)
[2026-09-22T07:47:11.174+0000][445.581s][info][gc             ] GC(74) Pause Young (Allocation Failure) 6578M->3355M(6747M) 107.826ms
[2026-09-22T07:47:11.174+0000][445.581s][info][gc,cpu         ] GC(74) User=0.43s Sys=0.00s Real=0.11s
[2026-09-22T07:47:19.398+0000][453.805s][info][gc,start       ] GC(75) Pause Young (Allocation Failure)
[2026-09-22T07:47:19.509+0000][453.916s][info][gc,heap        ] GC(75) PSYoungGen: 3384160K(3409408K)->66866K(3407360K) Eden: 3328512K(3328512K)->0K(3328512K) From: 55648K(80896K)->66866K(78848K)
[2026-09-22T07:47:19.509+0000][453.916s][info][gc,heap        ] GC(75) ParOldGen: 3380405K(3499520K)->3398743K(3499520K)
[2026-09-22T07:47:19.509+0000][453.916s][info][gc,metaspace   ] GC(75) Metaspace: 169688K(171392K)->169688K(171392K) NonClass: 142920K(143872K)->142920K(143872K) Class: 26768K(27520K)->26768K(27520K)
[2026-09-22T07:47:19.509+0000][453.916s][info][gc             ] GC(75) Pause Young (Allocation Failure) 6606M->3384M(6745M) 110.617ms
[2026-09-22T07:47:19.509+0000][453.916s][info][gc,cpu         ] GC(75) User=0.45s Sys=0.00s Real=0.11s
[2026-09-22T07:47:27.498+0000][461.904s][info][gc,start       ] GC(76) Pause Young (Allocation Failure)
[2026-09-22T07:47:27.604+0000][462.011s][info][gc,heap        ] GC(76) PSYoungGen: 3395378K(3407360K)->57777K(3413504K) Eden: 3328512K(3328512K)->0K(3335680K) From: 66866K(78848K)->57777K(77824K)
[2026-09-22T07:47:27.604+0000][462.011s][info][gc,heap        ] GC(76) ParOldGen: 3398743K(3499520K)->3418640K(3499520K)
[2026-09-22T07:47:27.604+0000][462.011s][info][gc,metaspace   ] GC(76) Metaspace: 170305K(172032K)->170305K(172032K) NonClass: 143503K(144448K)->143503K(144448K) Class: 26801K(27584K)->26801K(27584K)
[2026-09-22T07:47:27.604+0000][462.011s][info][gc             ] GC(76) Pause Young (Allocation Failure) 6634M->3394M(6751M) 106.385ms
[2026-09-22T07:47:27.604+0000][462.011s][info][gc,cpu         ] GC(76) User=0.42s Sys=0.01s Real=0.11s
[2026-09-22T07:47:35.961+0000][470.367s][info][gc,start       ] GC(77) Pause Young (Allocation Failure)
[2026-09-22T07:47:36.089+0000][470.496s][info][gc,heap        ] GC(77) PSYoungGen: 3393457K(3413504K)->62033K(3414016K) Eden: 3335680K(3335680K)->0K(3335680K) From: 57777K(77824K)->62033K(78336K)
[2026-09-22T07:47:36.089+0000][470.496s][info][gc,heap        ] GC(77) ParOldGen: 3418640K(3499520K)->3439674K(3499520K)
[2026-09-22T07:47:36.089+0000][470.496s][info][gc,metaspace   ] GC(77) Metaspace: 170311K(172096K)->170311K(172096K) NonClass: 143510K(144512K)->143510K(144512K) Class: 26801K(27584K)->26801K(27584K)
[2026-09-22T07:47:36.089+0000][470.496s][info][gc             ] GC(77) Pause Young (Allocation Failure) 6652M->3419M(6751M) 128.413ms
[2026-09-22T07:47:36.089+0000][470.496s][info][gc,cpu         ] GC(77) User=0.46s Sys=0.02s Real=0.13s
[2026-09-22T07:47:44.139+0000][478.546s][info][gc,start       ] GC(78) Pause Young (Allocation Failure)
[2026-09-22T07:47:44.246+0000][478.653s][info][gc,heap        ] GC(78) PSYoungGen: 3397713K(3414016K)->57537K(3412480K) Eden: 3335680K(3335680K)->0K(3338752K) From: 62033K(78336K)->57537K(73728K)
[2026-09-22T07:47:44.247+0000][478.653s][info][gc,heap        ] GC(78) ParOldGen: 3439674K(3499520K)->3464722K(3499520K)
[2026-09-22T07:47:44.247+0000][478.653s][info][gc,metaspace   ] GC(78) Metaspace: 170348K(172096K)->170348K(172096K) NonClass: 143546K(144512K)->143546K(144512K) Class: 26801K(27584K)->26801K(27584K)
[2026-09-22T07:47:44.247+0000][478.653s][info][gc             ] GC(78) Pause Young (Allocation Failure) 6677M->3439M(6750M) 107.690ms
[2026-09-22T07:47:44.247+0000][478.653s][info][gc,cpu         ] GC(78) User=0.43s Sys=0.00s Real=0.10s
[2026-09-22T07:47:52.086+0000][486.493s][info][gc,start       ] GC(79) Pause Young (Allocation Failure)
[2026-09-22T07:47:52.197+0000][486.604s][info][gc,heap        ] GC(79) PSYoungGen: 3396283K(3412480K)->58618K(3414528K) Eden: 3338746K(3338752K)->0K(3338752K) From: 57537K(73728K)->58618K(75776K)
[2026-09-22T07:47:52.197+0000][486.604s][info][gc,heap        ] GC(79) ParOldGen: 3464722K(3499520K)->3486104K(3499520K)
[2026-09-22T07:47:52.197+0000][486.604s][info][gc,metaspace   ] GC(79) Metaspace: 171469K(173248K)->171469K(173248K) NonClass: 144530K(145536K)->144530K(145536K) Class: 26938K(27712K)->26938K(27712K)
[2026-09-22T07:47:52.197+0000][486.604s][info][gc             ] GC(79) Pause Young (Allocation Failure) 6700M->3461M(6752M) 111.098ms
[2026-09-22T07:47:52.197+0000][486.604s][info][gc,cpu         ] GC(79) User=0.43s Sys=0.01s Real=0.11s
[2026-09-22T07:47:57.951+0000][492.358s][info][gc,start       ] GC(80) Pause Young (Allocation Failure)
[2026-09-22T07:47:58.040+0000][492.447s][info][gc,heap        ] GC(80) PSYoungGen: 3397370K(3414528K)->11488K(3407360K) Eden: 3338752K(3338752K)->0K(3333120K) From: 58618K(75776K)->11488K(74240K)
[2026-09-22T07:47:58.040+0000][492.447s][info][gc,heap        ] GC(80) ParOldGen: 3486104K(3499520K)->3535887K(3536384K)
[2026-09-22T07:47:58.040+0000][492.447s][info][gc,metaspace   ] GC(80) Metaspace: 171587K(173376K)->171587K(173376K) NonClass: 144645K(145664K)->144645K(145664K) Class: 26941K(27712K)->26941K(27712K)
[2026-09-22T07:47:58.040+0000][492.447s][info][gc             ] GC(80) Pause Young (Allocation Failure) 6722M->3464M(6781M) 89.155ms
[2026-09-22T07:47:58.040+0000][492.447s][info][gc,cpu         ] GC(80) User=0.33s Sys=0.02s Real=0.09s
[2026-09-22T07:48:03.670+0000][498.077s][info][gc,start       ] GC(81) Pause Young (Allocation Failure)
[2026-09-22T07:48:03.713+0000][498.120s][info][gc,heap        ] GC(81) PSYoungGen: 3344608K(3407360K)->13920K(3347456K) Eden: 3333120K(3333120K)->0K(3333120K) From: 11488K(74240K)->13920K(14336K)
[2026-09-22T07:48:03.713+0000][498.120s][info][gc,heap        ] GC(81) ParOldGen: 3535887K(3536384K)->3539199K(3539456K)
[2026-09-22T07:48:03.713+0000][498.120s][info][gc,metaspace   ] GC(81) Metaspace: 171646K(173440K)->171646K(173440K) NonClass: 144695K(145728K)->144695K(145728K) Class: 26950K(27712K)->26950K(27712K)
[2026-09-22T07:48:03.713+0000][498.120s][info][gc             ] GC(81) Pause Young (Allocation Failure) 6719M->3469M(6725M) 43.678ms
[2026-09-22T07:48:03.713+0000][498.120s][info][gc,cpu         ] GC(81) User=0.15s Sys=0.01s Real=0.04s
[2026-09-22T07:48:09.392+0000][503.799s][info][gc,start       ] GC(82) Pause Young (Allocation Failure)
[2026-09-22T07:48:09.434+0000][503.841s][info][gc,heap        ] GC(82) PSYoungGen: 3347040K(3347456K)->11456K(3403776K) Eden: 3333120K(3333120K)->0K(3318784K) From: 13920K(14336K)->11456K(84992K)
[2026-09-22T07:48:09.434+0000][503.841s][info][gc,heap        ] GC(82) ParOldGen: 3539199K(3539456K)->3542455K(3542528K)
[2026-09-22T07:48:09.434+0000][503.841s][info][gc,metaspace   ] GC(82) Metaspace: 171675K(173440K)->171675K(173440K) NonClass: 144725K(145728K)->144725K(145728K) Class: 26950K(27712K)->26950K(27712K)
[2026-09-22T07:48:09.434+0000][503.841s][info][gc             ] GC(82) Pause Young (Allocation Failure) 6724M->3470M(6783M) 41.842ms
[2026-09-22T07:48:09.434+0000][503.841s][info][gc,cpu         ] GC(82) User=0.15s Sys=0.01s Real=0.04s
[2026-09-22T07:48:14.017+0000][508.424s][info][gc,heap,exit   ] Heap
[2026-09-22T07:48:14.017+0000][508.424s][info][gc,heap,exit   ]  PSYoungGen      total 3403776K, used 2590260K [0x000000072ab00000, 0x0000000800000000, 0x0000000800000000)
[2026-09-22T07:48:14.017+0000][508.424s][info][gc,heap,exit   ]   eden space 3318784K, 77% used [0x000000072ab00000,0x00000007c815d0f0,0x00000007f5400000)
[2026-09-22T07:48:14.017+0000][508.424s][info][gc,heap,exit   ]   from space 84992K, 13% used [0x00000007fad00000,0x00000007fb830000,0x0000000800000000)
[2026-09-22T07:48:14.017+0000][508.424s][info][gc,heap,exit   ]   to   space 88064K, 0% used [0x00000007f5400000,0x00000007f5400000,0x00000007faa00000)
[2026-09-22T07:48:14.017+0000][508.424s][info][gc,heap,exit   ]  ParOldGen       total 3542528K, used 3542455K [0x0000000580000000, 0x0000000658380000, 0x000000072ab00000)
[2026-09-22T07:48:14.017+0000][508.424s][info][gc,heap,exit   ]   object space 3542528K, 99% used [0x0000000580000000,0x000000065836dd58,0x0000000658380000)
[2026-09-22T07:48:14.017+0000][508.424s][info][gc,heap,exit   ]  Metaspace       used 171764K, committed 173504K, reserved 1245184K
[2026-09-22T07:48:14.017+0000][508.424s][info][gc,heap,exit   ]   class space    used 26966K, committed 27712K, reserved 1048576K
