[2026-09-23T22:56:33.833+0000][0.030s][info][gc,init] CardTable entry size: 512
[2026-09-23T22:56:33.833+0000][0.030s][info][gc     ] Using Parallel
[2026-09-23T22:56:33.852+0000][0.048s][info][gc,init] Version: 21.0.12.1+1-LTS (release)
[2026-09-23T22:56:33.852+0000][0.048s][info][gc,init] CPUs: 4 total, 4 available
[2026-09-23T22:56:33.852+0000][0.048s][info][gc,init] Memory: 15989M
[2026-09-23T22:56:33.852+0000][0.048s][info][gc,init] Large Page Support: Disabled
[2026-09-23T22:56:33.852+0000][0.048s][info][gc,init] NUMA Support: Disabled
[2026-09-23T22:56:33.852+0000][0.048s][info][gc,init] Compressed Oops: Enabled (Zero based)
[2026-09-23T22:56:33.852+0000][0.049s][info][gc,init] Alignments: Space 512K, Generation 512K, Heap 2M
[2026-09-23T22:56:33.852+0000][0.049s][info][gc,init] Heap Min Capacity: 4G
[2026-09-23T22:56:33.852+0000][0.049s][info][gc,init] Heap Initial Capacity: 4G
[2026-09-23T22:56:33.852+0000][0.049s][info][gc,init] Heap Max Capacity: 10G
[2026-09-23T22:56:33.852+0000][0.049s][info][gc,init] Pre-touch: Disabled
[2026-09-23T22:56:33.852+0000][0.049s][info][gc,init] Parallel Workers: 4
[2026-09-23T22:56:33.860+0000][0.057s][info][gc,metaspace] CDS archive(s) mapped at: [0x00007f0fa1000000-0x00007f0fa1c9c000-0x00007f0fa1c9c000), size 13221888, SharedBaseAddress: 0x00007f0fa1000000, ArchiveRelocationMode: 1.
[2026-09-23T22:56:33.860+0000][0.057s][info][gc,metaspace] Compressed class space mapped at: 0x00007f0fa2000000-0x00007f0fe2000000, reserved size: 1073741824
[2026-09-23T22:56:33.860+0000][0.057s][info][gc,metaspace] Narrow klass base: 0x00007f0fa1000000, Narrow klass shift: 0, Narrow klass range: 0x100000000
[2026-09-23T22:56:36.490+0000][2.687s][info][gc,start    ] GC(0) Pause Young (Metadata GC Threshold)
[2026-09-23T22:56:36.496+0000][2.693s][info][gc,heap     ] GC(0) PSYoungGen: 919414K(1223168K)->12674K(1223168K) Eden: 919414K(1048576K)->0K(1048576K) From: 0K(174592K)->12674K(174592K)
[2026-09-23T22:56:36.496+0000][2.693s][info][gc,heap     ] GC(0) ParOldGen: 1073K(2796544K)->1145K(2796544K)
[2026-09-23T22:56:36.496+0000][2.693s][info][gc,metaspace] GC(0) Metaspace: 21073K(21504K)->21073K(21504K) NonClass: 18699K(18944K)->18699K(18944K) Class: 2374K(2560K)->2374K(2560K)
[2026-09-23T22:56:36.496+0000][2.693s][info][gc          ] GC(0) Pause Young (Metadata GC Threshold) 898M->13M(3925M) 5.944ms
[2026-09-23T22:56:36.496+0000][2.693s][info][gc,cpu      ] GC(0) User=0.02s Sys=0.01s Real=0.01s
[2026-09-23T22:56:36.496+0000][2.693s][info][gc,start    ] GC(1) Pause Full (Metadata GC Threshold)
[2026-09-23T22:56:36.496+0000][2.693s][info][gc,phases,start] GC(1) Marking Phase
[2026-09-23T22:56:36.504+0000][2.701s][info][gc,phases      ] GC(1) Marking Phase 7.703ms
[2026-09-23T22:56:36.504+0000][2.701s][info][gc,phases,start] GC(1) Summary Phase
[2026-09-23T22:56:36.504+0000][2.701s][info][gc,phases      ] GC(1) Summary Phase 0.008ms
[2026-09-23T22:56:36.504+0000][2.701s][info][gc,phases,start] GC(1) Adjust Roots
[2026-09-23T22:56:36.507+0000][2.703s][info][gc,phases      ] GC(1) Adjust Roots 2.710ms
[2026-09-23T22:56:36.507+0000][2.704s][info][gc,phases,start] GC(1) Compaction Phase
[2026-09-23T22:56:36.513+0000][2.710s][info][gc,phases      ] GC(1) Compaction Phase 6.403ms
[2026-09-23T22:56:36.513+0000][2.710s][info][gc,phases,start] GC(1) Post Compact
[2026-09-23T22:56:36.514+0000][2.711s][info][gc,phases      ] GC(1) Post Compact 1.146ms
[2026-09-23T22:56:36.514+0000][2.711s][info][gc,heap        ] GC(1) PSYoungGen: 12674K(1223168K)->0K(1223168K) Eden: 0K(1048576K)->0K(1048576K) From: 12674K(174592K)->0K(174592K)
[2026-09-23T22:56:36.514+0000][2.711s][info][gc,heap        ] GC(1) ParOldGen: 1145K(2796544K)->13576K(2796544K)
[2026-09-23T22:56:36.514+0000][2.711s][info][gc,metaspace   ] GC(1) Metaspace: 21073K(21504K)->21073K(21504K) NonClass: 18699K(18944K)->18699K(18944K) Class: 2374K(2560K)->2374K(2560K)
[2026-09-23T22:56:36.514+0000][2.711s][info][gc             ] GC(1) Pause Full (Metadata GC Threshold) 13M->13M(3925M) 18.071ms
[2026-09-23T22:56:36.514+0000][2.711s][info][gc,cpu         ] GC(1) User=0.04s Sys=0.00s Real=0.02s
[2026-09-23T22:56:37.737+0000][3.933s][info][gc,start       ] GC(2) Pause Young (Metadata GC Threshold)
[2026-09-23T22:56:37.758+0000][3.955s][info][gc,heap        ] GC(2) PSYoungGen: 496645K(1223168K)->51001K(1223168K) Eden: 496645K(1048576K)->0K(1048576K) From: 0K(174592K)->51001K(174592K)
[2026-09-23T22:56:37.759+0000][3.955s][info][gc,heap        ] GC(2) ParOldGen: 13576K(2796544K)->13584K(2796544K)
[2026-09-23T22:56:37.759+0000][3.955s][info][gc,metaspace   ] GC(2) Metaspace: 35405K(35840K)->35405K(35840K) NonClass: 31300K(31552K)->31300K(31552K) Class: 4104K(4288K)->4104K(4288K)
[2026-09-23T22:56:37.759+0000][3.955s][info][gc             ] GC(2) Pause Young (Metadata GC Threshold) 498M->63M(3925M) 21.831ms
[2026-09-23T22:56:37.759+0000][3.955s][info][gc,cpu         ] GC(2) User=0.07s Sys=0.01s Real=0.02s
[2026-09-23T22:56:37.759+0000][3.955s][info][gc,start       ] GC(3) Pause Full (Metadata GC Threshold)
[2026-09-23T22:56:37.759+0000][3.955s][info][gc,phases,start] GC(3) Marking Phase
[2026-09-23T22:56:37.782+0000][3.979s][info][gc,phases      ] GC(3) Marking Phase 23.302ms
[2026-09-23T22:56:37.782+0000][3.979s][info][gc,phases,start] GC(3) Summary Phase
[2026-09-23T22:56:37.782+0000][3.979s][info][gc,phases      ] GC(3) Summary Phase 0.018ms
[2026-09-23T22:56:37.782+0000][3.979s][info][gc,phases,start] GC(3) Adjust Roots
[2026-09-23T22:56:37.785+0000][3.982s][info][gc,phases      ] GC(3) Adjust Roots 3.351ms
[2026-09-23T22:56:37.785+0000][3.982s][info][gc,phases,start] GC(3) Compaction Phase
[2026-09-23T22:56:37.822+0000][4.018s][info][gc,phases      ] GC(3) Compaction Phase 36.412ms
[2026-09-23T22:56:37.822+0000][4.019s][info][gc,phases,start] GC(3) Post Compact
[2026-09-23T22:56:37.823+0000][4.019s][info][gc,phases      ] GC(3) Post Compact 0.940ms
[2026-09-23T22:56:37.823+0000][4.019s][info][gc,heap        ] GC(3) PSYoungGen: 51001K(1223168K)->0K(1223168K) Eden: 0K(1048576K)->0K(1048576K) From: 51001K(174592K)->0K(174592K)
[2026-09-23T22:56:37.823+0000][4.019s][info][gc,heap        ] GC(3) ParOldGen: 13584K(2796544K)->64229K(2796544K)
[2026-09-23T22:56:37.823+0000][4.019s][info][gc,metaspace   ] GC(3) Metaspace: 35405K(35840K)->35395K(35840K) NonClass: 31300K(31552K)->31293K(31552K) Class: 4104K(4288K)->4101K(4288K)
[2026-09-23T22:56:37.823+0000][4.019s][info][gc             ] GC(3) Pause Full (Metadata GC Threshold) 63M->62M(3925M) 64.167ms
[2026-09-23T22:56:37.823+0000][4.020s][info][gc,cpu         ] GC(3) User=0.22s Sys=0.00s Real=0.07s
[2026-09-23T22:56:39.592+0000][5.789s][info][gc,start       ] GC(4) Pause Young (Metadata GC Threshold)
[2026-09-23T22:56:39.620+0000][5.816s][info][gc,heap        ] GC(4) PSYoungGen: 413689K(1223168K)->42977K(1223168K) Eden: 413689K(1048576K)->0K(1048576K) From: 0K(174592K)->42977K(174592K)
[2026-09-23T22:56:39.620+0000][5.816s][info][gc,heap        ] GC(4) ParOldGen: 64229K(2796544K)->64237K(2796544K)
[2026-09-23T22:56:39.620+0000][5.816s][info][gc,metaspace   ] GC(4) Metaspace: 59182K(59776K)->59182K(59776K) NonClass: 50568K(50880K)->50568K(50880K) Class: 8613K(8896K)->8613K(8896K)
[2026-09-23T22:56:39.620+0000][5.816s][info][gc             ] GC(4) Pause Young (Metadata GC Threshold) 466M->104M(3925M) 27.759ms
[2026-09-23T22:56:39.620+0000][5.816s][info][gc,cpu         ] GC(4) User=0.10s Sys=0.01s Real=0.02s
[2026-09-23T22:56:39.620+0000][5.816s][info][gc,start       ] GC(5) Pause Full (Metadata GC Threshold)
[2026-09-23T22:56:39.620+0000][5.816s][info][gc,phases,start] GC(5) Marking Phase
[2026-09-23T22:56:39.672+0000][5.868s][info][gc,phases      ] GC(5) Marking Phase 51.900ms
[2026-09-23T22:56:39.672+0000][5.868s][info][gc,phases,start] GC(5) Summary Phase
[2026-09-23T22:56:39.672+0000][5.868s][info][gc,phases      ] GC(5) Summary Phase 0.008ms
[2026-09-23T22:56:39.672+0000][5.868s][info][gc,phases,start] GC(5) Adjust Roots
[2026-09-23T22:56:39.681+0000][5.878s][info][gc,phases      ] GC(5) Adjust Roots 9.577ms
[2026-09-23T22:56:39.681+0000][5.878s][info][gc,phases,start] GC(5) Compaction Phase
[2026-09-23T22:56:39.761+0000][5.958s][info][gc,phases      ] GC(5) Compaction Phase 79.915ms
[2026-09-23T22:56:39.761+0000][5.958s][info][gc,phases,start] GC(5) Post Compact
[2026-09-23T22:56:39.762+0000][5.959s][info][gc,phases      ] GC(5) Post Compact 1.115ms
[2026-09-23T22:56:39.762+0000][5.959s][info][gc,heap        ] GC(5) PSYoungGen: 42977K(1223168K)->0K(1223168K) Eden: 0K(1048576K)->0K(1048576K) From: 42977K(174592K)->0K(174592K)
[2026-09-23T22:56:39.762+0000][5.959s][info][gc,heap        ] GC(5) ParOldGen: 64237K(2796544K)->103076K(2796544K)
[2026-09-23T22:56:39.762+0000][5.959s][info][gc,metaspace   ] GC(5) Metaspace: 59182K(59776K)->59182K(59776K) NonClass: 50568K(50880K)->50568K(50880K) Class: 8613K(8896K)->8613K(8896K)
[2026-09-23T22:56:39.762+0000][5.959s][info][gc             ] GC(5) Pause Full (Metadata GC Threshold) 104M->100M(3925M) 142.702ms
[2026-09-23T22:56:39.762+0000][5.959s][info][gc,cpu         ] GC(5) User=0.52s Sys=0.01s Real=0.15s
[2026-09-23T22:56:42.946+0000][9.143s][info][gc,start       ] GC(6) Pause Young (Metadata GC Threshold)
[2026-09-23T22:56:43.042+0000][9.239s][info][gc,heap        ] GC(6) PSYoungGen: 814091K(1223168K)->174580K(1223168K) Eden: 814091K(1048576K)->0K(1048576K) From: 0K(174592K)->174580K(174592K)
[2026-09-23T22:56:43.042+0000][9.239s][info][gc,heap        ] GC(6) ParOldGen: 103076K(2796544K)->105508K(2796544K)
[2026-09-23T22:56:43.042+0000][9.239s][info][gc,metaspace   ] GC(6) Metaspace: 98772K(99648K)->98772K(99648K) NonClass: 84817K(85312K)->84817K(85312K) Class: 13955K(14336K)->13955K(14336K)
[2026-09-23T22:56:43.042+0000][9.239s][info][gc             ] GC(6) Pause Young (Metadata GC Threshold) 895M->273M(3925M) 95.983ms
[2026-09-23T22:56:43.042+0000][9.239s][info][gc,cpu         ] GC(6) User=0.31s Sys=0.06s Real=0.10s
[2026-09-23T22:56:43.042+0000][9.239s][info][gc,start       ] GC(7) Pause Full (Metadata GC Threshold)
[2026-09-23T22:56:43.042+0000][9.239s][info][gc,phases,start] GC(7) Marking Phase
[2026-09-23T22:56:43.150+0000][9.346s][info][gc,phases      ] GC(7) Marking Phase 107.709ms
[2026-09-23T22:56:43.150+0000][9.346s][info][gc,phases,start] GC(7) Summary Phase
[2026-09-23T22:56:43.150+0000][9.346s][info][gc,phases      ] GC(7) Summary Phase 0.029ms
[2026-09-23T22:56:43.150+0000][9.346s][info][gc,phases,start] GC(7) Adjust Roots
[2026-09-23T22:56:43.159+0000][9.356s][info][gc,phases      ] GC(7) Adjust Roots 9.722ms
[2026-09-23T22:56:43.159+0000][9.356s][info][gc,phases,start] GC(7) Compaction Phase
[2026-09-23T22:56:43.433+0000][9.630s][info][gc,phases      ] GC(7) Compaction Phase 273.627ms
[2026-09-23T22:56:43.433+0000][9.630s][info][gc,phases,start] GC(7) Post Compact
[2026-09-23T22:56:43.435+0000][9.632s][info][gc,phases      ] GC(7) Post Compact 1.732ms
[2026-09-23T22:56:43.435+0000][9.632s][info][gc,heap        ] GC(7) PSYoungGen: 174580K(1223168K)->0K(1223168K) Eden: 0K(1048576K)->0K(1048576K) From: 174580K(174592K)->0K(174592K)
[2026-09-23T22:56:43.435+0000][9.632s][info][gc,heap        ] GC(7) ParOldGen: 105508K(2796544K)->278464K(2796544K)
[2026-09-23T22:56:43.435+0000][9.632s][info][gc,metaspace   ] GC(7) Metaspace: 98772K(99648K)->98772K(99648K) NonClass: 84817K(85312K)->84817K(85312K) Class: 13955K(14336K)->13955K(14336K)
[2026-09-23T22:56:43.435+0000][9.632s][info][gc             ] GC(7) Pause Full (Metadata GC Threshold) 273M->271M(3925M) 392.973ms
[2026-09-23T22:56:43.435+0000][9.632s][info][gc,cpu         ] GC(7) User=1.47s Sys=0.01s Real=0.39s
[2026-09-23T22:56:46.571+0000][12.767s][info][gc,start       ] GC(8) Pause Young (Allocation Failure)
[2026-09-23T22:56:46.596+0000][12.793s][info][gc,heap        ] GC(8) PSYoungGen: 1048576K(1223168K)->44738K(1223168K) Eden: 1048576K(1048576K)->0K(1048576K) From: 0K(174592K)->44738K(174592K)
[2026-09-23T22:56:46.596+0000][12.793s][info][gc,heap        ] GC(8) ParOldGen: 278464K(2796544K)->278480K(2796544K)
[2026-09-23T22:56:46.596+0000][12.793s][info][gc,metaspace   ] GC(8) Metaspace: 117213K(118208K)->117213K(118208K) NonClass: 100338K(100928K)->100338K(100928K) Class: 16874K(17280K)->16874K(17280K)
[2026-09-23T22:56:46.596+0000][12.793s][info][gc             ] GC(8) Pause Young (Allocation Failure) 1295M->315M(3925M) 25.074ms
[2026-09-23T22:56:46.596+0000][12.793s][info][gc,cpu         ] GC(8) User=0.09s Sys=0.00s Real=0.02s
[2026-09-23T22:56:53.114+0000][19.311s][info][gc,start       ] GC(9) Pause Young (Allocation Failure)
[2026-09-23T22:56:53.169+0000][19.365s][info][gc,heap        ] GC(9) PSYoungGen: 1093314K(1223168K)->118332K(2240512K) Eden: 1048576K(1048576K)->0K(2082304K) From: 44738K(174592K)->118332K(158208K)
[2026-09-23T22:56:53.169+0000][19.365s][info][gc,heap        ] GC(9) ParOldGen: 278480K(2796544K)->278496K(2796544K)
[2026-09-23T22:56:53.169+0000][19.365s][info][gc,metaspace   ] GC(9) Metaspace: 149556K(150848K)->149556K(150848K) NonClass: 125175K(125952K)->125175K(125952K) Class: 24380K(24896K)->24380K(24896K)
[2026-09-23T22:56:53.169+0000][19.365s][info][gc             ] GC(9) Pause Young (Allocation Failure) 1339M->387M(4919M) 54.311ms
[2026-09-23T22:56:53.169+0000][19.365s][info][gc,cpu         ] GC(9) User=0.17s Sys=0.04s Real=0.05s
[2026-09-23T22:56:54.435+0000][20.632s][info][gc,start       ] GC(10) Pause Young (CodeCache GC Threshold)
[2026-09-23T22:56:54.500+0000][20.696s][info][gc,heap        ] GC(10) PSYoungGen: 572141K(2240512K)->143329K(2255360K) Eden: 453809K(2082304K)->0K(2082304K) From: 118332K(158208K)->143329K(173056K)
[2026-09-23T22:56:54.500+0000][20.696s][info][gc,heap        ] GC(10) ParOldGen: 278496K(2796544K)->278512K(2796544K)
[2026-09-23T22:56:54.500+0000][20.696s][info][gc,metaspace   ] GC(10) Metaspace: 150537K(151808K)->150537K(151808K) NonClass: 126038K(126784K)->126038K(126784K) Class: 24499K(25024K)->24499K(25024K)
[2026-09-23T22:56:54.500+0000][20.696s][info][gc             ] GC(10) Pause Young (CodeCache GC Threshold) 830M->411M(4933M) 64.525ms
[2026-09-23T22:56:54.500+0000][20.697s][info][gc,cpu         ] GC(10) User=0.20s Sys=0.06s Real=0.06s
[2026-09-23T22:56:54.500+0000][20.697s][info][gc,start       ] GC(11) Pause Full (CodeCache GC Threshold)
[2026-09-23T22:56:54.500+0000][20.697s][info][gc,phases,start] GC(11) Marking Phase
[2026-09-23T22:56:54.681+0000][20.878s][info][gc,phases      ] GC(11) Marking Phase 181.182ms
[2026-09-23T22:56:54.681+0000][20.878s][info][gc,phases,start] GC(11) Summary Phase
[2026-09-23T22:56:54.681+0000][20.878s][info][gc,phases      ] GC(11) Summary Phase 0.028ms
[2026-09-23T22:56:54.681+0000][20.878s][info][gc,phases,start] GC(11) Adjust Roots
[2026-09-23T22:56:54.703+0000][20.900s][info][gc,phases      ] GC(11) Adjust Roots 22.034ms
[2026-09-23T22:56:54.703+0000][20.900s][info][gc,phases,start] GC(11) Compaction Phase
[2026-09-23T22:56:55.056+0000][21.253s][info][gc,phases      ] GC(11) Compaction Phase 352.803ms
[2026-09-23T22:56:55.056+0000][21.253s][info][gc,phases,start] GC(11) Post Compact
[2026-09-23T22:56:55.062+0000][21.259s][info][gc,phases      ] GC(11) Post Compact 6.140ms
[2026-09-23T22:56:55.062+0000][21.259s][info][gc,heap        ] GC(11) PSYoungGen: 143329K(2255360K)->0K(2255360K) Eden: 0K(2082304K)->0K(2082304K) From: 143329K(173056K)->0K(173056K)
[2026-09-23T22:56:55.062+0000][21.259s][info][gc,heap        ] GC(11) ParOldGen: 278512K(2796544K)->382307K(2796544K)
[2026-09-23T22:56:55.062+0000][21.259s][info][gc,metaspace   ] GC(11) Metaspace: 150537K(151808K)->150473K(151808K) NonClass: 126038K(126784K)->125989K(126784K) Class: 24499K(25024K)->24483K(25024K)
[2026-09-23T22:56:55.062+0000][21.259s][info][gc             ] GC(11) Pause Full (CodeCache GC Threshold) 411M->373M(4933M) 562.367ms
[2026-09-23T22:56:55.062+0000][21.259s][info][gc,cpu         ] GC(11) User=1.99s Sys=0.04s Real=0.57s
[2026-09-23T22:56:59.338+0000][25.534s][info][gc,start       ] GC(12) Pause Young (Allocation Failure)
[2026-09-23T22:56:59.442+0000][25.638s][info][gc,heap        ] GC(12) PSYoungGen: 2082304K(2255360K)->194047K(2224640K) Eden: 2082304K(2082304K)->0K(2030592K) From: 0K(173056K)->194047K(194048K)
[2026-09-23T22:56:59.442+0000][25.638s][info][gc,heap        ] GC(12) ParOldGen: 382307K(2796544K)->454811K(2796544K)
[2026-09-23T22:56:59.442+0000][25.638s][info][gc,metaspace   ] GC(12) Metaspace: 152749K(154176K)->152749K(154176K) NonClass: 127941K(128768K)->127941K(128768K) Class: 24808K(25408K)->24808K(25408K)
[2026-09-23T22:56:59.442+0000][25.638s][info][gc             ] GC(12) Pause Young (Allocation Failure) 2406M->633M(4903M) 104.002ms
[2026-09-23T22:56:59.442+0000][25.638s][info][gc,cpu         ] GC(12) User=0.35s Sys=0.06s Real=0.11s
[2026-09-23T22:57:03.501+0000][29.697s][info][gc,start       ] GC(13) Pause Young (Allocation Failure)
[2026-09-23T22:57:03.582+0000][29.779s][info][gc,heap        ] GC(13) PSYoungGen: 2224639K(2224640K)->260591K(2291200K) Eden: 2030592K(2030592K)->0K(2030592K) From: 194047K(194048K)->260591K(260608K)
[2026-09-23T22:57:03.582+0000][29.779s][info][gc,heap        ] GC(13) ParOldGen: 454811K(2796544K)->540833K(2796544K)
[2026-09-23T22:57:03.582+0000][29.779s][info][gc,metaspace   ] GC(13) Metaspace: 153459K(154944K)->153459K(154944K) NonClass: 128541K(129408K)->128541K(129408K) Class: 24918K(25536K)->24918K(25536K)
[2026-09-23T22:57:03.582+0000][29.779s][info][gc             ] GC(13) Pause Young (Allocation Failure) 2616M->782M(4968M) 81.801ms
[2026-09-23T22:57:03.582+0000][29.779s][info][gc,cpu         ] GC(13) User=0.28s Sys=0.04s Real=0.08s
[2026-09-23T22:57:07.228+0000][33.425s][info][gc,start       ] GC(14) Pause Young (Allocation Failure)
[2026-09-23T22:57:07.325+0000][33.522s][info][gc,heap        ] GC(14) PSYoungGen: 2291183K(2291200K)->244124K(3112960K) Eden: 2030592K(2030592K)->0K(2771968K) From: 260591K(260608K)->244124K(340992K)
[2026-09-23T22:57:07.325+0000][33.522s][info][gc,heap        ] GC(14) ParOldGen: 540833K(2796544K)->701025K(2796544K)
[2026-09-23T22:57:07.325+0000][33.522s][info][gc,metaspace   ] GC(14) Metaspace: 154105K(155584K)->154105K(155584K) NonClass: 129109K(129984K)->129109K(129984K) Class: 24995K(25600K)->24995K(25600K)
[2026-09-23T22:57:07.325+0000][33.522s][info][gc             ] GC(14) Pause Young (Allocation Failure) 2765M->922M(5771M) 97.436ms
[2026-09-23T22:57:07.325+0000][33.522s][info][gc,cpu         ] GC(14) User=0.29s Sys=0.10s Real=0.10s
[2026-09-23T22:57:13.200+0000][39.397s][info][gc,start       ] GC(15) Pause Young (Allocation Failure)
[2026-09-23T22:57:13.311+0000][39.508s][info][gc,heap        ] GC(15) PSYoungGen: 3016092K(3112960K)->156537K(3133440K) Eden: 2771968K(2771968K)->0K(2771968K) From: 244124K(340992K)->156537K(361472K)
[2026-09-23T22:57:13.311+0000][39.508s][info][gc,heap        ] GC(15) ParOldGen: 701025K(2796544K)->959453K(2796544K)
[2026-09-23T22:57:13.311+0000][39.508s][info][gc,metaspace   ] GC(15) Metaspace: 154888K(156352K)->154888K(156352K) NonClass: 129811K(130624K)->129811K(130624K) Class: 25076K(25728K)->25076K(25728K)
[2026-09-23T22:57:13.311+0000][39.508s][info][gc             ] GC(15) Pause Young (Allocation Failure) 3629M->1089M(5791M) 111.483ms
[2026-09-23T22:57:13.311+0000][39.508s][info][gc,cpu         ] GC(15) User=0.37s Sys=0.07s Real=0.12s
[2026-09-23T22:57:19.162+0000][45.358s][info][gc,start       ] GC(16) Pause Young (Allocation Failure)
[2026-09-23T22:57:19.266+0000][45.463s][info][gc,heap        ] GC(16) PSYoungGen: 2928505K(3133440K)->266133K(3100160K) Eden: 2771968K(2771968K)->0K(2755584K) From: 156537K(361472K)->266133K(344576K)
[2026-09-23T22:57:19.266+0000][45.463s][info][gc,heap        ] GC(16) ParOldGen: 959453K(2796544K)->1125525K(2796544K)
[2026-09-23T22:57:19.266+0000][45.463s][info][gc,metaspace   ] GC(16) Metaspace: 156068K(157568K)->156068K(157568K) NonClass: 130922K(131776K)->130922K(131776K) Class: 25145K(25792K)->25145K(25792K)
[2026-09-23T22:57:19.266+0000][45.463s][info][gc             ] GC(16) Pause Young (Allocation Failure) 3796M->1359M(5758M) 104.906ms
[2026-09-23T22:57:19.266+0000][45.463s][info][gc,cpu         ] GC(16) User=0.37s Sys=0.04s Real=0.10s
[2026-09-23T22:57:26.225+0000][52.422s][info][gc,start       ] GC(17) Pause Young (CodeCache GC Threshold)
[2026-09-23T22:57:26.375+0000][52.571s][info][gc,heap        ] GC(17) PSYoungGen: 2939067K(3100160K)->332583K(3088384K) Eden: 2672933K(2755584K)->0K(2755584K) From: 266133K(344576K)->332583K(332800K)
[2026-09-23T22:57:26.375+0000][52.571s][info][gc,heap        ] GC(17) ParOldGen: 1125525K(2796544K)->1364384K(2796544K)
[2026-09-23T22:57:26.375+0000][52.571s][info][gc,metaspace   ] GC(17) Metaspace: 160487K(162048K)->160487K(162048K) NonClass: 134722K(135616K)->134722K(135616K) Class: 25765K(26432K)->25765K(26432K)
[2026-09-23T22:57:26.375+0000][52.571s][info][gc             ] GC(17) Pause Young (CodeCache GC Threshold) 3969M->1657M(5747M) 149.778ms
[2026-09-23T22:57:26.375+0000][52.571s][info][gc,cpu         ] GC(17) User=0.50s Sys=0.09s Real=0.15s
[2026-09-23T22:57:26.375+0000][52.571s][info][gc,start       ] GC(18) Pause Full (CodeCache GC Threshold)
[2026-09-23T22:57:26.375+0000][52.571s][info][gc,phases,start] GC(18) Marking Phase
[2026-09-23T22:57:26.788+0000][52.985s][info][gc,phases      ] GC(18) Marking Phase 413.782ms
[2026-09-23T22:57:26.788+0000][52.985s][info][gc,phases,start] GC(18) Summary Phase
[2026-09-23T22:57:26.789+0000][52.985s][info][gc,phases      ] GC(18) Summary Phase 0.050ms
[2026-09-23T22:57:26.789+0000][52.985s][info][gc,phases,start] GC(18) Adjust Roots
[2026-09-23T22:57:26.810+0000][53.007s][info][gc,phases      ] GC(18) Adjust Roots 21.667ms
[2026-09-23T22:57:26.810+0000][53.007s][info][gc,phases,start] GC(18) Compaction Phase
[2026-09-23T22:57:27.321+0000][53.518s][info][gc,phases      ] GC(18) Compaction Phase 510.712ms
[2026-09-23T22:57:27.321+0000][53.518s][info][gc,phases,start] GC(18) Post Compact
[2026-09-23T22:57:27.331+0000][53.528s][info][gc,phases      ] GC(18) Post Compact 10.295ms
[2026-09-23T22:57:27.331+0000][53.528s][info][gc,heap        ] GC(18) PSYoungGen: 332583K(3088384K)->0K(3088384K) Eden: 0K(2755584K)->0K(2755584K) From: 332583K(332800K)->0K(332800K)
[2026-09-23T22:57:27.331+0000][53.528s][info][gc,heap        ] GC(18) ParOldGen: 1364384K(2796544K)->1504634K(2796544K)
[2026-09-23T22:57:27.331+0000][53.528s][info][gc,metaspace   ] GC(18) Metaspace: 160487K(162048K)->160434K(162048K) NonClass: 134722K(135616K)->134682K(135616K) Class: 25765K(26432K)->25751K(26432K)
[2026-09-23T22:57:27.331+0000][53.528s][info][gc             ] GC(18) Pause Full (CodeCache GC Threshold) 1657M->1469M(5747M) 956.712ms
[2026-09-23T22:57:27.331+0000][53.528s][info][gc,cpu         ] GC(18) User=3.52s Sys=0.04s Real=0.96s
[2026-09-23T22:57:35.854+0000][62.051s][info][gc,start       ] GC(19) Pause Young (GCLocker Initiated GC)
[2026-09-23T22:57:35.975+0000][62.172s][info][gc,heap        ] GC(19) PSYoungGen: 2252641K(3088384K)->406518K(2832384K) Eden: 2252641K(2755584K)->0K(2425856K) From: 0K(332800K)->406518K(406528K)
[2026-09-23T22:57:35.975+0000][62.172s][info][gc,heap        ] GC(19) ParOldGen: 1504634K(2796544K)->1664452K(2796544K)
[2026-09-23T22:57:35.975+0000][62.172s][info][gc,metaspace   ] GC(19) Metaspace: 166495K(168192K)->166495K(168192K) NonClass: 140023K(140992K)->140023K(140992K) Class: 26471K(27200K)->26471K(27200K)
[2026-09-23T22:57:35.975+0000][62.172s][info][gc             ] GC(19) Pause Young (GCLocker Initiated GC) 3669M->2022M(5497M) 120.826ms
[2026-09-23T22:57:35.975+0000][62.172s][info][gc,cpu         ] GC(19) User=0.45s Sys=0.04s Real=0.12s
[2026-09-23T22:57:42.039+0000][68.235s][info][gc,start       ] GC(20) Pause Young (Allocation Failure)
[2026-09-23T22:57:42.226+0000][68.422s][info][gc,heap        ] GC(20) PSYoungGen: 2832374K(2832384K)->243738K(2960384K) Eden: 2425856K(2425856K)->0K(2425856K) From: 406518K(406528K)->243738K(534528K)
[2026-09-23T22:57:42.226+0000][68.422s][info][gc,heap        ] GC(20) ParOldGen: 1664452K(2796544K)->2061844K(2796544K)
[2026-09-23T22:57:42.226+0000][68.422s][info][gc,metaspace   ] GC(20) Metaspace: 167123K(168896K)->167123K(168896K) NonClass: 140609K(141632K)->140609K(141632K) Class: 26513K(27264K)->26513K(27264K)
[2026-09-23T22:57:42.226+0000][68.422s][info][gc             ] GC(20) Pause Young (Allocation Failure) 4391M->2251M(5622M) 187.026ms
[2026-09-23T22:57:42.226+0000][68.422s][info][gc,cpu         ] GC(20) User=0.63s Sys=0.09s Real=0.19s
[2026-09-23T22:57:46.385+0000][72.582s][info][gc,start       ] GC(21) Pause Young (Allocation Failure)
[2026-09-23T22:57:46.550+0000][72.747s][info][gc,heap        ] GC(21) PSYoungGen: 2669594K(2960384K)->197010K(2886144K) Eden: 2425856K(2425856K)->0K(2446848K) From: 243738K(534528K)->197010K(439296K)
[2026-09-23T22:57:46.550+0000][72.747s][info][gc,heap        ] GC(21) ParOldGen: 2061844K(2796544K)->2291658K(2796544K)
[2026-09-23T22:57:46.550+0000][72.747s][info][gc,metaspace   ] GC(21) Metaspace: 167418K(169152K)->167418K(169152K) NonClass: 140879K(141888K)->140879K(141888K) Class: 26539K(27264K)->26539K(27264K)
[2026-09-23T22:57:46.550+0000][72.747s][info][gc             ] GC(21) Pause Young (Allocation Failure) 4620M->2430M(5549M) 165.277ms
[2026-09-23T22:57:46.551+0000][72.747s][info][gc,cpu         ] GC(21) User=0.57s Sys=0.07s Real=0.16s
[2026-09-23T22:57:50.088+0000][76.285s][info][gc,start       ] GC(22) Pause Young (Allocation Failure)
[2026-09-23T22:57:50.235+0000][76.431s][info][gc,heap        ] GC(22) PSYoungGen: 2643858K(2886144K)->163281K(2933760K) Eden: 2446848K(2446848K)->0K(2446848K) From: 197010K(439296K)->163281K(486912K)
[2026-09-23T22:57:50.235+0000][76.431s][info][gc,heap        ] GC(22) ParOldGen: 2291658K(2796544K)->2472654K(2796544K)
[2026-09-23T22:57:50.235+0000][76.431s][info][gc,metaspace   ] GC(22) Metaspace: 167667K(169472K)->167667K(169472K) NonClass: 141108K(142144K)->141108K(142144K) Class: 26558K(27328K)->26558K(27328K)
[2026-09-23T22:57:50.235+0000][76.431s][info][gc             ] GC(22) Pause Young (Allocation Failure) 4819M->2574M(5596M) 146.895ms
[2026-09-23T22:57:50.235+0000][76.431s][info][gc,cpu         ] GC(22) User=0.52s Sys=0.06s Real=0.15s
[2026-09-23T22:57:53.577+0000][79.774s][info][gc,start       ] GC(23) Pause Young (Allocation Failure)
[2026-09-23T22:57:53.745+0000][79.942s][info][gc,heap        ] GC(23) PSYoungGen: 2610129K(2933760K)->158465K(2955776K) Eden: 2446848K(2446848K)->0K(2539520K) From: 163281K(486912K)->158465K(416256K)
[2026-09-23T22:57:53.745+0000][79.942s][info][gc,heap        ] GC(23) ParOldGen: 2472654K(2796544K)->2616913K(2796544K)
[2026-09-23T22:57:53.745+0000][79.942s][info][gc,metaspace   ] GC(23) Metaspace: 168019K(169792K)->168019K(169792K) NonClass: 141428K(142464K)->141428K(142464K) Class: 26591K(27328K)->26591K(27328K)
[2026-09-23T22:57:53.745+0000][79.942s][info][gc             ] GC(23) Pause Young (Allocation Failure) 4963M->2710M(5617M) 167.950ms
[2026-09-23T22:57:53.745+0000][79.942s][info][gc,cpu         ] GC(23) User=0.55s Sys=0.06s Real=0.17s
[2026-09-23T22:57:57.170+0000][83.367s][info][gc,start       ] GC(24) Pause Young (Allocation Failure)
[2026-09-23T22:57:57.326+0000][83.522s][info][gc,heap        ] GC(24) PSYoungGen: 2697985K(2955776K)->162849K(2991104K) Eden: 2539520K(2539520K)->0K(2539520K) From: 158465K(416256K)->162849K(451584K)
[2026-09-23T22:57:57.326+0000][83.522s][info][gc,heap        ] GC(24) ParOldGen: 2616913K(2796544K)->2754022K(2796544K)
[2026-09-23T22:57:57.326+0000][83.522s][info][gc,metaspace   ] GC(24) Metaspace: 168132K(169920K)->168132K(169920K) NonClass: 141541K(142592K)->141541K(142592K) Class: 26591K(27328K)->26591K(27328K)
[2026-09-23T22:57:57.326+0000][83.522s][info][gc             ] GC(24) Pause Young (Allocation Failure) 5190M->2848M(5652M) 155.320ms
[2026-09-23T22:57:57.326+0000][83.522s][info][gc,cpu         ] GC(24) User=0.56s Sys=0.04s Real=0.16s
[2026-09-23T22:58:00.622+0000][86.819s][info][gc,start       ] GC(25) Pause Young (Allocation Failure)
[2026-09-23T22:58:00.782+0000][86.978s][info][gc,heap        ] GC(25) PSYoungGen: 2702369K(2991104K)->142481K(2999296K) Eden: 2539520K(2539520K)->0K(2609664K) From: 162849K(451584K)->142481K(389632K)
[2026-09-23T22:58:00.782+0000][86.978s][info][gc,heap        ] GC(25) ParOldGen: 2754022K(2796544K)->2894060K(2894336K)
[2026-09-23T22:58:00.782+0000][86.978s][info][gc,metaspace   ] GC(25) Metaspace: 168264K(170112K)->168264K(170112K) NonClass: 141672K(142784K)->141672K(142784K) Class: 26592K(27328K)->26592K(27328K)
[2026-09-23T22:58:00.782+0000][86.978s][info][gc             ] GC(25) Pause Young (Allocation Failure) 5328M->2965M(5755M) 159.568ms
[2026-09-23T22:58:00.782+0000][86.978s][info][gc,cpu         ] GC(25) User=0.54s Sys=0.08s Real=0.16s
[2026-09-23T22:58:03.973+0000][90.170s][info][gc,start       ] GC(26) Pause Young (Allocation Failure)
[2026-09-23T22:58:04.134+0000][90.331s][info][gc,heap        ] GC(26) PSYoungGen: 2752145K(2999296K)->130465K(3030016K) Eden: 2609664K(2609664K)->0K(2609664K) From: 142481K(389632K)->130465K(420352K)
[2026-09-23T22:58:04.134+0000][90.331s][info][gc,heap        ] GC(26) ParOldGen: 2894060K(2894336K)->3012094K(3012096K)
[2026-09-23T22:58:04.134+0000][90.331s][info][gc,metaspace   ] GC(26) Metaspace: 168367K(170240K)->168367K(170240K) NonClass: 141761K(142848K)->141761K(142848K) Class: 26605K(27392K)->26605K(27392K)
[2026-09-23T22:58:04.134+0000][90.331s][info][gc             ] GC(26) Pause Young (Allocation Failure) 5513M->3068M(5900M) 160.763ms
[2026-09-23T22:58:04.134+0000][90.331s][info][gc,cpu         ] GC(26) User=0.54s Sys=0.07s Real=0.16s
[2026-09-23T22:58:07.406+0000][93.603s][info][gc,start       ] GC(27) Pause Young (Allocation Failure)
[2026-09-23T22:58:07.566+0000][93.763s][info][gc,heap        ] GC(27) PSYoungGen: 2740129K(3030016K)->141313K(3035136K) Eden: 2609664K(2609664K)->0K(2665984K) From: 130465K(420352K)->141313K(369152K)
[2026-09-23T22:58:07.566+0000][93.763s][info][gc,heap        ] GC(27) ParOldGen: 3012094K(3012096K)->3115338K(3115520K)
[2026-09-23T22:58:07.566+0000][93.763s][info][gc,metaspace   ] GC(27) Metaspace: 168466K(170304K)->168466K(170304K) NonClass: 141850K(142912K)->141850K(142912K) Class: 26615K(27392K)->26615K(27392K)
[2026-09-23T22:58:07.566+0000][93.763s][info][gc             ] GC(27) Pause Young (Allocation Failure) 5617M->3180M(6006M) 160.466ms
[2026-09-23T22:58:07.566+0000][93.763s][info][gc,cpu         ] GC(27) User=0.56s Sys=0.07s Real=0.16s
[2026-09-23T22:58:10.935+0000][97.132s][info][gc,start       ] GC(28) Pause Young (Allocation Failure)
[2026-09-23T22:58:11.100+0000][97.297s][info][gc,heap        ] GC(28) PSYoungGen: 2807297K(3035136K)->124129K(3060736K) Eden: 2665984K(2665984K)->0K(2665984K) From: 141313K(369152K)->124129K(394752K)
[2026-09-23T22:58:11.100+0000][97.297s][info][gc,heap        ] GC(28) ParOldGen: 3115338K(3115520K)->3227199K(3227648K)
[2026-09-23T22:58:11.100+0000][97.297s][info][gc,metaspace   ] GC(28) Metaspace: 168535K(170368K)->168535K(170368K) NonClass: 141917K(142976K)->141917K(142976K) Class: 26618K(27392K)->26618K(27392K)
[2026-09-23T22:58:11.100+0000][97.297s][info][gc             ] GC(28) Pause Young (Allocation Failure) 5783M->3272M(6141M) 164.677ms
[2026-09-23T22:58:11.100+0000][97.297s][info][gc,cpu         ] GC(28) User=0.57s Sys=0.06s Real=0.16s
[2026-09-23T22:58:14.567+0000][100.764s][info][gc,start       ] GC(29) Pause Young (Allocation Failure)
[2026-09-23T22:58:14.732+0000][100.928s][info][gc,heap        ] GC(29) PSYoungGen: 2790113K(3060736K)->133409K(3063296K) Eden: 2665984K(2665984K)->0K(2716672K) From: 124129K(394752K)->133409K(346624K)
[2026-09-23T22:58:14.732+0000][100.928s][info][gc,heap        ] GC(29) ParOldGen: 3227199K(3227648K)->3320552K(3320832K)
[2026-09-23T22:58:14.732+0000][100.928s][info][gc,metaspace   ] GC(29) Metaspace: 168554K(170368K)->168554K(170368K) NonClass: 141935K(142976K)->141935K(142976K) Class: 26618K(27392K)->26618K(27392K)
[2026-09-23T22:58:14.732+0000][100.928s][info][gc             ] GC(29) Pause Young (Allocation Failure) 5876M->3373M(6234M) 164.855ms
[2026-09-23T22:58:14.732+0000][100.928s][info][gc,cpu         ] GC(29) User=0.59s Sys=0.05s Real=0.17s
[2026-09-23T22:58:18.124+0000][104.320s][info][gc,start       ] GC(30) Pause Young (Allocation Failure)
[2026-09-23T22:58:18.288+0000][104.485s][info][gc,heap        ] GC(30) PSYoungGen: 2850081K(3063296K)->118321K(3087360K) Eden: 2716672K(2716672K)->0K(2716672K) From: 133409K(346624K)->118321K(370688K)
[2026-09-23T22:58:18.288+0000][104.485s][info][gc,heap        ] GC(30) ParOldGen: 3320552K(3320832K)->3422369K(3422720K)
[2026-09-23T22:58:18.288+0000][104.485s][info][gc,metaspace   ] GC(30) Metaspace: 168675K(170496K)->168675K(170496K) NonClass: 142042K(143104K)->142042K(143104K) Class: 26633K(27392K)->26633K(27392K)
[2026-09-23T22:58:18.288+0000][104.485s][info][gc             ] GC(30) Pause Young (Allocation Failure) 6026M->3457M(6357M) 164.841ms
[2026-09-23T22:58:18.288+0000][104.485s][info][gc,cpu         ] GC(30) User=0.56s Sys=0.06s Real=0.16s
[2026-09-23T22:58:21.437+0000][107.634s][info][gc,start       ] GC(31) Pause Young (Allocation Failure)
[2026-09-23T22:58:21.575+0000][107.772s][info][gc,heap        ] GC(31) PSYoungGen: 2834993K(3087360K)->49345K(3115520K) Eden: 2716672K(2716672K)->0K(2764288K) From: 118321K(370688K)->49345K(351232K)
[2026-09-23T22:58:21.575+0000][107.772s][info][gc,heap        ] GC(31) ParOldGen: 3422369K(3422720K)->3508879K(3509248K)
[2026-09-23T22:58:21.575+0000][107.772s][info][gc,metaspace   ] GC(31) Metaspace: 168699K(170496K)->168699K(170496K) NonClass: 142064K(143104K)->142064K(143104K) Class: 26634K(27392K)->26634K(27392K)
[2026-09-23T22:58:21.575+0000][107.772s][info][gc             ] GC(31) Pause Young (Allocation Failure) 6110M->3474M(6469M) 137.326ms
[2026-09-23T22:58:21.575+0000][107.772s][info][gc,cpu         ] GC(31) User=0.45s Sys=0.05s Real=0.14s
[2026-09-23T22:58:25.090+0000][111.287s][info][gc,start       ] GC(32) Pause Young (Allocation Failure)
[2026-09-23T22:58:25.190+0000][111.387s][info][gc,heap        ] GC(32) PSYoungGen: 2813633K(3115520K)->46096K(3125248K) Eden: 2764288K(2764288K)->0K(2764288K) From: 49345K(351232K)->46096K(360960K)
[2026-09-23T22:58:25.190+0000][111.387s][info][gc,heap        ] GC(32) ParOldGen: 3508879K(3509248K)->3524708K(3525120K)
[2026-09-23T22:58:25.190+0000][111.387s][info][gc,metaspace   ] GC(32) Metaspace: 168770K(170624K)->168770K(170624K) NonClass: 142136K(143232K)->142136K(143232K) Class: 26634K(27392K)->26634K(27392K)
[2026-09-23T22:58:25.190+0000][111.387s][info][gc             ] GC(32) Pause Young (Allocation Failure) 6174M->3487M(6494M) 99.871ms
[2026-09-23T22:58:25.190+0000][111.387s][info][gc,cpu         ] GC(32) User=0.38s Sys=0.01s Real=0.10s
[2026-09-23T22:58:28.469+0000][114.666s][info][gc,start       ] GC(33) Pause Young (Allocation Failure)
[2026-09-23T22:58:28.571+0000][114.767s][info][gc,heap        ] GC(33) PSYoungGen: 2810384K(3125248K)->44417K(3123712K) Eden: 2764288K(2764288K)->0K(2775040K) From: 46096K(360960K)->44417K(348672K)
[2026-09-23T22:58:28.571+0000][114.767s][info][gc,heap        ] GC(33) ParOldGen: 3524708K(3525120K)->3538524K(3538944K)
[2026-09-23T22:58:28.571+0000][114.767s][info][gc,metaspace   ] GC(33) Metaspace: 168805K(170624K)->168805K(170624K) NonClass: 142170K(143232K)->142170K(143232K) Class: 26634K(27392K)->26634K(27392K)
[2026-09-23T22:58:28.571+0000][114.767s][info][gc             ] GC(33) Pause Young (Allocation Failure) 6186M->3498M(6506M) 101.372ms
[2026-09-23T22:58:28.571+0000][114.767s][info][gc,cpu         ] GC(33) User=0.38s Sys=0.01s Real=0.11s
[2026-09-23T22:58:31.752+0000][117.949s][info][gc,start       ] GC(34) Pause Young (Allocation Failure)
[2026-09-23T22:58:31.852+0000][118.048s][info][gc,heap        ] GC(34) PSYoungGen: 2819457K(3123712K)->44113K(3129856K) Eden: 2775040K(2775040K)->0K(2775040K) From: 44417K(348672K)->44113K(354816K)
[2026-09-23T22:58:31.852+0000][118.048s][info][gc,heap        ] GC(34) ParOldGen: 3538524K(3538944K)->3551827K(3552256K)
[2026-09-23T22:58:31.852+0000][118.048s][info][gc,metaspace   ] GC(34) Metaspace: 168839K(170624K)->168839K(170624K) NonClass: 142204K(143232K)->142204K(143232K) Class: 26635K(27392K)->26635K(27392K)
[2026-09-23T22:58:31.852+0000][118.048s][info][gc             ] GC(34) Pause Young (Allocation Failure) 6208M->3511M(6525M) 99.982ms
[2026-09-23T22:58:31.852+0000][118.049s][info][gc,cpu         ] GC(34) User=0.39s Sys=0.00s Real=0.10s
[2026-09-23T22:58:35.330+0000][121.527s][info][gc,start       ] GC(35) Pause Young (Allocation Failure)
[2026-09-23T22:58:35.425+0000][121.622s][info][gc,heap        ] GC(35) PSYoungGen: 2819153K(3129856K)->43937K(3124224K) Eden: 2775040K(2775040K)->0K(2791936K) From: 44113K(354816K)->43937K(332288K)
[2026-09-23T22:58:35.425+0000][121.622s][info][gc,heap        ] GC(35) ParOldGen: 3551827K(3552256K)->3565491K(3565568K)
[2026-09-23T22:58:35.425+0000][121.622s][info][gc,metaspace   ] GC(35) Metaspace: 168980K(170752K)->168980K(170752K) NonClass: 142333K(143360K)->142333K(143360K) Class: 26646K(27392K)->26646K(27392K)
[2026-09-23T22:58:35.425+0000][121.622s][info][gc             ] GC(35) Pause Young (Allocation Failure) 6221M->3524M(6533M) 94.987ms
[2026-09-23T22:58:35.425+0000][121.622s][info][gc,cpu         ] GC(35) User=0.37s Sys=0.01s Real=0.10s
[2026-09-23T22:58:38.705+0000][124.902s][info][gc,start       ] GC(36) Pause Young (Allocation Failure)
[2026-09-23T22:58:38.799+0000][124.996s][info][gc,heap        ] GC(36) PSYoungGen: 2835873K(3124224K)->43073K(3131904K) Eden: 2791936K(2791936K)->0K(2791936K) From: 43937K(332288K)->43073K(339968K)
[2026-09-23T22:58:38.800+0000][124.996s][info][gc,heap        ] GC(36) ParOldGen: 3565491K(3565568K)->3579279K(3579392K)
[2026-09-23T22:58:38.800+0000][124.996s][info][gc,metaspace   ] GC(36) Metaspace: 169013K(170816K)->169013K(170816K) NonClass: 142367K(143424K)->142367K(143424K) Class: 26646K(27392K)->26646K(27392K)
[2026-09-23T22:58:38.800+0000][124.996s][info][gc             ] GC(36) Pause Young (Allocation Failure) 6251M->3537M(6554M) 94.665ms
[2026-09-23T22:58:38.800+0000][124.996s][info][gc,cpu         ] GC(36) User=0.37s Sys=0.01s Real=0.09s
[2026-09-23T22:58:42.212+0000][128.409s][info][gc,start       ] GC(37) Pause Young (Allocation Failure)
[2026-09-23T22:58:42.308+0000][128.504s][info][gc,heap        ] GC(37) PSYoungGen: 2835009K(3131904K)->42785K(3136512K) Eden: 2791936K(2791936K)->0K(2824704K) From: 43073K(339968K)->42785K(311808K)
[2026-09-23T22:58:42.308+0000][128.504s][info][gc,heap        ] GC(37) ParOldGen: 3579279K(3579392K)->3592359K(3592704K)
[2026-09-23T22:58:42.308+0000][128.504s][info][gc,metaspace   ] GC(37) Metaspace: 169035K(170880K)->169035K(170880K) NonClass: 142386K(143424K)->142386K(143424K) Class: 26648K(27456K)->26648K(27456K)
[2026-09-23T22:58:42.308+0000][128.504s][info][gc             ] GC(37) Pause Young (Allocation Failure) 6263M->3549M(6571M) 95.395ms
[2026-09-23T22:58:42.308+0000][128.504s][info][gc,cpu         ] GC(37) User=0.37s Sys=0.01s Real=0.09s
[2026-09-23T22:58:45.721+0000][131.917s][info][gc,start       ] GC(38) Pause Young (Allocation Failure)
[2026-09-23T22:58:45.814+0000][132.011s][info][gc,heap        ] GC(38) PSYoungGen: 2867489K(3136512K)->42577K(3144704K) Eden: 2824704K(2824704K)->0K(2824704K) From: 42785K(311808K)->42577K(320000K)
[2026-09-23T22:58:45.814+0000][132.011s][info][gc,heap        ] GC(38) ParOldGen: 3592359K(3592704K)->3605063K(3605504K)
[2026-09-23T22:58:45.814+0000][132.011s][info][gc,metaspace   ] GC(38) Metaspace: 169060K(170880K)->169060K(170880K) NonClass: 142411K(143424K)->142411K(143424K) Class: 26648K(27456K)->26648K(27456K)
[2026-09-23T22:58:45.814+0000][132.011s][info][gc             ] GC(38) Pause Young (Allocation Failure) 6308M->3562M(6592M) 93.446ms
[2026-09-23T22:58:45.814+0000][132.011s][info][gc,cpu         ] GC(38) User=0.36s Sys=0.01s Real=0.09s
[2026-09-23T22:58:49.179+0000][135.376s][info][gc,start       ] GC(39) Pause Young (Allocation Failure)
[2026-09-23T22:58:49.274+0000][135.470s][info][gc,heap        ] GC(39) PSYoungGen: 2867281K(3144704K)->43713K(3153408K) Eden: 2824704K(2824704K)->0K(2866176K) From: 42577K(320000K)->43713K(287232K)
[2026-09-23T22:58:49.274+0000][135.470s][info][gc,heap        ] GC(39) ParOldGen: 3605063K(3605504K)->3617191K(3617280K)
[2026-09-23T22:58:49.274+0000][135.470s][info][gc,metaspace   ] GC(39) Metaspace: 169069K(170944K)->169069K(170944K) NonClass: 142421K(143488K)->142421K(143488K) Class: 26648K(27456K)->26648K(27456K)
[2026-09-23T22:58:49.274+0000][135.470s][info][gc             ] GC(39) Pause Young (Allocation Failure) 6320M->3575M(6612M) 94.885ms
[2026-09-23T22:58:49.274+0000][135.470s][info][gc,cpu         ] GC(39) User=0.37s Sys=0.00s Real=0.10s
[2026-09-23T22:58:52.771+0000][138.967s][info][gc,start       ] GC(40) Pause Young (Allocation Failure)
[2026-09-23T22:58:52.882+0000][139.079s][info][gc,heap        ] GC(40) PSYoungGen: 2909889K(3153408K)->44064K(3162624K) Eden: 2866176K(2866176K)->0K(2866176K) From: 43713K(287232K)->44064K(296448K)
[2026-09-23T22:58:52.882+0000][139.079s][info][gc,heap        ] GC(40) ParOldGen: 3617191K(3617280K)->3630087K(3630592K)
[2026-09-23T22:58:52.882+0000][139.079s][info][gc,metaspace   ] GC(40) Metaspace: 169089K(170944K)->169089K(170944K) NonClass: 142440K(143488K)->142440K(143488K) Class: 26649K(27456K)->26649K(27456K)
[2026-09-23T22:58:52.882+0000][139.079s][info][gc             ] GC(40) Pause Young (Allocation Failure) 6374M->3588M(6634M) 111.247ms
[2026-09-23T22:58:52.882+0000][139.079s][info][gc,cpu         ] GC(40) User=0.38s Sys=0.04s Real=0.11s
[2026-09-23T22:58:56.502+0000][142.699s][info][gc,start       ] GC(41) Pause Young (Allocation Failure)
[2026-09-23T22:58:56.597+0000][142.793s][info][gc,heap        ] GC(41) PSYoungGen: 2910240K(3162624K)->42097K(3177984K) Eden: 2866176K(2866176K)->0K(2914304K) From: 44064K(296448K)->42097K(263680K)
[2026-09-23T22:58:56.597+0000][142.794s][info][gc,heap        ] GC(41) ParOldGen: 3630087K(3630592K)->3642674K(3642880K)
[2026-09-23T22:58:56.597+0000][142.794s][info][gc,metaspace   ] GC(41) Metaspace: 169117K(170944K)->169117K(170944K) NonClass: 142464K(143488K)->142464K(143488K) Class: 26652K(27456K)->26652K(27456K)
[2026-09-23T22:58:56.597+0000][142.794s][info][gc             ] GC(41) Pause Young (Allocation Failure) 6387M->3598M(6661M) 95.024ms
[2026-09-23T22:58:56.597+0000][142.794s][info][gc,cpu         ] GC(41) User=0.37s Sys=0.00s Real=0.09s
[2026-09-23T22:59:00.086+0000][146.283s][info][gc,start       ] GC(42) Pause Young (Allocation Failure)
[2026-09-23T22:59:00.181+0000][146.377s][info][gc,heap        ] GC(42) PSYoungGen: 2956401K(3177984K)->43185K(3186688K) Eden: 2914304K(2914304K)->0K(2914304K) From: 42097K(263680K)->43185K(272384K)
[2026-09-23T22:59:00.181+0000][146.377s][info][gc,heap        ] GC(42) ParOldGen: 3642674K(3642880K)->3655290K(3655680K)
[2026-09-23T22:59:00.181+0000][146.377s][info][gc,metaspace   ] GC(42) Metaspace: 169152K(171008K)->169152K(171008K) NonClass: 142498K(143552K)->142498K(143552K) Class: 26653K(27456K)->26653K(27456K)
[2026-09-23T22:59:00.181+0000][146.377s][info][gc             ] GC(42) Pause Young (Allocation Failure) 6444M->3611M(6682M) 94.442ms
[2026-09-23T22:59:00.181+0000][146.377s][info][gc,cpu         ] GC(42) User=0.37s Sys=0.00s Real=0.10s
[2026-09-23T22:59:03.733+0000][149.930s][info][gc,start       ] GC(43) Pause Young (Allocation Failure)
[2026-09-23T22:59:03.830+0000][150.026s][info][gc,heap        ] GC(43) PSYoungGen: 2957489K(3186688K)->44289K(3201536K) Eden: 2914304K(2914304K)->0K(2962432K) From: 43185K(272384K)->44289K(239104K)
[2026-09-23T22:59:03.830+0000][150.026s][info][gc,heap        ] GC(43) ParOldGen: 3655290K(3655680K)->3667985K(3668480K)
[2026-09-23T22:59:03.830+0000][150.026s][info][gc,metaspace   ] GC(43) Metaspace: 169177K(171008K)->169177K(171008K) NonClass: 142520K(143552K)->142520K(143552K) Class: 26657K(27456K)->26657K(27456K)
[2026-09-23T22:59:03.830+0000][150.026s][info][gc             ] GC(43) Pause Young (Allocation Failure) 6457M->3625M(6709M) 96.239ms
[2026-09-23T22:59:03.830+0000][150.026s][info][gc,cpu         ] GC(43) User=0.37s Sys=0.01s Real=0.09s
[2026-09-23T22:59:07.551+0000][153.748s][info][gc,start       ] GC(44) Pause Young (Allocation Failure)
[2026-09-23T22:59:07.646+0000][153.843s][info][gc,heap        ] GC(44) PSYoungGen: 3006721K(3201536K)->42193K(3210240K) Eden: 2962432K(2962432K)->0K(2962432K) From: 44289K(239104K)->42193K(247808K)
[2026-09-23T22:59:07.646+0000][153.843s][info][gc,heap        ] GC(44) ParOldGen: 3667985K(3668480K)->3680633K(3680768K)
[2026-09-23T22:59:07.646+0000][153.843s][info][gc,metaspace   ] GC(44) Metaspace: 169188K(171072K)->169188K(171072K) NonClass: 142531K(143616K)->142531K(143616K) Class: 26657K(27456K)->26657K(27456K)
[2026-09-23T22:59:07.646+0000][153.843s][info][gc             ] GC(44) Pause Young (Allocation Failure) 6518M->3635M(6729M) 94.738ms
[2026-09-23T22:59:07.646+0000][153.843s][info][gc,cpu         ] GC(44) User=0.37s Sys=0.00s Real=0.09s
[2026-09-23T22:59:11.159+0000][157.356s][info][gc,start       ] GC(45) Pause Young (Allocation Failure)
[2026-09-23T22:59:11.276+0000][157.472s][info][gc,heap        ] GC(45) PSYoungGen: 3004625K(3210240K)->43185K(3227648K) Eden: 2962432K(2962432K)->0K(3011072K) From: 42193K(247808K)->43185K(216576K)
[2026-09-23T22:59:11.276+0000][157.473s][info][gc,heap        ] GC(45) ParOldGen: 3680633K(3680768K)->3692684K(3693056K)
[2026-09-23T22:59:11.276+0000][157.473s][info][gc,metaspace   ] GC(45) Metaspace: 169236K(171136K)->169236K(171136K) NonClass: 142571K(143680K)->142571K(143680K) Class: 26664K(27456K)->26664K(27456K)
[2026-09-23T22:59:11.276+0000][157.473s][info][gc             ] GC(45) Pause Young (Allocation Failure) 6528M->3648M(6758M) 116.477ms
[2026-09-23T22:59:11.276+0000][157.473s][info][gc,cpu         ] GC(45) User=0.40s Sys=0.04s Real=0.12s
[2026-09-23T22:59:15.007+0000][161.204s][info][gc,start       ] GC(46) Pause Young (Allocation Failure)
[2026-09-23T22:59:15.103+0000][161.300s][info][gc,heap        ] GC(46) PSYoungGen: 3054257K(3227648K)->42177K(3235840K) Eden: 3011072K(3011072K)->0K(3011072K) From: 43185K(216576K)->42177K(224768K)
[2026-09-23T22:59:15.103+0000][161.300s][info][gc,heap        ] GC(46) ParOldGen: 3692684K(3693056K)->3704178K(3704320K)
[2026-09-23T22:59:15.103+0000][161.300s][info][gc,metaspace   ] GC(46) Metaspace: 169293K(171200K)->169293K(171200K) NonClass: 142626K(143744K)->142626K(143744K) Class: 26666K(27456K)->26666K(27456K)
[2026-09-23T22:59:15.103+0000][161.300s][info][gc             ] GC(46) Pause Young (Allocation Failure) 6588M->3658M(6777M) 96.110ms
[2026-09-23T22:59:15.103+0000][161.300s][info][gc,cpu         ] GC(46) User=0.37s Sys=0.01s Real=0.10s
[2026-09-23T22:59:18.760+0000][164.957s][info][gc,start       ] GC(47) Pause Young (Allocation Failure)
[2026-09-23T22:59:18.855+0000][165.052s][info][gc,heap        ] GC(47) PSYoungGen: 3053249K(3235840K)->42113K(3252736K) Eden: 3011072K(3011072K)->0K(3056640K) From: 42177K(224768K)->42113K(196096K)
[2026-09-23T22:59:18.855+0000][165.052s][info][gc,heap        ] GC(47) ParOldGen: 3704178K(3704320K)->3716612K(3717120K)
[2026-09-23T22:59:18.855+0000][165.052s][info][gc,metaspace   ] GC(47) Metaspace: 169347K(171200K)->169347K(171200K) NonClass: 142673K(143744K)->142673K(143744K) Class: 26673K(27456K)->26673K(27456K)
[2026-09-23T22:59:18.855+0000][165.052s][info][gc             ] GC(47) Pause Young (Allocation Failure) 6599M->3670M(6806M) 95.521ms
[2026-09-23T22:59:18.855+0000][165.052s][info][gc,cpu         ] GC(47) User=0.37s Sys=0.01s Real=0.10s
[2026-09-23T22:59:22.739+0000][168.935s][info][gc,start       ] GC(48) Pause Young (Allocation Failure)
[2026-09-23T22:59:22.836+0000][169.033s][info][gc,heap        ] GC(48) PSYoungGen: 3098753K(3252736K)->41153K(3259904K) Eden: 3056640K(3056640K)->0K(3056640K) From: 42113K(196096K)->41153K(203264K)
[2026-09-23T22:59:22.836+0000][169.033s][info][gc,heap        ] GC(48) ParOldGen: 3716612K(3717120K)->3730064K(3730432K)
[2026-09-23T22:59:22.836+0000][169.033s][info][gc,metaspace   ] GC(48) Metaspace: 169382K(171264K)->169382K(171264K) NonClass: 142708K(143808K)->142708K(143808K) Class: 26673K(27456K)->26673K(27456K)
[2026-09-23T22:59:22.836+0000][169.033s][info][gc             ] GC(48) Pause Young (Allocation Failure) 6655M->3682M(6826M) 97.613ms
[2026-09-23T22:59:22.836+0000][169.033s][info][gc,cpu         ] GC(48) User=0.37s Sys=0.01s Real=0.10s
[2026-09-23T22:59:26.888+0000][173.085s][info][gc,start       ] GC(49) Pause Young (Allocation Failure)
[2026-09-23T22:59:26.986+0000][173.183s][info][gc,heap        ] GC(49) PSYoungGen: 3097793K(3259904K)->41105K(3275264K) Eden: 3056640K(3056640K)->0K(3098624K) From: 41153K(203264K)->41105K(176640K)
[2026-09-23T22:59:26.986+0000][173.183s][info][gc,heap        ] GC(49) ParOldGen: 3730064K(3730432K)->3743608K(3743744K)
[2026-09-23T22:59:26.986+0000][173.183s][info][gc,metaspace   ] GC(49) Metaspace: 169450K(171328K)->169450K(171328K) NonClass: 142763K(143872K)->142763K(143872K) Class: 26687K(27456K)->26687K(27456K)
[2026-09-23T22:59:26.986+0000][173.183s][info][gc             ] GC(49) Pause Young (Allocation Failure) 6667M->3696M(6854M) 98.609ms
[2026-09-23T22:59:26.986+0000][173.183s][info][gc,cpu         ] GC(49) User=0.37s Sys=0.01s Real=0.10s
[2026-09-23T22:59:30.584+0000][176.781s][info][gc,start       ] GC(50) Pause Young (Allocation Failure)
[2026-09-23T22:59:30.680+0000][176.877s][info][gc,heap        ] GC(50) PSYoungGen: 3139729K(3275264K)->44481K(3281920K) Eden: 3098624K(3098624K)->0K(3098624K) From: 41105K(176640K)->44481K(183296K)
[2026-09-23T22:59:30.680+0000][176.877s][info][gc,heap        ] GC(50) ParOldGen: 3743608K(3743744K)->3756887K(3757056K)
[2026-09-23T22:59:30.680+0000][176.877s][info][gc,metaspace   ] GC(50) Metaspace: 169459K(171328K)->169459K(171328K) NonClass: 142772K(143872K)->142772K(143872K) Class: 26687K(27456K)->26687K(27456K)
[2026-09-23T22:59:30.680+0000][176.877s][info][gc             ] GC(50) Pause Young (Allocation Failure) 6722M->3712M(6874M) 96.191ms
[2026-09-23T22:59:30.680+0000][176.877s][info][gc,cpu         ] GC(50) User=0.37s Sys=0.01s Real=0.09s
[2026-09-23T22:59:35.050+0000][181.247s][info][gc,start       ] GC(51) Pause Young (Allocation Failure)
[2026-09-23T22:59:35.181+0000][181.378s][info][gc,heap        ] GC(51) PSYoungGen: 3143105K(3281920K)->53377K(3293184K) Eden: 3098624K(3098624K)->0K(3138048K) From: 44481K(183296K)->53377K(155136K)
[2026-09-23T22:59:35.181+0000][181.378s][info][gc,heap        ] GC(51) ParOldGen: 3756887K(3757056K)->3772199K(3772416K)
[2026-09-23T22:59:35.181+0000][181.378s][info][gc,metaspace   ] GC(51) Metaspace: 169622K(171520K)->169622K(171520K) NonClass: 142918K(144000K)->142918K(144000K) Class: 26703K(27520K)->26703K(27520K)
[2026-09-23T22:59:35.181+0000][181.378s][info][gc             ] GC(51) Pause Young (Allocation Failure) 6738M->3735M(6900M) 131.598ms
[2026-09-23T22:59:35.182+0000][181.378s][info][gc,cpu         ] GC(51) User=0.49s Sys=0.02s Real=0.14s
[2026-09-23T22:59:39.009+0000][185.206s][info][gc,start       ] GC(52) Pause Young (Allocation Failure)
[2026-09-23T22:59:39.111+0000][185.308s][info][gc,heap        ] GC(52) PSYoungGen: 3191425K(3293184K)->42848K(3300864K) Eden: 3138048K(3138048K)->0K(3138048K) From: 53377K(155136K)->42848K(162816K)
[2026-09-23T22:59:39.111+0000][185.308s][info][gc,heap        ] GC(52) ParOldGen: 3772199K(3772416K)->3796960K(3796992K)
[2026-09-23T22:59:39.111+0000][185.308s][info][gc,metaspace   ] GC(52) Metaspace: 169837K(171776K)->169837K(171776K) NonClass: 143109K(144192K)->143109K(144192K) Class: 26727K(27584K)->26727K(27584K)
[2026-09-23T22:59:39.111+0000][185.308s][info][gc             ] GC(52) Pause Young (Allocation Failure) 6800M->3749M(6931M) 102.542ms
[2026-09-23T22:59:39.111+0000][185.308s][info][gc,cpu         ] GC(52) User=0.38s Sys=0.01s Real=0.11s
[2026-09-23T22:59:43.081+0000][189.278s][info][gc,start       ] GC(53) Pause Young (Allocation Failure)
[2026-09-23T22:59:43.180+0000][189.377s][info][gc,heap        ] GC(53) PSYoungGen: 3180896K(3300864K)->45021K(3315712K) Eden: 3138048K(3138048K)->0K(3176960K) From: 42848K(162816K)->45021K(138752K)
[2026-09-23T22:59:43.180+0000][189.377s][info][gc,heap        ] GC(53) ParOldGen: 3796960K(3796992K)->3811035K(3811328K)
[2026-09-23T22:59:43.180+0000][189.377s][info][gc,metaspace   ] GC(53) Metaspace: 169847K(171776K)->169847K(171776K) NonClass: 143119K(144192K)->143119K(144192K) Class: 26727K(27584K)->26727K(27584K)
[2026-09-23T22:59:43.180+0000][189.377s][info][gc             ] GC(53) Pause Young (Allocation Failure) 6814M->3765M(6960M) 99.418ms
[2026-09-23T22:59:43.180+0000][189.377s][info][gc,cpu         ] GC(53) User=0.37s Sys=0.01s Real=0.09s
[2026-09-23T22:59:47.214+0000][193.410s][info][gc,start       ] GC(54) Pause Young (Allocation Failure)
[2026-09-23T22:59:47.313+0000][193.510s][info][gc,heap        ] GC(54) PSYoungGen: 3221981K(3315712K)->39472K(3323904K) Eden: 3176960K(3176960K)->0K(3176960K) From: 45021K(138752K)->39472K(146944K)
[2026-09-23T22:59:47.313+0000][193.510s][info][gc,heap        ] GC(54) ParOldGen: 3811035K(3811328K)->3827194K(3827200K)
[2026-09-23T22:59:47.313+0000][193.510s][info][gc,metaspace   ] GC(54) Metaspace: 169875K(171840K)->169875K(171840K) NonClass: 143147K(144256K)->143147K(144256K) Class: 26727K(27584K)->26727K(27584K)
[2026-09-23T22:59:47.313+0000][193.510s][info][gc             ] GC(54) Pause Young (Allocation Failure) 6868M->3776M(6983M) 99.525ms
[2026-09-23T22:59:47.313+0000][193.510s][info][gc,cpu         ] GC(54) User=0.38s Sys=0.01s Real=0.10s
[2026-09-23T22:59:51.241+0000][197.438s][info][gc,start       ] GC(55) Pause Young (Allocation Failure)
[2026-09-23T22:59:51.337+0000][197.534s][info][gc,heap        ] GC(55) PSYoungGen: 3216432K(3323904K)->41281K(3333120K) Eden: 3176960K(3176960K)->0K(3207680K) From: 39472K(146944K)->41281K(125440K)
[2026-09-23T22:59:51.338+0000][197.534s][info][gc,heap        ] GC(55) ParOldGen: 3827194K(3827200K)->3839764K(3840000K)
[2026-09-23T22:59:51.338+0000][197.534s][info][gc,metaspace   ] GC(55) Metaspace: 169904K(171840K)->169904K(171840K) NonClass: 143170K(144256K)->143170K(144256K) Class: 26733K(27584K)->26733K(27584K)
[2026-09-23T22:59:51.338+0000][197.534s][info][gc             ] GC(55) Pause Young (Allocation Failure) 6878M->3790M(7005M) 96.741ms
[2026-09-23T22:59:51.338+0000][197.534s][info][gc,cpu         ] GC(55) User=0.37s Sys=0.01s Real=0.09s
[2026-09-23T22:59:55.560+0000][201.757s][info][gc,start       ] GC(56) Pause Young (Allocation Failure)
[2026-09-23T22:59:55.660+0000][201.857s][info][gc,heap        ] GC(56) PSYoungGen: 3248961K(3333120K)->42273K(3341312K) Eden: 3207680K(3207680K)->0K(3207680K) From: 41281K(125440K)->42273K(133632K)
[2026-09-23T22:59:55.660+0000][201.857s][info][gc,heap        ] GC(56) ParOldGen: 3839764K(3840000K)->3853541K(3853824K)
[2026-09-23T22:59:55.660+0000][201.857s][info][gc,metaspace   ] GC(56) Metaspace: 169972K(171904K)->169972K(171904K) NonClass: 143237K(144320K)->143237K(144320K) Class: 26735K(27584K)->26735K(27584K)
[2026-09-23T22:59:55.660+0000][201.857s][info][gc             ] GC(56) Pause Young (Allocation Failure) 6922M->3804M(7026M) 100.243ms
[2026-09-23T22:59:55.660+0000][201.857s][info][gc,cpu         ] GC(56) User=0.38s Sys=0.01s Real=0.10s
[2026-09-23T23:00:00.016+0000][206.213s][info][gc,start       ] GC(57) Pause Young (Allocation Failure)
[2026-09-23T23:00:00.111+0000][206.308s][info][gc,heap        ] GC(57) PSYoungGen: 3249953K(3341312K)->40465K(3347968K) Eden: 3207680K(3207680K)->0K(3233792K) From: 42273K(133632K)->40465K(114176K)
[2026-09-23T23:00:00.111+0000][206.308s][info][gc,heap        ] GC(57) ParOldGen: 3853541K(3853824K)->3867104K(3867136K)
[2026-09-23T23:00:00.111+0000][206.308s][info][gc,metaspace   ] GC(57) Metaspace: 169984K(171904K)->169984K(171904K) NonClass: 143249K(144320K)->143249K(144320K) Class: 26735K(27584K)->26735K(27584K)
[2026-09-23T23:00:00.111+0000][206.308s][info][gc             ] GC(57) Pause Young (Allocation Failure) 6937M->3815M(7046M) 95.614ms
[2026-09-23T23:00:00.111+0000][206.308s][info][gc,cpu         ] GC(57) User=0.37s Sys=0.01s Real=0.10s
[2026-09-23T23:00:04.394+0000][210.591s][info][gc,start       ] GC(58) Pause Young (Allocation Failure)
[2026-09-23T23:00:04.513+0000][210.710s][info][gc,heap        ] GC(58) PSYoungGen: 3274257K(3347968K)->42513K(3355648K) Eden: 3233792K(3233792K)->0K(3233792K) From: 40465K(114176K)->42513K(121856K)
[2026-09-23T23:00:04.513+0000][210.710s][info][gc,heap        ] GC(58) ParOldGen: 3867104K(3867136K)->3881080K(3881472K)
[2026-09-23T23:00:04.513+0000][210.710s][info][gc,metaspace   ] GC(58) Metaspace: 170011K(171968K)->170011K(171968K) NonClass: 143275K(144384K)->143275K(144384K) Class: 26735K(27584K)->26735K(27584K)
[2026-09-23T23:00:04.513+0000][210.710s][info][gc             ] GC(58) Pause Young (Allocation Failure) 6973M->3831M(7067M) 118.613ms
[2026-09-23T23:00:04.513+0000][210.710s][info][gc,cpu         ] GC(58) User=0.41s Sys=0.04s Real=0.12s
[2026-09-23T23:00:08.695+0000][214.892s][info][gc,start       ] GC(59) Pause Young (Allocation Failure)
[2026-09-23T23:00:08.798+0000][214.995s][info][gc,heap        ] GC(59) PSYoungGen: 3276305K(3355648K)->40833K(3361280K) Eden: 3233792K(3233792K)->0K(3257344K) From: 42513K(121856K)->40833K(103936K)
[2026-09-23T23:00:08.798+0000][214.995s][info][gc,heap        ] GC(59) ParOldGen: 3881080K(3881472K)->3895853K(3896320K)
[2026-09-23T23:00:08.798+0000][214.995s][info][gc,metaspace   ] GC(59) Metaspace: 170021K(171968K)->170021K(171968K) NonClass: 143285K(144384K)->143285K(144384K) Class: 26735K(27584K)->26735K(27584K)
[2026-09-23T23:00:08.798+0000][214.995s][info][gc             ] GC(59) Pause Young (Allocation Failure) 6989M->3844M(7087M) 103.644ms
[2026-09-23T23:00:08.798+0000][214.995s][info][gc,cpu         ] GC(59) User=0.39s Sys=0.01s Real=0.10s
[2026-09-23T23:00:13.139+0000][219.336s][info][gc,start       ] GC(60) Pause Young (Allocation Failure)
[2026-09-23T23:00:13.235+0000][219.431s][info][gc,heap        ] GC(60) PSYoungGen: 3298177K(3361280K)->41233K(3367936K) Eden: 3257344K(3257344K)->0K(3257344K) From: 40833K(103936K)->41233K(110592K)
[2026-09-23T23:00:13.235+0000][219.432s][info][gc,heap        ] GC(60) ParOldGen: 3895853K(3896320K)->3909228K(3909632K)
[2026-09-23T23:00:13.235+0000][219.432s][info][gc,metaspace   ] GC(60) Metaspace: 170028K(171968K)->170028K(171968K) NonClass: 143291K(144384K)->143291K(144384K) Class: 26736K(27584K)->26736K(27584K)
[2026-09-23T23:00:13.235+0000][219.432s][info][gc             ] GC(60) Pause Young (Allocation Failure) 7025M->3857M(7107M) 95.343ms
[2026-09-23T23:00:13.235+0000][219.432s][info][gc,cpu         ] GC(60) User=0.37s Sys=0.01s Real=0.10s
[2026-09-23T23:00:17.543+0000][223.740s][info][gc,start       ] GC(61) Pause Young (Allocation Failure)
[2026-09-23T23:00:17.646+0000][223.843s][info][gc,heap        ] GC(61) PSYoungGen: 3298577K(3367936K)->39600K(3373056K) Eden: 3257344K(3257344K)->0K(3278336K) From: 41233K(110592K)->39600K(94720K)
[2026-09-23T23:00:17.646+0000][223.843s][info][gc,heap        ] GC(61) ParOldGen: 3909228K(3909632K)->3922469K(3922944K)
[2026-09-23T23:00:17.646+0000][223.843s][info][gc,metaspace   ] GC(61) Metaspace: 170054K(171968K)->170054K(171968K) NonClass: 143317K(144384K)->143317K(144384K) Class: 26736K(27584K)->26736K(27584K)
[2026-09-23T23:00:17.646+0000][223.843s][info][gc             ] GC(61) Pause Young (Allocation Failure) 7038M->3869M(7125M) 103.675ms
[2026-09-23T23:00:17.646+0000][223.843s][info][gc,cpu         ] GC(61) User=0.39s Sys=0.01s Real=0.10s
[2026-09-23T23:00:21.859+0000][228.056s][info][gc,start       ] GC(62) Pause Young (Allocation Failure)
[2026-09-23T23:00:21.956+0000][228.152s][info][gc,heap        ] GC(62) PSYoungGen: 3317936K(3373056K)->39793K(3379712K) Eden: 3278336K(3278336K)->0K(3278336K) From: 39600K(94720K)->39793K(101376K)
[2026-09-23T23:00:21.956+0000][228.152s][info][gc,heap        ] GC(62) ParOldGen: 3922469K(3922944K)->3935668K(3935744K)
[2026-09-23T23:00:21.956+0000][228.152s][info][gc,metaspace   ] GC(62) Metaspace: 170081K(171968K)->170081K(171968K) NonClass: 143344K(144384K)->143344K(144384K) Class: 26736K(27584K)->26736K(27584K)
[2026-09-23T23:00:21.956+0000][228.152s][info][gc             ] GC(62) Pause Young (Allocation Failure) 7070M->3882M(7144M) 96.892ms
[2026-09-23T23:00:21.956+0000][228.152s][info][gc,cpu         ] GC(62) User=0.37s Sys=0.01s Real=0.10s
[2026-09-23T23:00:26.473+0000][232.670s][info][gc,start       ] GC(63) Pause Young (Allocation Failure)
[2026-09-23T23:00:26.571+0000][232.767s][info][gc,heap        ] GC(63) PSYoungGen: 3318129K(3379712K)->42161K(3381760K) Eden: 3278336K(3278336K)->0K(3296256K) From: 39793K(101376K)->42161K(85504K)
[2026-09-23T23:00:26.571+0000][232.767s][info][gc,heap        ] GC(63) ParOldGen: 3935668K(3935744K)->3948352K(3948544K)
[2026-09-23T23:00:26.571+0000][232.767s][info][gc,metaspace   ] GC(63) Metaspace: 170105K(172032K)->170105K(172032K) NonClass: 143368K(144448K)->143368K(144448K) Class: 26736K(27584K)->26736K(27584K)
[2026-09-23T23:00:26.571+0000][232.767s][info][gc             ] GC(63) Pause Young (Allocation Failure) 7083M->3896M(7158M) 97.361ms
[2026-09-23T23:00:26.571+0000][232.767s][info][gc,cpu         ] GC(63) User=0.37s Sys=0.01s Real=0.10s
[2026-09-23T23:00:30.905+0000][237.102s][info][gc,start       ] GC(64) Pause Young (Allocation Failure)
[2026-09-23T23:00:31.004+0000][237.201s][info][gc,heap        ] GC(64) PSYoungGen: 3338417K(3381760K)->43360K(3388928K) Eden: 3296256K(3296256K)->0K(3296256K) From: 42161K(85504K)->43360K(92672K)
[2026-09-23T23:00:31.004+0000][237.201s][info][gc,heap        ] GC(64) ParOldGen: 3948352K(3948544K)->3961255K(3961344K)
[2026-09-23T23:00:31.004+0000][237.201s][info][gc,metaspace   ] GC(64) Metaspace: 170132K(172032K)->170132K(172032K) NonClass: 143391K(144448K)->143391K(144448K) Class: 26740K(27584K)->26740K(27584K)
[2026-09-23T23:00:31.004+0000][237.201s][info][gc             ] GC(64) Pause Young (Allocation Failure) 7115M->3910M(7178M) 98.525ms
[2026-09-23T23:00:31.004+0000][237.201s][info][gc,cpu         ] GC(64) User=0.38s Sys=0.01s Real=0.10s
[2026-09-23T23:00:35.574+0000][241.771s][info][gc,start       ] GC(65) Pause Young (Allocation Failure)
[2026-09-23T23:00:35.678+0000][241.874s][info][gc,heap        ] GC(65) PSYoungGen: 3339616K(3388928K)->48289K(3393024K) Eden: 3296256K(3296256K)->0K(3313664K) From: 43360K(92672K)->48289K(79360K)
[2026-09-23T23:00:35.678+0000][241.874s][info][gc,heap        ] GC(65) ParOldGen: 3961255K(3961344K)->3976466K(3976704K)
[2026-09-23T23:00:35.678+0000][241.874s][info][gc,metaspace   ] GC(65) Metaspace: 170186K(172096K)->170186K(172096K) NonClass: 143445K(144512K)->143445K(144512K) Class: 26740K(27584K)->26740K(27584K)
[2026-09-23T23:00:35.678+0000][241.874s][info][gc             ] GC(65) Pause Young (Allocation Failure) 7129M->3930M(7197M) 103.257ms
[2026-09-23T23:00:35.678+0000][241.874s][info][gc,cpu         ] GC(65) User=0.40s Sys=0.01s Real=0.10s
[2026-09-23T23:00:40.188+0000][246.385s][info][gc,start       ] GC(66) Pause Young (Allocation Failure)
[2026-09-23T23:00:40.294+0000][246.491s][info][gc,heap        ] GC(66) PSYoungGen: 3361953K(3393024K)->46512K(3399168K) Eden: 3313664K(3313664K)->0K(3313664K) From: 48289K(79360K)->46512K(85504K)
[2026-09-23T23:00:40.294+0000][246.491s][info][gc,heap        ] GC(66) ParOldGen: 3976466K(3976704K)->3997370K(3997696K)
[2026-09-23T23:00:40.294+0000][246.491s][info][gc,metaspace   ] GC(66) Metaspace: 170248K(172224K)->170248K(172224K) NonClass: 143507K(144640K)->143507K(144640K) Class: 26741K(27584K)->26741K(27584K)
[2026-09-23T23:00:40.294+0000][246.491s][info][gc             ] GC(66) Pause Young (Allocation Failure) 7166M->3949M(7223M) 106.080ms
[2026-09-23T23:00:40.294+0000][246.491s][info][gc,cpu         ] GC(66) User=0.40s Sys=0.02s Real=0.11s
[2026-09-23T23:00:45.014+0000][251.211s][info][gc,start       ] GC(67) Pause Young (Allocation Failure)
[2026-09-23T23:00:45.118+0000][251.315s][info][gc,heap        ] GC(67) PSYoungGen: 3360176K(3399168K)->47889K(3402240K) Eden: 3313664K(3313664K)->0K(3328000K) From: 46512K(85504K)->47889K(74240K)
[2026-09-23T23:00:45.118+0000][251.315s][info][gc,heap        ] GC(67) ParOldGen: 3997370K(3997696K)->4015542K(4015616K)
[2026-09-23T23:00:45.118+0000][251.315s][info][gc,metaspace   ] GC(67) Metaspace: 170256K(172224K)->170256K(172224K) NonClass: 143515K(144640K)->143515K(144640K) Class: 26741K(27584K)->26741K(27584K)
[2026-09-23T23:00:45.118+0000][251.315s][info][gc             ] GC(67) Pause Young (Allocation Failure) 7185M->3968M(7244M) 104.296ms
[2026-09-23T23:00:45.118+0000][251.315s][info][gc,cpu         ] GC(67) User=0.40s Sys=0.02s Real=0.10s
[2026-09-23T23:00:49.831+0000][256.028s][info][gc,start       ] GC(68) Pause Young (Allocation Failure)
[2026-09-23T23:00:49.934+0000][256.131s][info][gc,heap        ] GC(68) PSYoungGen: 3375889K(3402240K)->44113K(3406848K) Eden: 3328000K(3328000K)->0K(3328000K) From: 47889K(74240K)->44113K(78848K)
[2026-09-23T23:00:49.934+0000][256.131s][info][gc,heap        ] GC(68) ParOldGen: 4015542K(4015616K)->4035923K(4036096K)
[2026-09-23T23:00:49.934+0000][256.131s][info][gc,metaspace   ] GC(68) Metaspace: 170291K(172224K)->170291K(172224K) NonClass: 143550K(144640K)->143550K(144640K) Class: 26741K(27584K)->26741K(27584K)
[2026-09-23T23:00:49.934+0000][256.131s][info][gc             ] GC(68) Pause Young (Allocation Failure) 7218M->3984M(7268M) 102.974ms
[2026-09-23T23:00:49.934+0000][256.131s][info][gc,cpu         ] GC(68) User=0.40s Sys=0.01s Real=0.10s
[2026-09-23T23:00:54.790+0000][260.986s][info][gc,start       ] GC(69) Pause Young (Allocation Failure)
[2026-09-23T23:00:54.897+0000][261.094s][info][gc,heap        ] GC(69) PSYoungGen: 3372113K(3406848K)->44337K(3409408K) Eden: 3328000K(3328000K)->0K(3340288K) From: 44113K(78848K)->44337K(69120K)
[2026-09-23T23:00:54.897+0000][261.094s][info][gc,heap        ] GC(69) ParOldGen: 4035923K(4036096K)->4053407K(4053504K)
[2026-09-23T23:00:54.897+0000][261.094s][info][gc,metaspace   ] GC(69) Metaspace: 170304K(172224K)->170304K(172224K) NonClass: 143562K(144640K)->143562K(144640K) Class: 26741K(27584K)->26741K(27584K)
[2026-09-23T23:00:54.897+0000][261.094s][info][gc             ] GC(69) Pause Young (Allocation Failure) 7234M->4001M(7288M) 107.616ms
[2026-09-23T23:00:54.897+0000][261.094s][info][gc,cpu         ] GC(69) User=0.40s Sys=0.01s Real=0.11s
[2026-09-23T23:00:59.682+0000][265.879s][info][gc,start       ] GC(70) Pause Young (Allocation Failure)
[2026-09-23T23:00:59.785+0000][265.981s][info][gc,heap        ] GC(70) PSYoungGen: 3384625K(3409408K)->45200K(3413504K) Eden: 3340288K(3340288K)->0K(3340288K) From: 44337K(69120K)->45200K(73216K)
[2026-09-23T23:00:59.785+0000][265.981s][info][gc,heap        ] GC(70) ParOldGen: 4053407K(4053504K)->4069364K(4069376K)
[2026-09-23T23:00:59.785+0000][265.981s][info][gc,metaspace   ] GC(70) Metaspace: 170323K(172288K)->170323K(172288K) NonClass: 143578K(144704K)->143578K(144704K) Class: 26744K(27584K)->26744K(27584K)
[2026-09-23T23:00:59.785+0000][265.981s][info][gc             ] GC(70) Pause Young (Allocation Failure) 7263M->4018M(7307M) 102.439ms
[2026-09-23T23:00:59.785+0000][265.982s][info][gc,cpu         ] GC(70) User=0.40s Sys=0.01s Real=0.10s
[2026-09-23T23:01:04.690+0000][270.887s][info][gc,start       ] GC(71) Pause Young (Allocation Failure)
[2026-09-23T23:01:04.804+0000][271.001s][info][gc,heap        ] GC(71) PSYoungGen: 3385488K(3413504K)->45313K(3415040K) Eden: 3340288K(3340288K)->0K(3351040K) From: 45200K(73216K)->45313K(64000K)
[2026-09-23T23:01:04.804+0000][271.001s][info][gc,heap        ] GC(71) ParOldGen: 4069364K(4069376K)->4086496K(4086784K)
[2026-09-23T23:01:04.804+0000][271.001s][info][gc,metaspace   ] GC(71) Metaspace: 170366K(172288K)->170366K(172288K) NonClass: 143613K(144704K)->143613K(144704K) Class: 26753K(27584K)->26753K(27584K)
[2026-09-23T23:01:04.804+0000][271.001s][info][gc             ] GC(71) Pause Young (Allocation Failure) 7280M->4034M(7326M) 114.330ms
[2026-09-23T23:01:04.804+0000][271.001s][info][gc,cpu         ] GC(71) User=0.41s Sys=0.01s Real=0.12s
[2026-09-23T23:01:09.842+0000][276.038s][info][gc,start       ] GC(72) Pause Young (Allocation Failure)
[2026-09-23T23:01:09.968+0000][276.165s][info][gc,heap        ] GC(72) PSYoungGen: 3396353K(3415040K)->45409K(3419136K) Eden: 3351040K(3351040K)->0K(3351040K) From: 45313K(64000K)->45409K(68096K)
[2026-09-23T23:01:09.968+0000][276.165s][info][gc,heap        ] GC(72) ParOldGen: 4086496K(4086784K)->4104283K(4104704K)
[2026-09-23T23:01:09.968+0000][276.165s][info][gc,metaspace   ] GC(72) Metaspace: 170408K(172288K)->170408K(172288K) NonClass: 143655K(144704K)->143655K(144704K) Class: 26753K(27584K)->26753K(27584K)
[2026-09-23T23:01:09.968+0000][276.165s][info][gc             ] GC(72) Pause Young (Allocation Failure) 7307M->4052M(7347M) 126.504ms
[2026-09-23T23:01:09.968+0000][276.165s][info][gc,cpu         ] GC(72) User=0.41s Sys=0.06s Real=0.12s
[2026-09-23T23:01:14.879+0000][281.076s][info][gc,start       ] GC(73) Pause Young (Allocation Failure)
[2026-09-23T23:01:14.985+0000][281.182s][info][gc,heap        ] GC(73) PSYoungGen: 3396449K(3419136K)->45857K(3420672K) Eden: 3351040K(3351040K)->0K(3360768K) From: 45409K(68096K)->45857K(59904K)
[2026-09-23T23:01:14.985+0000][281.182s][info][gc,heap        ] GC(73) ParOldGen: 4104283K(4104704K)->4122667K(4123136K)
[2026-09-23T23:01:14.985+0000][281.182s][info][gc,metaspace   ] GC(73) Metaspace: 170443K(172352K)->170443K(172352K) NonClass: 143685K(144768K)->143685K(144768K) Class: 26758K(27584K)->26758K(27584K)
[2026-09-23T23:01:14.985+0000][281.182s][info][gc             ] GC(73) Pause Young (Allocation Failure) 7324M->4070M(7367M) 106.025ms
[2026-09-23T23:01:14.985+0000][281.182s][info][gc,cpu         ] GC(73) User=0.40s Sys=0.01s Real=0.11s
[2026-09-23T23:01:20.056+0000][286.252s][info][gc,start       ] GC(74) Pause Young (Allocation Failure)
[2026-09-23T23:01:20.161+0000][286.358s][info][gc,heap        ] GC(74) PSYoungGen: 3406625K(3420672K)->48208K(3424768K) Eden: 3360768K(3360768K)->0K(3360768K) From: 45857K(59904K)->48208K(64000K)
[2026-09-23T23:01:20.161+0000][286.358s][info][gc,heap        ] GC(74) ParOldGen: 4122667K(4123136K)->4141343K(4141568K)
[2026-09-23T23:01:20.161+0000][286.358s][info][gc,metaspace   ] GC(74) Metaspace: 170447K(172352K)->170447K(172352K) NonClass: 143689K(144768K)->143689K(144768K) Class: 26758K(27584K)->26758K(27584K)
[2026-09-23T23:01:20.161+0000][286.358s][info][gc             ] GC(74) Pause Young (Allocation Failure) 7352M->4091M(7389M) 105.705ms
[2026-09-23T23:01:20.161+0000][286.358s][info][gc,cpu         ] GC(74) User=0.40s Sys=0.02s Real=0.11s
[2026-09-23T23:01:25.298+0000][291.495s][info][gc,start       ] GC(75) Pause Young (Allocation Failure)
[2026-09-23T23:01:25.414+0000][291.611s][info][gc,heap        ] GC(75) PSYoungGen: 3408976K(3424768K)->55184K(3427840K) Eden: 3360768K(3360768K)->0K(3364864K) From: 48208K(64000K)->55184K(62976K)
[2026-09-23T23:01:25.414+0000][291.611s][info][gc,heap        ] GC(75) ParOldGen: 4141343K(4141568K)->4160694K(4161024K)
[2026-09-23T23:01:25.414+0000][291.611s][info][gc,metaspace   ] GC(75) Metaspace: 170459K(172352K)->170459K(172352K) NonClass: 143701K(144768K)->143701K(144768K) Class: 26758K(27584K)->26758K(27584K)
[2026-09-23T23:01:25.414+0000][291.611s][info][gc             ] GC(75) Pause Young (Allocation Failure) 7373M->4117M(7411M) 115.992ms
[2026-09-23T23:01:25.414+0000][291.611s][info][gc,cpu         ] GC(75) User=0.42s Sys=0.02s Real=0.12s
[2026-09-23T23:01:30.671+0000][296.868s][info][gc,start       ] GC(76) Pause Young (Allocation Failure)
[2026-09-23T23:01:30.785+0000][296.982s][info][gc,heap        ] GC(76) PSYoungGen: 3420048K(3427840K)->52449K(3429888K) Eden: 3364864K(3364864K)->0K(3364864K) From: 55184K(62976K)->52449K(65024K)
[2026-09-23T23:01:30.785+0000][296.982s][info][gc,heap        ] GC(76) ParOldGen: 4160694K(4161024K)->4189609K(4189696K)
[2026-09-23T23:01:30.785+0000][296.982s][info][gc,metaspace   ] GC(76) Metaspace: 170471K(172352K)->170471K(172352K) NonClass: 143713K(144768K)->143713K(144768K) Class: 26758K(27584K)->26758K(27584K)
[2026-09-23T23:01:30.785+0000][296.982s][info][gc             ] GC(76) Pause Young (Allocation Failure) 7403M->4142M(7441M) 114.481ms
[2026-09-23T23:01:30.785+0000][296.982s][info][gc,cpu         ] GC(76) User=0.43s Sys=0.02s Real=0.11s
[2026-09-23T23:01:36.195+0000][302.392s][info][gc,start       ] GC(77) Pause Young (Allocation Failure)
[2026-09-23T23:01:36.308+0000][302.505s][info][gc,heap        ] GC(77) PSYoungGen: 3417313K(3429888K)->53841K(3427840K) Eden: 3364864K(3364864K)->0K(3362816K) From: 52449K(65024K)->53841K(65024K)
[2026-09-23T23:01:36.309+0000][302.505s][info][gc,heap        ] GC(77) ParOldGen: 4189609K(4189696K)->4215957K(4216320K)
[2026-09-23T23:01:36.309+0000][302.505s][info][gc,metaspace   ] GC(77) Metaspace: 170523K(172416K)->170523K(172416K) NonClass: 143765K(144832K)->143765K(144832K) Class: 26758K(27584K)->26758K(27584K)
[2026-09-23T23:01:36.309+0000][302.505s][info][gc             ] GC(77) Pause Young (Allocation Failure) 7428M->4169M(7465M) 113.106ms
[2026-09-23T23:01:36.309+0000][302.505s][info][gc,cpu         ] GC(77) User=0.43s Sys=0.02s Real=0.11s
[2026-09-23T23:01:41.531+0000][307.728s][info][gc,start       ] GC(78) Pause Young (Allocation Failure)
[2026-09-23T23:01:41.646+0000][307.843s][info][gc,heap        ] GC(78) PSYoungGen: 3416657K(3427840K)->47216K(3410432K) Eden: 3362816K(3362816K)->0K(3362816K) From: 53841K(65024K)->47216K(47616K)
[2026-09-23T23:01:41.646+0000][307.843s][info][gc,heap        ] GC(78) ParOldGen: 4215957K(4216320K)->4243038K(4243456K)
[2026-09-23T23:01:41.646+0000][307.843s][info][gc,metaspace   ] GC(78) Metaspace: 170531K(172416K)->170531K(172416K) NonClass: 143773K(144832K)->143773K(144832K) Class: 26758K(27584K)->26758K(27584K)
[2026-09-23T23:01:41.646+0000][307.843s][info][gc             ] GC(78) Pause Young (Allocation Failure) 7453M->4189M(7474M) 115.082ms
[2026-09-23T23:01:41.646+0000][307.843s][info][gc,cpu         ] GC(78) User=0.43s Sys=0.01s Real=0.11s
[2026-09-23T23:01:46.895+0000][313.092s][info][gc,start       ] GC(79) Pause Young (Allocation Failure)
[2026-09-23T23:01:47.004+0000][313.200s][info][gc,heap        ] GC(79) PSYoungGen: 3410032K(3410432K)->47297K(3428864K) Eden: 3362816K(3362816K)->0K(3364864K) From: 47216K(47616K)->47297K(64000K)
[2026-09-23T23:01:47.004+0000][313.200s][info][gc,heap        ] GC(79) ParOldGen: 4243038K(4243456K)->4264385K(4264448K)
[2026-09-23T23:01:47.004+0000][313.200s][info][gc,metaspace   ] GC(79) Metaspace: 170536K(172416K)->170536K(172416K) NonClass: 143778K(144832K)->143778K(144832K) Class: 26758K(27584K)->26758K(27584K)
[2026-09-23T23:01:47.004+0000][313.200s][info][gc             ] GC(79) Pause Young (Allocation Failure) 7473M->4210M(7513M) 108.795ms
[2026-09-23T23:01:47.004+0000][313.200s][info][gc,cpu         ] GC(79) User=0.41s Sys=0.01s Real=0.11s
[2026-09-23T23:01:52.573+0000][318.769s][info][gc,start       ] GC(80) Pause Young (Allocation Failure)
[2026-09-23T23:01:52.681+0000][318.878s][info][gc,heap        ] GC(80) PSYoungGen: 3412161K(3428864K)->49137K(3427840K) Eden: 3364864K(3364864K)->0K(3364864K) From: 47297K(64000K)->49137K(62976K)
[2026-09-23T23:01:52.681+0000][318.878s][info][gc,heap        ] GC(80) ParOldGen: 4264385K(4264448K)->4283845K(4283904K)
[2026-09-23T23:01:52.681+0000][318.878s][info][gc,metaspace   ] GC(80) Metaspace: 170546K(172416K)->170546K(172416K) NonClass: 143787K(144832K)->143787K(144832K) Class: 26758K(27584K)->26758K(27584K)
[2026-09-23T23:01:52.681+0000][318.878s][info][gc             ] GC(80) Pause Young (Allocation Failure) 7496M->4231M(7531M) 108.392ms
[2026-09-23T23:01:52.681+0000][318.878s][info][gc,cpu         ] GC(80) User=0.42s Sys=0.01s Real=0.11s
[2026-09-23T23:01:58.108+0000][324.304s][info][gc,start       ] GC(81) Pause Young (Allocation Failure)
[2026-09-23T23:01:58.218+0000][324.414s][info][gc,heap        ] GC(81) PSYoungGen: 3414001K(3427840K)->47233K(3430400K) Eden: 3364864K(3364864K)->0K(3369472K) From: 49137K(62976K)->47233K(60928K)
[2026-09-23T23:01:58.218+0000][324.414s][info][gc,heap        ] GC(81) ParOldGen: 4283845K(4283904K)->4305449K(4305920K)
[2026-09-23T23:01:58.218+0000][324.414s][info][gc,metaspace   ] GC(81) Metaspace: 170550K(172416K)->170550K(172416K) NonClass: 143792K(144832K)->143792K(144832K) Class: 26758K(27584K)->26758K(27584K)
[2026-09-23T23:01:58.218+0000][324.414s][info][gc             ] GC(81) Pause Young (Allocation Failure) 7517M->4250M(7555M) 110.106ms
[2026-09-23T23:01:58.218+0000][324.414s][info][gc,cpu         ] GC(81) User=0.42s Sys=0.01s Real=0.11s
[2026-09-23T23:02:03.817+0000][330.013s][info][gc,start       ] GC(82) Pause Young (Allocation Failure)
[2026-09-23T23:02:03.923+0000][330.120s][info][gc,heap        ] GC(82) PSYoungGen: 3416705K(3430400K)->42641K(3429888K) Eden: 3369472K(3369472K)->0K(3369472K) From: 47233K(60928K)->42641K(60416K)
[2026-09-23T23:02:03.923+0000][330.120s][info][gc,heap        ] GC(82) ParOldGen: 4305449K(4305920K)->4325981K(4326400K)
[2026-09-23T23:02:03.923+0000][330.120s][info][gc,metaspace   ] GC(82) Metaspace: 170682K(172544K)->170682K(172544K) NonClass: 143907K(144960K)->143907K(144960K) Class: 26775K(27584K)->26775K(27584K)
[2026-09-23T23:02:03.923+0000][330.120s][info][gc             ] GC(82) Pause Young (Allocation Failure) 7541M->4266M(7574M) 106.748ms
[2026-09-23T23:02:03.923+0000][330.120s][info][gc,cpu         ] GC(82) User=0.41s Sys=0.01s Real=0.11s
[2026-09-23T23:02:09.595+0000][335.792s][info][gc,start       ] GC(83) Pause Young (Allocation Failure)
[2026-09-23T23:02:09.707+0000][335.904s][info][gc,heap        ] GC(83) PSYoungGen: 3412113K(3429888K)->50881K(3433984K) Eden: 3369472K(3369472K)->0K(3373568K) From: 42641K(60416K)->50881K(60416K)
[2026-09-23T23:02:09.707+0000][335.904s][info][gc,heap        ] GC(83) ParOldGen: 4325981K(4326400K)->4342949K(4343296K)
[2026-09-23T23:02:09.707+0000][335.904s][info][gc,metaspace   ] GC(83) Metaspace: 170707K(172544K)->170707K(172544K) NonClass: 143931K(144960K)->143931K(144960K) Class: 26776K(27584K)->26776K(27584K)
[2026-09-23T23:02:09.707+0000][335.904s][info][gc             ] GC(83) Pause Young (Allocation Failure) 7556M->4290M(7595M) 112.134ms
[2026-09-23T23:02:09.707+0000][335.904s][info][gc,cpu         ] GC(83) User=0.42s Sys=0.02s Real=0.11s
[2026-09-23T23:02:15.541+0000][341.737s][info][gc,start       ] GC(84) Pause Young (Allocation Failure)
[2026-09-23T23:02:15.667+0000][341.864s][info][gc,heap        ] GC(84) PSYoungGen: 3424449K(3433984K)->58257K(3431936K) Eden: 3373568K(3373568K)->0K(3373568K) From: 50881K(60416K)->58257K(58368K)
[2026-09-23T23:02:15.667+0000][341.864s][info][gc,heap        ] GC(84) ParOldGen: 4342949K(4343296K)->4365736K(4365824K)
[2026-09-23T23:02:15.667+0000][341.864s][info][gc,metaspace   ] GC(84) Metaspace: 170720K(172608K)->170720K(172608K) NonClass: 143943K(145024K)->143943K(145024K) Class: 26776K(27584K)->26776K(27584K)
[2026-09-23T23:02:15.667+0000][341.864s][info][gc             ] GC(84) Pause Young (Allocation Failure) 7585M->4320M(7615M) 126.442ms
[2026-09-23T23:02:15.667+0000][341.864s][info][gc,cpu         ] GC(84) User=0.46s Sys=0.02s Real=0.13s
[2026-09-23T23:02:21.775+0000][347.972s][info][gc,start       ] GC(85) Pause Young (Allocation Failure)
[2026-09-23T23:02:21.898+0000][348.095s][info][gc,heap        ] GC(85) PSYoungGen: 3431825K(3431936K)->52096K(3431936K) Eden: 3373568K(3373568K)->0K(3368960K) From: 58257K(58368K)->52096K(62976K)
[2026-09-23T23:02:21.898+0000][348.095s][info][gc,heap        ] GC(85) ParOldGen: 4365736K(4365824K)->4396041K(4396544K)
[2026-09-23T23:02:21.898+0000][348.095s][info][gc,metaspace   ] GC(85) Metaspace: 170724K(172608K)->170724K(172608K) NonClass: 143947K(145024K)->143947K(145024K) Class: 26777K(27584K)->26777K(27584K)
[2026-09-23T23:02:21.898+0000][348.095s][info][gc             ] GC(85) Pause Young (Allocation Failure) 7614M->4343M(7645M) 123.056ms
[2026-09-23T23:02:21.898+0000][348.095s][info][gc,cpu         ] GC(85) User=0.45s Sys=0.03s Real=0.12s
[2026-09-23T23:02:27.917+0000][354.114s][info][gc,start       ] GC(86) Pause Young (Allocation Failure)
[2026-09-23T23:02:28.033+0000][354.230s][info][gc,heap        ] GC(86) PSYoungGen: 3421056K(3431936K)->52815K(3431936K) Eden: 3368960K(3368960K)->0K(3368960K) From: 52096K(62976K)->52815K(62976K)
[2026-09-23T23:02:28.033+0000][354.230s][info][gc,heap        ] GC(86) ParOldGen: 4396041K(4396544K)->4420097K(4420608K)
[2026-09-23T23:02:28.033+0000][354.230s][info][gc,metaspace   ] GC(86) Metaspace: 170738K(172608K)->170738K(172608K) NonClass: 143960K(145024K)->143960K(145024K) Class: 26777K(27584K)->26777K(27584K)
[2026-09-23T23:02:28.033+0000][354.230s][info][gc             ] GC(86) Pause Young (Allocation Failure) 7633M->4368M(7668M) 116.379ms
[2026-09-23T23:02:28.033+0000][354.230s][info][gc,cpu         ] GC(86) User=0.44s Sys=0.02s Real=0.12s
[2026-09-23T23:02:34.041+0000][360.238s][info][gc,start       ] GC(87) Pause Young (Allocation Failure)
[2026-09-23T23:02:34.156+0000][360.353s][info][gc,heap        ] GC(87) PSYoungGen: 3421775K(3431936K)->50849K(3429888K) Eden: 3368960K(3368960K)->0K(3368960K) From: 52815K(62976K)->50849K(60928K)
[2026-09-23T23:02:34.156+0000][360.353s][info][gc,heap        ] GC(87) ParOldGen: 4420097K(4420608K)->4445131K(4445184K)
[2026-09-23T23:02:34.156+0000][360.353s][info][gc,metaspace   ] GC(87) Metaspace: 170785K(172608K)->170785K(172608K) NonClass: 144007K(145024K)->144007K(145024K) Class: 26778K(27584K)->26778K(27584K)
[2026-09-23T23:02:34.156+0000][360.353s][info][gc             ] GC(87) Pause Young (Allocation Failure) 7658M->4390M(7690M) 115.411ms
[2026-09-23T23:02:34.156+0000][360.353s][info][gc,cpu         ] GC(87) User=0.44s Sys=0.02s Real=0.11s
[2026-09-23T23:02:40.306+0000][366.503s][info][gc,start       ] GC(88) Pause Young (Allocation Failure)
[2026-09-23T23:02:40.427+0000][366.624s][info][gc,heap        ] GC(88) PSYoungGen: 3419809K(3429888K)->49713K(3430912K) Eden: 3368960K(3368960K)->0K(3368960K) From: 50849K(60928K)->49713K(61952K)
[2026-09-23T23:02:40.427+0000][366.624s][info][gc,heap        ] GC(88) ParOldGen: 4445131K(4445184K)->4469119K(4469248K)
[2026-09-23T23:02:40.427+0000][366.624s][info][gc,metaspace   ] GC(88) Metaspace: 170790K(172672K)->170790K(172672K) NonClass: 144012K(145088K)->144012K(145088K) Class: 26778K(27584K)->26778K(27584K)
[2026-09-23T23:02:40.427+0000][366.624s][info][gc             ] GC(88) Pause Young (Allocation Failure) 7680M->4412M(7715M) 121.088ms
[2026-09-23T23:02:40.427+0000][366.624s][info][gc,cpu         ] GC(88) User=0.45s Sys=0.01s Real=0.12s
[2026-09-23T23:02:46.382+0000][372.579s][info][gc,start       ] GC(89) Pause Young (Allocation Failure)
[2026-09-23T23:02:46.492+0000][372.689s][info][gc,heap        ] GC(89) PSYoungGen: 3418673K(3430912K)->45585K(3431936K) Eden: 3368960K(3368960K)->0K(3372032K) From: 49713K(61952K)->45585K(59904K)
[2026-09-23T23:02:46.492+0000][372.689s][info][gc,heap        ] GC(89) ParOldGen: 4469119K(4469248K)->4487384K(4487680K)
[2026-09-23T23:02:46.492+0000][372.689s][info][gc,metaspace   ] GC(89) Metaspace: 170804K(172672K)->170804K(172672K) NonClass: 144023K(145088K)->144023K(145088K) Class: 26780K(27584K)->26780K(27584K)
[2026-09-23T23:02:46.492+0000][372.689s][info][gc             ] GC(89) Pause Young (Allocation Failure) 7702M->4426M(7734M) 110.060ms
[2026-09-23T23:02:46.492+0000][372.689s][info][gc,cpu         ] GC(89) User=0.42s Sys=0.01s Real=0.11s
[2026-09-23T23:02:52.709+0000][378.906s][info][gc,start       ] GC(90) Pause Young (Allocation Failure)
[2026-09-23T23:02:52.819+0000][379.015s][info][gc,heap        ] GC(90) PSYoungGen: 3417617K(3431936K)->44289K(3432448K) Eden: 3372032K(3372032K)->0K(3372032K) From: 45585K(59904K)->44289K(60416K)
[2026-09-23T23:02:52.819+0000][379.015s][info][gc,heap        ] GC(90) ParOldGen: 4487384K(4487680K)->4504300K(4504576K)
[2026-09-23T23:02:52.819+0000][379.015s][info][gc,metaspace   ] GC(90) Metaspace: 170807K(172672K)->170807K(172672K) NonClass: 144026K(145088K)->144026K(145088K) Class: 26780K(27584K)->26780K(27584K)
[2026-09-23T23:02:52.819+0000][379.015s][info][gc             ] GC(90) Pause Young (Allocation Failure) 7719M->4441M(7751M) 109.973ms
[2026-09-23T23:02:52.819+0000][379.015s][info][gc,cpu         ] GC(90) User=0.43s Sys=0.01s Real=0.11s
[2026-09-23T23:02:58.899+0000][385.096s][info][gc,start       ] GC(91) Pause Young (Allocation Failure)
[2026-09-23T23:02:59.013+0000][385.210s][info][gc,heap        ] GC(91) PSYoungGen: 3416321K(3432448K)->50257K(3433472K) Eden: 3372032K(3372032K)->0K(3374592K) From: 44289K(60416K)->50257K(58880K)
[2026-09-23T23:02:59.013+0000][385.210s][info][gc,heap        ] GC(91) ParOldGen: 4504300K(4504576K)->4520184K(4520448K)
[2026-09-23T23:02:59.013+0000][385.210s][info][gc,metaspace   ] GC(91) Metaspace: 170814K(172672K)->170814K(172672K) NonClass: 144032K(145088K)->144032K(145088K) Class: 26781K(27584K)->26781K(27584K)
[2026-09-23T23:02:59.013+0000][385.210s][info][gc             ] GC(91) Pause Young (Allocation Failure) 7734M->4463M(7767M) 113.780ms
[2026-09-23T23:02:59.013+0000][385.210s][info][gc,cpu         ] GC(91) User=0.43s Sys=0.01s Real=0.12s
[2026-09-23T23:03:05.144+0000][391.341s][info][gc,start       ] GC(92) Pause Young (Allocation Failure)
[2026-09-23T23:03:05.258+0000][391.454s][info][gc,heap        ] GC(92) PSYoungGen: 3424849K(3433472K)->45024K(3433984K) Eden: 3374592K(3374592K)->0K(3374592K) From: 50257K(58880K)->45024K(59392K)
[2026-09-23T23:03:05.258+0000][391.454s][info][gc,heap        ] GC(92) ParOldGen: 4520184K(4520448K)->4541849K(4541952K)
[2026-09-23T23:03:05.258+0000][391.454s][info][gc,metaspace   ] GC(92) Metaspace: 170831K(172736K)->170831K(172736K) NonClass: 144046K(145088K)->144046K(145088K) Class: 26785K(27648K)->26785K(27648K)
[2026-09-23T23:03:05.258+0000][391.454s][info][gc             ] GC(92) Pause Young (Allocation Failure) 7758M->4479M(7789M) 113.195ms
[2026-09-23T23:03:05.258+0000][391.454s][info][gc,cpu         ] GC(92) User=0.43s Sys=0.02s Real=0.11s
[2026-09-23T23:03:11.422+0000][397.619s][info][gc,start       ] GC(93) Pause Young (Allocation Failure)
[2026-09-23T23:03:11.538+0000][397.734s][info][gc,heap        ] GC(93) PSYoungGen: 3419616K(3433984K)->41937K(3435520K) Eden: 3374592K(3374592K)->0K(3376128K) From: 45024K(59392K)->41937K(59392K)
[2026-09-23T23:03:11.538+0000][397.735s][info][gc,heap        ] GC(93) ParOldGen: 4541849K(4541952K)->4559844K(4559872K)
[2026-09-23T23:03:11.538+0000][397.735s][info][gc,metaspace   ] GC(93) Metaspace: 170842K(172736K)->170842K(172736K) NonClass: 144055K(145088K)->144055K(145088K) Class: 26787K(27648K)->26787K(27648K)
[2026-09-23T23:03:11.538+0000][397.735s][info][gc             ] GC(93) Pause Young (Allocation Failure) 7774M->4493M(7808M) 115.321ms
[2026-09-23T23:03:11.538+0000][397.735s][info][gc,cpu         ] GC(93) User=0.43s Sys=0.02s Real=0.11s
[2026-09-23T23:03:17.743+0000][403.940s][info][gc,start       ] GC(94) Pause Young (Allocation Failure)
[2026-09-23T23:03:17.854+0000][404.051s][info][gc,heap        ] GC(94) PSYoungGen: 3418065K(3435520K)->43777K(3420160K) Eden: 3376128K(3376128K)->0K(3376128K) From: 41937K(59392K)->43777K(44032K)
[2026-09-23T23:03:17.854+0000][404.051s][info][gc,heap        ] GC(94) ParOldGen: 4559844K(4559872K)->4574688K(4574720K)
[2026-09-23T23:03:17.854+0000][404.051s][info][gc,metaspace   ] GC(94) Metaspace: 170851K(172736K)->170851K(172736K) NonClass: 144064K(145088K)->144064K(145088K) Class: 26787K(27648K)->26787K(27648K)
[2026-09-23T23:03:17.854+0000][404.051s][info][gc             ] GC(94) Pause Young (Allocation Failure) 7790M->4510M(7807M) 111.074ms
[2026-09-23T23:03:17.854+0000][404.051s][info][gc,cpu         ] GC(94) User=0.42s Sys=0.01s Real=0.11s
[2026-09-23T23:03:24.038+0000][410.235s][info][gc,start       ] GC(95) Pause Young (Allocation Failure)
[2026-09-23T23:03:24.153+0000][410.350s][info][gc,heap        ] GC(95) PSYoungGen: 3419905K(3420160K)->43169K(3435520K) Eden: 3376128K(3376128K)->0K(3376640K) From: 43777K(44032K)->43169K(58880K)
[2026-09-23T23:03:24.153+0000][410.350s][info][gc,heap        ] GC(95) ParOldGen: 4574688K(4574720K)->4590641K(4591104K)
[2026-09-23T23:03:24.153+0000][410.350s][info][gc,metaspace   ] GC(95) Metaspace: 170863K(172800K)->170863K(172800K) NonClass: 144076K(145152K)->144076K(145152K) Class: 26787K(27648K)->26787K(27648K)
[2026-09-23T23:03:24.153+0000][410.350s][info][gc             ] GC(95) Pause Young (Allocation Failure) 7807M->4525M(7838M) 115.683ms
[2026-09-23T23:03:24.153+0000][410.350s][info][gc,cpu         ] GC(95) User=0.44s Sys=0.01s Real=0.12s
[2026-09-23T23:03:30.317+0000][416.514s][info][gc,start       ] GC(96) Pause Young (Allocation Failure)
[2026-09-23T23:03:30.429+0000][416.626s][info][gc,heap        ] GC(96) PSYoungGen: 3419809K(3435520K)->43185K(3435008K) Eden: 3376640K(3376640K)->0K(3376640K) From: 43169K(58880K)->43185K(58368K)
[2026-09-23T23:03:30.429+0000][416.626s][info][gc,heap        ] GC(96) ParOldGen: 4590641K(4591104K)->4605750K(4605952K)
[2026-09-23T23:03:30.429+0000][416.626s][info][gc,metaspace   ] GC(96) Metaspace: 170870K(172800K)->170870K(172800K) NonClass: 144083K(145152K)->144083K(145152K) Class: 26787K(27648K)->26787K(27648K)
[2026-09-23T23:03:30.429+0000][416.626s][info][gc             ] GC(96) Pause Young (Allocation Failure) 7822M->4539M(7852M) 112.210ms
[2026-09-23T23:03:30.429+0000][416.626s][info][gc,cpu         ] GC(96) User=0.42s Sys=0.02s Real=0.11s
[2026-09-23T23:03:37.089+0000][423.286s][info][gc,start       ] GC(97) Pause Young (Allocation Failure)
[2026-09-23T23:03:37.201+0000][423.398s][info][gc,heap        ] GC(97) PSYoungGen: 3419825K(3435008K)->46355K(3435520K) Eden: 3376640K(3376640K)->0K(3378688K) From: 43185K(58368K)->46355K(56832K)
[2026-09-23T23:03:37.201+0000][423.398s][info][gc,heap        ] GC(97) ParOldGen: 4605750K(4605952K)->4620686K(4620800K)
[2026-09-23T23:03:37.201+0000][423.398s][info][gc,metaspace   ] GC(97) Metaspace: 173369K(175232K)->173369K(175232K) NonClass: 146347K(147392K)->146347K(147392K) Class: 27022K(27840K)->27022K(27840K)
[2026-09-23T23:03:37.201+0000][423.398s][info][gc             ] GC(97) Pause Young (Allocation Failure) 7837M->4557M(7867M) 112.070ms
[2026-09-23T23:03:37.201+0000][423.398s][info][gc,cpu         ] GC(97) User=0.43s Sys=0.01s Real=0.12s
[2026-09-23T23:03:43.448+0000][429.644s][info][gc,start       ] GC(98) Pause Young (Allocation Failure)
[2026-09-23T23:03:43.563+0000][429.759s][info][gc,heap        ] GC(98) PSYoungGen: 3425043K(3435520K)->48865K(3435520K) Eden: 3378688K(3378688K)->0K(3378688K) From: 46355K(56832K)->48865K(56832K)
[2026-09-23T23:03:43.563+0000][429.759s][info][gc,heap        ] GC(98) ParOldGen: 4620686K(4620800K)->4637905K(4638208K)
[2026-09-23T23:03:43.563+0000][429.759s][info][gc,metaspace   ] GC(98) Metaspace: 173377K(175296K)->173377K(175296K) NonClass: 146354K(147456K)->146354K(147456K) Class: 27022K(27840K)->27022K(27840K)
[2026-09-23T23:03:43.563+0000][429.759s][info][gc             ] GC(98) Pause Young (Allocation Failure) 7857M->4576M(7884M) 114.996ms
[2026-09-23T23:03:43.563+0000][429.759s][info][gc,cpu         ] GC(98) User=0.44s Sys=0.02s Real=0.12s
[2026-09-23T23:03:49.813+0000][436.010s][info][gc,start       ] GC(99) Pause Young (Allocation Failure)
[2026-09-23T23:03:49.927+0000][436.123s][info][gc,heap        ] GC(99) PSYoungGen: 3427553K(3435520K)->42129K(3438080K) Eden: 3378688K(3378688K)->0K(3381248K) From: 48865K(56832K)->42129K(56832K)
[2026-09-23T23:03:49.927+0000][436.123s][info][gc,heap        ] GC(99) ParOldGen: 4637905K(4638208K)->4658602K(4658688K)
[2026-09-23T23:03:49.927+0000][436.123s][info][gc,metaspace   ] GC(99) Metaspace: 173380K(175296K)->173380K(175296K) NonClass: 146357K(147456K)->146357K(147456K) Class: 27022K(27840K)->27022K(27840K)
[2026-09-23T23:03:49.927+0000][436.123s][info][gc             ] GC(99) Pause Young (Allocation Failure) 7876M->4590M(7907M) 113.853ms
[2026-09-23T23:03:49.927+0000][436.123s][info][gc,cpu         ] GC(99) User=0.42s Sys=0.02s Real=0.11s
[2026-09-23T23:03:56.127+0000][442.324s][info][gc,start       ] GC(100) Pause Young (Allocation Failure)
[2026-09-23T23:03:56.235+0000][442.432s][info][gc,heap        ] GC(100) PSYoungGen: 3423377K(3438080K)->41361K(3422720K) Eden: 3381248K(3381248K)->0K(3381248K) From: 42129K(56832K)->41361K(41472K)
[2026-09-23T23:03:56.235+0000][442.432s][info][gc,heap        ] GC(100) ParOldGen: 4658602K(4658688K)->4674530K(4674560K)
[2026-09-23T23:03:56.235+0000][442.432s][info][gc,metaspace   ] GC(100) Metaspace: 173394K(175296K)->173394K(175296K) NonClass: 146370K(147456K)->146370K(147456K) Class: 27023K(27840K)->27023K(27840K)
[2026-09-23T23:03:56.235+0000][442.432s][info][gc             ] GC(100) Pause Young (Allocation Failure) 7892M->4605M(7907M) 108.195ms
[2026-09-23T23:03:56.235+0000][442.432s][info][gc,cpu         ] GC(100) User=0.41s Sys=0.02s Real=0.11s
[2026-09-23T23:04:02.600+0000][448.797s][info][gc,start       ] GC(101) Pause Young (Allocation Failure)
[2026-09-23T23:04:02.710+0000][448.907s][info][gc,heap        ] GC(101) PSYoungGen: 3422609K(3422720K)->41456K(3437568K) Eden: 3381248K(3381248K)->0K(3381248K) From: 41361K(41472K)->41456K(56320K)
[2026-09-23T23:04:02.710+0000][448.907s][info][gc,heap        ] GC(101) ParOldGen: 4674530K(4674560K)->4688870K(4688896K)
[2026-09-23T23:04:02.710+0000][448.907s][info][gc,metaspace   ] GC(101) Metaspace: 173399K(175296K)->173399K(175296K) NonClass: 146375K(147456K)->146375K(147456K) Class: 27023K(27840K)->27023K(27840K)
[2026-09-23T23:04:02.710+0000][448.907s][info][gc             ] GC(101) Pause Young (Allocation Failure) 7907M->4619M(7936M) 109.592ms
[2026-09-23T23:04:02.710+0000][448.907s][info][gc,cpu         ] GC(101) User=0.42s Sys=0.00s Real=0.11s
[2026-09-23T23:04:09.245+0000][455.442s][info][gc,start       ] GC(102) Pause Young (Allocation Failure)
[2026-09-23T23:04:09.364+0000][455.560s][info][gc,heap        ] GC(102) PSYoungGen: 3422698K(3437568K)->50827K(3437568K) Eden: 3381241K(3381248K)->0K(3381248K) From: 41456K(56320K)->50827K(56320K)
[2026-09-23T23:04:09.364+0000][455.561s][info][gc,heap        ] GC(102) ParOldGen: 4688870K(4688896K)->4702816K(4703232K)
[2026-09-23T23:04:09.364+0000][455.561s][info][gc,metaspace   ] GC(102) Metaspace: 174391K(176256K)->174391K(176256K) NonClass: 147236K(148288K)->147236K(148288K) Class: 27154K(27968K)->27154K(27968K)
[2026-09-23T23:04:09.364+0000][455.561s][info][gc             ] GC(102) Pause Young (Allocation Failure) 7921M->4642M(7950M) 118.705ms
[2026-09-23T23:04:09.364+0000][455.561s][info][gc,cpu         ] GC(102) User=0.45s Sys=0.01s Real=0.12s
[2026-09-23T23:04:15.246+0000][461.443s][info][gc,start       ] GC(103) Pause Young (GCLocker Initiated GC)
[2026-09-23T23:04:15.333+0000][461.530s][info][gc,heap        ] GC(103) PSYoungGen: 3432075K(3437568K)->13600K(3429376K) Eden: 3381248K(3381248K)->0K(3372032K) From: 50827K(56320K)->13600K(57344K)
[2026-09-23T23:04:15.333+0000][461.530s][info][gc,heap        ] GC(103) ParOldGen: 4702816K(4703232K)->4743130K(4743168K)
[2026-09-23T23:04:15.333+0000][461.530s][info][gc,metaspace   ] GC(103) Metaspace: 174600K(176448K)->174600K(176448K) NonClass: 147435K(148480K)->147435K(148480K) Class: 27165K(27968K)->27165K(27968K)
[2026-09-23T23:04:15.333+0000][461.530s][info][gc             ] GC(103) Pause Young (GCLocker Initiated GC) 7944M->4645M(7981M) 87.156ms
[2026-09-23T23:04:15.333+0000][461.530s][info][gc,cpu         ] GC(103) User=0.31s Sys=0.03s Real=0.09s
[2026-09-23T23:04:21.095+0000][467.292s][info][gc,start       ] GC(104) Pause Young (GCLocker Initiated GC)
[2026-09-23T23:04:21.139+0000][467.336s][info][gc,heap        ] GC(104) PSYoungGen: 3385632K(3429376K)->11456K(3383808K) Eden: 3372032K(3372032K)->0K(3372032K) From: 13600K(57344K)->11456K(11776K)
[2026-09-23T23:04:21.139+0000][467.336s][info][gc,heap        ] GC(104) ParOldGen: 4743150K(4743168K)->4746590K(4746752K)
[2026-09-23T23:04:21.139+0000][467.336s][info][gc,metaspace   ] GC(104) Metaspace: 174675K(176576K)->174675K(176576K) NonClass: 147498K(148544K)->147498K(148544K) Class: 27177K(28032K)->27177K(28032K)
[2026-09-23T23:04:21.139+0000][467.336s][info][gc             ] GC(104) Pause Young (GCLocker Initiated GC) 7938M->4646M(7940M) 43.889ms
[2026-09-23T23:04:21.139+0000][467.336s][info][gc,cpu         ] GC(104) User=0.15s Sys=0.00s Real=0.04s
[2026-09-23T23:04:26.864+0000][473.061s][info][gc,start       ] GC(105) Pause Young (Allocation Failure)
[2026-09-23T23:04:26.904+0000][473.101s][info][gc,heap        ] GC(105) PSYoungGen: 3383488K(3383808K)->11936K(3425792K) Eden: 3372032K(3372032K)->0K(3360768K) From: 11456K(11776K)->11936K(65024K)
[2026-09-23T23:04:26.904+0000][473.101s][info][gc,heap        ] GC(105) ParOldGen: 4746607K(4746752K)->4749943K(4750336K)
[2026-09-23T23:04:26.904+0000][473.101s][info][gc,metaspace   ] GC(105) Metaspace: 174692K(176576K)->174692K(176576K) NonClass: 147515K(148544K)->147515K(148544K) Class: 27177K(28032K)->27177K(28032K)
[2026-09-23T23:04:26.904+0000][473.101s][info][gc             ] GC(105) Pause Young (Allocation Failure) 7939M->4650M(7984M) 40.518ms
[2026-09-23T23:04:26.904+0000][473.101s][info][gc,cpu         ] GC(105) User=0.16s Sys=0.00s Real=0.04s
[2026-09-23T23:04:31.929+0000][478.126s][info][gc,heap,exit   ] Heap
[2026-09-23T23:04:31.929+0000][478.126s][info][gc,heap,exit   ]  PSYoungGen      total 3425792K, used 2888642K [0x000000072ab00000, 0x0000000800000000, 0x0000000800000000)
[2026-09-23T23:04:31.929+0000][478.126s][info][gc,heap,exit   ]   eden space 3360768K, 85% used [0x000000072ab00000,0x00000007da448960,0x00000007f7d00000)
[2026-09-23T23:04:31.929+0000][478.126s][info][gc,heap,exit   ]   from space 65024K, 18% used [0x00000007fc080000,0x00000007fcc28000,0x0000000800000000)
[2026-09-23T23:04:31.929+0000][478.126s][info][gc,heap,exit   ]   to   space 67072K, 0% used [0x00000007f7d00000,0x00000007f7d00000,0x00000007fbe80000)
[2026-09-23T23:04:31.929+0000][478.126s][info][gc,heap,exit   ]  ParOldGen       total 4750336K, used 4749943K [0x0000000580000000, 0x00000006a1f00000, 0x000000072ab00000)
[2026-09-23T23:04:31.929+0000][478.126s][info][gc,heap,exit   ]   object space 4750336K, 99% used [0x0000000580000000,0x00000006a1e9de10,0x00000006a1f00000)
[2026-09-23T23:04:31.929+0000][478.126s][info][gc,heap,exit   ]  Metaspace       used 174784K, committed 176704K, reserved 1245184K
[2026-09-23T23:04:31.929+0000][478.126s][info][gc,heap,exit   ]   class space    used 27192K, committed 28032K, reserved 1048576K
