[0.004s][info][gc] Using G1
[0.348s][info][gc] GC(0) Pause Young (Concurrent Start) (G1 Humongous Allocation) 242M->3M(513M) 4.353ms
[0.348s][info][gc] GC(1) Concurrent Undo Cycle
[0.348s][info][gc] GC(1) Concurrent Undo Cycle 0.099ms
[0.442s][info][gc] GC(2) Pause Young (Normal) (G1 Evacuation Pause) 215M->2M(513M) 3.280ms
[1.752s][info][gc] GC(3) Pause Young (Concurrent Start) (Metadata GC Threshold) 312M->15M(513M) 12.090ms
[1.752s][info][gc] GC(4) Concurrent Mark Cycle
[1.771s][info][gc] GC(4) Pause Remark 17M->17M(512M) 3.513ms
[1.772s][info][gc] GC(4) Pause Cleanup 17M->17M(512M) 0.103ms
[1.774s][info][gc] GC(4) Concurrent Mark Cycle 21.894ms
[2.161s][info][gc] GC(5) Pause Young (Prepare Mixed) (G1 Evacuation Pause) 65M->31M(512M) 20.819ms
[2.206s][info][gc] GC(6) Pause Young (Mixed) (G1 Evacuation Pause) 48M->39M(512M) 19.115ms
[2.278s][info][gc] GC(7) Pause Young (Normal) (G1 Evacuation Pause) 66M->52M(512M) 14.396ms
[2.345s][info][gc] GC(8) Pause Young (Normal) (G1 Evacuation Pause) 81M->66M(921M) 33.895ms
[2.403s][info][gc] GC(9) Pause Young (Normal) (G1 Evacuation Pause) 113M->85M(921M) 16.804ms
[2.552s][info][gc] GC(10) Pause Young (Normal) (G1 Evacuation Pause) 125M->105M(921M) 42.881ms
[2.684s][info][gc] GC(11) Pause Young (Normal) (G1 Evacuation Pause) 145M->127M(921M) 33.631ms
[3.088s][info][gc] GC(12) Pause Young (Normal) (G1 Evacuation Pause) 167M->146M(1368M) 25.754ms
[3.302s][info][gc] GC(13) Pause Young (Concurrent Start) (Metadata GC Threshold) 161M->149M(1368M) 7.485ms
[3.302s][info][gc] GC(14) Concurrent Mark Cycle
[3.692s][info][gc] GC(14) Pause Remark 167M->167M(560M) 6.768ms
[3.896s][info][gc] GC(14) Pause Cleanup 178M->178M(560M) 0.243ms
[3.904s][info][gc] GC(14) Concurrent Mark Cycle 602.582ms
[4.267s][info][gc] GC(15) Pause Young (Prepare Mixed) (G1 Evacuation Pause) 264M->160M(560M) 17.738ms
[6.397s][info][gc] GC(16) Pause Young (Mixed) (G1 Evacuation Pause) 402M->193M(560M) 53.195ms
[6.580s][info][gc] GC(17) Pause Young (Normal) (G1 Evacuation Pause) 321M->239M(560M) 80.631ms
[6.809s][info][gc] GC(18) Pause Young (Concurrent Start) (Metadata GC Threshold) 315M->262M(560M) 30.045ms
[6.809s][info][gc] GC(19) Concurrent Mark Cycle
[7.092s][info][gc] GC(19) Pause Remark 263M->243M(560M) 9.731ms
[7.262s][info][gc] GC(19) Pause Cleanup 244M->244M(560M) 0.325ms
[7.263s][info][gc] GC(19) Concurrent Mark Cycle 453.889ms
[9.362s][info][gc] GC(20) Pause Young (Prepare Mixed) (G1 Evacuation Pause) 409M->270M(560M) 66.947ms
[10.350s][info][gc] GC(21) Pause Young (Mixed) (G1 Evacuation Pause) 446M->252M(560M) 58.092ms
[11.251s][info][gc] GC(22) Pause Young (Mixed) (G1 Evacuation Pause) 455M->246M(560M) 52.719ms
[11.489s][info][gc] GC(23) Pause Young (Concurrent Start) (G1 Humongous Allocation) 329M->248M(858M) 20.769ms
[11.489s][info][gc] GC(24) Concurrent Undo Cycle
[11.492s][info][gc] GC(24) Concurrent Undo Cycle 3.301ms
[12.099s][info][gc] GC(25) Pause Young (Concurrent Start) (G1 Humongous Allocation) 334M->260M(858M) 36.583ms
[12.099s][info][gc] GC(26) Concurrent Mark Cycle
[12.585s][info][gc] GC(26) Pause Remark 288M->288M(858M) 14.649ms
[12.890s][info][gc] GC(26) Pause Cleanup 378M->378M(858M) 0.359ms
[12.903s][info][gc] GC(26) Concurrent Mark Cycle 803.693ms
[14.773s][info][gc] GC(27) Pause Young (Prepare Mixed) (G1 Evacuation Pause) 715M->280M(858M) 83.160ms
[31.207s][info][gc] GC(28) Pause Young (Mixed) (G1 Evacuation Pause) 735M->302M(858M) 96.982ms
[33.777s][info][gc] GC(29) Pause Young (Mixed) (G1 Evacuation Pause) 747M->320M(858M) 93.139ms
[37.808s][info][gc] GC(30) Pause Young (Concurrent Start) (G1 Evacuation Pause) 757M->334M(858M) 45.628ms
[37.808s][info][gc] GC(31) Concurrent Mark Cycle
[38.611s][info][gc] GC(31) Pause Remark 405M->369M(858M) 26.392ms
[38.969s][info][gc] GC(31) Pause Cleanup 407M->407M(858M) 0.412ms
[38.973s][info][gc] GC(31) Concurrent Mark Cycle 1164.818ms
[41.459s][info][gc] GC(32) Pause Young (Prepare Mixed) (G1 Evacuation Pause) 734M->319M(858M) 72.914ms
[44.103s][info][gc] GC(33) Pause Young (Mixed) (G1 Evacuation Pause) 774M->323M(858M) 35.836ms
[52.655s][info][gc] GC(34) Pause Young (Concurrent Start) (G1 Evacuation Pause) 781M->332M(858M) 54.433ms
[52.655s][info][gc] GC(35) Concurrent Mark Cycle
[53.511s][info][gc] GC(35) Pause Remark 639M->639M(1067M) 51.004ms
[53.906s][info][gc] GC(36) Pause Young (Normal) (G1 Evacuation Pause) 782M->332M(1067M) 20.179ms
[53.986s][info][gc] GC(35) Pause Cleanup 384M->384M(1067M) 0.368ms
[53.989s][info][gc] GC(35) Concurrent Mark Cycle 1334.027ms
