[0.003s][info][gc] Using G1
[0.347s][info][gc] GC(0) Pause Young (Concurrent Start) (G1 Humongous Allocation) 241M->3M(513M) 10.659ms
[0.347s][info][gc] GC(1) Concurrent Undo Cycle
[0.348s][info][gc] GC(1) Concurrent Undo Cycle 0.697ms
[0.456s][info][gc] GC(2) Pause Young (Normal) (G1 Evacuation Pause) 215M->2M(513M) 4.324ms
[1.851s][info][gc] GC(3) Pause Young (Concurrent Start) (Metadata GC Threshold) 313M->16M(513M) 10.693ms
[1.851s][info][gc] GC(4) Concurrent Mark Cycle
[1.869s][info][gc] GC(4) Pause Remark 17M->17M(512M) 4.534ms
[1.870s][info][gc] GC(4) Pause Cleanup 17M->17M(512M) 0.104ms
[1.872s][info][gc] GC(4) Concurrent Mark Cycle 20.724ms
[2.295s][info][gc] GC(5) Pause Young (Prepare Mixed) (GCLocker Initiated GC) 73M->34M(512M) 28.889ms
[2.356s][info][gc] GC(6) Pause Young (Mixed) (G1 Evacuation Pause) 50M->42M(512M) 40.788ms
[2.396s][info][gc] GC(7) Pause Young (Normal) (G1 Evacuation Pause) 63M->52M(940M) 14.841ms
[2.551s][info][gc] GC(8) Pause Young (Normal) (G1 Evacuation Pause) 101M->72M(940M) 48.559ms
[2.658s][info][gc] GC(9) Pause Young (Normal) (G1 Evacuation Pause) 113M->92M(940M) 47.634ms
[2.872s][info][gc] GC(10) Pause Young (Normal) (G1 Evacuation Pause) 133M->114M(940M) 58.479ms
[3.092s][info][gc] GC(11) Pause Young (Normal) (G1 Evacuation Pause) 155M->136M(1384M) 41.457ms
[3.698s][info][gc] GC(12) Pause Young (Concurrent Start) (Metadata GC Threshold) 175M->148M(1384M) 26.052ms
[3.698s][info][gc] GC(13) Concurrent Mark Cycle
[4.077s][info][gc] GC(13) Pause Remark 164M->164M(554M) 5.713ms
[4.393s][info][gc] GC(13) Pause Cleanup 192M->192M(554M) 0.286ms
[4.395s][info][gc] GC(13) Concurrent Mark Cycle 696.447ms
[4.542s][info][gc] GC(14) Pause Young (Prepare Mixed) (G1 Evacuation Pause) 210M->156M(554M) 41.726ms
[4.908s][info][gc] GC(15) Pause Young (Mixed) (G1 Evacuation Pause) 269M->161M(554M) 29.819ms
[6.147s][info][gc] GC(16) Pause Young (Normal) (G1 Evacuation Pause) 306M->185M(554M) 60.143ms
[6.755s][info][gc] GC(17) Pause Young (Normal) (G1 Evacuation Pause) 337M->231M(853M) 79.627ms
[7.007s][info][gc] GC(18) Pause Young (Concurrent Start) (Metadata GC Threshold) 322M->259M(853M) 39.284ms
[7.008s][info][gc] GC(19) Concurrent Mark Cycle
[7.271s][info][gc] GC(19) Pause Remark 260M->244M(814M) 11.752ms
[7.473s][info][gc] GC(19) Pause Cleanup 244M->244M(814M) 1.796ms
[7.476s][info][gc] GC(19) Concurrent Mark Cycle 468.105ms
[9.690s][info][gc] GC(20) Pause Young (Prepare Mixed) (G1 Evacuation Pause) 426M->271M(814M) 45.765ms
[11.241s][info][gc] GC(21) Pause Young (Mixed) (G1 Evacuation Pause) 572M->247M(814M) 73.199ms
[13.296s][info][gc] GC(22) Pause Young (Normal) (G1 Evacuation Pause) 692M->306M(814M) 114.744ms
[13.851s][info][gc] GC(23) Pause Young (Concurrent Start) (Metadata GC Threshold) 359M->311M(814M) 90.865ms
[13.852s][info][gc] GC(24) Concurrent Mark Cycle
[14.380s][info][gc] GC(24) Pause Remark 328M->327M(814M) 17.787ms
[14.880s][info][gc] GC(24) Pause Cleanup 347M->347M(814M) 1.264ms
[14.889s][info][gc] GC(24) Concurrent Mark Cycle 1037.118ms
[20.769s][info][gc] GC(25) Pause Young (Prepare Mixed) (G1 Evacuation Pause) 641M->319M(814M) 35.995ms
[34.513s][info][gc] GC(26) Pause Young (Mixed) (G1 Evacuation Pause) 706M->339M(814M) 51.996ms
[36.979s][info][gc] GC(27) Pause Young (Concurrent Start) (G1 Evacuation Pause) 705M->351M(814M) 69.879ms
[36.979s][info][gc] GC(28) Concurrent Mark Cycle
[37.841s][info][gc] GC(28) Pause Remark 398M->394M(814M) 48.391ms
[38.361s][info][gc] GC(28) Pause Cleanup 437M->437M(814M) 0.431ms
[38.376s][info][gc] GC(28) Concurrent Mark Cycle 1396.255ms
[41.243s][info][gc] GC(29) Pause Young (Prepare Mixed) (G1 Evacuation Pause) 712M->359M(814M) 50.721ms
[44.474s][info][gc] GC(30) Pause Young (Mixed) (G1 Evacuation Pause) 729M->323M(814M) 70.736ms
[47.603s][info][gc] GC(31) Pause Young (Concurrent Start) (G1 Evacuation Pause) 731M->337M(814M) 33.307ms
[47.603s][info][gc] GC(32) Concurrent Mark Cycle
[48.555s][info][gc] GC(32) Pause Remark 510M->510M(852M) 66.621ms
[48.997s][info][gc] GC(32) Pause Cleanup 540M->540M(852M) 0.442ms
[48.999s][info][gc] GC(32) Concurrent Mark Cycle 1395.875ms
[56.587s][info][gc] GC(33) Pause Young (Prepare Mixed) (G1 Evacuation Pause) 737M->348M(852M) 33.221ms
[57.364s][info][gc] GC(34) Pause Young (Mixed) (G1 Evacuation Pause) 782M->339M(852M) 50.321ms
