[2026-09-24T21:52:45.787+0000][0.009s][info][gc,init] CardTable entry size: 512
[2026-09-24T21:52:45.787+0000][0.009s][info][gc     ] Using Parallel
[2026-09-24T21:52:45.794+0000][0.016s][info][gc,init] Version: 21.0.12.1+1-LTS (release)
[2026-09-24T21:52:45.794+0000][0.016s][info][gc,init] CPUs: 4 total, 4 available
[2026-09-24T21:52:45.794+0000][0.016s][info][gc,init] Memory: 15989M
[2026-09-24T21:52:45.794+0000][0.016s][info][gc,init] Large Page Support: Disabled
[2026-09-24T21:52:45.794+0000][0.016s][info][gc,init] NUMA Support: Disabled
[2026-09-24T21:52:45.794+0000][0.016s][info][gc,init] Compressed Oops: Enabled (Zero based)
[2026-09-24T21:52:45.794+0000][0.016s][info][gc,init] Alignments: Space 512K, Generation 512K, Heap 2M
[2026-09-24T21:52:45.794+0000][0.016s][info][gc,init] Heap Min Capacity: 4G
[2026-09-24T21:52:45.794+0000][0.016s][info][gc,init] Heap Initial Capacity: 4G
[2026-09-24T21:52:45.794+0000][0.016s][info][gc,init] Heap Max Capacity: 10G
[2026-09-24T21:52:45.794+0000][0.016s][info][gc,init] Pre-touch: Disabled
[2026-09-24T21:52:45.794+0000][0.016s][info][gc,init] Parallel Workers: 4
[2026-09-24T21:52:45.801+0000][0.023s][info][gc,metaspace] CDS archive(s) mapped at: [0x00007fca75000000-0x00007fca75c9c000-0x00007fca75c9c000), size 13221888, SharedBaseAddress: 0x00007fca75000000, ArchiveRelocationMode: 1.
[2026-09-24T21:52:45.801+0000][0.023s][info][gc,metaspace] Compressed class space mapped at: 0x00007fca76000000-0x00007fcab6000000, reserved size: 1073741824
[2026-09-24T21:52:45.801+0000][0.023s][info][gc,metaspace] Narrow klass base: 0x00007fca75000000, Narrow klass shift: 0, Narrow klass range: 0x100000000
[2026-09-24T21:52:47.607+0000][1.829s][info][gc,start    ] GC(0) Pause Young (Metadata GC Threshold)
[2026-09-24T21:52:47.612+0000][1.834s][info][gc,heap     ] GC(0) PSYoungGen: 919414K(1223168K)->12666K(1223168K) Eden: 919414K(1048576K)->0K(1048576K) From: 0K(174592K)->12666K(174592K)
[2026-09-24T21:52:47.612+0000][1.834s][info][gc,heap     ] GC(0) ParOldGen: 1073K(2796544K)->1145K(2796544K)
[2026-09-24T21:52:47.612+0000][1.834s][info][gc,metaspace] GC(0) Metaspace: 21074K(21504K)->21074K(21504K) NonClass: 18700K(18944K)->18700K(18944K) Class: 2374K(2560K)->2374K(2560K)
[2026-09-24T21:52:47.612+0000][1.834s][info][gc          ] GC(0) Pause Young (Metadata GC Threshold) 898M->13M(3925M) 5.163ms
[2026-09-24T21:52:47.612+0000][1.834s][info][gc,cpu      ] GC(0) User=0.01s Sys=0.01s Real=0.00s
[2026-09-24T21:52:47.612+0000][1.834s][info][gc,start    ] GC(1) Pause Full (Metadata GC Threshold)
[2026-09-24T21:52:47.612+0000][1.834s][info][gc,phases,start] GC(1) Marking Phase
[2026-09-24T21:52:47.619+0000][1.841s][info][gc,phases      ] GC(1) Marking Phase 6.411ms
[2026-09-24T21:52:47.619+0000][1.841s][info][gc,phases,start] GC(1) Summary Phase
[2026-09-24T21:52:47.619+0000][1.841s][info][gc,phases      ] GC(1) Summary Phase 0.007ms
[2026-09-24T21:52:47.619+0000][1.841s][info][gc,phases,start] GC(1) Adjust Roots
[2026-09-24T21:52:47.621+0000][1.843s][info][gc,phases      ] GC(1) Adjust Roots 2.049ms
[2026-09-24T21:52:47.621+0000][1.843s][info][gc,phases,start] GC(1) Compaction Phase
[2026-09-24T21:52:47.626+0000][1.848s][info][gc,phases      ] GC(1) Compaction Phase 5.301ms
[2026-09-24T21:52:47.626+0000][1.848s][info][gc,phases,start] GC(1) Post Compact
[2026-09-24T21:52:47.627+0000][1.849s][info][gc,phases      ] GC(1) Post Compact 1.049ms
[2026-09-24T21:52:47.627+0000][1.849s][info][gc,heap        ] GC(1) PSYoungGen: 12666K(1223168K)->0K(1223168K) Eden: 0K(1048576K)->0K(1048576K) From: 12666K(174592K)->0K(174592K)
[2026-09-24T21:52:47.627+0000][1.849s][info][gc,heap        ] GC(1) ParOldGen: 1145K(2796544K)->13575K(2796544K)
[2026-09-24T21:52:47.627+0000][1.849s][info][gc,metaspace   ] GC(1) Metaspace: 21074K(21504K)->21074K(21504K) NonClass: 18700K(18944K)->18700K(18944K) Class: 2374K(2560K)->2374K(2560K)
[2026-09-24T21:52:47.627+0000][1.849s][info][gc             ] GC(1) Pause Full (Metadata GC Threshold) 13M->13M(3925M) 14.921ms
[2026-09-24T21:52:47.627+0000][1.849s][info][gc,cpu         ] GC(1) User=0.03s Sys=0.00s Real=0.02s
[2026-09-24T21:52:48.482+0000][2.704s][info][gc,start       ] GC(2) Pause Young (Metadata GC Threshold)
[2026-09-24T21:52:48.500+0000][2.722s][info][gc,heap        ] GC(2) PSYoungGen: 400184K(1223168K)->50985K(1223168K) Eden: 400184K(1048576K)->0K(1048576K) From: 0K(174592K)->50985K(174592K)
[2026-09-24T21:52:48.500+0000][2.722s][info][gc,heap        ] GC(2) ParOldGen: 13575K(2796544K)->13583K(2796544K)
[2026-09-24T21:52:48.500+0000][2.722s][info][gc,metaspace   ] GC(2) Metaspace: 35360K(35840K)->35360K(35840K) NonClass: 31283K(31552K)->31283K(31552K) Class: 4076K(4288K)->4076K(4288K)
[2026-09-24T21:52:48.500+0000][2.722s][info][gc             ] GC(2) Pause Young (Metadata GC Threshold) 404M->63M(3925M) 18.132ms
[2026-09-24T21:52:48.500+0000][2.722s][info][gc,cpu         ] GC(2) User=0.06s Sys=0.00s Real=0.02s
[2026-09-24T21:52:48.500+0000][2.722s][info][gc,start       ] GC(3) Pause Full (Metadata GC Threshold)
[2026-09-24T21:52:48.500+0000][2.722s][info][gc,phases,start] GC(3) Marking Phase
[2026-09-24T21:52:48.521+0000][2.743s][info][gc,phases      ] GC(3) Marking Phase 20.497ms
[2026-09-24T21:52:48.521+0000][2.743s][info][gc,phases,start] GC(3) Summary Phase
[2026-09-24T21:52:48.521+0000][2.743s][info][gc,phases      ] GC(3) Summary Phase 0.018ms
[2026-09-24T21:52:48.521+0000][2.743s][info][gc,phases,start] GC(3) Adjust Roots
[2026-09-24T21:52:48.524+0000][2.746s][info][gc,phases      ] GC(3) Adjust Roots 2.806ms
[2026-09-24T21:52:48.524+0000][2.746s][info][gc,phases,start] GC(3) Compaction Phase
[2026-09-24T21:52:48.553+0000][2.775s][info][gc,phases      ] GC(3) Compaction Phase 29.383ms
[2026-09-24T21:52:48.553+0000][2.775s][info][gc,phases,start] GC(3) Post Compact
[2026-09-24T21:52:48.554+0000][2.776s][info][gc,phases      ] GC(3) Post Compact 0.759ms
[2026-09-24T21:52:48.554+0000][2.776s][info][gc,heap        ] GC(3) PSYoungGen: 50985K(1223168K)->0K(1223168K) Eden: 0K(1048576K)->0K(1048576K) From: 50985K(174592K)->0K(174592K)
[2026-09-24T21:52:48.554+0000][2.776s][info][gc,heap        ] GC(3) ParOldGen: 13583K(2796544K)->64250K(2796544K)
[2026-09-24T21:52:48.554+0000][2.776s][info][gc,metaspace   ] GC(3) Metaspace: 35360K(35840K)->35358K(35840K) NonClass: 31283K(31552K)->31282K(31552K) Class: 4076K(4288K)->4076K(4288K)
[2026-09-24T21:52:48.554+0000][2.776s][info][gc             ] GC(3) Pause Full (Metadata GC Threshold) 63M->62M(3925M) 53.589ms
[2026-09-24T21:52:48.554+0000][2.776s][info][gc,cpu         ] GC(3) User=0.18s Sys=0.01s Real=0.06s
[2026-09-24T21:52:50.001+0000][4.223s][info][gc,start       ] GC(4) Pause Young (Metadata GC Threshold)
[2026-09-24T21:52:50.028+0000][4.250s][info][gc,heap        ] GC(4) PSYoungGen: 410406K(1223168K)->42872K(1223168K) Eden: 410406K(1048576K)->0K(1048576K) From: 0K(174592K)->42872K(174592K)
[2026-09-24T21:52:50.029+0000][4.251s][info][gc,heap        ] GC(4) ParOldGen: 64250K(2796544K)->64266K(2796544K)
[2026-09-24T21:52:50.029+0000][4.251s][info][gc,metaspace   ] GC(4) Metaspace: 59182K(59776K)->59182K(59776K) NonClass: 50562K(50880K)->50562K(50880K) Class: 8620K(8896K)->8620K(8896K)
[2026-09-24T21:52:50.029+0000][4.251s][info][gc             ] GC(4) Pause Young (Metadata GC Threshold) 463M->104M(3925M) 27.072ms
[2026-09-24T21:52:50.029+0000][4.251s][info][gc,cpu         ] GC(4) User=0.08s Sys=0.01s Real=0.03s
[2026-09-24T21:52:50.029+0000][4.251s][info][gc,start       ] GC(5) Pause Full (Metadata GC Threshold)
[2026-09-24T21:52:50.029+0000][4.251s][info][gc,phases,start] GC(5) Marking Phase
[2026-09-24T21:52:50.076+0000][4.298s][info][gc,phases      ] GC(5) Marking Phase 47.140ms
[2026-09-24T21:52:50.076+0000][4.298s][info][gc,phases,start] GC(5) Summary Phase
[2026-09-24T21:52:50.076+0000][4.298s][info][gc,phases      ] GC(5) Summary Phase 0.007ms
[2026-09-24T21:52:50.076+0000][4.298s][info][gc,phases,start] GC(5) Adjust Roots
[2026-09-24T21:52:50.081+0000][4.303s][info][gc,phases      ] GC(5) Adjust Roots 4.777ms
[2026-09-24T21:52:50.081+0000][4.303s][info][gc,phases,start] GC(5) Compaction Phase
[2026-09-24T21:52:50.136+0000][4.358s][info][gc,phases      ] GC(5) Compaction Phase 55.726ms
[2026-09-24T21:52:50.136+0000][4.358s][info][gc,phases,start] GC(5) Post Compact
[2026-09-24T21:52:50.137+0000][4.359s][info][gc,phases      ] GC(5) Post Compact 0.915ms
[2026-09-24T21:52:50.137+0000][4.359s][info][gc,heap        ] GC(5) PSYoungGen: 42872K(1223168K)->0K(1223168K) Eden: 0K(1048576K)->0K(1048576K) From: 42872K(174592K)->0K(174592K)
[2026-09-24T21:52:50.137+0000][4.359s][info][gc,heap        ] GC(5) ParOldGen: 64266K(2796544K)->103019K(2796544K)
[2026-09-24T21:52:50.137+0000][4.359s][info][gc,metaspace   ] GC(5) Metaspace: 59182K(59776K)->59182K(59776K) NonClass: 50562K(50880K)->50562K(50880K) Class: 8620K(8896K)->8620K(8896K)
[2026-09-24T21:52:50.137+0000][4.359s][info][gc             ] GC(5) Pause Full (Metadata GC Threshold) 104M->100M(3925M) 108.720ms
[2026-09-24T21:52:50.137+0000][4.359s][info][gc,cpu         ] GC(5) User=0.39s Sys=0.02s Real=0.11s
[2026-09-24T21:52:52.395+0000][6.617s][info][gc,start       ] GC(6) Pause Young (Metadata GC Threshold)
[2026-09-24T21:52:52.482+0000][6.704s][info][gc,heap        ] GC(6) PSYoungGen: 735987K(1223168K)->174576K(1223168K) Eden: 735987K(1048576K)->0K(1048576K) From: 0K(174592K)->174576K(174592K)
[2026-09-24T21:52:52.482+0000][6.704s][info][gc,heap        ] GC(6) ParOldGen: 103019K(2796544K)->105443K(2796544K)
[2026-09-24T21:52:52.482+0000][6.704s][info][gc,metaspace   ] GC(6) Metaspace: 98782K(99648K)->98782K(99648K) NonClass: 84819K(85312K)->84819K(85312K) Class: 13962K(14336K)->13962K(14336K)
[2026-09-24T21:52:52.482+0000][6.704s][info][gc             ] GC(6) Pause Young (Metadata GC Threshold) 819M->273M(3925M) 86.802ms
[2026-09-24T21:52:52.482+0000][6.704s][info][gc,cpu         ] GC(6) User=0.33s Sys=0.02s Real=0.08s
[2026-09-24T21:52:52.482+0000][6.704s][info][gc,start       ] GC(7) Pause Full (Metadata GC Threshold)
[2026-09-24T21:52:52.482+0000][6.704s][info][gc,phases,start] GC(7) Marking Phase
[2026-09-24T21:52:52.577+0000][6.799s][info][gc,phases      ] GC(7) Marking Phase 94.616ms
[2026-09-24T21:52:52.577+0000][6.799s][info][gc,phases,start] GC(7) Summary Phase
[2026-09-24T21:52:52.577+0000][6.799s][info][gc,phases      ] GC(7) Summary Phase 0.035ms
[2026-09-24T21:52:52.577+0000][6.799s][info][gc,phases,start] GC(7) Adjust Roots
[2026-09-24T21:52:52.584+0000][6.806s][info][gc,phases      ] GC(7) Adjust Roots 7.592ms
[2026-09-24T21:52:52.584+0000][6.806s][info][gc,phases,start] GC(7) Compaction Phase
[2026-09-24T21:52:52.810+0000][7.032s][info][gc,phases      ] GC(7) Compaction Phase 226.262ms
[2026-09-24T21:52:52.811+0000][7.033s][info][gc,phases,start] GC(7) Post Compact
[2026-09-24T21:52:52.812+0000][7.034s][info][gc,phases      ] GC(7) Post Compact 1.400ms
[2026-09-24T21:52:52.812+0000][7.034s][info][gc,heap        ] GC(7) PSYoungGen: 174576K(1223168K)->0K(1223168K) Eden: 0K(1048576K)->0K(1048576K) From: 174576K(174592K)->0K(174592K)
[2026-09-24T21:52:52.812+0000][7.034s][info][gc,heap        ] GC(7) ParOldGen: 105443K(2796544K)->278471K(2796544K)
[2026-09-24T21:52:52.812+0000][7.034s][info][gc,metaspace   ] GC(7) Metaspace: 98782K(99648K)->98782K(99648K) NonClass: 84819K(85312K)->84819K(85312K) Class: 13962K(14336K)->13962K(14336K)
[2026-09-24T21:52:52.812+0000][7.034s][info][gc             ] GC(7) Pause Full (Metadata GC Threshold) 273M->271M(3925M) 330.051ms
[2026-09-24T21:52:52.812+0000][7.034s][info][gc,cpu         ] GC(7) User=1.23s Sys=0.01s Real=0.33s
[2026-09-24T21:52:55.219+0000][9.441s][info][gc,start       ] GC(8) Pause Young (Allocation Failure)
[2026-09-24T21:52:55.245+0000][9.467s][info][gc,heap        ] GC(8) PSYoungGen: 1048576K(1223168K)->44479K(1223168K) Eden: 1048576K(1048576K)->0K(1048576K) From: 0K(174592K)->44479K(174592K)
[2026-09-24T21:52:55.245+0000][9.467s][info][gc,heap        ] GC(8) ParOldGen: 278471K(2796544K)->278479K(2796544K)
[2026-09-24T21:52:55.245+0000][9.467s][info][gc,metaspace   ] GC(8) Metaspace: 119793K(120768K)->119793K(120768K) NonClass: 102554K(103104K)->102554K(103104K) Class: 17238K(17664K)->17238K(17664K)
[2026-09-24T21:52:55.245+0000][9.467s][info][gc             ] GC(8) Pause Young (Allocation Failure) 1295M->315M(3925M) 25.564ms
[2026-09-24T21:52:55.245+0000][9.467s][info][gc,cpu         ] GC(8) User=0.10s Sys=0.00s Real=0.03s
[2026-09-24T21:52:59.850+0000][14.072s][info][gc,start       ] GC(9) Pause Young (Allocation Failure)
[2026-09-24T21:52:59.897+0000][14.119s][info][gc,heap        ] GC(9) PSYoungGen: 1093055K(1223168K)->129400K(2234368K) Eden: 1048576K(1048576K)->0K(2076160K) From: 44479K(174592K)->129400K(158208K)
[2026-09-24T21:52:59.897+0000][14.119s][info][gc,heap        ] GC(9) ParOldGen: 278479K(2796544K)->278527K(2796544K)
[2026-09-24T21:52:59.897+0000][14.119s][info][gc,metaspace   ] GC(9) Metaspace: 150021K(151296K)->150021K(151296K) NonClass: 125582K(126336K)->125582K(126336K) Class: 24439K(24960K)->24439K(24960K)
[2026-09-24T21:52:59.897+0000][14.119s][info][gc             ] GC(9) Pause Young (Allocation Failure) 1339M->398M(4913M) 46.637ms
[2026-09-24T21:52:59.897+0000][14.119s][info][gc,cpu         ] GC(9) User=0.17s Sys=0.02s Real=0.05s
[2026-09-24T21:53:00.601+0000][14.823s][info][gc,start       ] GC(10) Pause Young (CodeCache GC Threshold)
[2026-09-24T21:53:00.645+0000][14.867s][info][gc,heap        ] GC(10) PSYoungGen: 405422K(2234368K)->152340K(2255360K) Eden: 276022K(2076160K)->0K(2076160K) From: 129400K(158208K)->152340K(179200K)
[2026-09-24T21:53:00.645+0000][14.867s][info][gc,heap        ] GC(10) ParOldGen: 278527K(2796544K)->278543K(2796544K)
[2026-09-24T21:53:00.645+0000][14.867s][info][gc,metaspace   ] GC(10) Metaspace: 150721K(152000K)->150721K(152000K) NonClass: 126226K(126976K)->126226K(126976K) Class: 24495K(25024K)->24495K(25024K)
[2026-09-24T21:53:00.645+0000][14.867s][info][gc             ] GC(10) Pause Young (CodeCache GC Threshold) 667M->420M(4933M) 43.590ms
[2026-09-24T21:53:00.645+0000][14.867s][info][gc,cpu         ] GC(10) User=0.16s Sys=0.01s Real=0.05s
[2026-09-24T21:53:00.645+0000][14.867s][info][gc,start       ] GC(11) Pause Full (CodeCache GC Threshold)
[2026-09-24T21:53:00.645+0000][14.867s][info][gc,phases,start] GC(11) Marking Phase
[2026-09-24T21:53:00.796+0000][15.018s][info][gc,phases      ] GC(11) Marking Phase 150.754ms
[2026-09-24T21:53:00.796+0000][15.018s][info][gc,phases,start] GC(11) Summary Phase
[2026-09-24T21:53:00.796+0000][15.018s][info][gc,phases      ] GC(11) Summary Phase 0.037ms
[2026-09-24T21:53:00.796+0000][15.018s][info][gc,phases,start] GC(11) Adjust Roots
[2026-09-24T21:53:00.814+0000][15.036s][info][gc,phases      ] GC(11) Adjust Roots 18.649ms
[2026-09-24T21:53:00.814+0000][15.036s][info][gc,phases,start] GC(11) Compaction Phase
[2026-09-24T21:53:01.086+0000][15.308s][info][gc,phases      ] GC(11) Compaction Phase 271.482ms
[2026-09-24T21:53:01.086+0000][15.308s][info][gc,phases,start] GC(11) Post Compact
[2026-09-24T21:53:01.090+0000][15.312s][info][gc,phases      ] GC(11) Post Compact 4.268ms
[2026-09-24T21:53:01.090+0000][15.312s][info][gc,heap        ] GC(11) PSYoungGen: 152340K(2255360K)->0K(2255360K) Eden: 0K(2076160K)->0K(2076160K) From: 152340K(179200K)->0K(179200K)
[2026-09-24T21:53:01.090+0000][15.312s][info][gc,heap        ] GC(11) ParOldGen: 278543K(2796544K)->391412K(2796544K)
[2026-09-24T21:53:01.090+0000][15.312s][info][gc,metaspace   ] GC(11) Metaspace: 150721K(152000K)->150656K(152000K) NonClass: 126226K(126976K)->126177K(126976K) Class: 24495K(25024K)->24479K(25024K)
[2026-09-24T21:53:01.090+0000][15.312s][info][gc             ] GC(11) Pause Full (CodeCache GC Threshold) 420M->382M(4933M) 445.358ms
[2026-09-24T21:53:01.090+0000][15.312s][info][gc,cpu         ] GC(11) User=1.60s Sys=0.01s Real=0.44s
[2026-09-24T21:53:04.194+0000][18.416s][info][gc,start       ] GC(12) Pause Young (Allocation Failure)
[2026-09-24T21:53:04.235+0000][18.457s][info][gc,heap        ] GC(12) PSYoungGen: 2076160K(2255360K)->163359K(2280960K) Eden: 2076160K(2076160K)->0K(2077696K) From: 0K(179200K)->163359K(203264K)
[2026-09-24T21:53:04.235+0000][18.457s][info][gc,heap        ] GC(12) ParOldGen: 391412K(2796544K)->391420K(2796544K)
[2026-09-24T21:53:04.235+0000][18.457s][info][gc,metaspace   ] GC(12) Metaspace: 152482K(153792K)->152482K(153792K) NonClass: 127688K(128448K)->127688K(128448K) Class: 24794K(25344K)->24794K(25344K)
[2026-09-24T21:53:04.235+0000][18.457s][info][gc             ] GC(12) Pause Young (Allocation Failure) 2409M->541M(4958M) 40.976ms
[2026-09-24T21:53:04.235+0000][18.457s][info][gc,cpu         ] GC(12) User=0.14s Sys=0.02s Real=0.04s
[2026-09-24T21:53:07.757+0000][21.979s][info][gc,start       ] GC(13) Pause Young (Allocation Failure)
[2026-09-24T21:53:07.815+0000][22.037s][info][gc,heap        ] GC(13) PSYoungGen: 2241055K(2280960K)->222707K(2300416K) Eden: 2077696K(2077696K)->0K(2077696K) From: 163359K(203264K)->222707K(222720K)
[2026-09-24T21:53:07.815+0000][22.037s][info][gc,heap        ] GC(13) ParOldGen: 391420K(2796544K)->485877K(2796544K)
[2026-09-24T21:53:07.815+0000][22.037s][info][gc,metaspace   ] GC(13) Metaspace: 153123K(154496K)->153123K(154496K) NonClass: 128269K(129088K)->128269K(129088K) Class: 24854K(25408K)->24854K(25408K)
[2026-09-24T21:53:07.815+0000][22.037s][info][gc             ] GC(13) Pause Young (Allocation Failure) 2570M->691M(4977M) 57.986ms
[2026-09-24T21:53:07.815+0000][22.037s][info][gc,cpu         ] GC(13) User=0.21s Sys=0.02s Real=0.06s
[2026-09-24T21:53:10.785+0000][25.007s][info][gc,start       ] GC(14) Pause Young (Allocation Failure)
[2026-09-24T21:53:10.931+0000][25.153s][info][gc,heap        ] GC(14) PSYoungGen: 2300403K(2300416K)->298480K(2897408K) Eden: 2077696K(2077696K)->0K(2598912K) From: 222707K(222720K)->298480K(298496K)
[2026-09-24T21:53:10.931+0000][25.153s][info][gc,heap        ] GC(14) ParOldGen: 485877K(2796544K)->760505K(2796544K)
[2026-09-24T21:53:10.931+0000][25.153s][info][gc,metaspace   ] GC(14) Metaspace: 153978K(155456K)->153978K(155456K) NonClass: 128995K(129856K)->128995K(129856K) Class: 24983K(25600K)->24983K(25600K)
[2026-09-24T21:53:10.931+0000][25.153s][info][gc             ] GC(14) Pause Young (Allocation Failure) 2720M->1034M(5560M) 146.762ms
[2026-09-24T21:53:10.931+0000][25.154s][info][gc,cpu         ] GC(14) User=0.51s Sys=0.05s Real=0.14s
[2026-09-24T21:53:14.538+0000][28.760s][info][gc,start       ] GC(15) Pause Young (Allocation Failure)
[2026-09-24T21:53:14.684+0000][28.906s][info][gc,heap        ] GC(15) PSYoungGen: 2897392K(2897408K)->340940K(2939904K) Eden: 2598912K(2598912K)->0K(2598912K) From: 298480K(298496K)->340940K(340992K)
[2026-09-24T21:53:14.684+0000][28.906s][info][gc,heap        ] GC(15) ParOldGen: 760505K(2796544K)->1074178K(2796544K)
[2026-09-24T21:53:14.684+0000][28.906s][info][gc,metaspace   ] GC(15) Metaspace: 154584K(156032K)->154584K(156032K) NonClass: 129538K(130368K)->129538K(130368K) Class: 25046K(25664K)->25046K(25664K)
[2026-09-24T21:53:14.684+0000][28.906s][info][gc             ] GC(15) Pause Young (Allocation Failure) 3572M->1381M(5602M) 145.711ms
[2026-09-24T21:53:14.684+0000][28.906s][info][gc,cpu         ] GC(15) User=0.50s Sys=0.08s Real=0.15s
[2026-09-24T21:53:18.303+0000][32.525s][info][gc,start       ] GC(16) Pause Young (Allocation Failure)
[2026-09-24T21:53:18.493+0000][32.715s][info][gc,heap        ] GC(16) PSYoungGen: 2939852K(2939904K)->436629K(2883072K) Eden: 2598912K(2598912K)->0K(2398208K) From: 340940K(340992K)->436629K(484864K)
[2026-09-24T21:53:18.493+0000][32.715s][info][gc,heap        ] GC(16) ParOldGen: 1074178K(2796544K)->1429348K(2796544K)
[2026-09-24T21:53:18.493+0000][32.715s][info][gc,metaspace   ] GC(16) Metaspace: 154828K(156288K)->154828K(156288K) NonClass: 129764K(130624K)->129764K(130624K) Class: 25064K(25664K)->25064K(25664K)
[2026-09-24T21:53:18.493+0000][32.715s][info][gc             ] GC(16) Pause Young (Allocation Failure) 3919M->1822M(5546M) 189.822ms
[2026-09-24T21:53:18.493+0000][32.715s][info][gc,cpu         ] GC(16) User=0.68s Sys=0.07s Real=0.19s
[2026-09-24T21:53:21.379+0000][35.601s][info][gc,start       ] GC(17) Pause Young (Allocation Failure)
[2026-09-24T21:53:21.600+0000][35.822s][info][gc,heap        ] GC(17) PSYoungGen: 2819549K(2883072K)->412009K(2810368K) Eden: 2382920K(2398208K)->0K(2398208K) From: 436629K(484864K)->412009K(412160K)
[2026-09-24T21:53:21.600+0000][35.822s][info][gc,heap        ] GC(17) ParOldGen: 1429348K(2796544K)->1880753K(2796544K)
[2026-09-24T21:53:21.600+0000][35.822s][info][gc,metaspace   ] GC(17) Metaspace: 154973K(156480K)->154973K(156480K) NonClass: 129894K(130752K)->129894K(130752K) Class: 25079K(25728K)->25079K(25728K)
[2026-09-24T21:53:21.600+0000][35.822s][info][gc             ] GC(17) Pause Young (Allocation Failure) 4149M->2239M(5475M) 221.012ms
[2026-09-24T21:53:21.600+0000][35.822s][info][gc,cpu         ] GC(17) User=0.80s Sys=0.08s Real=0.22s
[2026-09-24T21:53:22.573+0000][36.795s][info][gc,start       ] GC(18) Pause Young (CodeCache GC Threshold)
[2026-09-24T21:53:22.667+0000][36.889s][info][gc,heap        ] GC(18) PSYoungGen: 665087K(2810368K)->21056K(2905600K) Eden: 253078K(2398208K)->0K(2315776K) From: 412009K(412160K)->21056K(589824K)
[2026-09-24T21:53:22.667+0000][36.889s][info][gc,heap        ] GC(18) ParOldGen: 1880753K(2796544K)->2251574K(2796544K)
[2026-09-24T21:53:22.667+0000][36.889s][info][gc,metaspace   ] GC(18) Metaspace: 160172K(161664K)->160172K(161664K) NonClass: 134186K(135040K)->134186K(135040K) Class: 25986K(26624K)->25986K(26624K)
[2026-09-24T21:53:22.667+0000][36.889s][info][gc             ] GC(18) Pause Young (CodeCache GC Threshold) 2486M->2219M(5568M) 94.594ms
[2026-09-24T21:53:22.667+0000][36.889s][info][gc,cpu         ] GC(18) User=0.32s Sys=0.05s Real=0.10s
[2026-09-24T21:53:22.667+0000][36.889s][info][gc,start       ] GC(19) Pause Full (CodeCache GC Threshold)
[2026-09-24T21:53:22.667+0000][36.889s][info][gc,phases,start] GC(19) Marking Phase
[2026-09-24T21:53:23.010+0000][37.232s][info][gc,phases      ] GC(19) Marking Phase 342.060ms
[2026-09-24T21:53:23.010+0000][37.232s][info][gc,phases,start] GC(19) Summary Phase
[2026-09-24T21:53:23.010+0000][37.232s][info][gc,phases      ] GC(19) Summary Phase 0.087ms
[2026-09-24T21:53:23.010+0000][37.232s][info][gc,phases,start] GC(19) Adjust Roots
[2026-09-24T21:53:23.027+0000][37.249s][info][gc,phases      ] GC(19) Adjust Roots 17.022ms
[2026-09-24T21:53:23.027+0000][37.249s][info][gc,phases,start] GC(19) Compaction Phase
[2026-09-24T21:53:23.316+0000][37.538s][info][gc,phases      ] GC(19) Compaction Phase 289.463ms
[2026-09-24T21:53:23.316+0000][37.538s][info][gc,phases,start] GC(19) Post Compact
[2026-09-24T21:53:23.326+0000][37.548s][info][gc,phases      ] GC(19) Post Compact 10.141ms
[2026-09-24T21:53:23.326+0000][37.548s][info][gc,heap        ] GC(19) PSYoungGen: 21056K(2905600K)->0K(2905600K) Eden: 0K(2315776K)->0K(2315776K) From: 21056K(589824K)->0K(589824K)
[2026-09-24T21:53:23.326+0000][37.548s][info][gc,heap        ] GC(19) ParOldGen: 2251574K(2796544K)->1355545K(2796544K)
[2026-09-24T21:53:23.326+0000][37.548s][info][gc,metaspace   ] GC(19) Metaspace: 160172K(161664K)->160118K(161664K) NonClass: 134186K(135040K)->134146K(135040K) Class: 25986K(26624K)->25972K(26624K)
[2026-09-24T21:53:23.326+0000][37.548s][info][gc             ] GC(19) Pause Full (CodeCache GC Threshold) 2219M->1323M(5568M) 658.958ms
[2026-09-24T21:53:23.326+0000][37.548s][info][gc,cpu         ] GC(19) User=2.37s Sys=0.02s Real=0.66s
[2026-09-24T21:53:31.000+0000][45.222s][info][gc,start       ] GC(20) Pause Young (CodeCache GC Threshold)
[2026-09-24T21:53:31.078+0000][45.300s][info][gc,heap        ] GC(20) PSYoungGen: 1619331K(2905600K)->228268K(2905088K) Eden: 1619331K(2315776K)->0K(2315776K) From: 0K(589824K)->228268K(589312K)
[2026-09-24T21:53:31.078+0000][45.300s][info][gc,heap        ] GC(20) ParOldGen: 1355545K(2796544K)->1355553K(2796544K)
[2026-09-24T21:53:31.078+0000][45.300s][info][gc,metaspace   ] GC(20) Metaspace: 164016K(165632K)->164016K(165632K) NonClass: 137747K(138688K)->137747K(138688K) Class: 26269K(26944K)->26269K(26944K)
[2026-09-24T21:53:31.078+0000][45.300s][info][gc             ] GC(20) Pause Young (CodeCache GC Threshold) 2905M->1546M(5568M) 77.792ms
[2026-09-24T21:53:31.078+0000][45.300s][info][gc,cpu         ] GC(20) User=0.30s Sys=0.00s Real=0.08s
[2026-09-24T21:53:31.078+0000][45.300s][info][gc,start       ] GC(21) Pause Full (CodeCache GC Threshold)
[2026-09-24T21:53:31.078+0000][45.300s][info][gc,phases,start] GC(21) Marking Phase
[2026-09-24T21:53:31.487+0000][45.709s][info][gc,phases      ] GC(21) Marking Phase 409.238ms
[2026-09-24T21:53:31.487+0000][45.709s][info][gc,phases,start] GC(21) Summary Phase
[2026-09-24T21:53:31.487+0000][45.709s][info][gc,phases      ] GC(21) Summary Phase 0.031ms
[2026-09-24T21:53:31.487+0000][45.709s][info][gc,phases,start] GC(21) Adjust Roots
[2026-09-24T21:53:31.510+0000][45.732s][info][gc,phases      ] GC(21) Adjust Roots 22.619ms
[2026-09-24T21:53:31.510+0000][45.732s][info][gc,phases,start] GC(21) Compaction Phase
[2026-09-24T21:53:32.035+0000][46.257s][info][gc,phases      ] GC(21) Compaction Phase 525.292ms
[2026-09-24T21:53:32.035+0000][46.257s][info][gc,phases,start] GC(21) Post Compact
[2026-09-24T21:53:32.044+0000][46.266s][info][gc,phases      ] GC(21) Post Compact 8.798ms
[2026-09-24T21:53:32.044+0000][46.266s][info][gc,heap        ] GC(21) PSYoungGen: 228268K(2905088K)->0K(2905088K) Eden: 0K(2315776K)->0K(2315776K) From: 228268K(589312K)->0K(589312K)
[2026-09-24T21:53:32.044+0000][46.266s][info][gc,heap        ] GC(21) ParOldGen: 1355553K(2796544K)->1554283K(2796544K)
[2026-09-24T21:53:32.044+0000][46.266s][info][gc,metaspace   ] GC(21) Metaspace: 164016K(165632K)->163976K(165632K) NonClass: 137747K(138688K)->137717K(138688K) Class: 26269K(26944K)->26258K(26944K)
[2026-09-24T21:53:32.044+0000][46.266s][info][gc             ] GC(21) Pause Full (CodeCache GC Threshold) 1546M->1517M(5568M) 966.204ms
[2026-09-24T21:53:32.044+0000][46.266s][info][gc,cpu         ] GC(21) User=3.56s Sys=0.00s Real=0.97s
[2026-09-24T21:53:38.130+0000][52.352s][info][gc,start       ] GC(22) Pause Young (Allocation Failure)
[2026-09-24T21:53:38.208+0000][52.430s][info][gc,heap        ] GC(22) PSYoungGen: 2315776K(2905088K)->251130K(2835968K) Eden: 2315776K(2315776K)->0K(2347008K) From: 0K(589312K)->251130K(488960K)
[2026-09-24T21:53:38.208+0000][52.430s][info][gc,heap        ] GC(22) ParOldGen: 1554283K(2796544K)->1554291K(2796544K)
[2026-09-24T21:53:38.208+0000][52.430s][info][gc,metaspace   ] GC(22) Metaspace: 165093K(166720K)->165093K(166720K) NonClass: 138775K(139712K)->138775K(139712K) Class: 26318K(27008K)->26318K(27008K)
[2026-09-24T21:53:38.208+0000][52.430s][info][gc             ] GC(22) Pause Young (Allocation Failure) 3779M->1763M(5500M) 77.919ms
[2026-09-24T21:53:38.208+0000][52.430s][info][gc,cpu         ] GC(22) User=0.28s Sys=0.02s Real=0.08s
[2026-09-24T21:53:41.734+0000][55.956s][info][gc,start       ] GC(23) Pause Young (Allocation Failure)
[2026-09-24T21:53:41.847+0000][56.069s][info][gc,heap        ] GC(23) PSYoungGen: 2598138K(2835968K)->176498K(2886144K) Eden: 2347008K(2347008K)->0K(2347008K) From: 251130K(488960K)->176498K(539136K)
[2026-09-24T21:53:41.847+0000][56.069s][info][gc,heap        ] GC(23) ParOldGen: 1554291K(2796544K)->1805180K(2796544K)
[2026-09-24T21:53:41.847+0000][56.069s][info][gc,metaspace   ] GC(23) Metaspace: 165399K(167104K)->165399K(167104K) NonClass: 139051K(140032K)->139051K(140032K) Class: 26347K(27072K)->26347K(27072K)
[2026-09-24T21:53:41.847+0000][56.069s][info][gc             ] GC(23) Pause Young (Allocation Failure) 4055M->1935M(5549M) 112.567ms
[2026-09-24T21:53:41.847+0000][56.069s][info][gc,cpu         ] GC(23) User=0.45s Sys=0.00s Real=0.11s
[2026-09-24T21:53:43.621+0000][57.843s][info][gc,start       ] GC(24) Pause Young (CodeCache GC Threshold)
[2026-09-24T21:53:43.716+0000][57.938s][info][gc,heap        ] GC(24) PSYoungGen: 1384797K(2886144K)->104369K(2955264K) Eden: 1208299K(2347008K)->0K(2466816K) From: 176498K(539136K)->104369K(488448K)
[2026-09-24T21:53:43.716+0000][57.938s][info][gc,heap        ] GC(24) ParOldGen: 1805180K(2796544K)->1964152K(2796544K)
[2026-09-24T21:53:43.716+0000][57.938s][info][gc,metaspace   ] GC(24) Metaspace: 165724K(167360K)->165724K(167360K) NonClass: 139322K(140288K)->139322K(140288K) Class: 26401K(27072K)->26401K(27072K)
[2026-09-24T21:53:43.716+0000][57.938s][info][gc             ] GC(24) Pause Young (CodeCache GC Threshold) 3115M->2020M(5617M) 94.417ms
[2026-09-24T21:53:43.716+0000][57.938s][info][gc,cpu         ] GC(24) User=0.38s Sys=0.00s Real=0.10s
[2026-09-24T21:53:43.716+0000][57.938s][info][gc,start       ] GC(25) Pause Full (CodeCache GC Threshold)
[2026-09-24T21:53:43.716+0000][57.938s][info][gc,phases,start] GC(25) Marking Phase
[2026-09-24T21:53:44.266+0000][58.488s][info][gc,phases      ] GC(25) Marking Phase 550.261ms
[2026-09-24T21:53:44.266+0000][58.488s][info][gc,phases,start] GC(25) Summary Phase
[2026-09-24T21:53:44.266+0000][58.488s][info][gc,phases      ] GC(25) Summary Phase 0.034ms
[2026-09-24T21:53:44.266+0000][58.488s][info][gc,phases,start] GC(25) Adjust Roots
[2026-09-24T21:53:44.281+0000][58.503s][info][gc,phases      ] GC(25) Adjust Roots 15.306ms
[2026-09-24T21:53:44.281+0000][58.503s][info][gc,phases,start] GC(25) Compaction Phase
[2026-09-24T21:53:44.750+0000][58.972s][info][gc,phases      ] GC(25) Compaction Phase 468.665ms
[2026-09-24T21:53:44.750+0000][58.972s][info][gc,phases,start] GC(25) Post Compact
[2026-09-24T21:53:44.759+0000][58.981s][info][gc,phases      ] GC(25) Post Compact 9.101ms
[2026-09-24T21:53:44.759+0000][58.981s][info][gc,heap        ] GC(25) PSYoungGen: 104369K(2955264K)->0K(2955264K) Eden: 0K(2466816K)->0K(2466816K) From: 104369K(488448K)->0K(488448K)
[2026-09-24T21:53:44.759+0000][58.981s][info][gc,heap        ] GC(25) ParOldGen: 1964152K(2796544K)->2033715K(2796544K)
[2026-09-24T21:53:44.759+0000][58.981s][info][gc,metaspace   ] GC(25) Metaspace: 165724K(167360K)->165711K(167360K) NonClass: 139322K(140288K)->139312K(140288K) Class: 26401K(27072K)->26398K(27072K)
[2026-09-24T21:53:44.759+0000][58.981s][info][gc             ] GC(25) Pause Full (CodeCache GC Threshold) 2020M->1986M(5617M) 1043.539ms
[2026-09-24T21:53:44.759+0000][58.981s][info][gc,cpu         ] GC(25) User=3.83s Sys=0.01s Real=1.04s
[2026-09-24T21:53:47.732+0000][61.954s][info][gc,start       ] GC(26) Pause Young (Allocation Failure)
[2026-09-24T21:53:47.824+0000][62.046s][info][gc,heap        ] GC(26) PSYoungGen: 2466816K(2955264K)->158066K(2967552K) Eden: 2466816K(2466816K)->0K(2466816K) From: 0K(488448K)->158066K(500736K)
[2026-09-24T21:53:47.824+0000][62.046s][info][gc,heap        ] GC(26) ParOldGen: 2033715K(2796544K)->2033715K(2796544K)
[2026-09-24T21:53:47.824+0000][62.046s][info][gc,metaspace   ] GC(26) Metaspace: 165744K(167424K)->165744K(167424K) NonClass: 139336K(140288K)->139336K(140288K) Class: 26408K(27136K)->26408K(27136K)
[2026-09-24T21:53:47.824+0000][62.046s][info][gc             ] GC(26) Pause Young (Allocation Failure) 4395M->2140M(5629M) 92.331ms
[2026-09-24T21:53:47.824+0000][62.046s][info][gc,cpu         ] GC(26) User=0.34s Sys=0.01s Real=0.10s
[2026-09-24T21:53:50.497+0000][64.719s][info][gc,start       ] GC(27) Pause Young (Allocation Failure)
[2026-09-24T21:53:50.619+0000][64.841s][info][gc,heap        ] GC(27) PSYoungGen: 2624882K(2967552K)->144738K(2966016K) Eden: 2466816K(2466816K)->0K(2516480K) From: 158066K(500736K)->144738K(449536K)
[2026-09-24T21:53:50.619+0000][64.841s][info][gc,heap        ] GC(27) ParOldGen: 2033715K(2796544K)->2170257K(2796544K)
[2026-09-24T21:53:50.619+0000][64.841s][info][gc,metaspace   ] GC(27) Metaspace: 165780K(167424K)->165780K(167424K) NonClass: 139358K(140288K)->139358K(140288K) Class: 26421K(27136K)->26421K(27136K)
[2026-09-24T21:53:50.619+0000][64.841s][info][gc             ] GC(27) Pause Young (Allocation Failure) 4549M->2260M(5627M) 121.991ms
[2026-09-24T21:53:50.619+0000][64.841s][info][gc,cpu         ] GC(27) User=0.46s Sys=0.01s Real=0.12s
[2026-09-24T21:53:52.684+0000][66.906s][info][gc,start       ] GC(28) Pause Young (Allocation Failure)
[2026-09-24T21:53:52.795+0000][67.017s][info][gc,heap        ] GC(28) PSYoungGen: 2661218K(2966016K)->119585K(2974720K) Eden: 2516480K(2516480K)->0K(2516480K) From: 144738K(449536K)->119585K(458240K)
[2026-09-24T21:53:52.795+0000][67.017s][info][gc,heap        ] GC(28) ParOldGen: 2170257K(2796544K)->2291755K(2796544K)
[2026-09-24T21:53:52.795+0000][67.017s][info][gc,metaspace   ] GC(28) Metaspace: 166010K(167680K)->166010K(167680K) NonClass: 139583K(140544K)->139583K(140544K) Class: 26426K(27136K)->26426K(27136K)
[2026-09-24T21:53:52.795+0000][67.017s][info][gc             ] GC(28) Pause Young (Allocation Failure) 4718M->2354M(5636M) 111.607ms
[2026-09-24T21:53:52.795+0000][67.017s][info][gc,cpu         ] GC(28) User=0.44s Sys=0.01s Real=0.11s
[2026-09-24T21:53:53.830+0000][68.052s][info][gc,start       ] GC(29) Pause Young (Allocation Failure)
[2026-09-24T21:53:53.900+0000][68.122s][info][gc,heap        ] GC(29) PSYoungGen: 2635290K(2974720K)->11136K(3026944K) Eden: 2515705K(2516480K)->0K(2583552K) From: 119585K(458240K)->11136K(443392K)
[2026-09-24T21:53:53.900+0000][68.122s][info][gc,heap        ] GC(29) ParOldGen: 2291755K(2796544K)->2410907K(2796544K)
[2026-09-24T21:53:53.900+0000][68.122s][info][gc,metaspace   ] GC(29) Metaspace: 166018K(167680K)->166018K(167680K) NonClass: 139592K(140544K)->139592K(140544K) Class: 26426K(27136K)->26426K(27136K)
[2026-09-24T21:53:53.900+0000][68.122s][info][gc             ] GC(29) Pause Young (Allocation Failure) 4811M->2365M(5687M) 69.998ms
[2026-09-24T21:53:53.900+0000][68.122s][info][gc,cpu         ] GC(29) User=0.25s Sys=0.02s Real=0.07s
[2026-09-24T21:53:54.943+0000][69.165s][info][gc,start       ] GC(30) Pause Young (Allocation Failure)
[2026-09-24T21:53:54.953+0000][69.175s][info][gc,heap        ] GC(30) PSYoungGen: 2594688K(3026944K)->13312K(3030528K) Eden: 2583552K(2583552K)->0K(2583552K) From: 11136K(443392K)->13312K(446976K)
[2026-09-24T21:53:54.953+0000][69.175s][info][gc,heap        ] GC(30) ParOldGen: 2410907K(2796544K)->2422051K(2796544K)
[2026-09-24T21:53:54.953+0000][69.175s][info][gc,metaspace   ] GC(30) Metaspace: 166021K(167680K)->166021K(167680K) NonClass: 139594K(140544K)->139594K(140544K) Class: 26426K(27136K)->26426K(27136K)
[2026-09-24T21:53:54.953+0000][69.175s][info][gc             ] GC(30) Pause Young (Allocation Failure) 4888M->2378M(5690M) 9.787ms
[2026-09-24T21:53:54.953+0000][69.175s][info][gc,cpu         ] GC(30) User=0.03s Sys=0.00s Real=0.01s
[2026-09-24T21:53:55.994+0000][70.216s][info][gc,start       ] GC(31) Pause Young (Allocation Failure)
[2026-09-24T21:53:56.003+0000][70.225s][info][gc,heap        ] GC(31) PSYoungGen: 2596312K(3030528K)->12320K(3034112K) Eden: 2583000K(2583552K)->0K(2603008K) From: 13312K(446976K)->12320K(431104K)
[2026-09-24T21:53:56.003+0000][70.225s][info][gc,heap        ] GC(31) ParOldGen: 2422051K(2796544K)->2433339K(2796544K)
[2026-09-24T21:53:56.003+0000][70.225s][info][gc,metaspace   ] GC(31) Metaspace: 166021K(167680K)->166021K(167680K) NonClass: 139594K(140544K)->139594K(140544K) Class: 26426K(27136K)->26426K(27136K)
[2026-09-24T21:53:56.003+0000][70.225s][info][gc             ] GC(31) Pause Young (Allocation Failure) 4900M->2388M(5694M) 9.419ms
[2026-09-24T21:53:56.003+0000][70.225s][info][gc,cpu         ] GC(31) User=0.03s Sys=0.00s Real=0.00s
[2026-09-24T21:53:57.043+0000][71.265s][info][gc,start       ] GC(32) Pause Young (Allocation Failure)
[2026-09-24T21:53:57.052+0000][71.274s][info][gc,heap        ] GC(32) PSYoungGen: 2615328K(3034112K)->12128K(3041792K) Eden: 2603008K(2603008K)->0K(2603008K) From: 12320K(431104K)->12128K(438784K)
[2026-09-24T21:53:57.052+0000][71.274s][info][gc,heap        ] GC(32) ParOldGen: 2433339K(2796544K)->2444643K(2796544K)
[2026-09-24T21:53:57.052+0000][71.274s][info][gc,metaspace   ] GC(32) Metaspace: 166021K(167680K)->166021K(167680K) NonClass: 139594K(140544K)->139594K(140544K) Class: 26426K(27136K)->26426K(27136K)
[2026-09-24T21:53:57.052+0000][71.274s][info][gc             ] GC(32) Pause Young (Allocation Failure) 4930M->2399M(5701M) 8.906ms
[2026-09-24T21:53:57.052+0000][71.274s][info][gc,cpu         ] GC(32) User=0.02s Sys=0.01s Real=0.01s
[2026-09-24T21:53:58.136+0000][72.358s][info][gc,start       ] GC(33) Pause Young (Allocation Failure)
[2026-09-24T21:53:58.149+0000][72.371s][info][gc,heap        ] GC(33) PSYoungGen: 2615136K(3041792K)->12224K(3033600K) Eden: 2603008K(2603008K)->0K(2626048K) From: 12128K(438784K)->12224K(407552K)
[2026-09-24T21:53:58.149+0000][72.371s][info][gc,heap        ] GC(33) ParOldGen: 2444643K(2796544K)->2455771K(2796544K)
[2026-09-24T21:53:58.149+0000][72.371s][info][gc,metaspace   ] GC(33) Metaspace: 166047K(167680K)->166047K(167680K) NonClass: 139613K(140544K)->139613K(140544K) Class: 26434K(27136K)->26434K(27136K)
[2026-09-24T21:53:58.149+0000][72.371s][info][gc             ] GC(33) Pause Young (Allocation Failure) 4941M->2410M(5693M) 13.756ms
[2026-09-24T21:53:58.149+0000][72.371s][info][gc,cpu         ] GC(33) User=0.04s Sys=0.01s Real=0.01s
[2026-09-24T21:53:59.219+0000][73.441s][info][gc,start       ] GC(34) Pause Young (Allocation Failure)
[2026-09-24T21:53:59.229+0000][73.451s][info][gc,heap        ] GC(34) PSYoungGen: 2638272K(3033600K)->16608K(3044352K) Eden: 2626048K(2626048K)->0K(2626048K) From: 12224K(407552K)->16608K(418304K)
[2026-09-24T21:53:59.229+0000][73.451s][info][gc,heap        ] GC(34) ParOldGen: 2455771K(2796544K)->2466963K(2796544K)
[2026-09-24T21:53:59.229+0000][73.451s][info][gc,metaspace   ] GC(34) Metaspace: 166047K(167680K)->166047K(167680K) NonClass: 139613K(140544K)->139613K(140544K) Class: 26434K(27136K)->26434K(27136K)
[2026-09-24T21:53:59.229+0000][73.451s][info][gc             ] GC(34) Pause Young (Allocation Failure) 4974M->2425M(5704M) 9.647ms
[2026-09-24T21:53:59.229+0000][73.451s][info][gc,cpu         ] GC(34) User=0.03s Sys=0.00s Real=0.01s
[2026-09-24T21:54:00.284+0000][74.506s][info][gc,start       ] GC(35) Pause Young (Allocation Failure)
[2026-09-24T21:54:00.293+0000][74.515s][info][gc,heap        ] GC(35) PSYoungGen: 2642656K(3044352K)->13312K(3049984K) Eden: 2626048K(2626048K)->0K(2672128K) From: 16608K(418304K)->13312K(377856K)
[2026-09-24T21:54:00.293+0000][74.515s][info][gc,heap        ] GC(35) ParOldGen: 2466963K(2796544K)->2482579K(2796544K)
[2026-09-24T21:54:00.293+0000][74.515s][info][gc,metaspace   ] GC(35) Metaspace: 166047K(167680K)->166047K(167680K) NonClass: 139613K(140544K)->139613K(140544K) Class: 26434K(27136K)->26434K(27136K)
[2026-09-24T21:54:00.293+0000][74.515s][info][gc             ] GC(35) Pause Young (Allocation Failure) 4989M->2437M(5709M) 9.453ms
[2026-09-24T21:54:00.293+0000][74.515s][info][gc,cpu         ] GC(35) User=0.03s Sys=0.00s Real=0.00s
[2026-09-24T21:54:01.390+0000][75.612s][info][gc,start       ] GC(36) Pause Young (Allocation Failure)
[2026-09-24T21:54:01.400+0000][75.622s][info][gc,heap        ] GC(36) PSYoungGen: 2685440K(3049984K)->11936K(3061760K) Eden: 2672128K(2672128K)->0K(2672128K) From: 13312K(377856K)->11936K(389632K)
[2026-09-24T21:54:01.400+0000][75.622s][info][gc,heap        ] GC(36) ParOldGen: 2482579K(2796544K)->2493867K(2796544K)
[2026-09-24T21:54:01.400+0000][75.622s][info][gc,metaspace   ] GC(36) Metaspace: 166050K(167744K)->166050K(167744K) NonClass: 139616K(140608K)->139616K(140608K) Class: 26434K(27136K)->26434K(27136K)
[2026-09-24T21:54:01.400+0000][75.622s][info][gc             ] GC(36) Pause Young (Allocation Failure) 5046M->2447M(5721M) 9.177ms
[2026-09-24T21:54:01.400+0000][75.622s][info][gc,cpu         ] GC(36) User=0.04s Sys=0.00s Real=0.01s
[2026-09-24T21:54:02.489+0000][76.711s][info][gc,start       ] GC(37) Pause Young (Allocation Failure)
[2026-09-24T21:54:02.501+0000][76.723s][info][gc,heap        ] GC(37) PSYoungGen: 2684064K(3061760K)->21024K(3074048K) Eden: 2672128K(2672128K)->0K(2731008K) From: 11936K(389632K)->21024K(343040K)
[2026-09-24T21:54:02.501+0000][76.723s][info][gc,heap        ] GC(37) ParOldGen: 2493867K(2796544K)->2505827K(2796544K)
[2026-09-24T21:54:02.501+0000][76.723s][info][gc,metaspace   ] GC(37) Metaspace: 166165K(167808K)->166165K(167808K) NonClass: 139710K(140672K)->139710K(140672K) Class: 26454K(27136K)->26454K(27136K)
[2026-09-24T21:54:02.501+0000][76.723s][info][gc             ] GC(37) Pause Young (Allocation Failure) 5056M->2467M(5733M) 11.354ms
[2026-09-24T21:54:02.501+0000][76.723s][info][gc,cpu         ] GC(37) User=0.05s Sys=0.00s Real=0.01s
[2026-09-24T21:54:03.628+0000][77.850s][info][gc,start       ] GC(38) Pause Young (Allocation Failure)
[2026-09-24T21:54:03.639+0000][77.861s][info][gc,heap        ] GC(38) PSYoungGen: 2752032K(3074048K)->11936K(3087872K) Eden: 2731008K(2731008K)->0K(2731008K) From: 21024K(343040K)->11936K(356864K)
[2026-09-24T21:54:03.639+0000][77.861s][info][gc,heap        ] GC(38) ParOldGen: 2505827K(2796544K)->2524843K(2796544K)
[2026-09-24T21:54:03.639+0000][77.861s][info][gc,metaspace   ] GC(38) Metaspace: 166165K(167808K)->166165K(167808K) NonClass: 139710K(140672K)->139710K(140672K) Class: 26454K(27136K)->26454K(27136K)
[2026-09-24T21:54:03.639+0000][77.861s][info][gc             ] GC(38) Pause Young (Allocation Failure) 5134M->2477M(5746M) 11.658ms
[2026-09-24T21:54:03.639+0000][77.861s][info][gc,cpu         ] GC(38) User=0.04s Sys=0.00s Real=0.01s
[2026-09-24T21:54:04.765+0000][78.987s][info][gc,start       ] GC(39) Pause Young (Allocation Failure)
[2026-09-24T21:54:04.774+0000][78.996s][info][gc,heap        ] GC(39) PSYoungGen: 2742944K(3087872K)->11776K(3107840K) Eden: 2731008K(2731008K)->0K(2797568K) From: 11936K(356864K)->11776K(310272K)
[2026-09-24T21:54:04.774+0000][78.996s][info][gc,heap        ] GC(39) ParOldGen: 2524843K(2796544K)->2536803K(2796544K)
[2026-09-24T21:54:04.774+0000][78.996s][info][gc,metaspace   ] GC(39) Metaspace: 166165K(167808K)->166165K(167808K) NonClass: 139710K(140672K)->139710K(140672K) Class: 26454K(27136K)->26454K(27136K)
[2026-09-24T21:54:04.774+0000][78.996s][info][gc             ] GC(39) Pause Young (Allocation Failure) 5144M->2488M(5766M) 9.197ms
[2026-09-24T21:54:04.774+0000][78.996s][info][gc,cpu         ] GC(39) User=0.02s Sys=0.02s Real=0.01s
[2026-09-24T21:54:05.927+0000][80.149s][info][gc,start       ] GC(40) Pause Young (Allocation Failure)
[2026-09-24T21:54:05.937+0000][80.159s][info][gc,heap        ] GC(40) PSYoungGen: 2809344K(3107840K)->13984K(3121664K) Eden: 2797568K(2797568K)->0K(2797568K) From: 11776K(310272K)->13984K(324096K)
[2026-09-24T21:54:05.937+0000][80.159s][info][gc,heap        ] GC(40) ParOldGen: 2536803K(2796544K)->2548659K(2796544K)
[2026-09-24T21:54:05.937+0000][80.159s][info][gc,metaspace   ] GC(40) Metaspace: 166167K(167808K)->166167K(167808K) NonClass: 139712K(140672K)->139712K(140672K) Class: 26454K(27136K)->26454K(27136K)
[2026-09-24T21:54:05.937+0000][80.159s][info][gc             ] GC(40) Pause Young (Allocation Failure) 5220M->2502M(5779M) 9.798ms
[2026-09-24T21:54:05.937+0000][80.159s][info][gc,cpu         ] GC(40) User=0.03s Sys=0.00s Real=0.01s
[2026-09-24T21:54:07.118+0000][81.340s][info][gc,start       ] GC(41) Pause Young (Allocation Failure)
[2026-09-24T21:54:07.130+0000][81.352s][info][gc,heap        ] GC(41) PSYoungGen: 2811552K(3121664K)->14080K(3139584K) Eden: 2797568K(2797568K)->0K(2863104K) From: 13984K(324096K)->14080K(276480K)
[2026-09-24T21:54:07.130+0000][81.352s][info][gc,heap        ] GC(41) ParOldGen: 2548659K(2796544K)->2560619K(2796544K)
[2026-09-24T21:54:07.130+0000][81.352s][info][gc,metaspace   ] GC(41) Metaspace: 166171K(167808K)->166171K(167808K) NonClass: 139716K(140672K)->139716K(140672K) Class: 26454K(27136K)->26454K(27136K)
[2026-09-24T21:54:07.130+0000][81.352s][info][gc             ] GC(41) Pause Young (Allocation Failure) 5234M->2514M(5797M) 11.732ms
[2026-09-24T21:54:07.130+0000][81.352s][info][gc,cpu         ] GC(41) User=0.04s Sys=0.00s Real=0.01s
[2026-09-24T21:54:08.314+0000][82.536s][info][gc,start       ] GC(42) Pause Young (Allocation Failure)
[2026-09-24T21:54:08.324+0000][82.546s][info][gc,heap        ] GC(42) PSYoungGen: 2877184K(3139584K)->12448K(2771456K) Eden: 2863104K(2863104K)->0K(2758656K) From: 14080K(276480K)->12448K(12800K)
[2026-09-24T21:54:08.324+0000][82.546s][info][gc,heap        ] GC(42) ParOldGen: 2560619K(2796544K)->2572683K(2796544K)
[2026-09-24T21:54:08.324+0000][82.546s][info][gc,metaspace   ] GC(42) Metaspace: 166171K(167808K)->166171K(167808K) NonClass: 139716K(140672K)->139716K(140672K) Class: 26454K(27136K)->26454K(27136K)
[2026-09-24T21:54:08.324+0000][82.546s][info][gc             ] GC(42) Pause Young (Allocation Failure) 5310M->2524M(5437M) 10.049ms
[2026-09-24T21:54:08.324+0000][82.546s][info][gc,cpu         ] GC(42) User=0.04s Sys=0.00s Real=0.01s
[2026-09-24T21:54:09.470+0000][83.692s][info][gc,start       ] GC(43) Pause Young (Allocation Failure)
[2026-09-24T21:54:09.480+0000][83.702s][info][gc,heap        ] GC(43) PSYoungGen: 2771104K(2771456K)->14144K(2803200K) Eden: 2758656K(2758656K)->0K(2658816K) From: 12448K(12800K)->14144K(144384K)
[2026-09-24T21:54:09.480+0000][83.702s][info][gc,heap        ] GC(43) ParOldGen: 2572683K(2796544K)->2585139K(2796544K)
[2026-09-24T21:54:09.480+0000][83.702s][info][gc,metaspace   ] GC(43) Metaspace: 166171K(167808K)->166171K(167808K) NonClass: 139716K(140672K)->139716K(140672K) Class: 26454K(27136K)->26454K(27136K)
[2026-09-24T21:54:09.480+0000][83.702s][info][gc             ] GC(43) Pause Young (Allocation Failure) 5218M->2538M(5468M) 10.325ms
[2026-09-24T21:54:09.480+0000][83.702s][info][gc,cpu         ] GC(43) User=0.03s Sys=0.01s Real=0.01s
[2026-09-24T21:54:10.599+0000][84.821s][info][gc,start       ] GC(44) Pause Young (Allocation Failure)
[2026-09-24T21:54:10.609+0000][84.831s][info][gc,heap        ] GC(44) PSYoungGen: 2672689K(2803200K)->12640K(2576384K) Eden: 2658545K(2658816K)->0K(2563584K) From: 14144K(144384K)->12640K(12800K)
[2026-09-24T21:54:10.609+0000][84.831s][info][gc,heap        ] GC(44) ParOldGen: 2585139K(2796544K)->2597187K(2796544K)
[2026-09-24T21:54:10.609+0000][84.831s][info][gc,metaspace   ] GC(44) Metaspace: 166171K(167808K)->166171K(167808K) NonClass: 139716K(140672K)->139716K(140672K) Class: 26455K(27136K)->26455K(27136K)
[2026-09-24T21:54:10.609+0000][84.831s][info][gc             ] GC(44) Pause Young (Allocation Failure) 5134M->2548M(5247M) 10.498ms
[2026-09-24T21:54:10.609+0000][84.831s][info][gc,cpu         ] GC(44) User=0.03s Sys=0.00s Real=0.01s
[2026-09-24T21:54:11.703+0000][85.925s][info][gc,start       ] GC(45) Pause Young (Allocation Failure)
[2026-09-24T21:54:11.713+0000][85.935s][info][gc,heap        ] GC(45) PSYoungGen: 2576224K(2576384K)->11840K(2598912K) Eden: 2563584K(2563584K)->0K(2472960K) From: 12640K(12800K)->11840K(125952K)
[2026-09-24T21:54:11.713+0000][85.935s][info][gc,heap        ] GC(45) ParOldGen: 2597187K(2796544K)->2608779K(2796544K)
[2026-09-24T21:54:11.713+0000][85.935s][info][gc,metaspace   ] GC(45) Metaspace: 166171K(167808K)->166171K(167808K) NonClass: 139716K(140672K)->139716K(140672K) Class: 26455K(27136K)->26455K(27136K)
[2026-09-24T21:54:11.713+0000][85.935s][info][gc             ] GC(45) Pause Young (Allocation Failure) 5052M->2559M(5269M) 9.972ms
[2026-09-24T21:54:11.713+0000][85.935s][info][gc,cpu         ] GC(45) User=0.03s Sys=0.01s Real=0.01s
[2026-09-24T21:54:12.767+0000][86.989s][info][gc,start       ] GC(46) Pause Young (Allocation Failure)
[2026-09-24T21:54:12.777+0000][86.999s][info][gc,heap        ] GC(46) PSYoungGen: 2484800K(2598912K)->11904K(2398720K) Eden: 2472960K(2472960K)->0K(2386432K) From: 11840K(125952K)->11904K(12288K)
[2026-09-24T21:54:12.777+0000][86.999s][info][gc,heap        ] GC(46) ParOldGen: 2608779K(2796544K)->2619587K(2796544K)
[2026-09-24T21:54:12.777+0000][86.999s][info][gc,metaspace   ] GC(46) Metaspace: 166171K(167808K)->166171K(167808K) NonClass: 139716K(140672K)->139716K(140672K) Class: 26455K(27136K)->26455K(27136K)
[2026-09-24T21:54:12.777+0000][86.999s][info][gc             ] GC(46) Pause Young (Allocation Failure) 4974M->2569M(5073M) 9.775ms
[2026-09-24T21:54:12.777+0000][86.999s][info][gc,cpu         ] GC(46) User=0.03s Sys=0.00s Real=0.01s
[2026-09-24T21:54:13.773+0000][87.995s][info][gc,start       ] GC(47) Pause Young (Allocation Failure)
[2026-09-24T21:54:13.782+0000][88.004s][info][gc,heap        ] GC(47) PSYoungGen: 2398336K(2398720K)->10208K(2411520K) Eden: 2386432K(2386432K)->0K(2304000K) From: 11904K(12288K)->10208K(107520K)
[2026-09-24T21:54:13.782+0000][88.004s][info][gc,heap        ] GC(47) ParOldGen: 2619587K(2796544K)->2630435K(2796544K)
[2026-09-24T21:54:13.782+0000][88.004s][info][gc,metaspace   ] GC(47) Metaspace: 166174K(167808K)->166174K(167808K) NonClass: 139718K(140672K)->139718K(140672K) Class: 26455K(27136K)->26455K(27136K)
[2026-09-24T21:54:13.782+0000][88.004s][info][gc             ] GC(47) Pause Young (Allocation Failure) 4900M->2578M(5086M) 9.049ms
[2026-09-24T21:54:13.782+0000][88.004s][info][gc,cpu         ] GC(47) User=0.03s Sys=0.01s Real=0.01s
[2026-09-24T21:54:14.779+0000][89.001s][info][gc,start       ] GC(48) Pause Young (Allocation Failure)
[2026-09-24T21:54:14.788+0000][89.010s][info][gc,heap        ] GC(48) PSYoungGen: 2314208K(2411520K)->10112K(2235392K) Eden: 2304000K(2304000K)->0K(2225152K) From: 10208K(107520K)->10112K(10240K)
[2026-09-24T21:54:14.788+0000][89.010s][info][gc,heap        ] GC(48) ParOldGen: 2630435K(2796544K)->2640715K(2796544K)
[2026-09-24T21:54:14.788+0000][89.010s][info][gc,metaspace   ] GC(48) Metaspace: 166174K(167808K)->166174K(167808K) NonClass: 139718K(140672K)->139718K(140672K) Class: 26455K(27136K)->26455K(27136K)
[2026-09-24T21:54:14.788+0000][89.010s][info][gc             ] GC(48) Pause Young (Allocation Failure) 4828M->2588M(4914M) 8.952ms
[2026-09-24T21:54:14.788+0000][89.010s][info][gc,cpu         ] GC(48) User=0.03s Sys=0.00s Real=0.01s
[2026-09-24T21:54:15.746+0000][89.968s][info][gc,start       ] GC(49) Pause Young (Allocation Failure)
[2026-09-24T21:54:15.755+0000][89.977s][info][gc,heap        ] GC(49) PSYoungGen: 2235264K(2235392K)->11680K(2242048K) Eden: 2225152K(2225152K)->0K(2149888K) From: 10112K(10240K)->11680K(92160K)
[2026-09-24T21:54:15.755+0000][89.977s][info][gc,heap        ] GC(49) ParOldGen: 2640715K(2796544K)->2650835K(2796544K)
[2026-09-24T21:54:15.755+0000][89.978s][info][gc,metaspace   ] GC(49) Metaspace: 166174K(167808K)->166174K(167808K) NonClass: 139718K(140672K)->139718K(140672K) Class: 26455K(27136K)->26455K(27136K)
[2026-09-24T21:54:15.756+0000][89.978s][info][gc             ] GC(49) Pause Young (Allocation Failure) 4761M->2600M(4920M) 9.686ms
[2026-09-24T21:54:15.756+0000][89.978s][info][gc,cpu         ] GC(49) User=0.03s Sys=0.01s Real=0.01s
[2026-09-24T21:54:16.678+0000][90.900s][info][gc,start       ] GC(50) Pause Young (Allocation Failure)
[2026-09-24T21:54:16.688+0000][90.910s][info][gc,heap        ] GC(50) PSYoungGen: 2161568K(2242048K)->11392K(2089472K) Eden: 2149888K(2149888K)->0K(2077696K) From: 11680K(92160K)->11392K(11776K)
[2026-09-24T21:54:16.688+0000][90.910s][info][gc,heap        ] GC(50) ParOldGen: 2650835K(2796544K)->2660507K(2796544K)
[2026-09-24T21:54:16.688+0000][90.910s][info][gc,metaspace   ] GC(50) Metaspace: 166174K(167808K)->166174K(167808K) NonClass: 139719K(140672K)->139719K(140672K) Class: 26455K(27136K)->26455K(27136K)
[2026-09-24T21:54:16.688+0000][90.910s][info][gc             ] GC(50) Pause Young (Allocation Failure) 4699M->2609M(4771M) 9.822ms
[2026-09-24T21:54:16.688+0000][90.910s][info][gc,cpu         ] GC(50) User=0.03s Sys=0.01s Real=0.01s
[2026-09-24T21:54:17.608+0000][91.830s][info][gc,start       ] GC(51) Pause Young (Allocation Failure)
[2026-09-24T21:54:17.619+0000][91.841s][info][gc,heap        ] GC(51) PSYoungGen: 2089060K(2089472K)->9152K(2083328K) Eden: 2077668K(2077696K)->0K(2009088K) From: 11392K(11776K)->9152K(74240K)
[2026-09-24T21:54:17.619+0000][91.841s][info][gc,heap        ] GC(51) ParOldGen: 2660507K(2796544K)->2669851K(2796544K)
[2026-09-24T21:54:17.619+0000][91.841s][info][gc,metaspace   ] GC(51) Metaspace: 166174K(167808K)->166174K(167808K) NonClass: 139719K(140672K)->139719K(140672K) Class: 26455K(27136K)->26455K(27136K)
[2026-09-24T21:54:17.619+0000][91.841s][info][gc             ] GC(51) Pause Young (Allocation Failure) 4638M->2616M(4765M) 10.677ms
[2026-09-24T21:54:17.619+0000][91.841s][info][gc,cpu         ] GC(51) User=0.03s Sys=0.00s Real=0.01s
[2026-09-24T21:54:18.476+0000][92.698s][info][gc,start       ] GC(52) Pause Young (Allocation Failure)
[2026-09-24T21:54:18.485+0000][92.707s][info][gc,heap        ] GC(52) PSYoungGen: 2018240K(2083328K)->9760K(1953792K) Eden: 2009088K(2009088K)->0K(1943552K) From: 9152K(74240K)->9760K(10240K)
[2026-09-24T21:54:18.485+0000][92.707s][info][gc,heap        ] GC(52) ParOldGen: 2669851K(2796544K)->2679003K(2796544K)
[2026-09-24T21:54:18.485+0000][92.707s][info][gc,metaspace   ] GC(52) Metaspace: 166174K(167808K)->166174K(167808K) NonClass: 139719K(140672K)->139719K(140672K) Class: 26455K(27136K)->26455K(27136K)
[2026-09-24T21:54:18.485+0000][92.707s][info][gc             ] GC(52) Pause Young (Allocation Failure) 4578M->2625M(4639M) 9.222ms
[2026-09-24T21:54:18.485+0000][92.707s][info][gc,cpu         ] GC(52) User=0.03s Sys=0.00s Real=0.01s
[2026-09-24T21:54:19.347+0000][93.569s][info][gc,start       ] GC(53) Pause Young (Allocation Failure)
[2026-09-24T21:54:19.357+0000][93.579s][info][gc,heap        ] GC(53) PSYoungGen: 1953312K(1953792K)->8544K(1933824K) Eden: 1943552K(1943552K)->0K(1880576K) From: 9760K(10240K)->8544K(53248K)
[2026-09-24T21:54:19.357+0000][93.579s][info][gc,heap        ] GC(53) ParOldGen: 2679003K(2796544K)->2687779K(2796544K)
[2026-09-24T21:54:19.357+0000][93.579s][info][gc,metaspace   ] GC(53) Metaspace: 166174K(167808K)->166174K(167808K) NonClass: 139719K(140672K)->139719K(140672K) Class: 26455K(27136K)->26455K(27136K)
[2026-09-24T21:54:19.357+0000][93.579s][info][gc             ] GC(53) Pause Young (Allocation Failure) 4523M->2633M(4619M) 9.628ms
[2026-09-24T21:54:19.357+0000][93.579s][info][gc,cpu         ] GC(53) User=0.02s Sys=0.00s Real=0.01s
[2026-09-24T21:54:20.210+0000][94.432s][info][gc,start       ] GC(54) Pause Young (Allocation Failure)
[2026-09-24T21:54:20.218+0000][94.440s][info][gc,heap        ] GC(54) PSYoungGen: 1889120K(1933824K)->9184K(1829888K) Eden: 1880576K(1880576K)->0K(1820672K) From: 8544K(53248K)->9184K(9216K)
[2026-09-24T21:54:20.218+0000][94.440s][info][gc,heap        ] GC(54) ParOldGen: 2687779K(2796544K)->2696259K(2796544K)
[2026-09-24T21:54:20.218+0000][94.440s][info][gc,metaspace   ] GC(54) Metaspace: 166174K(167808K)->166174K(167808K) NonClass: 139719K(140672K)->139719K(140672K) Class: 26455K(27136K)->26455K(27136K)
[2026-09-24T21:54:20.218+0000][94.440s][info][gc             ] GC(54) Pause Young (Allocation Failure) 4469M->2642M(4518M) 7.964ms
[2026-09-24T21:54:20.218+0000][94.440s][info][gc,cpu         ] GC(54) User=0.03s Sys=0.00s Real=0.01s
[2026-09-24T21:54:21.059+0000][95.281s][info][gc,start       ] GC(55) Pause Young (Allocation Failure)
[2026-09-24T21:54:21.067+0000][95.289s][info][gc,heap        ] GC(55) PSYoungGen: 1829856K(1829888K)->7936K(1794048K) Eden: 1820672K(1820672K)->0K(1763328K) From: 9184K(9216K)->7936K(30720K)
[2026-09-24T21:54:21.067+0000][95.289s][info][gc,heap        ] GC(55) ParOldGen: 2696259K(2796544K)->2704427K(2796544K)
[2026-09-24T21:54:21.067+0000][95.289s][info][gc,metaspace   ] GC(55) Metaspace: 166174K(167808K)->166174K(167808K) NonClass: 139719K(140672K)->139719K(140672K) Class: 26455K(27136K)->26455K(27136K)
[2026-09-24T21:54:21.067+0000][95.289s][info][gc             ] GC(55) Pause Young (Allocation Failure) 4420M->2648M(4483M) 8.024ms
[2026-09-24T21:54:21.067+0000][95.289s][info][gc,cpu         ] GC(55) User=0.03s Sys=0.00s Real=0.01s
