[0.004s][info][gc] Using G1
[0.357s][info][gc] GC(0) Pause Young (Concurrent Start) (G1 Humongous Allocation) 241M->3M(513M) 3.501ms
[0.357s][info][gc] GC(1) Concurrent Undo Cycle
[0.358s][info][gc] GC(1) Concurrent Undo Cycle 0.347ms
[0.456s][info][gc] GC(2) Pause Young (Normal) (G1 Evacuation Pause) 215M->2M(513M) 2.922ms
[1.829s][info][gc] GC(3) Pause Young (Concurrent Start) (Metadata GC Threshold) 313M->15M(513M) 12.053ms
[1.829s][info][gc] GC(4) Concurrent Mark Cycle
[1.847s][info][gc] GC(4) Pause Remark 16M->16M(512M) 3.217ms
[1.860s][info][gc] GC(4) Pause Cleanup 17M->17M(512M) 0.089ms
[1.866s][info][gc] GC(4) Concurrent Mark Cycle 37.044ms
[2.227s][info][gc] GC(5) Pause Young (Prepare Mixed) (G1 Evacuation Pause) 65M->31M(512M) 22.406ms
[2.300s][info][gc] GC(6) Pause Young (Mixed) (G1 Evacuation Pause) 48M->40M(512M) 17.001ms
[2.386s][info][gc] GC(7) Pause Young (Normal) (G1 Evacuation Pause) 73M->51M(512M) 12.388ms
[2.443s][info][gc] GC(8) Pause Young (Normal) (G1 Evacuation Pause) 83M->66M(512M) 15.969ms
[2.518s][info][gc] GC(9) Pause Young (Normal) (G1 Evacuation Pause) 103M->84M(870M) 21.360ms
[2.676s][info][gc] GC(10) Pause Young (Normal) (G1 Evacuation Pause) 125M->104M(870M) 43.359ms
[2.783s][info][gc] GC(11) Pause Young (Normal) (G1 Evacuation Pause) 141M->125M(870M) 52.414ms
[2.974s][info][gc] GC(12) Pause Young (Normal) (G1 Evacuation Pause) 162M->146M(870M) 53.067ms
[3.400s][info][gc] GC(13) Pause Young (Concurrent Start) (Metadata GC Threshold) 167M->148M(1336M) 12.967ms
[3.400s][info][gc] GC(14) Concurrent Mark Cycle
[3.697s][info][gc] GC(14) Pause Remark 158M->158M(530M) 9.816ms
[3.835s][info][gc] GC(14) Pause Cleanup 165M->165M(530M) 0.210ms
[3.836s][info][gc] GC(14) Concurrent Mark Cycle 436.266ms
[4.273s][info][gc] GC(15) Pause Young (Prepare Mixed) (G1 Evacuation Pause) 242M->159M(530M) 41.876ms
[4.811s][info][gc] GC(16) Pause Young (Mixed) (G1 Evacuation Pause) 303M->176M(530M) 33.268ms
[6.310s][info][gc] GC(17) Pause Young (Normal) (G1 Evacuation Pause) 276M->191M(530M) 31.900ms
[6.582s][info][gc] GC(18) Pause Young (Normal) (G1 Evacuation Pause) 330M->237M(530M) 72.452ms
[6.783s][info][gc] GC(19) Pause Young (Concurrent Start) (Metadata GC Threshold) 320M->263M(530M) 55.827ms
[6.783s][info][gc] GC(20) Concurrent Mark Cycle
[7.120s][info][gc] GC(20) Pause Remark 264M->240M(530M) 9.270ms
[7.272s][info][gc] GC(20) Pause Cleanup 241M->241M(530M) 0.246ms
[7.273s][info][gc] GC(20) Concurrent Mark Cycle 489.624ms
[9.419s][info][gc] GC(21) Pause Young (Prepare Mixed) (G1 Evacuation Pause) 402M->267M(530M) 45.478ms
[10.335s][info][gc] GC(22) Pause Young (Mixed) (G1 Evacuation Pause) 425M->236M(530M) 39.085ms
[11.076s][info][gc] GC(23) Pause Young (Concurrent Start) (G1 Humongous Allocation) 331M->243M(832M) 34.263ms
[11.076s][info][gc] GC(24) Concurrent Undo Cycle
[11.076s][info][gc] GC(24) Concurrent Undo Cycle 0.423ms
[12.413s][info][gc] GC(25) Pause Young (Normal) (G1 Evacuation Pause) 555M->257M(832M) 40.289ms
[13.326s][info][gc] GC(26) Pause Young (Concurrent Start) (G1 Humongous Allocation) 453M->300M(832M) 95.838ms
[13.326s][info][gc] GC(27) Concurrent Mark Cycle
[13.745s][info][gc] GC(27) Pause Remark 344M->343M(832M) 16.852ms
[13.920s][info][gc] GC(27) Pause Cleanup 348M->348M(832M) 0.314ms
[13.923s][info][gc] GC(27) Concurrent Mark Cycle 597.413ms
[27.270s][info][gc] GC(28) Pause Young (Prepare Mixed) (G1 Evacuation Pause) 720M->316M(832M) 97.664ms
[32.615s][info][gc] GC(29) Pause Young (Mixed) (G1 Evacuation Pause) 715M->338M(832M) 40.654ms
[35.609s][info][gc] GC(30) Pause Young (Concurrent Start) (G1 Evacuation Pause) 726M->350M(832M) 76.515ms
[35.609s][info][gc] GC(31) Concurrent Mark Cycle
[36.541s][info][gc] GC(31) Pause Remark 418M->380M(832M) 22.798ms
[36.931s][info][gc] GC(31) Pause Cleanup 399M->399M(832M) 0.375ms
[36.939s][info][gc] GC(31) Concurrent Mark Cycle 1329.993ms
[40.209s][info][gc] GC(32) Pause Young (Prepare Mixed) (G1 Evacuation Pause) 703M->323M(832M) 25.264ms
[42.981s][info][gc] GC(33) Pause Young (Mixed) (G1 Evacuation Pause) 746M->325M(832M) 61.446ms
[45.881s][info][gc] GC(34) Pause Young (Concurrent Start) (G1 Evacuation Pause) 747M->340M(832M) 64.006ms
[45.881s][info][gc] GC(35) Concurrent Mark Cycle
[46.728s][info][gc] GC(35) Pause Remark 486M->484M(832M) 45.410ms
[47.089s][info][gc] GC(35) Pause Cleanup 510M->510M(832M) 2.370ms
[47.090s][info][gc] GC(35) Concurrent Mark Cycle 1208.948ms
[48.717s][info][gc] GC(36) Pause Young (Prepare Mixed) (G1 Evacuation Pause) 742M->349M(832M) 37.761ms
[61.698s][info][gc] GC(37) Pause Young (Mixed) (G1 Evacuation Pause) 763M->352M(832M) 55.199ms
[64.071s][info][gc] GC(38) Pause Young (Concurrent Start) (G1 Evacuation Pause) 749M->366M(832M) 51.748ms
[64.071s][info][gc] GC(39) Concurrent Mark Cycle
[64.806s][info][gc] GC(39) Pause Remark 452M->452M(832M) 35.004ms
[65.116s][info][gc] GC(39) Pause Cleanup 491M->491M(832M) 0.337ms
[65.121s][info][gc] GC(39) Concurrent Mark Cycle 1049.327ms
[76.728s][info][gc] GC(40) Pause Young (Prepare Mixed) (G1 Evacuation Pause) 752M->378M(832M) 34.927ms
[78.739s][info][gc] GC(41) Pause Young (Mixed) (G1 Evacuation Pause) 751M->383M(832M) 36.914ms
[80.494s][info][gc] GC(42) Pause Young (Concurrent Start) (G1 Evacuation Pause) 752M->394M(832M) 59.366ms
[80.494s][info][gc] GC(43) Concurrent Mark Cycle
[81.512s][info][gc] GC(43) Pause Remark 515M->515M(860M) 38.935ms
[81.736s][info][gc] GC(43) Pause Cleanup 562M->562M(860M) 0.448ms
[81.770s][info][gc] GC(43) Concurrent Mark Cycle 1276.571ms
[95.608s][info][gc] GC(44) Pause Young (Prepare Mixed) (G1 Evacuation Pause) 752M->404M(860M) 29.810ms
[97.421s][info][gc] GC(45) Pause Young (Mixed) (G1 Evacuation Pause) 782M->406M(860M) 33.424ms
[99.036s][info][gc] GC(46) Pause Young (Concurrent Start) (G1 Evacuation Pause) 783M->415M(860M) 28.419ms
[99.036s][info][gc] GC(47) Concurrent Mark Cycle
[99.787s][info][gc] GC(47) Pause Remark 512M->512M(860M) 51.695ms
[100.109s][info][gc] GC(47) Pause Cleanup 555M->555M(860M) 1.281ms
[100.111s][info][gc] GC(47) Concurrent Mark Cycle 1074.786ms
[107.429s][info][gc] GC(48) Pause Young (Prepare Mixed) (G1 Evacuation Pause) 784M->426M(860M) 27.163ms
[109.337s][info][gc] GC(49) Pause Young (Mixed) (G1 Evacuation Pause) 784M->427M(860M) 29.776ms
[110.791s][info][gc] GC(50) Pause Young (Concurrent Start) (G1 Evacuation Pause) 783M->438M(860M) 27.067ms
[110.791s][info][gc] GC(51) Concurrent Mark Cycle
[111.423s][info][gc] GC(51) Pause Remark 518M->518M(867M) 47.709ms
[111.718s][info][gc] GC(51) Pause Cleanup 539M->539M(867M) 0.410ms
[111.720s][info][gc] GC(51) Concurrent Mark Cycle 929.083ms
[119.307s][info][gc] GC(52) Pause Young (Prepare Mixed) (G1 Evacuation Pause) 780M->448M(867M) 27.083ms
[120.937s][info][gc] GC(53) Pause Young (Mixed) (G1 Evacuation Pause) 790M->447M(867M) 29.703ms
[122.138s][info][gc] GC(54) Pause Young (Concurrent Start) (G1 Evacuation Pause) 792M->452M(867M) 25.927ms
[122.138s][info][gc] GC(55) Concurrent Mark Cycle
[123.124s][info][gc] GC(55) Pause Remark 606M->606M(1014M) 19.654ms
[123.517s][info][gc] GC(55) Pause Cleanup 689M->689M(1014M) 0.634ms
[123.530s][info][gc] GC(55) Concurrent Mark Cycle 1392.193ms
[124.129s][info][gc] GC(56) Pause Young (Prepare Mixed) (G1 Evacuation Pause) 789M->461M(1014M) 25.438ms
[128.904s][info][gc] GC(57) Pause Young (Mixed) (G1 Evacuation Pause) 937M->454M(1014M) 23.433ms
[130.980s][info][gc] GC(58) Pause Young (Concurrent Start) (G1 Evacuation Pause) 936M->462M(1014M) 48.109ms
[130.980s][info][gc] GC(59) Concurrent Mark Cycle
[131.611s][info][gc] GC(59) Pause Remark 567M->567M(1014M) 18.710ms
[131.882s][info][gc] GC(59) Pause Cleanup 616M->616M(1014M) 0.562ms
[131.884s][info][gc] GC(59) Concurrent Mark Cycle 904.357ms
[133.776s][info][gc] GC(60) Pause Young (Prepare Mixed) (G1 Evacuation Pause) 928M->476M(1014M) 57.508ms
[148.968s][info][gc] GC(61) Pause Young (Mixed) (G1 Evacuation Pause) 922M->478M(1014M) 62.308ms
[152.068s][info][gc] GC(62) Pause Young (Concurrent Start) (G1 Evacuation Pause) 923M->488M(1014M) 56.078ms
[152.068s][info][gc] GC(63) Concurrent Mark Cycle
[152.793s][info][gc] GC(63) Pause Remark 599M->599M(1014M) 17.429ms
[153.415s][info][gc] GC(63) Pause Cleanup 669M->669M(1014M) 0.592ms
[153.419s][info][gc] GC(63) Concurrent Mark Cycle 1350.611ms
[154.868s][info][gc] GC(64) Pause Young (Prepare Mixed) (G1 Evacuation Pause) 923M->500M(1014M) 55.795ms
[171.834s][info][gc] GC(65) Pause Young (Mixed) (G1 Evacuation Pause) 926M->499M(1014M) 33.724ms
[173.905s][info][gc] GC(66) Pause Young (Concurrent Start) (G1 Evacuation Pause) 928M->510M(1014M) 29.474ms
[173.905s][info][gc] GC(67) Concurrent Mark Cycle
[174.791s][info][gc] GC(67) Pause Remark 653M->653M(1090M) 56.533ms
[175.122s][info][gc] GC(67) Pause Cleanup 686M->686M(1090M) 0.838ms
[175.126s][info][gc] GC(67) Concurrent Mark Cycle 1220.811ms
[176.130s][info][gc] GC(68) Pause Young (Prepare Mixed) (G1 Evacuation Pause) 924M->522M(1090M) 31.180ms
[187.667s][info][gc] GC(69) Pause Young (Mixed) (G1 Evacuation Pause) 1001M->523M(1090M) 58.248ms
[189.815s][info][gc] GC(70) Pause Young (Concurrent Start) (G1 Evacuation Pause) 990M->533M(1090M) 32.407ms
[189.815s][info][gc] GC(71) Concurrent Mark Cycle
[190.696s][info][gc] GC(71) Pause Remark 688M->688M(1150M) 21.529ms
[191.089s][info][gc] GC(71) Pause Cleanup 714M->714M(1150M) 0.634ms
[191.099s][info][gc] GC(71) Concurrent Mark Cycle 1284.064ms
[196.287s][info][gc] GC(72) Pause Young (Prepare Mixed) (G1 Evacuation Pause) 995M->545M(1150M) 54.608ms
[198.777s][info][gc] GC(73) Pause Young (Mixed) (G1 Evacuation Pause) 1055M->548M(1150M) 61.685ms
[203.269s][info][gc] GC(74) Pause Young (Concurrent Start) (G1 Evacuation Pause) 1052M->557M(1150M) 29.205ms
[203.269s][info][gc] GC(75) Concurrent Mark Cycle
[203.785s][info][gc] GC(75) Pause Remark 562M->562M(1150M) 16.420ms
[204.016s][info][gc] GC(75) Pause Cleanup 565M->565M(1150M) 0.595ms
[204.018s][info][gc] GC(75) Concurrent Mark Cycle 749.076ms
[214.168s][info][gc] GC(76) Pause Young (Prepare Mixed) (G1 Evacuation Pause) 1055M->568M(1150M) 56.502ms
[216.271s][info][gc] GC(77) Pause Young (Mixed) (G1 Evacuation Pause) 1055M->569M(1150M) 33.832ms
[221.221s][info][gc] GC(78) Pause Young (Concurrent Start) (G1 Evacuation Pause) 1054M->581M(1150M) 31.291ms
[221.221s][info][gc] GC(79) Concurrent Mark Cycle
[221.967s][info][gc] GC(79) Pause Remark 711M->711M(1187M) 40.757ms
[222.306s][info][gc] GC(79) Pause Cleanup 786M->786M(1187M) 0.771ms
[222.309s][info][gc] GC(79) Concurrent Mark Cycle 1088.452ms
[223.480s][info][gc] GC(80) Pause Young (Prepare Mixed) (G1 Evacuation Pause) 1052M->592M(1187M) 30.338ms
[228.605s][info][gc] GC(81) Pause Young (Mixed) (G1 Evacuation Pause) 1088M->593M(1187M) 36.457ms
[230.886s][info][gc] GC(82) Pause Young (Concurrent Start) (G1 Evacuation Pause) 1090M->604M(1187M) 41.442ms
[230.886s][info][gc] GC(83) Concurrent Mark Cycle
[231.867s][info][gc] GC(83) Pause Remark 792M->792M(1322M) 42.388ms
[232.270s][info][gc] GC(83) Pause Cleanup 855M->855M(1322M) 0.832ms
[232.274s][info][gc] GC(83) Concurrent Mark Cycle 1387.533ms
[236.091s][info][gc] GC(84) Pause Young (Prepare Mixed) (G1 Evacuation Pause) 1082M->613M(1322M) 54.853ms
[238.922s][info][gc] GC(85) Pause Young (Mixed) (G1 Evacuation Pause) 1218M->615M(1322M) 36.195ms
[246.787s][info][gc] GC(86) Pause Young (Concurrent Start) (G1 Evacuation Pause) 1206M->627M(1322M) 59.354ms
[246.787s][info][gc] GC(87) Concurrent Mark Cycle
[247.599s][info][gc] GC(87) Pause Remark 792M->792M(1322M) 16.465ms
[247.984s][info][gc] GC(87) Pause Cleanup 873M->873M(1322M) 0.618ms
[247.987s][info][gc] GC(87) Concurrent Mark Cycle 1200.126ms
[249.432s][info][gc] GC(88) Pause Young (Prepare Mixed) (G1 Evacuation Pause) 1206M->639M(1322M) 35.522ms
[254.974s][info][gc] GC(89) Pause Young (Mixed) (G1 Evacuation Pause) 1206M->639M(1322M) 66.463ms
[257.612s][info][gc] GC(90) Pause Young (Concurrent Start) (G1 Evacuation Pause) 1215M->651M(1322M) 35.319ms
[257.612s][info][gc] GC(91) Concurrent Mark Cycle
[258.615s][info][gc] GC(91) Pause Remark 818M->818M(1365M) 20.254ms
[258.902s][info][gc] GC(91) Pause Cleanup 823M->823M(1365M) 0.554ms
[258.905s][info][gc] GC(91) Concurrent Mark Cycle 1293.370ms
[263.741s][info][gc] GC(92) Pause Young (Prepare Mixed) (G1 Evacuation Pause) 1214M->661M(1365M) 32.199ms
[266.415s][info][gc] GC(93) Pause Young (Mixed) (G1 Evacuation Pause) 1255M->662M(1365M) 37.650ms
[272.140s][info][gc] GC(94) Pause Young (Concurrent Start) (G1 Evacuation Pause) 1246M->672M(1365M) 37.088ms
[272.141s][info][gc] GC(95) Concurrent Mark Cycle
[273.031s][info][gc] GC(95) Pause Remark 810M->810M(1365M) 13.891ms
[273.469s][info][gc] GC(95) Pause Cleanup 897M->897M(1365M) 0.560ms
[273.477s][info][gc] GC(95) Concurrent Mark Cycle 1336.408ms
[274.739s][info][gc] GC(96) Pause Young (Prepare Mixed) (G1 Evacuation Pause) 1246M->682M(1365M) 34.756ms
[280.175s][info][gc] GC(97) Pause Young (Mixed) (G1 Evacuation Pause) 1249M->685M(1365M) 64.343ms
[282.435s][info][gc] GC(98) Pause Young (Concurrent Start) (G1 Evacuation Pause) 1247M->694M(1365M) 34.747ms
[282.435s][info][gc] GC(99) Concurrent Mark Cycle
[283.158s][info][gc] GC(99) Pause Remark 721M->721M(1365M) 15.327ms
[283.463s][info][gc] GC(99) Pause Cleanup 726M->726M(1365M) 0.604ms
[283.466s][info][gc] GC(99) Concurrent Mark Cycle 1031.284ms
[289.369s][info][gc] GC(100) Pause Young (Prepare Mixed) (G1 Evacuation Pause) 1248M->705M(1365M) 63.478ms
[291.501s][info][gc] GC(101) Pause Young (Mixed) (G1 Evacuation Pause) 1247M->706M(1365M) 57.209ms
[297.070s][info][gc] GC(102) Pause Young (Concurrent Start) (G1 Evacuation Pause) 1259M->717M(1365M) 53.380ms
[297.070s][info][gc] GC(103) Concurrent Mark Cycle
[298.069s][info][gc] GC(103) Pause Remark 881M->881M(1470M) 39.817ms
[298.483s][info][gc] GC(103) Pause Cleanup 961M->961M(1470M) 0.564ms
[298.487s][info][gc] GC(103) Concurrent Mark Cycle 1417.303ms
[299.662s][info][gc] GC(104) Pause Young (Prepare Mixed) (G1 Evacuation Pause) 1243M->726M(1470M) 33.179ms
[305.518s][info][gc] GC(105) Pause Young (Mixed) (G1 Evacuation Pause) 1348M->731M(1470M) 41.996ms
[308.078s][info][gc] GC(106) Pause Young (Concurrent Start) (G1 Evacuation Pause) 1350M->742M(1470M) 33.462ms
[308.078s][info][gc] GC(107) Concurrent Mark Cycle
[309.025s][info][gc] GC(107) Pause Remark 858M->858M(1470M) 13.596ms
[309.350s][info][gc] GC(107) Pause Cleanup 863M->863M(1470M) 0.802ms
[309.353s][info][gc] GC(107) Concurrent Mark Cycle 1274.633ms
[314.608s][info][gc] GC(108) Pause Young (Prepare Mixed) (G1 Evacuation Pause) 1349M->752M(1470M) 36.593ms
[317.231s][info][gc] GC(109) Pause Young (Mixed) (G1 Evacuation Pause) 1348M->757M(1470M) 42.381ms
[325.568s][info][gc] GC(110) Pause Young (Concurrent Start) (G1 Evacuation Pause) 1348M->769M(1470M) 61.154ms
[325.568s][info][gc] GC(111) Concurrent Mark Cycle
[326.803s][info][gc] GC(111) Pause Remark 1016M->1016M(1695M) 15.444ms
[327.279s][info][gc] GC(111) Pause Cleanup 1056M->1056M(1695M) 0.815ms
[327.283s][info][gc] GC(111) Concurrent Mark Cycle 1715.093ms
[328.373s][info][gc] GC(112) Pause Young (Prepare Mixed) (G1 Evacuation Pause) 1334M->777M(1695M) 34.785ms
[335.294s][info][gc] GC(113) Pause Young (Mixed) (G1 Evacuation Pause) 1561M->785M(1695M) 67.963ms
[341.368s][info][gc] GC(114) Pause Young (Concurrent Start) (G1 Evacuation Pause) 1549M->796M(1695M) 65.827ms
[341.368s][info][gc] GC(115) Concurrent Mark Cycle
[342.419s][info][gc] GC(115) Pause Remark 1002M->1002M(1695M) 16.392ms
[342.889s][info][gc] GC(115) Pause Cleanup 1099M->1099M(1695M) 0.626ms
[342.897s][info][gc] GC(115) Concurrent Mark Cycle 1528.509ms
[344.610s][info][gc] GC(116) Pause Young (Prepare Mixed) (G1 Evacuation Pause) 1547M->810M(1695M) 58.514ms
[350.910s][info][gc] GC(117) Pause Young (Mixed) (G1 Evacuation Pause) 1545M->817M(1695M) 71.277ms
[357.593s][info][gc] GC(118) Pause Young (Concurrent Start) (G1 Evacuation Pause) 1554M->828M(1695M) 62.241ms
[357.593s][info][gc] GC(119) Concurrent Mark Cycle
[358.711s][info][gc] GC(119) Pause Remark 1071M->1071M(1787M) 14.143ms
[359.169s][info][gc] GC(119) Pause Cleanup 1153M->1153M(1787M) 0.629ms
[359.173s][info][gc] GC(119) Concurrent Mark Cycle 1580.174ms
[360.875s][info][gc] GC(120) Pause Young (Prepare Mixed) (G1 Evacuation Pause) 1549M->841M(1787M) 50.624ms
[367.397s][info][gc] GC(121) Pause Young (Mixed) (G1 Evacuation Pause) 1643M->850M(1787M) 74.814ms
[374.398s][info][gc] GC(122) Pause Young (Concurrent Start) (G1 Evacuation Pause) 1641M->863M(1787M) 66.709ms
[374.398s][info][gc] GC(123) Concurrent Mark Cycle
[375.569s][info][gc] GC(123) Pause Remark 1083M->1083M(1807M) 39.452ms
[376.018s][info][gc] GC(123) Pause Cleanup 1179M->1179M(1807M) 0.583ms
[376.022s][info][gc] GC(123) Concurrent Mark Cycle 1623.263ms
[377.972s][info][gc] GC(124) Pause Young (Prepare Mixed) (G1 Evacuation Pause) 1639M->878M(1807M) 66.938ms
[385.296s][info][gc] GC(125) Pause Young (Mixed) (G1 Evacuation Pause) 1658M->886M(1807M) 72.876ms
[391.681s][info][gc] GC(126) Pause Young (Concurrent Start) (G1 Evacuation Pause) 1654M->897M(1807M) 66.233ms
[391.681s][info][gc] GC(127) Concurrent Mark Cycle
[392.878s][info][gc] GC(127) Pause Remark 1121M->1121M(1870M) 39.835ms
[393.378s][info][gc] GC(127) Pause Cleanup 1204M->1204M(1870M) 0.647ms
[393.385s][info][gc] GC(127) Concurrent Mark Cycle 1703.575ms
[395.934s][info][gc] GC(128) Pause Young (Prepare Mixed) (G1 Evacuation Pause) 1653M->910M(1870M) 41.555ms
[402.801s][info][gc] GC(129) Pause Young (Mixed) (G1 Evacuation Pause) 1718M->923M(1870M) 47.615ms
[409.521s][info][gc] GC(130) Pause Young (Concurrent Start) (G1 Evacuation Pause) 1714M->939M(1870M) 45.535ms
[409.521s][info][gc] GC(131) Concurrent Mark Cycle
[411.208s][info][gc] GC(131) Pause Remark 1190M->1190M(1985M) 14.329ms
[411.633s][info][gc] GC(131) Pause Cleanup 1201M->1201M(1985M) 0.782ms
[411.638s][info][gc] GC(131) Concurrent Mark Cycle 2117.232ms
[417.906s][info][gc] GC(132) Pause Young (Prepare Mixed) (G1 Evacuation Pause) 1705M->951M(1985M) 69.033ms
[428.892s][info][gc] GC(133) Pause Young (Mixed) (G1 Evacuation Pause) 1822M->963M(1985M) 78.649ms
[436.296s][info][gc] GC(134) Pause Young (Concurrent Start) (G1 Evacuation Pause) 1821M->977M(1985M) 69.209ms
[436.296s][info][gc] GC(135) Concurrent Mark Cycle
[437.712s][info][gc] GC(135) Pause Remark 1242M->1242M(2048M) 16.535ms
[438.268s][info][gc] GC(135) Pause Cleanup 1335M->1335M(2048M) 0.626ms
[438.273s][info][gc] GC(135) Concurrent Mark Cycle 1976.272ms
[442.195s][info][gc] GC(136) Pause Young (Prepare Mixed) (G1 Evacuation Pause) 1821M->989M(2048M) 47.433ms
[449.641s][info][gc] GC(137) Pause Young (Mixed) (G1 Evacuation Pause) 1884M->1003M(2048M) 49.211ms
[460.251s][info][gc] GC(138) Pause Young (Concurrent Start) (G1 Evacuation Pause) 1867M->1018M(2048M) 53.071ms
[460.251s][info][gc] GC(139) Concurrent Mark Cycle
[462.103s][info][gc] GC(139) Pause Remark 1317M->1317M(2048M) 17.474ms
[462.686s][info][gc] GC(139) Pause Cleanup 1367M->1367M(2048M) 0.651ms
[462.696s][info][gc] GC(139) Concurrent Mark Cycle 2445.155ms
[470.369s][info][gc] GC(140) Pause Young (Prepare Mixed) (G1 Evacuation Pause) 1879M->1025M(2048M) 74.750ms
[471.594s][info][gc] GC(141) Pause Young (Mixed) (G1 Evacuation Pause) 1887M->1023M(2048M) 65.174ms
[472.823s][info][gc] GC(142) Pause Young (Concurrent Start) (G1 Evacuation Pause) 1889M->1022M(2048M) 39.112ms
[472.823s][info][gc] GC(143) Concurrent Mark Cycle
[474.485s][info][gc] GC(144) Pause Young (Normal) (G1 Evacuation Pause) 1888M->1024M(2048M) 64.717ms
[474.740s][info][gc] GC(143) Pause Remark 1149M->1148M(2048M) 30.055ms
[475.400s][info][gc] GC(143) Pause Cleanup 1561M->1561M(2048M) 0.779ms
[475.409s][info][gc] GC(143) Concurrent Mark Cycle 2585.548ms
[475.876s][info][gc] GC(145) Pause Young (Prepare Mixed) (G1 Evacuation Pause) 1885M->1021M(2048M) 61.991ms
[476.942s][info][gc] GC(146) Pause Young (Mixed) (G1 Evacuation Pause) 1888M->1018M(2048M) 45.055ms
[477.993s][info][gc] GC(147) Pause Young (Concurrent Start) (G1 Evacuation Pause) 1888M->1017M(2048M) 40.763ms
[477.993s][info][gc] GC(148) Concurrent Mark Cycle
[479.378s][info][gc] GC(149) Pause Young (Normal) (G1 Evacuation Pause) 1887M->1018M(2048M) 67.038ms
[479.612s][info][gc] GC(148) Pause Remark 1161M->1161M(2048M) 20.833ms
[480.273s][info][gc] GC(148) Pause Cleanup 1516M->1516M(2048M) 1.119ms
[480.279s][info][gc] GC(148) Concurrent Mark Cycle 2286.002ms
[480.699s][info][gc] GC(150) Pause Young (Prepare Mixed) (G1 Evacuation Pause) 1886M->1017M(2048M) 43.819ms
[481.657s][info][gc] GC(151) Pause Young (Mixed) (G1 Evacuation Pause) 1887M->1017M(2048M) 47.229ms
