[2026-09-19T00:08:29.716+0000][0.011s][info][gc,init] CardTable entry size: 512
[2026-09-19T00:08:29.716+0000][0.011s][info][gc     ] Using G1
[2026-09-19T00:08:29.721+0000][0.016s][info][gc,init] Version: 21.0.12.1+1-LTS (release)
[2026-09-19T00:08:29.721+0000][0.016s][info][gc,init] CPUs: 4 total, 4 available
[2026-09-19T00:08:29.721+0000][0.016s][info][gc,init] Memory: 15989M
[2026-09-19T00:08:29.721+0000][0.016s][info][gc,init] Large Page Support: Disabled
[2026-09-19T00:08:29.721+0000][0.016s][info][gc,init] NUMA Support: Disabled
[2026-09-19T00:08:29.721+0000][0.016s][info][gc,init] Compressed Oops: Enabled (Zero based)
[2026-09-19T00:08:29.721+0000][0.016s][info][gc,init] Heap Region Size: 8M
[2026-09-19T00:08:29.721+0000][0.016s][info][gc,init] Heap Min Capacity: 4G
[2026-09-19T00:08:29.721+0000][0.016s][info][gc,init] Heap Initial Capacity: 4G
[2026-09-19T00:08:29.721+0000][0.016s][info][gc,init] Heap Max Capacity: 10G
[2026-09-19T00:08:29.721+0000][0.016s][info][gc,init] Pre-touch: Disabled
[2026-09-19T00:08:29.721+0000][0.016s][info][gc,init] Parallel Workers: 4
[2026-09-19T00:08:29.721+0000][0.016s][info][gc,init] Concurrent Workers: 1
[2026-09-19T00:08:29.721+0000][0.016s][info][gc,init] Concurrent Refinement Workers: 4
[2026-09-19T00:08:29.721+0000][0.016s][info][gc,init] Periodic GC: Disabled
[2026-09-19T00:08:29.727+0000][0.022s][info][gc,metaspace] CDS archive(s) mapped at: [0x00007f431b000000-0x00007f431bc9c000-0x00007f431bc9c000), size 13221888, SharedBaseAddress: 0x00007f431b000000, ArchiveRelocationMode: 1.
[2026-09-19T00:08:29.727+0000][0.022s][info][gc,metaspace] Compressed class space mapped at: 0x00007f431c000000-0x00007f435c000000, reserved size: 1073741824
[2026-09-19T00:08:29.727+0000][0.022s][info][gc,metaspace] Narrow klass base: 0x00007f431b000000, Narrow klass shift: 0, Narrow klass range: 0x100000000
[2026-09-19T00:08:30.594+0000][0.889s][info][gc,start    ] GC(0) Pause Young (Normal) (G1 Evacuation Pause)
[2026-09-19T00:08:30.595+0000][0.890s][info][gc,task     ] GC(0) Using 4 workers of 4 for evacuation
[2026-09-19T00:08:30.597+0000][0.892s][info][gc,phases   ] GC(0)   Pre Evacuate Collection Set: 0.11ms
[2026-09-19T00:08:30.597+0000][0.892s][info][gc,phases   ] GC(0)   Merge Heap Roots: 0.16ms
[2026-09-19T00:08:30.597+0000][0.892s][info][gc,phases   ] GC(0)   Evacuate Collection Set: 1.09ms
[2026-09-19T00:08:30.597+0000][0.892s][info][gc,phases   ] GC(0)   Post Evacuate Collection Set: 0.61ms
[2026-09-19T00:08:30.597+0000][0.892s][info][gc,phases   ] GC(0)   Other: 0.29ms
[2026-09-19T00:08:30.597+0000][0.892s][info][gc,heap     ] GC(0) Eden regions: 25->0(24)
[2026-09-19T00:08:30.597+0000][0.892s][info][gc,heap     ] GC(0) Survivor regions: 0->1(4)
[2026-09-19T00:08:30.597+0000][0.892s][info][gc,heap     ] GC(0) Old regions: 1->1
[2026-09-19T00:08:30.597+0000][0.892s][info][gc,heap     ] GC(0) Humongous regions: 68->0
[2026-09-19T00:08:30.597+0000][0.892s][info][gc,metaspace] GC(0) Metaspace: 2501K(2688K)->2501K(2688K) NonClass: 2272K(2368K)->2272K(2368K) Class: 228K(320K)->228K(320K)
[2026-09-19T00:08:30.597+0000][0.892s][info][gc          ] GC(0) Pause Young (Normal) (G1 Evacuation Pause) 745M->5M(4104M) 2.407ms
[2026-09-19T00:08:30.597+0000][0.892s][info][gc,cpu      ] GC(0) User=0.00s Sys=0.01s Real=0.00s
[2026-09-19T00:08:31.642+0000][1.937s][info][gc,start    ] GC(1) Pause Young (Concurrent Start) (Metadata GC Threshold)
[2026-09-19T00:08:31.642+0000][1.937s][info][gc,task     ] GC(1) Using 4 workers of 4 for evacuation
[2026-09-19T00:08:31.646+0000][1.941s][info][gc,phases   ] GC(1)   Pre Evacuate Collection Set: 0.12ms
[2026-09-19T00:08:31.646+0000][1.941s][info][gc,phases   ] GC(1)   Merge Heap Roots: 0.04ms
[2026-09-19T00:08:31.646+0000][1.941s][info][gc,phases   ] GC(1)   Evacuate Collection Set: 3.68ms
[2026-09-19T00:08:31.646+0000][1.941s][info][gc,phases   ] GC(1)   Post Evacuate Collection Set: 0.43ms
[2026-09-19T00:08:31.646+0000][1.941s][info][gc,phases   ] GC(1)   Other: 0.06ms
[2026-09-19T00:08:31.646+0000][1.941s][info][gc,heap     ] GC(1) Eden regions: 11->0(23)
[2026-09-19T00:08:31.646+0000][1.941s][info][gc,heap     ] GC(1) Survivor regions: 1->2(4)
[2026-09-19T00:08:31.646+0000][1.941s][info][gc,heap     ] GC(1) Old regions: 1->1
[2026-09-19T00:08:31.646+0000][1.941s][info][gc,heap     ] GC(1) Humongous regions: 0->0
[2026-09-19T00:08:31.646+0000][1.941s][info][gc,metaspace] GC(1) Metaspace: 21075K(21504K)->21075K(21504K) NonClass: 18701K(18944K)->18701K(18944K) Class: 2374K(2560K)->2374K(2560K)
[2026-09-19T00:08:31.647+0000][1.941s][info][gc          ] GC(1) Pause Young (Concurrent Start) (Metadata GC Threshold) 92M->13M(4104M) 4.466ms
[2026-09-19T00:08:31.647+0000][1.941s][info][gc,cpu      ] GC(1) User=0.01s Sys=0.00s Real=0.00s
[2026-09-19T00:08:31.647+0000][1.941s][info][gc          ] GC(2) Concurrent Mark Cycle
[2026-09-19T00:08:31.647+0000][1.941s][info][gc,marking  ] GC(2) Concurrent Scan Root Regions
[2026-09-19T00:08:31.649+0000][1.944s][info][gc,marking  ] GC(2) Concurrent Scan Root Regions 2.629ms
[2026-09-19T00:08:31.649+0000][1.944s][info][gc,marking  ] GC(2) Concurrent Mark
[2026-09-19T00:08:31.649+0000][1.944s][info][gc,marking  ] GC(2) Concurrent Mark From Roots
[2026-09-19T00:08:31.649+0000][1.944s][info][gc,task     ] GC(2) Using 1 workers of 1 for marking
[2026-09-19T00:08:31.650+0000][1.945s][info][gc,marking  ] GC(2) Concurrent Mark From Roots 1.155ms
[2026-09-19T00:08:31.650+0000][1.945s][info][gc,marking  ] GC(2) Concurrent Preclean
[2026-09-19T00:08:31.650+0000][1.945s][info][gc,marking  ] GC(2) Concurrent Preclean 0.008ms
[2026-09-19T00:08:31.650+0000][1.945s][info][gc,start    ] GC(2) Pause Remark
[2026-09-19T00:08:31.652+0000][1.947s][info][gc          ] GC(2) Pause Remark 18M->18M(4096M) 1.801ms
[2026-09-19T00:08:31.652+0000][1.947s][info][gc,cpu      ] GC(2) User=0.00s Sys=0.00s Real=0.00s
[2026-09-19T00:08:31.652+0000][1.947s][info][gc,marking  ] GC(2) Concurrent Mark 3.127ms
[2026-09-19T00:08:31.652+0000][1.947s][info][gc,marking  ] GC(2) Concurrent Rebuild Remembered Sets and Scrub Regions
[2026-09-19T00:08:31.653+0000][1.948s][info][gc,marking  ] GC(2) Concurrent Rebuild Remembered Sets and Scrub Regions 0.414ms
[2026-09-19T00:08:31.653+0000][1.948s][info][gc,start    ] GC(2) Pause Cleanup
[2026-09-19T00:08:31.653+0000][1.948s][info][gc          ] GC(2) Pause Cleanup 18M->18M(4096M) 0.057ms
[2026-09-19T00:08:31.653+0000][1.948s][info][gc,cpu      ] GC(2) User=0.00s Sys=0.00s Real=0.00s
[2026-09-19T00:08:31.653+0000][1.948s][info][gc,marking  ] GC(2) Concurrent Clear Claimed Marks
[2026-09-19T00:08:31.653+0000][1.948s][info][gc,marking  ] GC(2) Concurrent Clear Claimed Marks 0.011ms
[2026-09-19T00:08:31.653+0000][1.948s][info][gc,marking  ] GC(2) Concurrent Cleanup for Next Mark
[2026-09-19T00:08:31.657+0000][1.952s][info][gc,marking  ] GC(2) Concurrent Cleanup for Next Mark 4.494ms
[2026-09-19T00:08:31.657+0000][1.952s][info][gc          ] GC(2) Concurrent Mark Cycle 10.950ms
[2026-09-19T00:08:31.871+0000][2.166s][info][gc,start    ] GC(3) Pause Young (Prepare Mixed) (G1 Evacuation Pause)
[2026-09-19T00:08:31.872+0000][2.166s][info][gc,task     ] GC(3) Using 4 workers of 4 for evacuation
[2026-09-19T00:08:31.912+0000][2.207s][info][gc,phases   ] GC(3)   Pre Evacuate Collection Set: 0.11ms
[2026-09-19T00:08:31.912+0000][2.207s][info][gc,phases   ] GC(3)   Merge Heap Roots: 0.04ms
[2026-09-19T00:08:31.912+0000][2.207s][info][gc,phases   ] GC(3)   Evacuate Collection Set: 37.31ms
[2026-09-19T00:08:31.912+0000][2.207s][info][gc,phases   ] GC(3)   Post Evacuate Collection Set: 2.73ms
[2026-09-19T00:08:31.912+0000][2.207s][info][gc,phases   ] GC(3)   Other: 0.05ms
[2026-09-19T00:08:31.912+0000][2.207s][info][gc,heap     ] GC(3) Eden regions: 23->0(21)
[2026-09-19T00:08:31.912+0000][2.207s][info][gc,heap     ] GC(3) Survivor regions: 2->4(4)
[2026-09-19T00:08:31.912+0000][2.207s][info][gc,heap     ] GC(3) Old regions: 1->10
[2026-09-19T00:08:31.912+0000][2.207s][info][gc,heap     ] GC(3) Humongous regions: 0->0
[2026-09-19T00:08:31.912+0000][2.207s][info][gc,metaspace] GC(3) Metaspace: 23321K(23808K)->23321K(23808K) NonClass: 20683K(20928K)->20683K(20928K) Class: 2638K(2880K)->2638K(2880K)
[2026-09-19T00:08:31.912+0000][2.207s][info][gc          ] GC(3) Pause Young (Prepare Mixed) (G1 Evacuation Pause) 197M->98M(4096M) 40.398ms
[2026-09-19T00:08:31.912+0000][2.207s][info][gc,cpu      ] GC(3) User=0.16s Sys=0.00s Real=0.04s
[2026-09-19T00:08:32.659+0000][2.954s][info][gc,start    ] GC(4) Pause Young (Mixed) (G1 Evacuation Pause)
[2026-09-19T00:08:32.659+0000][2.954s][info][gc,task     ] GC(4) Using 4 workers of 4 for evacuation
[2026-09-19T00:08:32.694+0000][2.989s][info][gc,phases   ] GC(4)   Pre Evacuate Collection Set: 0.10ms
[2026-09-19T00:08:32.694+0000][2.989s][info][gc,phases   ] GC(4)   Merge Heap Roots: 0.32ms
[2026-09-19T00:08:32.694+0000][2.989s][info][gc,phases   ] GC(4)   Evacuate Collection Set: 33.09ms
[2026-09-19T00:08:32.694+0000][2.989s][info][gc,phases   ] GC(4)   Post Evacuate Collection Set: 1.23ms
[2026-09-19T00:08:32.694+0000][2.989s][info][gc,phases   ] GC(4)   Other: 0.05ms
[2026-09-19T00:08:32.694+0000][2.989s][info][gc,heap     ] GC(4) Eden regions: 21->0(21)
[2026-09-19T00:08:32.694+0000][2.989s][info][gc,heap     ] GC(4) Survivor regions: 4->4(4)
[2026-09-19T00:08:32.694+0000][2.989s][info][gc,heap     ] GC(4) Old regions: 10->15
[2026-09-19T00:08:32.694+0000][2.989s][info][gc,heap     ] GC(4) Humongous regions: 0->0
[2026-09-19T00:08:32.694+0000][2.989s][info][gc,metaspace] GC(4) Metaspace: 34691K(35200K)->34691K(35200K) NonClass: 30729K(31040K)->30729K(31040K) Class: 3961K(4160K)->3961K(4160K)
[2026-09-19T00:08:32.694+0000][2.989s][info][gc          ] GC(4) Pause Young (Mixed) (G1 Evacuation Pause) 266M->148M(4096M) 34.922ms
[2026-09-19T00:08:32.694+0000][2.989s][info][gc,cpu      ] GC(4) User=0.13s Sys=0.00s Real=0.03s
[2026-09-19T00:08:32.722+0000][3.017s][info][gc,start    ] GC(5) Pause Young (Concurrent Start) (Metadata GC Threshold)
[2026-09-19T00:08:32.722+0000][3.017s][info][gc,task     ] GC(5) Using 4 workers of 4 for evacuation
[2026-09-19T00:08:32.741+0000][3.036s][info][gc,phases   ] GC(5)   Pre Evacuate Collection Set: 0.12ms
[2026-09-19T00:08:32.741+0000][3.036s][info][gc,phases   ] GC(5)   Merge Heap Roots: 0.29ms
[2026-09-19T00:08:32.741+0000][3.036s][info][gc,phases   ] GC(5)   Evacuate Collection Set: 18.42ms
[2026-09-19T00:08:32.741+0000][3.036s][info][gc,phases   ] GC(5)   Post Evacuate Collection Set: 0.29ms
[2026-09-19T00:08:32.741+0000][3.036s][info][gc,phases   ] GC(5)   Other: 0.06ms
[2026-09-19T00:08:32.741+0000][3.036s][info][gc,heap     ] GC(5) Eden regions: 1->0(24)
[2026-09-19T00:08:32.741+0000][3.036s][info][gc,heap     ] GC(5) Survivor regions: 4->1(4)
[2026-09-19T00:08:32.741+0000][3.036s][info][gc,heap     ] GC(5) Old regions: 15->19
[2026-09-19T00:08:32.741+0000][3.036s][info][gc,heap     ] GC(5) Humongous regions: 0->0
[2026-09-19T00:08:32.741+0000][3.036s][info][gc,metaspace] GC(5) Metaspace: 35492K(35968K)->35492K(35968K) NonClass: 31412K(31680K)->31412K(31680K) Class: 4080K(4288K)->4080K(4288K)
[2026-09-19T00:08:32.741+0000][3.036s][info][gc          ] GC(5) Pause Young (Concurrent Start) (Metadata GC Threshold) 152M->156M(4096M) 19.292ms
[2026-09-19T00:08:32.741+0000][3.036s][info][gc,cpu      ] GC(5) User=0.07s Sys=0.00s Real=0.02s
[2026-09-19T00:08:32.741+0000][3.036s][info][gc          ] GC(6) Concurrent Mark Cycle
[2026-09-19T00:08:32.741+0000][3.036s][info][gc,marking  ] GC(6) Concurrent Scan Root Regions
[2026-09-19T00:08:32.769+0000][3.064s][info][gc,marking  ] GC(6) Concurrent Scan Root Regions 27.445ms
[2026-09-19T00:08:32.769+0000][3.064s][info][gc,marking  ] GC(6) Concurrent Mark
[2026-09-19T00:08:32.769+0000][3.064s][info][gc,marking  ] GC(6) Concurrent Mark From Roots
[2026-09-19T00:08:32.769+0000][3.064s][info][gc,task     ] GC(6) Using 1 workers of 1 for marking
[2026-09-19T00:08:32.849+0000][3.144s][info][gc,marking  ] GC(6) Concurrent Mark From Roots 80.324ms
[2026-09-19T00:08:32.849+0000][3.144s][info][gc,marking  ] GC(6) Concurrent Preclean
[2026-09-19T00:08:32.849+0000][3.144s][info][gc,marking  ] GC(6) Concurrent Preclean 0.110ms
[2026-09-19T00:08:32.849+0000][3.144s][info][gc,start    ] GC(6) Pause Remark
[2026-09-19T00:08:32.853+0000][3.148s][info][gc          ] GC(6) Pause Remark 167M->167M(4096M) 4.114ms
[2026-09-19T00:08:32.853+0000][3.148s][info][gc,cpu      ] GC(6) User=0.01s Sys=0.00s Real=0.00s
[2026-09-19T00:08:32.853+0000][3.148s][info][gc,marking  ] GC(6) Concurrent Mark 84.743ms
[2026-09-19T00:08:32.853+0000][3.148s][info][gc,marking  ] GC(6) Concurrent Rebuild Remembered Sets and Scrub Regions
[2026-09-19T00:08:32.889+0000][3.184s][info][gc,marking  ] GC(6) Concurrent Rebuild Remembered Sets and Scrub Regions 35.996ms
[2026-09-19T00:08:32.890+0000][3.185s][info][gc,start    ] GC(6) Pause Cleanup
[2026-09-19T00:08:32.890+0000][3.185s][info][gc          ] GC(6) Pause Cleanup 169M->169M(4096M) 0.089ms
[2026-09-19T00:08:32.890+0000][3.185s][info][gc,cpu      ] GC(6) User=0.00s Sys=0.00s Real=0.00s
[2026-09-19T00:08:32.890+0000][3.185s][info][gc,marking  ] GC(6) Concurrent Clear Claimed Marks
[2026-09-19T00:08:32.890+0000][3.185s][info][gc,marking  ] GC(6) Concurrent Clear Claimed Marks 0.043ms
[2026-09-19T00:08:32.890+0000][3.185s][info][gc,marking  ] GC(6) Concurrent Cleanup for Next Mark
[2026-09-19T00:08:32.893+0000][3.188s][info][gc,marking  ] GC(6) Concurrent Cleanup for Next Mark 3.288ms
[2026-09-19T00:08:32.893+0000][3.188s][info][gc          ] GC(6) Concurrent Mark Cycle 151.846ms
[2026-09-19T00:08:33.457+0000][3.752s][info][gc,start    ] GC(7) Pause Young (Prepare Mixed) (G1 Evacuation Pause)
[2026-09-19T00:08:33.457+0000][3.752s][info][gc,task     ] GC(7) Using 4 workers of 4 for evacuation
[2026-09-19T00:08:33.467+0000][3.762s][info][gc,phases   ] GC(7)   Pre Evacuate Collection Set: 0.11ms
[2026-09-19T00:08:33.467+0000][3.762s][info][gc,phases   ] GC(7)   Merge Heap Roots: 0.06ms
[2026-09-19T00:08:33.467+0000][3.762s][info][gc,phases   ] GC(7)   Evacuate Collection Set: 9.90ms
[2026-09-19T00:08:33.467+0000][3.762s][info][gc,phases   ] GC(7)   Post Evacuate Collection Set: 0.46ms
[2026-09-19T00:08:33.467+0000][3.762s][info][gc,phases   ] GC(7)   Other: 0.05ms
[2026-09-19T00:08:33.468+0000][3.762s][info][gc,heap     ] GC(7) Eden regions: 24->0(22)
[2026-09-19T00:08:33.468+0000][3.762s][info][gc,heap     ] GC(7) Survivor regions: 1->3(4)
[2026-09-19T00:08:33.468+0000][3.762s][info][gc,heap     ] GC(7) Old regions: 19->19
[2026-09-19T00:08:33.468+0000][3.762s][info][gc,heap     ] GC(7) Humongous regions: 0->0
[2026-09-19T00:08:33.468+0000][3.762s][info][gc,metaspace] GC(7) Metaspace: 45017K(45504K)->45017K(45504K) NonClass: 39225K(39488K)->39225K(39488K) Class: 5791K(6016K)->5791K(6016K)
[2026-09-19T00:08:33.468+0000][3.762s][info][gc          ] GC(7) Pause Young (Prepare Mixed) (G1 Evacuation Pause) 348M->171M(4096M) 10.703ms
[2026-09-19T00:08:33.468+0000][3.762s][info][gc,cpu      ] GC(7) User=0.04s Sys=0.00s Real=0.01s
[2026-09-19T00:08:34.477+0000][4.772s][info][gc,start    ] GC(8) Pause Young (Mixed) (Metadata GC Threshold)
[2026-09-19T00:08:34.477+0000][4.772s][info][gc,task     ] GC(8) Using 4 workers of 4 for evacuation
[2026-09-19T00:08:34.507+0000][4.802s][info][gc,phases   ] GC(8)   Pre Evacuate Collection Set: 0.11ms
[2026-09-19T00:08:34.507+0000][4.802s][info][gc,phases   ] GC(8)   Merge Heap Roots: 0.06ms
[2026-09-19T00:08:34.507+0000][4.802s][info][gc,phases   ] GC(8)   Evacuate Collection Set: 28.70ms
[2026-09-19T00:08:34.507+0000][4.802s][info][gc,phases   ] GC(8)   Post Evacuate Collection Set: 1.12ms
[2026-09-19T00:08:34.508+0000][4.802s][info][gc,phases   ] GC(8)   Other: 0.05ms
[2026-09-19T00:08:34.508+0000][4.802s][info][gc,heap     ] GC(8) Eden regions: 22->0(21)
[2026-09-19T00:08:34.508+0000][4.802s][info][gc,heap     ] GC(8) Survivor regions: 3->4(4)
[2026-09-19T00:08:34.508+0000][4.802s][info][gc,heap     ] GC(8) Old regions: 19->22
[2026-09-19T00:08:34.508+0000][4.802s][info][gc,heap     ] GC(8) Humongous regions: 0->0
[2026-09-19T00:08:34.508+0000][4.802s][info][gc,metaspace] GC(8) Metaspace: 63131K(63808K)->63131K(63808K) NonClass: 53648K(54016K)->53648K(54016K) Class: 9483K(9792K)->9483K(9792K)
[2026-09-19T00:08:34.508+0000][4.802s][info][gc          ] GC(8) Pause Young (Mixed) (Metadata GC Threshold) 343M->196M(4096M) 30.175ms
[2026-09-19T00:08:34.508+0000][4.802s][info][gc,cpu      ] GC(8) User=0.11s Sys=0.00s Real=0.03s
[2026-09-19T00:08:34.532+0000][4.827s][info][gc,start    ] GC(9) Pause Young (Concurrent Start) (Metadata GC Threshold)
[2026-09-19T00:08:34.532+0000][4.827s][info][gc,task     ] GC(9) Using 4 workers of 4 for evacuation
[2026-09-19T00:08:34.543+0000][4.838s][info][gc,phases   ] GC(9)   Pre Evacuate Collection Set: 0.11ms
[2026-09-19T00:08:34.543+0000][4.838s][info][gc,phases   ] GC(9)   Merge Heap Roots: 0.06ms
[2026-09-19T00:08:34.543+0000][4.838s][info][gc,phases   ] GC(9)   Evacuate Collection Set: 10.30ms
[2026-09-19T00:08:34.543+0000][4.838s][info][gc,phases   ] GC(9)   Post Evacuate Collection Set: 0.36ms
[2026-09-19T00:08:34.543+0000][4.838s][info][gc,phases   ] GC(9)   Other: 0.07ms
[2026-09-19T00:08:34.543+0000][4.838s][info][gc,heap     ] GC(9) Eden regions: 1->0(24)
[2026-09-19T00:08:34.543+0000][4.838s][info][gc,heap     ] GC(9) Survivor regions: 4->1(4)
[2026-09-19T00:08:34.543+0000][4.838s][info][gc,heap     ] GC(9) Old regions: 22->25
[2026-09-19T00:08:34.543+0000][4.838s][info][gc,heap     ] GC(9) Humongous regions: 0->0
[2026-09-19T00:08:34.543+0000][4.838s][info][gc,metaspace] GC(9) Metaspace: 63473K(64128K)->63473K(64128K) NonClass: 53905K(54272K)->53905K(54272K) Class: 9568K(9856K)->9568K(9856K)
[2026-09-19T00:08:34.543+0000][4.838s][info][gc          ] GC(9) Pause Young (Concurrent Start) (Metadata GC Threshold) 198M->199M(4096M) 11.007ms
[2026-09-19T00:08:34.543+0000][4.838s][info][gc,cpu      ] GC(9) User=0.04s Sys=0.00s Real=0.01s
[2026-09-19T00:08:34.543+0000][4.838s][info][gc          ] GC(10) Concurrent Mark Cycle
[2026-09-19T00:08:34.543+0000][4.838s][info][gc,marking  ] GC(10) Concurrent Scan Root Regions
[2026-09-19T00:08:34.559+0000][4.854s][info][gc,marking  ] GC(10) Concurrent Scan Root Regions 15.401ms
[2026-09-19T00:08:34.559+0000][4.854s][info][gc,marking  ] GC(10) Concurrent Mark
[2026-09-19T00:08:34.559+0000][4.854s][info][gc,marking  ] GC(10) Concurrent Mark From Roots
[2026-09-19T00:08:34.559+0000][4.854s][info][gc,task     ] GC(10) Using 1 workers of 1 for marking
[2026-09-19T00:08:34.624+0000][4.919s][info][gc,marking  ] GC(10) Concurrent Mark From Roots 65.030ms
[2026-09-19T00:08:34.624+0000][4.919s][info][gc,marking  ] GC(10) Concurrent Preclean
[2026-09-19T00:08:34.624+0000][4.919s][info][gc,marking  ] GC(10) Concurrent Preclean 0.143ms
[2026-09-19T00:08:34.624+0000][4.919s][info][gc,start    ] GC(10) Pause Remark
[2026-09-19T00:08:34.628+0000][4.923s][info][gc          ] GC(10) Pause Remark 290M->266M(4096M) 3.478ms
[2026-09-19T00:08:34.628+0000][4.923s][info][gc,cpu      ] GC(10) User=0.01s Sys=0.00s Real=0.00s
[2026-09-19T00:08:34.628+0000][4.923s][info][gc,marking  ] GC(10) Concurrent Mark 69.097ms
[2026-09-19T00:08:34.628+0000][4.923s][info][gc,marking  ] GC(10) Concurrent Rebuild Remembered Sets and Scrub Regions
[2026-09-19T00:08:34.670+0000][4.965s][info][gc,marking  ] GC(10) Concurrent Rebuild Remembered Sets and Scrub Regions 42.761ms
[2026-09-19T00:08:34.671+0000][4.966s][info][gc,start    ] GC(10) Pause Cleanup
[2026-09-19T00:08:34.671+0000][4.966s][info][gc          ] GC(10) Pause Cleanup 332M->332M(4096M) 0.113ms
[2026-09-19T00:08:34.671+0000][4.966s][info][gc,cpu      ] GC(10) User=0.00s Sys=0.00s Real=0.00s
[2026-09-19T00:08:34.671+0000][4.966s][info][gc,marking  ] GC(10) Concurrent Clear Claimed Marks
[2026-09-19T00:08:34.671+0000][4.966s][info][gc,marking  ] GC(10) Concurrent Clear Claimed Marks 0.075ms
[2026-09-19T00:08:34.671+0000][4.966s][info][gc,marking  ] GC(10) Concurrent Cleanup for Next Mark
[2026-09-19T00:08:34.673+0000][4.968s][info][gc,marking  ] GC(10) Concurrent Cleanup for Next Mark 2.276ms
[2026-09-19T00:08:34.673+0000][4.968s][info][gc          ] GC(10) Concurrent Mark Cycle 130.006ms
[2026-09-19T00:08:34.703+0000][4.998s][info][gc,start    ] GC(11) Pause Young (Prepare Mixed) (G1 Evacuation Pause)
[2026-09-19T00:08:34.703+0000][4.998s][info][gc,task     ] GC(11) Using 4 workers of 4 for evacuation
[2026-09-19T00:08:34.726+0000][5.020s][info][gc,phases   ] GC(11)   Pre Evacuate Collection Set: 0.48ms
[2026-09-19T00:08:34.726+0000][5.021s][info][gc,phases   ] GC(11)   Merge Heap Roots: 0.11ms
[2026-09-19T00:08:34.726+0000][5.021s][info][gc,phases   ] GC(11)   Evacuate Collection Set: 21.65ms
[2026-09-19T00:08:34.726+0000][5.021s][info][gc,phases   ] GC(11)   Post Evacuate Collection Set: 0.32ms
[2026-09-19T00:08:34.726+0000][5.021s][info][gc,phases   ] GC(11)   Other: 0.07ms
[2026-09-19T00:08:34.726+0000][5.021s][info][gc,heap     ] GC(11) Eden regions: 24->0(21)
[2026-09-19T00:08:34.726+0000][5.021s][info][gc,heap     ] GC(11) Survivor regions: 1->4(4)
[2026-09-19T00:08:34.726+0000][5.021s][info][gc,heap     ] GC(11) Old regions: 22->26
[2026-09-19T00:08:34.726+0000][5.021s][info][gc,heap     ] GC(11) Humongous regions: 0->0
[2026-09-19T00:08:34.726+0000][5.021s][info][gc,metaspace] GC(11) Metaspace: 63753K(64448K)->63753K(64448K) NonClass: 54129K(54528K)->54129K(54528K) Class: 9623K(9920K)->9623K(9920K)
[2026-09-19T00:08:34.726+0000][5.021s][info][gc          ] GC(11) Pause Young (Prepare Mixed) (G1 Evacuation Pause) 367M->234M(4096M) 22.737ms
[2026-09-19T00:08:34.726+0000][5.021s][info][gc,cpu      ] GC(11) User=0.09s Sys=0.00s Real=0.02s
[2026-09-19T00:08:36.404+0000][6.699s][info][gc,start    ] GC(12) Pause Young (Mixed) (G1 Evacuation Pause)
[2026-09-19T00:08:36.404+0000][6.699s][info][gc,task     ] GC(12) Using 4 workers of 4 for evacuation
[2026-09-19T00:08:36.431+0000][6.726s][info][gc,phases   ] GC(12)   Pre Evacuate Collection Set: 0.09ms
[2026-09-19T00:08:36.432+0000][6.726s][info][gc,phases   ] GC(12)   Merge Heap Roots: 0.08ms
[2026-09-19T00:08:36.432+0000][6.726s][info][gc,phases   ] GC(12)   Evacuate Collection Set: 26.01ms
[2026-09-19T00:08:36.432+0000][6.726s][info][gc,phases   ] GC(12)   Post Evacuate Collection Set: 0.97ms
[2026-09-19T00:08:36.432+0000][6.726s][info][gc,phases   ] GC(12)   Other: 0.04ms
[2026-09-19T00:08:36.432+0000][6.726s][info][gc,heap     ] GC(12) Eden regions: 21->0(281)
[2026-09-19T00:08:36.432+0000][6.726s][info][gc,heap     ] GC(12) Survivor regions: 4->4(4)
[2026-09-19T00:08:36.432+0000][6.726s][info][gc,heap     ] GC(12) Old regions: 26->30
[2026-09-19T00:08:36.432+0000][6.726s][info][gc,heap     ] GC(12) Humongous regions: 0->0
[2026-09-19T00:08:36.432+0000][6.726s][info][gc,metaspace] GC(12) Metaspace: 95908K(96768K)->95908K(96768K) NonClass: 82467K(82944K)->82467K(82944K) Class: 13440K(13824K)->13440K(13824K)
[2026-09-19T00:08:36.432+0000][6.727s][info][gc          ] GC(12) Pause Young (Mixed) (G1 Evacuation Pause) 402M->266M(4096M) 27.345ms
[2026-09-19T00:08:36.432+0000][6.727s][info][gc,cpu      ] GC(12) User=0.10s Sys=0.00s Real=0.03s
[2026-09-19T00:08:38.523+0000][8.818s][info][gc,start    ] GC(13) Pause Young (Mixed) (Metadata GC Threshold)
[2026-09-19T00:08:38.523+0000][8.818s][info][gc,task     ] GC(13) Using 4 workers of 4 for evacuation
[2026-09-19T00:08:38.600+0000][8.895s][info][gc,phases   ] GC(13)   Pre Evacuate Collection Set: 0.11ms
[2026-09-19T00:08:38.600+0000][8.895s][info][gc,phases   ] GC(13)   Merge Heap Roots: 0.11ms
[2026-09-19T00:08:38.600+0000][8.895s][info][gc,phases   ] GC(13)   Evacuate Collection Set: 74.94ms
[2026-09-19T00:08:38.600+0000][8.895s][info][gc,phases   ] GC(13)   Post Evacuate Collection Set: 1.48ms
[2026-09-19T00:08:38.600+0000][8.895s][info][gc,phases   ] GC(13)   Other: 0.07ms
[2026-09-19T00:08:38.600+0000][8.895s][info][gc,heap     ] GC(13) Eden regions: 85->0(9)
[2026-09-19T00:08:38.600+0000][8.895s][info][gc,heap     ] GC(13) Survivor regions: 4->16(39)
[2026-09-19T00:08:38.600+0000][8.895s][info][gc,heap     ] GC(13) Old regions: 30->29
[2026-09-19T00:08:38.600+0000][8.895s][info][gc,heap     ] GC(13) Humongous regions: 0->0
[2026-09-19T00:08:38.600+0000][8.895s][info][gc,metaspace] GC(13) Metaspace: 106610K(107456K)->106610K(107456K) NonClass: 91353K(91840K)->91353K(91840K) Class: 15257K(15616K)->15257K(15616K)
[2026-09-19T00:08:38.600+0000][8.895s][info][gc          ] GC(13) Pause Young (Mixed) (Metadata GC Threshold) 946M->353M(4096M) 76.857ms
[2026-09-19T00:08:38.600+0000][8.895s][info][gc,cpu      ] GC(13) User=0.30s Sys=0.00s Real=0.08s
[2026-09-19T00:08:38.633+0000][8.928s][info][gc,start    ] GC(14) Pause Young (Concurrent Start) (Metadata GC Threshold)
[2026-09-19T00:08:38.633+0000][8.928s][info][gc,task     ] GC(14) Using 4 workers of 4 for evacuation
[2026-09-19T00:08:38.687+0000][8.982s][info][gc,phases   ] GC(14)   Pre Evacuate Collection Set: 0.13ms
[2026-09-19T00:08:38.687+0000][8.982s][info][gc,phases   ] GC(14)   Merge Heap Roots: 0.12ms
[2026-09-19T00:08:38.687+0000][8.982s][info][gc,phases   ] GC(14)   Evacuate Collection Set: 53.03ms
[2026-09-19T00:08:38.687+0000][8.982s][info][gc,phases   ] GC(14)   Post Evacuate Collection Set: 0.87ms
[2026-09-19T00:08:38.687+0000][8.982s][info][gc,phases   ] GC(14)   Other: 0.07ms
[2026-09-19T00:08:38.687+0000][8.982s][info][gc,heap     ] GC(14) Eden regions: 2->0(23)
[2026-09-19T00:08:38.687+0000][8.982s][info][gc,heap     ] GC(14) Survivor regions: 16->2(4)
[2026-09-19T00:08:38.687+0000][8.982s][info][gc,heap     ] GC(14) Old regions: 29->44
[2026-09-19T00:08:38.687+0000][8.982s][info][gc,heap     ] GC(14) Humongous regions: 0->0
[2026-09-19T00:08:38.687+0000][8.982s][info][gc,metaspace] GC(14) Metaspace: 106934K(107776K)->106934K(107776K) NonClass: 91608K(92096K)->91608K(92096K) Class: 15326K(15680K)->15326K(15680K)
[2026-09-19T00:08:38.687+0000][8.982s][info][gc          ] GC(14) Pause Young (Concurrent Start) (Metadata GC Threshold) 368M->368M(4096M) 54.386ms
[2026-09-19T00:08:38.687+0000][8.982s][info][gc,cpu      ] GC(14) User=0.21s Sys=0.00s Real=0.05s
[2026-09-19T00:08:38.687+0000][8.982s][info][gc          ] GC(15) Concurrent Mark Cycle
[2026-09-19T00:08:38.687+0000][8.982s][info][gc,marking  ] GC(15) Concurrent Scan Root Regions
[2026-09-19T00:08:38.761+0000][9.056s][info][gc,marking  ] GC(15) Concurrent Scan Root Regions 73.728ms
[2026-09-19T00:08:38.761+0000][9.056s][info][gc,marking  ] GC(15) Concurrent Mark
[2026-09-19T00:08:38.761+0000][9.056s][info][gc,marking  ] GC(15) Concurrent Mark From Roots
[2026-09-19T00:08:38.761+0000][9.056s][info][gc,task     ] GC(15) Using 1 workers of 1 for marking
[2026-09-19T00:08:38.937+0000][9.232s][info][gc,marking  ] GC(15) Concurrent Mark From Roots 176.335ms
[2026-09-19T00:08:38.937+0000][9.232s][info][gc,marking  ] GC(15) Concurrent Preclean
[2026-09-19T00:08:38.938+0000][9.232s][info][gc,marking  ] GC(15) Concurrent Preclean 0.240ms
[2026-09-19T00:08:38.940+0000][9.235s][info][gc,start    ] GC(15) Pause Remark
[2026-09-19T00:08:38.948+0000][9.243s][info][gc          ] GC(15) Pause Remark 491M->491M(4096M) 8.262ms
[2026-09-19T00:08:38.948+0000][9.243s][info][gc,cpu      ] GC(15) User=0.02s Sys=0.00s Real=0.00s
[2026-09-19T00:08:38.948+0000][9.243s][info][gc,marking  ] GC(15) Concurrent Mark 187.074ms
[2026-09-19T00:08:38.948+0000][9.243s][info][gc,marking  ] GC(15) Concurrent Rebuild Remembered Sets and Scrub Regions
[2026-09-19T00:08:39.109+0000][9.404s][info][gc,marking  ] GC(15) Concurrent Rebuild Remembered Sets and Scrub Regions 161.006ms
[2026-09-19T00:08:39.109+0000][9.404s][info][gc,start    ] GC(15) Pause Cleanup
[2026-09-19T00:08:39.109+0000][9.404s][info][gc          ] GC(15) Pause Cleanup 555M->555M(4096M) 0.112ms
[2026-09-19T00:08:39.109+0000][9.404s][info][gc,cpu      ] GC(15) User=0.00s Sys=0.00s Real=0.00s
[2026-09-19T00:08:39.112+0000][9.407s][info][gc,marking  ] GC(15) Concurrent Clear Claimed Marks
[2026-09-19T00:08:39.112+0000][9.407s][info][gc,marking  ] GC(15) Concurrent Clear Claimed Marks 0.121ms
[2026-09-19T00:08:39.112+0000][9.407s][info][gc,marking  ] GC(15) Concurrent Cleanup for Next Mark
[2026-09-19T00:08:39.115+0000][9.410s][info][gc,marking  ] GC(15) Concurrent Cleanup for Next Mark 2.721ms
[2026-09-19T00:08:39.115+0000][9.410s][info][gc          ] GC(15) Concurrent Mark Cycle 427.777ms
[2026-09-19T00:08:39.718+0000][10.013s][info][gc,start    ] GC(16) Pause Young (Prepare Mixed) (G1 Evacuation Pause)
[2026-09-19T00:08:39.718+0000][10.013s][info][gc,task     ] GC(16) Using 4 workers of 4 for evacuation
[2026-09-19T00:08:39.748+0000][10.043s][info][gc,phases   ] GC(16)   Pre Evacuate Collection Set: 0.11ms
[2026-09-19T00:08:39.748+0000][10.043s][info][gc,phases   ] GC(16)   Merge Heap Roots: 0.08ms
[2026-09-19T00:08:39.748+0000][10.043s][info][gc,phases   ] GC(16)   Evacuate Collection Set: 28.88ms
[2026-09-19T00:08:39.748+0000][10.043s][info][gc,phases   ] GC(16)   Post Evacuate Collection Set: 0.65ms
[2026-09-19T00:08:39.748+0000][10.043s][info][gc,phases   ] GC(16)   Other: 0.06ms
[2026-09-19T00:08:39.748+0000][10.043s][info][gc,heap     ] GC(16) Eden regions: 48->0(196)
[2026-09-19T00:08:39.748+0000][10.043s][info][gc,heap     ] GC(16) Survivor regions: 2->7(7)
[2026-09-19T00:08:39.748+0000][10.043s][info][gc,heap     ] GC(16) Old regions: 44->44
[2026-09-19T00:08:39.748+0000][10.043s][info][gc,heap     ] GC(16) Humongous regions: 0->0
[2026-09-19T00:08:39.748+0000][10.043s][info][gc,metaspace] GC(16) Metaspace: 114205K(115200K)->114205K(115200K) NonClass: 97822K(98368K)->97822K(98368K) Class: 16383K(16832K)->16383K(16832K)
[2026-09-19T00:08:39.748+0000][10.043s][info][gc          ] GC(16) Pause Young (Prepare Mixed) (G1 Evacuation Pause) 752M->407M(4096M) 29.932ms
[2026-09-19T00:08:39.748+0000][10.043s][info][gc,cpu      ] GC(16) User=0.12s Sys=0.00s Real=0.03s
[2026-09-19T00:08:47.172+0000][17.467s][info][gc,start    ] GC(17) Pause Young (Mixed) (G1 Evacuation Pause)
[2026-09-19T00:08:47.172+0000][17.467s][info][gc,task     ] GC(17) Using 4 workers of 4 for evacuation
[2026-09-19T00:08:47.237+0000][17.532s][info][gc,phases   ] GC(17)   Pre Evacuate Collection Set: 0.14ms
[2026-09-19T00:08:47.237+0000][17.532s][info][gc,phases   ] GC(17)   Merge Heap Roots: 0.20ms
[2026-09-19T00:08:47.237+0000][17.532s][info][gc,phases   ] GC(17)   Evacuate Collection Set: 63.14ms
[2026-09-19T00:08:47.237+0000][17.532s][info][gc,phases   ] GC(17)   Post Evacuate Collection Set: 1.90ms
[2026-09-19T00:08:47.237+0000][17.532s][info][gc,phases   ] GC(17)   Other: 0.10ms
[2026-09-19T00:08:47.237+0000][17.532s][info][gc,heap     ] GC(17) Eden regions: 205->0(6)
[2026-09-19T00:08:47.237+0000][17.532s][info][gc,heap     ] GC(17) Survivor regions: 7->19(27)
[2026-09-19T00:08:47.237+0000][17.532s][info][gc,heap     ] GC(17) Old regions: 44->43
[2026-09-19T00:08:47.237+0000][17.532s][info][gc,heap     ] GC(17) Humongous regions: 0->0
[2026-09-19T00:08:47.237+0000][17.532s][info][gc,metaspace] GC(17) Metaspace: 150793K(152000K)->150793K(152000K) NonClass: 126276K(126976K)->126276K(126976K) Class: 24517K(25024K)->24517K(25024K)
[2026-09-19T00:08:47.237+0000][17.532s][info][gc          ] GC(17) Pause Young (Mixed) (G1 Evacuation Pause) 2047M->489M(4096M) 65.631ms
[2026-09-19T00:08:47.237+0000][17.532s][info][gc,cpu      ] GC(17) User=0.24s Sys=0.01s Real=0.06s
[2026-09-19T00:08:47.297+0000][17.592s][info][gc,start    ] GC(18) Pause Young (Normal) (G1 Evacuation Pause)
[2026-09-19T00:08:47.297+0000][17.592s][info][gc,task     ] GC(18) Using 4 workers of 4 for evacuation
[2026-09-19T00:08:47.345+0000][17.640s][info][gc,phases   ] GC(18)   Pre Evacuate Collection Set: 0.14ms
[2026-09-19T00:08:47.345+0000][17.640s][info][gc,phases   ] GC(18)   Merge Heap Roots: 0.15ms
[2026-09-19T00:08:47.345+0000][17.640s][info][gc,phases   ] GC(18)   Evacuate Collection Set: 46.85ms
[2026-09-19T00:08:47.345+0000][17.640s][info][gc,phases   ] GC(18)   Post Evacuate Collection Set: 1.13ms
[2026-09-19T00:08:47.345+0000][17.640s][info][gc,phases   ] GC(18)   Other: 0.05ms
[2026-09-19T00:08:47.345+0000][17.640s][info][gc,heap     ] GC(18) Eden regions: 6->0(43)
[2026-09-19T00:08:47.345+0000][17.640s][info][gc,heap     ] GC(18) Survivor regions: 19->2(4)
[2026-09-19T00:08:47.345+0000][17.640s][info][gc,heap     ] GC(18) Old regions: 43->62
[2026-09-19T00:08:47.346+0000][17.640s][info][gc,heap     ] GC(18) Humongous regions: 0->0
[2026-09-19T00:08:47.346+0000][17.640s][info][gc,metaspace] GC(18) Metaspace: 150795K(152000K)->150795K(152000K) NonClass: 126277K(126976K)->126277K(126976K) Class: 24517K(25024K)->24517K(25024K)
[2026-09-19T00:08:47.346+0000][17.640s][info][gc          ] GC(18) Pause Young (Normal) (G1 Evacuation Pause) 537M->506M(4096M) 48.512ms
[2026-09-19T00:08:47.346+0000][17.640s][info][gc,cpu      ] GC(18) User=0.18s Sys=0.01s Real=0.05s
[2026-09-19T00:08:47.987+0000][18.282s][info][gc,start    ] GC(19) Pause Young (Normal) (G1 Evacuation Pause)
[2026-09-19T00:08:47.987+0000][18.282s][info][gc,task     ] GC(19) Using 4 workers of 4 for evacuation
[2026-09-19T00:08:48.005+0000][18.300s][info][gc,phases   ] GC(19)   Pre Evacuate Collection Set: 0.10ms
[2026-09-19T00:08:48.005+0000][18.300s][info][gc,phases   ] GC(19)   Merge Heap Roots: 0.06ms
[2026-09-19T00:08:48.005+0000][18.300s][info][gc,phases   ] GC(19)   Evacuate Collection Set: 17.23ms
[2026-09-19T00:08:48.005+0000][18.300s][info][gc,phases   ] GC(19)   Post Evacuate Collection Set: 0.50ms
[2026-09-19T00:08:48.005+0000][18.300s][info][gc,phases   ] GC(19)   Other: 0.04ms
[2026-09-19T00:08:48.005+0000][18.300s][info][gc,heap     ] GC(19) Eden regions: 55->0(32)
[2026-09-19T00:08:48.005+0000][18.300s][info][gc,heap     ] GC(19) Survivor regions: 2->8(8)
[2026-09-19T00:08:48.005+0000][18.300s][info][gc,heap     ] GC(19) Old regions: 62->63
[2026-09-19T00:08:48.005+0000][18.300s][info][gc,heap     ] GC(19) Humongous regions: 0->0
[2026-09-19T00:08:48.005+0000][18.300s][info][gc,metaspace] GC(19) Metaspace: 150864K(152128K)->150864K(152128K) NonClass: 126341K(127104K)->126341K(127104K) Class: 24523K(25024K)->24523K(25024K)
[2026-09-19T00:08:48.005+0000][18.300s][info][gc          ] GC(19) Pause Young (Normal) (G1 Evacuation Pause) 946M->568M(4096M) 18.090ms
[2026-09-19T00:08:48.005+0000][18.300s][info][gc,cpu      ] GC(19) User=0.07s Sys=0.00s Real=0.02s
[2026-09-19T00:08:48.569+0000][18.864s][info][gc,start    ] GC(20) Pause Young (Normal) (G1 Evacuation Pause)
[2026-09-19T00:08:48.569+0000][18.864s][info][gc,task     ] GC(20) Using 4 workers of 4 for evacuation
[2026-09-19T00:08:48.597+0000][18.891s][info][gc,phases   ] GC(20)   Pre Evacuate Collection Set: 0.11ms
[2026-09-19T00:08:48.597+0000][18.892s][info][gc,phases   ] GC(20)   Merge Heap Roots: 0.11ms
[2026-09-19T00:08:48.597+0000][18.892s][info][gc,phases   ] GC(20)   Evacuate Collection Set: 26.41ms
[2026-09-19T00:08:48.597+0000][18.892s][info][gc,phases   ] GC(20)   Post Evacuate Collection Set: 0.54ms
[2026-09-19T00:08:48.597+0000][18.892s][info][gc,phases   ] GC(20)   Other: 0.06ms
[2026-09-19T00:08:48.597+0000][18.892s][info][gc,heap     ] GC(20) Eden regions: 45->0(51)
[2026-09-19T00:08:48.597+0000][18.892s][info][gc,heap     ] GC(20) Survivor regions: 8->7(7)
[2026-09-19T00:08:48.597+0000][18.892s][info][gc,heap     ] GC(20) Old regions: 63->72
[2026-09-19T00:08:48.597+0000][18.892s][info][gc,heap     ] GC(20) Humongous regions: 0->0
[2026-09-19T00:08:48.597+0000][18.892s][info][gc,metaspace] GC(20) Metaspace: 151466K(152768K)->151466K(152768K) NonClass: 126850K(127616K)->126850K(127616K) Class: 24615K(25152K)->24615K(25152K)
[2026-09-19T00:08:48.597+0000][18.892s][info][gc          ] GC(20) Pause Young (Normal) (G1 Evacuation Pause) 928M->630M(4096M) 27.387ms
[2026-09-19T00:08:48.597+0000][18.892s][info][gc,cpu      ] GC(20) User=0.10s Sys=0.00s Real=0.02s
[2026-09-19T00:08:48.829+0000][19.124s][info][gc,start    ] GC(21) Pause Young (Concurrent Start) (CodeCache GC Threshold)
[2026-09-19T00:08:48.829+0000][19.124s][info][gc,task     ] GC(21) Using 4 workers of 4 for evacuation
[2026-09-19T00:08:48.850+0000][19.145s][info][gc,phases   ] GC(21)   Pre Evacuate Collection Set: 0.13ms
[2026-09-19T00:08:48.850+0000][19.145s][info][gc,phases   ] GC(21)   Merge Heap Roots: 0.06ms
[2026-09-19T00:08:48.850+0000][19.145s][info][gc,phases   ] GC(21)   Evacuate Collection Set: 19.53ms
[2026-09-19T00:08:48.850+0000][19.145s][info][gc,phases   ] GC(21)   Post Evacuate Collection Set: 0.60ms
[2026-09-19T00:08:48.850+0000][19.145s][info][gc,phases   ] GC(21)   Other: 0.08ms
[2026-09-19T00:08:48.850+0000][19.145s][info][gc,heap     ] GC(21) Eden regions: 19->0(79)
[2026-09-19T00:08:48.850+0000][19.145s][info][gc,heap     ] GC(21) Survivor regions: 7->5(8)
[2026-09-19T00:08:48.850+0000][19.145s][info][gc,heap     ] GC(21) Old regions: 72->79
[2026-09-19T00:08:48.850+0000][19.145s][info][gc,heap     ] GC(21) Humongous regions: 0->0
[2026-09-19T00:08:48.850+0000][19.145s][info][gc,metaspace] GC(21) Metaspace: 151645K(152896K)->151645K(152896K) NonClass: 127004K(127744K)->127004K(127744K) Class: 24641K(25152K)->24641K(25152K)
[2026-09-19T00:08:48.850+0000][19.145s][info][gc          ] GC(21) Pause Young (Concurrent Start) (CodeCache GC Threshold) 776M->666M(4096M) 20.554ms
[2026-09-19T00:08:48.850+0000][19.145s][info][gc          ] GC(22) Concurrent Mark Cycle
[2026-09-19T00:08:48.850+0000][19.145s][info][gc,marking  ] GC(22) Concurrent Scan Root Regions
[2026-09-19T00:08:48.850+0000][19.145s][info][gc,cpu      ] GC(21) User=0.08s Sys=0.00s Real=0.02s
[2026-09-19T00:08:48.881+0000][19.176s][info][gc,marking  ] GC(22) Concurrent Scan Root Regions 30.807ms
[2026-09-19T00:08:48.881+0000][19.176s][info][gc,marking  ] GC(22) Concurrent Mark
[2026-09-19T00:08:48.881+0000][19.176s][info][gc,marking  ] GC(22) Concurrent Mark From Roots
[2026-09-19T00:08:48.881+0000][19.176s][info][gc,task     ] GC(22) Using 1 workers of 1 for marking
[2026-09-19T00:08:49.500+0000][19.795s][info][gc,marking  ] GC(22) Concurrent Mark From Roots 619.313ms
[2026-09-19T00:08:49.500+0000][19.795s][info][gc,marking  ] GC(22) Concurrent Preclean
[2026-09-19T00:08:49.501+0000][19.796s][info][gc,marking  ] GC(22) Concurrent Preclean 1.022ms
[2026-09-19T00:08:49.501+0000][19.796s][info][gc,start    ] GC(22) Pause Remark
[2026-09-19T00:08:49.521+0000][19.816s][info][gc          ] GC(22) Pause Remark 942M->918M(4096M) 20.206ms
[2026-09-19T00:08:49.521+0000][19.816s][info][gc,cpu      ] GC(22) User=0.05s Sys=0.00s Real=0.02s
[2026-09-19T00:08:49.522+0000][19.816s][info][gc,marking  ] GC(22) Concurrent Mark 640.847ms
[2026-09-19T00:08:49.522+0000][19.816s][info][gc,marking  ] GC(22) Concurrent Rebuild Remembered Sets and Scrub Regions
[2026-09-19T00:08:49.728+0000][20.023s][info][gc,marking  ] GC(22) Concurrent Rebuild Remembered Sets and Scrub Regions 206.578ms
[2026-09-19T00:08:49.728+0000][20.023s][info][gc,start    ] GC(22) Pause Cleanup
[2026-09-19T00:08:49.729+0000][20.024s][info][gc          ] GC(22) Pause Cleanup 1078M->1078M(4096M) 0.179ms
[2026-09-19T00:08:49.729+0000][20.024s][info][gc,cpu      ] GC(22) User=0.00s Sys=0.00s Real=0.00s
[2026-09-19T00:08:49.732+0000][20.027s][info][gc,marking  ] GC(22) Concurrent Clear Claimed Marks
[2026-09-19T00:08:49.732+0000][20.027s][info][gc,marking  ] GC(22) Concurrent Clear Claimed Marks 0.205ms
[2026-09-19T00:08:49.732+0000][20.027s][info][gc,marking  ] GC(22) Concurrent Cleanup for Next Mark
[2026-09-19T00:08:49.735+0000][20.030s][info][gc,marking  ] GC(22) Concurrent Cleanup for Next Mark 2.844ms
[2026-09-19T00:08:49.735+0000][20.030s][info][gc          ] GC(22) Concurrent Mark Cycle 885.341ms
[2026-09-19T00:08:50.116+0000][20.411s][info][gc,start    ] GC(23) Pause Young (Prepare Mixed) (GCLocker Initiated GC)
[2026-09-19T00:08:50.116+0000][20.411s][info][gc,task     ] GC(23) Using 4 workers of 4 for evacuation
[2026-09-19T00:08:50.139+0000][20.434s][info][gc,phases   ] GC(23)   Pre Evacuate Collection Set: 0.12ms
[2026-09-19T00:08:50.139+0000][20.434s][info][gc,phases   ] GC(23)   Merge Heap Roots: 0.13ms
[2026-09-19T00:08:50.139+0000][20.434s][info][gc,phases   ] GC(23)   Evacuate Collection Set: 21.92ms
[2026-09-19T00:08:50.139+0000][20.434s][info][gc,phases   ] GC(23)   Post Evacuate Collection Set: 0.68ms
[2026-09-19T00:08:50.139+0000][20.434s][info][gc,phases   ] GC(23)   Other: 0.05ms
[2026-09-19T00:08:50.139+0000][20.434s][info][gc,heap     ] GC(23) Eden regions: 80->0(220)
[2026-09-19T00:08:50.139+0000][20.434s][info][gc,heap     ] GC(23) Survivor regions: 5->11(11)
[2026-09-19T00:08:50.139+0000][20.434s][info][gc,heap     ] GC(23) Old regions: 76->77
[2026-09-19T00:08:50.139+0000][20.434s][info][gc,heap     ] GC(23) Humongous regions: 0->0
[2026-09-19T00:08:50.139+0000][20.434s][info][gc,metaspace] GC(23) Metaspace: 152696K(154048K)->152696K(154048K) NonClass: 127881K(128640K)->127881K(128640K) Class: 24814K(25408K)->24814K(25408K)
[2026-09-19T00:08:50.139+0000][20.434s][info][gc          ] GC(23) Pause Young (Prepare Mixed) (GCLocker Initiated GC) 1282M->703M(4096M) 23.065ms
[2026-09-19T00:08:50.139+0000][20.434s][info][gc,cpu      ] GC(23) User=0.09s Sys=0.00s Real=0.03s
[2026-09-19T00:08:53.361+0000][23.656s][info][gc,start    ] GC(24) Pause Young (Mixed) (G1 Evacuation Pause)
[2026-09-19T00:08:53.361+0000][23.656s][info][gc,task     ] GC(24) Using 4 workers of 4 for evacuation
[2026-09-19T00:08:53.468+0000][23.763s][info][gc,phases   ] GC(24)   Pre Evacuate Collection Set: 0.12ms
[2026-09-19T00:08:53.468+0000][23.763s][info][gc,phases   ] GC(24)   Merge Heap Roots: 0.14ms
[2026-09-19T00:08:53.468+0000][23.763s][info][gc,phases   ] GC(24)   Evacuate Collection Set: 106.04ms
[2026-09-19T00:08:53.468+0000][23.763s][info][gc,phases   ] GC(24)   Post Evacuate Collection Set: 0.91ms
[2026-09-19T00:08:53.468+0000][23.763s][info][gc,phases   ] GC(24)   Other: 0.08ms
[2026-09-19T00:08:53.468+0000][23.763s][info][gc,heap     ] GC(24) Eden regions: 232->0(26)
[2026-09-19T00:08:53.468+0000][23.763s][info][gc,heap     ] GC(24) Survivor regions: 11->31(31)
[2026-09-19T00:08:53.468+0000][23.763s][info][gc,heap     ] GC(24) Old regions: 77->95
[2026-09-19T00:08:53.468+0000][23.763s][info][gc,heap     ] GC(24) Humongous regions: 0->0
[2026-09-19T00:08:53.468+0000][23.763s][info][gc,metaspace] GC(24) Metaspace: 153136K(154560K)->153136K(154560K) NonClass: 128266K(129088K)->128266K(129088K) Class: 24869K(25472K)->24869K(25472K)
[2026-09-19T00:08:53.468+0000][23.763s][info][gc          ] GC(24) Pause Young (Mixed) (G1 Evacuation Pause) 2559M->1008M(4096M) 107.431ms
[2026-09-19T00:08:53.468+0000][23.763s][info][gc,cpu      ] GC(24) User=0.40s Sys=0.03s Real=0.10s
[2026-09-19T00:08:53.822+0000][24.117s][info][gc,start    ] GC(25) Pause Young (Concurrent Start) (G1 Evacuation Pause)
[2026-09-19T00:08:53.822+0000][24.117s][info][gc,task     ] GC(25) Using 4 workers of 4 for evacuation
[2026-09-19T00:08:53.877+0000][24.171s][info][gc,phases   ] GC(25)   Pre Evacuate Collection Set: 0.14ms
[2026-09-19T00:08:53.877+0000][24.171s][info][gc,phases   ] GC(25)   Merge Heap Roots: 0.09ms
[2026-09-19T00:08:53.877+0000][24.171s][info][gc,phases   ] GC(25)   Evacuate Collection Set: 53.92ms
[2026-09-19T00:08:53.877+0000][24.171s][info][gc,phases   ] GC(25)   Post Evacuate Collection Set: 0.65ms
[2026-09-19T00:08:53.877+0000][24.171s][info][gc,phases   ] GC(25)   Other: 0.07ms
[2026-09-19T00:08:53.877+0000][24.172s][info][gc,heap     ] GC(25) Eden regions: 29->0(126)
[2026-09-19T00:08:53.877+0000][24.172s][info][gc,heap     ] GC(25) Survivor regions: 31->5(8)
[2026-09-19T00:08:53.877+0000][24.172s][info][gc,heap     ] GC(25) Old regions: 95->127
[2026-09-19T00:08:53.877+0000][24.172s][info][gc,heap     ] GC(25) Humongous regions: 0->0
[2026-09-19T00:08:53.877+0000][24.172s][info][gc,metaspace] GC(25) Metaspace: 153143K(154560K)->153143K(154560K) NonClass: 128273K(129088K)->128273K(129088K) Class: 24869K(25472K)->24869K(25472K)
[2026-09-19T00:08:53.877+0000][24.172s][info][gc          ] GC(25) Pause Young (Concurrent Start) (G1 Evacuation Pause) 1240M->1056M(4096M) 55.002ms
[2026-09-19T00:08:53.877+0000][24.172s][info][gc,cpu      ] GC(25) User=0.21s Sys=0.01s Real=0.05s
[2026-09-19T00:08:53.877+0000][24.172s][info][gc          ] GC(26) Concurrent Mark Cycle
[2026-09-19T00:08:53.877+0000][24.172s][info][gc,marking  ] GC(26) Concurrent Scan Root Regions
[2026-09-19T00:08:53.975+0000][24.269s][info][gc,marking  ] GC(26) Concurrent Scan Root Regions 97.840ms
[2026-09-19T00:08:53.975+0000][24.269s][info][gc,marking  ] GC(26) Concurrent Mark
[2026-09-19T00:08:53.975+0000][24.269s][info][gc,marking  ] GC(26) Concurrent Mark From Roots
[2026-09-19T00:08:53.975+0000][24.269s][info][gc,task     ] GC(26) Using 1 workers of 1 for marking
[2026-09-19T00:08:54.703+0000][24.998s][info][gc,marking  ] GC(26) Concurrent Mark From Roots 728.294ms
[2026-09-19T00:08:54.703+0000][24.998s][info][gc,marking  ] GC(26) Concurrent Preclean
[2026-09-19T00:08:54.704+0000][24.999s][info][gc,marking  ] GC(26) Concurrent Preclean 0.942ms
[2026-09-19T00:08:54.704+0000][24.999s][info][gc,start    ] GC(26) Pause Remark
[2026-09-19T00:08:54.728+0000][25.023s][info][gc          ] GC(26) Pause Remark 1528M->1528M(4096M) 23.790ms
[2026-09-19T00:08:54.728+0000][25.023s][info][gc,cpu      ] GC(26) User=0.07s Sys=0.00s Real=0.02s
[2026-09-19T00:08:54.728+0000][25.023s][info][gc,marking  ] GC(26) Concurrent Mark 753.370ms
[2026-09-19T00:08:54.728+0000][25.023s][info][gc,marking  ] GC(26) Concurrent Rebuild Remembered Sets and Scrub Regions
[2026-09-19T00:08:55.093+0000][25.388s][info][gc,marking  ] GC(26) Concurrent Rebuild Remembered Sets and Scrub Regions 364.975ms
[2026-09-19T00:08:55.093+0000][25.388s][info][gc,start    ] GC(26) Pause Cleanup
[2026-09-19T00:08:55.093+0000][25.388s][info][gc          ] GC(26) Pause Cleanup 1720M->1720M(4096M) 0.138ms
[2026-09-19T00:08:55.093+0000][25.388s][info][gc,cpu      ] GC(26) User=0.00s Sys=0.00s Real=0.00s
[2026-09-19T00:08:55.093+0000][25.388s][info][gc,marking  ] GC(26) Concurrent Clear Claimed Marks
[2026-09-19T00:08:55.093+0000][25.388s][info][gc,marking  ] GC(26) Concurrent Clear Claimed Marks 0.208ms
[2026-09-19T00:08:55.093+0000][25.388s][info][gc,marking  ] GC(26) Concurrent Cleanup for Next Mark
[2026-09-19T00:08:55.097+0000][25.391s][info][gc,marking  ] GC(26) Concurrent Cleanup for Next Mark 3.106ms
[2026-09-19T00:08:55.097+0000][25.392s][info][gc          ] GC(26) Concurrent Mark Cycle 1219.943ms
[2026-09-19T00:08:55.694+0000][25.989s][info][gc,start    ] GC(27) Pause Young (Prepare Mixed) (G1 Evacuation Pause)
[2026-09-19T00:08:55.694+0000][25.989s][info][gc,task     ] GC(27) Using 4 workers of 4 for evacuation
[2026-09-19T00:08:55.750+0000][26.045s][info][gc,phases   ] GC(27)   Pre Evacuate Collection Set: 0.13ms
[2026-09-19T00:08:55.750+0000][26.045s][info][gc,phases   ] GC(27)   Merge Heap Roots: 0.14ms
[2026-09-19T00:08:55.750+0000][26.045s][info][gc,phases   ] GC(27)   Evacuate Collection Set: 54.60ms
[2026-09-19T00:08:55.750+0000][26.045s][info][gc,phases   ] GC(27)   Post Evacuate Collection Set: 0.70ms
[2026-09-19T00:08:55.750+0000][26.045s][info][gc,phases   ] GC(27)   Other: 0.07ms
[2026-09-19T00:08:55.750+0000][26.045s][info][gc,heap     ] GC(27) Eden regions: 127->0(221)
[2026-09-19T00:08:55.750+0000][26.045s][info][gc,heap     ] GC(27) Survivor regions: 5->17(17)
[2026-09-19T00:08:55.750+0000][26.045s][info][gc,heap     ] GC(27) Old regions: 127->138
[2026-09-19T00:08:55.750+0000][26.045s][info][gc,heap     ] GC(27) Humongous regions: 0->0
[2026-09-19T00:08:55.750+0000][26.045s][info][gc,metaspace] GC(27) Metaspace: 153448K(154944K)->153448K(154944K) NonClass: 128519K(129408K)->128519K(129408K) Class: 24928K(25536K)->24928K(25536K)
[2026-09-19T00:08:55.750+0000][26.045s][info][gc          ] GC(27) Pause Young (Prepare Mixed) (G1 Evacuation Pause) 2072M->1236M(4096M) 55.794ms
[2026-09-19T00:08:55.750+0000][26.045s][info][gc,cpu      ] GC(27) User=0.21s Sys=0.01s Real=0.06s
[2026-09-19T00:08:58.707+0000][29.002s][info][gc,start    ] GC(28) Pause Young (Mixed) (G1 Evacuation Pause)
[2026-09-19T00:08:58.707+0000][29.002s][info][gc,task     ] GC(28) Using 4 workers of 4 for evacuation
[2026-09-19T00:08:58.831+0000][29.126s][info][gc,phases   ] GC(28)   Pre Evacuate Collection Set: 0.24ms
[2026-09-19T00:08:58.831+0000][29.126s][info][gc,phases   ] GC(28)   Merge Heap Roots: 0.10ms
[2026-09-19T00:08:58.831+0000][29.126s][info][gc,phases   ] GC(28)   Evacuate Collection Set: 122.92ms
[2026-09-19T00:08:58.831+0000][29.126s][info][gc,phases   ] GC(28)   Post Evacuate Collection Set: 0.75ms
[2026-09-19T00:08:58.831+0000][29.126s][info][gc,phases   ] GC(28)   Other: 0.24ms
[2026-09-19T00:08:58.831+0000][29.126s][info][gc,heap     ] GC(28) Eden regions: 231->0(168)
[2026-09-19T00:08:58.831+0000][29.126s][info][gc,heap     ] GC(28) Survivor regions: 17->31(31)
[2026-09-19T00:08:58.831+0000][29.126s][info][gc,heap     ] GC(28) Old regions: 138->160
[2026-09-19T00:08:58.831+0000][29.126s][info][gc,heap     ] GC(28) Humongous regions: 0->0
[2026-09-19T00:08:58.831+0000][29.126s][info][gc,metaspace] GC(28) Metaspace: 154181K(155712K)->154181K(155712K) NonClass: 129155K(130048K)->129155K(130048K) Class: 25026K(25664K)->25026K(25664K)
[2026-09-19T00:08:58.831+0000][29.126s][info][gc          ] GC(28) Pause Young (Mixed) (G1 Evacuation Pause) 3084M->1524M(4096M) 124.465ms
[2026-09-19T00:08:58.831+0000][29.126s][info][gc,cpu      ] GC(28) User=0.48s Sys=0.02s Real=0.13s
[2026-09-19T00:09:00.861+0000][31.156s][info][gc,start    ] GC(29) Pause Young (Mixed) (G1 Evacuation Pause)
[2026-09-19T00:09:00.861+0000][31.156s][info][gc,task     ] GC(29) Using 4 workers of 4 for evacuation
[2026-09-19T00:09:00.966+0000][31.261s][info][gc,phases   ] GC(29)   Pre Evacuate Collection Set: 0.14ms
[2026-09-19T00:09:00.966+0000][31.261s][info][gc,phases   ] GC(29)   Merge Heap Roots: 0.10ms
[2026-09-19T00:09:00.966+0000][31.261s][info][gc,phases   ] GC(29)   Evacuate Collection Set: 104.00ms
[2026-09-19T00:09:00.966+0000][31.261s][info][gc,phases   ] GC(29)   Post Evacuate Collection Set: 0.75ms
[2026-09-19T00:09:00.966+0000][31.261s][info][gc,phases   ] GC(29)   Other: 0.06ms
[2026-09-19T00:09:00.966+0000][31.261s][info][gc,heap     ] GC(29) Eden regions: 182->0(210)
[2026-09-19T00:09:00.966+0000][31.261s][info][gc,heap     ] GC(29) Survivor regions: 31->27(27)
[2026-09-19T00:09:00.966+0000][31.261s][info][gc,heap     ] GC(29) Old regions: 160->191
[2026-09-19T00:09:00.966+0000][31.261s][info][gc,heap     ] GC(29) Humongous regions: 0->0
[2026-09-19T00:09:00.966+0000][31.261s][info][gc,metaspace] GC(29) Metaspace: 154415K(155904K)->154415K(155904K) NonClass: 129379K(130240K)->129379K(130240K) Class: 25036K(25664K)->25036K(25664K)
[2026-09-19T00:09:00.966+0000][31.261s][info][gc          ] GC(29) Pause Young (Mixed) (G1 Evacuation Pause) 2980M->1736M(4096M) 105.208ms
[2026-09-19T00:09:00.966+0000][31.261s][info][gc,cpu      ] GC(29) User=0.41s Sys=0.01s Real=0.10s
[2026-09-19T00:09:03.545+0000][33.840s][info][gc,start    ] GC(30) Pause Young (Mixed) (G1 Evacuation Pause)
[2026-09-19T00:09:03.545+0000][33.840s][info][gc,task     ] GC(30) Using 4 workers of 4 for evacuation
[2026-09-19T00:09:03.662+0000][33.957s][info][gc,phases   ] GC(30)   Pre Evacuate Collection Set: 0.15ms
[2026-09-19T00:09:03.662+0000][33.957s][info][gc,phases   ] GC(30)   Merge Heap Roots: 0.14ms
[2026-09-19T00:09:03.662+0000][33.957s][info][gc,phases   ] GC(30)   Evacuate Collection Set: 115.84ms
[2026-09-19T00:09:03.662+0000][33.957s][info][gc,phases   ] GC(30)   Post Evacuate Collection Set: 0.72ms
[2026-09-19T00:09:03.662+0000][33.957s][info][gc,phases   ] GC(30)   Other: 0.06ms
[2026-09-19T00:09:03.662+0000][33.957s][info][gc,heap     ] GC(30) Eden regions: 210->0(13)
[2026-09-19T00:09:03.662+0000][33.957s][info][gc,heap     ] GC(30) Survivor regions: 27->30(30)
[2026-09-19T00:09:03.662+0000][33.957s][info][gc,heap     ] GC(30) Old regions: 191->219
[2026-09-19T00:09:03.662+0000][33.957s][info][gc,heap     ] GC(30) Humongous regions: 0->0
[2026-09-19T00:09:03.662+0000][33.957s][info][gc,metaspace] GC(30) Metaspace: 154606K(156032K)->154606K(156032K) NonClass: 129552K(130368K)->129552K(130368K) Class: 25054K(25664K)->25054K(25664K)
[2026-09-19T00:09:03.662+0000][33.957s][info][gc          ] GC(30) Pause Young (Mixed) (G1 Evacuation Pause) 3416M->1988M(4096M) 117.090ms
[2026-09-19T00:09:03.662+0000][33.957s][info][gc,cpu      ] GC(30) User=0.45s Sys=0.01s Real=0.12s
[2026-09-19T00:09:03.849+0000][34.144s][info][gc,start    ] GC(31) Pause Young (Concurrent Start) (G1 Evacuation Pause)
[2026-09-19T00:09:03.849+0000][34.144s][info][gc,task     ] GC(31) Using 4 workers of 4 for evacuation
[2026-09-19T00:09:03.904+0000][34.199s][info][gc,phases   ] GC(31)   Pre Evacuate Collection Set: 0.14ms
[2026-09-19T00:09:03.904+0000][34.199s][info][gc,phases   ] GC(31)   Merge Heap Roots: 0.09ms
[2026-09-19T00:09:03.904+0000][34.199s][info][gc,phases   ] GC(31)   Evacuate Collection Set: 53.63ms
[2026-09-19T00:09:03.904+0000][34.199s][info][gc,phases   ] GC(31)   Post Evacuate Collection Set: 0.50ms
[2026-09-19T00:09:03.904+0000][34.199s][info][gc,phases   ] GC(31)   Other: 0.09ms
[2026-09-19T00:09:03.904+0000][34.199s][info][gc,heap     ] GC(31) Eden regions: 17->0(144)
[2026-09-19T00:09:03.904+0000][34.199s][info][gc,heap     ] GC(31) Survivor regions: 30->5(6)
[2026-09-19T00:09:03.904+0000][34.199s][info][gc,heap     ] GC(31) Old regions: 219->250
[2026-09-19T00:09:03.904+0000][34.199s][info][gc,heap     ] GC(31) Humongous regions: 0->0
[2026-09-19T00:09:03.904+0000][34.199s][info][gc,metaspace] GC(31) Metaspace: 154607K(156096K)->154607K(156096K) NonClass: 129552K(130432K)->129552K(130432K) Class: 25054K(25664K)->25054K(25664K)
[2026-09-19T00:09:03.904+0000][34.199s][info][gc          ] GC(31) Pause Young (Concurrent Start) (G1 Evacuation Pause) 2124M->2032M(4096M) 54.620ms
[2026-09-19T00:09:03.904+0000][34.199s][info][gc,cpu      ] GC(31) User=0.21s Sys=0.01s Real=0.05s
[2026-09-19T00:09:03.904+0000][34.199s][info][gc          ] GC(32) Concurrent Mark Cycle
[2026-09-19T00:09:03.904+0000][34.199s][info][gc,marking  ] GC(32) Concurrent Scan Root Regions
[2026-09-19T00:09:04.019+0000][34.314s][info][gc,marking  ] GC(32) Concurrent Scan Root Regions 115.384ms
[2026-09-19T00:09:04.019+0000][34.314s][info][gc,marking  ] GC(32) Concurrent Mark
[2026-09-19T00:09:04.019+0000][34.314s][info][gc,marking  ] GC(32) Concurrent Mark From Roots
[2026-09-19T00:09:04.019+0000][34.314s][info][gc,task     ] GC(32) Using 1 workers of 1 for marking
[2026-09-19T00:09:04.980+0000][35.275s][info][gc,marking  ] GC(32) Concurrent Mark From Roots 961.145ms
[2026-09-19T00:09:04.980+0000][35.275s][info][gc,marking  ] GC(32) Concurrent Preclean
[2026-09-19T00:09:04.981+0000][35.276s][info][gc,marking  ] GC(32) Concurrent Preclean 1.005ms
[2026-09-19T00:09:04.982+0000][35.277s][info][gc,start    ] GC(32) Pause Remark
[2026-09-19T00:09:05.004+0000][35.299s][info][gc          ] GC(32) Pause Remark 2467M->2019M(4096M) 21.765ms
[2026-09-19T00:09:05.004+0000][35.299s][info][gc,cpu      ] GC(32) User=0.07s Sys=0.00s Real=0.02s
[2026-09-19T00:09:05.005+0000][35.300s][info][gc,marking  ] GC(32) Concurrent Mark 985.628ms
[2026-09-19T00:09:05.005+0000][35.300s][info][gc,marking  ] GC(32) Concurrent Rebuild Remembered Sets and Scrub Regions
[2026-09-19T00:09:05.499+0000][35.794s][info][gc,marking  ] GC(32) Concurrent Rebuild Remembered Sets and Scrub Regions 494.052ms
[2026-09-19T00:09:05.499+0000][35.794s][info][gc,start    ] GC(32) Pause Cleanup
[2026-09-19T00:09:05.499+0000][35.794s][info][gc          ] GC(32) Pause Cleanup 2296M->2296M(4096M) 0.168ms
[2026-09-19T00:09:05.499+0000][35.794s][info][gc,cpu      ] GC(32) User=0.00s Sys=0.00s Real=0.00s
[2026-09-19T00:09:05.499+0000][35.794s][info][gc,marking  ] GC(32) Concurrent Clear Claimed Marks
[2026-09-19T00:09:05.500+0000][35.795s][info][gc,marking  ] GC(32) Concurrent Clear Claimed Marks 0.215ms
[2026-09-19T00:09:05.500+0000][35.795s][info][gc,marking  ] GC(32) Concurrent Cleanup for Next Mark
[2026-09-19T00:09:05.502+0000][35.797s][info][gc,marking  ] GC(32) Concurrent Cleanup for Next Mark 2.425ms
[2026-09-19T00:09:05.502+0000][35.797s][info][gc          ] GC(32) Concurrent Mark Cycle 1598.245ms
[2026-09-19T00:09:06.046+0000][36.341s][info][gc,start    ] GC(33) Pause Young (Prepare Mixed) (G1 Evacuation Pause)
[2026-09-19T00:09:06.046+0000][36.341s][info][gc,task     ] GC(33) Using 4 workers of 4 for evacuation
[2026-09-19T00:09:06.106+0000][36.401s][info][gc,phases   ] GC(33)   Pre Evacuate Collection Set: 0.12ms
[2026-09-19T00:09:06.106+0000][36.401s][info][gc,phases   ] GC(33)   Merge Heap Roots: 0.15ms
[2026-09-19T00:09:06.106+0000][36.401s][info][gc,phases   ] GC(33)   Evacuate Collection Set: 58.52ms
[2026-09-19T00:09:06.106+0000][36.401s][info][gc,phases   ] GC(33)   Post Evacuate Collection Set: 0.71ms
[2026-09-19T00:09:06.106+0000][36.401s][info][gc,phases   ] GC(33)   Other: 0.05ms
[2026-09-19T00:09:06.106+0000][36.401s][info][gc,heap     ] GC(33) Eden regions: 143->0(196)
[2026-09-19T00:09:06.106+0000][36.401s][info][gc,heap     ] GC(33) Survivor regions: 5->19(19)
[2026-09-19T00:09:06.106+0000][36.401s][info][gc,heap     ] GC(33) Old regions: 194->202
[2026-09-19T00:09:06.106+0000][36.401s][info][gc,heap     ] GC(33) Humongous regions: 0->0
[2026-09-19T00:09:06.106+0000][36.401s][info][gc,metaspace] GC(33) Metaspace: 154679K(156160K)->154679K(156160K) NonClass: 129627K(130496K)->129627K(130496K) Class: 25052K(25664K)->25052K(25664K)
[2026-09-19T00:09:06.106+0000][36.401s][info][gc          ] GC(33) Pause Young (Prepare Mixed) (G1 Evacuation Pause) 2728M->1768M(4096M) 59.699ms
[2026-09-19T00:09:06.106+0000][36.401s][info][gc,cpu      ] GC(33) User=0.23s Sys=0.00s Real=0.06s
[2026-09-19T00:09:08.307+0000][38.602s][info][gc,start    ] GC(34) Pause Young (Mixed) (G1 Evacuation Pause)
[2026-09-19T00:09:08.307+0000][38.602s][info][gc,task     ] GC(34) Using 4 workers of 4 for evacuation
[2026-09-19T00:09:08.413+0000][38.708s][info][gc,phases   ] GC(34)   Pre Evacuate Collection Set: 0.16ms
[2026-09-19T00:09:08.413+0000][38.708s][info][gc,phases   ] GC(34)   Merge Heap Roots: 0.21ms
[2026-09-19T00:09:08.413+0000][38.708s][info][gc,phases   ] GC(34)   Evacuate Collection Set: 104.66ms
[2026-09-19T00:09:08.413+0000][38.708s][info][gc,phases   ] GC(34)   Post Evacuate Collection Set: 0.98ms
[2026-09-19T00:09:08.413+0000][38.708s][info][gc,phases   ] GC(34)   Other: 0.05ms
[2026-09-19T00:09:08.413+0000][38.708s][info][gc,heap     ] GC(34) Eden regions: 196->0(75)
[2026-09-19T00:09:08.413+0000][38.708s][info][gc,heap     ] GC(34) Survivor regions: 19->27(27)
[2026-09-19T00:09:08.413+0000][38.708s][info][gc,heap     ] GC(34) Old regions: 202->210
[2026-09-19T00:09:08.413+0000][38.708s][info][gc,heap     ] GC(34) Humongous regions: 0->0
[2026-09-19T00:09:08.413+0000][38.708s][info][gc,metaspace] GC(34) Metaspace: 154684K(156160K)->154684K(156160K) NonClass: 129632K(130496K)->129632K(130496K) Class: 25052K(25664K)->25052K(25664K)
[2026-09-19T00:09:08.413+0000][38.708s][info][gc          ] GC(34) Pause Young (Mixed) (G1 Evacuation Pause) 3336M->1892M(4096M) 106.216ms
[2026-09-19T00:09:08.413+0000][38.708s][info][gc,cpu      ] GC(34) User=0.42s Sys=0.00s Real=0.11s
[2026-09-19T00:09:09.113+0000][39.408s][info][gc,start    ] GC(35) Pause Young (Concurrent Start) (G1 Humongous Allocation)
[2026-09-19T00:09:09.113+0000][39.408s][info][gc,task     ] GC(35) Using 4 workers of 4 for evacuation
[2026-09-19T00:09:09.205+0000][39.500s][info][gc,phases   ] GC(35)   Pre Evacuate Collection Set: 0.15ms
[2026-09-19T00:09:09.205+0000][39.500s][info][gc,phases   ] GC(35)   Merge Heap Roots: 0.15ms
[2026-09-19T00:09:09.205+0000][39.500s][info][gc,phases   ] GC(35)   Evacuate Collection Set: 90.73ms
[2026-09-19T00:09:09.205+0000][39.500s][info][gc,phases   ] GC(35)   Post Evacuate Collection Set: 0.72ms
[2026-09-19T00:09:09.205+0000][39.500s][info][gc,phases   ] GC(35)   Other: 0.08ms
[2026-09-19T00:09:09.205+0000][39.500s][info][gc,heap     ] GC(35) Eden regions: 70->0(148)
[2026-09-19T00:09:09.205+0000][39.500s][info][gc,heap     ] GC(35) Survivor regions: 27->13(13)
[2026-09-19T00:09:09.205+0000][39.500s][info][gc,heap     ] GC(35) Old regions: 210->241
[2026-09-19T00:09:09.205+0000][39.500s][info][gc,heap     ] GC(35) Humongous regions: 0->0
[2026-09-19T00:09:09.205+0000][39.500s][info][gc,metaspace] GC(35) Metaspace: 154720K(156224K)->154720K(156224K) NonClass: 129656K(130560K)->129656K(130560K) Class: 25063K(25664K)->25063K(25664K)
[2026-09-19T00:09:09.205+0000][39.500s][info][gc          ] GC(35) Pause Young (Concurrent Start) (G1 Humongous Allocation) 2447M->2032M(4096M) 91.985ms
[2026-09-19T00:09:09.205+0000][39.500s][info][gc,cpu      ] GC(35) User=0.36s Sys=0.00s Real=0.09s
[2026-09-19T00:09:09.205+0000][39.500s][info][gc          ] GC(36) Concurrent Mark Cycle
[2026-09-19T00:09:09.205+0000][39.500s][info][gc,marking  ] GC(36) Concurrent Scan Root Regions
[2026-09-19T00:09:09.374+0000][39.669s][info][gc,marking  ] GC(36) Concurrent Scan Root Regions 168.219ms
[2026-09-19T00:09:09.374+0000][39.669s][info][gc,marking  ] GC(36) Concurrent Mark
[2026-09-19T00:09:09.374+0000][39.669s][info][gc,marking  ] GC(36) Concurrent Mark From Roots
[2026-09-19T00:09:09.374+0000][39.669s][info][gc,task     ] GC(36) Using 1 workers of 1 for marking
[2026-09-19T00:09:10.521+0000][40.816s][info][gc,marking  ] GC(36) Concurrent Mark From Roots 1147.656ms
[2026-09-19T00:09:10.521+0000][40.816s][info][gc,marking  ] GC(36) Concurrent Preclean
[2026-09-19T00:09:10.522+0000][40.817s][info][gc,marking  ] GC(36) Concurrent Preclean 1.034ms
[2026-09-19T00:09:10.523+0000][40.818s][info][gc,start    ] GC(36) Pause Remark
[2026-09-19T00:09:10.541+0000][40.836s][info][gc          ] GC(36) Pause Remark 2268M->2108M(4096M) 18.160ms
[2026-09-19T00:09:10.541+0000][40.836s][info][gc,cpu      ] GC(36) User=0.04s Sys=0.00s Real=0.02s
[2026-09-19T00:09:10.541+0000][40.836s][info][gc,marking  ] GC(36) Concurrent Mark 1167.253ms
[2026-09-19T00:09:10.541+0000][40.836s][info][gc,marking  ] GC(36) Concurrent Rebuild Remembered Sets and Scrub Regions
[2026-09-19T00:09:11.248+0000][41.543s][info][gc,marking  ] GC(36) Concurrent Rebuild Remembered Sets and Scrub Regions 707.202ms
[2026-09-19T00:09:11.249+0000][41.544s][info][gc,start    ] GC(36) Pause Cleanup
[2026-09-19T00:09:11.249+0000][41.544s][info][gc          ] GC(36) Pause Cleanup 2140M->2140M(4096M) 0.204ms
[2026-09-19T00:09:11.249+0000][41.544s][info][gc,cpu      ] GC(36) User=0.00s Sys=0.00s Real=0.00s
[2026-09-19T00:09:11.249+0000][41.544s][info][gc,marking  ] GC(36) Concurrent Clear Claimed Marks
[2026-09-19T00:09:11.250+0000][41.545s][info][gc,marking  ] GC(36) Concurrent Clear Claimed Marks 0.220ms
[2026-09-19T00:09:11.250+0000][41.545s][info][gc,marking  ] GC(36) Concurrent Cleanup for Next Mark
[2026-09-19T00:09:11.253+0000][41.548s][info][gc,marking  ] GC(36) Concurrent Cleanup for Next Mark 3.386ms
[2026-09-19T00:09:11.253+0000][41.548s][info][gc          ] GC(36) Concurrent Mark Cycle 2047.756ms
[2026-09-19T00:09:15.655+0000][45.950s][info][gc,start    ] GC(37) Pause Young (Prepare Mixed) (G1 Evacuation Pause)
[2026-09-19T00:09:15.655+0000][45.950s][info][gc,task     ] GC(37) Using 4 workers of 4 for evacuation
[2026-09-19T00:09:15.765+0000][46.060s][info][gc,phases   ] GC(37)   Pre Evacuate Collection Set: 0.13ms
[2026-09-19T00:09:15.765+0000][46.060s][info][gc,phases   ] GC(37)   Merge Heap Roots: 0.76ms
[2026-09-19T00:09:15.765+0000][46.060s][info][gc,phases   ] GC(37)   Evacuate Collection Set: 106.44ms
[2026-09-19T00:09:15.765+0000][46.060s][info][gc,phases   ] GC(37)   Post Evacuate Collection Set: 2.21ms
[2026-09-19T00:09:15.765+0000][46.060s][info][gc,phases   ] GC(37)   Other: 0.06ms
[2026-09-19T00:09:15.765+0000][46.060s][info][gc,heap     ] GC(37) Eden regions: 90->0(171)
[2026-09-19T00:09:15.765+0000][46.060s][info][gc,heap     ] GC(37) Survivor regions: 13->13(13)
[2026-09-19T00:09:15.765+0000][46.060s][info][gc,heap     ] GC(37) Old regions: 221->237
[2026-09-19T00:09:15.765+0000][46.060s][info][gc,heap     ] GC(37) Humongous regions: 17->8
[2026-09-19T00:09:15.765+0000][46.060s][info][gc,metaspace] GC(37) Metaspace: 163439K(165056K)->163439K(165056K) NonClass: 137230K(138176K)->137230K(138176K) Class: 26209K(26880K)->26209K(26880K)
[2026-09-19T00:09:15.765+0000][46.060s][info][gc          ] GC(37) Pause Young (Prepare Mixed) (G1 Evacuation Pause) 2728M->2064M(4096M) 109.754ms
[2026-09-19T00:09:15.765+0000][46.060s][info][gc,cpu      ] GC(37) User=0.43s Sys=0.00s Real=0.11s
[2026-09-19T00:09:19.136+0000][49.431s][info][gc,start    ] GC(38) Pause Young (Concurrent Start) (CodeCache GC Threshold)
[2026-09-19T00:09:19.137+0000][49.431s][info][gc,task     ] GC(38) Using 4 workers of 4 for evacuation
[2026-09-19T00:09:19.203+0000][49.498s][info][gc,phases   ] GC(38)   Pre Evacuate Collection Set: 0.17ms
[2026-09-19T00:09:19.203+0000][49.498s][info][gc,phases   ] GC(38)   Merge Heap Roots: 0.66ms
[2026-09-19T00:09:19.203+0000][49.498s][info][gc,phases   ] GC(38)   Evacuate Collection Set: 64.23ms
[2026-09-19T00:09:19.203+0000][49.498s][info][gc,phases   ] GC(38)   Post Evacuate Collection Set: 1.01ms
[2026-09-19T00:09:19.203+0000][49.498s][info][gc,phases   ] GC(38)   Other: 0.12ms
[2026-09-19T00:09:19.203+0000][49.498s][info][gc,heap     ] GC(38) Eden regions: 75->0(174)
[2026-09-19T00:09:19.203+0000][49.498s][info][gc,heap     ] GC(38) Survivor regions: 13->5(23)
[2026-09-19T00:09:19.203+0000][49.498s][info][gc,heap     ] GC(38) Old regions: 237->250
[2026-09-19T00:09:19.203+0000][49.498s][info][gc,heap     ] GC(38) Humongous regions: 8->8
[2026-09-19T00:09:19.203+0000][49.498s][info][gc,metaspace] GC(38) Metaspace: 164454K(166080K)->164454K(166080K) NonClass: 138126K(139072K)->138126K(139072K) Class: 26328K(27008K)->26328K(27008K)
[2026-09-19T00:09:19.203+0000][49.498s][info][gc          ] GC(38) Pause Young (Concurrent Start) (CodeCache GC Threshold) 2663M->2100M(4096M) 66.373ms
[2026-09-19T00:09:19.203+0000][49.498s][info][gc          ] GC(39) Concurrent Mark Cycle
[2026-09-19T00:09:19.203+0000][49.498s][info][gc,marking  ] GC(39) Concurrent Scan Root Regions
[2026-09-19T00:09:19.203+0000][49.498s][info][gc,cpu      ] GC(38) User=0.25s Sys=0.00s Real=0.07s
[2026-09-19T00:09:19.281+0000][49.576s][info][gc,marking  ] GC(39) Concurrent Scan Root Regions 77.755ms
[2026-09-19T00:09:19.281+0000][49.576s][info][gc,marking  ] GC(39) Concurrent Mark
[2026-09-19T00:09:19.281+0000][49.576s][info][gc,marking  ] GC(39) Concurrent Mark From Roots
[2026-09-19T00:09:19.281+0000][49.576s][info][gc,task     ] GC(39) Using 1 workers of 1 for marking
[2026-09-19T00:09:20.142+0000][50.437s][info][gc,marking  ] GC(39) Concurrent Mark From Roots 861.080ms
[2026-09-19T00:09:20.142+0000][50.437s][info][gc,marking  ] GC(39) Concurrent Preclean
[2026-09-19T00:09:20.143+0000][50.438s][info][gc,marking  ] GC(39) Concurrent Preclean 0.921ms
[2026-09-19T00:09:20.143+0000][50.438s][info][gc,start    ] GC(39) Pause Remark
[2026-09-19T00:09:20.175+0000][50.470s][info][gc          ] GC(39) Pause Remark 2102M->2022M(4096M) 32.294ms
[2026-09-19T00:09:20.175+0000][50.470s][info][gc,cpu      ] GC(39) User=0.09s Sys=0.00s Real=0.03s
[2026-09-19T00:09:20.175+0000][50.470s][info][gc,marking  ] GC(39) Concurrent Mark 894.506ms
[2026-09-19T00:09:20.175+0000][50.470s][info][gc,marking  ] GC(39) Concurrent Rebuild Remembered Sets and Scrub Regions
[2026-09-19T00:09:20.667+0000][50.962s][info][gc,marking  ] GC(39) Concurrent Rebuild Remembered Sets and Scrub Regions 491.602ms
[2026-09-19T00:09:20.667+0000][50.962s][info][gc,start    ] GC(39) Pause Cleanup
[2026-09-19T00:09:20.667+0000][50.962s][info][gc          ] GC(39) Pause Cleanup 2022M->2022M(4096M) 0.235ms
[2026-09-19T00:09:20.667+0000][50.962s][info][gc,cpu      ] GC(39) User=0.00s Sys=0.00s Real=0.00s
[2026-09-19T00:09:20.667+0000][50.962s][info][gc,marking  ] GC(39) Concurrent Clear Claimed Marks
[2026-09-19T00:09:20.667+0000][50.962s][info][gc,marking  ] GC(39) Concurrent Clear Claimed Marks 0.238ms
[2026-09-19T00:09:20.667+0000][50.962s][info][gc,marking  ] GC(39) Concurrent Cleanup for Next Mark
[2026-09-19T00:09:20.670+0000][50.965s][info][gc,marking  ] GC(39) Concurrent Cleanup for Next Mark 2.319ms
[2026-09-19T00:09:20.670+0000][50.965s][info][gc          ] GC(39) Concurrent Mark Cycle 1466.900ms
