[0.003s][info][gc] Using G1
[0.338s][info][gc] GC(0) Pause Young (Concurrent Start) (G1 Humongous Allocation) 241M->3M(513M) 3.441ms
[0.338s][info][gc] GC(1) Concurrent Undo Cycle
[0.338s][info][gc] GC(1) Concurrent Undo Cycle 0.108ms
[0.458s][info][gc] GC(2) Pause Young (Normal) (G1 Evacuation Pause) 215M->2M(513M) 3.149ms
[1.834s][info][gc] GC(3) Pause Young (Concurrent Start) (Metadata GC Threshold) 313M->15M(513M) 15.504ms
[1.834s][info][gc] GC(4) Concurrent Mark Cycle
[1.850s][info][gc] GC(4) Pause Remark 16M->16M(512M) 4.363ms
[1.851s][info][gc] GC(4) Pause Cleanup 16M->16M(512M) 0.120ms
[1.853s][info][gc] GC(4) Concurrent Mark Cycle 18.462ms
[2.248s][info][gc] GC(5) Pause Young (Prepare Mixed) (G1 Evacuation Pause) 65M->31M(512M) 24.899ms
[2.306s][info][gc] GC(6) Pause Young (Mixed) (G1 Evacuation Pause) 48M->40M(512M) 34.361ms
[2.351s][info][gc] GC(7) Pause Young (Normal) (G1 Evacuation Pause) 65M->52M(512M) 16.674ms
[2.423s][info][gc] GC(8) Pause Young (Normal) (G1 Evacuation Pause) 82M->67M(1090M) 15.424ms
[2.522s][info][gc] GC(9) Pause Young (Normal) (G1 Evacuation Pause) 122M->94M(1090M) 19.938ms
[2.702s][info][gc] GC(10) Pause Young (Normal) (G1 Evacuation Pause) 141M->119M(1090M) 61.904ms
[2.920s][info][gc] GC(11) Pause Young (Normal) (G1 Evacuation Pause) 165M->145M(1090M) 60.620ms
[3.360s][info][gc] GC(12) Pause Young (Concurrent Start) (Metadata GC Threshold) 176M->152M(1365M) 15.010ms
[3.360s][info][gc] GC(13) Concurrent Mark Cycle
[3.617s][info][gc] GC(13) Pause Remark 158M->154M(520M) 6.334ms
[3.768s][info][gc] GC(13) Pause Cleanup 164M->164M(520M) 0.234ms
[3.795s][info][gc] GC(13) Concurrent Mark Cycle 435.398ms
[4.143s][info][gc] GC(14) Pause Young (Prepare Mixed) (G1 Evacuation Pause) 217M->156M(520M) 15.622ms
[4.454s][info][gc] GC(15) Pause Young (Mixed) (G1 Evacuation Pause) 253M->165M(520M) 19.369ms
[5.364s][info][gc] GC(16) Pause Young (Normal) (G1 Evacuation Pause) 293M->185M(520M) 31.855ms
[6.418s][info][gc] GC(17) Pause Young (Normal) (G1 Evacuation Pause) 368M->236M(520M) 80.901ms
[6.617s][info][gc] GC(18) Pause Young (Concurrent Start) (Metadata GC Threshold) 323M->262M(520M) 60.343ms
[6.617s][info][gc] GC(19) Concurrent Mark Cycle
[6.995s][info][gc] GC(19) Pause Remark 263M->232M(520M) 30.477ms
[7.213s][info][gc] GC(19) Pause Cleanup 233M->233M(520M) 0.288ms
[7.216s][info][gc] GC(19) Concurrent Mark Cycle 598.508ms
[9.117s][info][gc] GC(20) Pause Young (Prepare Mixed) (G1 Evacuation Pause) 383M->256M(520M) 66.024ms
[10.195s][info][gc] GC(21) Pause Young (Mixed) (G1 Evacuation Pause) 420M->240M(520M) 61.723ms
[11.233s][info][gc] GC(22) Pause Young (Mixed) (G1 Evacuation Pause) 424M->243M(601M) 28.543ms
[12.438s][info][gc] GC(23) Pause Young (Normal) (G1 Evacuation Pause) 488M->258M(601M) 40.743ms
[13.032s][info][gc] GC(24) Pause Young (Concurrent Start) (G1 Humongous Allocation) 442M->300M(601M) 86.924ms
[13.032s][info][gc] GC(25) Concurrent Mark Cycle
[13.546s][info][gc] GC(25) Pause Remark 349M->349M(601M) 14.983ms
[13.818s][info][gc] GC(25) Pause Cleanup 363M->363M(601M) 0.346ms
[13.821s][info][gc] GC(25) Concurrent Mark Cycle 788.976ms
[14.536s][info][gc] GC(26) Pause Young (Prepare Mixed) (G1 Evacuation Pause) 519M->311M(601M) 77.481ms
[30.611s][info][gc] GC(27) Pause Young (Mixed) (G1 Evacuation Pause) 520M->315M(601M) 53.029ms
[32.846s][info][gc] GC(28) Pause Young (Concurrent Start) (G1 Evacuation Pause) 530M->330M(601M) 37.833ms
[32.846s][info][gc] GC(29) Concurrent Mark Cycle
[33.635s][info][gc] GC(29) Pause Remark 417M->379M(634M) 24.210ms
[33.937s][info][gc] GC(29) Pause Cleanup 390M->390M(634M) 0.279ms
[33.939s][info][gc] GC(29) Concurrent Mark Cycle 1092.771ms
[34.334s][info][gc] GC(30) Pause Young (Prepare Mixed) (G1 Evacuation Pause) 500M->309M(634M) 34.070ms
[36.026s][info][gc] GC(31) Pause Young (Mixed) (G1 Evacuation Pause) 561M->288M(634M) 22.413ms
[38.936s][info][gc] GC(32) Pause Young (Concurrent Start) (G1 Evacuation Pause) 567M->297M(634M) 17.262ms
[38.936s][info][gc] GC(33) Concurrent Mark Cycle
[39.937s][info][gc] GC(33) Pause Remark 387M->386M(645M) 36.799ms
[40.444s][info][gc] GC(33) Pause Cleanup 416M->416M(645M) 0.349ms
[40.450s][info][gc] GC(33) Concurrent Mark Cycle 1514.707ms
[41.370s][info][gc] GC(34) Pause Young (Prepare Mixed) (G1 Evacuation Pause) 572M->304M(645M) 25.719ms
[43.468s][info][gc] GC(35) Pause Young (Mixed) (G1 Evacuation Pause) 584M->311M(645M) 36.594ms
[45.260s][info][gc] GC(36) Pause Young (Concurrent Start) (G1 Evacuation Pause) 578M->320M(645M) 33.113ms
[45.260s][info][gc] GC(37) Concurrent Mark Cycle
[46.108s][info][gc] GC(37) Pause Remark 417M->417M(697M) 44.662ms
[46.606s][info][gc] GC(37) Pause Cleanup 444M->444M(697M) 0.330ms
[46.608s][info][gc] GC(37) Concurrent Mark Cycle 1348.194ms
[47.141s][info][gc] GC(38) Pause Young (Prepare Mixed) (G1 Evacuation Pause) 584M->326M(697M) 22.781ms
[55.039s][info][gc] GC(39) Pause Young (Mixed) (G1 Evacuation Pause) 644M->330M(697M) 26.899ms
[55.566s][info][gc] GC(40) Pause Young (Concurrent Start) (G1 Evacuation Pause) 636M->331M(697M) 19.036ms
[55.566s][info][gc] GC(41) Concurrent Mark Cycle
[56.218s][info][gc] GC(42) Pause Young (Normal) (G1 Evacuation Pause) 644M->329M(697M) 19.431ms
[56.340s][info][gc] GC(41) Concurrent Mark Cycle 774.425ms
