[crussty-runtime] v2.0.0 loaded (options: modules=/home/z/server/modules;versions=/home/z/server/versions;kernel=purpur-1.21.10.jar)
[crussty-plugin] cplugin_init: injecting Crussty CE native surface in background
[crussty-plugin] improved_noise: dormant (set CRUSSTY_NATIVE_IMPROVED_NOISE=1 to enable)
[crussty-plugin] perlin_noise: dormant (set CRUSSTY_NATIVE_PERLIN_NOISE=1 to enable)
[crussty-plugin] noise_fill: dormant (set CRUSSTY_NATIVE_NOISE_FILL=1 to enable)
[crussty-plugin] fluid_guard: dormant (set CRUSSTY_FLUID_PUSH_GUARD=1 to enable)
[crussty-plugin] blend_cache: dormant (prototype; set CRUSSTY_NATIVE_BLEND_CACHE=1 to run the read-only parity harness — no patch ships)
[crussty-runtime] module crussty -> init rc=0
[crussty-runtime] pipeline ready: 1 module hook(s)
[crussty-runtime] transform engine: 23 rule(s) registered
[crussty:hot-reload] SIGUSR1 reload trigger armed (1 module(s) reloadable)
Starting org.bukkit.craftbukkit.Main
[04:03:10 INFO]: [bootstrap] Running Java 21 (OpenJDK 64-Bit Server VM 21.0.2+13-jvmci-23.1-b30; GraalVM Community GraalVM CE 21.0.2+13.1) on Linux 5.10.134-013.8.3.kangaroo.al8.x86_64 (amd64)
[04:03:10 INFO]: [bootstrap] Loading Purpur 1.21.10-2535-HEAD@0a2dc04 (1970-01-01T00:00:00Z) for Minecraft 1.21.10
[04:03:11 INFO]: [PluginInitializerManager] Initializing plugins...
[crussty-runtime] hook class in visible table: JNIStr { internal: "dev/crussty/hooks/SchedulerHooks" }
[crussty-runtime] hook class in visible table: JNIStr { internal: "dev/crussty/hooks/StorageHooks" }
[crussty-runtime] hook class in visible table: JNIStr { internal: "dev/crussty/hooks/NetHooks" }
[crussty-runtime] hook class in visible table: JNIStr { internal: "dev/crussty/hooks/TickHook" }
[crussty-runtime] transform hook classes installed (4); transform engine armed
[04:03:11 INFO]: [PluginInitializerManager] Initialized 0 plugins
[crussty-plugin] native libs: "/home/z/server/modules/crussty/libpaper_native_jni.so" (+ "/home/z/server/modules/crussty/libpaper_native_chunk_encode_jni.so")
[crussty-plugin] attached: injecting bridge classes
[crussty-plugin] injection loop done
[crussty-plugin] batch: rollout gate CRUSSTY_BATCH=unset -> mode=off (site arming disabled (default; bridge exists, zero consumers))
[crussty-plugin] batch: 21 kernels resolved, run() + abiVersion() registered on crussty/batch/PaperNativeBatchDispatch
[crussty-plugin] native surface live: 98 bridge classes, 283 natives registered (0 symbols unresolved)
[crussty-plugin] live proof: normalNoise.nativeCheck() = 1
[crussty-plugin] live proof: ticketset binarySummary(1000) wrote 1 long(s)
[04:03:17 INFO]: Environment: Environment[sessionHost=https://sessionserver.mojang.com, servicesHost=https://api.minecraftservices.com, profilesHost=https://api.mojang.com, name=PROD]
