[0.003s][info][gc] Using G1
[0.334s][info][gc] GC(0) Pause Young (Concurrent Start) (G1 Humongous Allocation) 241M->3M(513M) 8.639ms
[0.334s][info][gc] GC(1) Concurrent Undo Cycle
[0.337s][info][gc] GC(1) Concurrent Undo Cycle 2.491ms
[0.445s][info][gc] GC(2) Pause Young (Normal) (G1 Evacuation Pause) 215M->2M(513M) 3.165ms
[1.774s][info][gc] GC(3) Pause Young (Concurrent Start) (Metadata GC Threshold) 313M->15M(513M) 10.574ms
[1.774s][info][gc] GC(4) Concurrent Mark Cycle
[1.783s][info][gc] GC(4) Pause Remark 16M->16M(512M) 4.070ms
[1.784s][info][gc] GC(4) Pause Cleanup 16M->16M(512M) 0.092ms
[1.796s][info][gc] GC(4) Concurrent Mark Cycle 21.656ms
[2.185s][info][gc] GC(5) Pause Young (Prepare Mixed) (G1 Evacuation Pause) 68M->32M(512M) 21.926ms
[2.248s][info][gc] GC(6) Pause Young (Mixed) (G1 Evacuation Pause) 49M->41M(512M) 40.244ms
[2.294s][info][gc] GC(7) Pause Young (Normal) (G1 Evacuation Pause) 68M->55M(512M) 12.109ms
[2.360s][info][gc] GC(8) Pause Young (Normal) (G1 Evacuation Pause) 90M->73M(1036M) 14.118ms
[2.468s][info][gc] GC(9) Pause Young (Normal) (G1 Evacuation Pause) 119M->96M(1036M) 19.664ms
[2.595s][info][gc] GC(10) Pause Young (Normal) (G1 Evacuation Pause) 140M->119M(1036M) 31.797ms
[2.787s][info][gc] GC(11) Pause Young (Normal) (G1 Evacuation Pause) 163M->142M(1036M) 35.221ms
[3.261s][info][gc] GC(12) Pause Young (Concurrent Start) (Metadata GC Threshold) 178M->154M(1257M) 14.554ms
[3.261s][info][gc] GC(13) Concurrent Mark Cycle
[3.545s][info][gc] GC(13) Pause Remark 164M->160M(537M) 5.627ms
[3.692s][info][gc] GC(13) Pause Cleanup 168M->168M(537M) 1.868ms
[3.693s][info][gc] GC(13) Concurrent Mark Cycle 432.583ms
[4.001s][info][gc] GC(14) Pause Young (Prepare Mixed) (G1 Evacuation Pause) 215M->158M(537M) 14.924ms
[4.335s][info][gc] GC(15) Pause Young (Mixed) (G1 Evacuation Pause) 251M->167M(537M) 42.083ms
[4.899s][info][gc] GC(16) Pause Young (Normal) (G1 Evacuation Pause) 279M->182M(537M) 24.790ms
[6.105s][info][gc] GC(17) Pause Young (Normal) (G1 Evacuation Pause) 363M->230M(537M) 52.304ms
[6.358s][info][gc] GC(18) Pause Young (Concurrent Start) (Metadata GC Threshold) 344M->265M(635M) 68.842ms
[6.358s][info][gc] GC(19) Concurrent Mark Cycle
[6.568s][info][gc] GC(19) Pause Remark 266M->239M(635M) 8.102ms
[6.713s][info][gc] GC(19) Pause Cleanup 239M->239M(635M) 0.205ms
[6.714s][info][gc] GC(19) Concurrent Mark Cycle 356.351ms
[8.972s][info][gc] GC(20) Pause Young (Prepare Mixed) (G1 Evacuation Pause) 401M->266M(635M) 74.251ms
[9.989s][info][gc] GC(21) Pause Young (Mixed) (G1 Evacuation Pause) 494M->243M(635M) 37.719ms
