[2026-09-22T15:17:31.740+0000][0.011s][info][gc,init] CardTable entry size: 512
[2026-09-22T15:17:31.740+0000][0.011s][info][gc     ] Using Parallel
[2026-09-22T15:17:31.750+0000][0.021s][info][gc,init] Version: 21.0.12.1+1-LTS (release)
[2026-09-22T15:17:31.750+0000][0.021s][info][gc,init] CPUs: 4 total, 4 available
[2026-09-22T15:17:31.750+0000][0.021s][info][gc,init] Memory: 15989M
[2026-09-22T15:17:31.750+0000][0.021s][info][gc,init] Large Page Support: Disabled
[2026-09-22T15:17:31.750+0000][0.021s][info][gc,init] NUMA Support: Disabled
[2026-09-22T15:17:31.750+0000][0.021s][info][gc,init] Compressed Oops: Enabled (Zero based)
[2026-09-22T15:17:31.750+0000][0.021s][info][gc,init] Alignments: Space 512K, Generation 512K, Heap 2M
[2026-09-22T15:17:31.750+0000][0.021s][info][gc,init] Heap Min Capacity: 4G
[2026-09-22T15:17:31.750+0000][0.021s][info][gc,init] Heap Initial Capacity: 4G
[2026-09-22T15:17:31.750+0000][0.021s][info][gc,init] Heap Max Capacity: 10G
[2026-09-22T15:17:31.750+0000][0.021s][info][gc,init] Pre-touch: Disabled
[2026-09-22T15:17:31.750+0000][0.021s][info][gc,init] Parallel Workers: 4
[2026-09-22T15:17:31.757+0000][0.028s][info][gc,metaspace] CDS archive(s) mapped at: [0x00007fcee5000000-0x00007fcee5c9c000-0x00007fcee5c9c000), size 13221888, SharedBaseAddress: 0x00007fcee5000000, ArchiveRelocationMode: 1.
[2026-09-22T15:17:31.757+0000][0.028s][info][gc,metaspace] Compressed class space mapped at: 0x00007fcee6000000-0x00007fcf26000000, reserved size: 1073741824
[2026-09-22T15:17:31.757+0000][0.028s][info][gc,metaspace] Narrow klass base: 0x00007fcee5000000, Narrow klass shift: 0, Narrow klass range: 0x100000000
[2026-09-22T15:17:34.119+0000][2.390s][info][gc,start    ] GC(0) Pause Young (Metadata GC Threshold)
[2026-09-22T15:17:34.125+0000][2.396s][info][gc,heap     ] GC(0) PSYoungGen: 919414K(1223168K)->12666K(1223168K) Eden: 919414K(1048576K)->0K(1048576K) From: 0K(174592K)->12666K(174592K)
[2026-09-22T15:17:34.125+0000][2.396s][info][gc,heap     ] GC(0) ParOldGen: 1073K(2796544K)->1145K(2796544K)
[2026-09-22T15:17:34.125+0000][2.396s][info][gc,metaspace] GC(0) Metaspace: 21078K(21504K)->21078K(21504K) NonClass: 18704K(18944K)->18704K(18944K) Class: 2374K(2560K)->2374K(2560K)
[2026-09-22T15:17:34.125+0000][2.396s][info][gc          ] GC(0) Pause Young (Metadata GC Threshold) 898M->13M(3925M) 6.363ms
[2026-09-22T15:17:34.125+0000][2.396s][info][gc,cpu      ] GC(0) User=0.02s Sys=0.00s Real=0.01s
[2026-09-22T15:17:34.125+0000][2.396s][info][gc,start    ] GC(1) Pause Full (Metadata GC Threshold)
[2026-09-22T15:17:34.125+0000][2.396s][info][gc,phases,start] GC(1) Marking Phase
[2026-09-22T15:17:34.133+0000][2.404s][info][gc,phases      ] GC(1) Marking Phase 7.589ms
[2026-09-22T15:17:34.133+0000][2.404s][info][gc,phases,start] GC(1) Summary Phase
[2026-09-22T15:17:34.133+0000][2.404s][info][gc,phases      ] GC(1) Summary Phase 0.008ms
[2026-09-22T15:17:34.133+0000][2.404s][info][gc,phases,start] GC(1) Adjust Roots
[2026-09-22T15:17:34.135+0000][2.407s][info][gc,phases      ] GC(1) Adjust Roots 2.760ms
[2026-09-22T15:17:34.135+0000][2.407s][info][gc,phases,start] GC(1) Compaction Phase
[2026-09-22T15:17:34.143+0000][2.414s][info][gc,phases      ] GC(1) Compaction Phase 7.018ms
[2026-09-22T15:17:34.143+0000][2.414s][info][gc,phases,start] GC(1) Post Compact
[2026-09-22T15:17:34.144+0000][2.415s][info][gc,phases      ] GC(1) Post Compact 1.217ms
[2026-09-22T15:17:34.144+0000][2.415s][info][gc,heap        ] GC(1) PSYoungGen: 12666K(1223168K)->0K(1223168K) Eden: 0K(1048576K)->0K(1048576K) From: 12666K(174592K)->0K(174592K)
[2026-09-22T15:17:34.144+0000][2.415s][info][gc,heap        ] GC(1) ParOldGen: 1145K(2796544K)->13574K(2796544K)
[2026-09-22T15:17:34.144+0000][2.415s][info][gc,metaspace   ] GC(1) Metaspace: 21078K(21504K)->21078K(21504K) NonClass: 18704K(18944K)->18704K(18944K) Class: 2374K(2560K)->2374K(2560K)
[2026-09-22T15:17:34.144+0000][2.415s][info][gc             ] GC(1) Pause Full (Metadata GC Threshold) 13M->13M(3925M) 18.739ms
[2026-09-22T15:17:34.144+0000][2.415s][info][gc,cpu         ] GC(1) User=0.04s Sys=0.00s Real=0.02s
[2026-09-22T15:17:35.389+0000][3.661s][info][gc,start       ] GC(2) Pause Young (Metadata GC Threshold)
[2026-09-22T15:17:35.411+0000][3.682s][info][gc,heap        ] GC(2) PSYoungGen: 437938K(1223168K)->51023K(1223168K) Eden: 437938K(1048576K)->0K(1048576K) From: 0K(174592K)->51023K(174592K)
[2026-09-22T15:17:35.411+0000][3.682s][info][gc,heap        ] GC(2) ParOldGen: 13574K(2796544K)->13582K(2796544K)
[2026-09-22T15:17:35.411+0000][3.682s][info][gc,metaspace   ] GC(2) Metaspace: 35357K(35840K)->35357K(35840K) NonClass: 31269K(31552K)->31269K(31552K) Class: 4087K(4288K)->4087K(4288K)
[2026-09-22T15:17:35.411+0000][3.682s][info][gc             ] GC(2) Pause Young (Metadata GC Threshold) 440M->63M(3925M) 21.911ms
[2026-09-22T15:17:35.411+0000][3.682s][info][gc,cpu         ] GC(2) User=0.07s Sys=0.01s Real=0.02s
[2026-09-22T15:17:35.411+0000][3.682s][info][gc,start       ] GC(3) Pause Full (Metadata GC Threshold)
[2026-09-22T15:17:35.411+0000][3.683s][info][gc,phases,start] GC(3) Marking Phase
[2026-09-22T15:17:35.434+0000][3.705s][info][gc,phases      ] GC(3) Marking Phase 22.667ms
[2026-09-22T15:17:35.434+0000][3.705s][info][gc,phases,start] GC(3) Summary Phase
[2026-09-22T15:17:35.434+0000][3.705s][info][gc,phases      ] GC(3) Summary Phase 0.019ms
[2026-09-22T15:17:35.434+0000][3.705s][info][gc,phases,start] GC(3) Adjust Roots
[2026-09-22T15:17:35.437+0000][3.708s][info][gc,phases      ] GC(3) Adjust Roots 3.136ms
[2026-09-22T15:17:35.437+0000][3.708s][info][gc,phases,start] GC(3) Compaction Phase
[2026-09-22T15:17:35.477+0000][3.748s][info][gc,phases      ] GC(3) Compaction Phase 39.326ms
[2026-09-22T15:17:35.477+0000][3.748s][info][gc,phases,start] GC(3) Post Compact
[2026-09-22T15:17:35.478+0000][3.749s][info][gc,phases      ] GC(3) Post Compact 0.905ms
[2026-09-22T15:17:35.478+0000][3.749s][info][gc,heap        ] GC(3) PSYoungGen: 51023K(1223168K)->0K(1223168K) Eden: 0K(1048576K)->0K(1048576K) From: 51023K(174592K)->0K(174592K)
[2026-09-22T15:17:35.478+0000][3.749s][info][gc,heap        ] GC(3) ParOldGen: 13582K(2796544K)->64278K(2796544K)
[2026-09-22T15:17:35.478+0000][3.749s][info][gc,metaspace   ] GC(3) Metaspace: 35357K(35840K)->35357K(35840K) NonClass: 31269K(31552K)->31269K(31552K) Class: 4087K(4288K)->4087K(4288K)
[2026-09-22T15:17:35.478+0000][3.749s][info][gc             ] GC(3) Pause Full (Metadata GC Threshold) 63M->62M(3925M) 66.190ms
[2026-09-22T15:17:35.478+0000][3.749s][info][gc,cpu         ] GC(3) User=0.22s Sys=0.01s Real=0.06s
[2026-09-22T15:17:37.215+0000][5.486s][info][gc,start       ] GC(4) Pause Young (Metadata GC Threshold)
[2026-09-22T15:17:37.239+0000][5.510s][info][gc,heap        ] GC(4) PSYoungGen: 362785K(1223168K)->42993K(1223168K) Eden: 362785K(1048576K)->0K(1048576K) From: 0K(174592K)->42993K(174592K)
[2026-09-22T15:17:37.239+0000][5.510s][info][gc,heap        ] GC(4) ParOldGen: 64278K(2796544K)->64286K(2796544K)
[2026-09-22T15:17:37.239+0000][5.510s][info][gc,metaspace   ] GC(4) Metaspace: 59172K(59776K)->59172K(59776K) NonClass: 50567K(50880K)->50567K(50880K) Class: 8605K(8896K)->8605K(8896K)
[2026-09-22T15:17:37.239+0000][5.510s][info][gc             ] GC(4) Pause Young (Metadata GC Threshold) 417M->104M(3925M) 23.617ms
[2026-09-22T15:17:37.239+0000][5.510s][info][gc,cpu         ] GC(4) User=0.06s Sys=0.03s Real=0.02s
[2026-09-22T15:17:37.239+0000][5.510s][info][gc,start       ] GC(5) Pause Full (Metadata GC Threshold)
[2026-09-22T15:17:37.239+0000][5.510s][info][gc,phases,start] GC(5) Marking Phase
[2026-09-22T15:17:37.279+0000][5.550s][info][gc,phases      ] GC(5) Marking Phase 40.038ms
[2026-09-22T15:17:37.279+0000][5.550s][info][gc,phases,start] GC(5) Summary Phase
[2026-09-22T15:17:37.279+0000][5.550s][info][gc,phases      ] GC(5) Summary Phase 0.007ms
[2026-09-22T15:17:37.279+0000][5.550s][info][gc,phases,start] GC(5) Adjust Roots
[2026-09-22T15:17:37.284+0000][5.555s][info][gc,phases      ] GC(5) Adjust Roots 5.429ms
[2026-09-22T15:17:37.284+0000][5.555s][info][gc,phases,start] GC(5) Compaction Phase
[2026-09-22T15:17:37.357+0000][5.628s][info][gc,phases      ] GC(5) Compaction Phase 72.746ms
[2026-09-22T15:17:37.357+0000][5.628s][info][gc,phases,start] GC(5) Post Compact
[2026-09-22T15:17:37.358+0000][5.629s][info][gc,phases      ] GC(5) Post Compact 1.088ms
[2026-09-22T15:17:37.358+0000][5.629s][info][gc,heap        ] GC(5) PSYoungGen: 42993K(1223168K)->0K(1223168K) Eden: 0K(1048576K)->0K(1048576K) From: 42993K(174592K)->0K(174592K)
[2026-09-22T15:17:37.358+0000][5.629s][info][gc,heap        ] GC(5) ParOldGen: 64286K(2796544K)->103028K(2796544K)
[2026-09-22T15:17:37.358+0000][5.629s][info][gc,metaspace   ] GC(5) Metaspace: 59172K(59776K)->59172K(59776K) NonClass: 50567K(50880K)->50567K(50880K) Class: 8605K(8896K)->8605K(8896K)
[2026-09-22T15:17:37.358+0000][5.629s][info][gc             ] GC(5) Pause Full (Metadata GC Threshold) 104M->100M(3925M) 119.473ms
[2026-09-22T15:17:37.358+0000][5.629s][info][gc,cpu         ] GC(5) User=0.43s Sys=0.00s Real=0.11s
[2026-09-22T15:17:40.692+0000][8.963s][info][gc,start       ] GC(6) Pause Young (Metadata GC Threshold)
[2026-09-22T15:17:40.787+0000][9.059s][info][gc,heap        ] GC(6) PSYoungGen: 750662K(1223168K)->174580K(1223168K) Eden: 750662K(1048576K)->0K(1048576K) From: 0K(174592K)->174580K(174592K)
[2026-09-22T15:17:40.788+0000][9.059s][info][gc,heap        ] GC(6) ParOldGen: 103028K(2796544K)->105420K(2796544K)
[2026-09-22T15:17:40.788+0000][9.059s][info][gc,metaspace   ] GC(6) Metaspace: 98774K(99648K)->98774K(99648K) NonClass: 84825K(85312K)->84825K(85312K) Class: 13949K(14336K)->13949K(14336K)
[2026-09-22T15:17:40.788+0000][9.059s][info][gc             ] GC(6) Pause Young (Metadata GC Threshold) 833M->273M(3925M) 95.161ms
[2026-09-22T15:17:40.788+0000][9.059s][info][gc,cpu         ] GC(6) User=0.34s Sys=0.04s Real=0.09s
[2026-09-22T15:17:40.788+0000][9.059s][info][gc,start       ] GC(7) Pause Full (Metadata GC Threshold)
[2026-09-22T15:17:40.788+0000][9.059s][info][gc,phases,start] GC(7) Marking Phase
[2026-09-22T15:17:40.911+0000][9.182s][info][gc,phases      ] GC(7) Marking Phase 123.039ms
[2026-09-22T15:17:40.911+0000][9.182s][info][gc,phases,start] GC(7) Summary Phase
[2026-09-22T15:17:40.911+0000][9.182s][info][gc,phases      ] GC(7) Summary Phase 0.039ms
[2026-09-22T15:17:40.911+0000][9.182s][info][gc,phases,start] GC(7) Adjust Roots
[2026-09-22T15:17:40.920+0000][9.191s][info][gc,phases      ] GC(7) Adjust Roots 9.596ms
[2026-09-22T15:17:40.920+0000][9.191s][info][gc,phases,start] GC(7) Compaction Phase
[2026-09-22T15:17:41.199+0000][9.470s][info][gc,phases      ] GC(7) Compaction Phase 278.624ms
[2026-09-22T15:17:41.199+0000][9.470s][info][gc,phases,start] GC(7) Post Compact
[2026-09-22T15:17:41.201+0000][9.472s][info][gc,phases      ] GC(7) Post Compact 1.738ms
[2026-09-22T15:17:41.201+0000][9.472s][info][gc,heap        ] GC(7) PSYoungGen: 174580K(1223168K)->0K(1223168K) Eden: 0K(1048576K)->0K(1048576K) From: 174580K(174592K)->0K(174592K)
[2026-09-22T15:17:41.201+0000][9.472s][info][gc,heap        ] GC(7) ParOldGen: 105420K(2796544K)->278439K(2796544K)
[2026-09-22T15:17:41.201+0000][9.472s][info][gc,metaspace   ] GC(7) Metaspace: 98774K(99648K)->98774K(99648K) NonClass: 84825K(85312K)->84825K(85312K) Class: 13949K(14336K)->13949K(14336K)
[2026-09-22T15:17:41.201+0000][9.472s][info][gc             ] GC(7) Pause Full (Metadata GC Threshold) 273M->271M(3925M) 413.188ms
[2026-09-22T15:17:41.201+0000][9.472s][info][gc,cpu         ] GC(7) User=1.49s Sys=0.02s Real=0.42s
[2026-09-22T15:17:44.660+0000][12.931s][info][gc,start       ] GC(8) Pause Young (Allocation Failure)
[2026-09-22T15:17:44.686+0000][12.957s][info][gc,heap        ] GC(8) PSYoungGen: 1048576K(1223168K)->45639K(1223168K) Eden: 1048576K(1048576K)->0K(1048576K) From: 0K(174592K)->45639K(174592K)
[2026-09-22T15:17:44.686+0000][12.957s][info][gc,heap        ] GC(8) ParOldGen: 278439K(2796544K)->278455K(2796544K)
[2026-09-22T15:17:44.686+0000][12.957s][info][gc,metaspace   ] GC(8) Metaspace: 119864K(120896K)->119864K(120896K) NonClass: 102626K(103232K)->102626K(103232K) Class: 17237K(17664K)->17237K(17664K)
[2026-09-22T15:17:44.686+0000][12.957s][info][gc             ] GC(8) Pause Young (Allocation Failure) 1295M->316M(3925M) 26.459ms
[2026-09-22T15:17:44.686+0000][12.957s][info][gc,cpu         ] GC(8) User=0.10s Sys=0.01s Real=0.02s
[2026-09-22T15:17:51.415+0000][19.686s][info][gc,start       ] GC(9) Pause Young (Allocation Failure)
[2026-09-22T15:17:51.472+0000][19.743s][info][gc,heap        ] GC(9) PSYoungGen: 1094215K(1223168K)->128826K(2233856K) Eden: 1048576K(1048576K)->0K(2076160K) From: 45639K(174592K)->128826K(157696K)
[2026-09-22T15:17:51.472+0000][19.743s][info][gc,heap        ] GC(9) ParOldGen: 278455K(2796544K)->278487K(2796544K)
[2026-09-22T15:17:51.472+0000][19.743s][info][gc,metaspace   ] GC(9) Metaspace: 150450K(151680K)->150450K(151680K) NonClass: 126000K(126720K)->126000K(126720K) Class: 24449K(24960K)->24449K(24960K)
[2026-09-22T15:17:51.472+0000][19.743s][info][gc             ] GC(9) Pause Young (Allocation Failure) 1340M->397M(4912M) 57.456ms
[2026-09-22T15:17:51.472+0000][19.743s][info][gc,cpu         ] GC(9) User=0.20s Sys=0.03s Real=0.06s
[2026-09-22T15:17:51.908+0000][20.179s][info][gc,start       ] GC(10) Pause Young (CodeCache GC Threshold)
[2026-09-22T15:17:51.962+0000][20.233s][info][gc,heap        ] GC(10) PSYoungGen: 318105K(2233856K)->141593K(2254848K) Eden: 189278K(2076160K)->0K(2076160K) From: 128826K(157696K)->141593K(178688K)
[2026-09-22T15:17:51.962+0000][20.233s][info][gc,heap        ] GC(10) ParOldGen: 278487K(2796544K)->278495K(2796544K)
[2026-09-22T15:17:51.962+0000][20.233s][info][gc,metaspace   ] GC(10) Metaspace: 150567K(151872K)->150567K(151872K) NonClass: 126105K(126848K)->126105K(126848K) Class: 24461K(25024K)->24461K(25024K)
[2026-09-22T15:17:51.962+0000][20.233s][info][gc             ] GC(10) Pause Young (CodeCache GC Threshold) 582M->410M(4933M) 53.904ms
[2026-09-22T15:17:51.962+0000][20.233s][info][gc,cpu         ] GC(10) User=0.17s Sys=0.04s Real=0.06s
[2026-09-22T15:17:51.962+0000][20.233s][info][gc,start       ] GC(11) Pause Full (CodeCache GC Threshold)
[2026-09-22T15:17:51.962+0000][20.233s][info][gc,phases,start] GC(11) Marking Phase
[2026-09-22T15:17:52.139+0000][20.411s][info][gc,phases      ] GC(11) Marking Phase 177.588ms
[2026-09-22T15:17:52.139+0000][20.411s][info][gc,phases,start] GC(11) Summary Phase
[2026-09-22T15:17:52.140+0000][20.411s][info][gc,phases      ] GC(11) Summary Phase 0.030ms
[2026-09-22T15:17:52.140+0000][20.411s][info][gc,phases,start] GC(11) Adjust Roots
[2026-09-22T15:17:52.161+0000][20.432s][info][gc,phases      ] GC(11) Adjust Roots 21.134ms
[2026-09-22T15:17:52.161+0000][20.432s][info][gc,phases,start] GC(11) Compaction Phase
[2026-09-22T15:17:52.511+0000][20.782s][info][gc,phases      ] GC(11) Compaction Phase 350.666ms
[2026-09-22T15:17:52.511+0000][20.783s][info][gc,phases,start] GC(11) Post Compact
[2026-09-22T15:17:52.517+0000][20.788s][info][gc,phases      ] GC(11) Post Compact 5.965ms
[2026-09-22T15:17:52.517+0000][20.788s][info][gc,heap        ] GC(11) PSYoungGen: 141593K(2254848K)->0K(2254848K) Eden: 0K(2076160K)->0K(2076160K) From: 141593K(178688K)->0K(178688K)
[2026-09-22T15:17:52.517+0000][20.788s][info][gc,heap        ] GC(11) ParOldGen: 278495K(2796544K)->380694K(2796544K)
[2026-09-22T15:17:52.517+0000][20.789s][info][gc,metaspace   ] GC(11) Metaspace: 150567K(151872K)->150503K(151872K) NonClass: 126105K(126848K)->126056K(126848K) Class: 24461K(25024K)->24446K(25024K)
[2026-09-22T15:17:52.517+0000][20.789s][info][gc             ] GC(11) Pause Full (CodeCache GC Threshold) 410M->371M(4933M) 555.572ms
[2026-09-22T15:17:52.517+0000][20.789s][info][gc,cpu         ] GC(11) User=1.95s Sys=0.04s Real=0.55s
[2026-09-22T15:17:57.046+0000][25.317s][info][gc,start       ] GC(12) Pause Young (Allocation Failure)
[2026-09-22T15:17:57.132+0000][25.403s][info][gc,heap        ] GC(12) PSYoungGen: 2076160K(2254848K)->197103K(2230272K) Eden: 2076160K(2076160K)->0K(2033152K) From: 0K(178688K)->197103K(197120K)
[2026-09-22T15:17:57.132+0000][25.403s][info][gc,heap        ] GC(12) ParOldGen: 380694K(2796544K)->445686K(2796544K)
[2026-09-22T15:17:57.132+0000][25.403s][info][gc,metaspace   ] GC(12) Metaspace: 152746K(154048K)->152746K(154048K) NonClass: 127943K(128704K)->127943K(128704K) Class: 24802K(25344K)->24802K(25344K)
[2026-09-22T15:17:57.132+0000][25.403s][info][gc             ] GC(12) Pause Young (Allocation Failure) 2399M->627M(4909M) 85.224ms
[2026-09-22T15:17:57.132+0000][25.403s][info][gc,cpu         ] GC(12) User=0.28s Sys=0.05s Real=0.09s
[2026-09-22T15:18:01.455+0000][29.726s][info][gc,start       ] GC(13) Pause Young (Allocation Failure)
[2026-09-22T15:18:01.533+0000][29.804s][info][gc,heap        ] GC(13) PSYoungGen: 2230255K(2230272K)->261096K(2294272K) Eden: 2033152K(2033152K)->0K(2033152K) From: 197103K(197120K)->261096K(261120K)
[2026-09-22T15:18:01.533+0000][29.804s][info][gc,heap        ] GC(13) ParOldGen: 445686K(2796544K)->532351K(2796544K)
[2026-09-22T15:18:01.533+0000][29.804s][info][gc,metaspace   ] GC(13) Metaspace: 153376K(154816K)->153376K(154816K) NonClass: 128477K(129280K)->128477K(129280K) Class: 24899K(25536K)->24899K(25536K)
[2026-09-22T15:18:01.533+0000][29.804s][info][gc             ] GC(13) Pause Young (Allocation Failure) 2613M->774M(4971M) 78.550ms
[2026-09-22T15:18:01.533+0000][29.804s][info][gc,cpu         ] GC(13) User=0.27s Sys=0.04s Real=0.08s
[2026-09-22T15:18:05.185+0000][33.456s][info][gc,start       ] GC(14) Pause Young (Allocation Failure)
[2026-09-22T15:18:05.362+0000][33.633s][info][gc,heap        ] GC(14) PSYoungGen: 2294248K(2294272K)->341492K(2838016K) Eden: 2033152K(2033152K)->0K(2496512K) From: 261096K(261120K)->341492K(341504K)
[2026-09-22T15:18:05.362+0000][33.633s][info][gc,heap        ] GC(14) ParOldGen: 532351K(2796544K)->805562K(2796544K)
[2026-09-22T15:18:05.362+0000][33.633s][info][gc,metaspace   ] GC(14) Metaspace: 154045K(155520K)->154045K(155520K) NonClass: 129068K(129920K)->129068K(129920K) Class: 24976K(25600K)->24976K(25600K)
[2026-09-22T15:18:05.362+0000][33.633s][info][gc             ] GC(14) Pause Young (Allocation Failure) 2760M->1120M(5502M) 176.825ms
[2026-09-22T15:18:05.362+0000][33.633s][info][gc,cpu         ] GC(14) User=0.58s Sys=0.12s Real=0.18s
[2026-09-22T15:18:09.698+0000][37.969s][info][gc,start       ] GC(15) Pause Young (Allocation Failure)
[2026-09-22T15:18:09.895+0000][38.167s][info][gc,heap        ] GC(15) PSYoungGen: 2838004K(2838016K)->343185K(2840064K) Eden: 2496512K(2496512K)->0K(2496512K) From: 341492K(341504K)->343185K(343552K)
[2026-09-22T15:18:09.896+0000][38.167s][info][gc,heap        ] GC(15) ParOldGen: 805562K(2796544K)->1164044K(2796544K)
[2026-09-22T15:18:09.896+0000][38.167s][info][gc,metaspace   ] GC(15) Metaspace: 154677K(156160K)->154677K(156160K) NonClass: 129634K(130496K)->129634K(130496K) Class: 25043K(25664K)->25043K(25664K)
[2026-09-22T15:18:09.896+0000][38.167s][info][gc             ] GC(15) Pause Young (Allocation Failure) 3558M->1471M(5504M) 197.270ms
[2026-09-22T15:18:09.896+0000][38.167s][info][gc,cpu         ] GC(15) User=0.64s Sys=0.15s Real=0.20s
[2026-09-22T15:18:14.559+0000][42.830s][info][gc,start       ] GC(16) Pause Young (Allocation Failure)
[2026-09-22T15:18:14.791+0000][43.062s][info][gc,heap        ] GC(16) PSYoungGen: 2839697K(2840064K)->415257K(2872320K) Eden: 2496512K(2496512K)->0K(2344960K) From: 343185K(343552K)->415257K(527360K)
[2026-09-22T15:18:14.791+0000][43.062s][info][gc,heap        ] GC(16) ParOldGen: 1164044K(2796544K)->1519905K(2796544K)
[2026-09-22T15:18:14.791+0000][43.062s][info][gc,metaspace   ] GC(16) Metaspace: 154917K(156416K)->154917K(156416K) NonClass: 129854K(130752K)->129854K(130752K) Class: 25062K(25664K)->25062K(25664K)
[2026-09-22T15:18:14.791+0000][43.062s][info][gc             ] GC(16) Pause Young (Allocation Failure) 3909M->1889M(5536M) 231.484ms
[2026-09-22T15:18:14.791+0000][43.062s][info][gc,cpu         ] GC(16) User=0.77s Sys=0.15s Real=0.23s
[2026-09-22T15:18:18.787+0000][47.058s][info][gc,start       ] GC(17) Pause Young (Allocation Failure)
[2026-09-22T15:18:19.019+0000][47.290s][info][gc,heap        ] GC(17) PSYoungGen: 2760217K(2872320K)->386336K(2731520K) Eden: 2344960K(2344960K)->0K(2344960K) From: 415257K(527360K)->386336K(386560K)
[2026-09-22T15:18:19.019+0000][47.290s][info][gc,heap        ] GC(17) ParOldGen: 1519905K(2796544K)->1951878K(2796544K)
[2026-09-22T15:18:19.019+0000][47.290s][info][gc,metaspace   ] GC(17) Metaspace: 155510K(157056K)->155510K(157056K) NonClass: 130427K(131328K)->130427K(131328K) Class: 25083K(25728K)->25083K(25728K)
[2026-09-22T15:18:19.019+0000][47.290s][info][gc             ] GC(17) Pause Young (Allocation Failure) 4179M->2283M(5398M) 231.807ms
[2026-09-22T15:18:19.019+0000][47.290s][info][gc,cpu         ] GC(17) User=0.81s Sys=0.11s Real=0.24s
[2026-09-22T15:18:21.323+0000][49.595s][info][gc,start       ] GC(18) Pause Young (CodeCache GC Threshold)
[2026-09-22T15:18:21.486+0000][49.757s][info][gc,heap        ] GC(18) PSYoungGen: 1092659K(2731520K)->142395K(2914304K) Eden: 706323K(2344960K)->0K(2313216K) From: 386336K(386560K)->142395K(601088K)
[2026-09-22T15:18:21.486+0000][49.757s][info][gc,heap        ] GC(18) ParOldGen: 1951878K(2796544K)->2352268K(2796544K)
[2026-09-22T15:18:21.486+0000][49.757s][info][gc,metaspace   ] GC(18) Metaspace: 160427K(161920K)->160427K(161920K) NonClass: 134483K(135360K)->134483K(135360K) Class: 25943K(26560K)->25943K(26560K)
[2026-09-22T15:18:21.486+0000][49.757s][info][gc             ] GC(18) Pause Young (CodeCache GC Threshold) 2973M->2436M(5577M) 162.522ms
[2026-09-22T15:18:21.486+0000][49.757s][info][gc,cpu         ] GC(18) User=0.50s Sys=0.10s Real=0.16s
[2026-09-22T15:18:21.486+0000][49.757s][info][gc,start       ] GC(19) Pause Full (CodeCache GC Threshold)
[2026-09-22T15:18:21.486+0000][49.757s][info][gc,phases,start] GC(19) Marking Phase
[2026-09-22T15:18:21.867+0000][50.138s][info][gc,phases      ] GC(19) Marking Phase 381.154ms
[2026-09-22T15:18:21.867+0000][50.138s][info][gc,phases,start] GC(19) Summary Phase
[2026-09-22T15:18:21.867+0000][50.138s][info][gc,phases      ] GC(19) Summary Phase 0.096ms
[2026-09-22T15:18:21.867+0000][50.138s][info][gc,phases,start] GC(19) Adjust Roots
[2026-09-22T15:18:21.886+0000][50.157s][info][gc,phases      ] GC(19) Adjust Roots 19.111ms
[2026-09-22T15:18:21.886+0000][50.158s][info][gc,phases,start] GC(19) Compaction Phase
[2026-09-22T15:18:22.292+0000][50.563s][info][gc,phases      ] GC(19) Compaction Phase 405.477ms
[2026-09-22T15:18:22.292+0000][50.563s][info][gc,phases,start] GC(19) Post Compact
[2026-09-22T15:18:22.302+0000][50.573s][info][gc,phases      ] GC(19) Post Compact 10.109ms
[2026-09-22T15:18:22.302+0000][50.573s][info][gc,heap        ] GC(19) PSYoungGen: 142395K(2914304K)->0K(2914304K) Eden: 0K(2313216K)->0K(2313216K) From: 142395K(601088K)->0K(601088K)
[2026-09-22T15:18:22.302+0000][50.573s][info][gc,heap        ] GC(19) ParOldGen: 2352268K(2796544K)->1405186K(2796544K)
[2026-09-22T15:18:22.302+0000][50.573s][info][gc,metaspace   ] GC(19) Metaspace: 160427K(161920K)->160367K(161920K) NonClass: 134483K(135360K)->134439K(135360K) Class: 25943K(26560K)->25927K(26560K)
[2026-09-22T15:18:22.302+0000][50.573s][info][gc             ] GC(19) Pause Full (CodeCache GC Threshold) 2436M->1372M(5577M) 816.149ms
[2026-09-22T15:18:22.302+0000][50.573s][info][gc,cpu         ] GC(19) User=2.97s Sys=0.01s Real=0.82s
