[0.003s][info][gc] Using G1
[0.349s][info][gc] GC(0) Pause Young (Concurrent Start) (G1 Humongous Allocation) 241M->3M(513M) 3.209ms
[0.349s][info][gc] GC(1) Concurrent Undo Cycle
[0.350s][info][gc] GC(1) Concurrent Undo Cycle 0.376ms
[0.464s][info][gc] GC(2) Pause Young (Normal) (G1 Evacuation Pause) 215M->2M(513M) 2.124ms
[1.877s][info][gc] GC(3) Pause Young (Concurrent Start) (Metadata GC Threshold) 313M->15M(513M) 11.389ms
[1.877s][info][gc] GC(4) Concurrent Mark Cycle
[1.895s][info][gc] GC(4) Pause Remark 17M->17M(512M) 4.604ms
[1.896s][info][gc] GC(4) Pause Cleanup 17M->17M(512M) 0.101ms
[1.898s][info][gc] GC(4) Concurrent Mark Cycle 21.060ms
[2.377s][info][gc] GC(5) Pause Young (Prepare Mixed) (G1 Evacuation Pause) 64M->31M(512M) 22.201ms
[2.445s][info][gc] GC(6) Pause Young (Mixed) (G1 Evacuation Pause) 48M->40M(512M) 18.083ms
[2.498s][info][gc] GC(7) Pause Young (Normal) (G1 Evacuation Pause) 66M->52M(512M) 12.407ms
[2.571s][info][gc] GC(8) Pause Young (Normal) (G1 Evacuation Pause) 88M->70M(839M) 15.643ms
[2.663s][info][gc] GC(9) Pause Young (Normal) (G1 Evacuation Pause) 106M->87M(839M) 18.105ms
[2.773s][info][gc] GC(10) Pause Young (Normal) (G1 Evacuation Pause) 127M->106M(839M) 22.721ms
[2.930s][info][gc] GC(11) Pause Young (Normal) (G1 Evacuation Pause) 141M->125M(839M) 51.487ms
[3.040s][info][gc] GC(12) Pause Young (Normal) (G1 Evacuation Pause) 160M->147M(1171M) 51.793ms
[3.595s][info][gc] GC(13) Pause Young (Concurrent Start) (Metadata GC Threshold) 179M->155M(1171M) 15.134ms
[3.595s][info][gc] GC(14) Concurrent Mark Cycle
[3.876s][info][gc] GC(14) Pause Remark 164M->160M(540M) 8.238ms
[3.976s][info][gc] GC(14) Pause Cleanup 165M->165M(540M) 0.251ms
[3.986s][info][gc] GC(14) Concurrent Mark Cycle 390.591ms
[4.404s][info][gc] GC(15) Pause Young (Prepare Mixed) (G1 Evacuation Pause) 227M->159M(540M) 19.378ms
[4.828s][info][gc] GC(16) Pause Young (Mixed) (G1 Evacuation Pause) 272M->168M(540M) 45.571ms
[6.457s][info][gc] GC(17) Pause Young (Normal) (G1 Evacuation Pause) 340M->196M(540M) 66.007ms
[6.686s][info][gc] GC(18) Pause Young (Normal) (G1 Evacuation Pause) 357M->252M(540M) 58.687ms
[6.841s][info][gc] GC(19) Pause Young (Concurrent Start) (Metadata GC Threshold) 289M->266M(966M) 50.624ms
[6.841s][info][gc] GC(20) Concurrent Mark Cycle
[7.099s][info][gc] GC(20) Pause Remark 267M->239M(800M) 9.924ms
[7.266s][info][gc] GC(20) Pause Cleanup 239M->239M(800M) 0.289ms
[7.269s][info][gc] GC(20) Concurrent Mark Cycle 427.319ms
[11.483s][info][gc] GC(21) Pause Young (Prepare Mixed) (G1 Evacuation Pause) 732M->277M(800M) 87.194ms
[13.272s][info][gc] GC(22) Pause Young (Mixed) (G1 Evacuation Pause) 656M->324M(800M) 117.058ms
[14.058s][info][gc] GC(23) Pause Young (Mixed) (Metadata GC Threshold) 444M->286M(800M) 61.779ms
[14.089s][info][gc] GC(24) Pause Young (Concurrent Start) (Metadata GC Threshold) 287M->286M(800M) 11.809ms
[14.089s][info][gc] GC(25) Concurrent Mark Cycle
[14.657s][info][gc] GC(25) Pause Remark 315M->314M(800M) 15.851ms
[14.956s][info][gc] GC(25) Pause Cleanup 321M->321M(800M) 0.283ms
[14.962s][info][gc] GC(25) Concurrent Mark Cycle 872.821ms
[26.103s][info][gc] GC(26) Pause Young (Prepare Mixed) (G1 Evacuation Pause) 683M->302M(800M) 35.225ms
[29.454s][info][gc] GC(27) Pause Young (Mixed) (G1 Evacuation Pause) 689M->320M(800M) 74.451ms
[32.364s][info][gc] GC(28) Pause Young (Concurrent Start) (G1 Evacuation Pause) 695M->328M(800M) 71.081ms
[32.364s][info][gc] GC(29) Concurrent Mark Cycle
[33.329s][info][gc] GC(29) Pause Remark 386M->346M(800M) 48.846ms
[33.875s][info][gc] GC(29) Pause Cleanup 437M->437M(800M) 0.383ms
[33.878s][info][gc] GC(29) Concurrent Mark Cycle 1514.076ms
[35.979s][info][gc] GC(30) Pause Young (Prepare Mixed) (G1 Evacuation Pause) 667M->300M(800M) 22.440ms
[38.833s][info][gc] GC(31) Pause Young (Mixed) (G1 Evacuation Pause) 706M->313M(800M) 61.952ms
[41.383s][info][gc] GC(32) Pause Young (Concurrent Start) (G1 Evacuation Pause) 714M->323M(800M) 36.889ms
[41.383s][info][gc] GC(33) Concurrent Mark Cycle
[42.179s][info][gc] GC(33) Pause Remark 415M->415M(800M) 42.657ms
[42.490s][info][gc] GC(33) Pause Cleanup 446M->446M(800M) 0.346ms
[42.494s][info][gc] GC(33) Concurrent Mark Cycle 1111.595ms
[50.061s][info][gc] GC(34) Pause Young (Prepare Mixed) (G1 Evacuation Pause) 725M->337M(800M) 33.727ms
[51.038s][info][gc] GC(35) Pause Young (Mixed) (G1 Evacuation Pause) 730M->330M(800M) 46.689ms
