2026-09-24T03:13:48.3968840Z Current runner version: '2.337.0'
2026-09-24T03:13:48.3999090Z ##[group]Runner Image Provisioner
2026-09-24T03:13:48.4000190Z Hosted Compute Agent
2026-09-24T03:13:48.4000913Z Version: 20260828.587
2026-09-24T03:13:48.4001745Z Commit: abac92662cab4cc7352de4f9f9d2e2419aad9c29
2026-09-24T03:13:48.4002594Z Build Date: 2026-08-28T16:44:25Z
2026-09-24T03:13:48.4003380Z Worker ID: {5396b01a-1a67-4d40-9728-3f0a71e5806b}
2026-09-24T03:13:48.4004295Z Azure Region: centralus
2026-09-24T03:13:48.4005188Z ##[endgroup]
2026-09-24T03:13:48.4007066Z ##[group]Operating System
2026-09-24T03:13:48.4007829Z Ubuntu
2026-09-24T03:13:48.4008442Z 24.04.5
2026-09-24T03:13:48.4009063Z LTS
2026-09-24T03:13:48.4009687Z ##[endgroup]
2026-09-24T03:13:48.4010388Z ##[group]Runner Image
2026-09-24T03:13:48.4011138Z Image: ubuntu-24.04
2026-09-24T03:13:48.4011783Z Version: 20260907.300.1
2026-09-24T03:13:48.4013337Z Included Software: https://github.com/actions/runner-images/blob/ubuntu24/20260907.300/images/ubuntu/Ubuntu2404-Readme.md
2026-09-24T03:13:48.4015282Z Image Release: https://github.com/actions/runner-images/releases/tag/ubuntu24%2F20260907.300
2026-09-24T03:13:48.4016116Z ##[endgroup]
2026-09-24T03:13:48.4017032Z ##[group]GITHUB_TOKEN Permissions
2026-09-24T03:13:48.4019017Z Contents: read
2026-09-24T03:13:48.4019497Z Metadata: read
2026-09-24T03:13:48.4020081Z ##[endgroup]
2026-09-24T03:13:48.4021870Z Secret source: Actions
2026-09-24T03:13:48.4022694Z Cache mode: write
2026-09-24T03:13:48.4023267Z Prepare workflow directory
2026-09-24T03:13:48.4303569Z Prepare all required actions
2026-09-24T03:13:48.4345956Z Getting action download info
2026-09-24T03:13:48.6972658Z Download action repository 'actions/checkout@v4' (SHA:11d5960a326750d5838078e36cf38b85af677262)
2026-09-24T03:13:48.7813344Z Download action repository 'dtolnay/rust-toolchain@stable' (SHA:6bed0761d98439e5a578e2877258200ad565ba87)
2026-09-24T03:13:48.9523270Z Download action repository 'Swatinem/rust-cache@v2' (SHA:6323deb102c322ba6fcbdcafc7e3dddab59af2b6)
2026-09-24T03:13:49.3974812Z Download action repository 'actions/setup-java@v4' (SHA:cf277c60eb25467037889841efdb72551f06f6c3)
2026-09-24T03:13:49.9596847Z Download action repository 'actions/upload-artifact@v4' (SHA:ea165f8d65b6e75b540449e92b4886f43607fa02)
2026-09-24T03:13:50.2821548Z Complete job name: world-bench
2026-09-24T03:13:50.3573812Z ##[group]Run actions/checkout@v4
2026-09-24T03:13:50.3575230Z with:
2026-09-24T03:13:50.3576071Z   repository: PLANETA9091/c-crussty
2026-09-24T03:13:50.3582780Z   token: ***
2026-09-24T03:13:50.3583590Z   ssh-strict: true
2026-09-24T03:13:50.3584420Z   ssh-user: git
2026-09-24T03:13:50.3585448Z   persist-credentials: true
2026-09-24T03:13:50.3586345Z   clean: true
2026-09-24T03:13:50.3587228Z   sparse-checkout-cone-mode: true
2026-09-24T03:13:50.3588172Z   fetch-depth: 1
2026-09-24T03:13:50.3588972Z   fetch-tags: false
2026-09-24T03:13:50.3589868Z   show-progress: true
2026-09-24T03:13:50.3590731Z   lfs: false
2026-09-24T03:13:50.3591517Z   submodules: false
2026-09-24T03:13:50.3592378Z   set-safe-directory: true
2026-09-24T03:13:50.3593287Z   allow-unsafe-pr-checkout: false
2026-09-24T03:13:50.3594443Z ##[endgroup]
2026-09-24T03:13:50.4597144Z Syncing repository: PLANETA9091/c-crussty
2026-09-24T03:13:50.4600896Z ##[group]Getting Git version info
2026-09-24T03:13:50.4603016Z Working directory is '/home/runner/work/c-crussty/c-crussty'
2026-09-24T03:13:50.4606484Z [command]/usr/bin/git version
2026-09-24T03:13:50.4657493Z git version 2.55.0
2026-09-24T03:13:50.4691403Z ##[endgroup]
2026-09-24T03:13:50.4711785Z Temporarily overriding HOME='/home/runner/work/_temp/7bbb5aa5-1cd9-4f91-94b5-a3c2bb04cd9f' before making global git config changes
2026-09-24T03:13:50.4716268Z Adding repository directory to the temporary git global config as a safe directory
2026-09-24T03:13:50.4737081Z [command]/usr/bin/git config --global --add safe.directory /home/runner/work/c-crussty/c-crussty
2026-09-24T03:13:50.4792755Z Deleting the contents of '/home/runner/work/c-crussty/c-crussty'
2026-09-24T03:13:50.4797113Z ##[group]Initializing the repository
2026-09-24T03:13:50.4800739Z [command]/usr/bin/git init /home/runner/work/c-crussty/c-crussty
2026-09-24T03:13:50.4899330Z hint: Using 'master' as the name for the initial branch. This default branch name
2026-09-24T03:13:50.4901936Z hint: will change to "main" in Git 3.0. To configure the initial branch name
2026-09-24T03:13:50.4904846Z hint: to use in all of your new repositories, which will suppress this warning,
2026-09-24T03:13:50.4906961Z hint: call:
2026-09-24T03:13:50.4909752Z hint:
2026-09-24T03:13:50.4911437Z hint: 	git config --global init.defaultBranch <name>
2026-09-24T03:13:50.4913138Z hint:
2026-09-24T03:13:50.4914893Z hint: Names commonly chosen instead of 'master' are 'main', 'trunk' and
2026-09-24T03:13:50.4917647Z hint: 'development'. The just-created branch can be renamed via this command:
2026-09-24T03:13:50.4919661Z hint:
2026-09-24T03:13:50.4920880Z hint: 	git branch -m <name>
2026-09-24T03:13:50.4922207Z hint:
2026-09-24T03:13:50.4923924Z hint: Disable this message with "git config set advice.defaultBranchName false"
2026-09-24T03:13:50.4926923Z Initialized empty Git repository in /home/runner/work/c-crussty/c-crussty/.git/
2026-09-24T03:13:50.4931564Z [command]/usr/bin/git remote add origin https://github.com/PLANETA9091/c-crussty
2026-09-24T03:13:50.4954146Z ##[endgroup]
2026-09-24T03:13:50.4956877Z ##[group]Disabling automatic garbage collection
2026-09-24T03:13:50.4959002Z [command]/usr/bin/git config --local gc.auto 0
2026-09-24T03:13:50.4983905Z ##[endgroup]
2026-09-24T03:13:50.4987052Z ##[group]Setting up auth
2026-09-24T03:13:50.4989438Z [command]/usr/bin/git config --local --name-only --get-regexp core\.sshCommand
2026-09-24T03:13:50.5015963Z [command]/usr/bin/git submodule foreach --recursive sh -c "git config --local --name-only --get-regexp 'core\.sshCommand' && git config --local --unset-all 'core.sshCommand' || :"
2026-09-24T03:13:50.5320354Z [command]/usr/bin/git config --local --name-only --get-regexp http\.https\:\/\/github\.com\/\.extraheader
2026-09-24T03:13:50.5394261Z [command]/usr/bin/git submodule foreach --recursive sh -c "git config --local --name-only --get-regexp 'http\.https\:\/\/github\.com\/\.extraheader' && git config --local --unset-all 'http.https://github.com/.extraheader' || :"
2026-09-24T03:13:50.5527484Z [command]/usr/bin/git config --local --name-only --get-regexp ^includeIf\.gitdir:
2026-09-24T03:13:50.5552495Z [command]/usr/bin/git submodule foreach --recursive git config --local --show-origin --name-only --get-regexp remote.origin.url
2026-09-24T03:13:50.5711494Z [command]/usr/bin/git config --local http.https://github.com/.extraheader AUTHORIZATION: basic ***
2026-09-24T03:13:50.5738474Z ##[endgroup]
2026-09-24T03:13:50.5740703Z ##[group]Fetching the repository
2026-09-24T03:13:50.5748719Z [command]/usr/bin/git -c protocol.version=2 fetch --no-tags --prune --no-recurse-submodules --depth=1 origin +48362768dfe8f893ad22f2a15bad72b94ef3587d:refs/remotes/origin/round-440-pd-2
2026-09-24T03:13:59.4201504Z From https://github.com/PLANETA9091/c-crussty
2026-09-24T03:13:59.4203201Z  * [new ref]         48362768dfe8f893ad22f2a15bad72b94ef3587d -> origin/round-440-pd-2
2026-09-24T03:13:59.4205914Z ##[endgroup]
2026-09-24T03:13:59.4206811Z ##[group]Determining the checkout info
2026-09-24T03:13:59.4207843Z ##[endgroup]
2026-09-24T03:13:59.4213839Z [command]/usr/bin/git sparse-checkout disable
2026-09-24T03:13:59.4256085Z [command]/usr/bin/git config --local --unset-all extensions.worktreeConfig
2026-09-24T03:13:59.4280210Z ##[group]Checking out the ref
2026-09-24T03:13:59.4284075Z [command]/usr/bin/git checkout --progress --force -B round-440-pd-2 refs/remotes/origin/round-440-pd-2
2026-09-24T03:14:00.2102516Z Switched to a new branch 'round-440-pd-2'
2026-09-24T03:14:00.2107137Z branch 'round-440-pd-2' set up to track 'origin/round-440-pd-2'.
2026-09-24T03:14:00.2122856Z ##[endgroup]
2026-09-24T03:14:00.2160832Z [command]/usr/bin/git log -1 --format=%H
2026-09-24T03:14:00.2182372Z 48362768dfe8f893ad22f2a15bad72b94ef3587d
2026-09-24T03:14:00.2389063Z ##[group]Run set -euo pipefail
2026-09-24T03:14:00.2389484Z [36;1mset -euo pipefail[0m
2026-09-24T03:14:00.2389719Z [36;1mIDX=$(python3 -c '[0m
2026-09-24T03:14:00.2389973Z [36;1mimport time[0m
2026-09-24T03:14:00.2390191Z [36;1mt=time.time(); x=1[0m
2026-09-24T03:14:00.2390461Z [36;1mfor _ in range(6000000):[0m
2026-09-24T03:14:00.2390737Z [36;1m    x=(x*1103515245+12345)&0x7fffffff[0m
2026-09-24T03:14:00.2391019Z [36;1mprint(f"{6000000/(time.time()-t):.0f}")')[0m
2026-09-24T03:14:00.2391332Z [36;1mecho "runner_cpu_index=$IDX band=[6000000,9500000]"[0m
2026-09-24T03:14:00.2391713Z [36;1mif [ "$IDX" -lt "6000000" ] || [ "$IDX" -gt "9500000" ]; then[0m
2026-09-24T03:14:00.2392273Z [36;1m  echo "::notice::runner_cpu_index=$IDX OUTSIDE band — fast-fail pre-download (pairing discard, not a bench failure)"[0m
2026-09-24T03:14:00.2392781Z [36;1m  exit 1[0m
2026-09-24T03:14:00.2393008Z [36;1mfi[0m
2026-09-24T03:14:00.2419099Z shell: /usr/bin/bash -e {0}
2026-09-24T03:14:00.2420060Z ##[endgroup]
2026-09-24T03:14:00.8817541Z runner_cpu_index=9695302 band=[6000000,9500000]
2026-09-24T03:14:00.8836051Z ##[notice]runner_cpu_index=9695302 OUTSIDE band — fast-fail pre-download (pairing discard, not a bench failure)
2026-09-24T03:14:00.8845874Z ##[error]Process completed with exit code 1.
2026-09-24T03:14:00.8950815Z ##[group]Run actions/upload-artifact@v4
2026-09-24T03:14:00.8951104Z with:
2026-09-24T03:14:00.8951328Z   name: world3-bench
2026-09-24T03:14:00.8952749Z   path: world3-run/BOTTLENECKS_3.md
world3-run/cpu-collapsed.txt
world3-run/wall-collapsed.txt
world3-run/alloc-collapsed.txt
world3-run/cpu-flamegraph.html
world3-run/server-stdout.log
world3-run/gc.log
world3-run/remset.log
world3-run/refine.log
world3-run/recon.jfr
world3-run/ap.log
world3-run/run-env.txt
world3-run/pclip-materialize.log
world3-run/chunk-parse-diag.txt
world3-run/entity-recon.txt
world3-run/patched-kernel.jar
world3-run/spark-report/

2026-09-24T03:14:00.8954271Z   if-no-files-found: warn
2026-09-24T03:14:00.8954753Z   compression-level: 6
2026-09-24T03:14:00.8955043Z   overwrite: false
2026-09-24T03:14:00.8955277Z   include-hidden-files: false
2026-09-24T03:14:00.8955539Z ##[endgroup]
2026-09-24T03:14:01.0399160Z (node:2073) [DEP0040] DeprecationWarning: The `punycode` module is deprecated. Please use a userland alternative instead.
2026-09-24T03:14:01.0400437Z (Use `node --trace-deprecation ...` to show where the warning was created)
2026-09-24T03:14:01.0528186Z Multiple search paths detected. Calculating the least common ancestor of all paths
2026-09-24T03:14:01.0532544Z The least common ancestor is /home/runner/work/c-crussty/c-crussty/world3-run. This will be the root directory of the artifact
2026-09-24T03:14:01.0539269Z ##[warning]No files were found with the provided path: world3-run/BOTTLENECKS_3.md
world3-run/cpu-collapsed.txt
world3-run/wall-collapsed.txt
world3-run/alloc-collapsed.txt
world3-run/cpu-flamegraph.html
world3-run/server-stdout.log
world3-run/gc.log
world3-run/remset.log
world3-run/refine.log
world3-run/recon.jfr
world3-run/ap.log
world3-run/run-env.txt
world3-run/pclip-materialize.log
world3-run/chunk-parse-diag.txt
world3-run/entity-recon.txt
world3-run/patched-kernel.jar
world3-run/spark-report/. No artifacts will be uploaded.
2026-09-24T03:14:01.0691108Z Post job cleanup.
2026-09-24T03:14:01.1460451Z [command]/usr/bin/git version
2026-09-24T03:14:01.1496170Z git version 2.55.0
2026-09-24T03:14:01.1525463Z Temporarily overriding HOME='/home/runner/work/_temp/adfba5a0-a77c-4724-9ceb-ed79fd85cf7a' before making global git config changes
2026-09-24T03:14:01.1526599Z Adding repository directory to the temporary git global config as a safe directory
2026-09-24T03:14:01.1530063Z [command]/usr/bin/git config --global --add safe.directory /home/runner/work/c-crussty/c-crussty
2026-09-24T03:14:01.1560832Z [command]/usr/bin/git config --local --name-only --get-regexp core\.sshCommand
2026-09-24T03:14:01.1588969Z [command]/usr/bin/git submodule foreach --recursive sh -c "git config --local --name-only --get-regexp 'core\.sshCommand' && git config --local --unset-all 'core.sshCommand' || :"
2026-09-24T03:14:01.1776342Z [command]/usr/bin/git config --local --name-only --get-regexp http\.https\:\/\/github\.com\/\.extraheader
2026-09-24T03:14:01.1798332Z http.https://github.com/.extraheader
2026-09-24T03:14:01.1809291Z [command]/usr/bin/git config --local --unset-all http.https://github.com/.extraheader
2026-09-24T03:14:01.1836591Z [command]/usr/bin/git submodule foreach --recursive sh -c "git config --local --name-only --get-regexp 'http\.https\:\/\/github\.com\/\.extraheader' && git config --local --unset-all 'http.https://github.com/.extraheader' || :"
2026-09-24T03:14:01.2034825Z [command]/usr/bin/git config --local --name-only --get-regexp ^includeIf\.gitdir:
2026-09-24T03:14:01.2062013Z [command]/usr/bin/git submodule foreach --recursive git config --local --show-origin --name-only --get-regexp remote.origin.url
2026-09-24T03:14:01.2358964Z Cleaning up orphan processes
2026-09-24T03:14:01.2555585Z ##[warning]Node.js 20 is deprecated. The following actions target Node.js 20 but are being forced to run on Node.js 24: actions/checkout@v4, actions/upload-artifact@v4. For more information see: https://github.blog/changelog/2025-09-19-deprecation-of-node-20-on-github-actions-runners/
