warning: unexpected `cfg` condition name: `ncf_profile`
   --> src/filler.rs:357:29
    |
357 |     let skip_aquifer = cfg!(ncf_profile) && std::env::var("NCF_SKIP_AQUIFER").is_ok();
    |                             ^^^^^^^^^^^
    |
    = help: expected names are: `docsrs`, `feature`, and `test` and 34 more
    = help: consider using a Cargo feature instead
    = help: or consider adding in `Cargo.toml` the `check-cfg` lint config for the lint:
             [lints.rust]
             unexpected_cfgs = { level = "warn", check-cfg = ['cfg(ncf_profile)'] }
    = help: or consider adding `println!("cargo::rustc-check-cfg=cfg(ncf_profile)");` to the top of the `build.rs`
    = note: see <https://doc.rust-lang.org/nightly/rustc/check-cfg/cargo-specifics.html> for more information about checking conditional configuration
    = note: `#[warn(unexpected_cfgs)]` on by default

warning: unexpected `cfg` condition name: `ncf_profile`
   --> src/filler.rs:358:27
    |
358 |     let skip_veins = cfg!(ncf_profile) && std::env::var("NCF_SKIP_VEINS").is_ok();
    |                           ^^^^^^^^^^^
    |
    = help: consider using a Cargo feature instead
    = help: or consider adding in `Cargo.toml` the `check-cfg` lint config for the lint:
             [lints.rust]
             unexpected_cfgs = { level = "warn", check-cfg = ['cfg(ncf_profile)'] }
    = help: or consider adding `println!("cargo::rustc-check-cfg=cfg(ncf_profile)");` to the top of the `build.rs`
    = note: see <https://doc.rust-lang.org/nightly/rustc/check-cfg/cargo-specifics.html> for more information about checking conditional configuration

warning: unexpected `cfg` condition name: `ncf_profile`
   --> src/filler.rs:359:27
    |
359 |     let skip_write = cfg!(ncf_profile) && std::env::var("NCF_SKIP_WRITE").is_ok();
    |                           ^^^^^^^^^^^
    |
    = help: consider using a Cargo feature instead
    = help: or consider adding in `Cargo.toml` the `check-cfg` lint config for the lint:
             [lints.rust]
             unexpected_cfgs = { level = "warn", check-cfg = ['cfg(ncf_profile)'] }
    = help: or consider adding `println!("cargo::rustc-check-cfg=cfg(ncf_profile)");` to the top of the `build.rs`
    = note: see <https://doc.rust-lang.org/nightly/rustc/check-cfg/cargo-specifics.html> for more information about checking conditional configuration

warning: unexpected `cfg` condition name: `ncf_profile`
   --> src/filler.rs:360:24
    |
360 |     let skip_hm = cfg!(ncf_profile) && std::env::var("NCF_SKIP_HM").is_ok();
    |                        ^^^^^^^^^^^
    |
    = help: consider using a Cargo feature instead
    = help: or consider adding in `Cargo.toml` the `check-cfg` lint config for the lint:
             [lints.rust]
             unexpected_cfgs = { level = "warn", check-cfg = ['cfg(ncf_profile)'] }
    = help: or consider adding `println!("cargo::rustc-check-cfg=cfg(ncf_profile)");` to the top of the `build.rs`
    = note: see <https://doc.rust-lang.org/nightly/rustc/check-cfg/cargo-specifics.html> for more information about checking conditional configuration

warning: unexpected `cfg` condition name: `ncf_profile`
   --> src/filler.rs:361:27
    |
361 |     let skip_drive = cfg!(ncf_profile) && std::env::var("NCF_SKIP_DRIVE").is_ok();
    |                           ^^^^^^^^^^^
    |
    = help: consider using a Cargo feature instead
    = help: or consider adding in `Cargo.toml` the `check-cfg` lint config for the lint:
             [lints.rust]
             unexpected_cfgs = { level = "warn", check-cfg = ['cfg(ncf_profile)'] }
    = help: or consider adding `println!("cargo::rustc-check-cfg=cfg(ncf_profile)");` to the top of the `build.rs`
    = note: see <https://doc.rust-lang.org/nightly/rustc/check-cfg/cargo-specifics.html> for more information about checking conditional configuration

warning: unexpected `cfg` condition name: `ncf_profile`
   --> src/filler.rs:362:27
    |
362 |     let skip_biome = cfg!(ncf_profile) && std::env::var("NCF_SKIP_BIOME").is_ok();
    |                           ^^^^^^^^^^^
    |
    = help: consider using a Cargo feature instead
    = help: or consider adding in `Cargo.toml` the `check-cfg` lint config for the lint:
             [lints.rust]
             unexpected_cfgs = { level = "warn", check-cfg = ['cfg(ncf_profile)'] }
    = help: or consider adding `println!("cargo::rustc-check-cfg=cfg(ncf_profile)");` to the top of the `build.rs`
    = note: see <https://doc.rust-lang.org/nightly/rustc/check-cfg/cargo-specifics.html> for more information about checking conditional configuration

warning: unused import: `HeightmapKind`
  --> src/sections.rs:20:49
   |
20 | use crate::filler::{BlockStateDef, FillerChunk, HeightmapKind, StateTable};
   |                                                 ^^^^^^^^^^^^^
   |
   = note: `#[warn(unused_imports)]` (part of `#[warn(unused)]`) on by default

warning: unused import: `StateTable`
  --> src/carvers.rs:23:34
   |
23 | use crate::filler::{FillerChunk, StateTable};
   |                                  ^^^^^^^^^^

warning: unused import: `HashSet`
  --> src/carvers.rs:27:33
   |
27 | use std::collections::{HashMap, HashSet};
   |                                 ^^^^^^^

warning: unused import: `StateTable`
  --> src/features.rs:28:34
   |
28 | use crate::filler::{FillerChunk, StateTable};
   |                                  ^^^^^^^^^^

warning: unused import: `crate::mth`
  --> src/features.rs:31:5
   |
31 | use crate::mth;
   |     ^^^^^^^^^^

warning: unused variable: `bank`
   --> src/interpolator.rs:595:18
    |
595 |     pub fn build(bank: &NoiseBank, ifields: [usize; 15], arena: Arena) -> Self {
    |                  ^^^^ help: if this is intentional, prefix it with an underscore: `_bank`
    |
    = note: `#[warn(unused_variables)]` (part of `#[warn(unused)]`) on by default

warning: unused variable: `count`
   --> src/region.rs:504:22
    |
504 |         let (offset, count) = sector_of[coord];
    |                      ^^^^^ help: if this is intentional, prefix it with an underscore: `_count`

warning: value assigned to `remaining` is never read
   --> src/carvers.rs:423:36
    |
423 |     let mut remaining: [bool; 4] = [true; 4]; // OCEAN_FLOOR, WORLD_SURFACE, MB, MB_NO_LEAVES
    |                                    ^^^^^^^^^ this value is reassigned later and never used
...
426 |             remaining = [true; 4];
    |             --------------------- `remaining` is overwritten here before the previous value is read
    |
    = note: `#[warn(unused_assignments)]` (part of `#[warn(unused)]`) on by default

warning: variable does not need to be mutable
   --> src/carvers.rs:642:25
    |
642 |                     let mut cols = ChunkColumns { chunk: state.chunk };
    |                         ----^^^^
    |                         |
    |                         help: remove this `mut`
    |
    = note: `#[warn(unused_mut)]` (part of `#[warn(unused)]`) on by default

warning: type `LazyCache` is more private than the item `Cond::BiomeIs::cache`
   --> src/surface_rules.rs:287:36
    |
287 |     BiomeIs { biomes: Vec<String>, cache: std::cell::Cell<LazyCache> },
    |                                    ^^^^^^^^^^^^^^^^^^^^^^^^^^^^^^^^^ field `Cond::BiomeIs::cache` is reachable at visibility `pub`
    |
note: but type `LazyCache` is only usable at visibility `pub(self)`
   --> src/surface_rules.rs:276:1
    |
276 | struct LazyCache {
    | ^^^^^^^^^^^^^^^^
    = note: `#[warn(private_interfaces)]` on by default

warning: type `LazyCache` is more private than the item `Cond::StoneDepth::cache`
   --> src/surface_rules.rs:288:99
    |
288 |     StoneDepth { offset: i32, add_surface_depth: bool, secondary_depth_range: i32, ceiling: bool, cache: std::cell::Cell<LazyCache> },
    |                                                                                                   ^^^^^^^^^^^^^^^^^^^^^^^^^^^^^^^^^ field `Cond::StoneDepth::cache` is reachable at visibility `pub`
    |
note: but type `LazyCache` is only usable at visibility `pub(self)`
   --> src/surface_rules.rs:276:1
    |
276 | struct LazyCache {
    | ^^^^^^^^^^^^^^^^

warning: type `LazyCache` is more private than the item `Cond::YAbove::cache`
   --> src/surface_rules.rs:289:72
    |
289 |     YAbove { anchor: VerticalAnchor, mult: i32, add_stone_depth: bool, cache: std::cell::Cell<LazyCache> },
    |                                                                        ^^^^^^^^^^^^^^^^^^^^^^^^^^^^^^^^^ field `Cond::YAbove::cache` is reachable at visibility `pub`
    |
note: but type `LazyCache` is only usable at visibility `pub(self)`
   --> src/surface_rules.rs:276:1
    |
276 | struct LazyCache {
    | ^^^^^^^^^^^^^^^^

warning: type `LazyCache` is more private than the item `Cond::Water::cache`
   --> src/surface_rules.rs:290:60
    |
290 |     Water { offset: i32, mult: i32, add_stone_depth: bool, cache: std::cell::Cell<LazyCache> },
    |                                                            ^^^^^^^^^^^^^^^^^^^^^^^^^^^^^^^^^ field `Cond::Water::cache` is reachable at visibility `pub`
    |
note: but type `LazyCache` is only usable at visibility `pub(self)`
   --> src/surface_rules.rs:276:1
    |
276 | struct LazyCache {
    | ^^^^^^^^^^^^^^^^

warning: type `LazyCache` is more private than the item `Cond::Temperature::cache`
   --> src/surface_rules.rs:291:19
    |
291 |     Temperature { cache: std::cell::Cell<LazyCache> },
    |                   ^^^^^^^^^^^^^^^^^^^^^^^^^^^^^^^^^ field `Cond::Temperature::cache` is reachable at visibility `pub`
    |
note: but type `LazyCache` is only usable at visibility `pub(self)`
   --> src/surface_rules.rs:276:1
    |
276 | struct LazyCache {
    | ^^^^^^^^^^^^^^^^

warning: type `LazyCache` is more private than the item `Cond::VerticalGradient::cache`
   --> src/surface_rules.rs:292:110
    |
292 | ...omFactory>, cache: std::cell::Cell<LazyCache> },
    |                ^^^^^^^^^^^^^^^^^^^^^^^^^^^^^^^^^ field `Cond::VerticalGradient::cache` is reachable at visibility `pub`
    |
note: but type `LazyCache` is only usable at visibility `pub(self)`
   --> src/surface_rules.rs:276:1
    |
276 | struct LazyCache {
    | ^^^^^^^^^^^^^^^^

warning: type `LazyCache` is more private than the item `Cond::NoiseThreshold::cache`
   --> src/surface_rules.rs:294:60
    |
294 |     NoiseThreshold { noise_idx: usize, min: f64, max: f64, cache: std::cell::Cell<LazyCache> },
    |                                                            ^^^^^^^^^^^^^^^^^^^^^^^^^^^^^^^^^ field `Cond::NoiseThreshold::cache` is reachable at visibility `pub`
    |
note: but type `LazyCache` is only usable at visibility `pub(self)`
   --> src/surface_rules.rs:276:1
    |
276 | struct LazyCache {
    | ^^^^^^^^^^^^^^^^

warning: type `LazyCache` is more private than the item `Cond::Steep::cache`
   --> src/surface_rules.rs:295:13
    |
295 |     Steep { cache: std::cell::Cell<LazyCache> },
    |             ^^^^^^^^^^^^^^^^^^^^^^^^^^^^^^^^^ field `Cond::Steep::cache` is reachable at visibility `pub`
    |
note: but type `LazyCache` is only usable at visibility `pub(self)`
   --> src/surface_rules.rs:276:1
    |
276 | struct LazyCache {
    | ^^^^^^^^^^^^^^^^

warning: type `LazyCache` is more private than the item `Cond::Hole::cache`
   --> src/surface_rules.rs:296:12
    |
296 |     Hole { cache: std::cell::Cell<LazyCache> },
    |            ^^^^^^^^^^^^^^^^^^^^^^^^^^^^^^^^^ field `Cond::Hole::cache` is reachable at visibility `pub`
    |
note: but type `LazyCache` is only usable at visibility `pub(self)`
   --> src/surface_rules.rs:276:1
    |
276 | struct LazyCache {
    | ^^^^^^^^^^^^^^^^

warning: type `WNode` is more private than the item `SimTemplate::wnodes`
   --> src/interpolator.rs:578:5
    |
578 |     pub wnodes: Vec<WNode>,
    |     ^^^^^^^^^^^^^^^^^^^^^^ field `SimTemplate::wnodes` is reachable at visibility `pub`
    |
note: but type `WNode` is only usable at visibility `pub(self)`
   --> src/interpolator.rs:428:1
    |
428 | enum WNode {
    | ^^^^^^^^^^

warning: type `WSpline` is more private than the item `SimTemplate::wsplines`
   --> src/interpolator.rs:582:5
    |
582 |     pub wsplines: Vec<WSpline>,
    |     ^^^^^^^^^^^^^^^^^^^^^^^^^^ field `SimTemplate::wsplines` is reachable at visibility `pub`
    |
note: but type `WSpline` is only usable at visibility `pub(self)`
   --> src/interpolator.rs:454:1
    |
454 | struct WSpline {
    | ^^^^^^^^^^^^^^

warning: field `noise_size_xz` is never read
   --> src/interpolator.rs:550:5
    |
533 | pub struct NoiseChunkSim<'a> {
    |            ------------- field in this struct
...
550 |     noise_size_xz: i32,
    |     ^^^^^^^^^^^^^
    |
    = note: `#[warn(dead_code)]` (part of `#[warn(unused)]`) on by default

warning: method `resolve` is never used
   --> src/features.rs:206:8
    |
205 | impl HeightAnchor {
    | ----------------- method in this implementation
206 |     fn resolve(&self, min_y: i32, height: i32) -> i32 {
    |        ^^^^^^^

warning: `chunk_factory` (lib) generated 28 warnings (run `cargo fix --lib -p chunk_factory` to apply 8 suggestions)
warning: value assigned to `d` is never read
   --> src/bin/aquacheck.rs:296:51
    |
296 |                         let (mut a, mut b, mut c, mut d) = (s10, s11, s12, s13);
    |                                                   ^^^^^ this value is reassigned later and never used
...
302 |                         else { d = slot; h = d2; }
    |                                -------- `d` is overwritten here before the previous value is read
    |
    = note: `#[warn(unused_assignments)]` (part of `#[warn(unused)]`) on by default

warning: `chunk_factory` (bin "aquacheck") generated 1 warning
    Finished `release` profile [optimized] target(s) in 0.00s
     Running `target/release/aquacheck /home/z/my-project/c-crussty/ci-server/golden/tectB_424242/vectors/aquifer.csv /home/z/my-project/c-crussty/ci-server/golden/tectB_424242/vectors/aquifer_meta.txt --worldgen /home/z/my-project/c-crussty/ci-datapacks/tectonic-extract --seed 424242`
  TRACE: substance=-0.003093760671064566 (0xbf6958161cec87c0) decision=minecraft:air touched_by_this_decision=[]
  TRACE: selected i10..i13 = slots (112,104,100,110) dists (i6..i9) = (4,114,216,241) grid_min=(-14,-7,-16) grid_size=(3,3)
  TRACE: i10 slot=112 mine_cache=Some(FluidStatus { fluid_level: -32512, kind: Water }) java_meta=Some((63, "minecraft:water"))
  TRACE: i11 slot=104 mine_cache=Some(FluidStatus { fluid_level: 63, kind: Water }) java_meta=Some((63, "minecraft:water"))
  TRACE: i12 slot=100 mine_cache=None java_meta=None
  TRACE: i13 slot=110 mine_cache=None java_meta=None
  FIELDS slot=100 pos=(-206,56,-251) erosion=-0.29552340507507324 depth=0.28942073695361614 floodedness=1.0 spread=0.08050240960348233 lava=-0.11432306068657393 deep_dark=false | QUART erosion=-0.29703062772750854 depth=0.29726071655750275 deep_dark=false
  FIELDS slot=103 pos=(-203,48,-233) erosion=-0.2989434599876404 depth=0.4022183921188116 floodedness=-0.21257147199672258 spread=-0.09675997574367703 lava=0.5384431782118752 deep_dark=false | QUART erosion=-0.2984406650066376 depth=0.4023210871964693 deep_dark=false
  FIELDS slot=109 pos=(-201,60,-256) erosion=-0.2837035059928894 depth=0.17258186638355255 floodedness=1.0 spread=-0.2227054187469733 lava=0.1176544076016049 deep_dark=false | QUART erosion=-0.2874423861503601 depth=0.17171858064830303 deep_dark=false
  FIELDS slot=112 pos=(-200,64,-239) erosion=-0.2967855632305145 depth=0.28047142550349236 floodedness=-0.18003911564277628 spread=0.038550864630188156 lava=-0.10212605466476994 deep_dark=false | QUART erosion=-0.2962343096733093 depth=0.27848296985030174 deep_dark=false
  FIELDS slot=118 pos=(-207,78,-247) erosion=-0.29549095034599304 depth=0.1427512764930725 floodedness=-0.18050166158837336 spread=0.1338466558064998 lava=-0.10720967236333408 deep_dark=false | QUART erosion=-0.29655420780181885 depth=0.14715268090367317 deep_dark=false
  FIELDS slot=121 pos=(-208,76,-234) erosion=-0.2989457845687866 depth=0.1794808693230152 floodedness=-0.20752636391509865 spread=0.34408333390871637 lava=-0.18204812971722503 deep_dark=false | QUART erosion=-0.2987041473388672 depth=0.1812334582209587 deep_dark=false
  FIELDS slot=101 pos=(-188,55,-247) erosion=-0.27333885431289673 depth=0.21454713679850101 floodedness=1.0 spread=0.11872676000849337 lava=0.041535400630811146 deep_dark=false | QUART erosion=-0.2724997401237488 depth=0.21137052960693836 deep_dark=false
  FIELDS slot=104 pos=(-192,55,-240) erosion=-0.2908256947994232 depth=0.3153476193547249 floodedness=1.0 spread=0.12982196483898895 lava=0.23514721125166388 deep_dark=false | QUART erosion=-0.2908256947994232 depth=0.3153476193547249 deep_dark=false
  FIELDS slot=110 pos=(-191,66,-251) erosion=-0.2780013680458069 depth=0.13561638817191124 floodedness=1.0 spread=-0.13521028788776232 lava=-0.2914884689796692 deep_dark=false | QUART erosion=-0.2787831127643585 depth=0.13504132255911827 deep_dark=false
  FIELDS slot=113 pos=(-184,66,-236) erosion=-0.28084778785705566 depth=0.16415200755000114 floodedness=1.0 spread=0.11536152888431474 lava=-0.2712608056251341 deep_dark=false | QUART erosion=-0.28084778785705566 depth=0.16415200755000114 deep_dark=false
  FIELDS slot=119 pos=(-186,75,-253) erosion=-0.26326966285705566 depth=0.031345940195024014 floodedness=-0.018908015933545064 spread=-0.09034840175720361 lava=0.02026481145209836 deep_dark=false | QUART erosion=-0.26084083318710327 depth=0.020944744348526 deep_dark=false
  FIELDS slot=122 pos=(-187,73,-239) erosion=-0.2830197215080261 depth=0.11671659722924232 floodedness=-0.030575665964076383 spread=0.3105334558820014 lava=0.08608069168860753 deep_dark=false | QUART erosion=-0.28355148434638977 depth=0.1192360632121563 deep_dark=false
FIRST decision diff @ (-200,62,-239): mine minecraft:air java minecraft:water[level=0]
  my meta: (130, -14, -7, -16, 3, 3)
  base grid cell: (-13,5,-16)
  cand grid=(-13,4,-16) slot=100 mine_loc=-56349971951560 java_loc=-56349971951560 java_d2=216
  cand grid=(-13,4,-15) slot=103 mine_loc=-55525338157008 java_loc=-55525338157008 java_d2=241
  cand grid=(-13,5,-16) slot=109 mine_loc=-54975582437316 java_loc=-54975582437316 java_d2=294
  cand grid=(-13,5,-15) slot=112 mine_loc=-54700704460736 java_loc=-54700704460736 java_d2=4
  cand grid=(-13,6,-16) slot=118 mine_loc=-56624849842098 java_loc=-56624849842098 java_d2=369
  cand grid=(-13,6,-15) slot=121 mine_loc=-56899727695796 java_loc=-56899727695796 java_d2=285
  cand grid=(-12,4,-16) slot=101 mine_loc=-51402169610185 java_loc=-51402169610185 java_d2=257
  cand grid=(-12,4,-15) slot=104 mine_loc=-52501681209289 java_loc=-52501681209289 java_d2=114
  cand grid=(-12,5,-16) slot=110 mine_loc=-52226803347390 java_loc=-52226803347390 java_d2=241
  cand grid=(-12,5,-15) slot=113 mine_loc=-50302657937342 java_loc=-50302657937342 java_d2=281
  cand grid=(-12,6,-16) slot=119 mine_loc=-50852413820853 java_loc=-50852413820853 java_d2=561
  cand grid=(-12,6,-15) slot=122 mine_loc=-51127291670455 java_loc=-51127291670455 java_d2=290
  java-side 4 nearest by locs: [(112, -54700704460736, 4), (104, -52501681209289, 114), (100, -56349971951560, 216), (103, -55525338157008, 241)]
  center slot=112 pos=(-200,64,-239) mine_status=(-32512,Water) deep_dark=false flooded=-0.18003911564277628 d2=0 maxsurf=64 fluid_present=false
  center slot=112 java_status=Some(Some((63, "minecraft:water")))
  center slot=104 pos=(-192,55,-240) mine_status=(63,Water) deep_dark=false flooded=1 d2=0 maxsurf=64 fluid_present=false
  center slot=104 java_status=Some(Some((63, "minecraft:water")))
aquacheck cache population: mine=56 java=55
aquacheck: rows=98304 substance_diff=0 decision_diff=118 sched_diff=133 loc_diff=123 fluid_diff=55
  meta: mine (130, -14, -7, -16, 3, 3) java (0, 0, 0, 0, 0, 0)
  loc[10]: mine 9223372036854775807 java -55525338226756
  loc[11]: mine 9223372036854775807 java -50577535914049
  loc[13]: mine 9223372036854775807 java -55525338173511
  loc[14]: mine 9223372036854775807 java -51402169548867
  loc[16]: mine 9223372036854775807 java -56075093897280
  loc[17]: mine 9223372036854775807 java -50852413661250
  loc[18]: mine 9223372036854775807 java -58823873110072
  loc[19]: mine 9223372036854775807 java -56624849854519
  loc[20]: mine 9223372036854775807 java -51677047545912
  loc[21]: mine 9223372036854775807 java -61297774202935
  loc[22]: mine 9223372036854775807 java -56075093958716
  loc[23]: mine 9223372036854775807 java -51127291658294
  loc[24]: mine 9223372036854775807 java -60198262526007
  loc[25]: mine 9223372036854775807 java -55800216023100
  loc[26]: mine 9223372036854775807 java -50852413698100
  loc[27]: mine 9223372036854775807 java -59098751029291
  loc[28]: mine 9223372036854775807 java -54975582408747
  loc[29]: mine 9223372036854775807 java -50302657982504
  loc[30]: mine 9223372036854775807 java -61022896308264
  loc[31]: mine 9223372036854775807 java -54425826521134
  loc[32]: mine 9223372036854775807 java -51127291650089
  loc[33]: mine 9223372036854775807 java -60748018323504
  loc[34]: mine 9223372036854775807 java -54700704370734
  loc[35]: mine 9223372036854775807 java -51402169499691
  loc[36]: mine 9223372036854775807 java -61297774293022
  loc[37]: mine 9223372036854775807 java -56349971943460
  loc[38]: mine 9223372036854775807 java -51677047541793
  loc[39]: mine 9223372036854775807 java -61022896312356
  loc[40]: mine 9223372036854775807 java -56349971902492
  loc[41]: mine 9223372036854775807 java -51402169548832
  loc[42]: mine 9223372036854775807 java -59923384602653
  loc[43]: mine 9223372036854775807 java -54700704378908
  loc[44]: mine 9223372036854775807 java -50027779956768
  loc[45]: mine 9223372036854775807 java -60198262640664
  loc[46]: mine 9223372036854775807 java -56624849854484
  loc[47]: mine 9223372036854775807 java -51402169614356
  loc[48]: mine 9223372036854775807 java -58823873028114
  loc[49]: mine 9223372036854775807 java -54700704452630
  loc[50]: mine 9223372036854775807 java -50577535856660
  loc[51]: mine 9223372036854775807 java -61297774141458
  fluid[19]: mine None java Some((-32512, "minecraft:lava"))
  fluid[23]: mine None java Some((-32512, "minecraft:water"))
  fluid[26]: mine None java Some((-32512, "minecraft:water"))
  fluid[28]: mine None java Some((-32512, "minecraft:water"))
  fluid[30]: mine None java Some((-32512, "minecraft:water"))
  fluid[31]: mine None java Some((-32512, "minecraft:water"))
  fluid[32]: mine None java Some((-32512, "minecraft:water"))
  fluid[34]: mine None java Some((-32512, "minecraft:water"))
  fluid[35]: mine None java Some((-32512, "minecraft:water"))
  fluid[37]: mine None java Some((-32512, "minecraft:water"))
  fluid[40]: mine None java Some((-32512, "minecraft:water"))
  fluid[41]: mine None java Some((-32512, "minecraft:water"))
  fluid[43]: mine None java Some((-32512, "minecraft:water"))
  fluid[44]: mine None java Some((-32512, "minecraft:water"))
  fluid[49]: mine None java Some((-32512, "minecraft:water"))
  fluid[52]: mine None java Some((-32512, "minecraft:water"))
  fluid[53]: mine None java Some((-32512, "minecraft:water"))
  fluid[58]: mine None java Some((-32512, "minecraft:water"))
  fluid[61]: mine None java Some((-32512, "minecraft:water"))
aquacheck content gate: 251 (loc/fluid = probe-cascade info)
