warning: variable does not need to be mutable
   --> src/climate.rs:370:9
    |
370 |     let mut keys: Vec<[i64; 7]> = children.iter().map(key_of).collect();
    |         ----^^^^
    |         |
    |         help: remove this `mut`
    |
    = note: `#[warn(unused_mut)]` (part of `#[warn(unused)]`) on by default

warning: variable does not need to be mutable
   --> src/climate.rs:401:9
    |
401 |     let mut keys: Vec<[i64; 7]> = buckets
    |         ----^^^^
    |         |
    |         help: remove this `mut`

warning: unused variable: `w`
   --> src/interpolator.rs:905:33
    |
905 |     fn compute_inner(&mut self, w: usize, node: &WNode, ctx: Ctx) -> f64 {
    |                                 ^ help: if this is intentional, prefix it with an underscore: `_w`
    |
    = note: `#[warn(unused_variables)]` (part of `#[warn(unused)]`) on by default

warning: fields `min` and `max` are never read
   --> src/interpolator.rs:453:5
    |
448 | struct WSpline {
    |        ------- fields in this struct
...
453 |     min: f32,
    |     ^^^
454 |     max: f32,
    |     ^^^
    |
    = note: `#[warn(dead_code)]` (part of `#[warn(unused)]`) on by default

warning: `chunk_factory` (lib) generated 4 warnings (run `cargo fix --lib -p chunk_factory` to apply 3 suggestions)
    Finished `release` profile [optimized] target(s) in 0.00s
     Running `target/release/mcaforge /home/z/c-crussty/ci-server-mca/golden/raw/raw /home/z/c-crussty/ci-server-mca/rust-regions`
wrote /home/z/c-crussty/ci-server-mca/rust-regions/r.3.3.mca (9 chunks, 149 sectors)
MCAFORGE COMPLETE chunks=9 regions=1
