warning: unexpected `cfg` condition name: `ncf_profile`
   --> src/filler.rs:357:29
    |
357 |     let skip_aquifer = cfg!(ncf_profile) && std::env::var("NCF_SKIP_AQUIFER").is_ok();
    |                             ^^^^^^^^^^^
    |
    = help: expected names are: `docsrs`, `feature`, and `test` and 34 more
    = help: consider using a Cargo feature instead
    = help: or consider adding in `Cargo.toml` the `check-cfg` lint config for the lint:
             [lints.rust]
             unexpected_cfgs = { level = "warn", check-cfg = ['cfg(ncf_profile)'] }
    = help: or consider adding `println!("cargo::rustc-check-cfg=cfg(ncf_profile)");` to the top of the `build.rs`
    = note: see <https://doc.rust-lang.org/nightly/rustc/check-cfg/cargo-specifics.html> for more information about checking conditional configuration
    = note: `#[warn(unexpected_cfgs)]` on by default

warning: unexpected `cfg` condition name: `ncf_profile`
   --> src/filler.rs:358:27
    |
358 |     let skip_veins = cfg!(ncf_profile) && std::env::var("NCF_SKIP_VEINS").is_ok();
    |                           ^^^^^^^^^^^
    |
    = help: consider using a Cargo feature instead
    = help: or consider adding in `Cargo.toml` the `check-cfg` lint config for the lint:
             [lints.rust]
             unexpected_cfgs = { level = "warn", check-cfg = ['cfg(ncf_profile)'] }
    = help: or consider adding `println!("cargo::rustc-check-cfg=cfg(ncf_profile)");` to the top of the `build.rs`
    = note: see <https://doc.rust-lang.org/nightly/rustc/check-cfg/cargo-specifics.html> for more information about checking conditional configuration

warning: unexpected `cfg` condition name: `ncf_profile`
   --> src/filler.rs:359:27
    |
359 |     let skip_write = cfg!(ncf_profile) && std::env::var("NCF_SKIP_WRITE").is_ok();
    |                           ^^^^^^^^^^^
    |
    = help: consider using a Cargo feature instead
    = help: or consider adding in `Cargo.toml` the `check-cfg` lint config for the lint:
             [lints.rust]
             unexpected_cfgs = { level = "warn", check-cfg = ['cfg(ncf_profile)'] }
    = help: or consider adding `println!("cargo::rustc-check-cfg=cfg(ncf_profile)");` to the top of the `build.rs`
    = note: see <https://doc.rust-lang.org/nightly/rustc/check-cfg/cargo-specifics.html> for more information about checking conditional configuration

warning: unexpected `cfg` condition name: `ncf_profile`
   --> src/filler.rs:360:24
    |
360 |     let skip_hm = cfg!(ncf_profile) && std::env::var("NCF_SKIP_HM").is_ok();
    |                        ^^^^^^^^^^^
    |
    = help: consider using a Cargo feature instead
    = help: or consider adding in `Cargo.toml` the `check-cfg` lint config for the lint:
             [lints.rust]
             unexpected_cfgs = { level = "warn", check-cfg = ['cfg(ncf_profile)'] }
    = help: or consider adding `println!("cargo::rustc-check-cfg=cfg(ncf_profile)");` to the top of the `build.rs`
    = note: see <https://doc.rust-lang.org/nightly/rustc/check-cfg/cargo-specifics.html> for more information about checking conditional configuration

warning: unexpected `cfg` condition name: `ncf_profile`
   --> src/filler.rs:361:27
    |
361 |     let skip_drive = cfg!(ncf_profile) && std::env::var("NCF_SKIP_DRIVE").is_ok();
    |                           ^^^^^^^^^^^
    |
    = help: consider using a Cargo feature instead
    = help: or consider adding in `Cargo.toml` the `check-cfg` lint config for the lint:
             [lints.rust]
             unexpected_cfgs = { level = "warn", check-cfg = ['cfg(ncf_profile)'] }
    = help: or consider adding `println!("cargo::rustc-check-cfg=cfg(ncf_profile)");` to the top of the `build.rs`
    = note: see <https://doc.rust-lang.org/nightly/rustc/check-cfg/cargo-specifics.html> for more information about checking conditional configuration

warning: unexpected `cfg` condition name: `ncf_profile`
   --> src/filler.rs:362:27
    |
362 |     let skip_biome = cfg!(ncf_profile) && std::env::var("NCF_SKIP_BIOME").is_ok();
    |                           ^^^^^^^^^^^
    |
    = help: consider using a Cargo feature instead
    = help: or consider adding in `Cargo.toml` the `check-cfg` lint config for the lint:
             [lints.rust]
             unexpected_cfgs = { level = "warn", check-cfg = ['cfg(ncf_profile)'] }
    = help: or consider adding `println!("cargo::rustc-check-cfg=cfg(ncf_profile)");` to the top of the `build.rs`
    = note: see <https://doc.rust-lang.org/nightly/rustc/check-cfg/cargo-specifics.html> for more information about checking conditional configuration

warning: unused import: `HeightmapKind`
  --> src/sections.rs:20:49
   |
20 | use crate::filler::{BlockStateDef, FillerChunk, HeightmapKind, StateTable};
   |                                                 ^^^^^^^^^^^^^
   |
   = note: `#[warn(unused_imports)]` (part of `#[warn(unused)]`) on by default

warning: unused import: `StateTable`
  --> src/carvers.rs:23:34
   |
23 | use crate::filler::{FillerChunk, StateTable};
   |                                  ^^^^^^^^^^

warning: unused import: `HashSet`
  --> src/carvers.rs:27:33
   |
27 | use std::collections::{HashMap, HashSet};
   |                                 ^^^^^^^

warning: unused import: `StateTable`
  --> src/features.rs:28:34
   |
28 | use crate::filler::{FillerChunk, StateTable};
   |                                  ^^^^^^^^^^

warning: unused import: `crate::mth`
  --> src/features.rs:31:5
   |
31 | use crate::mth;
   |     ^^^^^^^^^^

warning: unused variable: `bank`
   --> src/interpolator.rs:595:18
    |
595 |     pub fn build(bank: &NoiseBank, ifields: [usize; 15], arena: Arena) -> Self {
    |                  ^^^^ help: if this is intentional, prefix it with an underscore: `_bank`
    |
    = note: `#[warn(unused_variables)]` (part of `#[warn(unused)]`) on by default

warning: unused variable: `count`
   --> src/region.rs:504:22
    |
504 |         let (offset, count) = sector_of[coord];
    |                      ^^^^^ help: if this is intentional, prefix it with an underscore: `_count`

warning: value assigned to `remaining` is never read
   --> src/carvers.rs:423:36
    |
423 |     let mut remaining: [bool; 4] = [true; 4]; // OCEAN_FLOOR, WORLD_SURFACE, MB, MB_NO_LEAVES
    |                                    ^^^^^^^^^ this value is reassigned later and never used
...
426 |             remaining = [true; 4];
    |             --------------------- `remaining` is overwritten here before the previous value is read
    |
    = note: `#[warn(unused_assignments)]` (part of `#[warn(unused)]`) on by default

warning: variable does not need to be mutable
   --> src/carvers.rs:642:25
    |
642 |                     let mut cols = ChunkColumns { chunk: state.chunk };
    |                         ----^^^^
    |                         |
    |                         help: remove this `mut`
    |
    = note: `#[warn(unused_mut)]` (part of `#[warn(unused)]`) on by default

warning: type `LazyCache` is more private than the item `Cond::BiomeIs::cache`
   --> src/surface_rules.rs:287:36
    |
287 |     BiomeIs { biomes: Vec<String>, cache: std::cell::Cell<LazyCache> },
    |                                    ^^^^^^^^^^^^^^^^^^^^^^^^^^^^^^^^^ field `Cond::BiomeIs::cache` is reachable at visibility `pub`
    |
note: but type `LazyCache` is only usable at visibility `pub(self)`
   --> src/surface_rules.rs:276:1
    |
276 | struct LazyCache {
    | ^^^^^^^^^^^^^^^^
    = note: `#[warn(private_interfaces)]` on by default

warning: type `LazyCache` is more private than the item `Cond::StoneDepth::cache`
   --> src/surface_rules.rs:288:99
    |
288 |     StoneDepth { offset: i32, add_surface_depth: bool, secondary_depth_range: i32, ceiling: bool, cache: std::cell::Cell<LazyCache> },
    |                                                                                                   ^^^^^^^^^^^^^^^^^^^^^^^^^^^^^^^^^ field `Cond::StoneDepth::cache` is reachable at visibility `pub`
    |
note: but type `LazyCache` is only usable at visibility `pub(self)`
   --> src/surface_rules.rs:276:1
    |
276 | struct LazyCache {
    | ^^^^^^^^^^^^^^^^

warning: type `LazyCache` is more private than the item `Cond::YAbove::cache`
   --> src/surface_rules.rs:289:72
    |
289 |     YAbove { anchor: VerticalAnchor, mult: i32, add_stone_depth: bool, cache: std::cell::Cell<LazyCache> },
    |                                                                        ^^^^^^^^^^^^^^^^^^^^^^^^^^^^^^^^^ field `Cond::YAbove::cache` is reachable at visibility `pub`
    |
note: but type `LazyCache` is only usable at visibility `pub(self)`
   --> src/surface_rules.rs:276:1
    |
276 | struct LazyCache {
    | ^^^^^^^^^^^^^^^^

warning: type `LazyCache` is more private than the item `Cond::Water::cache`
   --> src/surface_rules.rs:290:60
    |
290 |     Water { offset: i32, mult: i32, add_stone_depth: bool, cache: std::cell::Cell<LazyCache> },
    |                                                            ^^^^^^^^^^^^^^^^^^^^^^^^^^^^^^^^^ field `Cond::Water::cache` is reachable at visibility `pub`
    |
note: but type `LazyCache` is only usable at visibility `pub(self)`
   --> src/surface_rules.rs:276:1
    |
276 | struct LazyCache {
    | ^^^^^^^^^^^^^^^^

warning: type `LazyCache` is more private than the item `Cond::Temperature::cache`
   --> src/surface_rules.rs:291:19
    |
291 |     Temperature { cache: std::cell::Cell<LazyCache> },
    |                   ^^^^^^^^^^^^^^^^^^^^^^^^^^^^^^^^^ field `Cond::Temperature::cache` is reachable at visibility `pub`
    |
note: but type `LazyCache` is only usable at visibility `pub(self)`
   --> src/surface_rules.rs:276:1
    |
276 | struct LazyCache {
    | ^^^^^^^^^^^^^^^^

warning: type `LazyCache` is more private than the item `Cond::VerticalGradient::cache`
   --> src/surface_rules.rs:292:110
    |
292 | ...omFactory>, cache: std::cell::Cell<LazyCache> },
    |                ^^^^^^^^^^^^^^^^^^^^^^^^^^^^^^^^^ field `Cond::VerticalGradient::cache` is reachable at visibility `pub`
    |
note: but type `LazyCache` is only usable at visibility `pub(self)`
   --> src/surface_rules.rs:276:1
    |
276 | struct LazyCache {
    | ^^^^^^^^^^^^^^^^

warning: type `LazyCache` is more private than the item `Cond::NoiseThreshold::cache`
   --> src/surface_rules.rs:294:60
    |
294 |     NoiseThreshold { noise_idx: usize, min: f64, max: f64, cache: std::cell::Cell<LazyCache> },
    |                                                            ^^^^^^^^^^^^^^^^^^^^^^^^^^^^^^^^^ field `Cond::NoiseThreshold::cache` is reachable at visibility `pub`
    |
note: but type `LazyCache` is only usable at visibility `pub(self)`
   --> src/surface_rules.rs:276:1
    |
276 | struct LazyCache {
    | ^^^^^^^^^^^^^^^^

warning: type `LazyCache` is more private than the item `Cond::Steep::cache`
   --> src/surface_rules.rs:295:13
    |
295 |     Steep { cache: std::cell::Cell<LazyCache> },
    |             ^^^^^^^^^^^^^^^^^^^^^^^^^^^^^^^^^ field `Cond::Steep::cache` is reachable at visibility `pub`
    |
note: but type `LazyCache` is only usable at visibility `pub(self)`
   --> src/surface_rules.rs:276:1
    |
276 | struct LazyCache {
    | ^^^^^^^^^^^^^^^^

warning: type `LazyCache` is more private than the item `Cond::Hole::cache`
   --> src/surface_rules.rs:296:12
    |
296 |     Hole { cache: std::cell::Cell<LazyCache> },
    |            ^^^^^^^^^^^^^^^^^^^^^^^^^^^^^^^^^ field `Cond::Hole::cache` is reachable at visibility `pub`
    |
note: but type `LazyCache` is only usable at visibility `pub(self)`
   --> src/surface_rules.rs:276:1
    |
276 | struct LazyCache {
    | ^^^^^^^^^^^^^^^^

warning: type `WNode` is more private than the item `SimTemplate::wnodes`
   --> src/interpolator.rs:578:5
    |
578 |     pub wnodes: Vec<WNode>,
    |     ^^^^^^^^^^^^^^^^^^^^^^ field `SimTemplate::wnodes` is reachable at visibility `pub`
    |
note: but type `WNode` is only usable at visibility `pub(self)`
   --> src/interpolator.rs:428:1
    |
428 | enum WNode {
    | ^^^^^^^^^^

warning: type `WSpline` is more private than the item `SimTemplate::wsplines`
   --> src/interpolator.rs:582:5
    |
582 |     pub wsplines: Vec<WSpline>,
    |     ^^^^^^^^^^^^^^^^^^^^^^^^^^ field `SimTemplate::wsplines` is reachable at visibility `pub`
    |
note: but type `WSpline` is only usable at visibility `pub(self)`
   --> src/interpolator.rs:454:1
    |
454 | struct WSpline {
    | ^^^^^^^^^^^^^^

warning: field `noise_size_xz` is never read
   --> src/interpolator.rs:550:5
    |
533 | pub struct NoiseChunkSim<'a> {
    |            ------------- field in this struct
...
550 |     noise_size_xz: i32,
    |     ^^^^^^^^^^^^^
    |
    = note: `#[warn(dead_code)]` (part of `#[warn(unused)]`) on by default

warning: method `resolve` is never used
   --> src/features.rs:206:8
    |
205 | impl HeightAnchor {
    | ----------------- method in this implementation
206 |     fn resolve(&self, min_y: i32, height: i32) -> i32 {
    |        ^^^^^^^

warning: `chunk_factory` (lib) generated 28 warnings (run `cargo fix --lib -p chunk_factory` to apply 8 suggestions)
    Finished `release` profile [optimized] target(s) in 0.00s
     Running `target/release/veccheck /home/z/my-project/c-crussty/ci-server/golden/tectB_424242/vectors --worldgen /home/z/my-project/c-crussty/ci-datapacks/tectonic-extract --seed 424242 --settings overworld`
density.csv     : checked 56775, mismatches 0
spec_hash       : ce2d12f3cb97ac75
interp.csv       : interp_count 9, checked 884736, mismatches 0
TOTAL: 941511 checked, 0 mismatches
VERDICT: ZERO-DIFF GATE PASS (bit-exact)
