[2026-09-25T20:31:47.514+0000][0.008s][info][gc,init] CardTable entry size: 512
[2026-09-25T20:31:47.514+0000][0.008s][info][gc     ] Using Parallel
[2026-09-25T20:31:47.525+0000][0.019s][info][gc,init] Version: 21.0.12.1+1-LTS (release)
[2026-09-25T20:31:47.525+0000][0.019s][info][gc,init] CPUs: 4 total, 4 available
[2026-09-25T20:31:47.525+0000][0.019s][info][gc,init] Memory: 15989M
[2026-09-25T20:31:47.525+0000][0.019s][info][gc,init] Large Page Support: Disabled
[2026-09-25T20:31:47.525+0000][0.019s][info][gc,init] NUMA Support: Disabled
[2026-09-25T20:31:47.525+0000][0.019s][info][gc,init] Compressed Oops: Enabled (Zero based)
[2026-09-25T20:31:47.525+0000][0.019s][info][gc,init] Alignments: Space 512K, Generation 512K, Heap 2M
[2026-09-25T20:31:47.525+0000][0.019s][info][gc,init] Heap Min Capacity: 4G
[2026-09-25T20:31:47.525+0000][0.019s][info][gc,init] Heap Initial Capacity: 4G
[2026-09-25T20:31:47.525+0000][0.019s][info][gc,init] Heap Max Capacity: 10G
[2026-09-25T20:31:47.525+0000][0.019s][info][gc,init] Pre-touch: Disabled
[2026-09-25T20:31:47.525+0000][0.019s][info][gc,init] Parallel Workers: 4
[2026-09-25T20:31:47.534+0000][0.028s][info][gc,metaspace] CDS archive(s) mapped at: [0x00007fb62b000000-0x00007fb62bc9c000-0x00007fb62bc9c000), size 13221888, SharedBaseAddress: 0x00007fb62b000000, ArchiveRelocationMode: 1.
[2026-09-25T20:31:47.534+0000][0.028s][info][gc,metaspace] Compressed class space mapped at: 0x00007fb62c000000-0x00007fb66c000000, reserved size: 1073741824
[2026-09-25T20:31:47.534+0000][0.028s][info][gc,metaspace] Narrow klass base: 0x00007fb62b000000, Narrow klass shift: 0, Narrow klass range: 0x100000000
[2026-09-25T20:31:49.578+0000][2.072s][info][gc,start    ] GC(0) Pause Young (Metadata GC Threshold)
[2026-09-25T20:31:49.586+0000][2.079s][info][gc,heap     ] GC(0) PSYoungGen: 919414K(1223168K)->12692K(1223168K) Eden: 919414K(1048576K)->0K(1048576K) From: 0K(174592K)->12692K(174592K)
[2026-09-25T20:31:49.586+0000][2.079s][info][gc,heap     ] GC(0) ParOldGen: 1073K(2796544K)->1145K(2796544K)
[2026-09-25T20:31:49.586+0000][2.079s][info][gc,metaspace] GC(0) Metaspace: 21095K(21504K)->21095K(21504K) NonClass: 18721K(18944K)->18721K(18944K) Class: 2374K(2560K)->2374K(2560K)
[2026-09-25T20:31:49.586+0000][2.079s][info][gc          ] GC(0) Pause Young (Metadata GC Threshold) 898M->13M(3925M) 7.407ms
[2026-09-25T20:31:49.586+0000][2.079s][info][gc,cpu      ] GC(0) User=0.02s Sys=0.00s Real=0.01s
[2026-09-25T20:31:49.586+0000][2.079s][info][gc,start    ] GC(1) Pause Full (Metadata GC Threshold)
[2026-09-25T20:31:49.586+0000][2.080s][info][gc,phases,start] GC(1) Marking Phase
[2026-09-25T20:31:49.594+0000][2.088s][info][gc,phases      ] GC(1) Marking Phase 8.246ms
[2026-09-25T20:31:49.594+0000][2.088s][info][gc,phases,start] GC(1) Summary Phase
[2026-09-25T20:31:49.594+0000][2.088s][info][gc,phases      ] GC(1) Summary Phase 0.008ms
[2026-09-25T20:31:49.594+0000][2.088s][info][gc,phases,start] GC(1) Adjust Roots
[2026-09-25T20:31:49.597+0000][2.091s][info][gc,phases      ] GC(1) Adjust Roots 3.168ms
[2026-09-25T20:31:49.597+0000][2.091s][info][gc,phases,start] GC(1) Compaction Phase
[2026-09-25T20:31:49.607+0000][2.100s][info][gc,phases      ] GC(1) Compaction Phase 9.468ms
[2026-09-25T20:31:49.607+0000][2.100s][info][gc,phases,start] GC(1) Post Compact
[2026-09-25T20:31:49.608+0000][2.102s][info][gc,phases      ] GC(1) Post Compact 1.482ms
[2026-09-25T20:31:49.608+0000][2.102s][info][gc,heap        ] GC(1) PSYoungGen: 12692K(1223168K)->0K(1223168K) Eden: 0K(1048576K)->0K(1048576K) From: 12692K(174592K)->0K(174592K)
[2026-09-25T20:31:49.608+0000][2.102s][info][gc,heap        ] GC(1) ParOldGen: 1145K(2796544K)->13577K(2796544K)
[2026-09-25T20:31:49.608+0000][2.102s][info][gc,metaspace   ] GC(1) Metaspace: 21095K(21504K)->21095K(21504K) NonClass: 18721K(18944K)->18721K(18944K) Class: 2374K(2560K)->2374K(2560K)
[2026-09-25T20:31:49.608+0000][2.102s][info][gc             ] GC(1) Pause Full (Metadata GC Threshold) 13M->13M(3925M) 22.500ms
[2026-09-25T20:31:49.608+0000][2.102s][info][gc,cpu         ] GC(1) User=0.04s Sys=0.03s Real=0.02s
[2026-09-25T20:31:50.809+0000][3.303s][info][gc,start       ] GC(2) Pause Young (Metadata GC Threshold)
[2026-09-25T20:31:50.833+0000][3.327s][info][gc,heap        ] GC(2) PSYoungGen: 492466K(1223168K)->51103K(1223168K) Eden: 492466K(1048576K)->0K(1048576K) From: 0K(174592K)->51103K(174592K)
[2026-09-25T20:31:50.833+0000][3.327s][info][gc,heap        ] GC(2) ParOldGen: 13577K(2796544K)->13585K(2796544K)
[2026-09-25T20:31:50.833+0000][3.327s][info][gc,metaspace   ] GC(2) Metaspace: 35379K(35840K)->35379K(35840K) NonClass: 31283K(31552K)->31283K(31552K) Class: 4095K(4288K)->4095K(4288K)
[2026-09-25T20:31:50.833+0000][3.327s][info][gc             ] GC(2) Pause Young (Metadata GC Threshold) 494M->63M(3925M) 24.681ms
[2026-09-25T20:31:50.833+0000][3.327s][info][gc,cpu         ] GC(2) User=0.08s Sys=0.01s Real=0.02s
[2026-09-25T20:31:50.833+0000][3.327s][info][gc,start       ] GC(3) Pause Full (Metadata GC Threshold)
[2026-09-25T20:31:50.833+0000][3.327s][info][gc,phases,start] GC(3) Marking Phase
[2026-09-25T20:31:50.856+0000][3.350s][info][gc,phases      ] GC(3) Marking Phase 22.867ms
[2026-09-25T20:31:50.856+0000][3.350s][info][gc,phases,start] GC(3) Summary Phase
[2026-09-25T20:31:50.856+0000][3.350s][info][gc,phases      ] GC(3) Summary Phase 0.016ms
[2026-09-25T20:31:50.856+0000][3.350s][info][gc,phases,start] GC(3) Adjust Roots
[2026-09-25T20:31:50.860+0000][3.353s][info][gc,phases      ] GC(3) Adjust Roots 3.169ms
[2026-09-25T20:31:50.860+0000][3.353s][info][gc,phases,start] GC(3) Compaction Phase
[2026-09-25T20:31:50.898+0000][3.392s][info][gc,phases      ] GC(3) Compaction Phase 38.584ms
[2026-09-25T20:31:50.898+0000][3.392s][info][gc,phases,start] GC(3) Post Compact
[2026-09-25T20:31:50.899+0000][3.393s][info][gc,phases      ] GC(3) Post Compact 1.186ms
[2026-09-25T20:31:50.899+0000][3.393s][info][gc,heap        ] GC(3) PSYoungGen: 51103K(1223168K)->0K(1223168K) Eden: 0K(1048576K)->0K(1048576K) From: 51103K(174592K)->0K(174592K)
[2026-09-25T20:31:50.899+0000][3.393s][info][gc,heap        ] GC(3) ParOldGen: 13585K(2796544K)->64282K(2796544K)
[2026-09-25T20:31:50.899+0000][3.393s][info][gc,metaspace   ] GC(3) Metaspace: 35379K(35840K)->35379K(35840K) NonClass: 31283K(31552K)->31283K(31552K) Class: 4095K(4288K)->4095K(4288K)
[2026-09-25T20:31:50.899+0000][3.393s][info][gc             ] GC(3) Pause Full (Metadata GC Threshold) 63M->62M(3925M) 65.974ms
[2026-09-25T20:31:50.899+0000][3.393s][info][gc,cpu         ] GC(3) User=0.23s Sys=0.01s Real=0.07s
[2026-09-25T20:31:52.957+0000][5.451s][info][gc,start       ] GC(4) Pause Young (Metadata GC Threshold)
[2026-09-25T20:31:52.987+0000][5.481s][info][gc,heap        ] GC(4) PSYoungGen: 410697K(1223168K)->42952K(1223168K) Eden: 410697K(1048576K)->0K(1048576K) From: 0K(174592K)->42952K(174592K)
[2026-09-25T20:31:52.987+0000][5.481s][info][gc,heap        ] GC(4) ParOldGen: 64282K(2796544K)->64298K(2796544K)
[2026-09-25T20:31:52.987+0000][5.481s][info][gc,metaspace   ] GC(4) Metaspace: 59168K(59776K)->59168K(59776K) NonClass: 50572K(50880K)->50572K(50880K) Class: 8595K(8896K)->8595K(8896K)
[2026-09-25T20:31:52.987+0000][5.481s][info][gc             ] GC(4) Pause Young (Metadata GC Threshold) 463M->104M(3925M) 29.954ms
[2026-09-25T20:31:52.987+0000][5.481s][info][gc,cpu         ] GC(4) User=0.11s Sys=0.00s Real=0.03s
[2026-09-25T20:31:52.987+0000][5.481s][info][gc,start       ] GC(5) Pause Full (Metadata GC Threshold)
[2026-09-25T20:31:52.987+0000][5.481s][info][gc,phases,start] GC(5) Marking Phase
[2026-09-25T20:31:53.030+0000][5.523s][info][gc,phases      ] GC(5) Marking Phase 42.724ms
[2026-09-25T20:31:53.030+0000][5.524s][info][gc,phases,start] GC(5) Summary Phase
[2026-09-25T20:31:53.030+0000][5.524s][info][gc,phases      ] GC(5) Summary Phase 0.008ms
[2026-09-25T20:31:53.030+0000][5.524s][info][gc,phases,start] GC(5) Adjust Roots
[2026-09-25T20:31:53.036+0000][5.529s][info][gc,phases      ] GC(5) Adjust Roots 5.843ms
[2026-09-25T20:31:53.036+0000][5.529s][info][gc,phases,start] GC(5) Compaction Phase
[2026-09-25T20:31:53.108+0000][5.602s][info][gc,phases      ] GC(5) Compaction Phase 72.946ms
[2026-09-25T20:31:53.109+0000][5.602s][info][gc,phases,start] GC(5) Post Compact
[2026-09-25T20:31:53.110+0000][5.604s][info][gc,phases      ] GC(5) Post Compact 1.250ms
[2026-09-25T20:31:53.110+0000][5.604s][info][gc,heap        ] GC(5) PSYoungGen: 42952K(1223168K)->0K(1223168K) Eden: 0K(1048576K)->0K(1048576K) From: 42952K(174592K)->0K(174592K)
[2026-09-25T20:31:53.110+0000][5.604s][info][gc,heap        ] GC(5) ParOldGen: 64298K(2796544K)->103032K(2796544K)
[2026-09-25T20:31:53.110+0000][5.604s][info][gc,metaspace   ] GC(5) Metaspace: 59168K(59776K)->59168K(59776K) NonClass: 50572K(50880K)->50572K(50880K) Class: 8595K(8896K)->8595K(8896K)
[2026-09-25T20:31:53.110+0000][5.604s][info][gc             ] GC(5) Pause Full (Metadata GC Threshold) 104M->100M(3925M) 122.941ms
[2026-09-25T20:31:53.110+0000][5.604s][info][gc,cpu         ] GC(5) User=0.44s Sys=0.01s Real=0.12s
[2026-09-25T20:31:56.333+0000][8.827s][info][gc,start       ] GC(6) Pause Young (Metadata GC Threshold)
[2026-09-25T20:31:56.440+0000][8.934s][info][gc,heap        ] GC(6) PSYoungGen: 843693K(1223168K)->174591K(1223168K) Eden: 843693K(1048576K)->0K(1048576K) From: 0K(174592K)->174591K(174592K)
[2026-09-25T20:31:56.440+0000][8.934s][info][gc,heap        ] GC(6) ParOldGen: 103032K(2796544K)->105408K(2796544K)
[2026-09-25T20:31:56.440+0000][8.934s][info][gc,metaspace   ] GC(6) Metaspace: 98801K(99648K)->98801K(99648K) NonClass: 84843K(85312K)->84843K(85312K) Class: 13958K(14336K)->13958K(14336K)
[2026-09-25T20:31:56.440+0000][8.934s][info][gc             ] GC(6) Pause Young (Metadata GC Threshold) 924M->273M(3925M) 106.571ms
[2026-09-25T20:31:56.440+0000][8.934s][info][gc,cpu         ] GC(6) User=0.38s Sys=0.03s Real=0.11s
[2026-09-25T20:31:56.440+0000][8.934s][info][gc,start       ] GC(7) Pause Full (Metadata GC Threshold)
[2026-09-25T20:31:56.440+0000][8.934s][info][gc,phases,start] GC(7) Marking Phase
[2026-09-25T20:31:56.565+0000][9.059s][info][gc,phases      ] GC(7) Marking Phase 125.353ms
[2026-09-25T20:31:56.565+0000][9.059s][info][gc,phases,start] GC(7) Summary Phase
[2026-09-25T20:31:56.565+0000][9.059s][info][gc,phases      ] GC(7) Summary Phase 0.030ms
[2026-09-25T20:31:56.565+0000][9.059s][info][gc,phases,start] GC(7) Adjust Roots
[2026-09-25T20:31:56.574+0000][9.068s][info][gc,phases      ] GC(7) Adjust Roots 9.162ms
[2026-09-25T20:31:56.574+0000][9.068s][info][gc,phases,start] GC(7) Compaction Phase
[2026-09-25T20:31:56.848+0000][9.342s][info][gc,phases      ] GC(7) Compaction Phase 273.540ms
[2026-09-25T20:31:56.848+0000][9.342s][info][gc,phases,start] GC(7) Post Compact
[2026-09-25T20:31:56.850+0000][9.344s][info][gc,phases      ] GC(7) Post Compact 1.880ms
[2026-09-25T20:31:56.850+0000][9.344s][info][gc,heap        ] GC(7) PSYoungGen: 174591K(1223168K)->0K(1223168K) Eden: 0K(1048576K)->0K(1048576K) From: 174591K(174592K)->0K(174592K)
[2026-09-25T20:31:56.850+0000][9.344s][info][gc,heap        ] GC(7) ParOldGen: 105408K(2796544K)->278447K(2796544K)
[2026-09-25T20:31:56.850+0000][9.344s][info][gc,metaspace   ] GC(7) Metaspace: 98801K(99648K)->98801K(99648K) NonClass: 84843K(85312K)->84843K(85312K) Class: 13958K(14336K)->13958K(14336K)
[2026-09-25T20:31:56.850+0000][9.344s][info][gc             ] GC(7) Pause Full (Metadata GC Threshold) 273M->271M(3925M) 410.150ms
[2026-09-25T20:31:56.850+0000][9.344s][info][gc,cpu         ] GC(7) User=1.51s Sys=0.02s Real=0.41s
[2026-09-25T20:31:59.860+0000][12.354s][info][gc,start       ] GC(8) Pause Young (Allocation Failure)
[2026-09-25T20:31:59.909+0000][12.403s][info][gc,heap        ] GC(8) PSYoungGen: 1048576K(1223168K)->77753K(1223168K) Eden: 1048576K(1048576K)->0K(1048576K) From: 0K(174592K)->77753K(174592K)
[2026-09-25T20:31:59.909+0000][12.403s][info][gc,heap        ] GC(8) ParOldGen: 278447K(2796544K)->278463K(2796544K)
[2026-09-25T20:31:59.909+0000][12.403s][info][gc,metaspace   ] GC(8) Metaspace: 114323K(115328K)->114323K(115328K) NonClass: 97926K(98496K)->97926K(98496K) Class: 16396K(16832K)->16396K(16832K)
[2026-09-25T20:31:59.909+0000][12.403s][info][gc             ] GC(8) Pause Young (Allocation Failure) 1295M->347M(3925M) 49.498ms
[2026-09-25T20:31:59.909+0000][12.403s][info][gc,cpu         ] GC(8) User=0.19s Sys=0.01s Real=0.05s
[2026-09-25T20:32:06.635+0000][19.129s][info][gc,start       ] GC(9) Pause Young (Allocation Failure)
[2026-09-25T20:32:06.696+0000][19.190s][info][gc,heap        ] GC(9) PSYoungGen: 1126329K(1223168K)->118018K(2240512K) Eden: 1048576K(1048576K)->0K(2084864K) From: 77753K(174592K)->118018K(155648K)
[2026-09-25T20:32:06.696+0000][19.190s][info][gc,heap        ] GC(9) ParOldGen: 278463K(2796544K)->278516K(2796544K)
[2026-09-25T20:32:06.696+0000][19.190s][info][gc,metaspace   ] GC(9) Metaspace: 149458K(150656K)->149458K(150656K) NonClass: 125089K(125760K)->125089K(125760K) Class: 24368K(24896K)->24368K(24896K)
[2026-09-25T20:32:06.696+0000][19.190s][info][gc             ] GC(9) Pause Young (Allocation Failure) 1371M->387M(4919M) 60.809ms
[2026-09-25T20:32:06.696+0000][19.190s][info][gc,cpu         ] GC(9) User=0.21s Sys=0.02s Real=0.06s
[2026-09-25T20:32:08.408+0000][20.902s][info][gc,start       ] GC(10) Pause Young (CodeCache GC Threshold)
[2026-09-25T20:32:08.474+0000][20.968s][info][gc,heap        ] GC(10) PSYoungGen: 600691K(2240512K)->167928K(2252800K) Eden: 482672K(2084864K)->0K(2084864K) From: 118018K(155648K)->167928K(167936K)
[2026-09-25T20:32:08.474+0000][20.968s][info][gc,heap        ] GC(10) ParOldGen: 278516K(2796544K)->281121K(2796544K)
[2026-09-25T20:32:08.474+0000][20.968s][info][gc,metaspace   ] GC(10) Metaspace: 150797K(152064K)->150797K(152064K) NonClass: 126292K(127040K)->126292K(127040K) Class: 24505K(25024K)->24505K(25024K)
[2026-09-25T20:32:08.474+0000][20.968s][info][gc             ] GC(10) Pause Young (CodeCache GC Threshold) 858M->438M(4931M) 66.133ms
[2026-09-25T20:32:08.474+0000][20.968s][info][gc,cpu         ] GC(10) User=0.20s Sys=0.06s Real=0.07s
[2026-09-25T20:32:08.474+0000][20.968s][info][gc,start       ] GC(11) Pause Full (CodeCache GC Threshold)
[2026-09-25T20:32:08.474+0000][20.968s][info][gc,phases,start] GC(11) Marking Phase
[2026-09-25T20:32:08.665+0000][21.158s][info][gc,phases      ] GC(11) Marking Phase 190.105ms
[2026-09-25T20:32:08.665+0000][21.158s][info][gc,phases,start] GC(11) Summary Phase
[2026-09-25T20:32:08.665+0000][21.158s][info][gc,phases      ] GC(11) Summary Phase 0.030ms
[2026-09-25T20:32:08.665+0000][21.158s][info][gc,phases,start] GC(11) Adjust Roots
[2026-09-25T20:32:08.687+0000][21.181s][info][gc,phases      ] GC(11) Adjust Roots 22.453ms
[2026-09-25T20:32:08.687+0000][21.181s][info][gc,phases,start] GC(11) Compaction Phase
[2026-09-25T20:32:09.058+0000][21.552s][info][gc,phases      ] GC(11) Compaction Phase 370.629ms
[2026-09-25T20:32:09.058+0000][21.552s][info][gc,phases,start] GC(11) Post Compact
[2026-09-25T20:32:09.064+0000][21.558s][info][gc,phases      ] GC(11) Post Compact 6.129ms
[2026-09-25T20:32:09.064+0000][21.558s][info][gc,heap        ] GC(11) PSYoungGen: 167928K(2252800K)->0K(2252800K) Eden: 0K(2084864K)->0K(2084864K) From: 167928K(167936K)->0K(167936K)
[2026-09-25T20:32:09.064+0000][21.558s][info][gc,heap        ] GC(11) ParOldGen: 281121K(2796544K)->409297K(2796544K)
[2026-09-25T20:32:09.064+0000][21.558s][info][gc,metaspace   ] GC(11) Metaspace: 150797K(152064K)->150733K(152064K) NonClass: 126292K(127040K)->126244K(127040K) Class: 24505K(25024K)->24489K(25024K)
[2026-09-25T20:32:09.064+0000][21.558s][info][gc             ] GC(11) Pause Full (CodeCache GC Threshold) 438M->399M(4931M) 589.546ms
[2026-09-25T20:32:09.064+0000][21.558s][info][gc,cpu         ] GC(11) User=2.09s Sys=0.02s Real=0.59s
[2026-09-25T20:32:13.264+0000][25.758s][info][gc,start       ] GC(12) Pause Young (Allocation Failure)
[2026-09-25T20:32:13.374+0000][25.868s][info][gc,heap        ] GC(12) PSYoungGen: 2084864K(2252800K)->201194K(2188800K) Eden: 2084864K(2084864K)->0K(1987584K) From: 0K(167936K)->201194K(201216K)
[2026-09-25T20:32:13.374+0000][25.868s][info][gc,heap        ] GC(12) ParOldGen: 409297K(2796544K)->581137K(2796544K)
[2026-09-25T20:32:13.374+0000][25.868s][info][gc,metaspace   ] GC(12) Metaspace: 152783K(154112K)->152783K(154112K) NonClass: 127976K(128768K)->127976K(128768K) Class: 24806K(25344K)->24806K(25344K)
[2026-09-25T20:32:13.374+0000][25.868s][info][gc             ] GC(12) Pause Young (Allocation Failure) 2435M->763M(4868M) 109.881ms
[2026-09-25T20:32:13.374+0000][25.868s][info][gc,cpu         ] GC(12) User=0.33s Sys=0.11s Real=0.10s
[2026-09-25T20:32:17.469+0000][29.963s][info][gc,start       ] GC(13) Pause Young (Allocation Failure)
[2026-09-25T20:32:17.631+0000][30.125s][info][gc,heap        ] GC(13) PSYoungGen: 2188778K(2188800K)->310770K(2298368K) Eden: 1987584K(1987584K)->0K(1987584K) From: 201194K(201216K)->310770K(310784K)
[2026-09-25T20:32:17.631+0000][30.125s][info][gc,heap        ] GC(13) ParOldGen: 581137K(2796544K)->898741K(2796544K)
[2026-09-25T20:32:17.631+0000][30.125s][info][gc,metaspace   ] GC(13) Metaspace: 153318K(154688K)->153318K(154688K) NonClass: 128438K(129216K)->128438K(129216K) Class: 24880K(25472K)->24880K(25472K)
[2026-09-25T20:32:17.631+0000][30.125s][info][gc             ] GC(13) Pause Young (Allocation Failure) 2704M->1181M(4975M) 161.853ms
[2026-09-25T20:32:17.631+0000][30.125s][info][gc,cpu         ] GC(13) User=0.53s Sys=0.11s Real=0.16s
[2026-09-25T20:32:21.185+0000][33.679s][info][gc,start       ] GC(14) Pause Young (Allocation Failure)
[2026-09-25T20:32:21.353+0000][33.847s][info][gc,heap        ] GC(14) PSYoungGen: 2298354K(2298368K)->493026K(2674176K) Eden: 1987584K(1987584K)->0K(2181120K) From: 310770K(310784K)->493026K(493056K)
[2026-09-25T20:32:21.353+0000][33.847s][info][gc,heap        ] GC(14) ParOldGen: 898741K(2796544K)->1114118K(2796544K)
[2026-09-25T20:32:21.353+0000][33.847s][info][gc,metaspace   ] GC(14) Metaspace: 154107K(155520K)->154107K(155520K) NonClass: 129115K(129920K)->129115K(129920K) Class: 24992K(25600K)->24992K(25600K)
[2026-09-25T20:32:21.353+0000][33.847s][info][gc             ] GC(14) Pause Young (Allocation Failure) 3122M->1569M(5342M) 168.038ms
[2026-09-25T20:32:21.353+0000][33.847s][info][gc,cpu         ] GC(14) User=0.54s Sys=0.13s Real=0.16s
[2026-09-25T20:32:25.844+0000][38.337s][info][gc,start       ] GC(15) Pause Young (Allocation Failure)
[2026-09-25T20:32:26.070+0000][38.564s][info][gc,heap        ] GC(15) PSYoungGen: 2674146K(2674176K)->359684K(2541056K) Eden: 2181120K(2181120K)->0K(2181120K) From: 493026K(493056K)->359684K(359936K)
[2026-09-25T20:32:26.070+0000][38.564s][info][gc,heap        ] GC(15) ParOldGen: 1114118K(2796544K)->1621189K(2796544K)
[2026-09-25T20:32:26.070+0000][38.564s][info][gc,metaspace   ] GC(15) Metaspace: 154849K(156288K)->154849K(156288K) NonClass: 129781K(130624K)->129781K(130624K) Class: 25067K(25664K)->25067K(25664K)
[2026-09-25T20:32:26.070+0000][38.564s][info][gc             ] GC(15) Pause Young (Allocation Failure) 3699M->1934M(5212M) 226.163ms
[2026-09-25T20:32:26.070+0000][38.564s][info][gc,cpu         ] GC(15) User=0.78s Sys=0.11s Real=0.23s
[2026-09-25T20:32:32.524+0000][45.018s][info][gc,start       ] GC(16) Pause Young (Allocation Failure)
[2026-09-25T20:32:32.739+0000][45.232s][info][gc,heap        ] GC(16) PSYoungGen: 2540804K(2541056K)->356053K(2834432K) Eden: 2181120K(2181120K)->0K(2172928K) From: 359684K(359936K)->356053K(661504K)
[2026-09-25T20:32:32.739+0000][45.232s][info][gc,heap        ] GC(16) ParOldGen: 1621189K(2796544K)->1990289K(2796544K)
[2026-09-25T20:32:32.739+0000][45.232s][info][gc,metaspace   ] GC(16) Metaspace: 157385K(158912K)->157385K(158912K) NonClass: 132150K(133056K)->132150K(133056K) Class: 25234K(25856K)->25234K(25856K)
[2026-09-25T20:32:32.739+0000][45.232s][info][gc             ] GC(16) Pause Young (Allocation Failure) 4064M->2291M(5499M) 214.659ms
[2026-09-25T20:32:32.739+0000][45.232s][info][gc,cpu         ] GC(16) User=0.72s Sys=0.13s Real=0.22s
[2026-09-25T20:32:37.564+0000][50.058s][info][gc,start       ] GC(17) Pause Young (Allocation Failure)
[2026-09-25T20:32:37.869+0000][50.362s][info][gc,heap        ] GC(17) PSYoungGen: 2528981K(2834432K)->472755K(2646016K) Eden: 2172928K(2172928K)->0K(2172928K) From: 356053K(661504K)->472755K(473088K)
[2026-09-25T20:32:37.869+0000][50.362s][info][gc,heap        ] GC(17) ParOldGen: 1990289K(2796544K)->2358246K(2796544K)
[2026-09-25T20:32:37.869+0000][50.362s][info][gc,metaspace   ] GC(17) Metaspace: 158158K(159680K)->158158K(159680K) NonClass: 132904K(133760K)->132904K(133760K) Class: 25254K(25920K)->25254K(25920K)
[2026-09-25T20:32:37.869+0000][50.362s][info][gc             ] GC(17) Pause Young (Allocation Failure) 4413M->2764M(5315M) 304.294ms
[2026-09-25T20:32:37.869+0000][50.362s][info][gc,cpu         ] GC(17) User=0.94s Sys=0.16s Real=0.30s
[2026-09-25T20:32:42.100+0000][54.594s][info][gc,start       ] GC(18) Pause Young (CodeCache GC Threshold)
[2026-09-25T20:32:42.341+0000][54.835s][info][gc,heap        ] GC(18) PSYoungGen: 2511936K(2646016K)->372711K(2802688K) Eden: 2039181K(2172928K)->0K(2102784K) From: 472755K(473088K)->372711K(699904K)
[2026-09-25T20:32:42.341+0000][54.835s][info][gc,heap        ] GC(18) ParOldGen: 2358246K(2796544K)->2748579K(2796544K)
[2026-09-25T20:32:42.341+0000][54.835s][info][gc,metaspace   ] GC(18) Metaspace: 159249K(160832K)->159249K(160832K) NonClass: 133932K(134848K)->133932K(134848K) Class: 25317K(25984K)->25317K(25984K)
[2026-09-25T20:32:42.341+0000][54.835s][info][gc             ] GC(18) Pause Young (CodeCache GC Threshold) 4756M->3048M(5468M) 240.869ms
[2026-09-25T20:32:42.341+0000][54.835s][info][gc,cpu         ] GC(18) User=0.77s Sys=0.15s Real=0.24s
[2026-09-25T20:32:42.341+0000][54.835s][info][gc,start       ] GC(19) Pause Full (CodeCache GC Threshold)
[2026-09-25T20:32:42.341+0000][54.835s][info][gc,phases,start] GC(19) Marking Phase
[2026-09-25T20:32:42.816+0000][55.310s][info][gc,phases      ] GC(19) Marking Phase 474.701ms
[2026-09-25T20:32:42.816+0000][55.310s][info][gc,phases,start] GC(19) Summary Phase
[2026-09-25T20:32:42.816+0000][55.310s][info][gc,phases      ] GC(19) Summary Phase 0.111ms
[2026-09-25T20:32:42.816+0000][55.310s][info][gc,phases,start] GC(19) Adjust Roots
[2026-09-25T20:32:42.838+0000][55.332s][info][gc,phases      ] GC(19) Adjust Roots 21.900ms
[2026-09-25T20:32:42.838+0000][55.332s][info][gc,phases,start] GC(19) Compaction Phase
[2026-09-25T20:32:43.316+0000][55.810s][info][gc,phases      ] GC(19) Compaction Phase 478.476ms
[2026-09-25T20:32:43.316+0000][55.810s][info][gc,phases,start] GC(19) Post Compact
[2026-09-25T20:32:43.337+0000][55.831s][info][gc,phases      ] GC(19) Post Compact 20.532ms
[2026-09-25T20:32:43.337+0000][55.831s][info][gc,heap        ] GC(19) PSYoungGen: 372711K(2802688K)->0K(2802688K) Eden: 0K(2102784K)->0K(2102784K) From: 372711K(699904K)->0K(699904K)
[2026-09-25T20:32:43.337+0000][55.831s][info][gc,heap        ] GC(19) ParOldGen: 2748579K(2796544K)->1889434K(2796544K)
[2026-09-25T20:32:43.337+0000][55.831s][info][gc,metaspace   ] GC(19) Metaspace: 159249K(160832K)->159196K(160832K) NonClass: 133932K(134848K)->133892K(134848K) Class: 25317K(25984K)->25303K(25984K)
[2026-09-25T20:32:43.337+0000][55.831s][info][gc             ] GC(19) Pause Full (CodeCache GC Threshold) 3048M->1845M(5468M) 995.964ms
[2026-09-25T20:32:43.337+0000][55.831s][info][gc,cpu         ] GC(19) User=3.54s Sys=0.08s Real=1.00s
