[2026-09-22T14:32:27.379+0000][0.006s][info][gc,init] CardTable entry size: 512
[2026-09-22T14:32:27.379+0000][0.006s][info][gc     ] Using Parallel
[2026-09-22T14:32:27.385+0000][0.012s][info][gc,init] Version: 21.0.12.1+1-LTS (release)
[2026-09-22T14:32:27.385+0000][0.012s][info][gc,init] CPUs: 4 total, 4 available
[2026-09-22T14:32:27.385+0000][0.012s][info][gc,init] Memory: 15989M
[2026-09-22T14:32:27.385+0000][0.012s][info][gc,init] Large Page Support: Disabled
[2026-09-22T14:32:27.385+0000][0.012s][info][gc,init] NUMA Support: Disabled
[2026-09-22T14:32:27.385+0000][0.012s][info][gc,init] Compressed Oops: Enabled (Zero based)
[2026-09-22T14:32:27.385+0000][0.012s][info][gc,init] Alignments: Space 512K, Generation 512K, Heap 2M
[2026-09-22T14:32:27.385+0000][0.012s][info][gc,init] Heap Min Capacity: 4G
[2026-09-22T14:32:27.385+0000][0.012s][info][gc,init] Heap Initial Capacity: 4G
[2026-09-22T14:32:27.385+0000][0.012s][info][gc,init] Heap Max Capacity: 10G
[2026-09-22T14:32:27.385+0000][0.012s][info][gc,init] Pre-touch: Disabled
[2026-09-22T14:32:27.385+0000][0.012s][info][gc,init] Parallel Workers: 4
[2026-09-22T14:32:27.393+0000][0.020s][info][gc,metaspace] CDS archive(s) mapped at: [0x00007fdbbf000000-0x00007fdbbfc9c000-0x00007fdbbfc9c000), size 13221888, SharedBaseAddress: 0x00007fdbbf000000, ArchiveRelocationMode: 1.
[2026-09-22T14:32:27.393+0000][0.020s][info][gc,metaspace] Compressed class space mapped at: 0x00007fdbc0000000-0x00007fdc00000000, reserved size: 1073741824
[2026-09-22T14:32:27.393+0000][0.020s][info][gc,metaspace] Narrow klass base: 0x00007fdbbf000000, Narrow klass shift: 0, Narrow klass range: 0x100000000
[2026-09-22T14:32:29.656+0000][2.283s][info][gc,start    ] GC(0) Pause Young (Metadata GC Threshold)
[2026-09-22T14:32:29.662+0000][2.289s][info][gc,heap     ] GC(0) PSYoungGen: 919414K(1223168K)->12674K(1223168K) Eden: 919414K(1048576K)->0K(1048576K) From: 0K(174592K)->12674K(174592K)
[2026-09-22T14:32:29.662+0000][2.289s][info][gc,heap     ] GC(0) ParOldGen: 1073K(2796544K)->1145K(2796544K)
[2026-09-22T14:32:29.662+0000][2.289s][info][gc,metaspace] GC(0) Metaspace: 21097K(21504K)->21097K(21504K) NonClass: 18723K(18944K)->18723K(18944K) Class: 2374K(2560K)->2374K(2560K)
[2026-09-22T14:32:29.662+0000][2.289s][info][gc          ] GC(0) Pause Young (Metadata GC Threshold) 898M->13M(3925M) 6.265ms
[2026-09-22T14:32:29.662+0000][2.289s][info][gc,cpu      ] GC(0) User=0.02s Sys=0.01s Real=0.01s
[2026-09-22T14:32:29.662+0000][2.289s][info][gc,start    ] GC(1) Pause Full (Metadata GC Threshold)
[2026-09-22T14:32:29.662+0000][2.289s][info][gc,phases,start] GC(1) Marking Phase
[2026-09-22T14:32:29.671+0000][2.298s][info][gc,phases      ] GC(1) Marking Phase 8.159ms
[2026-09-22T14:32:29.671+0000][2.298s][info][gc,phases,start] GC(1) Summary Phase
[2026-09-22T14:32:29.671+0000][2.298s][info][gc,phases      ] GC(1) Summary Phase 0.010ms
[2026-09-22T14:32:29.671+0000][2.298s][info][gc,phases,start] GC(1) Adjust Roots
[2026-09-22T14:32:29.674+0000][2.301s][info][gc,phases      ] GC(1) Adjust Roots 2.874ms
[2026-09-22T14:32:29.674+0000][2.301s][info][gc,phases,start] GC(1) Compaction Phase
[2026-09-22T14:32:29.681+0000][2.308s][info][gc,phases      ] GC(1) Compaction Phase 6.989ms
[2026-09-22T14:32:29.681+0000][2.308s][info][gc,phases,start] GC(1) Post Compact
[2026-09-22T14:32:29.682+0000][2.309s][info][gc,phases      ] GC(1) Post Compact 1.273ms
[2026-09-22T14:32:29.682+0000][2.309s][info][gc,heap        ] GC(1) PSYoungGen: 12674K(1223168K)->0K(1223168K) Eden: 0K(1048576K)->0K(1048576K) From: 12674K(174592K)->0K(174592K)
[2026-09-22T14:32:29.682+0000][2.309s][info][gc,heap        ] GC(1) ParOldGen: 1145K(2796544K)->13574K(2796544K)
[2026-09-22T14:32:29.682+0000][2.309s][info][gc,metaspace   ] GC(1) Metaspace: 21097K(21504K)->21097K(21504K) NonClass: 18723K(18944K)->18723K(18944K) Class: 2374K(2560K)->2374K(2560K)
[2026-09-22T14:32:29.682+0000][2.309s][info][gc             ] GC(1) Pause Full (Metadata GC Threshold) 13M->13M(3925M) 19.452ms
[2026-09-22T14:32:29.682+0000][2.309s][info][gc,cpu         ] GC(1) User=0.04s Sys=0.00s Real=0.01s
[2026-09-22T14:32:30.898+0000][3.525s][info][gc,start       ] GC(2) Pause Young (Metadata GC Threshold)
[2026-09-22T14:32:30.921+0000][3.548s][info][gc,heap        ] GC(2) PSYoungGen: 463088K(1223168K)->51001K(1223168K) Eden: 463088K(1048576K)->0K(1048576K) From: 0K(174592K)->51001K(174592K)
[2026-09-22T14:32:30.921+0000][3.548s][info][gc,heap        ] GC(2) ParOldGen: 13574K(2796544K)->13582K(2796544K)
[2026-09-22T14:32:30.921+0000][3.548s][info][gc,metaspace   ] GC(2) Metaspace: 35401K(35840K)->35401K(35840K) NonClass: 31308K(31552K)->31308K(31552K) Class: 4093K(4288K)->4093K(4288K)
[2026-09-22T14:32:30.921+0000][3.548s][info][gc             ] GC(2) Pause Young (Metadata GC Threshold) 465M->63M(3925M) 23.121ms
[2026-09-22T14:32:30.921+0000][3.548s][info][gc,cpu         ] GC(2) User=0.08s Sys=0.01s Real=0.02s
[2026-09-22T14:32:30.921+0000][3.548s][info][gc,start       ] GC(3) Pause Full (Metadata GC Threshold)
[2026-09-22T14:32:30.921+0000][3.548s][info][gc,phases,start] GC(3) Marking Phase
[2026-09-22T14:32:30.944+0000][3.571s][info][gc,phases      ] GC(3) Marking Phase 22.953ms
[2026-09-22T14:32:30.944+0000][3.571s][info][gc,phases,start] GC(3) Summary Phase
[2026-09-22T14:32:30.945+0000][3.571s][info][gc,phases      ] GC(3) Summary Phase 0.023ms
[2026-09-22T14:32:30.945+0000][3.571s][info][gc,phases,start] GC(3) Adjust Roots
[2026-09-22T14:32:30.948+0000][3.575s][info][gc,phases      ] GC(3) Adjust Roots 3.429ms
[2026-09-22T14:32:30.948+0000][3.575s][info][gc,phases,start] GC(3) Compaction Phase
[2026-09-22T14:32:30.987+0000][3.614s][info][gc,phases      ] GC(3) Compaction Phase 39.274ms
[2026-09-22T14:32:30.987+0000][3.614s][info][gc,phases,start] GC(3) Post Compact
[2026-09-22T14:32:30.988+0000][3.615s][info][gc,phases      ] GC(3) Post Compact 0.982ms
[2026-09-22T14:32:30.988+0000][3.615s][info][gc,heap        ] GC(3) PSYoungGen: 51001K(1223168K)->0K(1223168K) Eden: 0K(1048576K)->0K(1048576K) From: 51001K(174592K)->0K(174592K)
[2026-09-22T14:32:30.988+0000][3.615s][info][gc,heap        ] GC(3) ParOldGen: 13582K(2796544K)->64235K(2796544K)
[2026-09-22T14:32:30.988+0000][3.615s][info][gc,metaspace   ] GC(3) Metaspace: 35401K(35840K)->35401K(35840K) NonClass: 31308K(31552K)->31308K(31552K) Class: 4093K(4288K)->4093K(4288K)
[2026-09-22T14:32:30.988+0000][3.615s][info][gc             ] GC(3) Pause Full (Metadata GC Threshold) 63M->62M(3925M) 66.828ms
[2026-09-22T14:32:30.988+0000][3.615s][info][gc,cpu         ] GC(3) User=0.22s Sys=0.00s Real=0.07s
[2026-09-22T14:32:33.035+0000][5.662s][info][gc,start       ] GC(4) Pause Young (Metadata GC Threshold)
[2026-09-22T14:32:33.066+0000][5.693s][info][gc,heap        ] GC(4) PSYoungGen: 401804K(1223168K)->42945K(1223168K) Eden: 401804K(1048576K)->0K(1048576K) From: 0K(174592K)->42945K(174592K)
[2026-09-22T14:32:33.066+0000][5.693s][info][gc,heap        ] GC(4) ParOldGen: 64235K(2796544K)->64251K(2796544K)
[2026-09-22T14:32:33.066+0000][5.693s][info][gc,metaspace   ] GC(4) Metaspace: 59099K(59776K)->59099K(59776K) NonClass: 50517K(50880K)->50517K(50880K) Class: 8581K(8896K)->8581K(8896K)
[2026-09-22T14:32:33.066+0000][5.693s][info][gc             ] GC(4) Pause Young (Metadata GC Threshold) 455M->104M(3925M) 30.714ms
[2026-09-22T14:32:33.066+0000][5.693s][info][gc,cpu         ] GC(4) User=0.10s Sys=0.01s Real=0.03s
[2026-09-22T14:32:33.066+0000][5.693s][info][gc,start       ] GC(5) Pause Full (Metadata GC Threshold)
[2026-09-22T14:32:33.066+0000][5.693s][info][gc,phases,start] GC(5) Marking Phase
[2026-09-22T14:32:33.106+0000][5.733s][info][gc,phases      ] GC(5) Marking Phase 40.663ms
[2026-09-22T14:32:33.106+0000][5.733s][info][gc,phases,start] GC(5) Summary Phase
[2026-09-22T14:32:33.106+0000][5.733s][info][gc,phases      ] GC(5) Summary Phase 0.008ms
[2026-09-22T14:32:33.106+0000][5.733s][info][gc,phases,start] GC(5) Adjust Roots
[2026-09-22T14:32:33.113+0000][5.740s][info][gc,phases      ] GC(5) Adjust Roots 6.669ms
[2026-09-22T14:32:33.113+0000][5.740s][info][gc,phases,start] GC(5) Compaction Phase
[2026-09-22T14:32:33.184+0000][5.811s][info][gc,phases      ] GC(5) Compaction Phase 70.888ms
[2026-09-22T14:32:33.184+0000][5.811s][info][gc,phases,start] GC(5) Post Compact
[2026-09-22T14:32:33.185+0000][5.812s][info][gc,phases      ] GC(5) Post Compact 1.138ms
[2026-09-22T14:32:33.185+0000][5.812s][info][gc,heap        ] GC(5) PSYoungGen: 42945K(1223168K)->0K(1223168K) Eden: 0K(1048576K)->0K(1048576K) From: 42945K(174592K)->0K(174592K)
[2026-09-22T14:32:33.185+0000][5.812s][info][gc,heap        ] GC(5) ParOldGen: 64251K(2796544K)->103002K(2796544K)
[2026-09-22T14:32:33.185+0000][5.812s][info][gc,metaspace   ] GC(5) Metaspace: 59099K(59776K)->59099K(59776K) NonClass: 50517K(50880K)->50517K(50880K) Class: 8581K(8896K)->8581K(8896K)
[2026-09-22T14:32:33.185+0000][5.812s][info][gc             ] GC(5) Pause Full (Metadata GC Threshold) 104M->100M(3925M) 119.541ms
[2026-09-22T14:32:33.185+0000][5.812s][info][gc,cpu         ] GC(5) User=0.42s Sys=0.01s Real=0.12s
[2026-09-22T14:32:36.325+0000][8.952s][info][gc,start       ] GC(6) Pause Young (Metadata GC Threshold)
[2026-09-22T14:32:36.422+0000][9.049s][info][gc,heap        ] GC(6) PSYoungGen: 773952K(1223168K)->174580K(1223168K) Eden: 773952K(1048576K)->0K(1048576K) From: 0K(174592K)->174580K(174592K)
[2026-09-22T14:32:36.423+0000][9.049s][info][gc,heap        ] GC(6) ParOldGen: 103002K(2796544K)->105450K(2796544K)
[2026-09-22T14:32:36.423+0000][9.049s][info][gc,metaspace   ] GC(6) Metaspace: 98817K(99648K)->98817K(99648K) NonClass: 84859K(85312K)->84859K(85312K) Class: 13958K(14336K)->13958K(14336K)
[2026-09-22T14:32:36.423+0000][9.050s][info][gc             ] GC(6) Pause Young (Metadata GC Threshold) 856M->273M(3925M) 97.943ms
[2026-09-22T14:32:36.423+0000][9.050s][info][gc,cpu         ] GC(6) User=0.38s Sys=0.01s Real=0.10s
[2026-09-22T14:32:36.423+0000][9.050s][info][gc,start       ] GC(7) Pause Full (Metadata GC Threshold)
[2026-09-22T14:32:36.423+0000][9.050s][info][gc,phases,start] GC(7) Marking Phase
[2026-09-22T14:32:36.535+0000][9.162s][info][gc,phases      ] GC(7) Marking Phase 112.757ms
[2026-09-22T14:32:36.535+0000][9.162s][info][gc,phases,start] GC(7) Summary Phase
[2026-09-22T14:32:36.535+0000][9.162s][info][gc,phases      ] GC(7) Summary Phase 0.028ms
[2026-09-22T14:32:36.535+0000][9.162s][info][gc,phases,start] GC(7) Adjust Roots
[2026-09-22T14:32:36.546+0000][9.173s][info][gc,phases      ] GC(7) Adjust Roots 10.137ms
[2026-09-22T14:32:36.546+0000][9.173s][info][gc,phases,start] GC(7) Compaction Phase
[2026-09-22T14:32:36.828+0000][9.455s][info][gc,phases      ] GC(7) Compaction Phase 282.550ms
[2026-09-22T14:32:36.828+0000][9.455s][info][gc,phases,start] GC(7) Post Compact
[2026-09-22T14:32:36.830+0000][9.457s][info][gc,phases      ] GC(7) Post Compact 1.831ms
[2026-09-22T14:32:36.830+0000][9.457s][info][gc,heap        ] GC(7) PSYoungGen: 174580K(1223168K)->0K(1223168K) Eden: 0K(1048576K)->0K(1048576K) From: 174580K(174592K)->0K(174592K)
[2026-09-22T14:32:36.830+0000][9.457s][info][gc,heap        ] GC(7) ParOldGen: 105450K(2796544K)->278451K(2796544K)
[2026-09-22T14:32:36.830+0000][9.457s][info][gc,metaspace   ] GC(7) Metaspace: 98817K(99648K)->98817K(99648K) NonClass: 84859K(85312K)->84859K(85312K) Class: 13958K(14336K)->13958K(14336K)
[2026-09-22T14:32:36.830+0000][9.457s][info][gc             ] GC(7) Pause Full (Metadata GC Threshold) 273M->271M(3925M) 407.486ms
[2026-09-22T14:32:36.830+0000][9.457s][info][gc,cpu         ] GC(7) User=1.50s Sys=0.01s Real=0.40s
[2026-09-22T14:32:40.235+0000][12.862s][info][gc,start       ] GC(8) Pause Young (Allocation Failure)
[2026-09-22T14:32:40.262+0000][12.889s][info][gc,heap        ] GC(8) PSYoungGen: 1048576K(1223168K)->43759K(1223168K) Eden: 1048576K(1048576K)->0K(1048576K) From: 0K(174592K)->43759K(174592K)
[2026-09-22T14:32:40.262+0000][12.889s][info][gc,heap        ] GC(8) ParOldGen: 278451K(2796544K)->278467K(2796544K)
[2026-09-22T14:32:40.262+0000][12.889s][info][gc,metaspace   ] GC(8) Metaspace: 119880K(120896K)->119880K(120896K) NonClass: 102643K(103232K)->102643K(103232K) Class: 17237K(17664K)->17237K(17664K)
[2026-09-22T14:32:40.262+0000][12.889s][info][gc             ] GC(8) Pause Young (Allocation Failure) 1295M->314M(3925M) 26.300ms
[2026-09-22T14:32:40.262+0000][12.889s][info][gc,cpu         ] GC(8) User=0.10s Sys=0.00s Real=0.02s
[2026-09-22T14:32:47.339+0000][19.965s][info][gc,start       ] GC(9) Pause Young (Allocation Failure)
[2026-09-22T14:32:47.394+0000][20.021s][info][gc,heap        ] GC(9) PSYoungGen: 1092335K(1223168K)->118933K(2240000K) Eden: 1048576K(1048576K)->0K(2081792K) From: 43759K(174592K)->118933K(158208K)
[2026-09-22T14:32:47.394+0000][20.021s][info][gc,heap        ] GC(9) ParOldGen: 278467K(2796544K)->278507K(2796544K)
[2026-09-22T14:32:47.394+0000][20.021s][info][gc,metaspace   ] GC(9) Metaspace: 150252K(151488K)->150252K(151488K) NonClass: 125830K(126528K)->125830K(126528K) Class: 24421K(24960K)->24421K(24960K)
[2026-09-22T14:32:47.394+0000][20.021s][info][gc             ] GC(9) Pause Young (Allocation Failure) 1338M->388M(4918M) 55.168ms
[2026-09-22T14:32:47.394+0000][20.021s][info][gc,cpu         ] GC(9) User=0.19s Sys=0.02s Real=0.06s
[2026-09-22T14:32:48.246+0000][20.873s][info][gc,start       ] GC(10) Pause Young (CodeCache GC Threshold)
[2026-09-22T14:32:48.301+0000][20.928s][info][gc,heap        ] GC(10) PSYoungGen: 404324K(2240000K)->140561K(2255360K) Eden: 285390K(2081792K)->0K(2081792K) From: 118933K(158208K)->140561K(173568K)
[2026-09-22T14:32:48.301+0000][20.928s][info][gc,heap        ] GC(10) ParOldGen: 278507K(2796544K)->278515K(2796544K)
[2026-09-22T14:32:48.301+0000][20.928s][info][gc,metaspace   ] GC(10) Metaspace: 150628K(151872K)->150628K(151872K) NonClass: 126159K(126848K)->126159K(126848K) Class: 24469K(25024K)->24469K(25024K)
[2026-09-22T14:32:48.301+0000][20.928s][info][gc             ] GC(10) Pause Young (CodeCache GC Threshold) 666M->409M(4933M) 54.432ms
[2026-09-22T14:32:48.301+0000][20.928s][info][gc,cpu         ] GC(10) User=0.17s Sys=0.03s Real=0.05s
[2026-09-22T14:32:48.301+0000][20.928s][info][gc,start       ] GC(11) Pause Full (CodeCache GC Threshold)
[2026-09-22T14:32:48.301+0000][20.928s][info][gc,phases,start] GC(11) Marking Phase
[2026-09-22T14:32:48.470+0000][21.097s][info][gc,phases      ] GC(11) Marking Phase 169.758ms
[2026-09-22T14:32:48.470+0000][21.097s][info][gc,phases,start] GC(11) Summary Phase
[2026-09-22T14:32:48.470+0000][21.097s][info][gc,phases      ] GC(11) Summary Phase 0.029ms
[2026-09-22T14:32:48.470+0000][21.097s][info][gc,phases,start] GC(11) Adjust Roots
[2026-09-22T14:32:48.492+0000][21.119s][info][gc,phases      ] GC(11) Adjust Roots 21.905ms
[2026-09-22T14:32:48.492+0000][21.119s][info][gc,phases,start] GC(11) Compaction Phase
[2026-09-22T14:32:48.851+0000][21.478s][info][gc,phases      ] GC(11) Compaction Phase 358.661ms
[2026-09-22T14:32:48.851+0000][21.478s][info][gc,phases,start] GC(11) Post Compact
[2026-09-22T14:32:48.857+0000][21.484s][info][gc,phases      ] GC(11) Post Compact 6.131ms
[2026-09-22T14:32:48.857+0000][21.484s][info][gc,heap        ] GC(11) PSYoungGen: 140561K(2255360K)->0K(2255360K) Eden: 0K(2081792K)->0K(2081792K) From: 140561K(173568K)->0K(173568K)
[2026-09-22T14:32:48.857+0000][21.484s][info][gc,heap        ] GC(11) ParOldGen: 278515K(2796544K)->379621K(2796544K)
[2026-09-22T14:32:48.857+0000][21.484s][info][gc,metaspace   ] GC(11) Metaspace: 150628K(151872K)->150564K(151872K) NonClass: 126159K(126848K)->126110K(126848K) Class: 24469K(25024K)->24453K(25024K)
[2026-09-22T14:32:48.857+0000][21.484s][info][gc             ] GC(11) Pause Full (CodeCache GC Threshold) 409M->370M(4933M) 556.684ms
[2026-09-22T14:32:48.857+0000][21.484s][info][gc,cpu         ] GC(11) User=2.02s Sys=0.01s Real=0.56s
[2026-09-22T14:32:53.252+0000][25.879s][info][gc,start       ] GC(12) Pause Young (Allocation Failure)
[2026-09-22T14:32:53.333+0000][25.960s][info][gc,heap        ] GC(12) PSYoungGen: 2081792K(2255360K)->193019K(2226176K) Eden: 2081792K(2081792K)->0K(2033152K) From: 0K(173568K)->193019K(193024K)
[2026-09-22T14:32:53.333+0000][25.960s][info][gc,heap        ] GC(12) ParOldGen: 379621K(2796544K)->446469K(2796544K)
[2026-09-22T14:32:53.333+0000][25.960s][info][gc,metaspace   ] GC(12) Metaspace: 152802K(154176K)->152802K(154176K) NonClass: 127989K(128768K)->127989K(128768K) Class: 24813K(25408K)->24813K(25408K)
[2026-09-22T14:32:53.333+0000][25.960s][info][gc             ] GC(12) Pause Young (Allocation Failure) 2403M->624M(4905M) 81.482ms
[2026-09-22T14:32:53.333+0000][25.960s][info][gc,cpu         ] GC(12) User=0.29s Sys=0.04s Real=0.09s
[2026-09-22T14:32:57.733+0000][30.360s][info][gc,start       ] GC(13) Pause Young (Allocation Failure)
[2026-09-22T14:32:57.811+0000][30.438s][info][gc,heap        ] GC(13) PSYoungGen: 2226171K(2226176K)->257008K(2290176K) Eden: 2033152K(2033152K)->0K(2033152K) From: 193019K(193024K)->257008K(257024K)
[2026-09-22T14:32:57.811+0000][30.438s][info][gc,heap        ] GC(13) ParOldGen: 446469K(2796544K)->530577K(2796544K)
[2026-09-22T14:32:57.811+0000][30.438s][info][gc,metaspace   ] GC(13) Metaspace: 153342K(154816K)->153342K(154816K) NonClass: 128451K(129280K)->128451K(129280K) Class: 24890K(25536K)->24890K(25536K)
[2026-09-22T14:32:57.811+0000][30.438s][info][gc             ] GC(13) Pause Young (Allocation Failure) 2610M->769M(4967M) 78.024ms
[2026-09-22T14:32:57.811+0000][30.438s][info][gc,cpu         ] GC(13) User=0.27s Sys=0.04s Real=0.07s
[2026-09-22T14:33:01.386+0000][34.013s][info][gc,start       ] GC(14) Pause Young (Allocation Failure)
[2026-09-22T14:33:01.479+0000][34.106s][info][gc,heap        ] GC(14) PSYoungGen: 2290160K(2290176K)->255748K(3107840K) Eden: 2033152K(2033152K)->0K(2771968K) From: 257008K(257024K)->255748K(335872K)
[2026-09-22T14:33:01.479+0000][34.106s][info][gc,heap        ] GC(14) ParOldGen: 530577K(2796544K)->674521K(2796544K)
[2026-09-22T14:33:01.479+0000][34.106s][info][gc,metaspace   ] GC(14) Metaspace: 154041K(155520K)->154041K(155520K) NonClass: 129062K(129920K)->129062K(129920K) Class: 24978K(25600K)->24978K(25600K)
[2026-09-22T14:33:01.479+0000][34.106s][info][gc             ] GC(14) Pause Young (Allocation Failure) 2754M->908M(5766M) 93.569ms
[2026-09-22T14:33:01.479+0000][34.106s][info][gc,cpu         ] GC(14) User=0.30s Sys=0.08s Real=0.09s
[2026-09-22T14:33:06.637+0000][39.264s][info][gc,start       ] GC(15) Pause Young (Allocation Failure)
[2026-09-22T14:33:06.751+0000][39.378s][info][gc,heap        ] GC(15) PSYoungGen: 3027716K(3107840K)->164245K(3133440K) Eden: 2771968K(2771968K)->0K(2771968K) From: 255748K(335872K)->164245K(361472K)
[2026-09-22T14:33:06.751+0000][39.378s][info][gc,heap        ] GC(15) ParOldGen: 674521K(2796544K)->945237K(2796544K)
[2026-09-22T14:33:06.751+0000][39.378s][info][gc,metaspace   ] GC(15) Metaspace: 154681K(156160K)->154681K(156160K) NonClass: 129638K(130496K)->129638K(130496K) Class: 25042K(25664K)->25042K(25664K)
[2026-09-22T14:33:06.751+0000][39.378s][info][gc             ] GC(15) Pause Young (Allocation Failure) 3615M->1083M(5791M) 113.928ms
[2026-09-22T14:33:06.751+0000][39.378s][info][gc,cpu         ] GC(15) User=0.34s Sys=0.11s Real=0.11s
[2026-09-22T14:33:13.090+0000][45.717s][info][gc,start       ] GC(16) Pause Young (Allocation Failure)
[2026-09-22T14:33:13.173+0000][45.800s][info][gc,heap        ] GC(16) PSYoungGen: 2936213K(3133440K)->186549K(3111424K) Eden: 2771968K(2771968K)->0K(2785792K) From: 164245K(361472K)->186549K(325632K)
[2026-09-22T14:33:13.173+0000][45.800s][info][gc,heap        ] GC(16) ParOldGen: 945237K(2796544K)->1119421K(2796544K)
[2026-09-22T14:33:13.173+0000][45.800s][info][gc,metaspace   ] GC(16) Metaspace: 156464K(157952K)->156464K(157952K) NonClass: 131332K(132224K)->131332K(132224K) Class: 25132K(25728K)->25132K(25728K)
[2026-09-22T14:33:13.173+0000][45.800s][info][gc             ] GC(16) Pause Young (Allocation Failure) 3790M->1275M(5769M) 83.633ms
[2026-09-22T14:33:13.174+0000][45.800s][info][gc,cpu         ] GC(16) User=0.30s Sys=0.05s Real=0.09s
[2026-09-22T14:33:18.583+0000][51.210s][info][gc,start       ] GC(17) Pause Young (CodeCache GC Threshold)
[2026-09-22T14:33:18.697+0000][51.324s][info][gc,heap        ] GC(17) PSYoungGen: 2792093K(3111424K)->208439K(3128320K) Eden: 2605543K(2785792K)->0K(2785792K) From: 186549K(325632K)->208439K(342528K)
[2026-09-22T14:33:18.697+0000][51.324s][info][gc,heap        ] GC(17) ParOldGen: 1119421K(2796544K)->1313263K(2796544K)
[2026-09-22T14:33:18.698+0000][51.324s][info][gc,metaspace   ] GC(17) Metaspace: 160562K(162048K)->160562K(162048K) NonClass: 134669K(135488K)->134669K(135488K) Class: 25892K(26560K)->25892K(26560K)
[2026-09-22T14:33:18.698+0000][51.324s][info][gc             ] GC(17) Pause Young (CodeCache GC Threshold) 3819M->1486M(5786M) 114.198ms
[2026-09-22T14:33:18.698+0000][51.324s][info][gc,cpu         ] GC(17) User=0.38s Sys=0.08s Real=0.11s
[2026-09-22T14:33:18.698+0000][51.325s][info][gc,start       ] GC(18) Pause Full (CodeCache GC Threshold)
[2026-09-22T14:33:18.698+0000][51.325s][info][gc,phases,start] GC(18) Marking Phase
[2026-09-22T14:33:19.084+0000][51.711s][info][gc,phases      ] GC(18) Marking Phase 386.785ms
[2026-09-22T14:33:19.084+0000][51.711s][info][gc,phases,start] GC(18) Summary Phase
[2026-09-22T14:33:19.084+0000][51.711s][info][gc,phases      ] GC(18) Summary Phase 0.034ms
[2026-09-22T14:33:19.084+0000][51.711s][info][gc,phases,start] GC(18) Adjust Roots
[2026-09-22T14:33:19.104+0000][51.731s][info][gc,phases      ] GC(18) Adjust Roots 19.902ms
[2026-09-22T14:33:19.104+0000][51.731s][info][gc,phases,start] GC(18) Compaction Phase
[2026-09-22T14:33:19.503+0000][52.130s][info][gc,phases      ] GC(18) Compaction Phase 398.760ms
[2026-09-22T14:33:19.503+0000][52.130s][info][gc,phases,start] GC(18) Post Compact
[2026-09-22T14:33:19.512+0000][52.139s][info][gc,phases      ] GC(18) Post Compact 9.143ms
[2026-09-22T14:33:19.512+0000][52.139s][info][gc,heap        ] GC(18) PSYoungGen: 208439K(3128320K)->0K(3128320K) Eden: 0K(2785792K)->0K(2785792K) From: 208439K(342528K)->0K(342528K)
[2026-09-22T14:33:19.512+0000][52.139s][info][gc,heap        ] GC(18) ParOldGen: 1313263K(2796544K)->1343810K(2796544K)
[2026-09-22T14:33:19.512+0000][52.139s][info][gc,metaspace   ] GC(18) Metaspace: 160562K(162048K)->160508K(162048K) NonClass: 134669K(135488K)->134629K(135488K) Class: 25892K(26560K)->25879K(26560K)
[2026-09-22T14:33:19.512+0000][52.139s][info][gc             ] GC(18) Pause Full (CodeCache GC Threshold) 1486M->1312M(5786M) 814.822ms
[2026-09-22T14:33:19.512+0000][52.139s][info][gc,cpu         ] GC(18) User=2.98s Sys=0.01s Real=0.82s
[2026-09-22T14:33:30.290+0000][62.917s][info][gc,start       ] GC(19) Pause Young (CodeCache GC Threshold)
[2026-09-22T14:33:30.388+0000][63.015s][info][gc,heap        ] GC(19) PSYoungGen: 1828119K(3128320K)->323800K(3062784K) Eden: 1828119K(2785792K)->0K(2717696K) From: 0K(342528K)->323800K(345088K)
[2026-09-22T14:33:30.388+0000][63.015s][info][gc,heap        ] GC(19) ParOldGen: 1343810K(2796544K)->1343818K(2796544K)
[2026-09-22T14:33:30.388+0000][63.015s][info][gc,metaspace   ] GC(19) Metaspace: 165920K(167552K)->165920K(167552K) NonClass: 139536K(140480K)->139536K(140480K) Class: 26384K(27072K)->26384K(27072K)
[2026-09-22T14:33:30.388+0000][63.015s][info][gc             ] GC(19) Pause Young (CodeCache GC Threshold) 3097M->1628M(5722M) 97.583ms
[2026-09-22T14:33:30.388+0000][63.015s][info][gc,cpu         ] GC(19) User=0.37s Sys=0.01s Real=0.10s
[2026-09-22T14:33:30.388+0000][63.015s][info][gc,start       ] GC(20) Pause Full (CodeCache GC Threshold)
[2026-09-22T14:33:30.388+0000][63.015s][info][gc,phases,start] GC(20) Marking Phase
[2026-09-22T14:33:30.875+0000][63.502s][info][gc,phases      ] GC(20) Marking Phase 486.916ms
[2026-09-22T14:33:30.875+0000][63.502s][info][gc,phases,start] GC(20) Summary Phase
[2026-09-22T14:33:30.875+0000][63.502s][info][gc,phases      ] GC(20) Summary Phase 0.057ms
[2026-09-22T14:33:30.875+0000][63.502s][info][gc,phases,start] GC(20) Adjust Roots
[2026-09-22T14:33:30.900+0000][63.527s][info][gc,phases      ] GC(20) Adjust Roots 24.551ms
[2026-09-22T14:33:30.900+0000][63.527s][info][gc,phases,start] GC(20) Compaction Phase
[2026-09-22T14:33:31.551+0000][64.178s][info][gc,phases      ] GC(20) Compaction Phase 651.539ms
[2026-09-22T14:33:31.551+0000][64.178s][info][gc,phases,start] GC(20) Post Compact
[2026-09-22T14:33:31.562+0000][64.189s][info][gc,phases      ] GC(20) Post Compact 11.057ms
[2026-09-22T14:33:31.562+0000][64.189s][info][gc,heap        ] GC(20) PSYoungGen: 323800K(3062784K)->0K(3062784K) Eden: 0K(2717696K)->0K(2717696K) From: 323800K(345088K)->0K(345088K)
[2026-09-22T14:33:31.562+0000][64.189s][info][gc,heap        ] GC(20) ParOldGen: 1343818K(2796544K)->1652481K(2796544K)
[2026-09-22T14:33:31.562+0000][64.189s][info][gc,metaspace   ] GC(20) Metaspace: 165920K(167552K)->165875K(167552K) NonClass: 139536K(140480K)->139503K(140480K) Class: 26384K(27072K)->26372K(27072K)
[2026-09-22T14:33:31.562+0000][64.189s][info][gc             ] GC(20) Pause Full (CodeCache GC Threshold) 1628M->1613M(5722M) 1174.329ms
[2026-09-22T14:33:31.562+0000][64.189s][info][gc,cpu         ] GC(20) User=4.31s Sys=0.05s Real=1.18s
[2026-09-22T14:33:38.334+0000][70.961s][info][gc,start       ] GC(21) Pause Young (Allocation Failure)
[2026-09-22T14:33:38.435+0000][71.062s][info][gc,heap        ] GC(21) PSYoungGen: 2717696K(3062784K)->254873K(2972672K) Eden: 2717696K(2717696K)->0K(2717696K) From: 0K(345088K)->254873K(254976K)
[2026-09-22T14:33:38.435+0000][71.062s][info][gc,heap        ] GC(21) ParOldGen: 1652481K(2796544K)->1652481K(2796544K)
[2026-09-22T14:33:38.435+0000][71.062s][info][gc,metaspace   ] GC(21) Metaspace: 165912K(167552K)->165912K(167552K) NonClass: 139537K(140480K)->139537K(140480K) Class: 26374K(27072K)->26374K(27072K)
[2026-09-22T14:33:38.435+0000][71.062s][info][gc             ] GC(21) Pause Young (Allocation Failure) 4267M->1862M(5634M) 100.816ms
[2026-09-22T14:33:38.435+0000][71.062s][info][gc,cpu         ] GC(21) User=0.40s Sys=0.00s Real=0.10s
[2026-09-22T14:33:43.150+0000][75.777s][info][gc,start       ] GC(22) Pause Young (GCLocker Initiated GC)
[2026-09-22T14:33:43.318+0000][75.945s][info][gc,heap        ] GC(22) PSYoungGen: 2972569K(2972672K)->184624K(3117568K) Eden: 2717696K(2717696K)->0K(2719744K) From: 254873K(254976K)->184624K(397824K)
[2026-09-22T14:33:43.318+0000][75.945s][info][gc,heap        ] GC(22) ParOldGen: 1652482K(2796544K)->1892425K(2796544K)
[2026-09-22T14:33:43.318+0000][75.945s][info][gc,metaspace   ] GC(22) Metaspace: 165933K(167552K)->165933K(167552K) NonClass: 139558K(140480K)->139558K(140480K) Class: 26374K(27072K)->26374K(27072K)
[2026-09-22T14:33:43.318+0000][75.945s][info][gc             ] GC(22) Pause Young (GCLocker Initiated GC) 4516M->2028M(5775M) 168.027ms
[2026-09-22T14:33:43.318+0000][75.945s][info][gc,cpu         ] GC(22) User=0.58s Sys=0.09s Real=0.17s
[2026-09-22T14:33:47.062+0000][79.689s][info][gc,start       ] GC(23) Pause Young (Allocation Failure)
[2026-09-22T14:33:47.210+0000][79.837s][info][gc,heap        ] GC(23) PSYoungGen: 2904368K(3117568K)->166000K(2886144K) Eden: 2719744K(2719744K)->0K(2719744K) From: 184624K(397824K)->166000K(166400K)
[2026-09-22T14:33:47.210+0000][79.837s][info][gc,heap        ] GC(23) ParOldGen: 1892427K(2796544K)->2057114K(2796544K)
[2026-09-22T14:33:47.211+0000][79.837s][info][gc,metaspace   ] GC(23) Metaspace: 165989K(167616K)->165989K(167616K) NonClass: 139589K(140544K)->139589K(140544K) Class: 26399K(27072K)->26399K(27072K)
[2026-09-22T14:33:47.211+0000][79.837s][info][gc             ] GC(23) Pause Young (Allocation Failure) 4684M->2171M(5549M) 148.759ms
[2026-09-22T14:33:47.211+0000][79.837s][info][gc,cpu         ] GC(23) User=0.53s Sys=0.05s Real=0.15s
[2026-09-22T14:33:51.058+0000][83.685s][info][gc,start       ] GC(24) Pause Young (Allocation Failure)
[2026-09-22T14:33:51.231+0000][83.858s][info][gc,heap        ] GC(24) PSYoungGen: 2885744K(2886144K)->165936K(3096064K) Eden: 2719744K(2719744K)->0K(2735616K) From: 166000K(166400K)->165936K(360448K)
[2026-09-22T14:33:51.231+0000][83.858s][info][gc,heap        ] GC(24) ParOldGen: 2057114K(2796544K)->2199313K(2796544K)
[2026-09-22T14:33:51.231+0000][83.858s][info][gc,metaspace   ] GC(24) Metaspace: 166010K(167680K)->166010K(167680K) NonClass: 139602K(140544K)->139602K(140544K) Class: 26407K(27136K)->26407K(27136K)
[2026-09-22T14:33:51.231+0000][83.858s][info][gc             ] GC(24) Pause Young (Allocation Failure) 4827M->2309M(5754M) 172.897ms
[2026-09-22T14:33:51.231+0000][83.858s][info][gc,cpu         ] GC(24) User=0.63s Sys=0.05s Real=0.17s
[2026-09-22T14:33:54.693+0000][87.320s][info][gc,start       ] GC(25) Pause Young (Allocation Failure)
[2026-09-22T14:33:54.844+0000][87.471s][info][gc,heap        ] GC(25) PSYoungGen: 2901552K(3096064K)->140752K(3080192K) Eden: 2735616K(2735616K)->0K(2735616K) From: 165936K(360448K)->140752K(344576K)
[2026-09-22T14:33:54.844+0000][87.471s][info][gc,heap        ] GC(25) ParOldGen: 2199313K(2796544K)->2339723K(2796544K)
[2026-09-22T14:33:54.844+0000][87.471s][info][gc,metaspace   ] GC(25) Metaspace: 166115K(167808K)->166115K(167808K) NonClass: 139705K(140672K)->139705K(140672K) Class: 26409K(27136K)->26409K(27136K)
[2026-09-22T14:33:54.844+0000][87.471s][info][gc             ] GC(25) Pause Young (Allocation Failure) 4981M->2422M(5739M) 151.100ms
[2026-09-22T14:33:54.844+0000][87.471s][info][gc,cpu         ] GC(25) User=0.56s Sys=0.03s Real=0.15s
[2026-09-22T14:33:58.448+0000][91.075s][info][gc,start       ] GC(26) Pause Young (Allocation Failure)
[2026-09-22T14:33:58.610+0000][91.237s][info][gc,heap        ] GC(26) PSYoungGen: 2876368K(3080192K)->141024K(3134464K) Eden: 2735616K(2735616K)->0K(2800128K) From: 140752K(344576K)->141024K(334336K)
[2026-09-22T14:33:58.610+0000][91.237s][info][gc,heap        ] GC(26) ParOldGen: 2339723K(2796544K)->2451869K(2796544K)
[2026-09-22T14:33:58.610+0000][91.237s][info][gc,metaspace   ] GC(26) Metaspace: 166295K(167936K)->166295K(167936K) NonClass: 139835K(140800K)->139835K(140800K) Class: 26460K(27136K)->26460K(27136K)
[2026-09-22T14:33:58.610+0000][91.237s][info][gc             ] GC(26) Pause Young (Allocation Failure) 5093M->2532M(5792M) 161.948ms
[2026-09-22T14:33:58.610+0000][91.237s][info][gc,cpu         ] GC(26) User=0.56s Sys=0.04s Real=0.16s
[2026-09-22T14:34:01.925+0000][94.552s][info][gc,start       ] GC(27) Pause Young (Allocation Failure)
[2026-09-22T14:34:02.066+0000][94.693s][info][gc,heap        ] GC(27) PSYoungGen: 2941152K(3134464K)->123792K(3124224K) Eden: 2800128K(2800128K)->0K(2800128K) From: 141024K(334336K)->123792K(324096K)
[2026-09-22T14:34:02.066+0000][94.693s][info][gc,heap        ] GC(27) ParOldGen: 2451869K(2796544K)->2562789K(2796544K)
[2026-09-22T14:34:02.066+0000][94.693s][info][gc,metaspace   ] GC(27) Metaspace: 166338K(167936K)->166338K(167936K) NonClass: 139877K(140800K)->139877K(140800K) Class: 26460K(27136K)->26460K(27136K)
[2026-09-22T14:34:02.066+0000][94.693s][info][gc             ] GC(27) Pause Young (Allocation Failure) 5266M->2623M(5782M) 140.883ms
[2026-09-22T14:34:02.066+0000][94.693s][info][gc,cpu         ] GC(27) User=0.52s Sys=0.03s Real=0.14s
[2026-09-22T14:34:05.589+0000][98.216s][info][gc,start       ] GC(28) Pause Young (Allocation Failure)
[2026-09-22T14:34:05.735+0000][98.362s][info][gc,heap        ] GC(28) PSYoungGen: 2923920K(3124224K)->128992K(3162112K) Eden: 2800128K(2800128K)->0K(2845184K) From: 123792K(324096K)->128992K(316928K)
[2026-09-22T14:34:05.735+0000][98.362s][info][gc,heap        ] GC(28) ParOldGen: 2562789K(2796544K)->2653095K(2796544K)
[2026-09-22T14:34:05.735+0000][98.362s][info][gc,metaspace   ] GC(28) Metaspace: 166476K(168128K)->166476K(168128K) NonClass: 140014K(140992K)->140014K(140992K) Class: 26461K(27136K)->26461K(27136K)
[2026-09-22T14:34:05.735+0000][98.362s][info][gc             ] GC(28) Pause Young (Allocation Failure) 5358M->2716M(5819M) 145.865ms
[2026-09-22T14:34:05.735+0000][98.362s][info][gc,cpu         ] GC(28) User=0.54s Sys=0.02s Real=0.15s
[2026-09-22T14:34:09.074+0000][101.701s][info][gc,start       ] GC(29) Pause Young (Allocation Failure)
[2026-09-22T14:34:09.233+0000][101.860s][info][gc,heap        ] GC(29) PSYoungGen: 2974176K(3162112K)->132112K(3153408K) Eden: 2845184K(2845184K)->0K(2845184K) From: 128992K(316928K)->132112K(308224K)
[2026-09-22T14:34:09.233+0000][101.860s][info][gc,heap        ] GC(29) ParOldGen: 2653095K(2796544K)->2746109K(2796544K)
[2026-09-22T14:34:09.233+0000][101.860s][info][gc,metaspace   ] GC(29) Metaspace: 166503K(168128K)->166503K(168128K) NonClass: 140039K(140992K)->140039K(140992K) Class: 26463K(27136K)->26463K(27136K)
[2026-09-22T14:34:09.233+0000][101.860s][info][gc             ] GC(29) Pause Young (Allocation Failure) 5495M->2810M(5810M) 158.832ms
[2026-09-22T14:34:09.233+0000][101.860s][info][gc,cpu         ] GC(29) User=0.57s Sys=0.04s Real=0.16s
[2026-09-22T14:34:11.265+0000][103.892s][info][gc,start       ] GC(30) Pause Young (CodeCache GC Threshold)
[2026-09-22T14:34:11.420+0000][104.047s][info][gc,heap        ] GC(30) PSYoungGen: 1804086K(3153408K)->97440K(3162112K) Eden: 1671973K(2845184K)->0K(2869760K) From: 132112K(308224K)->97440K(292352K)
[2026-09-22T14:34:11.420+0000][104.047s][info][gc,heap        ] GC(30) ParOldGen: 2746109K(2796544K)->2842383K(2842624K)
[2026-09-22T14:34:11.420+0000][104.047s][info][gc,metaspace   ] GC(30) Metaspace: 166539K(168128K)->166539K(168128K) NonClass: 140075K(140992K)->140075K(140992K) Class: 26463K(27136K)->26463K(27136K)
[2026-09-22T14:34:11.420+0000][104.047s][info][gc             ] GC(30) Pause Young (CodeCache GC Threshold) 4443M->2870M(5864M) 154.949ms
[2026-09-22T14:34:11.420+0000][104.047s][info][gc,cpu         ] GC(30) User=0.54s Sys=0.04s Real=0.15s
[2026-09-22T14:34:11.420+0000][104.047s][info][gc,start       ] GC(31) Pause Full (CodeCache GC Threshold)
[2026-09-22T14:34:11.420+0000][104.047s][info][gc,phases,start] GC(31) Marking Phase
[2026-09-22T14:34:12.334+0000][104.961s][info][gc,phases      ] GC(31) Marking Phase 914.095ms
[2026-09-22T14:34:12.335+0000][104.961s][info][gc,phases,start] GC(31) Summary Phase
[2026-09-22T14:34:12.335+0000][104.962s][info][gc,phases      ] GC(31) Summary Phase 0.029ms
[2026-09-22T14:34:12.335+0000][104.962s][info][gc,phases,start] GC(31) Adjust Roots
[2026-09-22T14:34:12.363+0000][104.990s][info][gc,phases      ] GC(31) Adjust Roots 28.179ms
[2026-09-22T14:34:12.363+0000][104.990s][info][gc,phases,start] GC(31) Compaction Phase
[2026-09-22T14:34:14.214+0000][106.841s][info][gc,phases      ] GC(31) Compaction Phase 1851.342ms
[2026-09-22T14:34:14.214+0000][106.841s][info][gc,phases,start] GC(31) Post Compact
[2026-09-22T14:34:14.221+0000][106.848s][info][gc,phases      ] GC(31) Post Compact 7.146ms
[2026-09-22T14:34:14.221+0000][106.848s][info][gc,heap        ] GC(31) PSYoungGen: 97440K(3162112K)->31266K(3162112K) Eden: 0K(2869760K)->0K(2869760K) From: 97440K(292352K)->31266K(292352K)
[2026-09-22T14:34:14.221+0000][106.848s][info][gc,heap        ] GC(31) ParOldGen: 2842383K(2842624K)->2842464K(2842624K)
[2026-09-22T14:34:14.221+0000][106.848s][info][gc,metaspace   ] GC(31) Metaspace: 166539K(168128K)->166539K(168128K) NonClass: 140075K(140992K)->140075K(140992K) Class: 26463K(27136K)->26463K(27136K)
[2026-09-22T14:34:14.221+0000][106.848s][info][gc             ] GC(31) Pause Full (CodeCache GC Threshold) 2870M->2806M(5864M) 2801.004ms
[2026-09-22T14:34:14.221+0000][106.848s][info][gc,cpu         ] GC(31) User=10.74s Sys=0.06s Real=2.80s
[2026-09-22T14:34:17.679+0000][110.306s][info][gc,start       ] GC(32) Pause Young (GCLocker Initiated GC)
[2026-09-22T14:34:17.972+0000][110.599s][info][gc,heap        ] GC(32) PSYoungGen: 2901026K(3162112K)->101760K(2971648K) Eden: 2869760K(2869760K)->0K(2869760K) From: 31266K(292352K)->101760K(101888K)
[2026-09-22T14:34:17.972+0000][110.599s][info][gc,heap        ] GC(32) ParOldGen: 2842464K(2842624K)->2848741K(2848768K)
[2026-09-22T14:34:17.972+0000][110.599s][info][gc,metaspace   ] GC(32) Metaspace: 166605K(168256K)->166605K(168256K) NonClass: 140123K(141056K)->140123K(141056K) Class: 26481K(27200K)->26481K(27200K)
[2026-09-22T14:34:17.972+0000][110.599s][info][gc             ] GC(32) Pause Young (GCLocker Initiated GC) 5608M->2881M(5684M) 292.718ms
[2026-09-22T14:34:17.972+0000][110.599s][info][gc,cpu         ] GC(32) User=1.16s Sys=0.00s Real=0.29s
[2026-09-22T14:34:21.304+0000][113.931s][info][gc,start       ] GC(33) Pause Young (Allocation Failure)
[2026-09-22T14:34:21.430+0000][114.057s][info][gc,heap        ] GC(33) PSYoungGen: 2971520K(2971648K)->48944K(3156992K) Eden: 2869760K(2869760K)->0K(2867200K) From: 101760K(101888K)->48944K(289792K)
[2026-09-22T14:34:21.430+0000][114.057s][info][gc,heap        ] GC(33) ParOldGen: 2848742K(2848768K)->2910716K(2910720K)
[2026-09-22T14:34:21.430+0000][114.057s][info][gc,metaspace   ] GC(33) Metaspace: 166613K(168320K)->166613K(168320K) NonClass: 140128K(141120K)->140128K(141120K) Class: 26484K(27200K)->26484K(27200K)
[2026-09-22T14:34:21.430+0000][114.057s][info][gc             ] GC(33) Pause Young (Allocation Failure) 5683M->2890M(5925M) 125.530ms
[2026-09-22T14:34:21.430+0000][114.057s][info][gc,cpu         ] GC(33) User=0.45s Sys=0.02s Real=0.12s
[2026-09-22T14:34:24.849+0000][117.476s][info][gc,start       ] GC(34) Pause Young (Allocation Failure)
[2026-09-22T14:34:24.948+0000][117.575s][info][gc,heap        ] GC(34) PSYoungGen: 2916144K(3156992K)->45680K(3159552K) Eden: 2867200K(2867200K)->0K(2867200K) From: 48944K(289792K)->45680K(292352K)
[2026-09-22T14:34:24.948+0000][117.575s][info][gc,heap        ] GC(34) ParOldGen: 2910716K(2910720K)->2918430K(2918912K)
[2026-09-22T14:34:24.948+0000][117.575s][info][gc,metaspace   ] GC(34) Metaspace: 166634K(168320K)->166634K(168320K) NonClass: 140139K(141120K)->140139K(141120K) Class: 26495K(27200K)->26495K(27200K)
[2026-09-22T14:34:24.948+0000][117.575s][info][gc             ] GC(34) Pause Young (Allocation Failure) 5690M->2894M(5936M) 99.063ms
[2026-09-22T14:34:24.948+0000][117.575s][info][gc,cpu         ] GC(34) User=0.38s Sys=0.01s Real=0.10s
[2026-09-22T14:34:28.366+0000][120.993s][info][gc,start       ] GC(35) Pause Young (Allocation Failure)
[2026-09-22T14:34:28.462+0000][121.089s][info][gc,heap        ] GC(35) PSYoungGen: 2912880K(3159552K)->46560K(3197952K) Eden: 2867200K(2867200K)->0K(2909696K) From: 45680K(292352K)->46560K(288256K)
[2026-09-22T14:34:28.462+0000][121.089s][info][gc,heap        ] GC(35) ParOldGen: 2918430K(2918912K)->2924827K(2925056K)
[2026-09-22T14:34:28.462+0000][121.089s][info][gc,metaspace   ] GC(35) Metaspace: 166637K(168320K)->166637K(168320K) NonClass: 140142K(141120K)->140142K(141120K) Class: 26495K(27200K)->26495K(27200K)
[2026-09-22T14:34:28.462+0000][121.089s][info][gc             ] GC(35) Pause Young (Allocation Failure) 5694M->2901M(5979M) 96.659ms
[2026-09-22T14:34:28.462+0000][121.089s][info][gc,cpu         ] GC(35) User=0.38s Sys=0.01s Real=0.10s
[2026-09-22T14:34:32.015+0000][124.642s][info][gc,start       ] GC(36) Pause Young (Allocation Failure)
[2026-09-22T14:34:32.112+0000][124.739s][info][gc,heap        ] GC(36) PSYoungGen: 2956256K(3197952K)->45280K(3200000K) Eden: 2909696K(2909696K)->0K(2909696K) From: 46560K(288256K)->45280K(290304K)
[2026-09-22T14:34:32.112+0000][124.739s][info][gc,heap        ] GC(36) ParOldGen: 2924827K(2925056K)->2930948K(2931200K)
[2026-09-22T14:34:32.112+0000][124.739s][info][gc,metaspace   ] GC(36) Metaspace: 166637K(168320K)->166637K(168320K) NonClass: 140142K(141120K)->140142K(141120K) Class: 26495K(27200K)->26495K(27200K)
[2026-09-22T14:34:32.112+0000][124.739s][info][gc             ] GC(36) Pause Young (Allocation Failure) 5743M->2906M(5987M) 97.132ms
[2026-09-22T14:34:32.112+0000][124.739s][info][gc,cpu         ] GC(36) User=0.38s Sys=0.00s Real=0.09s
[2026-09-22T14:34:35.697+0000][128.324s][info][gc,start       ] GC(37) Pause Young (Allocation Failure)
[2026-09-22T14:34:35.793+0000][128.420s][info][gc,heap        ] GC(37) PSYoungGen: 2954976K(3200000K)->43360K(3196416K) Eden: 2909696K(2909696K)->0K(2918400K) From: 45280K(290304K)->43360K(278016K)
[2026-09-22T14:34:35.793+0000][128.420s][info][gc,heap        ] GC(37) ParOldGen: 2930948K(2931200K)->2936901K(2937344K)
[2026-09-22T14:34:35.793+0000][128.420s][info][gc,metaspace   ] GC(37) Metaspace: 166640K(168384K)->166640K(168384K) NonClass: 140145K(141184K)->140145K(141184K) Class: 26495K(27200K)->26495K(27200K)
[2026-09-22T14:34:35.793+0000][128.420s][info][gc             ] GC(37) Pause Young (Allocation Failure) 5747M->2910M(5990M) 96.420ms
[2026-09-22T14:34:35.793+0000][128.420s][info][gc,cpu         ] GC(37) User=0.37s Sys=0.01s Real=0.10s
[2026-09-22T14:34:39.417+0000][132.044s][info][gc,start       ] GC(38) Pause Young (Allocation Failure)
[2026-09-22T14:34:39.512+0000][132.139s][info][gc,heap        ] GC(38) PSYoungGen: 2961760K(3196416K)->42048K(3199488K) Eden: 2918400K(2918400K)->0K(2918400K) From: 43360K(278016K)->42048K(281088K)
[2026-09-22T14:34:39.512+0000][132.139s][info][gc,heap        ] GC(38) ParOldGen: 2936901K(2937344K)->2942017K(2942464K)
[2026-09-22T14:34:39.512+0000][132.139s][info][gc,metaspace   ] GC(38) Metaspace: 166652K(168384K)->166652K(168384K) NonClass: 140157K(141184K)->140157K(141184K) Class: 26495K(27200K)->26495K(27200K)
[2026-09-22T14:34:39.512+0000][132.139s][info][gc             ] GC(38) Pause Young (Allocation Failure) 5760M->2914M(5998M) 94.889ms
[2026-09-22T14:34:39.512+0000][132.139s][info][gc,cpu         ] GC(38) User=0.37s Sys=0.01s Real=0.10s
[2026-09-22T14:34:43.054+0000][135.681s][info][gc,start       ] GC(39) Pause Young (Allocation Failure)
[2026-09-22T14:34:43.149+0000][135.776s][info][gc,heap        ] GC(39) PSYoungGen: 2960448K(3199488K)->41264K(3202048K) Eden: 2918400K(2918400K)->0K(2939392K) From: 42048K(281088K)->41264K(262656K)
[2026-09-22T14:34:43.149+0000][135.776s][info][gc,heap        ] GC(39) ParOldGen: 2942017K(2942464K)->2946634K(2947072K)
[2026-09-22T14:34:43.149+0000][135.776s][info][gc,metaspace   ] GC(39) Metaspace: 166661K(168384K)->166661K(168384K) NonClass: 140160K(141184K)->140160K(141184K) Class: 26500K(27200K)->26500K(27200K)
[2026-09-22T14:34:43.149+0000][135.776s][info][gc             ] GC(39) Pause Young (Allocation Failure) 5764M->2917M(6005M) 94.469ms
[2026-09-22T14:34:43.149+0000][135.776s][info][gc,cpu         ] GC(39) User=0.37s Sys=0.00s Real=0.09s
[2026-09-22T14:34:46.547+0000][139.174s][info][gc,start       ] GC(40) Pause Young (Allocation Failure)
[2026-09-22T14:34:46.641+0000][139.268s][info][gc,heap        ] GC(40) PSYoungGen: 2980656K(3202048K)->43648K(3206144K) Eden: 2939392K(2939392K)->0K(2939392K) From: 41264K(262656K)->43648K(266752K)
[2026-09-22T14:34:46.641+0000][139.268s][info][gc,heap        ] GC(40) ParOldGen: 2946634K(2947072K)->2951159K(2951168K)
[2026-09-22T14:34:46.641+0000][139.268s][info][gc,metaspace   ] GC(40) Metaspace: 166664K(168384K)->166664K(168384K) NonClass: 140162K(141184K)->140162K(141184K) Class: 26502K(27200K)->26502K(27200K)
[2026-09-22T14:34:46.641+0000][139.268s][info][gc             ] GC(40) Pause Young (Allocation Failure) 5788M->2924M(6013M) 93.570ms
[2026-09-22T14:34:46.641+0000][139.268s][info][gc,cpu         ] GC(40) User=0.37s Sys=0.00s Real=0.09s
[2026-09-22T14:34:50.171+0000][142.798s][info][gc,start       ] GC(41) Pause Young (Allocation Failure)
[2026-09-22T14:34:50.271+0000][142.898s][info][gc,heap        ] GC(41) PSYoungGen: 2983040K(3206144K)->42816K(3215360K) Eden: 2939392K(2939392K)->0K(2970112K) From: 43648K(266752K)->42816K(245248K)
[2026-09-22T14:34:50.271+0000][142.898s][info][gc,heap        ] GC(41) ParOldGen: 2951159K(2951168K)->2955991K(2956288K)
[2026-09-22T14:34:50.271+0000][142.898s][info][gc,metaspace   ] GC(41) Metaspace: 166668K(168384K)->166668K(168384K) NonClass: 140164K(141184K)->140164K(141184K) Class: 26503K(27200K)->26503K(27200K)
[2026-09-22T14:34:50.271+0000][142.898s][info][gc             ] GC(41) Pause Young (Allocation Failure) 5795M->2928M(6027M) 99.933ms
[2026-09-22T14:34:50.271+0000][142.898s][info][gc,cpu         ] GC(41) User=0.37s Sys=0.00s Real=0.10s
[2026-09-22T14:34:53.855+0000][146.482s][info][gc,start       ] GC(42) Pause Young (GCLocker Initiated GC)
[2026-09-22T14:34:53.953+0000][146.580s][info][gc,heap        ] GC(42) PSYoungGen: 3012928K(3215360K)->41760K(3012096K) Eden: 2970112K(2970112K)->0K(2970112K) From: 42816K(245248K)->41760K(41984K)
[2026-09-22T14:34:53.953+0000][146.580s][info][gc,heap        ] GC(42) ParOldGen: 2955992K(2956288K)->2960628K(2960896K)
[2026-09-22T14:34:53.953+0000][146.580s][info][gc,metaspace   ] GC(42) Metaspace: 166686K(168384K)->166686K(168384K) NonClass: 140181K(141184K)->140181K(141184K) Class: 26505K(27200K)->26505K(27200K)
[2026-09-22T14:34:53.953+0000][146.580s][info][gc             ] GC(42) Pause Young (GCLocker Initiated GC) 5829M->2932M(5833M) 97.472ms
[2026-09-22T14:34:53.953+0000][146.580s][info][gc,cpu         ] GC(42) User=0.37s Sys=0.02s Real=0.10s
[2026-09-22T14:34:57.604+0000][150.231s][info][gc,start       ] GC(43) Pause Young (Allocation Failure)
[2026-09-22T14:34:57.706+0000][150.333s][info][gc,heap        ] GC(43) PSYoungGen: 3011872K(3012096K)->41872K(3219968K) Eden: 2970112K(2970112K)->0K(2979840K) From: 41760K(41984K)->41872K(240128K)
[2026-09-22T14:34:57.706+0000][150.333s][info][gc,heap        ] GC(43) ParOldGen: 2960630K(2960896K)->2964671K(2964992K)
[2026-09-22T14:34:57.706+0000][150.333s][info][gc,metaspace   ] GC(43) Metaspace: 166689K(168384K)->166689K(168384K) NonClass: 140181K(141184K)->140181K(141184K) Class: 26507K(27200K)->26507K(27200K)
[2026-09-22T14:34:57.707+0000][150.333s][info][gc             ] GC(43) Pause Young (Allocation Failure) 5832M->2936M(6040M) 102.138ms
[2026-09-22T14:34:57.707+0000][150.333s][info][gc,cpu         ] GC(43) User=0.38s Sys=0.01s Real=0.10s
[2026-09-22T14:35:01.257+0000][153.884s][info][gc,start       ] GC(44) Pause Young (GCLocker Initiated GC)
[2026-09-22T14:35:01.359+0000][153.986s][info][gc,heap        ] GC(44) PSYoungGen: 3021712K(3219968K)->41696K(3210240K) Eden: 2979840K(2979840K)->0K(2979840K) From: 41872K(240128K)->41696K(230400K)
[2026-09-22T14:35:01.359+0000][153.986s][info][gc,heap        ] GC(44) ParOldGen: 2964671K(2964992K)->2969224K(2969600K)
[2026-09-22T14:35:01.359+0000][153.986s][info][gc,metaspace   ] GC(44) Metaspace: 166689K(168384K)->166689K(168384K) NonClass: 140181K(141184K)->140181K(141184K) Class: 26507K(27200K)->26507K(27200K)
[2026-09-22T14:35:01.359+0000][153.986s][info][gc             ] GC(44) Pause Young (GCLocker Initiated GC) 5846M->2940M(6035M) 101.578ms
[2026-09-22T14:35:01.359+0000][153.986s][info][gc,cpu         ] GC(44) User=0.39s Sys=0.01s Real=0.10s
[2026-09-22T14:35:04.997+0000][157.624s][info][gc,start       ] GC(45) Pause Young (GCLocker Initiated GC)
[2026-09-22T14:35:05.089+0000][157.716s][info][gc,heap        ] GC(45) PSYoungGen: 3021536K(3210240K)->41360K(3283456K) Eden: 2979840K(2979840K)->0K(3062784K) From: 41696K(230400K)->41360K(220672K)
[2026-09-22T14:35:05.089+0000][157.716s][info][gc,heap        ] GC(45) ParOldGen: 2969226K(2969600K)->2973819K(2974208K)
[2026-09-22T14:35:05.089+0000][157.716s][info][gc,metaspace   ] GC(45) Metaspace: 166689K(168384K)->166689K(168384K) NonClass: 140182K(141184K)->140182K(141184K) Class: 26507K(27200K)->26507K(27200K)
[2026-09-22T14:35:05.089+0000][157.716s][info][gc             ] GC(45) Pause Young (GCLocker Initiated GC) 5850M->2944M(6111M) 92.852ms
[2026-09-22T14:35:05.089+0000][157.716s][info][gc,cpu         ] GC(45) User=0.36s Sys=0.01s Real=0.09s
[2026-09-22T14:35:08.782+0000][161.409s][info][gc,start       ] GC(46) Pause Young (Allocation Failure)
[2026-09-22T14:35:08.885+0000][161.511s][info][gc,heap        ] GC(46) PSYoungGen: 3104144K(3283456K)->42336K(3105280K) Eden: 3062784K(3062784K)->0K(3062784K) From: 41360K(220672K)->42336K(42496K)
[2026-09-22T14:35:08.885+0000][161.512s][info][gc,heap        ] GC(46) ParOldGen: 2973822K(2974208K)->2978255K(2978304K)
[2026-09-22T14:35:08.885+0000][161.512s][info][gc,metaspace   ] GC(46) Metaspace: 166689K(168384K)->166689K(168384K) NonClass: 140182K(141184K)->140182K(141184K) Class: 26507K(27200K)->26507K(27200K)
[2026-09-22T14:35:08.885+0000][161.512s][info][gc             ] GC(46) Pause Young (Allocation Failure) 5935M->2949M(5941M) 102.349ms
[2026-09-22T14:35:08.885+0000][161.512s][info][gc,cpu         ] GC(46) User=0.38s Sys=0.02s Real=0.10s
[2026-09-22T14:35:12.527+0000][165.154s][info][gc,start       ] GC(47) Pause Young (GCLocker Initiated GC)
[2026-09-22T14:35:12.623+0000][165.250s][info][gc,heap        ] GC(47) PSYoungGen: 3105120K(3105280K)->41408K(3247104K) Eden: 3062784K(3062784K)->0K(3062784K) From: 42336K(42496K)->41408K(184320K)
[2026-09-22T14:35:12.623+0000][165.250s][info][gc,heap        ] GC(47) ParOldGen: 2978255K(2978304K)->2983568K(2983936K)
[2026-09-22T14:35:12.623+0000][165.250s][info][gc,metaspace   ] GC(47) Metaspace: 166690K(168384K)->166690K(168384K) NonClass: 140182K(141184K)->140182K(141184K) Class: 26508K(27200K)->26508K(27200K)
[2026-09-22T14:35:12.623+0000][165.250s][info][gc             ] GC(47) Pause Young (GCLocker Initiated GC) 5940M->2954M(6085M) 95.256ms
[2026-09-22T14:35:12.623+0000][165.250s][info][gc,cpu         ] GC(47) User=0.37s Sys=0.01s Real=0.10s
[2026-09-22T14:35:16.370+0000][168.997s][info][gc,start       ] GC(48) Pause Young (Allocation Failure)
[2026-09-22T14:35:16.463+0000][169.090s][info][gc,heap        ] GC(48) PSYoungGen: 3104192K(3247104K)->40672K(3255808K) Eden: 3062784K(3062784K)->0K(3062784K) From: 41408K(184320K)->40672K(193024K)
[2026-09-22T14:35:16.463+0000][169.090s][info][gc,heap        ] GC(48) ParOldGen: 2983571K(2983936K)->2987936K(2988032K)
[2026-09-22T14:35:16.463+0000][169.090s][info][gc,metaspace   ] GC(48) Metaspace: 166690K(168384K)->166690K(168384K) NonClass: 140182K(141184K)->140182K(141184K) Class: 26508K(27200K)->26508K(27200K)
[2026-09-22T14:35:16.463+0000][169.090s][info][gc             ] GC(48) Pause Young (Allocation Failure) 5945M->2957M(6097M) 92.965ms
[2026-09-22T14:35:16.463+0000][169.090s][info][gc,cpu         ] GC(48) User=0.37s Sys=0.00s Real=0.10s
[2026-09-22T14:35:20.308+0000][172.935s][info][gc,start       ] GC(49) Pause Young (Allocation Failure)
[2026-09-22T14:35:20.401+0000][173.028s][info][gc,heap        ] GC(49) PSYoungGen: 3103456K(3255808K)->42544K(3284992K) Eden: 3062784K(3062784K)->0K(3118080K) From: 40672K(193024K)->42544K(166912K)
[2026-09-22T14:35:20.401+0000][173.028s][info][gc,heap        ] GC(49) ParOldGen: 2987936K(2988032K)->2991424K(2991616K)
[2026-09-22T14:35:20.401+0000][173.028s][info][gc,metaspace   ] GC(49) Metaspace: 166699K(168384K)->166699K(168384K) NonClass: 140186K(141184K)->140186K(141184K) Class: 26512K(27200K)->26512K(27200K)
[2026-09-22T14:35:20.401+0000][173.028s][info][gc             ] GC(49) Pause Young (Allocation Failure) 5948M->2962M(6129M) 92.910ms
[2026-09-22T14:35:20.401+0000][173.028s][info][gc,cpu         ] GC(49) User=0.37s Sys=0.00s Real=0.09s
[2026-09-22T14:35:24.185+0000][176.812s][info][gc,start       ] GC(50) Pause Young (Allocation Failure)
[2026-09-22T14:35:24.279+0000][176.906s][info][gc,heap        ] GC(50) PSYoungGen: 3160624K(3284992K)->41312K(3293184K) Eden: 3118080K(3118080K)->0K(3118080K) From: 42544K(166912K)->41312K(175104K)
[2026-09-22T14:35:24.279+0000][176.906s][info][gc,heap        ] GC(50) ParOldGen: 2991424K(2991616K)->2997562K(2997760K)
[2026-09-22T14:35:24.279+0000][176.906s][info][gc,metaspace   ] GC(50) Metaspace: 166726K(168448K)->166726K(168448K) NonClass: 140205K(141184K)->140205K(141184K) Class: 26521K(27264K)->26521K(27264K)
[2026-09-22T14:35:24.279+0000][176.906s][info][gc             ] GC(50) Pause Young (Allocation Failure) 6007M->2967M(6143M) 93.911ms
[2026-09-22T14:35:24.279+0000][176.906s][info][gc,cpu         ] GC(50) User=0.37s Sys=0.00s Real=0.09s
[2026-09-22T14:35:28.405+0000][181.032s][info][gc,start       ] GC(51) Pause Young (Allocation Failure)
[2026-09-22T14:35:28.510+0000][181.137s][info][gc,heap        ] GC(51) PSYoungGen: 3159392K(3293184K)->47760K(3301376K) Eden: 3118080K(3118080K)->0K(3152896K) From: 41312K(175104K)->47760K(148480K)
[2026-09-22T14:35:28.510+0000][181.137s][info][gc,heap        ] GC(51) ParOldGen: 2997562K(2997760K)->3002071K(3002368K)
[2026-09-22T14:35:28.510+0000][181.137s][info][gc,metaspace   ] GC(51) Metaspace: 166873K(168576K)->166873K(168576K) NonClass: 140331K(141312K)->140331K(141312K) Class: 26542K(27264K)->26542K(27264K)
[2026-09-22T14:35:28.510+0000][181.137s][info][gc             ] GC(51) Pause Young (Allocation Failure) 6012M->2978M(6156M) 104.550ms
[2026-09-22T14:35:28.510+0000][181.137s][info][gc,cpu         ] GC(51) User=0.41s Sys=0.01s Real=0.10s
[2026-09-22T14:35:32.296+0000][184.923s][info][gc,start       ] GC(52) Pause Young (Allocation Failure)
[2026-09-22T14:35:32.394+0000][185.021s][info][gc,heap        ] GC(52) PSYoungGen: 3200656K(3301376K)->41616K(3310592K) Eden: 3152896K(3152896K)->0K(3152896K) From: 47760K(148480K)->41616K(157696K)
[2026-09-22T14:35:32.394+0000][185.021s][info][gc,heap        ] GC(52) ParOldGen: 3002071K(3002368K)->3013764K(3014144K)
[2026-09-22T14:35:32.394+0000][185.021s][info][gc,metaspace   ] GC(52) Metaspace: 167022K(168768K)->167022K(168768K) NonClass: 140465K(141440K)->140465K(141440K) Class: 26557K(27328K)->26557K(27328K)
[2026-09-22T14:35:32.394+0000][185.021s][info][gc             ] GC(52) Pause Young (Allocation Failure) 6057M->2983M(6176M) 97.492ms
[2026-09-22T14:35:32.394+0000][185.021s][info][gc,cpu         ] GC(52) User=0.37s Sys=0.01s Real=0.10s
[2026-09-22T14:35:36.346+0000][188.973s][info][gc,start       ] GC(53) Pause Young (Allocation Failure)
[2026-09-22T14:35:36.440+0000][189.067s][info][gc,heap        ] GC(53) PSYoungGen: 3194512K(3310592K)->45264K(3319808K) Eden: 3152896K(3152896K)->0K(3186688K) From: 41616K(157696K)->45264K(133120K)
[2026-09-22T14:35:36.440+0000][189.067s][info][gc,heap        ] GC(53) ParOldGen: 3013764K(3014144K)->3019322K(3019776K)
[2026-09-22T14:35:36.440+0000][189.067s][info][gc,metaspace   ] GC(53) Metaspace: 167087K(168896K)->167087K(168896K) NonClass: 140516K(141504K)->140516K(141504K) Class: 26571K(27392K)->26571K(27392K)
[2026-09-22T14:35:36.440+0000][189.067s][info][gc             ] GC(53) Pause Young (Allocation Failure) 6062M->2992M(6191M) 94.240ms
[2026-09-22T14:35:36.440+0000][189.067s][info][gc,cpu         ] GC(53) User=0.37s Sys=0.00s Real=0.09s
[2026-09-22T14:35:40.306+0000][192.933s][info][gc,start       ] GC(54) Pause Young (Allocation Failure)
[2026-09-22T14:35:40.403+0000][193.030s][info][gc,heap        ] GC(54) PSYoungGen: 3231952K(3319808K)->46736K(3329536K) Eden: 3186688K(3186688K)->0K(3186688K) From: 45264K(133120K)->46736K(142848K)
[2026-09-22T14:35:40.403+0000][193.030s][info][gc,heap        ] GC(54) ParOldGen: 3019322K(3019776K)->3028616K(3028992K)
[2026-09-22T14:35:40.403+0000][193.030s][info][gc,metaspace   ] GC(54) Metaspace: 167099K(168896K)->167099K(168896K) NonClass: 140528K(141504K)->140528K(141504K) Class: 26571K(27392K)->26571K(27392K)
[2026-09-22T14:35:40.403+0000][193.030s][info][gc             ] GC(54) Pause Young (Allocation Failure) 6104M->3003M(6209M) 97.590ms
[2026-09-22T14:35:40.403+0000][193.030s][info][gc,cpu         ] GC(54) User=0.38s Sys=0.01s Real=0.10s
[2026-09-22T14:35:44.431+0000][197.058s][info][gc,start       ] GC(55) Pause Young (Allocation Failure)
[2026-09-22T14:35:44.527+0000][197.154s][info][gc,heap        ] GC(55) PSYoungGen: 3233424K(3329536K)->43312K(3337728K) Eden: 3186688K(3186688K)->0K(3216896K) From: 46736K(142848K)->43312K(120832K)
[2026-09-22T14:35:44.527+0000][197.154s][info][gc,heap        ] GC(55) ParOldGen: 3028616K(3028992K)->3038570K(3038720K)
[2026-09-22T14:35:44.527+0000][197.154s][info][gc,metaspace   ] GC(55) Metaspace: 167108K(168896K)->167108K(168896K) NonClass: 140537K(141504K)->140537K(141504K) Class: 26571K(27392K)->26571K(27392K)
[2026-09-22T14:35:44.527+0000][197.154s][info][gc             ] GC(55) Pause Young (Allocation Failure) 6115M->3009M(6227M) 95.792ms
[2026-09-22T14:35:44.527+0000][197.154s][info][gc,cpu         ] GC(55) User=0.38s Sys=0.01s Real=0.10s
[2026-09-22T14:35:48.560+0000][201.187s][info][gc,start       ] GC(56) Pause Young (Allocation Failure)
[2026-09-22T14:35:48.654+0000][201.281s][info][gc,heap        ] GC(56) PSYoungGen: 3260208K(3337728K)->42880K(3345920K) Eden: 3216896K(3216896K)->0K(3216896K) From: 43312K(120832K)->42880K(129024K)
[2026-09-22T14:35:48.654+0000][201.281s][info][gc,heap        ] GC(56) ParOldGen: 3038570K(3038720K)->3045899K(3046400K)
[2026-09-22T14:35:48.654+0000][201.281s][info][gc,metaspace   ] GC(56) Metaspace: 167119K(168896K)->167119K(168896K) NonClass: 140548K(141504K)->140548K(141504K) Class: 26571K(27392K)->26571K(27392K)
[2026-09-22T14:35:48.654+0000][201.281s][info][gc             ] GC(56) Pause Young (Allocation Failure) 6151M->3016M(6242M) 94.008ms
[2026-09-22T14:35:48.654+0000][201.281s][info][gc,cpu         ] GC(56) User=0.37s Sys=0.00s Real=0.10s
[2026-09-22T14:35:52.739+0000][205.366s][info][gc,start       ] GC(57) Pause Young (GCLocker Initiated GC)
[2026-09-22T14:35:52.833+0000][205.459s][info][gc,heap        ] GC(57) PSYoungGen: 3259776K(3345920K)->42448K(3356672K) Eden: 3216896K(3216896K)->0K(3245056K) From: 42880K(129024K)->42448K(111616K)
[2026-09-22T14:35:52.833+0000][205.460s][info][gc,heap        ] GC(57) ParOldGen: 3045899K(3046400K)->3053289K(3053568K)
[2026-09-22T14:35:52.833+0000][205.460s][info][gc,metaspace   ] GC(57) Metaspace: 167192K(168960K)->167192K(168960K) NonClass: 140615K(141568K)->140615K(141568K) Class: 26576K(27392K)->26576K(27392K)
[2026-09-22T14:35:52.833+0000][205.460s][info][gc             ] GC(57) Pause Young (GCLocker Initiated GC) 6157M->3023M(6260M) 93.859ms
[2026-09-22T14:35:52.833+0000][205.460s][info][gc,cpu         ] GC(57) User=0.36s Sys=0.01s Real=0.10s
[2026-09-22T14:35:56.776+0000][209.403s][info][gc,start       ] GC(58) Pause Young (Allocation Failure)
[2026-09-22T14:35:56.877+0000][209.504s][info][gc,heap        ] GC(58) PSYoungGen: 3287504K(3356672K)->41856K(3362304K) Eden: 3245056K(3245056K)->0K(3245056K) From: 42448K(111616K)->41856K(117248K)
[2026-09-22T14:35:56.877+0000][209.504s][info][gc,heap        ] GC(58) ParOldGen: 3053292K(3053568K)->3060365K(3060736K)
[2026-09-22T14:35:56.877+0000][209.504s][info][gc,metaspace   ] GC(58) Metaspace: 167213K(169024K)->167213K(169024K) NonClass: 140635K(141632K)->140635K(141632K) Class: 26578K(27392K)->26578K(27392K)
[2026-09-22T14:35:56.877+0000][209.504s][info][gc             ] GC(58) Pause Young (Allocation Failure) 6192M->3029M(6272M) 100.301ms
[2026-09-22T14:35:56.877+0000][209.504s][info][gc,cpu         ] GC(58) User=0.38s Sys=0.00s Real=0.10s
[2026-09-22T14:36:01.011+0000][213.638s][info][gc,start       ] GC(59) Pause Young (Allocation Failure)
[2026-09-22T14:36:01.109+0000][213.736s][info][gc,heap        ] GC(59) PSYoungGen: 3286912K(3362304K)->44672K(3366912K) Eden: 3245056K(3245056K)->0K(3265536K) From: 41856K(117248K)->44672K(101376K)
[2026-09-22T14:36:01.109+0000][213.736s][info][gc,heap        ] GC(59) ParOldGen: 3060365K(3060736K)->3067387K(3067392K)
[2026-09-22T14:36:01.109+0000][213.736s][info][gc,metaspace   ] GC(59) Metaspace: 167248K(169024K)->167248K(169024K) NonClass: 140670K(141632K)->140670K(141632K) Class: 26578K(27392K)->26578K(27392K)
[2026-09-22T14:36:01.109+0000][213.736s][info][gc             ] GC(59) Pause Young (Allocation Failure) 6198M->3039M(6283M) 97.977ms
[2026-09-22T14:36:01.109+0000][213.736s][info][gc,cpu         ] GC(59) User=0.38s Sys=0.00s Real=0.10s
[2026-09-22T14:36:05.185+0000][217.812s][info][gc,start       ] GC(60) Pause Young (Allocation Failure)
[2026-09-22T14:36:05.284+0000][217.911s][info][gc,heap        ] GC(60) PSYoungGen: 3310208K(3366912K)->40928K(3372544K) Eden: 3265536K(3265536K)->0K(3265536K) From: 44672K(101376K)->40928K(107008K)
[2026-09-22T14:36:05.284+0000][217.911s][info][gc,heap        ] GC(60) ParOldGen: 3067387K(3067392K)->3076750K(3077120K)
[2026-09-22T14:36:05.284+0000][217.911s][info][gc,metaspace   ] GC(60) Metaspace: 167271K(169024K)->167271K(169024K) NonClass: 140690K(141632K)->140690K(141632K) Class: 26581K(27392K)->26581K(27392K)
[2026-09-22T14:36:05.284+0000][217.911s][info][gc             ] GC(60) Pause Young (Allocation Failure) 6228M->3044M(6298M) 99.430ms
[2026-09-22T14:36:05.284+0000][217.911s][info][gc,cpu         ] GC(60) User=0.37s Sys=0.01s Real=0.10s
[2026-09-22T14:36:09.492+0000][222.119s][info][gc,start       ] GC(61) Pause Young (Allocation Failure)
[2026-09-22T14:36:09.584+0000][222.211s][info][gc,heap        ] GC(61) PSYoungGen: 3306464K(3372544K)->41856K(3377152K) Eden: 3265536K(3265536K)->0K(3284992K) From: 40928K(107008K)->41856K(92160K)
[2026-09-22T14:36:09.584+0000][222.211s][info][gc,heap        ] GC(61) ParOldGen: 3076750K(3077120K)->3083112K(3083264K)
[2026-09-22T14:36:09.584+0000][222.211s][info][gc,metaspace   ] GC(61) Metaspace: 167295K(169152K)->167295K(169152K) NonClass: 140712K(141760K)->140712K(141760K) Class: 26583K(27392K)->26583K(27392K)
[2026-09-22T14:36:09.584+0000][222.211s][info][gc             ] GC(61) Pause Young (Allocation Failure) 6233M->3051M(6309M) 91.507ms
[2026-09-22T14:36:09.584+0000][222.211s][info][gc,cpu         ] GC(61) User=0.36s Sys=0.00s Real=0.09s
[2026-09-22T14:36:13.838+0000][226.465s][info][gc,start       ] GC(62) Pause Young (Allocation Failure)
[2026-09-22T14:36:13.934+0000][226.561s][info][gc,heap        ] GC(62) PSYoungGen: 3326848K(3377152K)->43872K(3383296K) Eden: 3284992K(3284992K)->0K(3284992K) From: 41856K(92160K)->43872K(98304K)
[2026-09-22T14:36:13.935+0000][226.561s][info][gc,heap        ] GC(62) ParOldGen: 3083112K(3083264K)->3090802K(3090944K)
[2026-09-22T14:36:13.935+0000][226.561s][info][gc,metaspace   ] GC(62) Metaspace: 167316K(169152K)->167316K(169152K) NonClass: 140727K(141760K)->140727K(141760K) Class: 26589K(27392K)->26589K(27392K)
[2026-09-22T14:36:13.935+0000][226.562s][info][gc             ] GC(62) Pause Young (Allocation Failure) 6259M->3061M(6322M) 96.173ms
[2026-09-22T14:36:13.935+0000][226.562s][info][gc,cpu         ] GC(62) User=0.37s Sys=0.01s Real=0.10s
[2026-09-22T14:36:18.114+0000][230.741s][info][gc,start       ] GC(63) Pause Young (Allocation Failure)
[2026-09-22T14:36:18.211+0000][230.838s][info][gc,heap        ] GC(63) PSYoungGen: 3328864K(3383296K)->42560K(3386368K) Eden: 3284992K(3284992K)->0K(3302400K) From: 43872K(98304K)->42560K(83968K)
[2026-09-22T14:36:18.211+0000][230.838s][info][gc,heap        ] GC(63) ParOldGen: 3090802K(3090944K)->3100065K(3100160K)
[2026-09-22T14:36:18.211+0000][230.838s][info][gc,metaspace   ] GC(63) Metaspace: 167333K(169152K)->167333K(169152K) NonClass: 140744K(141760K)->140744K(141760K) Class: 26589K(27392K)->26589K(27392K)
[2026-09-22T14:36:18.211+0000][230.838s][info][gc             ] GC(63) Pause Young (Allocation Failure) 6269M->3068M(6334M) 96.881ms
[2026-09-22T14:36:18.211+0000][230.838s][info][gc,cpu         ] GC(63) User=0.37s Sys=0.01s Real=0.09s
[2026-09-22T14:36:22.609+0000][235.236s][info][gc,start       ] GC(64) Pause Young (Allocation Failure)
[2026-09-22T14:36:22.711+0000][235.338s][info][gc,heap        ] GC(64) PSYoungGen: 3344960K(3386368K)->42384K(3392512K) Eden: 3302400K(3302400K)->0K(3302400K) From: 42560K(83968K)->42384K(90112K)
[2026-09-22T14:36:22.711+0000][235.338s][info][gc,heap        ] GC(64) ParOldGen: 3100067K(3100160K)->3108315K(3108352K)
[2026-09-22T14:36:22.711+0000][235.338s][info][gc,metaspace   ] GC(64) Metaspace: 167347K(169152K)->167347K(169152K) NonClass: 140758K(141760K)->140758K(141760K) Class: 26589K(27392K)->26589K(27392K)
[2026-09-22T14:36:22.711+0000][235.338s][info][gc             ] GC(64) Pause Young (Allocation Failure) 6293M->3076M(6348M) 102.255ms
[2026-09-22T14:36:22.711+0000][235.338s][info][gc,cpu         ] GC(64) User=0.38s Sys=0.02s Real=0.10s
[2026-09-22T14:36:27.091+0000][239.718s][info][gc,start       ] GC(65) Pause Young (Allocation Failure)
[2026-09-22T14:36:27.193+0000][239.820s][info][gc,heap        ] GC(65) PSYoungGen: 3344784K(3392512K)->42816K(3396096K) Eden: 3302400K(3302400K)->0K(3318272K) From: 42384K(90112K)->42816K(77824K)
[2026-09-22T14:36:27.193+0000][239.820s][info][gc,heap        ] GC(65) ParOldGen: 3108315K(3108352K)->3116161K(3116544K)
[2026-09-22T14:36:27.193+0000][239.820s][info][gc,metaspace   ] GC(65) Metaspace: 167394K(169216K)->167394K(169216K) NonClass: 140805K(141824K)->140805K(141824K) Class: 26589K(27392K)->26589K(27392K)
[2026-09-22T14:36:27.193+0000][239.820s][info][gc             ] GC(65) Pause Young (Allocation Failure) 6301M->3084M(6360M) 101.860ms
[2026-09-22T14:36:27.193+0000][239.820s][info][gc,cpu         ] GC(65) User=0.38s Sys=0.01s Real=0.11s
[2026-09-22T14:36:31.652+0000][244.279s][info][gc,start       ] GC(66) Pause Young (GCLocker Initiated GC)
[2026-09-22T14:36:31.747+0000][244.374s][info][gc,heap        ] GC(66) PSYoungGen: 3361088K(3396096K)->41744K(3360256K) Eden: 3318272K(3318272K)->0K(3318272K) From: 42816K(77824K)->41744K(41984K)
[2026-09-22T14:36:31.747+0000][244.374s][info][gc,heap        ] GC(66) ParOldGen: 3116161K(3116544K)->3124751K(3125248K)
[2026-09-22T14:36:31.747+0000][244.374s][info][gc,metaspace   ] GC(66) Metaspace: 167405K(169216K)->167405K(169216K) NonClass: 140815K(141824K)->140815K(141824K) Class: 26589K(27392K)->26589K(27392K)
[2026-09-22T14:36:31.747+0000][244.374s][info][gc             ] GC(66) Pause Young (GCLocker Initiated GC) 6325M->3092M(6333M) 94.688ms
[2026-09-22T14:36:31.747+0000][244.374s][info][gc,cpu         ] GC(66) User=0.37s Sys=0.01s Real=0.10s
[2026-09-22T14:36:36.352+0000][248.979s][info][gc,start       ] GC(67) Pause Young (GCLocker Initiated GC)
[2026-09-22T14:36:36.446+0000][249.073s][info][gc,heap        ] GC(67) PSYoungGen: 3360016K(3360256K)->40800K(3393536K) Eden: 3318272K(3318272K)->0K(3318272K) From: 41744K(41984K)->40800K(75264K)
[2026-09-22T14:36:36.446+0000][249.073s][info][gc,heap        ] GC(67) ParOldGen: 3124754K(3125248K)->3132503K(3132928K)
[2026-09-22T14:36:36.446+0000][249.073s][info][gc,metaspace   ] GC(67) Metaspace: 167445K(169280K)->167445K(169280K) NonClass: 140855K(141888K)->140855K(141888K) Class: 26590K(27392K)->26590K(27392K)
[2026-09-22T14:36:36.446+0000][249.073s][info][gc             ] GC(67) Pause Young (GCLocker Initiated GC) 6332M->3098M(6373M) 93.601ms
[2026-09-22T14:36:36.446+0000][249.073s][info][gc,cpu         ] GC(67) User=0.36s Sys=0.01s Real=0.09s
[2026-09-22T14:36:41.371+0000][253.998s][info][gc,start       ] GC(68) Pause Young (GCLocker Initiated GC)
[2026-09-22T14:36:41.463+0000][254.089s][info][gc,heap        ] GC(68) PSYoungGen: 3359072K(3393536K)->44080K(3362816K) Eden: 3318272K(3318272K)->0K(3318272K) From: 40800K(75264K)->44080K(44544K)
[2026-09-22T14:36:41.463+0000][254.090s][info][gc,heap        ] GC(68) ParOldGen: 3132505K(3132928K)->3139171K(3139584K)
[2026-09-22T14:36:41.463+0000][254.090s][info][gc,metaspace   ] GC(68) Metaspace: 167451K(169280K)->167451K(169280K) NonClass: 140859K(141888K)->140859K(141888K) Class: 26591K(27392K)->26591K(27392K)
[2026-09-22T14:36:41.463+0000][254.090s][info][gc             ] GC(68) Pause Young (GCLocker Initiated GC) 6339M->3108M(6350M) 91.311ms
[2026-09-22T14:36:41.463+0000][254.090s][info][gc,cpu         ] GC(68) User=0.36s Sys=0.01s Real=0.10s
[2026-09-22T14:36:46.784+0000][259.411s][info][gc,start       ] GC(69) Pause Young (GCLocker Initiated GC)
[2026-09-22T14:36:46.884+0000][259.510s][info][gc,heap        ] GC(69) PSYoungGen: 3362352K(3362816K)->45888K(3387904K) Eden: 3318272K(3318272K)->0K(3318272K) From: 44080K(44544K)->45888K(69632K)
[2026-09-22T14:36:46.884+0000][259.511s][info][gc,heap        ] GC(69) ParOldGen: 3139174K(3139584K)->3149111K(3149312K)
[2026-09-22T14:36:46.884+0000][259.511s][info][gc,metaspace   ] GC(69) Metaspace: 167456K(169280K)->167456K(169280K) NonClass: 140865K(141888K)->140865K(141888K) Class: 26591K(27392K)->26591K(27392K)
[2026-09-22T14:36:46.884+0000][259.511s][info][gc             ] GC(69) Pause Young (GCLocker Initiated GC) 6349M->3120M(6384M) 99.818ms
[2026-09-22T14:36:46.884+0000][259.511s][info][gc,cpu         ] GC(69) User=0.39s Sys=0.00s Real=0.10s
[2026-09-22T14:36:55.466+0000][268.093s][info][gc,start       ] GC(70) Pause Young (Allocation Failure)
[2026-09-22T14:36:55.569+0000][268.196s][info][gc,heap        ] GC(70) PSYoungGen: 3364160K(3387904K)->44256K(3390464K) Eden: 3318272K(3318272K)->0K(3318272K) From: 45888K(69632K)->44256K(72192K)
[2026-09-22T14:36:55.569+0000][268.196s][info][gc,heap        ] GC(70) ParOldGen: 3149114K(3149312K)->3161240K(3161600K)
[2026-09-22T14:36:55.569+0000][268.196s][info][gc,metaspace   ] GC(70) Metaspace: 167482K(169280K)->167482K(169280K) NonClass: 140881K(141888K)->140881K(141888K) Class: 26600K(27392K)->26600K(27392K)
[2026-09-22T14:36:55.569+0000][268.196s][info][gc             ] GC(70) Pause Young (Allocation Failure) 6360M->3130M(6398M) 103.532ms
[2026-09-22T14:36:55.569+0000][268.196s][info][gc,cpu         ] GC(70) User=0.39s Sys=0.00s Real=0.10s
[2026-09-22T14:37:14.889+0000][287.515s][info][gc,start       ] GC(71) Pause Young (GCLocker Initiated GC)
[2026-09-22T14:37:14.989+0000][287.616s][info][gc,heap        ] GC(71) PSYoungGen: 3362528K(3390464K)->45936K(3418624K) Eden: 3318272K(3318272K)->0K(3353088K) From: 44256K(72192K)->45936K(65536K)
[2026-09-22T14:37:14.989+0000][287.616s][info][gc,heap        ] GC(71) ParOldGen: 3161240K(3161600K)->3171494K(3171840K)
[2026-09-22T14:37:14.989+0000][287.616s][info][gc,metaspace   ] GC(71) Metaspace: 167643K(169408K)->167643K(169408K) NonClass: 141026K(142016K)->141026K(142016K) Class: 26617K(27392K)->26617K(27392K)
[2026-09-22T14:37:14.989+0000][287.616s][info][gc             ] GC(71) Pause Young (GCLocker Initiated GC) 6370M->3142M(6436M) 100.835ms
[2026-09-22T14:37:14.989+0000][287.616s][info][gc,cpu         ] GC(71) User=0.38s Sys=0.01s Real=0.10s
