[0.003s][info][gc] Using G1
[0.483s][info][gc] GC(0) Pause Young (Concurrent Start) (G1 Humongous Allocation) 241M->3M(513M) 3.298ms
[0.483s][info][gc] GC(1) Concurrent Undo Cycle
[0.484s][info][gc] GC(1) Concurrent Undo Cycle 1.581ms
[0.572s][info][gc] GC(2) Pause Young (Normal) (G1 Evacuation Pause) 215M->2M(513M) 3.185ms
[1.871s][info][gc] GC(3) Pause Young (Concurrent Start) (Metadata GC Threshold) 313M->15M(513M) 10.820ms
[1.871s][info][gc] GC(4) Concurrent Mark Cycle
[1.900s][info][gc] GC(4) Pause Remark 16M->16M(512M) 3.053ms
[1.902s][info][gc] GC(4) Pause Cleanup 16M->16M(512M) 0.120ms
[1.904s][info][gc] GC(4) Concurrent Mark Cycle 32.893ms
[2.264s][info][gc] GC(5) Pause Young (Prepare Mixed) (G1 Evacuation Pause) 66M->31M(512M) 23.380ms
[2.323s][info][gc] GC(6) Pause Young (Mixed) (G1 Evacuation Pause) 48M->40M(512M) 18.035ms
[2.362s][info][gc] GC(7) Pause Young (Normal) (G1 Evacuation Pause) 63M->51M(512M) 11.133ms
[2.435s][info][gc] GC(8) Pause Young (Normal) (G1 Evacuation Pause) 81M->66M(872M) 14.677ms
[2.536s][info][gc] GC(9) Pause Young (Normal) (G1 Evacuation Pause) 110M->88M(872M) 19.191ms
[2.663s][info][gc] GC(10) Pause Young (Normal) (G1 Evacuation Pause) 128M->108M(872M) 23.267ms
[2.837s][info][gc] GC(11) Pause Young (Normal) (G1 Evacuation Pause) 145M->128M(872M) 30.604ms
[3.009s][info][gc] GC(12) Pause Young (Normal) (G1 Evacuation Pause) 165M->150M(1116M) 49.028ms
[3.432s][info][gc] GC(13) Pause Young (Concurrent Start) (Metadata GC Threshold) 176M->154M(1116M) 12.967ms
[3.432s][info][gc] GC(14) Concurrent Mark Cycle
[3.761s][info][gc] GC(14) Pause Remark 167M->163M(547M) 6.712ms
[3.848s][info][gc] GC(14) Pause Cleanup 166M->166M(547M) 0.237ms
[3.850s][info][gc] GC(14) Concurrent Mark Cycle 417.854ms
[4.436s][info][gc] GC(15) Pause Young (Prepare Mixed) (G1 Evacuation Pause) 279M->163M(547M) 21.652ms
[6.546s][info][gc] GC(16) Pause Young (Mixed) (G1 Evacuation Pause) 454M->217M(547M) 92.835ms
[6.632s][info][gc] GC(17) Pause Young (Normal) (G1 Evacuation Pause) 248M->230M(547M) 63.603ms
[6.870s][info][gc] GC(18) Pause Young (Concurrent Start) (Metadata GC Threshold) 337M->263M(547M) 31.804ms
[6.870s][info][gc] GC(19) Concurrent Mark Cycle
[7.117s][info][gc] GC(19) Pause Remark 264M->232M(547M) 8.979ms
[7.257s][info][gc] GC(19) Pause Cleanup 233M->233M(547M) 0.590ms
[7.258s][info][gc] GC(19) Concurrent Mark Cycle 387.656ms
[9.437s][info][gc] GC(20) Pause Young (Prepare Mixed) (G1 Evacuation Pause) 392M->259M(547M) 39.378ms
[10.365s][info][gc] GC(21) Pause Young (Mixed) (G1 Evacuation Pause) 431M->239M(547M) 41.988ms
[10.847s][info][gc] GC(22) Pause Young (Concurrent Start) (G1 Humongous Allocation) 325M->244M(1083M) 17.999ms
[10.847s][info][gc] GC(23) Concurrent Undo Cycle
[10.850s][info][gc] GC(23) Concurrent Undo Cycle 2.846ms
[12.898s][info][gc] GC(24) Pause Young (Normal) (G1 Evacuation Pause) 690M->294M(1083M) 101.743ms
[13.456s][info][gc] GC(25) Pause Young (Concurrent Start) (Metadata GC Threshold) 395M->306M(1083M) 59.393ms
[13.456s][info][gc] GC(26) Concurrent Mark Cycle
[13.929s][info][gc] GC(26) Pause Remark 317M->313M(1047M) 16.728ms
[14.151s][info][gc] GC(26) Pause Cleanup 325M->325M(1047M) 0.404ms
[14.156s][info][gc] GC(26) Concurrent Mark Cycle 700.271ms
[27.728s][info][gc] GC(27) Pause Young (Prepare Mixed) (G1 Evacuation Pause) 909M->329M(1047M) 70.562ms
[31.263s][info][gc] GC(28) Pause Young (Mixed) (G1 Evacuation Pause) 899M->348M(1047M) 52.058ms
[36.043s][info][gc] GC(29) Pause Young (Concurrent Start) (G1 Evacuation Pause) 912M->367M(1047M) 87.069ms
[36.043s][info][gc] GC(30) Concurrent Mark Cycle
[36.860s][info][gc] GC(30) Pause Remark 478M->450M(1047M) 23.929ms
[37.268s][info][gc] GC(30) Pause Cleanup 482M->482M(1047M) 0.353ms
[37.300s][info][gc] GC(30) Concurrent Mark Cycle 1257.295ms
[40.045s][info][gc] GC(31) Pause Young (Prepare Mixed) (G1 Evacuation Pause) 902M->361M(1047M) 73.375ms
[48.725s][info][gc] GC(32) Pause Young (Mixed) (G1 Evacuation Pause) 937M->362M(1047M) 63.294ms
[178.247s][info][gc] GC(33) Pause Young (Concurrent Start) (G1 Evacuation Pause) 942M->350M(1047M) 25.449ms
[178.247s][info][gc] GC(34) Concurrent Mark Cycle
[178.264s][info][gc] GC(34) Concurrent Mark Cycle 16.575ms
