2026-09-24T21:44:56.1020277Z Current runner version: '2.337.0'
2026-09-24T21:44:56.1034984Z ##[group]Runner Image Provisioner
2026-09-24T21:44:56.1035502Z Hosted Compute Agent
2026-09-24T21:44:56.1035856Z Version: 20260828.587
2026-09-24T21:44:56.1036302Z Commit: abac92662cab4cc7352de4f9f9d2e2419aad9c29
2026-09-24T21:44:56.1036712Z Build Date: 2026-08-28T16:44:25Z
2026-09-24T21:44:56.1037123Z Worker ID: {67c1f8f3-bac9-439a-a16f-8ad27d51953e}
2026-09-24T21:44:56.1037553Z Azure Region: westus3
2026-09-24T21:44:56.1037883Z ##[endgroup]
2026-09-24T21:44:56.1038694Z ##[group]Operating System
2026-09-24T21:44:56.1039036Z Ubuntu
2026-09-24T21:44:56.1039327Z 24.04.5
2026-09-24T21:44:56.1039689Z LTS
2026-09-24T21:44:56.1039984Z ##[endgroup]
2026-09-24T21:44:56.1040383Z ##[group]Runner Image
2026-09-24T21:44:56.1040719Z Image: ubuntu-24.04
2026-09-24T21:44:56.1041033Z Version: 20260920.314.1
2026-09-24T21:44:56.1041780Z Included Software: https://github.com/actions/runner-images/blob/ubuntu24/20260920.314/images/ubuntu/Ubuntu2404-Readme.md
2026-09-24T21:44:56.1042666Z Image Release: https://github.com/actions/runner-images/releases/tag/ubuntu24%2F20260920.314
2026-09-24T21:44:56.1043187Z ##[endgroup]
2026-09-24T21:44:56.1043809Z ##[group]GITHUB_TOKEN Permissions
2026-09-24T21:44:56.1045100Z Contents: read
2026-09-24T21:44:56.1045417Z Metadata: read
2026-09-24T21:44:56.1045828Z ##[endgroup]
2026-09-24T21:44:56.1046988Z Secret source: Actions
2026-09-24T21:44:56.1047564Z Cache mode: write
2026-09-24T21:44:56.1047954Z Prepare workflow directory
2026-09-24T21:44:56.1238767Z Prepare all required actions
2026-09-24T21:44:56.1267246Z Getting action download info
2026-09-24T21:44:56.4496438Z Download action repository 'actions/checkout@v4' (SHA:11d5960a326750d5838078e36cf38b85af677262)
2026-09-24T21:44:56.6680772Z Download action repository 'dtolnay/rust-toolchain@stable' (SHA:6bed0761d98439e5a578e2877258200ad565ba87)
2026-09-24T21:44:57.0466068Z Download action repository 'Swatinem/rust-cache@v2' (SHA:6323deb102c322ba6fcbdcafc7e3dddab59af2b6)
2026-09-24T21:44:57.9103814Z Download action repository 'actions/setup-java@v4' (SHA:cf277c60eb25467037889841efdb72551f06f6c3)
2026-09-24T21:44:59.8974661Z Download action repository 'actions/upload-artifact@v4' (SHA:ea165f8d65b6e75b540449e92b4886f43607fa02)
2026-09-24T21:45:00.2792084Z Complete job name: world-bench
2026-09-24T21:45:00.3261255Z ##[group]Run actions/checkout@v4
2026-09-24T21:45:00.3261543Z with:
2026-09-24T21:45:00.3261667Z   repository: PLANETA9091/c-crussty
2026-09-24T21:45:00.3262989Z   token: ***
2026-09-24T21:45:00.3263101Z   ssh-strict: true
2026-09-24T21:45:00.3263218Z   ssh-user: git
2026-09-24T21:45:00.3263337Z   persist-credentials: true
2026-09-24T21:45:00.3263465Z   clean: true
2026-09-24T21:45:00.3263587Z   sparse-checkout-cone-mode: true
2026-09-24T21:45:00.3263724Z   fetch-depth: 1
2026-09-24T21:45:00.3263841Z   fetch-tags: false
2026-09-24T21:45:00.3263966Z   show-progress: true
2026-09-24T21:45:00.3264089Z   lfs: false
2026-09-24T21:45:00.3264194Z   submodules: false
2026-09-24T21:45:00.3264317Z   set-safe-directory: true
2026-09-24T21:45:00.3264576Z   allow-unsafe-pr-checkout: false
2026-09-24T21:45:00.3264794Z ##[endgroup]
2026-09-24T21:45:00.3870842Z Syncing repository: PLANETA9091/c-crussty
2026-09-24T21:45:00.3871619Z ##[group]Getting Git version info
2026-09-24T21:45:00.3871926Z Working directory is '/home/runner/work/c-crussty/c-crussty'
2026-09-24T21:45:00.3872216Z [command]/usr/bin/git version
2026-09-24T21:45:00.3935699Z git version 2.55.0
2026-09-24T21:45:00.3957236Z ##[endgroup]
2026-09-24T21:45:00.3961773Z Temporarily overriding HOME='/home/runner/work/_temp/22e74265-5350-401f-8611-22b889f942f5' before making global git config changes
2026-09-24T21:45:00.3962312Z Adding repository directory to the temporary git global config as a safe directory
2026-09-24T21:45:00.3965832Z [command]/usr/bin/git config --global --add safe.directory /home/runner/work/c-crussty/c-crussty
2026-09-24T21:45:00.4009756Z Deleting the contents of '/home/runner/work/c-crussty/c-crussty'
2026-09-24T21:45:00.4013669Z ##[group]Initializing the repository
2026-09-24T21:45:00.4016583Z [command]/usr/bin/git init /home/runner/work/c-crussty/c-crussty
2026-09-24T21:45:00.4116210Z hint: Using 'master' as the name for the initial branch. This default branch name
2026-09-24T21:45:00.4116593Z hint: will change to "main" in Git 3.0. To configure the initial branch name
2026-09-24T21:45:00.4116866Z hint: to use in all of your new repositories, which will suppress this warning,
2026-09-24T21:45:00.4117068Z hint: call:
2026-09-24T21:45:00.4117314Z hint:
2026-09-24T21:45:00.4117552Z hint: 	git config --global init.defaultBranch <name>
2026-09-24T21:45:00.4117807Z hint:
2026-09-24T21:45:00.4118052Z hint: Names commonly chosen instead of 'master' are 'main', 'trunk' and
2026-09-24T21:45:00.4118465Z hint: 'development'. The just-created branch can be renamed via this command:
2026-09-24T21:45:00.4118780Z hint:
2026-09-24T21:45:00.4119674Z hint: 	git branch -m <name>
2026-09-24T21:45:00.4119865Z hint:
2026-09-24T21:45:00.4120163Z hint: Disable this message with "git config set advice.defaultBranchName false"
2026-09-24T21:45:00.4120611Z Initialized empty Git repository in /home/runner/work/c-crussty/c-crussty/.git/
2026-09-24T21:45:00.4128107Z [command]/usr/bin/git remote add origin https://github.com/PLANETA9091/c-crussty
2026-09-24T21:45:00.4172665Z ##[endgroup]
2026-09-24T21:45:00.4173084Z ##[group]Disabling automatic garbage collection
2026-09-24T21:45:00.4194901Z [command]/usr/bin/git config --local gc.auto 0
2026-09-24T21:45:00.4215704Z ##[endgroup]
2026-09-24T21:45:00.4216020Z ##[group]Setting up auth
2026-09-24T21:45:00.4225865Z [command]/usr/bin/git config --local --name-only --get-regexp core\.sshCommand
2026-09-24T21:45:00.4254724Z [command]/usr/bin/git submodule foreach --recursive sh -c "git config --local --name-only --get-regexp 'core\.sshCommand' && git config --local --unset-all 'core.sshCommand' || :"
2026-09-24T21:45:00.4539027Z [command]/usr/bin/git config --local --name-only --get-regexp http\.https\:\/\/github\.com\/\.extraheader
2026-09-24T21:45:00.4565844Z [command]/usr/bin/git submodule foreach --recursive sh -c "git config --local --name-only --get-regexp 'http\.https\:\/\/github\.com\/\.extraheader' && git config --local --unset-all 'http.https://github.com/.extraheader' || :"
2026-09-24T21:45:00.4731460Z [command]/usr/bin/git config --local --name-only --get-regexp ^includeIf\.gitdir:
2026-09-24T21:45:00.4757561Z [command]/usr/bin/git submodule foreach --recursive git config --local --show-origin --name-only --get-regexp remote.origin.url
2026-09-24T21:45:00.4920428Z [command]/usr/bin/git config --local http.https://github.com/.extraheader AUTHORIZATION: basic ***
2026-09-24T21:45:00.4951605Z ##[endgroup]
2026-09-24T21:45:00.4952004Z ##[group]Fetching the repository
2026-09-24T21:45:00.4958066Z [command]/usr/bin/git -c protocol.version=2 fetch --no-tags --prune --no-recurse-submodules --depth=1 origin +d02a29777eda74eb9e9d48430ee382baa59147e3:refs/remotes/origin/round-450-anchor-36
2026-09-24T21:45:03.0190981Z From https://github.com/PLANETA9091/c-crussty
2026-09-24T21:45:03.0196247Z  * [new ref]         d02a29777eda74eb9e9d48430ee382baa59147e3 -> origin/round-450-anchor-36
2026-09-24T21:45:03.0197848Z ##[endgroup]
2026-09-24T21:45:03.0198219Z ##[group]Determining the checkout info
2026-09-24T21:45:03.0198602Z ##[endgroup]
2026-09-24T21:45:03.0200727Z [command]/usr/bin/git sparse-checkout disable
2026-09-24T21:45:03.0246009Z [command]/usr/bin/git config --local --unset-all extensions.worktreeConfig
2026-09-24T21:45:03.0271060Z ##[group]Checking out the ref
2026-09-24T21:45:03.0274618Z [command]/usr/bin/git checkout --progress --force -B round-450-anchor-36 refs/remotes/origin/round-450-anchor-36
2026-09-24T21:45:03.8869821Z Switched to a new branch 'round-450-anchor-36'
2026-09-24T21:45:03.8872538Z branch 'round-450-anchor-36' set up to track 'origin/round-450-anchor-36'.
2026-09-24T21:45:03.8920681Z ##[endgroup]
2026-09-24T21:45:03.8969945Z [command]/usr/bin/git log -1 --format=%H
2026-09-24T21:45:03.8988635Z d02a29777eda74eb9e9d48430ee382baa59147e3
2026-09-24T21:45:03.9707431Z ##[group]Run set -euo pipefail
2026-09-24T21:45:03.9707658Z [36;1mset -euo pipefail[0m
2026-09-24T21:45:03.9707801Z [36;1mIDX=$(python3 -c '[0m
2026-09-24T21:45:03.9707933Z [36;1mimport time[0m
2026-09-24T21:45:03.9708054Z [36;1mt=time.time(); x=1[0m
2026-09-24T21:45:03.9708188Z [36;1mfor _ in range(6000000):[0m
2026-09-24T21:45:03.9708351Z [36;1m    x=(x*1103515245+12345)&0x7fffffff[0m
2026-09-24T21:45:03.9708529Z [36;1mprint(f"{6000000/(time.time()-t):.0f}")')[0m
2026-09-24T21:45:03.9708722Z [36;1mecho "runner_cpu_index=$IDX band=[6000000,9500000]"[0m
2026-09-24T21:45:03.9708939Z [36;1mif [ "$IDX" -lt "6000000" ] || [ "$IDX" -gt "9500000" ]; then[0m
2026-09-24T21:45:03.9709270Z [36;1m  echo "::notice::runner_cpu_index=$IDX OUTSIDE band — fast-fail pre-download (pairing discard, not a bench failure)"[0m
2026-09-24T21:45:03.9709553Z [36;1m  exit 1[0m
2026-09-24T21:45:03.9709667Z [36;1mfi[0m
2026-09-24T21:45:04.0825050Z shell: /usr/bin/bash -e {0}
2026-09-24T21:45:04.0825273Z ##[endgroup]
2026-09-24T21:45:04.6525136Z runner_cpu_index=11888072 band=[6000000,9500000]
2026-09-24T21:45:04.6535922Z ##[notice]runner_cpu_index=11888072 OUTSIDE band — fast-fail pre-download (pairing discard, not a bench failure)
2026-09-24T21:45:04.6542174Z ##[error]Process completed with exit code 1.
2026-09-24T21:45:04.6606066Z ##[group]Run actions/upload-artifact@v4
2026-09-24T21:45:04.6606222Z with:
2026-09-24T21:45:04.6606330Z   name: world3-bench
2026-09-24T21:45:04.6607175Z   path: world3-run/BOTTLENECKS_3.md
world3-run/cpu-collapsed.txt
world3-run/wall-collapsed.txt
world3-run/alloc-collapsed.txt
world3-run/cpu-flamegraph.html
world3-run/server-stdout.log
world3-run/gc.log
world3-run/remset.log
world3-run/refine.log
world3-run/recon.jfr
world3-run/ap.log
world3-run/run-env.txt
world3-run/pclip-materialize.log
world3-run/chunk-parse-diag.txt
world3-run/entity-recon.txt
world3-run/patched-kernel.jar
world3-run/spark-report/

2026-09-24T21:45:04.6608299Z   if-no-files-found: warn
2026-09-24T21:45:04.6608430Z   compression-level: 6
2026-09-24T21:45:04.6608551Z   overwrite: false
2026-09-24T21:45:04.6608669Z   include-hidden-files: false
2026-09-24T21:45:04.6608805Z ##[endgroup]
2026-09-24T21:45:04.7587353Z (node:2046) [DEP0040] DeprecationWarning: The `punycode` module is deprecated. Please use a userland alternative instead.
2026-09-24T21:45:04.7587859Z (Use `node --trace-deprecation ...` to show where the warning was created)
2026-09-24T21:45:04.7641760Z Multiple search paths detected. Calculating the least common ancestor of all paths
2026-09-24T21:45:04.7648458Z The least common ancestor is /home/runner/work/c-crussty/c-crussty/world3-run. This will be the root directory of the artifact
2026-09-24T21:45:04.7655367Z ##[warning]No files were found with the provided path: world3-run/BOTTLENECKS_3.md
world3-run/cpu-collapsed.txt
world3-run/wall-collapsed.txt
world3-run/alloc-collapsed.txt
world3-run/cpu-flamegraph.html
world3-run/server-stdout.log
world3-run/gc.log
world3-run/remset.log
world3-run/refine.log
world3-run/recon.jfr
world3-run/ap.log
world3-run/run-env.txt
world3-run/pclip-materialize.log
world3-run/chunk-parse-diag.txt
world3-run/entity-recon.txt
world3-run/patched-kernel.jar
world3-run/spark-report/. No artifacts will be uploaded.
2026-09-24T21:45:04.7807893Z Post job cleanup.
2026-09-24T21:45:04.8369720Z [command]/usr/bin/git version
2026-09-24T21:45:04.8400561Z git version 2.55.0
2026-09-24T21:45:04.8424204Z Temporarily overriding HOME='/home/runner/work/_temp/fe994a3d-b6f5-4ac0-91a5-c09d344694aa' before making global git config changes
2026-09-24T21:45:04.8424915Z Adding repository directory to the temporary git global config as a safe directory
2026-09-24T21:45:04.8427882Z [command]/usr/bin/git config --global --add safe.directory /home/runner/work/c-crussty/c-crussty
2026-09-24T21:45:04.8456297Z [command]/usr/bin/git config --local --name-only --get-regexp core\.sshCommand
2026-09-24T21:45:04.8482536Z [command]/usr/bin/git submodule foreach --recursive sh -c "git config --local --name-only --get-regexp 'core\.sshCommand' && git config --local --unset-all 'core.sshCommand' || :"
2026-09-24T21:45:04.8672357Z [command]/usr/bin/git config --local --name-only --get-regexp http\.https\:\/\/github\.com\/\.extraheader
2026-09-24T21:45:04.8696589Z http.https://github.com/.extraheader
2026-09-24T21:45:04.8704206Z [command]/usr/bin/git config --local --unset-all http.https://github.com/.extraheader
2026-09-24T21:45:04.8735152Z [command]/usr/bin/git submodule foreach --recursive sh -c "git config --local --name-only --get-regexp 'http\.https\:\/\/github\.com\/\.extraheader' && git config --local --unset-all 'http.https://github.com/.extraheader' || :"
2026-09-24T21:45:04.8922040Z [command]/usr/bin/git config --local --name-only --get-regexp ^includeIf\.gitdir:
2026-09-24T21:45:04.8950444Z [command]/usr/bin/git submodule foreach --recursive git config --local --show-origin --name-only --get-regexp remote.origin.url
2026-09-24T21:45:04.9240524Z Cleaning up orphan processes
2026-09-24T21:45:04.9420023Z ##[warning]Node.js 20 is deprecated. The following actions target Node.js 20 but are being forced to run on Node.js 24: actions/checkout@v4, actions/upload-artifact@v4. For more information see: https://github.blog/changelog/2025-09-19-deprecation-of-node-20-on-github-actions-runners/
