[2026-09-18T14:09:24.614+0000][0.007s][info][gc,init] CardTable entry size: 512
[2026-09-18T14:09:24.615+0000][0.007s][info][gc     ] Using G1
[2026-09-18T14:09:24.620+0000][0.013s][info][gc,init] Version: 21.0.12.1+1-LTS (release)
[2026-09-18T14:09:24.620+0000][0.013s][info][gc,init] CPUs: 4 total, 4 available
[2026-09-18T14:09:24.620+0000][0.013s][info][gc,init] Memory: 15988M
[2026-09-18T14:09:24.620+0000][0.013s][info][gc,init] Large Page Support: Disabled
[2026-09-18T14:09:24.620+0000][0.013s][info][gc,init] NUMA Support: Disabled
[2026-09-18T14:09:24.620+0000][0.013s][info][gc,init] Compressed Oops: Enabled (Zero based)
[2026-09-18T14:09:24.620+0000][0.013s][info][gc,init] Heap Region Size: 8M
[2026-09-18T14:09:24.620+0000][0.013s][info][gc,init] Heap Min Capacity: 4G
[2026-09-18T14:09:24.620+0000][0.013s][info][gc,init] Heap Initial Capacity: 4G
[2026-09-18T14:09:24.620+0000][0.013s][info][gc,init] Heap Max Capacity: 10G
[2026-09-18T14:09:24.620+0000][0.013s][info][gc,init] Pre-touch: Disabled
[2026-09-18T14:09:24.620+0000][0.013s][info][gc,init] Parallel Workers: 4
[2026-09-18T14:09:24.620+0000][0.013s][info][gc,init] Concurrent Workers: 1
[2026-09-18T14:09:24.620+0000][0.013s][info][gc,init] Concurrent Refinement Workers: 4
[2026-09-18T14:09:24.620+0000][0.013s][info][gc,init] Periodic GC: Disabled
[2026-09-18T14:09:24.629+0000][0.022s][info][gc,metaspace] CDS archive(s) mapped at: [0x00007f3b07000000-0x00007f3b07c9c000-0x00007f3b07c9c000), size 13221888, SharedBaseAddress: 0x00007f3b07000000, ArchiveRelocationMode: 1.
[2026-09-18T14:09:24.629+0000][0.022s][info][gc,metaspace] Compressed class space mapped at: 0x00007f3b08000000-0x00007f3b48000000, reserved size: 1073741824
[2026-09-18T14:09:24.629+0000][0.022s][info][gc,metaspace] Narrow klass base: 0x00007f3b07000000, Narrow klass shift: 0, Narrow klass range: 0x100000000
[2026-09-18T14:09:25.625+0000][1.018s][info][gc,start    ] GC(0) Pause Young (Normal) (G1 Evacuation Pause)
[2026-09-18T14:09:25.626+0000][1.018s][info][gc,task     ] GC(0) Using 4 workers of 4 for evacuation
[2026-09-18T14:09:25.629+0000][1.022s][info][gc,phases   ] GC(0)   Pre Evacuate Collection Set: 0.13ms
[2026-09-18T14:09:25.629+0000][1.022s][info][gc,phases   ] GC(0)   Merge Heap Roots: 0.17ms
[2026-09-18T14:09:25.629+0000][1.022s][info][gc,phases   ] GC(0)   Evacuate Collection Set: 1.79ms
[2026-09-18T14:09:25.629+0000][1.022s][info][gc,phases   ] GC(0)   Post Evacuate Collection Set: 1.54ms
[2026-09-18T14:09:25.629+0000][1.022s][info][gc,phases   ] GC(0)   Other: 0.28ms
[2026-09-18T14:09:25.629+0000][1.022s][info][gc,heap     ] GC(0) Eden regions: 25->0(24)
[2026-09-18T14:09:25.629+0000][1.022s][info][gc,heap     ] GC(0) Survivor regions: 0->1(4)
[2026-09-18T14:09:25.629+0000][1.022s][info][gc,heap     ] GC(0) Old regions: 1->1
[2026-09-18T14:09:25.629+0000][1.022s][info][gc,heap     ] GC(0) Humongous regions: 68->0
[2026-09-18T14:09:25.629+0000][1.022s][info][gc,metaspace] GC(0) Metaspace: 2496K(2688K)->2496K(2688K) NonClass: 2266K(2368K)->2266K(2368K) Class: 229K(320K)->229K(320K)
[2026-09-18T14:09:25.629+0000][1.022s][info][gc          ] GC(0) Pause Young (Normal) (G1 Evacuation Pause) 745M->5M(4104M) 4.058ms
[2026-09-18T14:09:25.629+0000][1.022s][info][gc,cpu      ] GC(0) User=0.01s Sys=0.01s Real=0.00s
[2026-09-18T14:09:26.768+0000][2.160s][info][gc,start    ] GC(1) Pause Young (Concurrent Start) (Metadata GC Threshold)
[2026-09-18T14:09:26.768+0000][2.160s][info][gc,task     ] GC(1) Using 4 workers of 4 for evacuation
[2026-09-18T14:09:26.773+0000][2.166s][info][gc,phases   ] GC(1)   Pre Evacuate Collection Set: 0.17ms
[2026-09-18T14:09:26.773+0000][2.166s][info][gc,phases   ] GC(1)   Merge Heap Roots: 0.05ms
[2026-09-18T14:09:26.773+0000][2.166s][info][gc,phases   ] GC(1)   Evacuate Collection Set: 4.58ms
[2026-09-18T14:09:26.773+0000][2.166s][info][gc,phases   ] GC(1)   Post Evacuate Collection Set: 0.72ms
[2026-09-18T14:09:26.773+0000][2.166s][info][gc,phases   ] GC(1)   Other: 0.07ms
[2026-09-18T14:09:26.773+0000][2.166s][info][gc,heap     ] GC(1) Eden regions: 11->0(23)
[2026-09-18T14:09:26.773+0000][2.166s][info][gc,heap     ] GC(1) Survivor regions: 1->2(4)
[2026-09-18T14:09:26.773+0000][2.166s][info][gc,heap     ] GC(1) Old regions: 1->1
[2026-09-18T14:09:26.773+0000][2.166s][info][gc,heap     ] GC(1) Humongous regions: 0->0
[2026-09-18T14:09:26.773+0000][2.166s][info][gc,metaspace] GC(1) Metaspace: 21070K(21504K)->21070K(21504K) NonClass: 18694K(18944K)->18694K(18944K) Class: 2376K(2560K)->2376K(2560K)
[2026-09-18T14:09:26.773+0000][2.166s][info][gc          ] GC(1) Pause Young (Concurrent Start) (Metadata GC Threshold) 92M->13M(4104M) 5.697ms
[2026-09-18T14:09:26.773+0000][2.166s][info][gc,cpu      ] GC(1) User=0.02s Sys=0.00s Real=0.01s
[2026-09-18T14:09:26.773+0000][2.166s][info][gc          ] GC(2) Concurrent Mark Cycle
[2026-09-18T14:09:26.773+0000][2.166s][info][gc,marking  ] GC(2) Concurrent Scan Root Regions
[2026-09-18T14:09:26.777+0000][2.170s][info][gc,marking  ] GC(2) Concurrent Scan Root Regions 3.545ms
[2026-09-18T14:09:26.777+0000][2.170s][info][gc,marking  ] GC(2) Concurrent Mark
[2026-09-18T14:09:26.777+0000][2.170s][info][gc,marking  ] GC(2) Concurrent Mark From Roots
[2026-09-18T14:09:26.777+0000][2.170s][info][gc,task     ] GC(2) Using 1 workers of 1 for marking
[2026-09-18T14:09:26.778+0000][2.171s][info][gc,marking  ] GC(2) Concurrent Mark From Roots 1.140ms
[2026-09-18T14:09:26.778+0000][2.171s][info][gc,marking  ] GC(2) Concurrent Preclean
[2026-09-18T14:09:26.778+0000][2.171s][info][gc,marking  ] GC(2) Concurrent Preclean 0.006ms
[2026-09-18T14:09:26.778+0000][2.171s][info][gc,start    ] GC(2) Pause Remark
[2026-09-18T14:09:26.780+0000][2.173s][info][gc          ] GC(2) Pause Remark 18M->18M(4096M) 1.745ms
[2026-09-18T14:09:26.780+0000][2.173s][info][gc,cpu      ] GC(2) User=0.01s Sys=0.00s Real=0.00s
[2026-09-18T14:09:26.780+0000][2.173s][info][gc,marking  ] GC(2) Concurrent Mark 3.201ms
[2026-09-18T14:09:26.780+0000][2.173s][info][gc,marking  ] GC(2) Concurrent Rebuild Remembered Sets and Scrub Regions
[2026-09-18T14:09:26.781+0000][2.173s][info][gc,marking  ] GC(2) Concurrent Rebuild Remembered Sets and Scrub Regions 0.540ms
[2026-09-18T14:09:26.781+0000][2.174s][info][gc,start    ] GC(2) Pause Cleanup
[2026-09-18T14:09:26.781+0000][2.174s][info][gc          ] GC(2) Pause Cleanup 18M->18M(4096M) 0.083ms
[2026-09-18T14:09:26.781+0000][2.174s][info][gc,cpu      ] GC(2) User=0.00s Sys=0.00s Real=0.00s
[2026-09-18T14:09:26.781+0000][2.174s][info][gc,marking  ] GC(2) Concurrent Clear Claimed Marks
[2026-09-18T14:09:26.781+0000][2.174s][info][gc,marking  ] GC(2) Concurrent Clear Claimed Marks 0.022ms
[2026-09-18T14:09:26.781+0000][2.174s][info][gc,marking  ] GC(2) Concurrent Cleanup for Next Mark
[2026-09-18T14:09:26.791+0000][2.183s][info][gc,marking  ] GC(2) Concurrent Cleanup for Next Mark 9.707ms
[2026-09-18T14:09:26.791+0000][2.183s][info][gc          ] GC(2) Concurrent Mark Cycle 17.346ms
[2026-09-18T14:09:27.006+0000][2.399s][info][gc,start    ] GC(3) Pause Young (Prepare Mixed) (G1 Evacuation Pause)
[2026-09-18T14:09:27.006+0000][2.399s][info][gc,task     ] GC(3) Using 4 workers of 4 for evacuation
[2026-09-18T14:09:27.050+0000][2.443s][info][gc,phases   ] GC(3)   Pre Evacuate Collection Set: 0.12ms
[2026-09-18T14:09:27.050+0000][2.443s][info][gc,phases   ] GC(3)   Merge Heap Roots: 0.04ms
[2026-09-18T14:09:27.050+0000][2.443s][info][gc,phases   ] GC(3)   Evacuate Collection Set: 43.43ms
[2026-09-18T14:09:27.050+0000][2.443s][info][gc,phases   ] GC(3)   Post Evacuate Collection Set: 0.71ms
[2026-09-18T14:09:27.050+0000][2.443s][info][gc,phases   ] GC(3)   Other: 0.05ms
[2026-09-18T14:09:27.050+0000][2.443s][info][gc,heap     ] GC(3) Eden regions: 23->0(21)
[2026-09-18T14:09:27.050+0000][2.443s][info][gc,heap     ] GC(3) Survivor regions: 2->4(4)
[2026-09-18T14:09:27.050+0000][2.443s][info][gc,heap     ] GC(3) Old regions: 1->9
[2026-09-18T14:09:27.050+0000][2.443s][info][gc,heap     ] GC(3) Humongous regions: 0->0
[2026-09-18T14:09:27.050+0000][2.443s][info][gc,metaspace] GC(3) Metaspace: 23311K(23808K)->23311K(23808K) NonClass: 20672K(20928K)->20672K(20928K) Class: 2638K(2880K)->2638K(2880K)
[2026-09-18T14:09:27.050+0000][2.443s][info][gc          ] GC(3) Pause Young (Prepare Mixed) (G1 Evacuation Pause) 197M->97M(4096M) 44.490ms
[2026-09-18T14:09:27.050+0000][2.443s][info][gc,cpu      ] GC(3) User=0.16s Sys=0.02s Real=0.04s
[2026-09-18T14:09:27.858+0000][3.251s][info][gc,start    ] GC(4) Pause Young (Mixed) (G1 Evacuation Pause)
[2026-09-18T14:09:27.858+0000][3.251s][info][gc,task     ] GC(4) Using 4 workers of 4 for evacuation
[2026-09-18T14:09:27.900+0000][3.292s][info][gc,phases   ] GC(4)   Pre Evacuate Collection Set: 0.11ms
[2026-09-18T14:09:27.900+0000][3.292s][info][gc,phases   ] GC(4)   Merge Heap Roots: 0.36ms
[2026-09-18T14:09:27.900+0000][3.292s][info][gc,phases   ] GC(4)   Evacuate Collection Set: 39.45ms
[2026-09-18T14:09:27.900+0000][3.292s][info][gc,phases   ] GC(4)   Post Evacuate Collection Set: 1.45ms
[2026-09-18T14:09:27.900+0000][3.292s][info][gc,phases   ] GC(4)   Other: 0.05ms
[2026-09-18T14:09:27.900+0000][3.293s][info][gc,heap     ] GC(4) Eden regions: 21->0(21)
[2026-09-18T14:09:27.900+0000][3.293s][info][gc,heap     ] GC(4) Survivor regions: 4->4(4)
[2026-09-18T14:09:27.900+0000][3.293s][info][gc,heap     ] GC(4) Old regions: 9->15
[2026-09-18T14:09:27.900+0000][3.293s][info][gc,heap     ] GC(4) Humongous regions: 0->0
[2026-09-18T14:09:27.900+0000][3.293s][info][gc,metaspace] GC(4) Metaspace: 34982K(35456K)->34982K(35456K) NonClass: 30939K(31232K)->30939K(31232K) Class: 4043K(4224K)->4043K(4224K)
[2026-09-18T14:09:27.900+0000][3.293s][info][gc          ] GC(4) Pause Young (Mixed) (G1 Evacuation Pause) 265M->148M(4096M) 41.545ms
[2026-09-18T14:09:27.900+0000][3.293s][info][gc,cpu      ] GC(4) User=0.16s Sys=0.01s Real=0.04s
[2026-09-18T14:09:27.923+0000][3.315s][info][gc,start    ] GC(5) Pause Young (Concurrent Start) (Metadata GC Threshold)
[2026-09-18T14:09:27.923+0000][3.315s][info][gc,task     ] GC(5) Using 4 workers of 4 for evacuation
[2026-09-18T14:09:27.940+0000][3.333s][info][gc,phases   ] GC(5)   Pre Evacuate Collection Set: 0.16ms
[2026-09-18T14:09:27.940+0000][3.333s][info][gc,phases   ] GC(5)   Merge Heap Roots: 0.32ms
[2026-09-18T14:09:27.940+0000][3.333s][info][gc,phases   ] GC(5)   Evacuate Collection Set: 16.79ms
[2026-09-18T14:09:27.940+0000][3.333s][info][gc,phases   ] GC(5)   Post Evacuate Collection Set: 0.26ms
[2026-09-18T14:09:27.940+0000][3.333s][info][gc,phases   ] GC(5)   Other: 0.08ms
[2026-09-18T14:09:27.940+0000][3.333s][info][gc,heap     ] GC(5) Eden regions: 1->0(24)
[2026-09-18T14:09:27.940+0000][3.333s][info][gc,heap     ] GC(5) Survivor regions: 4->1(4)
[2026-09-18T14:09:27.940+0000][3.333s][info][gc,heap     ] GC(5) Old regions: 15->19
[2026-09-18T14:09:27.940+0000][3.333s][info][gc,heap     ] GC(5) Humongous regions: 0->0
[2026-09-18T14:09:27.940+0000][3.333s][info][gc,metaspace] GC(5) Metaspace: 35452K(35968K)->35452K(35968K) NonClass: 31335K(31616K)->31335K(31616K) Class: 4117K(4352K)->4117K(4352K)
[2026-09-18T14:09:27.940+0000][3.333s][info][gc          ] GC(5) Pause Young (Concurrent Start) (Metadata GC Threshold) 152M->157M(4096M) 17.731ms
[2026-09-18T14:09:27.940+0000][3.333s][info][gc,cpu      ] GC(5) User=0.07s Sys=0.00s Real=0.01s
[2026-09-18T14:09:27.940+0000][3.333s][info][gc          ] GC(6) Concurrent Mark Cycle
[2026-09-18T14:09:27.940+0000][3.333s][info][gc,marking  ] GC(6) Concurrent Scan Root Regions
[2026-09-18T14:09:27.973+0000][3.366s][info][gc,marking  ] GC(6) Concurrent Scan Root Regions 33.098ms
[2026-09-18T14:09:27.974+0000][3.366s][info][gc,marking  ] GC(6) Concurrent Mark
[2026-09-18T14:09:27.974+0000][3.366s][info][gc,marking  ] GC(6) Concurrent Mark From Roots
[2026-09-18T14:09:27.974+0000][3.366s][info][gc,task     ] GC(6) Using 1 workers of 1 for marking
[2026-09-18T14:09:28.093+0000][3.485s][info][gc,marking  ] GC(6) Concurrent Mark From Roots 118.980ms
[2026-09-18T14:09:28.093+0000][3.485s][info][gc,marking  ] GC(6) Concurrent Preclean
[2026-09-18T14:09:28.093+0000][3.485s][info][gc,marking  ] GC(6) Concurrent Preclean 0.030ms
[2026-09-18T14:09:28.093+0000][3.486s][info][gc,start    ] GC(6) Pause Remark
[2026-09-18T14:09:28.096+0000][3.489s][info][gc          ] GC(6) Pause Remark 170M->170M(4096M) 2.913ms
[2026-09-18T14:09:28.096+0000][3.489s][info][gc,cpu      ] GC(6) User=0.00s Sys=0.00s Real=0.00s
[2026-09-18T14:09:28.096+0000][3.489s][info][gc,marking  ] GC(6) Concurrent Mark 122.772ms
[2026-09-18T14:09:28.096+0000][3.489s][info][gc,marking  ] GC(6) Concurrent Rebuild Remembered Sets and Scrub Regions
[2026-09-18T14:09:28.151+0000][3.543s][info][gc,marking  ] GC(6) Concurrent Rebuild Remembered Sets and Scrub Regions 54.200ms
[2026-09-18T14:09:28.151+0000][3.543s][info][gc,start    ] GC(6) Pause Cleanup
[2026-09-18T14:09:28.151+0000][3.544s][info][gc          ] GC(6) Pause Cleanup 175M->175M(4096M) 0.131ms
[2026-09-18T14:09:28.151+0000][3.544s][info][gc,cpu      ] GC(6) User=0.00s Sys=0.00s Real=0.00s
[2026-09-18T14:09:28.151+0000][3.544s][info][gc,marking  ] GC(6) Concurrent Clear Claimed Marks
[2026-09-18T14:09:28.151+0000][3.544s][info][gc,marking  ] GC(6) Concurrent Clear Claimed Marks 0.056ms
[2026-09-18T14:09:28.151+0000][3.544s][info][gc,marking  ] GC(6) Concurrent Cleanup for Next Mark
[2026-09-18T14:09:28.158+0000][3.551s][info][gc,marking  ] GC(6) Concurrent Cleanup for Next Mark 7.347ms
[2026-09-18T14:09:28.158+0000][3.551s][info][gc          ] GC(6) Concurrent Mark Cycle 217.992ms
[2026-09-18T14:09:28.792+0000][4.185s][info][gc,start    ] GC(7) Pause Young (Prepare Mixed) (G1 Evacuation Pause)
[2026-09-18T14:09:28.792+0000][4.185s][info][gc,task     ] GC(7) Using 4 workers of 4 for evacuation
[2026-09-18T14:09:28.805+0000][4.198s][info][gc,phases   ] GC(7)   Pre Evacuate Collection Set: 0.11ms
[2026-09-18T14:09:28.805+0000][4.198s][info][gc,phases   ] GC(7)   Merge Heap Roots: 0.05ms
[2026-09-18T14:09:28.805+0000][4.198s][info][gc,phases   ] GC(7)   Evacuate Collection Set: 12.35ms
[2026-09-18T14:09:28.805+0000][4.198s][info][gc,phases   ] GC(7)   Post Evacuate Collection Set: 0.77ms
[2026-09-18T14:09:28.805+0000][4.198s][info][gc,phases   ] GC(7)   Other: 0.05ms
[2026-09-18T14:09:28.805+0000][4.198s][info][gc,heap     ] GC(7) Eden regions: 24->0(22)
[2026-09-18T14:09:28.805+0000][4.198s][info][gc,heap     ] GC(7) Survivor regions: 1->3(4)
[2026-09-18T14:09:28.805+0000][4.198s][info][gc,heap     ] GC(7) Old regions: 19->19
[2026-09-18T14:09:28.805+0000][4.198s][info][gc,heap     ] GC(7) Humongous regions: 0->0
[2026-09-18T14:09:28.805+0000][4.198s][info][gc,metaspace] GC(7) Metaspace: 45620K(46144K)->45620K(46144K) NonClass: 39703K(40000K)->39703K(40000K) Class: 5916K(6144K)->5916K(6144K)
[2026-09-18T14:09:28.805+0000][4.198s][info][gc          ] GC(7) Pause Young (Prepare Mixed) (G1 Evacuation Pause) 349M->172M(4096M) 13.456ms
[2026-09-18T14:09:28.805+0000][4.198s][info][gc,cpu      ] GC(7) User=0.05s Sys=0.00s Real=0.02s
[2026-09-18T14:09:29.950+0000][5.343s][info][gc,start    ] GC(8) Pause Young (Mixed) (G1 Evacuation Pause)
[2026-09-18T14:09:29.950+0000][5.343s][info][gc,task     ] GC(8) Using 4 workers of 4 for evacuation
[2026-09-18T14:09:29.986+0000][5.379s][info][gc,phases   ] GC(8)   Pre Evacuate Collection Set: 0.11ms
[2026-09-18T14:09:29.986+0000][5.379s][info][gc,phases   ] GC(8)   Merge Heap Roots: 0.06ms
[2026-09-18T14:09:29.986+0000][5.379s][info][gc,phases   ] GC(8)   Evacuate Collection Set: 34.11ms
[2026-09-18T14:09:29.986+0000][5.379s][info][gc,phases   ] GC(8)   Post Evacuate Collection Set: 1.33ms
[2026-09-18T14:09:29.986+0000][5.379s][info][gc,phases   ] GC(8)   Other: 0.04ms
[2026-09-18T14:09:29.986+0000][5.379s][info][gc,heap     ] GC(8) Eden regions: 22->0(21)
[2026-09-18T14:09:29.986+0000][5.379s][info][gc,heap     ] GC(8) Survivor regions: 3->4(4)
[2026-09-18T14:09:29.986+0000][5.379s][info][gc,heap     ] GC(8) Old regions: 19->22
[2026-09-18T14:09:29.986+0000][5.379s][info][gc,heap     ] GC(8) Humongous regions: 0->0
[2026-09-18T14:09:29.986+0000][5.379s][info][gc,metaspace] GC(8) Metaspace: 63708K(64320K)->63708K(64320K) NonClass: 54080K(54400K)->54080K(54400K) Class: 9627K(9920K)->9627K(9920K)
[2026-09-18T14:09:29.986+0000][5.379s][info][gc          ] GC(8) Pause Young (Mixed) (G1 Evacuation Pause) 348M->199M(4096M) 35.778ms
[2026-09-18T14:09:29.986+0000][5.379s][info][gc,cpu      ] GC(8) User=0.14s Sys=0.00s Real=0.04s
[2026-09-18T14:09:30.118+0000][5.511s][info][gc,start    ] GC(9) Pause Young (Normal) (G1 Evacuation Pause)
[2026-09-18T14:09:30.118+0000][5.511s][info][gc,task     ] GC(9) Using 4 workers of 4 for evacuation
[2026-09-18T14:09:30.157+0000][5.550s][info][gc,phases   ] GC(9)   Pre Evacuate Collection Set: 0.16ms
[2026-09-18T14:09:30.157+0000][5.550s][info][gc,phases   ] GC(9)   Merge Heap Roots: 0.13ms
[2026-09-18T14:09:30.157+0000][5.550s][info][gc,phases   ] GC(9)   Evacuate Collection Set: 37.93ms
[2026-09-18T14:09:30.157+0000][5.550s][info][gc,phases   ] GC(9)   Post Evacuate Collection Set: 0.47ms
[2026-09-18T14:09:30.157+0000][5.550s][info][gc,phases   ] GC(9)   Other: 0.05ms
[2026-09-18T14:09:30.157+0000][5.550s][info][gc,heap     ] GC(9) Eden regions: 21->0(21)
[2026-09-18T14:09:30.157+0000][5.550s][info][gc,heap     ] GC(9) Survivor regions: 4->4(4)
[2026-09-18T14:09:30.157+0000][5.550s][info][gc,heap     ] GC(9) Old regions: 22->28
[2026-09-18T14:09:30.157+0000][5.550s][info][gc,heap     ] GC(9) Humongous regions: 0->0
[2026-09-18T14:09:30.157+0000][5.550s][info][gc,metaspace] GC(9) Metaspace: 63730K(64384K)->63730K(64384K) NonClass: 54101K(54464K)->54101K(54464K) Class: 9628K(9920K)->9628K(9920K)
[2026-09-18T14:09:30.157+0000][5.550s][info][gc          ] GC(9) Pause Young (Normal) (G1 Evacuation Pause) 367M->256M(4096M) 38.881ms
[2026-09-18T14:09:30.157+0000][5.550s][info][gc,cpu      ] GC(9) User=0.15s Sys=0.00s Real=0.04s
[2026-09-18T14:09:30.220+0000][5.612s][info][gc,start    ] GC(10) Pause Young (Concurrent Start) (Metadata GC Threshold)
[2026-09-18T14:09:30.220+0000][5.612s][info][gc,task     ] GC(10) Using 4 workers of 4 for evacuation
[2026-09-18T14:09:30.238+0000][5.630s][info][gc,phases   ] GC(10)   Pre Evacuate Collection Set: 0.15ms
[2026-09-18T14:09:30.238+0000][5.630s][info][gc,phases   ] GC(10)   Merge Heap Roots: 0.08ms
[2026-09-18T14:09:30.238+0000][5.630s][info][gc,phases   ] GC(10)   Evacuate Collection Set: 17.22ms
[2026-09-18T14:09:30.238+0000][5.630s][info][gc,phases   ] GC(10)   Post Evacuate Collection Set: 0.38ms
[2026-09-18T14:09:30.238+0000][5.630s][info][gc,phases   ] GC(10)   Other: 0.07ms
[2026-09-18T14:09:30.238+0000][5.630s][info][gc,heap     ] GC(10) Eden regions: 5->0(23)
[2026-09-18T14:09:30.238+0000][5.630s][info][gc,heap     ] GC(10) Survivor regions: 4->2(4)
[2026-09-18T14:09:30.238+0000][5.630s][info][gc,heap     ] GC(10) Old regions: 28->33
[2026-09-18T14:09:30.238+0000][5.630s][info][gc,heap     ] GC(10) Humongous regions: 0->0
[2026-09-18T14:09:30.238+0000][5.630s][info][gc,metaspace] GC(10) Metaspace: 64268K(64960K)->64268K(64960K) NonClass: 54543K(54912K)->54543K(54912K) Class: 9725K(10048K)->9725K(10048K)
[2026-09-18T14:09:30.238+0000][5.630s][info][gc          ] GC(10) Pause Young (Concurrent Start) (Metadata GC Threshold) 291M->274M(4096M) 18.035ms
[2026-09-18T14:09:30.238+0000][5.630s][info][gc,cpu      ] GC(10) User=0.06s Sys=0.00s Real=0.02s
[2026-09-18T14:09:30.238+0000][5.630s][info][gc          ] GC(11) Concurrent Mark Cycle
[2026-09-18T14:09:30.238+0000][5.630s][info][gc,marking  ] GC(11) Concurrent Scan Root Regions
[2026-09-18T14:09:30.252+0000][5.644s][info][gc,marking  ] GC(11) Concurrent Scan Root Regions 14.075ms
[2026-09-18T14:09:30.252+0000][5.645s][info][gc,marking  ] GC(11) Concurrent Mark
[2026-09-18T14:09:30.252+0000][5.645s][info][gc,marking  ] GC(11) Concurrent Mark From Roots
[2026-09-18T14:09:30.252+0000][5.645s][info][gc,task     ] GC(11) Using 1 workers of 1 for marking
[2026-09-18T14:09:30.363+0000][5.756s][info][gc,marking  ] GC(11) Concurrent Mark From Roots 111.603ms
[2026-09-18T14:09:30.363+0000][5.756s][info][gc,marking  ] GC(11) Concurrent Preclean
[2026-09-18T14:09:30.364+0000][5.757s][info][gc,marking  ] GC(11) Concurrent Preclean 0.391ms
[2026-09-18T14:09:30.364+0000][5.757s][info][gc,start    ] GC(11) Pause Remark
[2026-09-18T14:09:30.368+0000][5.761s][info][gc          ] GC(11) Pause Remark 277M->269M(4096M) 3.525ms
[2026-09-18T14:09:30.368+0000][5.761s][info][gc,cpu      ] GC(11) User=0.01s Sys=0.01s Real=0.00s
[2026-09-18T14:09:30.368+0000][5.761s][info][gc,marking  ] GC(11) Concurrent Mark 116.215ms
[2026-09-18T14:09:30.368+0000][5.761s][info][gc,marking  ] GC(11) Concurrent Rebuild Remembered Sets and Scrub Regions
[2026-09-18T14:09:30.455+0000][5.848s][info][gc,marking  ] GC(11) Concurrent Rebuild Remembered Sets and Scrub Regions 87.053ms
[2026-09-18T14:09:30.456+0000][5.849s][info][gc,start    ] GC(11) Pause Cleanup
[2026-09-18T14:09:30.456+0000][5.849s][info][gc          ] GC(11) Pause Cleanup 269M->269M(4096M) 0.133ms
[2026-09-18T14:09:30.456+0000][5.849s][info][gc,cpu      ] GC(11) User=0.00s Sys=0.00s Real=0.00s
[2026-09-18T14:09:30.456+0000][5.849s][info][gc,marking  ] GC(11) Concurrent Clear Claimed Marks
[2026-09-18T14:09:30.456+0000][5.849s][info][gc,marking  ] GC(11) Concurrent Clear Claimed Marks 0.070ms
[2026-09-18T14:09:30.456+0000][5.849s][info][gc,marking  ] GC(11) Concurrent Cleanup for Next Mark
[2026-09-18T14:09:30.464+0000][5.856s][info][gc,marking  ] GC(11) Concurrent Cleanup for Next Mark 7.265ms
[2026-09-18T14:09:30.464+0000][5.856s][info][gc          ] GC(11) Concurrent Mark Cycle 225.876ms
[2026-09-18T14:09:32.185+0000][7.577s][info][gc,start    ] GC(12) Pause Young (Prepare Mixed) (G1 Evacuation Pause)
[2026-09-18T14:09:32.185+0000][7.577s][info][gc,task     ] GC(12) Using 4 workers of 4 for evacuation
[2026-09-18T14:09:32.213+0000][7.606s][info][gc,phases   ] GC(12)   Pre Evacuate Collection Set: 0.14ms
[2026-09-18T14:09:32.213+0000][7.606s][info][gc,phases   ] GC(12)   Merge Heap Roots: 0.13ms
[2026-09-18T14:09:32.213+0000][7.606s][info][gc,phases   ] GC(12)   Evacuate Collection Set: 27.11ms
[2026-09-18T14:09:32.213+0000][7.606s][info][gc,phases   ] GC(12)   Post Evacuate Collection Set: 0.87ms
[2026-09-18T14:09:32.213+0000][7.606s][info][gc,phases   ] GC(12)   Other: 0.05ms
[2026-09-18T14:09:32.213+0000][7.606s][info][gc,heap     ] GC(12) Eden regions: 23->0(21)
[2026-09-18T14:09:32.213+0000][7.606s][info][gc,heap     ] GC(12) Survivor regions: 2->4(4)
[2026-09-18T14:09:32.213+0000][7.606s][info][gc,heap     ] GC(12) Old regions: 32->34
[2026-09-18T14:09:32.213+0000][7.606s][info][gc,heap     ] GC(12) Humongous regions: 0->0
[2026-09-18T14:09:32.213+0000][7.606s][info][gc,metaspace] GC(12) Metaspace: 96604K(97408K)->96604K(97408K) NonClass: 83070K(83520K)->83070K(83520K) Class: 13534K(13888K)->13534K(13888K)
[2026-09-18T14:09:32.213+0000][7.606s][info][gc          ] GC(12) Pause Young (Prepare Mixed) (G1 Evacuation Pause) 450M->301M(4096M) 28.438ms
[2026-09-18T14:09:32.213+0000][7.606s][info][gc,cpu      ] GC(12) User=0.11s Sys=0.00s Real=0.03s
[2026-09-18T14:09:32.473+0000][7.866s][info][gc,start    ] GC(13) Pause Young (Mixed) (G1 Evacuation Pause)
[2026-09-18T14:09:32.473+0000][7.866s][info][gc,task     ] GC(13) Using 4 workers of 4 for evacuation
[2026-09-18T14:09:32.522+0000][7.915s][info][gc,phases   ] GC(13)   Pre Evacuate Collection Set: 0.11ms
[2026-09-18T14:09:32.522+0000][7.915s][info][gc,phases   ] GC(13)   Merge Heap Roots: 0.18ms
[2026-09-18T14:09:32.522+0000][7.915s][info][gc,phases   ] GC(13)   Evacuate Collection Set: 48.27ms
[2026-09-18T14:09:32.522+0000][7.915s][info][gc,phases   ] GC(13)   Post Evacuate Collection Set: 0.55ms
[2026-09-18T14:09:32.522+0000][7.915s][info][gc,phases   ] GC(13)   Other: 0.04ms
[2026-09-18T14:09:32.522+0000][7.915s][info][gc,heap     ] GC(13) Eden regions: 21->0(93)
[2026-09-18T14:09:32.522+0000][7.915s][info][gc,heap     ] GC(13) Survivor regions: 4->4(4)
[2026-09-18T14:09:32.522+0000][7.915s][info][gc,heap     ] GC(13) Old regions: 34->38
[2026-09-18T14:09:32.522+0000][7.915s][info][gc,heap     ] GC(13) Humongous regions: 0->0
[2026-09-18T14:09:32.522+0000][7.915s][info][gc,metaspace] GC(13) Metaspace: 97450K(98304K)->97450K(98304K) NonClass: 83748K(84224K)->83748K(84224K) Class: 13702K(14080K)->13702K(14080K)
[2026-09-18T14:09:32.522+0000][7.915s][info][gc          ] GC(13) Pause Young (Mixed) (G1 Evacuation Pause) 469M->329M(4096M) 49.279ms
[2026-09-18T14:09:32.522+0000][7.915s][info][gc,cpu      ] GC(13) User=0.19s Sys=0.01s Real=0.04s
[2026-09-18T14:09:35.222+0000][10.614s][info][gc,start    ] GC(14) Pause Young (Mixed) (G1 Evacuation Pause)
[2026-09-18T14:09:35.222+0000][10.615s][info][gc,task     ] GC(14) Using 4 workers of 4 for evacuation
[2026-09-18T14:09:35.305+0000][10.698s][info][gc,phases   ] GC(14)   Pre Evacuate Collection Set: 0.16ms
[2026-09-18T14:09:35.305+0000][10.698s][info][gc,phases   ] GC(14)   Merge Heap Roots: 0.26ms
[2026-09-18T14:09:35.305+0000][10.698s][info][gc,phases   ] GC(14)   Evacuate Collection Set: 80.87ms
[2026-09-18T14:09:35.305+0000][10.698s][info][gc,phases   ] GC(14)   Post Evacuate Collection Set: 2.15ms
[2026-09-18T14:09:35.305+0000][10.698s][info][gc,phases   ] GC(14)   Other: 0.07ms
[2026-09-18T14:09:35.305+0000][10.698s][info][gc,heap     ] GC(14) Eden regions: 103->0(19)
[2026-09-18T14:09:35.305+0000][10.698s][info][gc,heap     ] GC(14) Survivor regions: 4->14(14)
[2026-09-18T14:09:35.305+0000][10.698s][info][gc,heap     ] GC(14) Old regions: 38->38
[2026-09-18T14:09:35.305+0000][10.698s][info][gc,heap     ] GC(14) Humongous regions: 0->0
[2026-09-18T14:09:35.305+0000][10.698s][info][gc,metaspace] GC(14) Metaspace: 114356K(115328K)->114356K(115328K) NonClass: 97963K(98496K)->97963K(98496K) Class: 16393K(16832K)->16393K(16832K)
[2026-09-18T14:09:35.305+0000][10.698s][info][gc          ] GC(14) Pause Young (Mixed) (G1 Evacuation Pause) 1153M->416M(5328M) 83.666ms
[2026-09-18T14:09:35.305+0000][10.698s][info][gc,cpu      ] GC(14) User=0.30s Sys=0.02s Real=0.09s
[2026-09-18T14:09:35.656+0000][11.049s][info][gc,start    ] GC(15) Pause Young (Concurrent Start) (Metadata GC Threshold)
[2026-09-18T14:09:35.656+0000][11.049s][info][gc,task     ] GC(15) Using 4 workers of 4 for evacuation
[2026-09-18T14:09:35.718+0000][11.111s][info][gc,phases   ] GC(15)   Pre Evacuate Collection Set: 0.22ms
[2026-09-18T14:09:35.718+0000][11.111s][info][gc,phases   ] GC(15)   Merge Heap Roots: 0.23ms
[2026-09-18T14:09:35.718+0000][11.111s][info][gc,phases   ] GC(15)   Evacuate Collection Set: 60.56ms
[2026-09-18T14:09:35.718+0000][11.111s][info][gc,phases   ] GC(15)   Post Evacuate Collection Set: 0.77ms
[2026-09-18T14:09:35.718+0000][11.111s][info][gc,phases   ] GC(15)   Other: 0.09ms
[2026-09-18T14:09:35.718+0000][11.111s][info][gc,heap     ] GC(15) Eden regions: 14->0(30)
[2026-09-18T14:09:35.718+0000][11.111s][info][gc,heap     ] GC(15) Survivor regions: 14->3(5)
[2026-09-18T14:09:35.718+0000][11.111s][info][gc,heap     ] GC(15) Old regions: 38->53
[2026-09-18T14:09:35.718+0000][11.111s][info][gc,heap     ] GC(15) Humongous regions: 0->0
[2026-09-18T14:09:35.718+0000][11.111s][info][gc,metaspace] GC(15) Metaspace: 114907K(115840K)->114907K(115840K) NonClass: 98428K(98944K)->98428K(98944K) Class: 16478K(16896K)->16478K(16896K)
[2026-09-18T14:09:35.718+0000][11.111s][info][gc          ] GC(15) Pause Young (Concurrent Start) (Metadata GC Threshold) 528M->444M(5328M) 61.995ms
[2026-09-18T14:09:35.718+0000][11.111s][info][gc,cpu      ] GC(15) User=0.24s Sys=0.00s Real=0.06s
[2026-09-18T14:09:35.718+0000][11.111s][info][gc          ] GC(16) Concurrent Mark Cycle
[2026-09-18T14:09:35.718+0000][11.111s][info][gc,marking  ] GC(16) Concurrent Scan Root Regions
[2026-09-18T14:09:35.781+0000][11.174s][info][gc,marking  ] GC(16) Concurrent Scan Root Regions 62.732ms
[2026-09-18T14:09:35.781+0000][11.174s][info][gc,marking  ] GC(16) Concurrent Mark
[2026-09-18T14:09:35.781+0000][11.174s][info][gc,marking  ] GC(16) Concurrent Mark From Roots
[2026-09-18T14:09:35.781+0000][11.174s][info][gc,task     ] GC(16) Using 1 workers of 1 for marking
[2026-09-18T14:09:36.019+0000][11.411s][info][gc,marking  ] GC(16) Concurrent Mark From Roots 237.600ms
[2026-09-18T14:09:36.019+0000][11.411s][info][gc,marking  ] GC(16) Concurrent Preclean
[2026-09-18T14:09:36.019+0000][11.412s][info][gc,marking  ] GC(16) Concurrent Preclean 0.409ms
[2026-09-18T14:09:36.019+0000][11.412s][info][gc,start    ] GC(16) Pause Remark
[2026-09-18T14:09:36.030+0000][11.423s][info][gc          ] GC(16) Pause Remark 477M->477M(4096M) 10.993ms
[2026-09-18T14:09:36.031+0000][11.423s][info][gc,cpu      ] GC(16) User=0.03s Sys=0.00s Real=0.01s
[2026-09-18T14:09:36.031+0000][11.423s][info][gc,marking  ] GC(16) Concurrent Mark 249.429ms
[2026-09-18T14:09:36.031+0000][11.423s][info][gc,marking  ] GC(16) Concurrent Rebuild Remembered Sets and Scrub Regions
[2026-09-18T14:09:36.265+0000][11.658s][info][gc,marking  ] GC(16) Concurrent Rebuild Remembered Sets and Scrub Regions 234.879ms
[2026-09-18T14:09:36.266+0000][11.658s][info][gc,start    ] GC(16) Pause Cleanup
[2026-09-18T14:09:36.266+0000][11.658s][info][gc          ] GC(16) Pause Cleanup 511M->511M(4096M) 0.157ms
[2026-09-18T14:09:36.266+0000][11.659s][info][gc,cpu      ] GC(16) User=0.00s Sys=0.00s Real=0.00s
[2026-09-18T14:09:36.266+0000][11.659s][info][gc,marking  ] GC(16) Concurrent Clear Claimed Marks
[2026-09-18T14:09:36.266+0000][11.659s][info][gc,marking  ] GC(16) Concurrent Clear Claimed Marks 0.119ms
[2026-09-18T14:09:36.266+0000][11.659s][info][gc,marking  ] GC(16) Concurrent Cleanup for Next Mark
[2026-09-18T14:09:36.274+0000][11.666s][info][gc,marking  ] GC(16) Concurrent Cleanup for Next Mark 7.674ms
[2026-09-18T14:09:36.274+0000][11.666s][info][gc          ] GC(16) Concurrent Mark Cycle 555.308ms
[2026-09-18T14:09:36.380+0000][11.773s][info][gc,start    ] GC(17) Pause Young (Prepare Mixed) (G1 Evacuation Pause)
[2026-09-18T14:09:36.380+0000][11.773s][info][gc,task     ] GC(17) Using 4 workers of 4 for evacuation
[2026-09-18T14:09:36.389+0000][11.782s][info][gc,phases   ] GC(17)   Pre Evacuate Collection Set: 0.15ms
[2026-09-18T14:09:36.389+0000][11.782s][info][gc,phases   ] GC(17)   Merge Heap Roots: 0.11ms
[2026-09-18T14:09:36.389+0000][11.782s][info][gc,phases   ] GC(17)   Evacuate Collection Set: 7.68ms
[2026-09-18T14:09:36.389+0000][11.782s][info][gc,phases   ] GC(17)   Post Evacuate Collection Set: 0.78ms
[2026-09-18T14:09:36.389+0000][11.782s][info][gc,phases   ] GC(17)   Other: 0.05ms
[2026-09-18T14:09:36.389+0000][11.782s][info][gc,heap     ] GC(17) Eden regions: 22->0(160)
[2026-09-18T14:09:36.389+0000][11.782s][info][gc,heap     ] GC(17) Survivor regions: 3->2(4)
[2026-09-18T14:09:36.389+0000][11.782s][info][gc,heap     ] GC(17) Old regions: 53->53
[2026-09-18T14:09:36.389+0000][11.782s][info][gc,heap     ] GC(17) Humongous regions: 0->0
[2026-09-18T14:09:36.389+0000][11.782s][info][gc,metaspace] GC(17) Metaspace: 119679K(120704K)->119679K(120704K) NonClass: 102440K(103040K)->102440K(103040K) Class: 17238K(17664K)->17238K(17664K)
[2026-09-18T14:09:36.389+0000][11.782s][info][gc          ] GC(17) Pause Young (Prepare Mixed) (G1 Evacuation Pause) 620M->433M(4096M) 8.891ms
[2026-09-18T14:09:36.389+0000][11.782s][info][gc,cpu      ] GC(17) User=0.03s Sys=0.00s Real=0.01s
[2026-09-18T14:09:43.349+0000][18.741s][info][gc,start    ] GC(18) Pause Young (Mixed) (G1 Evacuation Pause)
[2026-09-18T14:09:43.349+0000][18.741s][info][gc,task     ] GC(18) Using 4 workers of 4 for evacuation
[2026-09-18T14:09:43.413+0000][18.805s][info][gc,phases   ] GC(18)   Pre Evacuate Collection Set: 0.12ms
[2026-09-18T14:09:43.413+0000][18.805s][info][gc,phases   ] GC(18)   Merge Heap Roots: 0.23ms
[2026-09-18T14:09:43.413+0000][18.805s][info][gc,phases   ] GC(18)   Evacuate Collection Set: 61.85ms
[2026-09-18T14:09:43.413+0000][18.805s][info][gc,phases   ] GC(18)   Post Evacuate Collection Set: 1.53ms
[2026-09-18T14:09:43.413+0000][18.805s][info][gc,phases   ] GC(18)   Other: 0.06ms
[2026-09-18T14:09:43.413+0000][18.805s][info][gc,heap     ] GC(18) Eden regions: 165->0(7)
[2026-09-18T14:09:43.413+0000][18.805s][info][gc,heap     ] GC(18) Survivor regions: 2->18(21)
[2026-09-18T14:09:43.413+0000][18.805s][info][gc,heap     ] GC(18) Old regions: 53->51
[2026-09-18T14:09:43.413+0000][18.805s][info][gc,heap     ] GC(18) Humongous regions: 0->0
[2026-09-18T14:09:43.413+0000][18.805s][info][gc,metaspace] GC(18) Metaspace: 150745K(152000K)->150745K(152000K) NonClass: 126224K(126976K)->126224K(126976K) Class: 24521K(25024K)->24521K(25024K)
[2026-09-18T14:09:43.413+0000][18.805s][info][gc          ] GC(18) Pause Young (Mixed) (G1 Evacuation Pause) 1753M->542M(4096M) 63.945ms
[2026-09-18T14:09:43.413+0000][18.805s][info][gc,cpu      ] GC(18) User=0.22s Sys=0.03s Real=0.07s
[2026-09-18T14:09:43.502+0000][18.895s][info][gc,start    ] GC(19) Pause Young (Normal) (G1 Evacuation Pause)
[2026-09-18T14:09:43.502+0000][18.895s][info][gc,task     ] GC(19) Using 4 workers of 4 for evacuation
[2026-09-18T14:09:43.559+0000][18.951s][info][gc,phases   ] GC(19)   Pre Evacuate Collection Set: 0.15ms
[2026-09-18T14:09:43.559+0000][18.951s][info][gc,phases   ] GC(19)   Merge Heap Roots: 0.21ms
[2026-09-18T14:09:43.559+0000][18.951s][info][gc,phases   ] GC(19)   Evacuate Collection Set: 55.26ms
[2026-09-18T14:09:43.559+0000][18.951s][info][gc,phases   ] GC(19)   Post Evacuate Collection Set: 1.04ms
[2026-09-18T14:09:43.559+0000][18.951s][info][gc,phases   ] GC(19)   Other: 0.06ms
[2026-09-18T14:09:43.559+0000][18.951s][info][gc,heap     ] GC(19) Eden regions: 7->0(88)
[2026-09-18T14:09:43.559+0000][18.951s][info][gc,heap     ] GC(19) Survivor regions: 18->2(4)
[2026-09-18T14:09:43.559+0000][18.951s][info][gc,heap     ] GC(19) Old regions: 51->68
[2026-09-18T14:09:43.559+0000][18.951s][info][gc,heap     ] GC(19) Humongous regions: 0->0
[2026-09-18T14:09:43.559+0000][18.951s][info][gc,metaspace] GC(19) Metaspace: 150748K(152000K)->150748K(152000K) NonClass: 126227K(126976K)->126227K(126976K) Class: 24521K(25024K)->24521K(25024K)
[2026-09-18T14:09:43.559+0000][18.951s][info][gc          ] GC(19) Pause Young (Normal) (G1 Evacuation Pause) 598M->553M(4096M) 56.881ms
[2026-09-18T14:09:43.559+0000][18.951s][info][gc,cpu      ] GC(19) User=0.22s Sys=0.00s Real=0.06s
[2026-09-18T14:09:45.183+0000][20.576s][info][gc,start    ] GC(20) Pause Young (Normal) (G1 Evacuation Pause)
[2026-09-18T14:09:45.183+0000][20.576s][info][gc,task     ] GC(20) Using 4 workers of 4 for evacuation
[2026-09-18T14:09:45.233+0000][20.626s][info][gc,phases   ] GC(20)   Pre Evacuate Collection Set: 0.14ms
[2026-09-18T14:09:45.233+0000][20.626s][info][gc,phases   ] GC(20)   Merge Heap Roots: 0.11ms
[2026-09-18T14:09:45.233+0000][20.626s][info][gc,phases   ] GC(20)   Evacuate Collection Set: 49.16ms
[2026-09-18T14:09:45.233+0000][20.626s][info][gc,phases   ] GC(20)   Post Evacuate Collection Set: 0.71ms
[2026-09-18T14:09:45.233+0000][20.626s][info][gc,phases   ] GC(20)   Other: 0.06ms
[2026-09-18T14:09:45.233+0000][20.626s][info][gc,heap     ] GC(20) Eden regions: 106->0(11)
[2026-09-18T14:09:45.233+0000][20.626s][info][gc,heap     ] GC(20) Survivor regions: 2->14(14)
[2026-09-18T14:09:45.233+0000][20.626s][info][gc,heap     ] GC(20) Old regions: 68->72
[2026-09-18T14:09:45.233+0000][20.626s][info][gc,heap     ] GC(20) Humongous regions: 0->0
[2026-09-18T14:09:45.233+0000][20.626s][info][gc,metaspace] GC(20) Metaspace: 151729K(153024K)->151729K(153024K) NonClass: 127067K(127808K)->127067K(127808K) Class: 24661K(25216K)->24661K(25216K)
[2026-09-18T14:09:45.233+0000][20.626s][info][gc          ] GC(20) Pause Young (Normal) (G1 Evacuation Pause) 1401M->684M(4096M) 50.323ms
[2026-09-18T14:09:45.233+0000][20.626s][info][gc,cpu      ] GC(20) User=0.19s Sys=0.00s Real=0.05s
[2026-09-18T14:09:45.484+0000][20.877s][info][gc,start    ] GC(21) Pause Young (Normal) (G1 Evacuation Pause)
[2026-09-18T14:09:45.484+0000][20.877s][info][gc,task     ] GC(21) Using 4 workers of 4 for evacuation
[2026-09-18T14:09:45.523+0000][20.916s][info][gc,phases   ] GC(21)   Pre Evacuate Collection Set: 0.14ms
[2026-09-18T14:09:45.523+0000][20.916s][info][gc,phases   ] GC(21)   Merge Heap Roots: 0.12ms
[2026-09-18T14:09:45.523+0000][20.916s][info][gc,phases   ] GC(21)   Evacuate Collection Set: 38.02ms
[2026-09-18T14:09:45.523+0000][20.916s][info][gc,phases   ] GC(21)   Post Evacuate Collection Set: 0.65ms
[2026-09-18T14:09:45.523+0000][20.916s][info][gc,phases   ] GC(21)   Other: 0.05ms
[2026-09-18T14:09:45.523+0000][20.916s][info][gc,heap     ] GC(21) Eden regions: 12->0(91)
[2026-09-18T14:09:45.523+0000][20.916s][info][gc,heap     ] GC(21) Survivor regions: 14->4(4)
[2026-09-18T14:09:45.523+0000][20.916s][info][gc,heap     ] GC(21) Old regions: 72->87
[2026-09-18T14:09:45.523+0000][20.916s][info][gc,heap     ] GC(21) Humongous regions: 0->0
[2026-09-18T14:09:45.523+0000][20.916s][info][gc,metaspace] GC(21) Metaspace: 151853K(153088K)->151853K(153088K) NonClass: 127173K(127872K)->127173K(127872K) Class: 24679K(25216K)->24679K(25216K)
[2026-09-18T14:09:45.523+0000][20.916s][info][gc          ] GC(21) Pause Young (Normal) (G1 Evacuation Pause) 780M->720M(4096M) 39.132ms
[2026-09-18T14:09:45.523+0000][20.916s][info][gc,cpu      ] GC(21) User=0.13s Sys=0.02s Real=0.04s
[2026-09-18T14:09:46.592+0000][21.985s][info][gc,start    ] GC(22) Pause Young (Concurrent Start) (CodeCache GC Threshold)
[2026-09-18T14:09:46.592+0000][21.985s][info][gc,task     ] GC(22) Using 4 workers of 4 for evacuation
[2026-09-18T14:09:46.629+0000][22.022s][info][gc,phases   ] GC(22)   Pre Evacuate Collection Set: 0.21ms
[2026-09-18T14:09:46.629+0000][22.022s][info][gc,phases   ] GC(22)   Merge Heap Roots: 0.08ms
[2026-09-18T14:09:46.629+0000][22.022s][info][gc,phases   ] GC(22)   Evacuate Collection Set: 35.77ms
[2026-09-18T14:09:46.629+0000][22.022s][info][gc,phases   ] GC(22)   Post Evacuate Collection Set: 0.65ms
[2026-09-18T14:09:46.629+0000][22.022s][info][gc,phases   ] GC(22)   Other: 0.06ms
[2026-09-18T14:09:46.629+0000][22.022s][info][gc,heap     ] GC(22) Eden regions: 78->0(62)
[2026-09-18T14:09:46.629+0000][22.022s][info][gc,heap     ] GC(22) Survivor regions: 4->13(13)
[2026-09-18T14:09:46.629+0000][22.022s][info][gc,heap     ] GC(22) Old regions: 87->90
[2026-09-18T14:09:46.629+0000][22.022s][info][gc,heap     ] GC(22) Humongous regions: 0->0
[2026-09-18T14:09:46.629+0000][22.022s][info][gc,metaspace] GC(22) Metaspace: 152732K(154112K)->152732K(154112K) NonClass: 127907K(128704K)->127907K(128704K) Class: 24825K(25408K)->24825K(25408K)
[2026-09-18T14:09:46.629+0000][22.022s][info][gc          ] GC(22) Pause Young (Concurrent Start) (CodeCache GC Threshold) 1338M->820M(4096M) 36.891ms
[2026-09-18T14:09:46.629+0000][22.022s][info][gc,cpu      ] GC(22) User=0.14s Sys=0.00s Real=0.04s
[2026-09-18T14:09:46.629+0000][22.022s][info][gc          ] GC(23) Concurrent Mark Cycle
[2026-09-18T14:09:46.629+0000][22.022s][info][gc,marking  ] GC(23) Concurrent Scan Root Regions
[2026-09-18T14:09:46.679+0000][22.071s][info][gc,marking  ] GC(23) Concurrent Scan Root Regions 49.718ms
[2026-09-18T14:09:46.679+0000][22.071s][info][gc,marking  ] GC(23) Concurrent Mark
[2026-09-18T14:09:46.679+0000][22.071s][info][gc,marking  ] GC(23) Concurrent Mark From Roots
[2026-09-18T14:09:46.679+0000][22.071s][info][gc,task     ] GC(23) Using 1 workers of 1 for marking
[2026-09-18T14:09:47.268+0000][22.661s][info][gc,marking  ] GC(23) Concurrent Mark From Roots 589.178ms
[2026-09-18T14:09:47.268+0000][22.661s][info][gc,marking  ] GC(23) Concurrent Preclean
[2026-09-18T14:09:47.268+0000][22.661s][info][gc,marking  ] GC(23) Concurrent Preclean 0.409ms
[2026-09-18T14:09:47.269+0000][22.661s][info][gc,start    ] GC(23) Pause Remark
[2026-09-18T14:09:47.292+0000][22.684s][info][gc          ] GC(23) Pause Remark 1112M->1048M(4096M) 23.008ms
[2026-09-18T14:09:47.292+0000][22.684s][info][gc,cpu      ] GC(23) User=0.07s Sys=0.00s Real=0.02s
[2026-09-18T14:09:47.292+0000][22.684s][info][gc,marking  ] GC(23) Concurrent Mark 612.879ms
[2026-09-18T14:09:47.292+0000][22.684s][info][gc,marking  ] GC(23) Concurrent Rebuild Remembered Sets and Scrub Regions
[2026-09-18T14:09:47.780+0000][23.172s][info][gc,marking  ] GC(23) Concurrent Rebuild Remembered Sets and Scrub Regions 488.045ms
[2026-09-18T14:09:47.780+0000][23.173s][info][gc,start    ] GC(23) Pause Cleanup
[2026-09-18T14:09:47.780+0000][23.173s][info][gc          ] GC(23) Pause Cleanup 1246M->1246M(4096M) 0.177ms
[2026-09-18T14:09:47.780+0000][23.173s][info][gc,cpu      ] GC(23) User=0.00s Sys=0.00s Real=0.00s
[2026-09-18T14:09:47.780+0000][23.173s][info][gc,marking  ] GC(23) Concurrent Clear Claimed Marks
[2026-09-18T14:09:47.780+0000][23.173s][info][gc,marking  ] GC(23) Concurrent Clear Claimed Marks 0.175ms
[2026-09-18T14:09:47.780+0000][23.173s][info][gc,marking  ] GC(23) Concurrent Cleanup for Next Mark
[2026-09-18T14:09:47.787+0000][23.180s][info][gc,marking  ] GC(23) Concurrent Cleanup for Next Mark 6.826ms
[2026-09-18T14:09:47.787+0000][23.180s][info][gc          ] GC(23) Concurrent Mark Cycle 1158.315ms
[2026-09-18T14:09:47.930+0000][23.322s][info][gc,start    ] GC(24) Pause Young (Prepare Mixed) (G1 Evacuation Pause)
[2026-09-18T14:09:47.930+0000][23.322s][info][gc,task     ] GC(24) Using 4 workers of 4 for evacuation
[2026-09-18T14:09:47.990+0000][23.383s][info][gc,phases   ] GC(24)   Pre Evacuate Collection Set: 0.74ms
[2026-09-18T14:09:47.990+0000][23.383s][info][gc,phases   ] GC(24)   Merge Heap Roots: 0.16ms
[2026-09-18T14:09:47.990+0000][23.383s][info][gc,phases   ] GC(24)   Evacuate Collection Set: 58.67ms
[2026-09-18T14:09:47.990+0000][23.383s][info][gc,phases   ] GC(24)   Post Evacuate Collection Set: 0.68ms
[2026-09-18T14:09:47.990+0000][23.383s][info][gc,phases   ] GC(24)   Other: 0.05ms
[2026-09-18T14:09:47.990+0000][23.383s][info][gc,heap     ] GC(24) Eden regions: 69->0(166)
[2026-09-18T14:09:47.990+0000][23.383s][info][gc,heap     ] GC(24) Survivor regions: 13->11(11)
[2026-09-18T14:09:47.990+0000][23.383s][info][gc,heap     ] GC(24) Old regions: 82->98
[2026-09-18T14:09:47.990+0000][23.383s][info][gc,heap     ] GC(24) Humongous regions: 0->0
[2026-09-18T14:09:47.990+0000][23.383s][info][gc,metaspace] GC(24) Metaspace: 152958K(154240K)->152958K(154240K) NonClass: 128103K(128832K)->128103K(128832K) Class: 24855K(25408K)->24855K(25408K)
[2026-09-18T14:09:47.990+0000][23.383s][info][gc          ] GC(24) Pause Young (Prepare Mixed) (G1 Evacuation Pause) 1308M->865M(4096M) 60.445ms
[2026-09-18T14:09:47.990+0000][23.383s][info][gc,cpu      ] GC(24) User=0.22s Sys=0.01s Real=0.06s
[2026-09-18T14:09:50.511+0000][25.904s][info][gc,start    ] GC(25) Pause Young (Mixed) (G1 Evacuation Pause)
[2026-09-18T14:09:50.511+0000][25.904s][info][gc,task     ] GC(25) Using 4 workers of 4 for evacuation
[2026-09-18T14:09:50.591+0000][25.984s][info][gc,phases   ] GC(25)   Pre Evacuate Collection Set: 0.16ms
[2026-09-18T14:09:50.591+0000][25.984s][info][gc,phases   ] GC(25)   Merge Heap Roots: 0.15ms
[2026-09-18T14:09:50.591+0000][25.984s][info][gc,phases   ] GC(25)   Evacuate Collection Set: 77.73ms
[2026-09-18T14:09:50.591+0000][25.984s][info][gc,phases   ] GC(25)   Post Evacuate Collection Set: 1.87ms
[2026-09-18T14:09:50.591+0000][25.984s][info][gc,phases   ] GC(25)   Other: 0.07ms
[2026-09-18T14:09:50.591+0000][25.984s][info][gc,heap     ] GC(25) Eden regions: 177->0(50)
[2026-09-18T14:09:50.591+0000][25.984s][info][gc,heap     ] GC(25) Survivor regions: 11->24(24)
[2026-09-18T14:09:50.591+0000][25.984s][info][gc,heap     ] GC(25) Old regions: 98->100
[2026-09-18T14:09:50.591+0000][25.984s][info][gc,heap     ] GC(25) Humongous regions: 0->0
[2026-09-18T14:09:50.591+0000][25.984s][info][gc,metaspace] GC(25) Metaspace: 153093K(154496K)->153093K(154496K) NonClass: 128226K(129024K)->128226K(129024K) Class: 24866K(25472K)->24866K(25472K)
[2026-09-18T14:09:50.591+0000][25.984s][info][gc          ] GC(25) Pause Young (Mixed) (G1 Evacuation Pause) 2281M->984M(5672M) 80.134ms
[2026-09-18T14:09:50.591+0000][25.984s][info][gc,cpu      ] GC(25) User=0.27s Sys=0.04s Real=0.08s
[2026-09-18T14:09:51.299+0000][26.692s][info][gc,start    ] GC(26) Pause Young (Normal) (GCLocker Initiated GC)
[2026-09-18T14:09:51.299+0000][26.692s][info][gc,task     ] GC(26) Using 4 workers of 4 for evacuation
[2026-09-18T14:09:51.370+0000][26.763s][info][gc,phases   ] GC(26)   Pre Evacuate Collection Set: 0.21ms
[2026-09-18T14:09:51.370+0000][26.763s][info][gc,phases   ] GC(26)   Merge Heap Roots: 0.13ms
[2026-09-18T14:09:51.370+0000][26.763s][info][gc,phases   ] GC(26)   Evacuate Collection Set: 70.15ms
[2026-09-18T14:09:51.370+0000][26.763s][info][gc,phases   ] GC(26)   Post Evacuate Collection Set: 0.70ms
[2026-09-18T14:09:51.370+0000][26.763s][info][gc,phases   ] GC(26)   Other: 0.06ms
[2026-09-18T14:09:51.371+0000][26.763s][info][gc,heap     ] GC(26) Eden regions: 57->0(147)
[2026-09-18T14:09:51.371+0000][26.763s][info][gc,heap     ] GC(26) Survivor regions: 24->6(11)
[2026-09-18T14:09:51.371+0000][26.763s][info][gc,heap     ] GC(26) Old regions: 100->124
[2026-09-18T14:09:51.371+0000][26.763s][info][gc,heap     ] GC(26) Humongous regions: 0->0
[2026-09-18T14:09:51.371+0000][26.763s][info][gc,metaspace] GC(26) Metaspace: 153376K(154816K)->153376K(154816K) NonClass: 128452K(129280K)->128452K(129280K) Class: 24923K(25536K)->24923K(25536K)
[2026-09-18T14:09:51.371+0000][26.763s][info][gc          ] GC(26) Pause Young (Normal) (GCLocker Initiated GC) 1440M->1032M(5672M) 71.432ms
[2026-09-18T14:09:51.371+0000][26.763s][info][gc,cpu      ] GC(26) User=0.26s Sys=0.03s Real=0.07s
[2026-09-18T14:09:53.493+0000][28.885s][info][gc,start    ] GC(27) Pause Young (Normal) (G1 Evacuation Pause)
[2026-09-18T14:09:53.493+0000][28.886s][info][gc,task     ] GC(27) Using 4 workers of 4 for evacuation
[2026-09-18T14:09:53.530+0000][28.922s][info][gc,phases   ] GC(27)   Pre Evacuate Collection Set: 0.17ms
[2026-09-18T14:09:53.530+0000][28.922s][info][gc,phases   ] GC(27)   Merge Heap Roots: 0.13ms
[2026-09-18T14:09:53.530+0000][28.922s][info][gc,phases   ] GC(27)   Evacuate Collection Set: 35.83ms
[2026-09-18T14:09:53.530+0000][28.922s][info][gc,phases   ] GC(27)   Post Evacuate Collection Set: 0.71ms
[2026-09-18T14:09:53.530+0000][28.922s][info][gc,phases   ] GC(27)   Other: 0.05ms
[2026-09-18T14:09:53.530+0000][28.922s][info][gc,heap     ] GC(27) Eden regions: 151->0(139)
[2026-09-18T14:09:53.530+0000][28.922s][info][gc,heap     ] GC(27) Survivor regions: 6->15(20)
[2026-09-18T14:09:53.530+0000][28.922s][info][gc,heap     ] GC(27) Old regions: 124->124
[2026-09-18T14:09:53.530+0000][28.922s][info][gc,heap     ] GC(27) Humongous regions: 0->0
[2026-09-18T14:09:53.530+0000][28.922s][info][gc,metaspace] GC(27) Metaspace: 153973K(155456K)->153973K(155456K) NonClass: 128984K(129856K)->128984K(129856K) Class: 24988K(25600K)->24988K(25600K)
[2026-09-18T14:09:53.530+0000][28.923s][info][gc          ] GC(27) Pause Young (Normal) (G1 Evacuation Pause) 2240M->1108M(5672M) 37.018ms
[2026-09-18T14:09:53.530+0000][28.923s][info][gc,cpu      ] GC(27) User=0.12s Sys=0.02s Real=0.03s
[2026-09-18T14:09:55.391+0000][30.784s][info][gc,start    ] GC(28) Pause Young (Normal) (G1 Evacuation Pause)
[2026-09-18T14:09:55.391+0000][30.784s][info][gc,task     ] GC(28) Using 4 workers of 4 for evacuation
[2026-09-18T14:09:55.444+0000][30.837s][info][gc,phases   ] GC(28)   Pre Evacuate Collection Set: 0.17ms
[2026-09-18T14:09:55.444+0000][30.837s][info][gc,phases   ] GC(28)   Merge Heap Roots: 0.11ms
[2026-09-18T14:09:55.444+0000][30.837s][info][gc,phases   ] GC(28)   Evacuate Collection Set: 51.73ms
[2026-09-18T14:09:55.444+0000][30.837s][info][gc,phases   ] GC(28)   Post Evacuate Collection Set: 0.79ms
[2026-09-18T14:09:55.444+0000][30.837s][info][gc,phases   ] GC(28)   Other: 0.05ms
[2026-09-18T14:09:55.444+0000][30.837s][info][gc,heap     ] GC(28) Eden regions: 143->0(151)
[2026-09-18T14:09:55.444+0000][30.837s][info][gc,heap     ] GC(28) Survivor regions: 15->20(20)
[2026-09-18T14:09:55.444+0000][30.837s][info][gc,heap     ] GC(28) Old regions: 124->129
[2026-09-18T14:09:55.444+0000][30.837s][info][gc,heap     ] GC(28) Humongous regions: 0->0
[2026-09-18T14:09:55.444+0000][30.837s][info][gc,metaspace] GC(28) Metaspace: 154300K(155776K)->154300K(155776K) NonClass: 129264K(130112K)->129264K(130112K) Class: 25036K(25664K)->25036K(25664K)
[2026-09-18T14:09:55.444+0000][30.837s][info][gc          ] GC(28) Pause Young (Normal) (G1 Evacuation Pause) 2252M->1185M(5672M) 52.997ms
[2026-09-18T14:09:55.444+0000][30.837s][info][gc,cpu      ] GC(28) User=0.20s Sys=0.02s Real=0.06s
[2026-09-18T14:09:56.954+0000][32.347s][info][gc,start    ] GC(29) Pause Young (Normal) (G1 Evacuation Pause)
[2026-09-18T14:09:56.954+0000][32.347s][info][gc,task     ] GC(29) Using 4 workers of 4 for evacuation
[2026-09-18T14:09:57.020+0000][32.413s][info][gc,phases   ] GC(29)   Pre Evacuate Collection Set: 0.16ms
[2026-09-18T14:09:57.020+0000][32.413s][info][gc,phases   ] GC(29)   Merge Heap Roots: 0.11ms
[2026-09-18T14:09:57.020+0000][32.413s][info][gc,phases   ] GC(29)   Evacuate Collection Set: 64.99ms
[2026-09-18T14:09:57.020+0000][32.413s][info][gc,phases   ] GC(29)   Post Evacuate Collection Set: 0.76ms
[2026-09-18T14:09:57.020+0000][32.413s][info][gc,phases   ] GC(29)   Other: 0.05ms
[2026-09-18T14:09:57.020+0000][32.413s][info][gc,heap     ] GC(29) Eden regions: 154->0(203)
[2026-09-18T14:09:57.020+0000][32.413s][info][gc,heap     ] GC(29) Survivor regions: 20->19(22)
[2026-09-18T14:09:57.020+0000][32.413s][info][gc,heap     ] GC(29) Old regions: 129->139
[2026-09-18T14:09:57.020+0000][32.413s][info][gc,heap     ] GC(29) Humongous regions: 0->0
[2026-09-18T14:09:57.020+0000][32.413s][info][gc,metaspace] GC(29) Metaspace: 154529K(156032K)->154529K(156032K) NonClass: 129475K(130368K)->129475K(130368K) Class: 25054K(25664K)->25054K(25664K)
[2026-09-18T14:09:57.020+0000][32.413s][info][gc          ] GC(29) Pause Young (Normal) (G1 Evacuation Pause) 2417M->1257M(5672M) 66.225ms
[2026-09-18T14:09:57.020+0000][32.413s][info][gc,cpu      ] GC(29) User=0.22s Sys=0.04s Real=0.06s
[2026-09-18T14:09:59.666+0000][35.059s][info][gc,start    ] GC(30) Pause Young (Normal) (G1 Evacuation Pause)
[2026-09-18T14:09:59.666+0000][35.059s][info][gc,task     ] GC(30) Using 4 workers of 4 for evacuation
[2026-09-18T14:09:59.738+0000][35.131s][info][gc,phases   ] GC(30)   Pre Evacuate Collection Set: 0.17ms
[2026-09-18T14:09:59.738+0000][35.131s][info][gc,phases   ] GC(30)   Merge Heap Roots: 0.16ms
[2026-09-18T14:09:59.738+0000][35.131s][info][gc,phases   ] GC(30)   Evacuate Collection Set: 71.06ms
[2026-09-18T14:09:59.738+0000][35.131s][info][gc,phases   ] GC(30)   Post Evacuate Collection Set: 0.80ms
[2026-09-18T14:09:59.738+0000][35.131s][info][gc,phases   ] GC(30)   Other: 0.06ms
[2026-09-18T14:09:59.738+0000][35.131s][info][gc,heap     ] GC(30) Eden regions: 203->0(213)
[2026-09-18T14:09:59.738+0000][35.131s][info][gc,heap     ] GC(30) Survivor regions: 19->24(28)
[2026-09-18T14:09:59.738+0000][35.131s][info][gc,heap     ] GC(30) Old regions: 139->149
[2026-09-18T14:09:59.738+0000][35.131s][info][gc,heap     ] GC(30) Humongous regions: 0->0
[2026-09-18T14:09:59.738+0000][35.131s][info][gc,metaspace] GC(30) Metaspace: 154750K(156224K)->154750K(156224K) NonClass: 129678K(130560K)->129678K(130560K) Class: 25072K(25664K)->25072K(25664K)
[2026-09-18T14:09:59.738+0000][35.131s][info][gc          ] GC(30) Pause Young (Normal) (G1 Evacuation Pause) 2881M->1376M(5672M) 72.398ms
[2026-09-18T14:09:59.738+0000][35.131s][info][gc,cpu      ] GC(30) User=0.26s Sys=0.01s Real=0.07s
[2026-09-18T14:10:02.579+0000][37.971s][info][gc,start    ] GC(31) Pause Young (Normal) (G1 Evacuation Pause)
[2026-09-18T14:10:02.579+0000][37.971s][info][gc,task     ] GC(31) Using 4 workers of 4 for evacuation
[2026-09-18T14:10:02.659+0000][38.052s][info][gc,phases   ] GC(31)   Pre Evacuate Collection Set: 0.16ms
[2026-09-18T14:10:02.659+0000][38.052s][info][gc,phases   ] GC(31)   Merge Heap Roots: 0.12ms
[2026-09-18T14:10:02.659+0000][38.052s][info][gc,phases   ] GC(31)   Evacuate Collection Set: 79.46ms
[2026-09-18T14:10:02.659+0000][38.052s][info][gc,phases   ] GC(31)   Post Evacuate Collection Set: 0.87ms
[2026-09-18T14:10:02.659+0000][38.052s][info][gc,phases   ] GC(31)   Other: 0.08ms
[2026-09-18T14:10:02.659+0000][38.052s][info][gc,heap     ] GC(31) Eden regions: 213->0(240)
[2026-09-18T14:10:02.659+0000][38.052s][info][gc,heap     ] GC(31) Survivor regions: 24->30(30)
[2026-09-18T14:10:02.659+0000][38.052s][info][gc,heap     ] GC(31) Old regions: 149->157
[2026-09-18T14:10:02.659+0000][38.052s][info][gc,heap     ] GC(31) Humongous regions: 0->0
[2026-09-18T14:10:02.659+0000][38.052s][info][gc,metaspace] GC(31) Metaspace: 154923K(156352K)->154923K(156352K) NonClass: 129846K(130688K)->129846K(130688K) Class: 25077K(25664K)->25077K(25664K)
[2026-09-18T14:10:02.659+0000][38.052s][info][gc          ] GC(31) Pause Young (Normal) (G1 Evacuation Pause) 3080M->1491M(5672M) 80.831ms
[2026-09-18T14:10:02.659+0000][38.052s][info][gc,cpu      ] GC(31) User=0.30s Sys=0.01s Real=0.08s
[2026-09-18T14:10:05.378+0000][40.770s][info][gc,start    ] GC(32) Pause Young (Normal) (G1 Evacuation Pause)
[2026-09-18T14:10:05.378+0000][40.770s][info][gc,task     ] GC(32) Using 4 workers of 4 for evacuation
[2026-09-18T14:10:05.477+0000][40.870s][info][gc,phases   ] GC(32)   Pre Evacuate Collection Set: 0.16ms
[2026-09-18T14:10:05.477+0000][40.870s][info][gc,phases   ] GC(32)   Merge Heap Roots: 0.13ms
[2026-09-18T14:10:05.477+0000][40.870s][info][gc,phases   ] GC(32)   Evacuate Collection Set: 98.08ms
[2026-09-18T14:10:05.477+0000][40.870s][info][gc,phases   ] GC(32)   Post Evacuate Collection Set: 0.96ms
[2026-09-18T14:10:05.477+0000][40.870s][info][gc,phases   ] GC(32)   Other: 0.07ms
[2026-09-18T14:10:05.477+0000][40.870s][info][gc,heap     ] GC(32) Eden regions: 241->0(246)
[2026-09-18T14:10:05.477+0000][40.870s][info][gc,heap     ] GC(32) Survivor regions: 30->34(34)
[2026-09-18T14:10:05.477+0000][40.870s][info][gc,heap     ] GC(32) Old regions: 157->173
[2026-09-18T14:10:05.477+0000][40.870s][info][gc,heap     ] GC(32) Humongous regions: 0->0
[2026-09-18T14:10:05.477+0000][40.870s][info][gc,metaspace] GC(32) Metaspace: 154941K(156352K)->154941K(156352K) NonClass: 129864K(130688K)->129864K(130688K) Class: 25077K(25664K)->25077K(25664K)
[2026-09-18T14:10:05.477+0000][40.870s][info][gc          ] GC(32) Pause Young (Normal) (G1 Evacuation Pause) 3419M->1648M(5672M) 99.543ms
[2026-09-18T14:10:05.477+0000][40.870s][info][gc,cpu      ] GC(32) User=0.38s Sys=0.01s Real=0.10s
[2026-09-18T14:10:08.380+0000][43.772s][info][gc,start    ] GC(33) Pause Young (Concurrent Start) (CodeCache GC Threshold)
[2026-09-18T14:10:08.380+0000][43.772s][info][gc,task     ] GC(33) Using 4 workers of 4 for evacuation
[2026-09-18T14:10:08.493+0000][43.886s][info][gc,phases   ] GC(33)   Pre Evacuate Collection Set: 0.18ms
[2026-09-18T14:10:08.493+0000][43.886s][info][gc,phases   ] GC(33)   Merge Heap Roots: 0.40ms
[2026-09-18T14:10:08.493+0000][43.886s][info][gc,phases   ] GC(33)   Evacuate Collection Set: 111.81ms
[2026-09-18T14:10:08.493+0000][43.886s][info][gc,phases   ] GC(33)   Post Evacuate Collection Set: 0.99ms
[2026-09-18T14:10:08.493+0000][43.886s][info][gc,phases   ] GC(33)   Other: 0.10ms
[2026-09-18T14:10:08.493+0000][43.886s][info][gc,heap     ] GC(33) Eden regions: 64->0(276)
[2026-09-18T14:10:08.493+0000][43.886s][info][gc,heap     ] GC(33) Survivor regions: 34->11(30)
[2026-09-18T14:10:08.493+0000][43.886s][info][gc,heap     ] GC(33) Old regions: 173->207
[2026-09-18T14:10:08.493+0000][43.886s][info][gc,heap     ] GC(33) Humongous regions: 17->8
[2026-09-18T14:10:08.493+0000][43.886s][info][gc,metaspace] GC(33) Metaspace: 162275K(163840K)->162275K(163840K) NonClass: 136106K(137024K)->136106K(137024K) Class: 26169K(26816K)->26169K(26816K)
[2026-09-18T14:10:08.493+0000][43.886s][info][gc          ] GC(33) Pause Young (Concurrent Start) (CodeCache GC Threshold) 2293M->1802M(5672M) 113.614ms
[2026-09-18T14:10:08.493+0000][43.886s][info][gc,cpu      ] GC(33) User=0.41s Sys=0.04s Real=0.12s
[2026-09-18T14:10:08.493+0000][43.886s][info][gc          ] GC(34) Concurrent Mark Cycle
[2026-09-18T14:10:08.493+0000][43.886s][info][gc,marking  ] GC(34) Concurrent Scan Root Regions
[2026-09-18T14:10:08.629+0000][44.021s][info][gc,marking  ] GC(34) Concurrent Scan Root Regions 135.250ms
[2026-09-18T14:10:08.629+0000][44.021s][info][gc,marking  ] GC(34) Concurrent Mark
[2026-09-18T14:10:08.629+0000][44.021s][info][gc,marking  ] GC(34) Concurrent Mark From Roots
[2026-09-18T14:10:08.629+0000][44.021s][info][gc,task     ] GC(34) Using 1 workers of 1 for marking
[2026-09-18T14:10:09.720+0000][45.112s][info][gc,marking  ] GC(34) Concurrent Mark From Roots 1090.910ms
[2026-09-18T14:10:09.720+0000][45.112s][info][gc,marking  ] GC(34) Concurrent Preclean
[2026-09-18T14:10:09.720+0000][45.113s][info][gc,marking  ] GC(34) Concurrent Preclean 0.285ms
[2026-09-18T14:10:09.720+0000][45.113s][info][gc,start    ] GC(34) Pause Remark
[2026-09-18T14:10:09.754+0000][45.146s][info][gc          ] GC(34) Pause Remark 1978M->1906M(5672M) 33.504ms
[2026-09-18T14:10:09.754+0000][45.146s][info][gc,cpu      ] GC(34) User=0.11s Sys=0.00s Real=0.04s
[2026-09-18T14:10:09.756+0000][45.148s][info][gc,marking  ] GC(34) Concurrent Mark 1126.900ms
[2026-09-18T14:10:09.756+0000][45.148s][info][gc,marking  ] GC(34) Concurrent Rebuild Remembered Sets and Scrub Regions
[2026-09-18T14:10:10.962+0000][46.354s][info][gc,marking  ] GC(34) Concurrent Rebuild Remembered Sets and Scrub Regions 1205.966ms
[2026-09-18T14:10:10.962+0000][46.354s][info][gc,start    ] GC(34) Pause Cleanup
[2026-09-18T14:10:10.962+0000][46.355s][info][gc          ] GC(34) Pause Cleanup 2054M->2054M(5672M) 0.288ms
[2026-09-18T14:10:10.962+0000][46.355s][info][gc,cpu      ] GC(34) User=0.00s Sys=0.00s Real=0.00s
[2026-09-18T14:10:10.962+0000][46.355s][info][gc,marking  ] GC(34) Concurrent Clear Claimed Marks
[2026-09-18T14:10:10.962+0000][46.355s][info][gc,marking  ] GC(34) Concurrent Clear Claimed Marks 0.217ms
[2026-09-18T14:10:10.962+0000][46.355s][info][gc,marking  ] GC(34) Concurrent Cleanup for Next Mark
[2026-09-18T14:10:10.977+0000][46.369s][info][gc,marking  ] GC(34) Concurrent Cleanup for Next Mark 14.317ms
[2026-09-18T14:10:10.977+0000][46.369s][info][gc          ] GC(34) Concurrent Mark Cycle 2483.292ms
[2026-09-18T14:10:16.076+0000][51.469s][info][gc,start    ] GC(35) Pause Young (Prepare Mixed) (G1 Evacuation Pause)
[2026-09-18T14:10:16.076+0000][51.469s][info][gc,task     ] GC(35) Using 4 workers of 4 for evacuation
[2026-09-18T14:10:16.204+0000][51.597s][info][gc,phases   ] GC(35)   Pre Evacuate Collection Set: 0.25ms
[2026-09-18T14:10:16.204+0000][51.597s][info][gc,phases   ] GC(35)   Merge Heap Roots: 1.54ms
[2026-09-18T14:10:16.204+0000][51.597s][info][gc,phases   ] GC(35)   Evacuate Collection Set: 124.54ms
[2026-09-18T14:10:16.204+0000][51.597s][info][gc,phases   ] GC(35)   Post Evacuate Collection Set: 1.22ms
[2026-09-18T14:10:16.204+0000][51.597s][info][gc,phases   ] GC(35)   Other: 0.06ms
[2026-09-18T14:10:16.204+0000][51.597s][info][gc,heap     ] GC(35) Eden regions: 254->0(94)
[2026-09-18T14:10:16.204+0000][51.597s][info][gc,heap     ] GC(35) Survivor regions: 11->34(34)
[2026-09-18T14:10:16.204+0000][51.597s][info][gc,heap     ] GC(35) Old regions: 198->204
[2026-09-18T14:10:16.204+0000][51.597s][info][gc,heap     ] GC(35) Humongous regions: 8->8
[2026-09-18T14:10:16.204+0000][51.597s][info][gc,metaspace] GC(35) Metaspace: 163911K(165504K)->163911K(165504K) NonClass: 137632K(138560K)->137632K(138560K) Class: 26279K(26944K)->26279K(26944K)
[2026-09-18T14:10:16.204+0000][51.597s][info][gc          ] GC(35) Pause Young (Prepare Mixed) (G1 Evacuation Pause) 3762M->1960M(5672M) 127.772ms
[2026-09-18T14:10:16.204+0000][51.597s][info][gc,cpu      ] GC(35) User=0.50s Sys=0.00s Real=0.13s
[2026-09-18T14:10:17.589+0000][52.981s][info][gc,start    ] GC(36) Pause Young (Mixed) (G1 Evacuation Pause)
[2026-09-18T14:10:17.589+0000][52.982s][info][gc,task     ] GC(36) Using 4 workers of 4 for evacuation
[2026-09-18T14:10:17.718+0000][53.111s][info][gc,phases   ] GC(36)   Pre Evacuate Collection Set: 0.17ms
[2026-09-18T14:10:17.718+0000][53.111s][info][gc,phases   ] GC(36)   Merge Heap Roots: 0.78ms
[2026-09-18T14:10:17.718+0000][53.111s][info][gc,phases   ] GC(36)   Evacuate Collection Set: 126.73ms
[2026-09-18T14:10:17.718+0000][53.111s][info][gc,phases   ] GC(36)   Merge Optional Heap Roots: 0.06ms
[2026-09-18T14:10:17.718+0000][53.111s][info][gc,phases   ] GC(36)   Evacuate Optional Collection Set: 0.42ms
[2026-09-18T14:10:17.718+0000][53.111s][info][gc,phases   ] GC(36)   Post Evacuate Collection Set: 1.07ms
[2026-09-18T14:10:17.718+0000][53.111s][info][gc,phases   ] GC(36)   Other: 0.06ms
[2026-09-18T14:10:17.718+0000][53.111s][info][gc,heap     ] GC(36) Eden regions: 70->0(251)
[2026-09-18T14:10:17.718+0000][53.111s][info][gc,heap     ] GC(36) Survivor regions: 34->9(13)
[2026-09-18T14:10:17.718+0000][53.111s][info][gc,heap     ] GC(36) Old regions: 204->230
[2026-09-18T14:10:17.718+0000][53.111s][info][gc,heap     ] GC(36) Humongous regions: 8->8
[2026-09-18T14:10:17.718+0000][53.111s][info][gc,metaspace] GC(36) Metaspace: 164088K(165696K)->164088K(165696K) NonClass: 137801K(138752K)->137801K(138752K) Class: 26287K(26944K)->26287K(26944K)
[2026-09-18T14:10:17.718+0000][53.111s][info][gc          ] GC(36) Pause Young (Mixed) (G1 Evacuation Pause) 2520M->1968M(5672M) 129.436ms
[2026-09-18T14:10:17.718+0000][53.111s][info][gc,cpu      ] GC(36) User=0.48s Sys=0.03s Real=0.13s
[2026-09-18T14:10:21.865+0000][57.258s][info][gc,start    ] GC(37) Pause Young (Mixed) (G1 Evacuation Pause)
[2026-09-18T14:10:21.865+0000][57.258s][info][gc,task     ] GC(37) Using 4 workers of 4 for evacuation
[2026-09-18T14:10:21.955+0000][57.348s][info][gc,phases   ] GC(37)   Pre Evacuate Collection Set: 0.16ms
[2026-09-18T14:10:21.955+0000][57.348s][info][gc,phases   ] GC(37)   Merge Heap Roots: 1.15ms
[2026-09-18T14:10:21.955+0000][57.348s][info][gc,phases   ] GC(37)   Evacuate Collection Set: 87.08ms
[2026-09-18T14:10:21.955+0000][57.348s][info][gc,phases   ] GC(37)   Post Evacuate Collection Set: 1.10ms
[2026-09-18T14:10:21.955+0000][57.348s][info][gc,phases   ] GC(37)   Other: 0.05ms
[2026-09-18T14:10:21.955+0000][57.348s][info][gc,heap     ] GC(37) Eden regions: 223->0(227)
[2026-09-18T14:10:21.955+0000][57.348s][info][gc,heap     ] GC(37) Survivor regions: 9->22(29)
[2026-09-18T14:10:21.955+0000][57.348s][info][gc,heap     ] GC(37) Old regions: 230->231
[2026-09-18T14:10:21.955+0000][57.348s][info][gc,heap     ] GC(37) Humongous regions: 8->8
[2026-09-18T14:10:21.955+0000][57.348s][info][gc,metaspace] GC(37) Metaspace: 165455K(167168K)->165455K(167168K) NonClass: 138995K(139968K)->138995K(139968K) Class: 26459K(27200K)->26459K(27200K)
[2026-09-18T14:10:21.955+0000][57.348s][info][gc          ] GC(37) Pause Young (Mixed) (G1 Evacuation Pause) 3752M->2084M(5672M) 89.674ms
[2026-09-18T14:10:21.955+0000][57.348s][info][gc,cpu      ] GC(37) User=0.36s Sys=0.00s Real=0.09s
[2026-09-18T14:10:22.874+0000][58.267s][info][gc,start    ] GC(38) Pause Young (Concurrent Start) (CodeCache GC Threshold)
[2026-09-18T14:10:22.874+0000][58.267s][info][gc,task     ] GC(38) Using 4 workers of 4 for evacuation
[2026-09-18T14:10:22.951+0000][58.344s][info][gc,phases   ] GC(38)   Pre Evacuate Collection Set: 0.21ms
[2026-09-18T14:10:22.951+0000][58.344s][info][gc,phases   ] GC(38)   Merge Heap Roots: 0.62ms
[2026-09-18T14:10:22.951+0000][58.344s][info][gc,phases   ] GC(38)   Evacuate Collection Set: 75.50ms
[2026-09-18T14:10:22.951+0000][58.344s][info][gc,phases   ] GC(38)   Post Evacuate Collection Set: 0.69ms
[2026-09-18T14:10:22.952+0000][58.344s][info][gc,phases   ] GC(38)   Other: 0.10ms
[2026-09-18T14:10:22.952+0000][58.344s][info][gc,heap     ] GC(38) Eden regions: 60->0(336)
[2026-09-18T14:10:22.952+0000][58.344s][info][gc,heap     ] GC(38) Survivor regions: 22->3(26)
[2026-09-18T14:10:22.952+0000][58.344s][info][gc,heap     ] GC(38) Old regions: 231->251
[2026-09-18T14:10:22.952+0000][58.344s][info][gc,heap     ] GC(38) Humongous regions: 8->8
[2026-09-18T14:10:22.952+0000][58.344s][info][gc,metaspace] GC(38) Metaspace: 165592K(167296K)->165592K(167296K) NonClass: 139126K(140096K)->139126K(140096K) Class: 26465K(27200K)->26465K(27200K)
[2026-09-18T14:10:22.952+0000][58.344s][info][gc          ] GC(38) Pause Young (Concurrent Start) (CodeCache GC Threshold) 2560M->2088M(5672M) 77.270ms
[2026-09-18T14:10:22.952+0000][58.344s][info][gc,cpu      ] GC(38) User=0.27s Sys=0.02s Real=0.07s
[2026-09-18T14:10:22.952+0000][58.344s][info][gc          ] GC(39) Concurrent Mark Cycle
[2026-09-18T14:10:22.952+0000][58.344s][info][gc,marking  ] GC(39) Concurrent Scan Root Regions
[2026-09-18T14:10:23.017+0000][58.410s][info][gc,marking  ] GC(39) Concurrent Scan Root Regions 65.228ms
[2026-09-18T14:10:23.017+0000][58.410s][info][gc,marking  ] GC(39) Concurrent Mark
[2026-09-18T14:10:23.017+0000][58.410s][info][gc,marking  ] GC(39) Concurrent Mark From Roots
[2026-09-18T14:10:23.017+0000][58.410s][info][gc,task     ] GC(39) Using 1 workers of 1 for marking
[2026-09-18T14:10:24.201+0000][59.594s][info][gc,marking  ] GC(39) Concurrent Mark From Roots 1183.958ms
[2026-09-18T14:10:24.201+0000][59.594s][info][gc,marking  ] GC(39) Concurrent Preclean
[2026-09-18T14:10:24.201+0000][59.594s][info][gc,marking  ] GC(39) Concurrent Preclean 0.474ms
[2026-09-18T14:10:24.202+0000][59.594s][info][gc,start    ] GC(39) Pause Remark
[2026-09-18T14:10:24.244+0000][59.636s][info][gc          ] GC(39) Pause Remark 2708M->2708M(5672M) 41.994ms
[2026-09-18T14:10:24.244+0000][59.636s][info][gc,cpu      ] GC(39) User=0.12s Sys=0.00s Real=0.05s
[2026-09-18T14:10:24.244+0000][59.637s][info][gc,marking  ] GC(39) Concurrent Mark 1226.949ms
[2026-09-18T14:10:24.244+0000][59.637s][info][gc,marking  ] GC(39) Concurrent Rebuild Remembered Sets and Scrub Regions
[2026-09-18T14:10:25.268+0000][60.661s][info][gc,marking  ] GC(39) Concurrent Rebuild Remembered Sets and Scrub Regions 1024.437ms
[2026-09-18T14:10:25.269+0000][60.661s][info][gc,start    ] GC(39) Pause Cleanup
[2026-09-18T14:10:25.271+0000][60.663s][info][gc          ] GC(39) Pause Cleanup 3280M->3280M(5672M) 1.863ms
[2026-09-18T14:10:25.271+0000][60.663s][info][gc,cpu      ] GC(39) User=0.00s Sys=0.00s Real=0.00s
[2026-09-18T14:10:25.271+0000][60.663s][info][gc,marking  ] GC(39) Concurrent Clear Claimed Marks
[2026-09-18T14:10:25.271+0000][60.664s][info][gc,marking  ] GC(39) Concurrent Clear Claimed Marks 0.218ms
[2026-09-18T14:10:25.271+0000][60.664s][info][gc,marking  ] GC(39) Concurrent Cleanup for Next Mark
[2026-09-18T14:10:25.283+0000][60.676s][info][gc,marking  ] GC(39) Concurrent Cleanup for Next Mark 11.938ms
[2026-09-18T14:10:25.283+0000][60.676s][info][gc          ] GC(39) Concurrent Mark Cycle 2331.303ms
[2026-09-18T14:10:27.763+0000][63.155s][info][gc,start    ] GC(40) Pause Young (Prepare Mixed) (G1 Evacuation Pause)
[2026-09-18T14:10:27.763+0000][63.155s][info][gc,task     ] GC(40) Using 4 workers of 4 for evacuation
[2026-09-18T14:10:27.777+0000][63.169s][info][gc,phases   ] GC(40)   Pre Evacuate Collection Set: 0.17ms
[2026-09-18T14:10:27.777+0000][63.169s][info][gc,phases   ] GC(40)   Merge Heap Roots: 0.35ms
[2026-09-18T14:10:27.777+0000][63.169s][info][gc,phases   ] GC(40)   Evacuate Collection Set: 12.19ms
[2026-09-18T14:10:27.777+0000][63.169s][info][gc,phases   ] GC(40)   Post Evacuate Collection Set: 1.13ms
[2026-09-18T14:10:27.777+0000][63.169s][info][gc,phases   ] GC(40)   Other: 0.07ms
[2026-09-18T14:10:27.777+0000][63.169s][info][gc,heap     ] GC(40) Eden regions: 336->0(395)
[2026-09-18T14:10:27.777+0000][63.169s][info][gc,heap     ] GC(40) Survivor regions: 3->2(43)
[2026-09-18T14:10:27.777+0000][63.169s][info][gc,heap     ] GC(40) Old regions: 251->251
[2026-09-18T14:10:27.777+0000][63.169s][info][gc,heap     ] GC(40) Humongous regions: 8->8
[2026-09-18T14:10:27.777+0000][63.169s][info][gc,metaspace] GC(40) Metaspace: 165586K(167296K)->165586K(167296K) NonClass: 139134K(140096K)->139134K(140096K) Class: 26452K(27200K)->26452K(27200K)
[2026-09-18T14:10:27.777+0000][63.169s][info][gc          ] GC(40) Pause Young (Prepare Mixed) (G1 Evacuation Pause) 4776M->2084M(5672M) 14.060ms
[2026-09-18T14:10:27.777+0000][63.169s][info][gc,cpu      ] GC(40) User=0.05s Sys=0.00s Real=0.01s
[2026-09-18T14:10:33.292+0000][68.684s][info][gc,start    ] GC(41) Pause Young (Mixed) (GCLocker Initiated GC)
[2026-09-18T14:10:33.292+0000][68.685s][info][gc,task     ] GC(41) Using 4 workers of 4 for evacuation
[2026-09-18T14:10:33.319+0000][68.712s][info][gc,phases   ] GC(41)   Pre Evacuate Collection Set: 0.17ms
[2026-09-18T14:10:33.319+0000][68.712s][info][gc,phases   ] GC(41)   Merge Heap Roots: 0.45ms
[2026-09-18T14:10:33.319+0000][68.712s][info][gc,phases   ] GC(41)   Evacuate Collection Set: 25.07ms
[2026-09-18T14:10:33.319+0000][68.712s][info][gc,phases   ] GC(41)   Post Evacuate Collection Set: 1.25ms
[2026-09-18T14:10:33.319+0000][68.712s][info][gc,phases   ] GC(41)   Other: 0.08ms
[2026-09-18T14:10:33.319+0000][68.712s][info][gc,heap     ] GC(41) Eden regions: 395->0(413)
[2026-09-18T14:10:33.319+0000][68.712s][info][gc,heap     ] GC(41) Survivor regions: 2->2(50)
[2026-09-18T14:10:33.319+0000][68.712s][info][gc,heap     ] GC(41) Old regions: 251->244
[2026-09-18T14:10:33.319+0000][68.712s][info][gc,heap     ] GC(41) Humongous regions: 8->8
[2026-09-18T14:10:33.319+0000][68.712s][info][gc,metaspace] GC(41) Metaspace: 165620K(167296K)->165620K(167296K) NonClass: 139160K(140096K)->139160K(140096K) Class: 26460K(27200K)->26460K(27200K)
[2026-09-18T14:10:33.319+0000][68.712s][info][gc          ] GC(41) Pause Young (Mixed) (GCLocker Initiated GC) 5244M->2026M(5672M) 27.185ms
[2026-09-18T14:10:33.319+0000][68.712s][info][gc,cpu      ] GC(41) User=0.10s Sys=0.00s Real=0.03s
[2026-09-18T14:10:38.997+0000][74.390s][info][gc,start    ] GC(42) Pause Young (Concurrent Start) (G1 Evacuation Pause)
[2026-09-18T14:10:38.998+0000][74.390s][info][gc,task     ] GC(42) Using 4 workers of 4 for evacuation
[2026-09-18T14:10:39.027+0000][74.420s][info][gc,phases   ] GC(42)   Pre Evacuate Collection Set: 0.20ms
[2026-09-18T14:10:39.027+0000][74.420s][info][gc,phases   ] GC(42)   Merge Heap Roots: 0.62ms
[2026-09-18T14:10:39.027+0000][74.420s][info][gc,phases   ] GC(42)   Evacuate Collection Set: 27.49ms
[2026-09-18T14:10:39.027+0000][74.420s][info][gc,phases   ] GC(42)   Post Evacuate Collection Set: 1.41ms
[2026-09-18T14:10:39.027+0000][74.420s][info][gc,phases   ] GC(42)   Other: 0.09ms
[2026-09-18T14:10:39.027+0000][74.420s][info][gc,heap     ] GC(42) Eden regions: 413->0(419)
[2026-09-18T14:10:39.027+0000][74.420s][info][gc,heap     ] GC(42) Survivor regions: 2->2(52)
[2026-09-18T14:10:39.027+0000][74.420s][info][gc,heap     ] GC(42) Old regions: 244->244
[2026-09-18T14:10:39.027+0000][74.420s][info][gc,heap     ] GC(42) Humongous regions: 8->8
[2026-09-18T14:10:39.027+0000][74.420s][info][gc,metaspace] GC(42) Metaspace: 165622K(167360K)->165622K(167360K) NonClass: 139162K(140160K)->139162K(140160K) Class: 26460K(27200K)->26460K(27200K)
[2026-09-18T14:10:39.027+0000][74.420s][info][gc          ] GC(42) Pause Young (Concurrent Start) (G1 Evacuation Pause) 5330M->2026M(5672M) 29.960ms
[2026-09-18T14:10:39.027+0000][74.420s][info][gc,cpu      ] GC(42) User=0.11s Sys=0.01s Real=0.03s
[2026-09-18T14:10:39.028+0000][74.420s][info][gc          ] GC(43) Concurrent Mark Cycle
[2026-09-18T14:10:39.028+0000][74.420s][info][gc,marking  ] GC(43) Concurrent Scan Root Regions
[2026-09-18T14:10:39.046+0000][74.439s][info][gc,marking  ] GC(43) Concurrent Scan Root Regions 18.290ms
[2026-09-18T14:10:39.046+0000][74.439s][info][gc,marking  ] GC(43) Concurrent Mark
[2026-09-18T14:10:39.046+0000][74.439s][info][gc,marking  ] GC(43) Concurrent Mark From Roots
[2026-09-18T14:10:39.046+0000][74.439s][info][gc,task     ] GC(43) Using 1 workers of 1 for marking
[2026-09-18T14:10:40.374+0000][75.767s][info][gc,marking  ] GC(43) Concurrent Mark From Roots 1328.373ms
[2026-09-18T14:10:40.374+0000][75.767s][info][gc,marking  ] GC(43) Concurrent Preclean
[2026-09-18T14:10:40.375+0000][75.767s][info][gc,marking  ] GC(43) Concurrent Preclean 0.321ms
[2026-09-18T14:10:40.375+0000][75.767s][info][gc,start    ] GC(43) Pause Remark
[2026-09-18T14:10:40.401+0000][75.794s][info][gc          ] GC(43) Pause Remark 2782M->2782M(5672M) 26.269ms
[2026-09-18T14:10:40.401+0000][75.794s][info][gc,cpu      ] GC(43) User=0.07s Sys=0.00s Real=0.02s
[2026-09-18T14:10:40.401+0000][75.794s][info][gc,marking  ] GC(43) Concurrent Mark 1355.167ms
[2026-09-18T14:10:40.401+0000][75.794s][info][gc,marking  ] GC(43) Concurrent Rebuild Remembered Sets and Scrub Regions
[2026-09-18T14:10:41.485+0000][76.877s][info][gc,marking  ] GC(43) Concurrent Rebuild Remembered Sets and Scrub Regions 1083.566ms
[2026-09-18T14:10:41.485+0000][76.878s][info][gc,start    ] GC(43) Pause Cleanup
[2026-09-18T14:10:41.485+0000][76.878s][info][gc          ] GC(43) Pause Cleanup 3370M->3370M(5672M) 0.261ms
[2026-09-18T14:10:41.485+0000][76.878s][info][gc,cpu      ] GC(43) User=0.00s Sys=0.00s Real=0.00s
[2026-09-18T14:10:41.485+0000][76.878s][info][gc,marking  ] GC(43) Concurrent Clear Claimed Marks
[2026-09-18T14:10:41.485+0000][76.878s][info][gc,marking  ] GC(43) Concurrent Clear Claimed Marks 0.238ms
[2026-09-18T14:10:41.485+0000][76.878s][info][gc,marking  ] GC(43) Concurrent Cleanup for Next Mark
[2026-09-18T14:10:41.494+0000][76.887s][info][gc,marking  ] GC(43) Concurrent Cleanup for Next Mark 8.828ms
[2026-09-18T14:10:41.494+0000][76.887s][info][gc          ] GC(43) Concurrent Mark Cycle 2466.616ms
[2026-09-18T14:10:43.052+0000][78.444s][info][gc,heap,exit] Heap
[2026-09-18T14:10:43.052+0000][78.444s][info][gc,heap,exit]  garbage-first heap   total 5808128K, used 4049864K [0x0000000580000000, 0x0000000800000000)
[2026-09-18T14:10:43.052+0000][78.444s][info][gc,heap,exit]   region size 8192K, 243 young (1990656K), 2 survivors (16384K)
[2026-09-18T14:10:43.052+0000][78.444s][info][gc,heap,exit]  Metaspace       used 165665K, committed 167360K, reserved 1245184K
[2026-09-18T14:10:43.052+0000][78.444s][info][gc,heap,exit]   class space    used 26473K, committed 27200K, reserved 1048576K
